OpenJDK 64-Bit Server VM (25.121-b13) for linux-amd64 JRE (1.8.0_121-8u121-b13-0ubuntu1.16.04.2-b13), built on Jan 23 2017 15:51:29 by "buildd" with gcc 5.4.0 20160609
Memory: 4k page, physical 2048408k(733056k free), swap 1048572k(1048572k free)
CommandLine flags: -XX:CMSInitiatingOccupancyFraction=50 -XX:CMSMaxAbortablePrecleanTime=6000 -XX:+CMSParallelRemarkEnabled -XX:+CMSScavengeBeforeRemark -XX:ConcGCThreads=4 -XX:InitialHeapSize=536870912 -XX:+ManagementServer -XX:MaxHeapSize=536870912 -XX:MaxTenuringThreshold=8 -XX:NewRatio=3 -XX:OldPLABSize=16 -XX:OnOutOfMemoryError=/opt/solr/bin/oom_solr.sh 8983 -XX:ParallelGCThreads=4 -XX:+ParallelRefProcEnabled -XX:PretenureSizeThreshold=67108864 -XX:+PrintGC -XX:+PrintGCApplicationStoppedTime -XX:+PrintGCDateStamps -XX:+PrintGCDetails -XX:+PrintGCTimeStamps -XX:+PrintHeapAtGC -XX:+PrintTenuringDistribution -XX:SurvivorRatio=4 -XX:TargetSurvivorRatio=90 -XX:ThreadStackSize=256 -XX:+UseCMSInitiatingOccupancyOnly -XX:+UseCompressedClassPointers -XX:+UseCompressedOops -XX:+UseConcMarkSweepGC -XX:+UseParNewGC 
2017-03-31T00:50:42.513+0200: 0.159: Total time for which application threads were stopped: 0.0000918 seconds, Stopping threads took: 0.0000183 seconds
2017-03-31T00:50:42.626+0200: 0.272: Total time for which application threads were stopped: 0.0020918 seconds, Stopping threads took: 0.0020183 seconds
2017-03-31T00:50:42.629+0200: 0.275: Total time for which application threads were stopped: 0.0000805 seconds, Stopping threads took: 0.0000179 seconds
2017-03-31T00:50:42.794+0200: 0.440: Total time for which application threads were stopped: 0.0001329 seconds, Stopping threads took: 0.0000186 seconds
2017-03-31T00:50:42.795+0200: 0.441: Total time for which application threads were stopped: 0.0000633 seconds, Stopping threads took: 0.0000124 seconds
2017-03-31T00:50:42.841+0200: 0.487: Total time for which application threads were stopped: 0.0001151 seconds, Stopping threads took: 0.0000210 seconds
2017-03-31T00:50:43.122+0200: 0.769: Total time for which application threads were stopped: 0.0001603 seconds, Stopping threads took: 0.0000231 seconds
2017-03-31T00:50:43.349+0200: 0.995: Total time for which application threads were stopped: 0.0001668 seconds, Stopping threads took: 0.0000224 seconds
2017-03-31T00:50:44.350+0200: 1.996: Total time for which application threads were stopped: 0.0000942 seconds, Stopping threads took: 0.0000235 seconds
2017-03-31T00:50:45.093+0200: 2.739: Total time for which application threads were stopped: 0.0002570 seconds, Stopping threads took: 0.0000246 seconds
2017-03-31T00:50:45.114+0200: 2.760: Total time for which application threads were stopped: 0.0002342 seconds, Stopping threads took: 0.0000222 seconds
{Heap before GC invocations=0 (full 0):
 par new generation   total 109248K, used 87424K [0x00000000e0000000, 0x00000000e8000000, 0x00000000e8000000)
  eden space 87424K, 100% used [0x00000000e0000000, 0x00000000e5560000, 0x00000000e5560000)
  from space 21824K,   0% used [0x00000000e5560000, 0x00000000e5560000, 0x00000000e6ab0000)
  to   space 21824K,   0% used [0x00000000e6ab0000, 0x00000000e6ab0000, 0x00000000e8000000)
 concurrent mark-sweep generation total 393216K, used 0K [0x00000000e8000000, 0x0000000100000000, 0x0000000100000000)
 Metaspace       used 18226K, capacity 18704K, committed 18944K, reserved 1067008K
  class space    used 2118K, capacity 2260K, committed 2304K, reserved 1048576K
2017-03-31T00:50:45.235+0200: 2.881: [GC (Allocation Failure) 2017-03-31T00:50:45.235+0200: 2.881: [ParNew
Desired survivor size 20112992 bytes, new threshold 8 (max 8)
- age   1:   11659232 bytes,   11659232 total
: 87424K->11490K(109248K), 0.0332561 secs] 87424K->11490K(502464K), 0.0333327 secs] [Times: user=0.04 sys=0.00, real=0.04 secs] 
Heap after GC invocations=1 (full 0):
 par new generation   total 109248K, used 11490K [0x00000000e0000000, 0x00000000e8000000, 0x00000000e8000000)
  eden space 87424K,   0% used [0x00000000e0000000, 0x00000000e0000000, 0x00000000e5560000)
  from space 21824K,  52% used [0x00000000e6ab0000, 0x00000000e75e8a58, 0x00000000e8000000)
  to   space 21824K,   0% used [0x00000000e5560000, 0x00000000e5560000, 0x00000000e6ab0000)
 concurrent mark-sweep generation total 393216K, used 0K [0x00000000e8000000, 0x0000000100000000, 0x0000000100000000)
 Metaspace       used 18226K, capacity 18704K, committed 18944K, reserved 1067008K
  class space    used 2118K, capacity 2260K, committed 2304K, reserved 1048576K
}
2017-03-31T00:50:45.268+0200: 2.915: Total time for which application threads were stopped: 0.0334677 seconds, Stopping threads took: 0.0000261 seconds
2017-03-31T00:50:45.301+0200: 2.948: Total time for which application threads were stopped: 0.0002332 seconds, Stopping threads took: 0.0000242 seconds
2017-03-31T00:50:45.409+0200: 3.056: Total time for which application threads were stopped: 0.0002394 seconds, Stopping threads took: 0.0000256 seconds
2017-03-31T00:50:45.697+0200: 3.343: Total time for which application threads were stopped: 0.0002895 seconds, Stopping threads took: 0.0000243 seconds
2017-03-31T00:50:45.764+0200: 3.411: Total time for which application threads were stopped: 0.0003044 seconds, Stopping threads took: 0.0000249 seconds
2017-03-31T00:50:45.878+0200: 3.524: Total time for which application threads were stopped: 0.0003058 seconds, Stopping threads took: 0.0000328 seconds
2017-03-31T00:50:46.013+0200: 3.659: Total time for which application threads were stopped: 0.0001369 seconds, Stopping threads took: 0.0000265 seconds
2017-03-31T00:50:46.052+0200: 3.699: Total time for which application threads were stopped: 0.0003919 seconds, Stopping threads took: 0.0000361 seconds
2017-03-31T00:50:46.059+0200: 3.706: Total time for which application threads were stopped: 0.0000837 seconds, Stopping threads took: 0.0000243 seconds
{Heap before GC invocations=1 (full 0):
 par new generation   total 109248K, used 98914K [0x00000000e0000000, 0x00000000e8000000, 0x00000000e8000000)
  eden space 87424K, 100% used [0x00000000e0000000, 0x00000000e5560000, 0x00000000e5560000)
  from space 21824K,  52% used [0x00000000e6ab0000, 0x00000000e75e8a58, 0x00000000e8000000)
  to   space 21824K,   0% used [0x00000000e5560000, 0x00000000e5560000, 0x00000000e6ab0000)
 concurrent mark-sweep generation total 393216K, used 0K [0x00000000e8000000, 0x0000000100000000, 0x0000000100000000)
 Metaspace       used 21053K, capacity 21468K, committed 21884K, reserved 1069056K
  class space    used 2421K, capacity 2582K, committed 2684K, reserved 1048576K
2017-03-31T00:50:46.158+0200: 3.805: [GC (Allocation Failure) 2017-03-31T00:50:46.158+0200: 3.805: [ParNew
Desired survivor size 20112992 bytes, new threshold 8 (max 8)
- age   1:    4552224 bytes,    4552224 total
- age   2:    5217976 bytes,    9770200 total
: 98914K->12585K(109248K), 0.0386437 secs] 98914K->12585K(502464K), 0.0387198 secs] [Times: user=0.04 sys=0.00, real=0.04 secs] 
Heap after GC invocations=2 (full 0):
 par new generation   total 109248K, used 12585K [0x00000000e0000000, 0x00000000e8000000, 0x00000000e8000000)
  eden space 87424K,   0% used [0x00000000e0000000, 0x00000000e0000000, 0x00000000e5560000)
  from space 21824K,  57% used [0x00000000e5560000, 0x00000000e61aa410, 0x00000000e6ab0000)
  to   space 21824K,   0% used [0x00000000e6ab0000, 0x00000000e6ab0000, 0x00000000e8000000)
 concurrent mark-sweep generation total 393216K, used 0K [0x00000000e8000000, 0x0000000100000000, 0x0000000100000000)
 Metaspace       used 21053K, capacity 21468K, committed 21884K, reserved 1069056K
  class space    used 2421K, capacity 2582K, committed 2684K, reserved 1048576K
}
2017-03-31T00:50:46.197+0200: 3.843: Total time for which application threads were stopped: 0.0389167 seconds, Stopping threads took: 0.0000777 seconds
2017-03-31T00:50:46.210+0200: 3.856: [GC (CMS Initial Mark) [1 CMS-initial-mark: 0K(393216K)] 17127K(502464K), 0.0413440 secs] [Times: user=0.05 sys=0.00, real=0.04 secs] 
2017-03-31T00:50:46.251+0200: 3.898: Total time for which application threads were stopped: 0.0432283 seconds, Stopping threads took: 0.0017681 seconds
2017-03-31T00:50:46.253+0200: 3.899: [CMS-concurrent-mark-start]
2017-03-31T00:50:46.272+0200: 3.918: [CMS-concurrent-mark: 0.019/0.019 secs] [Times: user=0.02 sys=0.00, real=0.02 secs] 
2017-03-31T00:50:46.272+0200: 3.918: [CMS-concurrent-preclean-start]
2017-03-31T00:50:46.273+0200: 3.919: [CMS-concurrent-preclean: 0.001/0.001 secs] [Times: user=0.00 sys=0.00, real=0.00 secs] 
2017-03-31T00:50:46.273+0200: 3.919: [CMS-concurrent-abortable-preclean-start]
2017-03-31T00:50:46.432+0200: 4.078: Total time for which application threads were stopped: 0.0003057 seconds, Stopping threads took: 0.0000880 seconds
2017-03-31T00:50:46.437+0200: 4.084: Total time for which application threads were stopped: 0.0002817 seconds, Stopping threads took: 0.0000184 seconds
2017-03-31T00:50:46.553+0200: 4.199: Total time for which application threads were stopped: 0.0001117 seconds, Stopping threads took: 0.0000317 seconds
2017-03-31T00:50:46.689+0200: 4.335: Total time for which application threads were stopped: 0.0002932 seconds, Stopping threads took: 0.0000394 seconds
2017-03-31T00:50:46.689+0200: 4.335: [CMS-concurrent-abortable-preclean: 0.346/0.416 secs] [Times: user=0.39 sys=0.01, real=0.42 secs] 
2017-03-31T00:50:46.689+0200: 4.335: [GC (CMS Final Remark) [YG occupancy: 59626 K (109248 K)]{Heap before GC invocations=2 (full 1):
 par new generation   total 109248K, used 59626K [0x00000000e0000000, 0x00000000e8000000, 0x00000000e8000000)
  eden space 87424K,  53% used [0x00000000e0000000, 0x00000000e2df0680, 0x00000000e5560000)
  from space 21824K,  57% used [0x00000000e5560000, 0x00000000e61aa410, 0x00000000e6ab0000)
  to   space 21824K,   0% used [0x00000000e6ab0000, 0x00000000e6ab0000, 0x00000000e8000000)
 concurrent mark-sweep generation total 393216K, used 0K [0x00000000e8000000, 0x0000000100000000, 0x0000000100000000)
 Metaspace       used 21917K, capacity 22402K, committed 22548K, reserved 1069056K
  class space    used 2504K, capacity 2679K, committed 2684K, reserved 1048576K
2017-03-31T00:50:46.689+0200: 4.335: [GC (CMS Final Remark) 2017-03-31T00:50:46.689+0200: 4.335: [ParNew
Desired survivor size 20112992 bytes, new threshold 8 (max 8)
- age   1:    1100504 bytes,    1100504 total
- age   2:    2213640 bytes,    3314144 total
- age   3:    5215328 bytes,    8529472 total
: 59626K->10751K(109248K), 0.0259180 secs] 59626K->10751K(502464K), 0.0260248 secs] [Times: user=0.03 sys=0.00, real=0.02 secs] 
Heap after GC invocations=3 (full 1):
 par new generation   total 109248K, used 10751K [0x00000000e0000000, 0x00000000e8000000, 0x00000000e8000000)
  eden space 87424K,   0% used [0x00000000e0000000, 0x00000000e0000000, 0x00000000e5560000)
  from space 21824K,  49% used [0x00000000e6ab0000, 0x00000000e752fe80, 0x00000000e8000000)
  to   space 21824K,   0% used [0x00000000e5560000, 0x00000000e5560000, 0x00000000e6ab0000)
 concurrent mark-sweep generation total 393216K, used 0K [0x00000000e8000000, 0x0000000100000000, 0x0000000100000000)
 Metaspace       used 21917K, capacity 22402K, committed 22548K, reserved 1069056K
  class space    used 2504K, capacity 2679K, committed 2684K, reserved 1048576K
}
2017-03-31T00:50:46.715+0200: 4.361: [Rescan (parallel) , 0.0187575 secs]2017-03-31T00:50:46.734+0200: 4.380: [weak refs processing, 0.0034277 secs]2017-03-31T00:50:46.737+0200: 4.384: [class unloading, 0.0030321 secs]2017-03-31T00:50:46.740+0200: 4.387: [scrub symbol table, 0.0035792 secs]2017-03-31T00:50:46.744+0200: 4.390: [scrub string table, 0.0003210 secs][1 CMS-remark: 0K(393216K)] 10751K(502464K), 0.0558188 secs] [Times: user=0.06 sys=0.00, real=0.05 secs] 
2017-03-31T00:50:46.745+0200: 4.391: Total time for which application threads were stopped: 0.0558930 seconds, Stopping threads took: 0.0000089 seconds
2017-03-31T00:50:46.752+0200: 4.398: [CMS-concurrent-sweep-start]
2017-03-31T00:50:46.752+0200: 4.398: [CMS-concurrent-sweep: 0.000/0.000 secs] [Times: user=0.00 sys=0.00, real=0.00 secs] 
2017-03-31T00:50:46.752+0200: 4.399: [CMS-concurrent-reset-start]
2017-03-31T00:50:46.754+0200: 4.400: [CMS-concurrent-reset: 0.002/0.002 secs] [Times: user=0.00 sys=0.00, real=0.00 secs] 
2017-03-31T00:50:46.806+0200: 4.452: Total time for which application threads were stopped: 0.0003145 seconds, Stopping threads took: 0.0000280 seconds
2017-03-31T00:50:46.887+0200: 4.533: Total time for which application threads were stopped: 0.0003136 seconds, Stopping threads took: 0.0000267 seconds
2017-03-31T00:50:46.989+0200: 4.635: Total time for which application threads were stopped: 0.0003444 seconds, Stopping threads took: 0.0000261 seconds
2017-03-31T00:50:47.084+0200: 4.730: Total time for which application threads were stopped: 0.0004141 seconds, Stopping threads took: 0.0000286 seconds
2017-03-31T00:50:47.540+0200: 5.186: Total time for which application threads were stopped: 0.0003457 seconds, Stopping threads took: 0.0000254 seconds
2017-03-31T00:50:47.749+0200: 5.396: Total time for which application threads were stopped: 0.0002484 seconds, Stopping threads took: 0.0000294 seconds
2017-03-31T00:50:47.750+0200: 5.396: Total time for which application threads were stopped: 0.0000466 seconds, Stopping threads took: 0.0000106 seconds
2017-03-31T00:50:47.833+0200: 5.479: Total time for which application threads were stopped: 0.0003358 seconds, Stopping threads took: 0.0000256 seconds
2017-03-31T00:50:47.842+0200: 5.488: Total time for which application threads were stopped: 0.0000726 seconds, Stopping threads took: 0.0000255 seconds
2017-03-31T00:50:47.879+0200: 5.525: Total time for which application threads were stopped: 0.0000857 seconds, Stopping threads took: 0.0000341 seconds
2017-03-31T00:50:47.880+0200: 5.526: Total time for which application threads were stopped: 0.0000716 seconds, Stopping threads took: 0.0000234 seconds
2017-03-31T00:50:47.884+0200: 5.530: Total time for which application threads were stopped: 0.0000709 seconds, Stopping threads took: 0.0000294 seconds
2017-03-31T00:50:47.891+0200: 5.537: Total time for which application threads were stopped: 0.0000719 seconds, Stopping threads took: 0.0000263 seconds
2017-03-31T00:50:47.891+0200: 5.538: Total time for which application threads were stopped: 0.0000322 seconds, Stopping threads took: 0.0000114 seconds
2017-03-31T00:50:47.903+0200: 5.549: Total time for which application threads were stopped: 0.0001048 seconds, Stopping threads took: 0.0000265 seconds
2017-03-31T00:50:47.903+0200: 5.549: Total time for which application threads were stopped: 0.0000341 seconds, Stopping threads took: 0.0000117 seconds
2017-03-31T00:50:47.920+0200: 5.567: Total time for which application threads were stopped: 0.0000750 seconds, Stopping threads took: 0.0000297 seconds
2017-03-31T00:50:47.920+0200: 5.567: Total time for which application threads were stopped: 0.0000276 seconds, Stopping threads took: 0.0000067 seconds
2017-03-31T00:50:48.921+0200: 6.567: Total time for which application threads were stopped: 0.0000985 seconds, Stopping threads took: 0.0000386 seconds
2017-03-31T00:51:06.032+0200: 23.678: Total time for which application threads were stopped: 0.0003455 seconds, Stopping threads took: 0.0000250 seconds
2017-03-31T00:51:06.047+0200: 23.693: Total time for which application threads were stopped: 0.0003680 seconds, Stopping threads took: 0.0000283 seconds
2017-03-31T00:51:06.058+0200: 23.704: Total time for which application threads were stopped: 0.0000885 seconds, Stopping threads took: 0.0000255 seconds
2017-03-31T00:51:06.059+0200: 23.705: Total time for which application threads were stopped: 0.0000429 seconds, Stopping threads took: 0.0000108 seconds
2017-03-31T00:51:06.059+0200: 23.705: Total time for which application threads were stopped: 0.0000394 seconds, Stopping threads took: 0.0000136 seconds
2017-03-31T00:51:06.059+0200: 23.705: Total time for which application threads were stopped: 0.0000259 seconds, Stopping threads took: 0.0000064 seconds
2017-03-31T00:51:06.059+0200: 23.705: Total time for which application threads were stopped: 0.0000337 seconds, Stopping threads took: 0.0000119 seconds
2017-03-31T00:51:06.059+0200: 23.705: Total time for which application threads were stopped: 0.0000256 seconds, Stopping threads took: 0.0000064 seconds
2017-03-31T00:51:06.059+0200: 23.706: Total time for which application threads were stopped: 0.0000335 seconds, Stopping threads took: 0.0000117 seconds
2017-03-31T00:51:06.059+0200: 23.706: Total time for which application threads were stopped: 0.0000846 seconds, Stopping threads took: 0.0000626 seconds
2017-03-31T00:51:06.135+0200: 23.781: Total time for which application threads were stopped: 0.0000627 seconds, Stopping threads took: 0.0000202 seconds
2017-03-31T00:51:06.143+0200: 23.790: Total time for which application threads were stopped: 0.0001706 seconds, Stopping threads took: 0.0000746 seconds
2017-03-31T00:51:06.222+0200: 23.868: Total time for which application threads were stopped: 0.0000955 seconds, Stopping threads took: 0.0000187 seconds
2017-03-31T00:51:06.222+0200: 23.869: Total time for which application threads were stopped: 0.0001715 seconds, Stopping threads took: 0.0000180 seconds
2017-03-31T00:51:06.223+0200: 23.870: Total time for which application threads were stopped: 0.0000779 seconds, Stopping threads took: 0.0000178 seconds
2017-03-31T00:51:06.228+0200: 23.874: Total time for which application threads were stopped: 0.0002082 seconds, Stopping threads took: 0.0000319 seconds
2017-03-31T00:51:06.229+0200: 23.875: Total time for which application threads were stopped: 0.0001079 seconds, Stopping threads took: 0.0000284 seconds
2017-03-31T00:51:06.248+0200: 23.894: Total time for which application threads were stopped: 0.0032080 seconds, Stopping threads took: 0.0031418 seconds
2017-03-31T00:51:06.248+0200: 23.894: Total time for which application threads were stopped: 0.0000325 seconds, Stopping threads took: 0.0000085 seconds
2017-03-31T00:51:06.248+0200: 23.894: Total time for which application threads were stopped: 0.0000281 seconds, Stopping threads took: 0.0000061 seconds
2017-03-31T00:51:06.248+0200: 23.894: Total time for which application threads were stopped: 0.0000275 seconds, Stopping threads took: 0.0000061 seconds
2017-03-31T00:51:06.272+0200: 23.918: Total time for which application threads were stopped: 0.0001668 seconds, Stopping threads took: 0.0000253 seconds
2017-03-31T00:51:06.274+0200: 23.920: Total time for which application threads were stopped: 0.0001233 seconds, Stopping threads took: 0.0000393 seconds
2017-03-31T00:51:06.286+0200: 23.932: Total time for which application threads were stopped: 0.0001298 seconds, Stopping threads took: 0.0000541 seconds
2017-03-31T00:51:06.286+0200: 23.932: Total time for which application threads were stopped: 0.0001050 seconds, Stopping threads took: 0.0000104 seconds
2017-03-31T00:51:06.291+0200: 23.938: Total time for which application threads were stopped: 0.0014601 seconds, Stopping threads took: 0.0013644 seconds
2017-03-31T00:51:06.310+0200: 23.957: Total time for which application threads were stopped: 0.0027095 seconds, Stopping threads took: 0.0026041 seconds
2017-03-31T00:51:06.315+0200: 23.962: Total time for which application threads were stopped: 0.0001089 seconds, Stopping threads took: 0.0000249 seconds
2017-03-31T00:51:06.315+0200: 23.962: Total time for which application threads were stopped: 0.0000591 seconds, Stopping threads took: 0.0000086 seconds
2017-03-31T00:51:06.322+0200: 23.968: Total time for which application threads were stopped: 0.0001108 seconds, Stopping threads took: 0.0000427 seconds
2017-03-31T00:51:06.658+0200: 24.304: Total time for which application threads were stopped: 0.0030655 seconds, Stopping threads took: 0.0027376 seconds
2017-03-31T00:51:06.684+0200: 24.331: Total time for which application threads were stopped: 0.0001411 seconds, Stopping threads took: 0.0000551 seconds
2017-03-31T00:51:06.748+0200: 24.394: Total time for which application threads were stopped: 0.0196395 seconds, Stopping threads took: 0.0195330 seconds
2017-03-31T00:51:06.772+0200: 24.419: Total time for which application threads were stopped: 0.0032162 seconds, Stopping threads took: 0.0031137 seconds
2017-03-31T00:51:06.793+0200: 24.440: Total time for which application threads were stopped: 0.0047976 seconds, Stopping threads took: 0.0046727 seconds
2017-03-31T00:51:06.795+0200: 24.442: Total time for which application threads were stopped: 0.0001149 seconds, Stopping threads took: 0.0000244 seconds
2017-03-31T00:51:06.814+0200: 24.460: Total time for which application threads were stopped: 0.0001273 seconds, Stopping threads took: 0.0000471 seconds
2017-03-31T00:51:06.824+0200: 24.470: Total time for which application threads were stopped: 0.0040348 seconds, Stopping threads took: 0.0039284 seconds
2017-03-31T00:51:06.829+0200: 24.475: Total time for which application threads were stopped: 0.0002539 seconds, Stopping threads took: 0.0001677 seconds
2017-03-31T00:51:06.837+0200: 24.483: Total time for which application threads were stopped: 0.0001330 seconds, Stopping threads took: 0.0000399 seconds
2017-03-31T00:51:06.876+0200: 24.522: Total time for which application threads were stopped: 0.0022611 seconds, Stopping threads took: 0.0020369 seconds
2017-03-31T00:51:06.893+0200: 24.539: Total time for which application threads were stopped: 0.0053185 seconds, Stopping threads took: 0.0052204 seconds
2017-03-31T00:51:06.898+0200: 24.545: Total time for which application threads were stopped: 0.0001298 seconds, Stopping threads took: 0.0000296 seconds
2017-03-31T00:51:06.899+0200: 24.546: Total time for which application threads were stopped: 0.0001183 seconds, Stopping threads took: 0.0000277 seconds
2017-03-31T00:51:06.901+0200: 24.547: Total time for which application threads were stopped: 0.0000913 seconds, Stopping threads took: 0.0000351 seconds
2017-03-31T00:51:06.901+0200: 24.547: Total time for which application threads were stopped: 0.0002157 seconds, Stopping threads took: 0.0000071 seconds
2017-03-31T00:51:06.902+0200: 24.548: Total time for which application threads were stopped: 0.0001337 seconds, Stopping threads took: 0.0000259 seconds
2017-03-31T00:51:06.902+0200: 24.549: Total time for which application threads were stopped: 0.0002278 seconds, Stopping threads took: 0.0000104 seconds
2017-03-31T00:51:07.092+0200: 24.738: Total time for which application threads were stopped: 0.0004459 seconds, Stopping threads took: 0.0000389 seconds
2017-03-31T00:51:07.098+0200: 24.745: Total time for which application threads were stopped: 0.0000975 seconds, Stopping threads took: 0.0000350 seconds
2017-03-31T00:51:07.098+0200: 24.745: Total time for which application threads were stopped: 0.0000570 seconds, Stopping threads took: 0.0000159 seconds
2017-03-31T00:51:07.099+0200: 24.745: Total time for which application threads were stopped: 0.0001224 seconds, Stopping threads took: 0.0000148 seconds
2017-03-31T00:51:07.099+0200: 24.745: Total time for which application threads were stopped: 0.0002849 seconds, Stopping threads took: 0.0000161 seconds
2017-03-31T00:51:07.115+0200: 24.761: Total time for which application threads were stopped: 0.0000900 seconds, Stopping threads took: 0.0000227 seconds
2017-03-31T00:51:07.115+0200: 24.762: Total time for which application threads were stopped: 0.0000525 seconds, Stopping threads took: 0.0000089 seconds
2017-03-31T00:51:07.115+0200: 24.762: Total time for which application threads were stopped: 0.0000487 seconds, Stopping threads took: 0.0000083 seconds
2017-03-31T00:51:07.115+0200: 24.762: Total time for which application threads were stopped: 0.0000532 seconds, Stopping threads took: 0.0000096 seconds
2017-03-31T00:51:07.116+0200: 24.762: Total time for which application threads were stopped: 0.0000472 seconds, Stopping threads took: 0.0000080 seconds
2017-03-31T00:51:13.878+0200: 31.525: Total time for which application threads were stopped: 0.0001084 seconds, Stopping threads took: 0.0000377 seconds
2017-03-31T00:51:13.879+0200: 31.525: Total time for which application threads were stopped: 0.0003469 seconds, Stopping threads took: 0.0000316 seconds
2017-03-31T00:51:14.880+0200: 32.526: Total time for which application threads were stopped: 0.0001104 seconds, Stopping threads took: 0.0000343 seconds
2017-03-31T00:51:16.881+0200: 34.527: Total time for which application threads were stopped: 0.0001145 seconds, Stopping threads took: 0.0000360 seconds
2017-03-31T00:51:39.551+0200: 57.197: Total time for which application threads were stopped: 0.0000867 seconds, Stopping threads took: 0.0000356 seconds
2017-03-31T00:51:39.551+0200: 57.197: Total time for which application threads were stopped: 0.0000586 seconds, Stopping threads took: 0.0000222 seconds
2017-03-31T00:51:40.552+0200: 58.198: Total time for which application threads were stopped: 0.0000842 seconds, Stopping threads took: 0.0000270 seconds
2017-03-31T00:51:56.932+0200: 74.579: Total time for which application threads were stopped: 0.0000834 seconds, Stopping threads took: 0.0000220 seconds
2017-03-31T00:52:03.965+0200: 81.611: Total time for which application threads were stopped: 0.0000596 seconds, Stopping threads took: 0.0000185 seconds
2017-03-31T00:52:07.116+0200: 84.762: Total time for which application threads were stopped: 0.0000590 seconds, Stopping threads took: 0.0000197 seconds
2017-03-31T00:52:19.255+0200: 96.902: Total time for which application threads were stopped: 0.0001065 seconds, Stopping threads took: 0.0000455 seconds
2017-03-31T00:52:19.255+0200: 96.902: Total time for which application threads were stopped: 0.0001314 seconds, Stopping threads took: 0.0000172 seconds
2017-03-31T00:52:19.256+0200: 96.902: Total time for which application threads were stopped: 0.0000496 seconds, Stopping threads took: 0.0000163 seconds
2017-03-31T00:52:19.256+0200: 96.902: Total time for which application threads were stopped: 0.0000468 seconds, Stopping threads took: 0.0000121 seconds
2017-03-31T00:52:19.265+0200: 96.911: Total time for which application threads were stopped: 0.0000802 seconds, Stopping threads took: 0.0000292 seconds
2017-03-31T00:52:19.277+0200: 96.923: Total time for which application threads were stopped: 0.0001763 seconds, Stopping threads took: 0.0000347 seconds
2017-03-31T00:52:19.277+0200: 96.924: Total time for which application threads were stopped: 0.0001201 seconds, Stopping threads took: 0.0000183 seconds
2017-03-31T00:52:19.278+0200: 96.924: Total time for which application threads were stopped: 0.0000435 seconds, Stopping threads took: 0.0000130 seconds
2017-03-31T00:52:19.278+0200: 96.924: Total time for which application threads were stopped: 0.0000542 seconds, Stopping threads took: 0.0000139 seconds
2017-03-31T00:52:19.296+0200: 96.942: Total time for which application threads were stopped: 0.0000866 seconds, Stopping threads took: 0.0000324 seconds
2017-03-31T00:52:19.331+0200: 96.977: Total time for which application threads were stopped: 0.0000721 seconds, Stopping threads took: 0.0000274 seconds
2017-03-31T00:52:19.331+0200: 96.977: Total time for which application threads were stopped: 0.0000361 seconds, Stopping threads took: 0.0000131 seconds
2017-03-31T00:52:19.331+0200: 96.978: Total time for which application threads were stopped: 0.0000293 seconds, Stopping threads took: 0.0000118 seconds
2017-03-31T00:52:19.331+0200: 96.978: Total time for which application threads were stopped: 0.0000290 seconds, Stopping threads took: 0.0000118 seconds
2017-03-31T00:52:19.333+0200: 96.979: Total time for which application threads were stopped: 0.0000563 seconds, Stopping threads took: 0.0000241 seconds
2017-03-31T00:52:19.335+0200: 96.981: Total time for which application threads were stopped: 0.0000614 seconds, Stopping threads took: 0.0000246 seconds
2017-03-31T00:52:19.337+0200: 96.983: Total time for which application threads were stopped: 0.0000624 seconds, Stopping threads took: 0.0000244 seconds
2017-03-31T00:52:19.340+0200: 96.987: Total time for which application threads were stopped: 0.0000725 seconds, Stopping threads took: 0.0000321 seconds
2017-03-31T00:52:19.348+0200: 96.994: Total time for which application threads were stopped: 0.0000692 seconds, Stopping threads took: 0.0000247 seconds
2017-03-31T00:52:19.351+0200: 96.997: Total time for which application threads were stopped: 0.0000584 seconds, Stopping threads took: 0.0000237 seconds
2017-03-31T00:52:19.359+0200: 97.005: Total time for which application threads were stopped: 0.0023331 seconds, Stopping threads took: 0.0020202 seconds
2017-03-31T00:52:19.362+0200: 97.008: Total time for which application threads were stopped: 0.0000714 seconds, Stopping threads took: 0.0000197 seconds
2017-03-31T00:52:19.362+0200: 97.009: Total time for which application threads were stopped: 0.0000266 seconds, Stopping threads took: 0.0000068 seconds
2017-03-31T00:52:19.362+0200: 97.009: Total time for which application threads were stopped: 0.0000245 seconds, Stopping threads took: 0.0000063 seconds
2017-03-31T00:52:19.362+0200: 97.009: Total time for which application threads were stopped: 0.0000286 seconds, Stopping threads took: 0.0000066 seconds
2017-03-31T00:52:19.363+0200: 97.009: Total time for which application threads were stopped: 0.0000356 seconds, Stopping threads took: 0.0000086 seconds
2017-03-31T00:52:19.364+0200: 97.010: Total time for which application threads were stopped: 0.0001581 seconds, Stopping threads took: 0.0000234 seconds
2017-03-31T00:52:19.364+0200: 97.010: Total time for which application threads were stopped: 0.0000431 seconds, Stopping threads took: 0.0000107 seconds
2017-03-31T00:52:19.364+0200: 97.011: Total time for which application threads were stopped: 0.0000311 seconds, Stopping threads took: 0.0000071 seconds
2017-03-31T00:52:19.366+0200: 97.012: Total time for which application threads were stopped: 0.0000620 seconds, Stopping threads took: 0.0000188 seconds
2017-03-31T00:52:19.373+0200: 97.019: Total time for which application threads were stopped: 0.0000645 seconds, Stopping threads took: 0.0000269 seconds
2017-03-31T00:52:19.373+0200: 97.020: Total time for which application threads were stopped: 0.0000425 seconds, Stopping threads took: 0.0000159 seconds
2017-03-31T00:52:19.375+0200: 97.021: Total time for which application threads were stopped: 0.0000606 seconds, Stopping threads took: 0.0000220 seconds
2017-03-31T00:52:19.377+0200: 97.023: Total time for which application threads were stopped: 0.0000825 seconds, Stopping threads took: 0.0000256 seconds
2017-03-31T00:52:19.377+0200: 97.023: Total time for which application threads were stopped: 0.0000446 seconds, Stopping threads took: 0.0000080 seconds
2017-03-31T00:52:19.382+0200: 97.029: Total time for which application threads were stopped: 0.0000692 seconds, Stopping threads took: 0.0000278 seconds
2017-03-31T00:52:19.383+0200: 97.029: Total time for which application threads were stopped: 0.0000421 seconds, Stopping threads took: 0.0000173 seconds
2017-03-31T00:52:19.383+0200: 97.029: Total time for which application threads were stopped: 0.0000377 seconds, Stopping threads took: 0.0000133 seconds
2017-03-31T00:52:19.383+0200: 97.029: Total time for which application threads were stopped: 0.0000317 seconds, Stopping threads took: 0.0000112 seconds
2017-03-31T00:52:19.383+0200: 97.030: Total time for which application threads were stopped: 0.0000395 seconds, Stopping threads took: 0.0000175 seconds
2017-03-31T00:52:19.387+0200: 97.034: Total time for which application threads were stopped: 0.0000623 seconds, Stopping threads took: 0.0000227 seconds
2017-03-31T00:52:19.388+0200: 97.034: Total time for which application threads were stopped: 0.0000319 seconds, Stopping threads took: 0.0000120 seconds
2017-03-31T00:52:19.388+0200: 97.034: Total time for which application threads were stopped: 0.0000287 seconds, Stopping threads took: 0.0000109 seconds
2017-03-31T00:52:19.388+0200: 97.034: Total time for which application threads were stopped: 0.0000282 seconds, Stopping threads took: 0.0000107 seconds
2017-03-31T00:52:19.388+0200: 97.034: Total time for which application threads were stopped: 0.0000271 seconds, Stopping threads took: 0.0000104 seconds
2017-03-31T00:52:19.388+0200: 97.034: Total time for which application threads were stopped: 0.0000275 seconds, Stopping threads took: 0.0000103 seconds
2017-03-31T00:52:19.388+0200: 97.034: Total time for which application threads were stopped: 0.0000276 seconds, Stopping threads took: 0.0000105 seconds
2017-03-31T00:52:19.388+0200: 97.034: Total time for which application threads were stopped: 0.0000291 seconds, Stopping threads took: 0.0000112 seconds
2017-03-31T00:52:19.388+0200: 97.034: Total time for which application threads were stopped: 0.0000279 seconds, Stopping threads took: 0.0000107 seconds
2017-03-31T00:52:19.388+0200: 97.034: Total time for which application threads were stopped: 0.0000294 seconds, Stopping threads took: 0.0000115 seconds
2017-03-31T00:52:19.388+0200: 97.034: Total time for which application threads were stopped: 0.0000294 seconds, Stopping threads took: 0.0000116 seconds
2017-03-31T00:52:19.388+0200: 97.034: Total time for which application threads were stopped: 0.0000469 seconds, Stopping threads took: 0.0000126 seconds
2017-03-31T00:52:19.392+0200: 97.038: Total time for which application threads were stopped: 0.0000644 seconds, Stopping threads took: 0.0000263 seconds
2017-03-31T00:52:19.394+0200: 97.041: Total time for which application threads were stopped: 0.0000720 seconds, Stopping threads took: 0.0000280 seconds
2017-03-31T00:52:19.589+0200: 97.236: Total time for which application threads were stopped: 0.0000658 seconds, Stopping threads took: 0.0000210 seconds
2017-03-31T00:52:19.590+0200: 97.236: Total time for which application threads were stopped: 0.0000605 seconds, Stopping threads took: 0.0000190 seconds
2017-03-31T00:52:19.590+0200: 97.237: Total time for which application threads were stopped: 0.0000478 seconds, Stopping threads took: 0.0000136 seconds
2017-03-31T00:52:19.591+0200: 97.237: Total time for which application threads were stopped: 0.0000363 seconds, Stopping threads took: 0.0000100 seconds
2017-03-31T00:52:19.594+0200: 97.240: Total time for which application threads were stopped: 0.0000775 seconds, Stopping threads took: 0.0000311 seconds
2017-03-31T00:52:19.616+0200: 97.262: Total time for which application threads were stopped: 0.0000997 seconds, Stopping threads took: 0.0000394 seconds
2017-03-31T00:52:19.627+0200: 97.273: Total time for which application threads were stopped: 0.0000735 seconds, Stopping threads took: 0.0000216 seconds
2017-03-31T00:52:19.627+0200: 97.273: Total time for which application threads were stopped: 0.0000480 seconds, Stopping threads took: 0.0000138 seconds
2017-03-31T00:52:19.627+0200: 97.273: Total time for which application threads were stopped: 0.0000425 seconds, Stopping threads took: 0.0000110 seconds
2017-03-31T00:52:19.627+0200: 97.273: Total time for which application threads were stopped: 0.0000407 seconds, Stopping threads took: 0.0000110 seconds
2017-03-31T00:52:19.632+0200: 97.278: Total time for which application threads were stopped: 0.0000821 seconds, Stopping threads took: 0.0000277 seconds
2017-03-31T00:52:19.661+0200: 97.307: Total time for which application threads were stopped: 0.0000714 seconds, Stopping threads took: 0.0000203 seconds
2017-03-31T00:52:19.661+0200: 97.307: Total time for which application threads were stopped: 0.0000445 seconds, Stopping threads took: 0.0000134 seconds
2017-03-31T00:52:19.664+0200: 97.310: Total time for which application threads were stopped: 0.0001158 seconds, Stopping threads took: 0.0000341 seconds
2017-03-31T00:52:19.664+0200: 97.310: Total time for which application threads were stopped: 0.0000794 seconds, Stopping threads took: 0.0000219 seconds
2017-03-31T00:52:19.676+0200: 97.323: Total time for which application threads were stopped: 0.0000965 seconds, Stopping threads took: 0.0000366 seconds
2017-03-31T00:52:19.696+0200: 97.342: Total time for which application threads were stopped: 0.0007280 seconds, Stopping threads took: 0.0006496 seconds
2017-03-31T00:52:19.696+0200: 97.343: Total time for which application threads were stopped: 0.0000462 seconds, Stopping threads took: 0.0000115 seconds
2017-03-31T00:52:19.696+0200: 97.343: Total time for which application threads were stopped: 0.0000398 seconds, Stopping threads took: 0.0000077 seconds
2017-03-31T00:52:19.696+0200: 97.343: Total time for which application threads were stopped: 0.0001303 seconds, Stopping threads took: 0.0000079 seconds
2017-03-31T00:52:19.738+0200: 97.384: Total time for which application threads were stopped: 0.0001091 seconds, Stopping threads took: 0.0000321 seconds
2017-03-31T00:52:19.738+0200: 97.385: Total time for which application threads were stopped: 0.0000537 seconds, Stopping threads took: 0.0000083 seconds
{Heap before GC invocations=3 (full 1):
 par new generation   total 109248K, used 97564K [0x00000000e0000000, 0x00000000e8000000, 0x00000000e8000000)
  eden space 87424K,  99% used [0x00000000e0000000, 0x00000000e54c72c8, 0x00000000e5560000)
  from space 21824K,  49% used [0x00000000e6ab0000, 0x00000000e752fe80, 0x00000000e8000000)
  to   space 21824K,   0% used [0x00000000e5560000, 0x00000000e5560000, 0x00000000e6ab0000)
 concurrent mark-sweep generation total 393216K, used 0K [0x00000000e8000000, 0x0000000100000000, 0x0000000100000000)
 Metaspace       used 30463K, capacity 30926K, committed 31484K, reserved 1077248K
  class space    used 3545K, capacity 3721K, committed 3836K, reserved 1048576K
2017-03-31T00:52:19.760+0200: 97.406: [GC (Allocation Failure) 2017-03-31T00:52:19.760+0200: 97.406: [ParNew
Desired survivor size 20112992 bytes, new threshold 8 (max 8)
- age   1:   10688872 bytes,   10688872 total
- age   2:     385784 bytes,   11074656 total
- age   3:    1548016 bytes,   12622672 total
- age   4:    5145744 bytes,   17768416 total
: 97564K->20235K(109248K), 0.0344768 secs] 97564K->20235K(502464K), 0.0345541 secs] [Times: user=0.03 sys=0.00, real=0.04 secs] 
Heap after GC invocations=4 (full 1):
 par new generation   total 109248K, used 20235K [0x00000000e0000000, 0x00000000e8000000, 0x00000000e8000000)
  eden space 87424K,   0% used [0x00000000e0000000, 0x00000000e0000000, 0x00000000e5560000)
  from space 21824K,  92% used [0x00000000e5560000, 0x00000000e6922e68, 0x00000000e6ab0000)
  to   space 21824K,   0% used [0x00000000e6ab0000, 0x00000000e6ab0000, 0x00000000e8000000)
 concurrent mark-sweep generation total 393216K, used 0K [0x00000000e8000000, 0x0000000100000000, 0x0000000100000000)
 Metaspace       used 30463K, capacity 30926K, committed 31484K, reserved 1077248K
  class space    used 3545K, capacity 3721K, committed 3836K, reserved 1048576K
}
2017-03-31T00:52:19.794+0200: 97.441: Total time for which application threads were stopped: 0.0347183 seconds, Stopping threads took: 0.0000347 seconds
2017-03-31T00:52:19.796+0200: 97.443: Total time for which application threads were stopped: 0.0000844 seconds, Stopping threads took: 0.0000369 seconds
2017-03-31T00:52:19.796+0200: 97.443: Total time for which application threads were stopped: 0.0001028 seconds, Stopping threads took: 0.0000064 seconds
2017-03-31T00:52:19.802+0200: 97.448: Total time for which application threads were stopped: 0.0000892 seconds, Stopping threads took: 0.0000411 seconds
2017-03-31T00:52:19.818+0200: 97.465: Total time for which application threads were stopped: 0.0004078 seconds, Stopping threads took: 0.0000268 seconds
2017-03-31T00:52:19.861+0200: 97.508: Total time for which application threads were stopped: 0.0001113 seconds, Stopping threads took: 0.0000426 seconds
2017-03-31T00:52:19.870+0200: 97.516: Total time for which application threads were stopped: 0.0036885 seconds, Stopping threads took: 0.0035855 seconds
2017-03-31T00:52:19.880+0200: 97.527: Total time for which application threads were stopped: 0.0000881 seconds, Stopping threads took: 0.0000249 seconds
2017-03-31T00:52:19.880+0200: 97.527: Total time for which application threads were stopped: 0.0000401 seconds, Stopping threads took: 0.0000069 seconds
2017-03-31T00:52:19.887+0200: 97.533: Total time for which application threads were stopped: 0.0000704 seconds, Stopping threads took: 0.0000199 seconds
2017-03-31T00:52:19.887+0200: 97.533: Total time for which application threads were stopped: 0.0000355 seconds, Stopping threads took: 0.0000078 seconds
2017-03-31T00:52:19.887+0200: 97.533: Total time for which application threads were stopped: 0.0000341 seconds, Stopping threads took: 0.0000078 seconds
2017-03-31T00:52:19.887+0200: 97.534: Total time for which application threads were stopped: 0.0000310 seconds, Stopping threads took: 0.0000071 seconds
2017-03-31T00:52:19.889+0200: 97.535: Total time for which application threads were stopped: 0.0000648 seconds, Stopping threads took: 0.0000201 seconds
2017-03-31T00:52:19.896+0200: 97.543: Total time for which application threads were stopped: 0.0000643 seconds, Stopping threads took: 0.0000199 seconds
2017-03-31T00:52:19.897+0200: 97.543: Total time for which application threads were stopped: 0.0000302 seconds, Stopping threads took: 0.0000070 seconds
2017-03-31T00:52:19.903+0200: 97.550: Total time for which application threads were stopped: 0.0000914 seconds, Stopping threads took: 0.0000256 seconds
2017-03-31T00:52:19.903+0200: 97.550: Total time for which application threads were stopped: 0.0000572 seconds, Stopping threads took: 0.0000155 seconds
2017-03-31T00:52:19.904+0200: 97.550: Total time for which application threads were stopped: 0.0000492 seconds, Stopping threads took: 0.0000115 seconds
2017-03-31T00:52:19.904+0200: 97.550: Total time for which application threads were stopped: 0.0000461 seconds, Stopping threads took: 0.0000120 seconds
2017-03-31T00:52:19.906+0200: 97.552: Total time for which application threads were stopped: 0.0000668 seconds, Stopping threads took: 0.0000210 seconds
2017-03-31T00:52:19.908+0200: 97.554: Total time for which application threads were stopped: 0.0000992 seconds, Stopping threads took: 0.0000378 seconds
2017-03-31T00:52:19.912+0200: 97.558: Total time for which application threads were stopped: 0.0001784 seconds, Stopping threads took: 0.0000238 seconds
2017-03-31T00:52:19.912+0200: 97.559: Total time for which application threads were stopped: 0.0000453 seconds, Stopping threads took: 0.0000125 seconds
2017-03-31T00:52:19.930+0200: 97.576: Total time for which application threads were stopped: 0.0001185 seconds, Stopping threads took: 0.0000677 seconds
2017-03-31T00:52:19.930+0200: 97.576: Total time for which application threads were stopped: 0.0000299 seconds, Stopping threads took: 0.0000071 seconds
2017-03-31T00:52:19.939+0200: 97.585: Total time for which application threads were stopped: 0.0000776 seconds, Stopping threads took: 0.0000211 seconds
2017-03-31T00:52:19.939+0200: 97.585: Total time for which application threads were stopped: 0.0000302 seconds, Stopping threads took: 0.0000073 seconds
2017-03-31T00:52:19.939+0200: 97.585: Total time for which application threads were stopped: 0.0000292 seconds, Stopping threads took: 0.0000069 seconds
2017-03-31T00:52:19.939+0200: 97.586: Total time for which application threads were stopped: 0.0000320 seconds, Stopping threads took: 0.0000076 seconds
2017-03-31T00:52:19.941+0200: 97.588: Total time for which application threads were stopped: 0.0000768 seconds, Stopping threads took: 0.0000292 seconds
2017-03-31T00:52:19.943+0200: 97.590: Total time for which application threads were stopped: 0.0000675 seconds, Stopping threads took: 0.0000226 seconds
2017-03-31T00:52:19.943+0200: 97.590: Total time for which application threads were stopped: 0.0000321 seconds, Stopping threads took: 0.0000077 seconds
2017-03-31T00:52:19.948+0200: 97.595: Total time for which application threads were stopped: 0.0018207 seconds, Stopping threads took: 0.0017561 seconds
2017-03-31T00:52:19.958+0200: 97.605: Total time for which application threads were stopped: 0.0030449 seconds, Stopping threads took: 0.0029783 seconds
2017-03-31T00:52:19.958+0200: 97.605: Total time for which application threads were stopped: 0.0000338 seconds, Stopping threads took: 0.0000089 seconds
2017-03-31T00:52:19.958+0200: 97.605: Total time for which application threads were stopped: 0.0000282 seconds, Stopping threads took: 0.0000064 seconds
2017-03-31T00:52:19.963+0200: 97.609: Total time for which application threads were stopped: 0.0001282 seconds, Stopping threads took: 0.0000234 seconds
2017-03-31T00:52:19.989+0200: 97.636: Total time for which application threads were stopped: 0.0049469 seconds, Stopping threads took: 0.0048580 seconds
2017-03-31T00:52:19.989+0200: 97.636: Total time for which application threads were stopped: 0.0000357 seconds, Stopping threads took: 0.0000097 seconds
2017-03-31T00:52:19.989+0200: 97.636: Total time for which application threads were stopped: 0.0001414 seconds, Stopping threads took: 0.0000067 seconds
2017-03-31T00:52:19.990+0200: 97.636: Total time for which application threads were stopped: 0.0000721 seconds, Stopping threads took: 0.0000074 seconds
2017-03-31T00:52:19.994+0200: 97.640: Total time for which application threads were stopped: 0.0000773 seconds, Stopping threads took: 0.0000235 seconds
2017-03-31T00:52:19.995+0200: 97.641: Total time for which application threads were stopped: 0.0000529 seconds, Stopping threads took: 0.0000135 seconds
2017-03-31T00:52:20.000+0200: 97.646: Total time for which application threads were stopped: 0.0000669 seconds, Stopping threads took: 0.0000202 seconds
2017-03-31T00:52:20.000+0200: 97.646: Total time for which application threads were stopped: 0.0000301 seconds, Stopping threads took: 0.0000067 seconds
2017-03-31T00:52:20.006+0200: 97.652: Total time for which application threads were stopped: 0.0000642 seconds, Stopping threads took: 0.0000190 seconds
2017-03-31T00:52:20.006+0200: 97.652: Total time for which application threads were stopped: 0.0000298 seconds, Stopping threads took: 0.0000072 seconds
2017-03-31T00:52:20.006+0200: 97.653: Total time for which application threads were stopped: 0.0000303 seconds, Stopping threads took: 0.0000074 seconds
2017-03-31T00:52:20.006+0200: 97.653: Total time for which application threads were stopped: 0.0000292 seconds, Stopping threads took: 0.0000071 seconds
2017-03-31T00:52:20.008+0200: 97.654: Total time for which application threads were stopped: 0.0000623 seconds, Stopping threads took: 0.0000199 seconds
2017-03-31T00:52:20.010+0200: 97.656: Total time for which application threads were stopped: 0.0001869 seconds, Stopping threads took: 0.0000404 seconds
2017-03-31T00:52:20.012+0200: 97.658: Total time for which application threads were stopped: 0.0000665 seconds, Stopping threads took: 0.0000215 seconds
2017-03-31T00:52:20.012+0200: 97.659: Total time for which application threads were stopped: 0.0000323 seconds, Stopping threads took: 0.0000078 seconds
2017-03-31T00:52:20.029+0200: 97.675: Total time for which application threads were stopped: 0.0001967 seconds, Stopping threads took: 0.0000339 seconds
2017-03-31T00:52:20.034+0200: 97.680: Total time for which application threads were stopped: 0.0000645 seconds, Stopping threads took: 0.0000202 seconds
2017-03-31T00:52:20.034+0200: 97.681: Total time for which application threads were stopped: 0.0000330 seconds, Stopping threads took: 0.0000079 seconds
2017-03-31T00:52:20.037+0200: 97.683: Total time for which application threads were stopped: 0.0000976 seconds, Stopping threads took: 0.0000362 seconds
2017-03-31T00:52:20.045+0200: 97.691: Total time for which application threads were stopped: 0.0001054 seconds, Stopping threads took: 0.0000263 seconds
2017-03-31T00:52:20.045+0200: 97.692: Total time for which application threads were stopped: 0.0000803 seconds, Stopping threads took: 0.0000248 seconds
2017-03-31T00:52:20.064+0200: 97.711: Total time for which application threads were stopped: 0.0070257 seconds, Stopping threads took: 0.0069622 seconds
2017-03-31T00:52:20.064+0200: 97.711: Total time for which application threads were stopped: 0.0000362 seconds, Stopping threads took: 0.0000100 seconds
2017-03-31T00:52:20.096+0200: 97.742: Total time for which application threads were stopped: 0.0001049 seconds, Stopping threads took: 0.0000514 seconds
2017-03-31T00:52:20.097+0200: 97.743: Total time for which application threads were stopped: 0.0010160 seconds, Stopping threads took: 0.0009476 seconds
2017-03-31T00:52:20.099+0200: 97.745: Total time for which application threads were stopped: 0.0000817 seconds, Stopping threads took: 0.0000241 seconds
2017-03-31T00:52:20.103+0200: 97.749: Total time for which application threads were stopped: 0.0000695 seconds, Stopping threads took: 0.0000205 seconds
2017-03-31T00:52:20.104+0200: 97.750: Total time for which application threads were stopped: 0.0000653 seconds, Stopping threads took: 0.0000193 seconds
2017-03-31T00:52:20.107+0200: 97.753: Total time for which application threads were stopped: 0.0000658 seconds, Stopping threads took: 0.0000201 seconds
2017-03-31T00:52:20.115+0200: 97.761: Total time for which application threads were stopped: 0.0000755 seconds, Stopping threads took: 0.0000197 seconds
2017-03-31T00:52:20.115+0200: 97.761: Total time for which application threads were stopped: 0.0000396 seconds, Stopping threads took: 0.0000076 seconds
2017-03-31T00:52:20.138+0200: 97.785: Total time for which application threads were stopped: 0.0025899 seconds, Stopping threads took: 0.0025204 seconds
2017-03-31T00:52:20.138+0200: 97.785: Total time for which application threads were stopped: 0.0000355 seconds, Stopping threads took: 0.0000093 seconds
2017-03-31T00:52:20.157+0200: 97.803: Total time for which application threads were stopped: 0.0051921 seconds, Stopping threads took: 0.0051073 seconds
2017-03-31T00:52:20.163+0200: 97.809: Total time for which application threads were stopped: 0.0000756 seconds, Stopping threads took: 0.0000236 seconds
2017-03-31T00:52:20.170+0200: 97.816: Total time for which application threads were stopped: 0.0015025 seconds, Stopping threads took: 0.0000231 seconds
2017-03-31T00:52:20.171+0200: 97.817: Total time for which application threads were stopped: 0.0000937 seconds, Stopping threads took: 0.0000429 seconds
2017-03-31T00:52:20.172+0200: 97.818: Total time for which application threads were stopped: 0.0000628 seconds, Stopping threads took: 0.0000183 seconds
2017-03-31T00:52:20.190+0200: 97.836: Total time for which application threads were stopped: 0.0000726 seconds, Stopping threads took: 0.0000194 seconds
2017-03-31T00:52:20.190+0200: 97.836: Total time for which application threads were stopped: 0.0000336 seconds, Stopping threads took: 0.0000076 seconds
2017-03-31T00:52:20.192+0200: 97.838: Total time for which application threads were stopped: 0.0000748 seconds, Stopping threads took: 0.0000280 seconds
2017-03-31T00:52:20.194+0200: 97.841: Total time for which application threads were stopped: 0.0000779 seconds, Stopping threads took: 0.0000308 seconds
2017-03-31T00:52:20.200+0200: 97.846: Total time for which application threads were stopped: 0.0000625 seconds, Stopping threads took: 0.0000182 seconds
2017-03-31T00:52:20.200+0200: 97.846: Total time for which application threads were stopped: 0.0000463 seconds, Stopping threads took: 0.0000099 seconds
2017-03-31T00:52:20.202+0200: 97.848: Total time for which application threads were stopped: 0.0000752 seconds, Stopping threads took: 0.0000295 seconds
2017-03-31T00:52:20.206+0200: 97.852: Total time for which application threads were stopped: 0.0000784 seconds, Stopping threads took: 0.0000334 seconds
2017-03-31T00:52:20.220+0200: 97.866: Total time for which application threads were stopped: 0.0001663 seconds, Stopping threads took: 0.0000984 seconds
2017-03-31T00:52:20.220+0200: 97.866: Total time for which application threads were stopped: 0.0000368 seconds, Stopping threads took: 0.0000081 seconds
2017-03-31T00:52:20.223+0200: 97.869: Total time for which application threads were stopped: 0.0000747 seconds, Stopping threads took: 0.0000233 seconds
2017-03-31T00:52:20.252+0200: 97.898: Total time for which application threads were stopped: 0.0031508 seconds, Stopping threads took: 0.0030833 seconds
2017-03-31T00:52:20.252+0200: 97.899: Total time for which application threads were stopped: 0.0000446 seconds, Stopping threads took: 0.0000104 seconds
2017-03-31T00:52:20.256+0200: 97.903: Total time for which application threads were stopped: 0.0000777 seconds, Stopping threads took: 0.0000240 seconds
2017-03-31T00:52:20.270+0200: 97.916: Total time for which application threads were stopped: 0.0041882 seconds, Stopping threads took: 0.0041217 seconds
2017-03-31T00:52:20.270+0200: 97.916: Total time for which application threads were stopped: 0.0000370 seconds, Stopping threads took: 0.0000097 seconds
2017-03-31T00:52:20.286+0200: 97.932: Total time for which application threads were stopped: 0.0000711 seconds, Stopping threads took: 0.0000186 seconds
2017-03-31T00:52:20.286+0200: 97.932: Total time for which application threads were stopped: 0.0000348 seconds, Stopping threads took: 0.0000077 seconds
2017-03-31T00:52:20.288+0200: 97.934: Total time for which application threads were stopped: 0.0000709 seconds, Stopping threads took: 0.0000226 seconds
2017-03-31T00:52:20.290+0200: 97.936: Total time for which application threads were stopped: 0.0000693 seconds, Stopping threads took: 0.0000221 seconds
2017-03-31T00:52:20.310+0200: 97.956: Total time for which application threads were stopped: 0.0000639 seconds, Stopping threads took: 0.0000187 seconds
2017-03-31T00:52:20.310+0200: 97.956: Total time for which application threads were stopped: 0.0000868 seconds, Stopping threads took: 0.0000081 seconds
2017-03-31T00:52:20.312+0200: 97.958: Total time for which application threads were stopped: 0.0000973 seconds, Stopping threads took: 0.0000365 seconds
2017-03-31T00:52:20.317+0200: 97.963: Total time for which application threads were stopped: 0.0000821 seconds, Stopping threads took: 0.0000345 seconds
2017-03-31T00:52:20.327+0200: 97.973: Total time for which application threads were stopped: 0.0005991 seconds, Stopping threads took: 0.0004315 seconds
2017-03-31T00:52:20.364+0200: 98.010: Total time for which application threads were stopped: 0.0057199 seconds, Stopping threads took: 0.0056249 seconds
2017-03-31T00:52:20.365+0200: 98.011: Total time for which application threads were stopped: 0.0000775 seconds, Stopping threads took: 0.0000326 seconds
2017-03-31T00:52:20.367+0200: 98.014: Total time for which application threads were stopped: 0.0000808 seconds, Stopping threads took: 0.0000220 seconds
2017-03-31T00:52:20.394+0200: 98.041: Total time for which application threads were stopped: 0.0107274 seconds, Stopping threads took: 0.0105980 seconds
2017-03-31T00:52:20.397+0200: 98.043: Total time for which application threads were stopped: 0.0000658 seconds, Stopping threads took: 0.0000207 seconds
2017-03-31T00:52:20.416+0200: 98.063: Total time for which application threads were stopped: 0.0001254 seconds, Stopping threads took: 0.0000613 seconds
2017-03-31T00:52:20.420+0200: 98.066: Total time for which application threads were stopped: 0.0000672 seconds, Stopping threads took: 0.0000200 seconds
2017-03-31T00:52:20.764+0200: 98.410: Total time for which application threads were stopped: 0.0000889 seconds, Stopping threads took: 0.0000184 seconds
2017-03-31T00:52:20.806+0200: 98.452: Total time for which application threads were stopped: 0.0000729 seconds, Stopping threads took: 0.0000212 seconds
2017-03-31T00:52:20.957+0200: 98.604: Total time for which application threads were stopped: 0.0000912 seconds, Stopping threads took: 0.0000209 seconds
2017-03-31T00:52:21.004+0200: 98.651: Total time for which application threads were stopped: 0.0000720 seconds, Stopping threads took: 0.0000181 seconds
2017-03-31T00:52:21.154+0200: 98.800: Total time for which application threads were stopped: 0.0000764 seconds, Stopping threads took: 0.0000194 seconds
2017-03-31T00:52:21.401+0200: 99.047: Total time for which application threads were stopped: 0.0000954 seconds, Stopping threads took: 0.0000208 seconds
2017-03-31T00:52:21.426+0200: 99.072: Total time for which application threads were stopped: 0.0000828 seconds, Stopping threads took: 0.0000233 seconds
2017-03-31T00:52:21.451+0200: 99.097: Total time for which application threads were stopped: 0.0000830 seconds, Stopping threads took: 0.0000182 seconds
2017-03-31T00:52:21.699+0200: 99.346: Total time for which application threads were stopped: 0.0000915 seconds, Stopping threads took: 0.0000215 seconds
2017-03-31T00:52:21.793+0200: 99.440: Total time for which application threads were stopped: 0.0000815 seconds, Stopping threads took: 0.0000224 seconds
2017-03-31T00:52:21.906+0200: 99.552: Total time for which application threads were stopped: 0.0000715 seconds, Stopping threads took: 0.0000192 seconds
2017-03-31T00:52:21.988+0200: 99.634: Total time for which application threads were stopped: 0.0001359 seconds, Stopping threads took: 0.0000807 seconds
2017-03-31T00:52:22.282+0200: 99.928: Total time for which application threads were stopped: 0.0001013 seconds, Stopping threads took: 0.0000201 seconds
2017-03-31T00:52:22.315+0200: 99.961: Total time for which application threads were stopped: 0.0000837 seconds, Stopping threads took: 0.0000213 seconds
2017-03-31T00:52:22.397+0200: 100.043: Total time for which application threads were stopped: 0.0000854 seconds, Stopping threads took: 0.0000204 seconds
2017-03-31T00:52:22.432+0200: 100.079: Total time for which application threads were stopped: 0.0000945 seconds, Stopping threads took: 0.0000238 seconds
2017-03-31T00:52:22.474+0200: 100.121: Total time for which application threads were stopped: 0.0000796 seconds, Stopping threads took: 0.0000190 seconds
2017-03-31T00:52:22.516+0200: 100.163: Total time for which application threads were stopped: 0.0001171 seconds, Stopping threads took: 0.0000193 seconds
2017-03-31T00:52:23.158+0200: 100.804: Total time for which application threads were stopped: 0.0001137 seconds, Stopping threads took: 0.0000235 seconds
2017-03-31T00:52:23.422+0200: 101.068: Total time for which application threads were stopped: 0.0001684 seconds, Stopping threads took: 0.0000224 seconds
2017-03-31T00:52:23.642+0200: 101.288: Total time for which application threads were stopped: 0.0001150 seconds, Stopping threads took: 0.0000224 seconds
2017-03-31T00:52:23.721+0200: 101.368: Total time for which application threads were stopped: 0.0001114 seconds, Stopping threads took: 0.0000236 seconds
2017-03-31T00:52:23.833+0200: 101.480: Total time for which application threads were stopped: 0.0000915 seconds, Stopping threads took: 0.0000291 seconds
2017-03-31T00:52:24.000+0200: 101.647: Total time for which application threads were stopped: 0.0001154 seconds, Stopping threads took: 0.0000275 seconds
2017-03-31T00:52:24.156+0200: 101.802: Total time for which application threads were stopped: 0.0000933 seconds, Stopping threads took: 0.0000214 seconds
2017-03-31T00:52:24.316+0200: 101.962: Total time for which application threads were stopped: 0.0007860 seconds, Stopping threads took: 0.0006988 seconds
2017-03-31T00:52:24.341+0200: 101.988: Total time for which application threads were stopped: 0.0000979 seconds, Stopping threads took: 0.0000219 seconds
2017-03-31T00:52:24.434+0200: 102.080: Total time for which application threads were stopped: 0.0000896 seconds, Stopping threads took: 0.0000220 seconds
2017-03-31T00:52:24.535+0200: 102.181: Total time for which application threads were stopped: 0.0000988 seconds, Stopping threads took: 0.0000215 seconds
2017-03-31T00:52:24.568+0200: 102.214: Total time for which application threads were stopped: 0.0000941 seconds, Stopping threads took: 0.0000215 seconds
2017-03-31T00:52:24.675+0200: 102.322: Total time for which application threads were stopped: 0.0001610 seconds, Stopping threads took: 0.0000214 seconds
2017-03-31T00:52:24.715+0200: 102.361: Total time for which application threads were stopped: 0.0000770 seconds, Stopping threads took: 0.0000192 seconds
2017-03-31T00:52:24.755+0200: 102.401: Total time for which application threads were stopped: 0.0000793 seconds, Stopping threads took: 0.0000195 seconds
2017-03-31T00:52:24.822+0200: 102.468: Total time for which application threads were stopped: 0.0000956 seconds, Stopping threads took: 0.0000219 seconds
2017-03-31T00:52:24.933+0200: 102.579: Total time for which application threads were stopped: 0.0006383 seconds, Stopping threads took: 0.0005525 seconds
2017-03-31T00:52:25.050+0200: 102.696: Total time for which application threads were stopped: 0.0009617 seconds, Stopping threads took: 0.0008805 seconds
2017-03-31T00:52:25.205+0200: 102.851: Total time for which application threads were stopped: 0.0001023 seconds, Stopping threads took: 0.0000213 seconds
2017-03-31T00:52:25.220+0200: 102.866: Total time for which application threads were stopped: 0.0001438 seconds, Stopping threads took: 0.0000179 seconds
2017-03-31T00:52:26.221+0200: 103.868: Total time for which application threads were stopped: 0.0005928 seconds, Stopping threads took: 0.0004775 seconds
{Heap before GC invocations=4 (full 1):
 par new generation   total 109248K, used 107659K [0x00000000e0000000, 0x00000000e8000000, 0x00000000e8000000)
  eden space 87424K, 100% used [0x00000000e0000000, 0x00000000e5560000, 0x00000000e5560000)
  from space 21824K,  92% used [0x00000000e5560000, 0x00000000e6922e68, 0x00000000e6ab0000)
  to   space 21824K,   0% used [0x00000000e6ab0000, 0x00000000e6ab0000, 0x00000000e8000000)
 concurrent mark-sweep generation total 393216K, used 0K [0x00000000e8000000, 0x0000000100000000, 0x0000000100000000)
 Metaspace       used 31991K, capacity 32590K, committed 33020K, reserved 1079296K
  class space    used 3568K, capacity 3721K, committed 3836K, reserved 1048576K
2017-03-31T00:52:26.766+0200: 104.413: [GC (Allocation Failure) 2017-03-31T00:52:26.766+0200: 104.413: [ParNew
Desired survivor size 20112992 bytes, new threshold 8 (max 8)
- age   1:    5328912 bytes,    5328912 total
- age   2:    3652264 bytes,    8981176 total
- age   3:     383816 bytes,    9364992 total
- age   4:    1547040 bytes,   10912032 total
- age   5:    5145632 bytes,   16057664 total
: 107659K->21048K(109248K), 0.0329383 secs] 107659K->21048K(502464K), 0.0330080 secs] [Times: user=0.03 sys=0.00, real=0.03 secs] 
Heap after GC invocations=5 (full 1):
 par new generation   total 109248K, used 21048K [0x00000000e0000000, 0x00000000e8000000, 0x00000000e8000000)
  eden space 87424K,   0% used [0x00000000e0000000, 0x00000000e0000000, 0x00000000e5560000)
  from space 21824K,  96% used [0x00000000e6ab0000, 0x00000000e7f3e150, 0x00000000e8000000)
  to   space 21824K,   0% used [0x00000000e5560000, 0x00000000e5560000, 0x00000000e6ab0000)
 concurrent mark-sweep generation total 393216K, used 0K [0x00000000e8000000, 0x0000000100000000, 0x0000000100000000)
 Metaspace       used 31991K, capacity 32590K, committed 33020K, reserved 1079296K
  class space    used 3568K, capacity 3721K, committed 3836K, reserved 1048576K
}
2017-03-31T00:52:26.800+0200: 104.446: Total time for which application threads were stopped: 0.0331831 seconds, Stopping threads took: 0.0000207 seconds
2017-03-31T00:52:27.805+0200: 105.452: Total time for which application threads were stopped: 0.0052770 seconds, Stopping threads took: 0.0051725 seconds
2017-03-31T00:52:28.806+0200: 106.452: Total time for which application threads were stopped: 0.0002463 seconds, Stopping threads took: 0.0000289 seconds
2017-03-31T00:52:29.808+0200: 107.454: Total time for which application threads were stopped: 0.0001028 seconds, Stopping threads took: 0.0000253 seconds
2017-03-31T00:52:30.808+0200: 108.454: Total time for which application threads were stopped: 0.0000826 seconds, Stopping threads took: 0.0000248 seconds
2017-03-31T00:52:31.808+0200: 109.455: Total time for which application threads were stopped: 0.0000924 seconds, Stopping threads took: 0.0000246 seconds
2017-03-31T00:52:32.809+0200: 110.456: Total time for which application threads were stopped: 0.0000795 seconds, Stopping threads took: 0.0000274 seconds
2017-03-31T00:52:33.812+0200: 111.459: Total time for which application threads were stopped: 0.0000801 seconds, Stopping threads took: 0.0000261 seconds
{Heap before GC invocations=5 (full 1):
 par new generation   total 109248K, used 108472K [0x00000000e0000000, 0x00000000e8000000, 0x00000000e8000000)
  eden space 87424K, 100% used [0x00000000e0000000, 0x00000000e5560000, 0x00000000e5560000)
  from space 21824K,  96% used [0x00000000e6ab0000, 0x00000000e7f3e150, 0x00000000e8000000)
  to   space 21824K,   0% used [0x00000000e5560000, 0x00000000e5560000, 0x00000000e6ab0000)
 concurrent mark-sweep generation total 393216K, used 0K [0x00000000e8000000, 0x0000000100000000, 0x0000000100000000)
 Metaspace       used 32344K, capacity 32846K, committed 33276K, reserved 1079296K
  class space    used 3569K, capacity 3721K, committed 3836K, reserved 1048576K
2017-03-31T00:52:33.833+0200: 111.479: [GC (Allocation Failure) 2017-03-31T00:52:33.833+0200: 111.479: [ParNew
Desired survivor size 20112992 bytes, new threshold 8 (max 8)
- age   1:    2104424 bytes,    2104424 total
- age   2:    4348528 bytes,    6452952 total
- age   3:    3599376 bytes,   10052328 total
- age   4:     383704 bytes,   10436032 total
- age   5:    1547040 bytes,   11983072 total
- age   6:    5145632 bytes,   17128704 total
: 108472K->20953K(109248K), 0.1121714 secs] 108472K->20953K(502464K), 0.1122721 secs] [Times: user=0.08 sys=0.00, real=0.11 secs] 
Heap after GC invocations=6 (full 1):
 par new generation   total 109248K, used 20953K [0x00000000e0000000, 0x00000000e8000000, 0x00000000e8000000)
  eden space 87424K,   0% used [0x00000000e0000000, 0x00000000e0000000, 0x00000000e5560000)
  from space 21824K,  96% used [0x00000000e5560000, 0x00000000e69d6490, 0x00000000e6ab0000)
  to   space 21824K,   0% used [0x00000000e6ab0000, 0x00000000e6ab0000, 0x00000000e8000000)
 concurrent mark-sweep generation total 393216K, used 0K [0x00000000e8000000, 0x0000000100000000, 0x0000000100000000)
 Metaspace       used 32344K, capacity 32846K, committed 33276K, reserved 1079296K
  class space    used 3569K, capacity 3721K, committed 3836K, reserved 1048576K
}
2017-03-31T00:52:33.945+0200: 111.592: Total time for which application threads were stopped: 0.1125107 seconds, Stopping threads took: 0.0000392 seconds
2017-03-31T00:52:34.860+0200: 112.506: Total time for which application threads were stopped: 0.0001419 seconds, Stopping threads took: 0.0000441 seconds
2017-03-31T00:52:34.860+0200: 112.507: Total time for which application threads were stopped: 0.0000511 seconds, Stopping threads took: 0.0000081 seconds
2017-03-31T00:52:34.878+0200: 112.525: Total time for which application threads were stopped: 0.0001242 seconds, Stopping threads took: 0.0000312 seconds
2017-03-31T00:52:34.881+0200: 112.528: Total time for which application threads were stopped: 0.0001259 seconds, Stopping threads took: 0.0000364 seconds
2017-03-31T00:52:34.900+0200: 112.547: Total time for which application threads were stopped: 0.0117815 seconds, Stopping threads took: 0.0116786 seconds
2017-03-31T00:52:34.901+0200: 112.547: Total time for which application threads were stopped: 0.0000580 seconds, Stopping threads took: 0.0000098 seconds
2017-03-31T00:52:34.902+0200: 112.548: Total time for which application threads were stopped: 0.0001110 seconds, Stopping threads took: 0.0000219 seconds
2017-03-31T00:52:34.904+0200: 112.550: Total time for which application threads were stopped: 0.0001120 seconds, Stopping threads took: 0.0000245 seconds
2017-03-31T00:52:34.932+0200: 112.578: Total time for which application threads were stopped: 0.0036193 seconds, Stopping threads took: 0.0034875 seconds
2017-03-31T00:52:34.956+0200: 112.602: Total time for which application threads were stopped: 0.0162894 seconds, Stopping threads took: 0.0161453 seconds
2017-03-31T00:52:34.966+0200: 112.613: Total time for which application threads were stopped: 0.0005894 seconds, Stopping threads took: 0.0003473 seconds
2017-03-31T00:52:34.966+0200: 112.613: Total time for which application threads were stopped: 0.0000526 seconds, Stopping threads took: 0.0000082 seconds
2017-03-31T00:52:34.967+0200: 112.613: Total time for which application threads were stopped: 0.0000429 seconds, Stopping threads took: 0.0000061 seconds
2017-03-31T00:52:35.091+0200: 112.738: Total time for which application threads were stopped: 0.0125546 seconds, Stopping threads took: 0.0124396 seconds
2017-03-31T00:52:35.129+0200: 112.776: Total time for which application threads were stopped: 0.0001231 seconds, Stopping threads took: 0.0000303 seconds
2017-03-31T00:52:35.608+0200: 113.254: Total time for which application threads were stopped: 0.0001302 seconds, Stopping threads took: 0.0000344 seconds
2017-03-31T00:52:35.608+0200: 113.254: Total time for which application threads were stopped: 0.0000376 seconds, Stopping threads took: 0.0000125 seconds
2017-03-31T00:52:35.608+0200: 113.254: Total time for which application threads were stopped: 0.0000350 seconds, Stopping threads took: 0.0000116 seconds
2017-03-31T00:52:35.608+0200: 113.254: Total time for which application threads were stopped: 0.0000338 seconds, Stopping threads took: 0.0000109 seconds
2017-03-31T00:52:35.608+0200: 113.254: Total time for which application threads were stopped: 0.0000337 seconds, Stopping threads took: 0.0000110 seconds
2017-03-31T00:52:35.608+0200: 113.254: Total time for which application threads were stopped: 0.0000334 seconds, Stopping threads took: 0.0000107 seconds
2017-03-31T00:52:35.608+0200: 113.254: Total time for which application threads were stopped: 0.0000695 seconds, Stopping threads took: 0.0000116 seconds
2017-03-31T00:52:35.608+0200: 113.254: Total time for which application threads were stopped: 0.0000345 seconds, Stopping threads took: 0.0000114 seconds
2017-03-31T00:52:35.613+0200: 113.259: Total time for which application threads were stopped: 0.0000853 seconds, Stopping threads took: 0.0000278 seconds
2017-03-31T00:52:35.678+0200: 113.324: Total time for which application threads were stopped: 0.0001177 seconds, Stopping threads took: 0.0000294 seconds
2017-03-31T00:52:35.678+0200: 113.325: Total time for which application threads were stopped: 0.0000956 seconds, Stopping threads took: 0.0000206 seconds
2017-03-31T00:52:35.679+0200: 113.325: Total time for which application threads were stopped: 0.0001345 seconds, Stopping threads took: 0.0000132 seconds
2017-03-31T00:52:35.705+0200: 113.351: Total time for which application threads were stopped: 0.0031026 seconds, Stopping threads took: 0.0029827 seconds
2017-03-31T00:52:35.705+0200: 113.352: Total time for which application threads were stopped: 0.0000688 seconds, Stopping threads took: 0.0000096 seconds
2017-03-31T00:52:35.816+0200: 113.462: Total time for which application threads were stopped: 0.0001631 seconds, Stopping threads took: 0.0000522 seconds
2017-03-31T00:52:35.816+0200: 113.462: Total time for which application threads were stopped: 0.0000574 seconds, Stopping threads took: 0.0000184 seconds
2017-03-31T00:52:35.818+0200: 113.464: Total time for which application threads were stopped: 0.0001214 seconds, Stopping threads took: 0.0000316 seconds
2017-03-31T00:52:35.826+0200: 113.473: Total time for which application threads were stopped: 0.0001148 seconds, Stopping threads took: 0.0000278 seconds
2017-03-31T00:52:35.865+0200: 113.512: Total time for which application threads were stopped: 0.0001030 seconds, Stopping threads took: 0.0000200 seconds
2017-03-31T00:52:36.872+0200: 114.518: Total time for which application threads were stopped: 0.0054845 seconds, Stopping threads took: 0.0054114 seconds
2017-03-31T00:52:37.872+0200: 115.519: Total time for which application threads were stopped: 0.0001037 seconds, Stopping threads took: 0.0000377 seconds
{Heap before GC invocations=6 (full 1):
 par new generation   total 109248K, used 108377K [0x00000000e0000000, 0x00000000e8000000, 0x00000000e8000000)
  eden space 87424K, 100% used [0x00000000e0000000, 0x00000000e5560000, 0x00000000e5560000)
  from space 21824K,  96% used [0x00000000e5560000, 0x00000000e69d6490, 0x00000000e6ab0000)
  to   space 21824K,   0% used [0x00000000e6ab0000, 0x00000000e6ab0000, 0x00000000e8000000)
 concurrent mark-sweep generation total 393216K, used 0K [0x00000000e8000000, 0x0000000100000000, 0x0000000100000000)
 Metaspace       used 32740K, capacity 33286K, committed 33788K, reserved 1079296K
  class space    used 3591K, capacity 3759K, committed 3836K, reserved 1048576K
2017-03-31T00:52:38.036+0200: 115.683: [GC (Allocation Failure) 2017-03-31T00:52:38.036+0200: 115.683: [ParNew
Desired survivor size 20112992 bytes, new threshold 8 (max 8)
- age   1:    2614400 bytes,    2614400 total
- age   2:     305288 bytes,    2919688 total
- age   3:    2766024 bytes,    5685712 total
- age   4:    3391424 bytes,    9077136 total
- age   5:     383704 bytes,    9460840 total
- age   6:    1547040 bytes,   11007880 total
- age   7:    5145536 bytes,   16153416 total
: 108377K->19734K(109248K), 0.0417194 secs] 108377K->19734K(502464K), 0.0417960 secs] [Times: user=0.03 sys=0.00, real=0.04 secs] 
Heap after GC invocations=7 (full 1):
 par new generation   total 109248K, used 19734K [0x00000000e0000000, 0x00000000e8000000, 0x00000000e8000000)
  eden space 87424K,   0% used [0x00000000e0000000, 0x00000000e0000000, 0x00000000e5560000)
  from space 21824K,  90% used [0x00000000e6ab0000, 0x00000000e7df5aa8, 0x00000000e8000000)
  to   space 21824K,   0% used [0x00000000e5560000, 0x00000000e5560000, 0x00000000e6ab0000)
 concurrent mark-sweep generation total 393216K, used 0K [0x00000000e8000000, 0x0000000100000000, 0x0000000100000000)
 Metaspace       used 32740K, capacity 33286K, committed 33788K, reserved 1079296K
  class space    used 3591K, capacity 3759K, committed 3836K, reserved 1048576K
}
2017-03-31T00:52:38.078+0200: 115.724: Total time for which application threads were stopped: 0.0419586 seconds, Stopping threads took: 0.0000209 seconds
2017-03-31T00:52:39.078+0200: 116.725: Total time for which application threads were stopped: 0.0001405 seconds, Stopping threads took: 0.0000329 seconds
2017-03-31T00:52:40.080+0200: 117.726: Total time for which application threads were stopped: 0.0001124 seconds, Stopping threads took: 0.0000337 seconds
2017-03-31T00:52:41.083+0200: 118.729: Total time for which application threads were stopped: 0.0003836 seconds, Stopping threads took: 0.0001945 seconds
2017-03-31T00:52:42.084+0200: 119.731: Total time for which application threads were stopped: 0.0001023 seconds, Stopping threads took: 0.0000314 seconds
2017-03-31T00:52:43.085+0200: 120.731: Total time for which application threads were stopped: 0.0001229 seconds, Stopping threads took: 0.0000275 seconds
2017-03-31T00:52:44.085+0200: 121.732: Total time for which application threads were stopped: 0.0001376 seconds, Stopping threads took: 0.0000420 seconds
2017-03-31T00:52:45.091+0200: 122.737: Total time for which application threads were stopped: 0.0039602 seconds, Stopping threads took: 0.0038707 seconds
{Heap before GC invocations=7 (full 1):
 par new generation   total 109248K, used 107158K [0x00000000e0000000, 0x00000000e8000000, 0x00000000e8000000)
  eden space 87424K, 100% used [0x00000000e0000000, 0x00000000e5560000, 0x00000000e5560000)
  from space 21824K,  90% used [0x00000000e6ab0000, 0x00000000e7df5aa8, 0x00000000e8000000)
  to   space 21824K,   0% used [0x00000000e5560000, 0x00000000e5560000, 0x00000000e6ab0000)
 concurrent mark-sweep generation total 393216K, used 0K [0x00000000e8000000, 0x0000000100000000, 0x0000000100000000)
 Metaspace       used 32961K, capacity 33542K, committed 34044K, reserved 1079296K
  class space    used 3591K, capacity 3759K, committed 3836K, reserved 1048576K
2017-03-31T00:52:45.092+0200: 122.738: [GC (Allocation Failure) 2017-03-31T00:52:45.092+0200: 122.738: [ParNew
Desired survivor size 20112992 bytes, new threshold 8 (max 8)
- age   1:    2092568 bytes,    2092568 total
- age   2:    1999464 bytes,    4092032 total
- age   3:     153928 bytes,    4245960 total
- age   4:    2733248 bytes,    6979208 total
- age   5:    3391040 bytes,   10370248 total
- age   6:     383704 bytes,   10753952 total
- age   7:    1547040 bytes,   12300992 total
- age   8:    5145536 bytes,   17446528 total
: 107158K->21564K(109248K), 0.0312638 secs] 107158K->21564K(502464K), 0.0313383 secs] [Times: user=0.04 sys=0.00, real=0.03 secs] 
Heap after GC invocations=8 (full 1):
 par new generation   total 109248K, used 21564K [0x00000000e0000000, 0x00000000e8000000, 0x00000000e8000000)
  eden space 87424K,   0% used [0x00000000e0000000, 0x00000000e0000000, 0x00000000e5560000)
  from space 21824K,  98% used [0x00000000e5560000, 0x00000000e6a6f390, 0x00000000e6ab0000)
  to   space 21824K,   0% used [0x00000000e6ab0000, 0x00000000e6ab0000, 0x00000000e8000000)
 concurrent mark-sweep generation total 393216K, used 0K [0x00000000e8000000, 0x0000000100000000, 0x0000000100000000)
 Metaspace       used 32961K, capacity 33542K, committed 34044K, reserved 1079296K
  class space    used 3591K, capacity 3759K, committed 3836K, reserved 1048576K
}
2017-03-31T00:52:45.123+0200: 122.769: Total time for which application threads were stopped: 0.0315656 seconds, Stopping threads took: 0.0000290 seconds
2017-03-31T00:52:46.123+0200: 123.769: Total time for which application threads were stopped: 0.0001291 seconds, Stopping threads took: 0.0000351 seconds
2017-03-31T00:52:47.124+0200: 124.770: Total time for which application threads were stopped: 0.0001564 seconds, Stopping threads took: 0.0000567 seconds
2017-03-31T00:52:48.125+0200: 125.771: Total time for which application threads were stopped: 0.0002082 seconds, Stopping threads took: 0.0000733 seconds
2017-03-31T00:52:48.575+0200: 126.221: Total time for which application threads were stopped: 0.0001309 seconds, Stopping threads took: 0.0000424 seconds
2017-03-31T00:52:48.575+0200: 126.221: Total time for which application threads were stopped: 0.0002126 seconds, Stopping threads took: 0.0000143 seconds
2017-03-31T00:52:49.575+0200: 127.222: Total time for which application threads were stopped: 0.0001054 seconds, Stopping threads took: 0.0000285 seconds
2017-03-31T00:52:49.863+0200: 127.509: Total time for which application threads were stopped: 0.0001388 seconds, Stopping threads took: 0.0000528 seconds
2017-03-31T00:52:49.867+0200: 127.513: Total time for which application threads were stopped: 0.0001124 seconds, Stopping threads took: 0.0000361 seconds
2017-03-31T00:52:49.869+0200: 127.515: Total time for which application threads were stopped: 0.0001313 seconds, Stopping threads took: 0.0000388 seconds
2017-03-31T00:52:49.870+0200: 127.516: Total time for which application threads were stopped: 0.0001010 seconds, Stopping threads took: 0.0000324 seconds
2017-03-31T00:52:49.871+0200: 127.517: Total time for which application threads were stopped: 0.0001107 seconds, Stopping threads took: 0.0000352 seconds
2017-03-31T00:52:49.872+0200: 127.518: Total time for which application threads were stopped: 0.0000993 seconds, Stopping threads took: 0.0000310 seconds
2017-03-31T00:52:49.895+0200: 127.542: Total time for which application threads were stopped: 0.0003077 seconds, Stopping threads took: 0.0001451 seconds
2017-03-31T00:52:49.914+0200: 127.561: Total time for which application threads were stopped: 0.0001409 seconds, Stopping threads took: 0.0000357 seconds
2017-03-31T00:52:49.921+0200: 127.567: Total time for which application threads were stopped: 0.0001796 seconds, Stopping threads took: 0.0000435 seconds
2017-03-31T00:52:50.145+0200: 127.791: Total time for which application threads were stopped: 0.0003064 seconds, Stopping threads took: 0.0000922 seconds
2017-03-31T00:52:50.159+0200: 127.805: Total time for which application threads were stopped: 0.0001330 seconds, Stopping threads took: 0.0000284 seconds
2017-03-31T00:52:50.165+0200: 127.811: Total time for which application threads were stopped: 0.0002827 seconds, Stopping threads took: 0.0001552 seconds
2017-03-31T00:52:50.180+0200: 127.826: Total time for which application threads were stopped: 0.0015863 seconds, Stopping threads took: 0.0014699 seconds
2017-03-31T00:52:50.195+0200: 127.841: Total time for which application threads were stopped: 0.0007096 seconds, Stopping threads took: 0.0005855 seconds
2017-03-31T00:52:50.208+0200: 127.855: Total time for which application threads were stopped: 0.0039569 seconds, Stopping threads took: 0.0037512 seconds
2017-03-31T00:52:50.209+0200: 127.855: Total time for which application threads were stopped: 0.0002205 seconds, Stopping threads took: 0.0000354 seconds
2017-03-31T00:52:50.209+0200: 127.856: Total time for which application threads were stopped: 0.0001229 seconds, Stopping threads took: 0.0000178 seconds
2017-03-31T00:52:50.209+0200: 127.856: Total time for which application threads were stopped: 0.0000663 seconds, Stopping threads took: 0.0000119 seconds
2017-03-31T00:52:50.210+0200: 127.856: Total time for which application threads were stopped: 0.0000616 seconds, Stopping threads took: 0.0000113 seconds
2017-03-31T00:52:50.213+0200: 127.860: Total time for which application threads were stopped: 0.0002025 seconds, Stopping threads took: 0.0000552 seconds
2017-03-31T00:52:50.217+0200: 127.863: Total time for which application threads were stopped: 0.0001790 seconds, Stopping threads took: 0.0000343 seconds
2017-03-31T00:52:50.218+0200: 127.864: Total time for which application threads were stopped: 0.0000720 seconds, Stopping threads took: 0.0000143 seconds
2017-03-31T00:52:50.218+0200: 127.864: Total time for which application threads were stopped: 0.0000472 seconds, Stopping threads took: 0.0000114 seconds
2017-03-31T00:52:50.218+0200: 127.864: Total time for which application threads were stopped: 0.0000453 seconds, Stopping threads took: 0.0000111 seconds
2017-03-31T00:52:50.218+0200: 127.864: Total time for which application threads were stopped: 0.0000502 seconds, Stopping threads took: 0.0000127 seconds
2017-03-31T00:52:50.218+0200: 127.864: Total time for which application threads were stopped: 0.0000397 seconds, Stopping threads took: 0.0000064 seconds
2017-03-31T00:52:50.218+0200: 127.864: Total time for which application threads were stopped: 0.0001366 seconds, Stopping threads took: 0.0000063 seconds
2017-03-31T00:52:50.218+0200: 127.864: Total time for which application threads were stopped: 0.0000423 seconds, Stopping threads took: 0.0000068 seconds
2017-03-31T00:52:50.218+0200: 127.865: Total time for which application threads were stopped: 0.0000411 seconds, Stopping threads took: 0.0000068 seconds
2017-03-31T00:52:50.232+0200: 127.878: Total time for which application threads were stopped: 0.0001091 seconds, Stopping threads took: 0.0000353 seconds
2017-03-31T00:52:50.236+0200: 127.882: Total time for which application threads were stopped: 0.0001320 seconds, Stopping threads took: 0.0000370 seconds
2017-03-31T00:52:50.282+0200: 127.928: Total time for which application threads were stopped: 0.0156957 seconds, Stopping threads took: 0.0155609 seconds
2017-03-31T00:52:50.339+0200: 127.985: Total time for which application threads were stopped: 0.0003493 seconds, Stopping threads took: 0.0000463 seconds
2017-03-31T00:52:50.339+0200: 127.986: Total time for which application threads were stopped: 0.0000981 seconds, Stopping threads took: 0.0000208 seconds
2017-03-31T00:52:50.339+0200: 127.986: Total time for which application threads were stopped: 0.0000667 seconds, Stopping threads took: 0.0000099 seconds
2017-03-31T00:52:50.359+0200: 128.005: Total time for which application threads were stopped: 0.0000993 seconds, Stopping threads took: 0.0000302 seconds
{Heap before GC invocations=8 (full 1):
 par new generation   total 109248K, used 108988K [0x00000000e0000000, 0x00000000e8000000, 0x00000000e8000000)
  eden space 87424K, 100% used [0x00000000e0000000, 0x00000000e5560000, 0x00000000e5560000)
  from space 21824K,  98% used [0x00000000e5560000, 0x00000000e6a6f390, 0x00000000e6ab0000)
  to   space 21824K,   0% used [0x00000000e6ab0000, 0x00000000e6ab0000, 0x00000000e8000000)
 concurrent mark-sweep generation total 393216K, used 0K [0x00000000e8000000, 0x0000000100000000, 0x0000000100000000)
 Metaspace       used 33049K, capacity 33606K, committed 34044K, reserved 1079296K
  class space    used 3592K, capacity 3759K, committed 3836K, reserved 1048576K
2017-03-31T00:52:50.365+0200: 128.011: [GC (Allocation Failure) 2017-03-31T00:52:50.365+0200: 128.011: [ParNew
Desired survivor size 20112992 bytes, new threshold 8 (max 8)
- age   1:    1762544 bytes,    1762544 total
- age   2:     373816 bytes,    2136360 total
- age   3:     711104 bytes,    2847464 total
- age   4:     118832 bytes,    2966296 total
- age   5:    2723224 bytes,    5689520 total
- age   6:    3315160 bytes,    9004680 total
- age   7:     383704 bytes,    9388384 total
- age   8:    1547040 bytes,   10935424 total
: 108988K->13179K(109248K), 0.0931842 secs] 108988K->18740K(502464K), 0.0932727 secs] [Times: user=0.06 sys=0.00, real=0.09 secs] 
Heap after GC invocations=9 (full 1):
 par new generation   total 109248K, used 13179K [0x00000000e0000000, 0x00000000e8000000, 0x00000000e8000000)
  eden space 87424K,   0% used [0x00000000e0000000, 0x00000000e0000000, 0x00000000e5560000)
  from space 21824K,  60% used [0x00000000e6ab0000, 0x00000000e778ee60, 0x00000000e8000000)
  to   space 21824K,   0% used [0x00000000e5560000, 0x00000000e5560000, 0x00000000e6ab0000)
 concurrent mark-sweep generation total 393216K, used 5560K [0x00000000e8000000, 0x0000000100000000, 0x0000000100000000)
 Metaspace       used 33049K, capacity 33606K, committed 34044K, reserved 1079296K
  class space    used 3592K, capacity 3759K, committed 3836K, reserved 1048576K
}
2017-03-31T00:52:50.458+0200: 128.105: Total time for which application threads were stopped: 0.0934541 seconds, Stopping threads took: 0.0000381 seconds
2017-03-31T00:52:50.479+0200: 128.125: Total time for which application threads were stopped: 0.0078715 seconds, Stopping threads took: 0.0077578 seconds
2017-03-31T00:52:50.479+0200: 128.125: Total time for which application threads were stopped: 0.0000647 seconds, Stopping threads took: 0.0000101 seconds
2017-03-31T00:52:50.502+0200: 128.148: Total time for which application threads were stopped: 0.0001107 seconds, Stopping threads took: 0.0000346 seconds
2017-03-31T00:52:50.503+0200: 128.150: Total time for which application threads were stopped: 0.0010959 seconds, Stopping threads took: 0.0010020 seconds
2017-03-31T00:52:50.512+0200: 128.159: Total time for which application threads were stopped: 0.0001107 seconds, Stopping threads took: 0.0000355 seconds
2017-03-31T00:52:51.513+0200: 129.159: Total time for which application threads were stopped: 0.0001764 seconds, Stopping threads took: 0.0000547 seconds
2017-03-31T00:52:52.514+0200: 130.161: Total time for which application threads were stopped: 0.0000988 seconds, Stopping threads took: 0.0000254 seconds
2017-03-31T00:52:53.516+0200: 131.162: Total time for which application threads were stopped: 0.0008446 seconds, Stopping threads took: 0.0007162 seconds
2017-03-31T00:52:54.519+0200: 132.166: Total time for which application threads were stopped: 0.0002418 seconds, Stopping threads took: 0.0000320 seconds
2017-03-31T00:52:55.520+0200: 133.166: Total time for which application threads were stopped: 0.0001699 seconds, Stopping threads took: 0.0000592 seconds
{Heap before GC invocations=9 (full 1):
 par new generation   total 109248K, used 100603K [0x00000000e0000000, 0x00000000e8000000, 0x00000000e8000000)
  eden space 87424K, 100% used [0x00000000e0000000, 0x00000000e5560000, 0x00000000e5560000)
  from space 21824K,  60% used [0x00000000e6ab0000, 0x00000000e778ee60, 0x00000000e8000000)
  to   space 21824K,   0% used [0x00000000e5560000, 0x00000000e5560000, 0x00000000e6ab0000)
 concurrent mark-sweep generation total 393216K, used 5560K [0x00000000e8000000, 0x0000000100000000, 0x0000000100000000)
 Metaspace       used 33107K, capacity 33670K, committed 34044K, reserved 1079296K
  class space    used 3592K, capacity 3759K, committed 3836K, reserved 1048576K
2017-03-31T00:52:56.295+0200: 133.941: [GC (Allocation Failure) 2017-03-31T00:52:56.295+0200: 133.941: [ParNew
Desired survivor size 20112992 bytes, new threshold 8 (max 8)
- age   1:    2499936 bytes,    2499936 total
- age   2:    1095912 bytes,    3595848 total
- age   3:     295976 bytes,    3891824 total
- age   4:     700952 bytes,    4592776 total
- age   5:     110544 bytes,    4703320 total
- age   6:    2646032 bytes,    7349352 total
- age   7:    3305432 bytes,   10654784 total
- age   8:     383704 bytes,   11038488 total
: 100603K->13857K(109248K), 0.0577003 secs] 106164K->20960K(502464K), 0.0577945 secs] [Times: user=0.05 sys=0.00, real=0.06 secs] 
Heap after GC invocations=10 (full 1):
 par new generation   total 109248K, used 13857K [0x00000000e0000000, 0x00000000e8000000, 0x00000000e8000000)
  eden space 87424K,   0% used [0x00000000e0000000, 0x00000000e0000000, 0x00000000e5560000)
  from space 21824K,  63% used [0x00000000e5560000, 0x00000000e62e86b0, 0x00000000e6ab0000)
  to   space 21824K,   0% used [0x00000000e6ab0000, 0x00000000e6ab0000, 0x00000000e8000000)
 concurrent mark-sweep generation total 393216K, used 7102K [0x00000000e8000000, 0x0000000100000000, 0x0000000100000000)
 Metaspace       used 33107K, capacity 33670K, committed 34044K, reserved 1079296K
  class space    used 3592K, capacity 3759K, committed 3836K, reserved 1048576K
}
2017-03-31T00:52:56.353+0200: 133.999: Total time for which application threads were stopped: 0.0580275 seconds, Stopping threads took: 0.0000275 seconds
2017-03-31T00:52:57.366+0200: 135.012: Total time for which application threads were stopped: 0.0003108 seconds, Stopping threads took: 0.0000538 seconds
2017-03-31T00:52:58.366+0200: 136.013: Total time for which application threads were stopped: 0.0001300 seconds, Stopping threads took: 0.0000231 seconds
2017-03-31T00:52:59.366+0200: 137.013: Total time for which application threads were stopped: 0.0001173 seconds, Stopping threads took: 0.0000261 seconds
2017-03-31T00:53:00.368+0200: 138.015: Total time for which application threads were stopped: 0.0001319 seconds, Stopping threads took: 0.0000253 seconds
2017-03-31T00:53:01.371+0200: 139.017: Total time for which application threads were stopped: 0.0001069 seconds, Stopping threads took: 0.0000246 seconds
2017-03-31T00:53:02.371+0200: 140.017: Total time for which application threads were stopped: 0.0002715 seconds, Stopping threads took: 0.0000329 seconds
{Heap before GC invocations=10 (full 1):
 par new generation   total 109248K, used 101281K [0x00000000e0000000, 0x00000000e8000000, 0x00000000e8000000)
  eden space 87424K, 100% used [0x00000000e0000000, 0x00000000e5560000, 0x00000000e5560000)
  from space 21824K,  63% used [0x00000000e5560000, 0x00000000e62e86b0, 0x00000000e6ab0000)
  to   space 21824K,   0% used [0x00000000e6ab0000, 0x00000000e6ab0000, 0x00000000e8000000)
 concurrent mark-sweep generation total 393216K, used 7102K [0x00000000e8000000, 0x0000000100000000, 0x0000000100000000)
 Metaspace       used 33117K, capacity 33670K, committed 34044K, reserved 1079296K
  class space    used 3593K, capacity 3759K, committed 3836K, reserved 1048576K
2017-03-31T00:53:02.898+0200: 140.544: [GC (Allocation Failure) 2017-03-31T00:53:02.898+0200: 140.544: [ParNew
Desired survivor size 20112992 bytes, new threshold 8 (max 8)
- age   1:    1951304 bytes,    1951304 total
- age   2:    1607208 bytes,    3558512 total
- age   3:    1088264 bytes,    4646776 total
- age   4:     288232 bytes,    4935008 total
- age   5:     697280 bytes,    5632288 total
- age   6:     103880 bytes,    5736168 total
- age   7:    2640688 bytes,    8376856 total
- age   8:    3305304 bytes,   11682160 total
: 101281K->12266K(109248K), 0.0389807 secs] 108384K->19749K(502464K), 0.0391323 secs] [Times: user=0.04 sys=0.00, real=0.04 secs] 
Heap after GC invocations=11 (full 1):
 par new generation   total 109248K, used 12266K [0x00000000e0000000, 0x00000000e8000000, 0x00000000e8000000)
  eden space 87424K,   0% used [0x00000000e0000000, 0x00000000e0000000, 0x00000000e5560000)
  from space 21824K,  56% used [0x00000000e6ab0000, 0x00000000e76aa840, 0x00000000e8000000)
  to   space 21824K,   0% used [0x00000000e5560000, 0x00000000e5560000, 0x00000000e6ab0000)
 concurrent mark-sweep generation total 393216K, used 7483K [0x00000000e8000000, 0x0000000100000000, 0x0000000100000000)
 Metaspace       used 33117K, capacity 33670K, committed 34044K, reserved 1079296K
  class space    used 3593K, capacity 3759K, committed 3836K, reserved 1048576K
}
2017-03-31T00:53:02.937+0200: 140.584: Total time for which application threads were stopped: 0.0393454 seconds, Stopping threads took: 0.0000271 seconds
2017-03-31T00:53:03.938+0200: 141.584: Total time for which application threads were stopped: 0.0001121 seconds, Stopping threads took: 0.0000247 seconds
2017-03-31T00:53:04.939+0200: 142.585: Total time for which application threads were stopped: 0.0001587 seconds, Stopping threads took: 0.0000575 seconds
2017-03-31T00:53:04.963+0200: 142.609: Total time for which application threads were stopped: 0.0001181 seconds, Stopping threads took: 0.0000360 seconds
2017-03-31T00:53:05.001+0200: 142.647: Total time for which application threads were stopped: 0.0081284 seconds, Stopping threads took: 0.0080186 seconds
2017-03-31T00:53:05.001+0200: 142.647: Total time for which application threads were stopped: 0.0000883 seconds, Stopping threads took: 0.0000137 seconds
2017-03-31T00:53:05.001+0200: 142.648: Total time for which application threads were stopped: 0.0000708 seconds, Stopping threads took: 0.0000081 seconds
2017-03-31T00:53:05.449+0200: 143.095: Total time for which application threads were stopped: 0.0002311 seconds, Stopping threads took: 0.0000370 seconds
2017-03-31T00:53:05.464+0200: 143.110: Total time for which application threads were stopped: 0.0015082 seconds, Stopping threads took: 0.0014043 seconds
2017-03-31T00:53:05.464+0200: 143.111: Total time for which application threads were stopped: 0.0001351 seconds, Stopping threads took: 0.0000226 seconds
2017-03-31T00:53:05.512+0200: 143.159: Total time for which application threads were stopped: 0.0002217 seconds, Stopping threads took: 0.0000312 seconds
2017-03-31T00:53:06.513+0200: 144.159: Total time for which application threads were stopped: 0.0000948 seconds, Stopping threads took: 0.0000274 seconds
{Heap before GC invocations=11 (full 1):
 par new generation   total 109248K, used 99690K [0x00000000e0000000, 0x00000000e8000000, 0x00000000e8000000)
  eden space 87424K, 100% used [0x00000000e0000000, 0x00000000e5560000, 0x00000000e5560000)
  from space 21824K,  56% used [0x00000000e6ab0000, 0x00000000e76aa840, 0x00000000e8000000)
  to   space 21824K,   0% used [0x00000000e5560000, 0x00000000e5560000, 0x00000000e6ab0000)
 concurrent mark-sweep generation total 393216K, used 7483K [0x00000000e8000000, 0x0000000100000000, 0x0000000100000000)
 Metaspace       used 33156K, capacity 33682K, committed 34044K, reserved 1079296K
  class space    used 3593K, capacity 3759K, committed 3836K, reserved 1048576K
2017-03-31T00:53:07.044+0200: 144.690: [GC (Allocation Failure) 2017-03-31T00:53:07.044+0200: 144.690: [ParNew
Desired survivor size 20112992 bytes, new threshold 8 (max 8)
- age   1:    1738912 bytes,    1738912 total
- age   2:     210192 bytes,    1949104 total
- age   3:     318296 bytes,    2267400 total
- age   4:    1073064 bytes,    3340464 total
- age   5:     285624 bytes,    3626088 total
- age   6:     695760 bytes,    4321848 total
- age   7:     100120 bytes,    4421968 total
- age   8:    4865504 bytes,    9287472 total
: 99690K->14056K(109248K), 0.0441058 secs] 107173K->24799K(502464K), 0.0442051 secs] [Times: user=0.04 sys=0.00, real=0.04 secs] 
Heap after GC invocations=12 (full 1):
 par new generation   total 109248K, used 14056K [0x00000000e0000000, 0x00000000e8000000, 0x00000000e8000000)
  eden space 87424K,   0% used [0x00000000e0000000, 0x00000000e0000000, 0x00000000e5560000)
  from space 21824K,  64% used [0x00000000e5560000, 0x00000000e631a3f8, 0x00000000e6ab0000)
  to   space 21824K,   0% used [0x00000000e6ab0000, 0x00000000e6ab0000, 0x00000000e8000000)
 concurrent mark-sweep generation total 393216K, used 10742K [0x00000000e8000000, 0x0000000100000000, 0x0000000100000000)
 Metaspace       used 33156K, capacity 33682K, committed 34044K, reserved 1079296K
  class space    used 3593K, capacity 3759K, committed 3836K, reserved 1048576K
}
2017-03-31T00:53:07.088+0200: 144.734: Total time for which application threads were stopped: 0.0444065 seconds, Stopping threads took: 0.0000231 seconds
2017-03-31T00:53:08.098+0200: 145.745: Total time for which application threads were stopped: 0.0016058 seconds, Stopping threads took: 0.0015161 seconds
2017-03-31T00:53:09.101+0200: 146.747: Total time for which application threads were stopped: 0.0002311 seconds, Stopping threads took: 0.0000290 seconds
2017-03-31T00:53:10.103+0200: 147.749: Total time for which application threads were stopped: 0.0001649 seconds, Stopping threads took: 0.0000293 seconds
2017-03-31T00:53:11.104+0200: 148.750: Total time for which application threads were stopped: 0.0002871 seconds, Stopping threads took: 0.0001570 seconds
2017-03-31T00:53:12.426+0200: 150.073: Total time for which application threads were stopped: 0.0001199 seconds, Stopping threads took: 0.0000294 seconds
2017-03-31T00:53:12.473+0200: 150.119: Total time for which application threads were stopped: 0.0001502 seconds, Stopping threads took: 0.0000445 seconds
2017-03-31T00:53:12.480+0200: 150.126: Total time for which application threads were stopped: 0.0001459 seconds, Stopping threads took: 0.0000398 seconds
2017-03-31T00:53:12.480+0200: 150.126: Total time for which application threads were stopped: 0.0001041 seconds, Stopping threads took: 0.0000237 seconds
2017-03-31T00:53:12.480+0200: 150.127: Total time for which application threads were stopped: 0.0000846 seconds, Stopping threads took: 0.0000177 seconds
2017-03-31T00:53:12.498+0200: 150.145: Total time for which application threads were stopped: 0.0025481 seconds, Stopping threads took: 0.0023780 seconds
2017-03-31T00:53:12.544+0200: 150.190: Total time for which application threads were stopped: 0.0001945 seconds, Stopping threads took: 0.0000902 seconds
2017-03-31T00:53:12.544+0200: 150.190: Total time for which application threads were stopped: 0.0000581 seconds, Stopping threads took: 0.0000138 seconds
2017-03-31T00:53:12.544+0200: 150.190: Total time for which application threads were stopped: 0.0000488 seconds, Stopping threads took: 0.0000119 seconds
2017-03-31T00:53:12.544+0200: 150.190: Total time for which application threads were stopped: 0.0000478 seconds, Stopping threads took: 0.0000114 seconds
2017-03-31T00:53:12.544+0200: 150.190: Total time for which application threads were stopped: 0.0000476 seconds, Stopping threads took: 0.0000115 seconds
2017-03-31T00:53:12.544+0200: 150.191: Total time for which application threads were stopped: 0.0000418 seconds, Stopping threads took: 0.0000066 seconds
2017-03-31T00:53:12.544+0200: 150.191: Total time for which application threads were stopped: 0.0000416 seconds, Stopping threads took: 0.0000065 seconds
2017-03-31T00:53:12.544+0200: 150.191: Total time for which application threads were stopped: 0.0000416 seconds, Stopping threads took: 0.0000064 seconds
2017-03-31T00:53:12.546+0200: 150.192: Total time for which application threads were stopped: 0.0001223 seconds, Stopping threads took: 0.0000291 seconds
2017-03-31T00:53:12.546+0200: 150.193: Total time for which application threads were stopped: 0.0000950 seconds, Stopping threads took: 0.0000136 seconds
2017-03-31T00:53:12.547+0200: 150.193: Total time for which application threads were stopped: 0.0000661 seconds, Stopping threads took: 0.0000078 seconds
2017-03-31T00:53:12.549+0200: 150.195: Total time for which application threads were stopped: 0.0001227 seconds, Stopping threads took: 0.0000288 seconds
{Heap before GC invocations=12 (full 1):
 par new generation   total 109248K, used 101480K [0x00000000e0000000, 0x00000000e8000000, 0x00000000e8000000)
  eden space 87424K, 100% used [0x00000000e0000000, 0x00000000e5560000, 0x00000000e5560000)
  from space 21824K,  64% used [0x00000000e5560000, 0x00000000e631a3f8, 0x00000000e6ab0000)
  to   space 21824K,   0% used [0x00000000e6ab0000, 0x00000000e6ab0000, 0x00000000e8000000)
 concurrent mark-sweep generation total 393216K, used 10742K [0x00000000e8000000, 0x0000000100000000, 0x0000000100000000)
 Metaspace       used 33348K, capacity 33878K, committed 34300K, reserved 1079296K
  class space    used 3609K, capacity 3759K, committed 3836K, reserved 1048576K
2017-03-31T00:53:12.844+0200: 150.491: [GC (Allocation Failure) 2017-03-31T00:53:12.845+0200: 150.491: [ParNew
Desired survivor size 20112992 bytes, new threshold 8 (max 8)
- age   1:    2340688 bytes,    2340688 total
- age   2:     501328 bytes,    2842016 total
- age   3:      60392 bytes,    2902408 total
- age   4:     298936 bytes,    3201344 total
- age   5:    1037824 bytes,    4239168 total
- age   6:     283080 bytes,    4522248 total
- age   7:     617488 bytes,    5139736 total
- age   8:      97184 bytes,    5236920 total
: 101480K->7063K(109248K), 0.0299180 secs] 112223K->20381K(502464K), 0.0300094 secs] [Times: user=0.03 sys=0.00, real=0.03 secs] 
Heap after GC invocations=13 (full 1):
 par new generation   total 109248K, used 7063K [0x00000000e0000000, 0x00000000e8000000, 0x00000000e8000000)
  eden space 87424K,   0% used [0x00000000e0000000, 0x00000000e0000000, 0x00000000e5560000)
  from space 21824K,  32% used [0x00000000e6ab0000, 0x00000000e7195fa0, 0x00000000e8000000)
  to   space 21824K,   0% used [0x00000000e5560000, 0x00000000e5560000, 0x00000000e6ab0000)
 concurrent mark-sweep generation total 393216K, used 13317K [0x00000000e8000000, 0x0000000100000000, 0x0000000100000000)
 Metaspace       used 33348K, capacity 33878K, committed 34300K, reserved 1079296K
  class space    used 3609K, capacity 3759K, committed 3836K, reserved 1048576K
}
2017-03-31T00:53:12.875+0200: 150.521: Total time for which application threads were stopped: 0.0303019 seconds, Stopping threads took: 0.0000407 seconds
2017-03-31T00:53:12.879+0200: 150.526: Total time for which application threads were stopped: 0.0002563 seconds, Stopping threads took: 0.0000460 seconds
2017-03-31T00:53:13.530+0200: 151.177: Total time for which application threads were stopped: 0.0002112 seconds, Stopping threads took: 0.0000313 seconds
2017-03-31T00:53:13.530+0200: 151.177: Total time for which application threads were stopped: 0.0000732 seconds, Stopping threads took: 0.0000085 seconds
2017-03-31T00:53:13.532+0200: 151.178: Total time for which application threads were stopped: 0.0001277 seconds, Stopping threads took: 0.0000286 seconds
2017-03-31T00:53:13.533+0200: 151.179: Total time for which application threads were stopped: 0.0001106 seconds, Stopping threads took: 0.0000228 seconds
2017-03-31T00:53:13.533+0200: 151.179: Total time for which application threads were stopped: 0.0000502 seconds, Stopping threads took: 0.0000123 seconds
2017-03-31T00:53:13.533+0200: 151.179: Total time for which application threads were stopped: 0.0000531 seconds, Stopping threads took: 0.0000132 seconds
2017-03-31T00:53:13.533+0200: 151.180: Total time for which application threads were stopped: 0.0000470 seconds, Stopping threads took: 0.0000118 seconds
2017-03-31T00:53:13.534+0200: 151.180: Total time for which application threads were stopped: 0.0000625 seconds, Stopping threads took: 0.0000145 seconds
2017-03-31T00:53:14.534+0200: 152.181: Total time for which application threads were stopped: 0.0001049 seconds, Stopping threads took: 0.0000277 seconds
2017-03-31T00:53:19.538+0200: 157.184: Total time for which application threads were stopped: 0.0001328 seconds, Stopping threads took: 0.0000489 seconds
2017-03-31T00:53:20.539+0200: 158.185: Total time for which application threads were stopped: 0.0001981 seconds, Stopping threads took: 0.0001006 seconds
2017-03-31T00:53:26.541+0200: 164.188: Total time for which application threads were stopped: 0.0001045 seconds, Stopping threads took: 0.0000301 seconds
2017-03-31T00:53:27.643+0200: 165.289: Total time for which application threads were stopped: 0.0001699 seconds, Stopping threads took: 0.0000325 seconds
2017-03-31T00:53:27.644+0200: 165.290: Total time for which application threads were stopped: 0.0006821 seconds, Stopping threads took: 0.0000208 seconds
2017-03-31T00:53:28.645+0200: 166.291: Total time for which application threads were stopped: 0.0003999 seconds, Stopping threads took: 0.0000395 seconds
2017-03-31T00:53:29.646+0200: 167.292: Total time for which application threads were stopped: 0.0005223 seconds, Stopping threads took: 0.0003008 seconds
2017-03-31T00:53:47.296+0200: 184.942: Total time for which application threads were stopped: 0.0001732 seconds, Stopping threads took: 0.0000355 seconds
2017-03-31T00:53:47.311+0200: 184.957: Total time for which application threads were stopped: 0.0008686 seconds, Stopping threads took: 0.0000361 seconds
2017-03-31T00:53:47.333+0200: 184.979: Total time for which application threads were stopped: 0.0001276 seconds, Stopping threads took: 0.0000307 seconds
2017-03-31T00:53:47.338+0200: 184.984: Total time for which application threads were stopped: 0.0006960 seconds, Stopping threads took: 0.0000298 seconds
2017-03-31T00:53:47.418+0200: 185.065: Total time for which application threads were stopped: 0.0008078 seconds, Stopping threads took: 0.0000285 seconds
2017-03-31T00:53:48.419+0200: 186.065: Total time for which application threads were stopped: 0.0001139 seconds, Stopping threads took: 0.0000270 seconds
2017-03-31T00:54:59.805+0200: 257.451: Total time for which application threads were stopped: 0.0001924 seconds, Stopping threads took: 0.0000390 seconds
2017-03-31T00:54:59.805+0200: 257.452: Total time for which application threads were stopped: 0.0001054 seconds, Stopping threads took: 0.0000214 seconds
2017-03-31T00:54:59.806+0200: 257.452: Total time for which application threads were stopped: 0.0001019 seconds, Stopping threads took: 0.0000215 seconds
2017-03-31T00:54:59.812+0200: 257.459: Total time for which application threads were stopped: 0.0002565 seconds, Stopping threads took: 0.0000998 seconds
2017-03-31T00:55:00.813+0200: 258.459: Total time for which application threads were stopped: 0.0001191 seconds, Stopping threads took: 0.0000303 seconds
2017-03-31T01:13:12.245+0200: 1349.891: Total time for which application threads were stopped: 0.0008777 seconds, Stopping threads took: 0.0000631 seconds
2017-03-31T01:13:12.245+0200: 1349.892: Total time for which application threads were stopped: 0.0002020 seconds, Stopping threads took: 0.0000478 seconds
2017-03-31T01:13:12.251+0200: 1349.897: Total time for which application threads were stopped: 0.0000876 seconds, Stopping threads took: 0.0000164 seconds
2017-03-31T01:13:12.274+0200: 1349.920: Total time for which application threads were stopped: 0.0001505 seconds, Stopping threads took: 0.0000365 seconds
2017-03-31T01:13:12.274+0200: 1349.921: Total time for which application threads were stopped: 0.0000522 seconds, Stopping threads took: 0.0000137 seconds
2017-03-31T01:13:12.283+0200: 1349.929: Total time for which application threads were stopped: 0.0001046 seconds, Stopping threads took: 0.0000166 seconds
2017-03-31T01:13:12.284+0200: 1349.930: Total time for which application threads were stopped: 0.0000992 seconds, Stopping threads took: 0.0000183 seconds
2017-03-31T01:13:12.284+0200: 1349.930: Total time for which application threads were stopped: 0.0000590 seconds, Stopping threads took: 0.0000071 seconds
2017-03-31T01:13:12.285+0200: 1349.932: Total time for which application threads were stopped: 0.0000878 seconds, Stopping threads took: 0.0000199 seconds
2017-03-31T01:13:12.286+0200: 1349.932: Total time for which application threads were stopped: 0.0000412 seconds, Stopping threads took: 0.0000064 seconds
2017-03-31T01:13:12.286+0200: 1349.932: Total time for which application threads were stopped: 0.0000467 seconds, Stopping threads took: 0.0000112 seconds
2017-03-31T01:13:12.478+0200: 1350.125: Total time for which application threads were stopped: 0.0001632 seconds, Stopping threads took: 0.0000259 seconds
2017-03-31T01:13:12.566+0200: 1350.212: Total time for which application threads were stopped: 0.0033832 seconds, Stopping threads took: 0.0032486 seconds
2017-03-31T01:13:12.567+0200: 1350.213: Total time for which application threads were stopped: 0.0000785 seconds, Stopping threads took: 0.0000141 seconds
2017-03-31T01:13:12.567+0200: 1350.213: Total time for which application threads were stopped: 0.0000388 seconds, Stopping threads took: 0.0000061 seconds
2017-03-31T01:13:13.568+0200: 1351.215: Total time for which application threads were stopped: 0.0001137 seconds, Stopping threads took: 0.0000278 seconds
{Heap before GC invocations=13 (full 1):
 par new generation   total 109248K, used 94487K [0x00000000e0000000, 0x00000000e8000000, 0x00000000e8000000)
  eden space 87424K, 100% used [0x00000000e0000000, 0x00000000e5560000, 0x00000000e5560000)
  from space 21824K,  32% used [0x00000000e6ab0000, 0x00000000e7195fa0, 0x00000000e8000000)
  to   space 21824K,   0% used [0x00000000e5560000, 0x00000000e5560000, 0x00000000e6ab0000)
 concurrent mark-sweep generation total 393216K, used 13317K [0x00000000e8000000, 0x0000000100000000, 0x0000000100000000)
 Metaspace       used 34092K, capacity 34626K, committed 35196K, reserved 1081344K
  class space    used 3695K, capacity 3857K, committed 3964K, reserved 1048576K
2017-03-31T01:13:14.036+0200: 1351.683: [GC (Allocation Failure) 2017-03-31T01:13:14.036+0200: 1351.683: [ParNew
Desired survivor size 20112992 bytes, new threshold 8 (max 8)
- age   1:    1765032 bytes,    1765032 total
- age   2:      55224 bytes,    1820256 total
- age   3:     146752 bytes,    1967008 total
- age   4:      41872 bytes,    2008880 total
- age   5:      29944 bytes,    2038824 total
- age   6:      34712 bytes,    2073536 total
- age   7:      41640 bytes,    2115176 total
- age   8:      39776 bytes,    2154952 total
: 94487K->3936K(109248K), 0.0418427 secs] 107805K->17347K(502464K), 0.0419060 secs] [Times: user=0.03 sys=0.00, real=0.04 secs] 
Heap after GC invocations=14 (full 1):
 par new generation   total 109248K, used 3936K [0x00000000e0000000, 0x00000000e8000000, 0x00000000e8000000)
  eden space 87424K,   0% used [0x00000000e0000000, 0x00000000e0000000, 0x00000000e5560000)
  from space 21824K,  18% used [0x00000000e5560000, 0x00000000e5938120, 0x00000000e6ab0000)
  to   space 21824K,   0% used [0x00000000e6ab0000, 0x00000000e6ab0000, 0x00000000e8000000)
 concurrent mark-sweep generation total 393216K, used 13411K [0x00000000e8000000, 0x0000000100000000, 0x0000000100000000)
 Metaspace       used 34092K, capacity 34626K, committed 35196K, reserved 1081344K
  class space    used 3695K, capacity 3857K, committed 3964K, reserved 1048576K
}
2017-03-31T01:13:14.078+0200: 1351.725: Total time for which application threads were stopped: 0.0420914 seconds, Stopping threads took: 0.0000189 seconds
2017-03-31T01:13:15.078+0200: 1352.725: Total time for which application threads were stopped: 0.0001281 seconds, Stopping threads took: 0.0000383 seconds
2017-03-31T01:13:16.079+0200: 1353.726: Total time for which application threads were stopped: 0.0000905 seconds, Stopping threads took: 0.0000222 seconds
2017-03-31T01:13:18.084+0200: 1355.731: Total time for which application threads were stopped: 0.0001031 seconds, Stopping threads took: 0.0000229 seconds
2017-03-31T01:13:19.085+0200: 1356.731: Total time for which application threads were stopped: 0.0002086 seconds, Stopping threads took: 0.0001243 seconds
{Heap before GC invocations=14 (full 1):
 par new generation   total 109248K, used 91360K [0x00000000e0000000, 0x00000000e8000000, 0x00000000e8000000)
  eden space 87424K, 100% used [0x00000000e0000000, 0x00000000e5560000, 0x00000000e5560000)
  from space 21824K,  18% used [0x00000000e5560000, 0x00000000e5938120, 0x00000000e6ab0000)
  to   space 21824K,   0% used [0x00000000e6ab0000, 0x00000000e6ab0000, 0x00000000e8000000)
 concurrent mark-sweep generation total 393216K, used 13411K [0x00000000e8000000, 0x0000000100000000, 0x0000000100000000)
 Metaspace       used 34093K, capacity 34626K, committed 35196K, reserved 1081344K
  class space    used 3695K, capacity 3857K, committed 3964K, reserved 1048576K
2017-03-31T01:13:20.325+0200: 1357.972: [GC (Allocation Failure) 2017-03-31T01:13:20.325+0200: 1357.972: [ParNew
Desired survivor size 20112992 bytes, new threshold 8 (max 8)
- age   1:    2012576 bytes,    2012576 total
- age   2:     920136 bytes,    2932712 total
- age   3:      49440 bytes,    2982152 total
- age   4:     128800 bytes,    3110952 total
- age   5:      39072 bytes,    3150024 total
- age   6:      27736 bytes,    3177760 total
- age   7:      32504 bytes,    3210264 total
- age   8:      39624 bytes,    3249888 total
: 91360K->3664K(109248K), 0.0297626 secs] 104771K->17113K(502464K), 0.0298326 secs] [Times: user=0.03 sys=0.00, real=0.03 secs] 
Heap after GC invocations=15 (full 1):
 par new generation   total 109248K, used 3664K [0x00000000e0000000, 0x00000000e8000000, 0x00000000e8000000)
  eden space 87424K,   0% used [0x00000000e0000000, 0x00000000e0000000, 0x00000000e5560000)
  from space 21824K,  16% used [0x00000000e6ab0000, 0x00000000e6e44080, 0x00000000e8000000)
  to   space 21824K,   0% used [0x00000000e5560000, 0x00000000e5560000, 0x00000000e6ab0000)
 concurrent mark-sweep generation total 393216K, used 13449K [0x00000000e8000000, 0x0000000100000000, 0x0000000100000000)
 Metaspace       used 34093K, capacity 34626K, committed 35196K, reserved 1081344K
  class space    used 3695K, capacity 3857K, committed 3964K, reserved 1048576K
}
2017-03-31T01:13:20.355+0200: 1358.002: Total time for which application threads were stopped: 0.0299910 seconds, Stopping threads took: 0.0000205 seconds
2017-03-31T01:13:21.357+0200: 1359.003: Total time for which application threads were stopped: 0.0000986 seconds, Stopping threads took: 0.0000261 seconds
2017-03-31T01:13:23.363+0200: 1361.009: Total time for which application threads were stopped: 0.0000808 seconds, Stopping threads took: 0.0000223 seconds
2017-03-31T01:13:24.363+0200: 1362.010: Total time for which application threads were stopped: 0.0000781 seconds, Stopping threads took: 0.0000223 seconds
2017-03-31T01:13:25.365+0200: 1363.011: Total time for which application threads were stopped: 0.0001009 seconds, Stopping threads took: 0.0000259 seconds
{Heap before GC invocations=15 (full 1):
 par new generation   total 109248K, used 91088K [0x00000000e0000000, 0x00000000e8000000, 0x00000000e8000000)
  eden space 87424K, 100% used [0x00000000e0000000, 0x00000000e5560000, 0x00000000e5560000)
  from space 21824K,  16% used [0x00000000e6ab0000, 0x00000000e6e44080, 0x00000000e8000000)
  to   space 21824K,   0% used [0x00000000e5560000, 0x00000000e5560000, 0x00000000e6ab0000)
 concurrent mark-sweep generation total 393216K, used 13449K [0x00000000e8000000, 0x0000000100000000, 0x0000000100000000)
 Metaspace       used 34096K, capacity 34626K, committed 35196K, reserved 1081344K
  class space    used 3695K, capacity 3857K, committed 3964K, reserved 1048576K
2017-03-31T01:13:25.832+0200: 1363.479: [GC (Allocation Failure) 2017-03-31T01:13:25.832+0200: 1363.479: [ParNew
Desired survivor size 20112992 bytes, new threshold 8 (max 8)
- age   1:    2137832 bytes,    2137832 total
- age   2:    1044424 bytes,    3182256 total
- age   3:     857416 bytes,    4039672 total
- age   4:      46744 bytes,    4086416 total
- age   5:     101872 bytes,    4188288 total
- age   6:      36632 bytes,    4224920 total
- age   7:      26320 bytes,    4251240 total
- age   8:      25704 bytes,    4276944 total
: 91088K->5646K(109248K), 0.0249919 secs] 104537K->19132K(502464K), 0.0250702 secs] [Times: user=0.03 sys=0.00, real=0.02 secs] 
Heap after GC invocations=16 (full 1):
 par new generation   total 109248K, used 5646K [0x00000000e0000000, 0x00000000e8000000, 0x00000000e8000000)
  eden space 87424K,   0% used [0x00000000e0000000, 0x00000000e0000000, 0x00000000e5560000)
  from space 21824K,  25% used [0x00000000e5560000, 0x00000000e5ae3bd0, 0x00000000e6ab0000)
  to   space 21824K,   0% used [0x00000000e6ab0000, 0x00000000e6ab0000, 0x00000000e8000000)
 concurrent mark-sweep generation total 393216K, used 13486K [0x00000000e8000000, 0x0000000100000000, 0x0000000100000000)
 Metaspace       used 34096K, capacity 34626K, committed 35196K, reserved 1081344K
  class space    used 3695K, capacity 3857K, committed 3964K, reserved 1048576K
}
2017-03-31T01:13:25.857+0200: 1363.504: Total time for which application threads were stopped: 0.0252537 seconds, Stopping threads took: 0.0000269 seconds
2017-03-31T01:13:26.862+0200: 1364.508: Total time for which application threads were stopped: 0.0001192 seconds, Stopping threads took: 0.0000222 seconds
2017-03-31T01:13:27.550+0200: 1365.197: Total time for which application threads were stopped: 0.0000875 seconds, Stopping threads took: 0.0000270 seconds
2017-03-31T01:13:27.625+0200: 1365.272: Total time for which application threads were stopped: 0.0001618 seconds, Stopping threads took: 0.0000553 seconds
2017-03-31T01:13:27.626+0200: 1365.272: Total time for which application threads were stopped: 0.0000482 seconds, Stopping threads took: 0.0000069 seconds
2017-03-31T01:13:27.626+0200: 1365.272: Total time for which application threads were stopped: 0.0000387 seconds, Stopping threads took: 0.0000056 seconds
2017-03-31T01:13:27.799+0200: 1365.446: Total time for which application threads were stopped: 0.0001058 seconds, Stopping threads took: 0.0000293 seconds
2017-03-31T01:13:27.823+0200: 1365.469: Total time for which application threads were stopped: 0.0030821 seconds, Stopping threads took: 0.0029593 seconds
2017-03-31T01:13:27.823+0200: 1365.470: Total time for which application threads were stopped: 0.0001322 seconds, Stopping threads took: 0.0000094 seconds
2017-03-31T01:13:27.836+0200: 1365.482: Total time for which application threads were stopped: 0.0001054 seconds, Stopping threads took: 0.0000297 seconds
2017-03-31T01:13:27.840+0200: 1365.486: Total time for which application threads were stopped: 0.0000934 seconds, Stopping threads took: 0.0000306 seconds
2017-03-31T01:13:27.840+0200: 1365.487: Total time for which application threads were stopped: 0.0000465 seconds, Stopping threads took: 0.0000133 seconds
2017-03-31T01:13:28.843+0200: 1366.489: Total time for which application threads were stopped: 0.0001035 seconds, Stopping threads took: 0.0000253 seconds
{Heap before GC invocations=16 (full 1):
 par new generation   total 109248K, used 93070K [0x00000000e0000000, 0x00000000e8000000, 0x00000000e8000000)
  eden space 87424K, 100% used [0x00000000e0000000, 0x00000000e5560000, 0x00000000e5560000)
  from space 21824K,  25% used [0x00000000e5560000, 0x00000000e5ae3bd0, 0x00000000e6ab0000)
  to   space 21824K,   0% used [0x00000000e6ab0000, 0x00000000e6ab0000, 0x00000000e8000000)
 concurrent mark-sweep generation total 393216K, used 13486K [0x00000000e8000000, 0x0000000100000000, 0x0000000100000000)
 Metaspace       used 34105K, capacity 34630K, committed 35196K, reserved 1081344K
  class space    used 3695K, capacity 3857K, committed 3964K, reserved 1048576K
2017-03-31T01:13:29.830+0200: 1367.476: [GC (Allocation Failure) 2017-03-31T01:13:29.830+0200: 1367.476: [ParNew
Desired survivor size 20112992 bytes, new threshold 8 (max 8)
- age   1:    1816320 bytes,    1816320 total
- age   2:     231296 bytes,    2047616 total
- age   3:      94440 bytes,    2142056 total
- age   4:     265432 bytes,    2407488 total
- age   5:      45240 bytes,    2452728 total
- age   6:      24152 bytes,    2476880 total
- age   7:      35000 bytes,    2511880 total
- age   8:      25120 bytes,    2537000 total
: 93070K->3729K(109248K), 0.0283800 secs] 106556K->17239K(502464K), 0.0284553 secs] [Times: user=0.02 sys=0.00, real=0.02 secs] 
Heap after GC invocations=17 (full 1):
 par new generation   total 109248K, used 3729K [0x00000000e0000000, 0x00000000e8000000, 0x00000000e8000000)
  eden space 87424K,   0% used [0x00000000e0000000, 0x00000000e0000000, 0x00000000e5560000)
  from space 21824K,  17% used [0x00000000e6ab0000, 0x00000000e6e544c8, 0x00000000e8000000)
  to   space 21824K,   0% used [0x00000000e5560000, 0x00000000e5560000, 0x00000000e6ab0000)
 concurrent mark-sweep generation total 393216K, used 13510K [0x00000000e8000000, 0x0000000100000000, 0x0000000100000000)
 Metaspace       used 34105K, capacity 34630K, committed 35196K, reserved 1081344K
  class space    used 3695K, capacity 3857K, committed 3964K, reserved 1048576K
}
2017-03-31T01:13:29.858+0200: 1367.504: Total time for which application threads were stopped: 0.0286375 seconds, Stopping threads took: 0.0000185 seconds
2017-03-31T01:13:30.859+0200: 1368.505: Total time for which application threads were stopped: 0.0000798 seconds, Stopping threads took: 0.0000216 seconds
2017-03-31T01:13:31.859+0200: 1369.505: Total time for which application threads were stopped: 0.0000882 seconds, Stopping threads took: 0.0000257 seconds
2017-03-31T01:13:32.862+0200: 1370.509: Total time for which application threads were stopped: 0.0000842 seconds, Stopping threads took: 0.0000230 seconds
{Heap before GC invocations=17 (full 1):
 par new generation   total 109248K, used 91153K [0x00000000e0000000, 0x00000000e8000000, 0x00000000e8000000)
  eden space 87424K, 100% used [0x00000000e0000000, 0x00000000e5560000, 0x00000000e5560000)
  from space 21824K,  17% used [0x00000000e6ab0000, 0x00000000e6e544c8, 0x00000000e8000000)
  to   space 21824K,   0% used [0x00000000e5560000, 0x00000000e5560000, 0x00000000e6ab0000)
 concurrent mark-sweep generation total 393216K, used 13510K [0x00000000e8000000, 0x0000000100000000, 0x0000000100000000)
 Metaspace       used 34106K, capacity 34630K, committed 35196K, reserved 1081344K
  class space    used 3696K, capacity 3857K, committed 3964K, reserved 1048576K
2017-03-31T01:13:35.855+0200: 1373.502: [GC (Allocation Failure) 2017-03-31T01:13:35.855+0200: 1373.502: [ParNew
Desired survivor size 20112992 bytes, new threshold 8 (max 8)
- age   1:    1989624 bytes,    1989624 total
- age   2:    1239896 bytes,    3229520 total
- age   3:      67664 bytes,    3297184 total
- age   4:      78160 bytes,    3375344 total
- age   5:     264520 bytes,    3639864 total
- age   6:      44712 bytes,    3684576 total
- age   7:      23152 bytes,    3707728 total
- age   8:      34112 bytes,    3741840 total
: 91153K->4288K(109248K), 0.0265447 secs] 104663K->17822K(502464K), 0.0266194 secs] [Times: user=0.03 sys=0.00, real=0.03 secs] 
Heap after GC invocations=18 (full 1):
 par new generation   total 109248K, used 4288K [0x00000000e0000000, 0x00000000e8000000, 0x00000000e8000000)
  eden space 87424K,   0% used [0x00000000e0000000, 0x00000000e0000000, 0x00000000e5560000)
  from space 21824K,  19% used [0x00000000e5560000, 0x00000000e59902a0, 0x00000000e6ab0000)
  to   space 21824K,   0% used [0x00000000e6ab0000, 0x00000000e6ab0000, 0x00000000e8000000)
 concurrent mark-sweep generation total 393216K, used 13534K [0x00000000e8000000, 0x0000000100000000, 0x0000000100000000)
 Metaspace       used 34106K, capacity 34630K, committed 35196K, reserved 1081344K
  class space    used 3696K, capacity 3857K, committed 3964K, reserved 1048576K
}
2017-03-31T01:13:35.882+0200: 1373.528: Total time for which application threads were stopped: 0.0268404 seconds, Stopping threads took: 0.0000325 seconds
2017-03-31T01:13:36.884+0200: 1374.531: Total time for which application threads were stopped: 0.0000929 seconds, Stopping threads took: 0.0000267 seconds
2017-03-31T01:13:40.888+0200: 1378.534: Total time for which application threads were stopped: 0.0001322 seconds, Stopping threads took: 0.0000275 seconds
{Heap before GC invocations=18 (full 1):
 par new generation   total 109248K, used 91712K [0x00000000e0000000, 0x00000000e8000000, 0x00000000e8000000)
  eden space 87424K, 100% used [0x00000000e0000000, 0x00000000e5560000, 0x00000000e5560000)
  from space 21824K,  19% used [0x00000000e5560000, 0x00000000e59902a0, 0x00000000e6ab0000)
  to   space 21824K,   0% used [0x00000000e6ab0000, 0x00000000e6ab0000, 0x00000000e8000000)
 concurrent mark-sweep generation total 393216K, used 13534K [0x00000000e8000000, 0x0000000100000000, 0x0000000100000000)
 Metaspace       used 34106K, capacity 34630K, committed 35196K, reserved 1081344K
  class space    used 3696K, capacity 3857K, committed 3964K, reserved 1048576K
2017-03-31T01:13:41.442+0200: 1379.088: [GC (Allocation Failure) 2017-03-31T01:13:41.442+0200: 1379.088: [ParNew
Desired survivor size 20112992 bytes, new threshold 8 (max 8)
- age   1:    2115824 bytes,    2115824 total
- age   2:    1033832 bytes,    3149656 total
- age   3:    1127224 bytes,    4276880 total
- age   4:      63056 bytes,    4339936 total
- age   5:      75288 bytes,    4415224 total
- age   6:     263800 bytes,    4679024 total
- age   7:      44712 bytes,    4723736 total
- age   8:      23152 bytes,    4746888 total
: 91712K->6551K(109248K), 0.0415808 secs] 105246K->20118K(502464K), 0.0416603 secs] [Times: user=0.03 sys=0.00, real=0.04 secs] 
Heap after GC invocations=19 (full 1):
 par new generation   total 109248K, used 6551K [0x00000000e0000000, 0x00000000e8000000, 0x00000000e8000000)
  eden space 87424K,   0% used [0x00000000e0000000, 0x00000000e0000000, 0x00000000e5560000)
  from space 21824K,  30% used [0x00000000e6ab0000, 0x00000000e7115cb0, 0x00000000e8000000)
  to   space 21824K,   0% used [0x00000000e5560000, 0x00000000e5560000, 0x00000000e6ab0000)
 concurrent mark-sweep generation total 393216K, used 13567K [0x00000000e8000000, 0x0000000100000000, 0x0000000100000000)
 Metaspace       used 34106K, capacity 34630K, committed 35196K, reserved 1081344K
  class space    used 3696K, capacity 3857K, committed 3964K, reserved 1048576K
}
2017-03-31T01:13:41.484+0200: 1379.130: Total time for which application threads were stopped: 0.0418592 seconds, Stopping threads took: 0.0000193 seconds
2017-03-31T01:13:42.485+0200: 1380.132: Total time for which application threads were stopped: 0.0001071 seconds, Stopping threads took: 0.0000240 seconds
2017-03-31T01:13:42.555+0200: 1380.201: Total time for which application threads were stopped: 0.0000979 seconds, Stopping threads took: 0.0000303 seconds
2017-03-31T01:13:42.864+0200: 1380.510: Total time for which application threads were stopped: 0.0019280 seconds, Stopping threads took: 0.0018066 seconds
2017-03-31T01:13:42.868+0200: 1380.515: Total time for which application threads were stopped: 0.0001010 seconds, Stopping threads took: 0.0000307 seconds
2017-03-31T01:13:42.885+0200: 1380.531: Total time for which application threads were stopped: 0.0006200 seconds, Stopping threads took: 0.0005498 seconds
2017-03-31T01:13:42.885+0200: 1380.531: Total time for which application threads were stopped: 0.0000393 seconds, Stopping threads took: 0.0000138 seconds
2017-03-31T01:13:42.889+0200: 1380.535: Total time for which application threads were stopped: 0.0009155 seconds, Stopping threads took: 0.0007656 seconds
2017-03-31T01:13:42.893+0200: 1380.539: Total time for which application threads were stopped: 0.0000809 seconds, Stopping threads took: 0.0000245 seconds
2017-03-31T01:13:42.898+0200: 1380.544: Total time for which application threads were stopped: 0.0000908 seconds, Stopping threads took: 0.0000279 seconds
2017-03-31T01:13:42.903+0200: 1380.550: Total time for which application threads were stopped: 0.0001709 seconds, Stopping threads took: 0.0001012 seconds
2017-03-31T01:13:42.963+0200: 1380.609: Total time for which application threads were stopped: 0.0007712 seconds, Stopping threads took: 0.0005180 seconds
2017-03-31T01:13:42.963+0200: 1380.610: Total time for which application threads were stopped: 0.0001416 seconds, Stopping threads took: 0.0000776 seconds
2017-03-31T01:13:42.963+0200: 1380.610: Total time for which application threads were stopped: 0.0001497 seconds, Stopping threads took: 0.0000070 seconds
2017-03-31T01:13:42.973+0200: 1380.619: Total time for which application threads were stopped: 0.0000769 seconds, Stopping threads took: 0.0000231 seconds
2017-03-31T01:13:42.991+0200: 1380.637: Total time for which application threads were stopped: 0.0014070 seconds, Stopping threads took: 0.0013008 seconds
2017-03-31T01:13:42.991+0200: 1380.638: Total time for which application threads were stopped: 0.0000852 seconds, Stopping threads took: 0.0000156 seconds
2017-03-31T01:13:43.001+0200: 1380.647: Total time for which application threads were stopped: 0.0001011 seconds, Stopping threads took: 0.0000335 seconds
2017-03-31T01:13:43.010+0200: 1380.656: Total time for which application threads were stopped: 0.0001095 seconds, Stopping threads took: 0.0000378 seconds
2017-03-31T01:13:44.043+0200: 1381.689: Total time for which application threads were stopped: 0.0001068 seconds, Stopping threads took: 0.0000264 seconds
2017-03-31T01:13:45.044+0200: 1382.690: Total time for which application threads were stopped: 0.0001062 seconds, Stopping threads took: 0.0000410 seconds
{Heap before GC invocations=19 (full 1):
 par new generation   total 109248K, used 93975K [0x00000000e0000000, 0x00000000e8000000, 0x00000000e8000000)
  eden space 87424K, 100% used [0x00000000e0000000, 0x00000000e5560000, 0x00000000e5560000)
  from space 21824K,  30% used [0x00000000e6ab0000, 0x00000000e7115cb0, 0x00000000e8000000)
  to   space 21824K,   0% used [0x00000000e5560000, 0x00000000e5560000, 0x00000000e6ab0000)
 concurrent mark-sweep generation total 393216K, used 13567K [0x00000000e8000000, 0x0000000100000000, 0x0000000100000000)
 Metaspace       used 34111K, capacity 34630K, committed 35196K, reserved 1081344K
  class space    used 3696K, capacity 3857K, committed 3964K, reserved 1048576K
2017-03-31T01:13:45.214+0200: 1382.860: [GC (Allocation Failure) 2017-03-31T01:13:45.214+0200: 1382.860: [ParNew
Desired survivor size 20112992 bytes, new threshold 8 (max 8)
- age   1:    2525920 bytes,    2525920 total
- age   2:     361720 bytes,    2887640 total
- age   3:     330776 bytes,    3218416 total
- age   4:     479496 bytes,    3697912 total
- age   5:      62048 bytes,    3759960 total
- age   6:      70216 bytes,    3830176 total
- age   7:     113808 bytes,    3943984 total
- age   8:      44712 bytes,    3988696 total
: 93975K->5385K(109248K), 0.0235817 secs] 107542K->18975K(502464K), 0.0236468 secs] [Times: user=0.02 sys=0.00, real=0.02 secs] 
Heap after GC invocations=20 (full 1):
 par new generation   total 109248K, used 5385K [0x00000000e0000000, 0x00000000e8000000, 0x00000000e8000000)
  eden space 87424K,   0% used [0x00000000e0000000, 0x00000000e0000000, 0x00000000e5560000)
  from space 21824K,  24% used [0x00000000e5560000, 0x00000000e5aa2580, 0x00000000e6ab0000)
  to   space 21824K,   0% used [0x00000000e6ab0000, 0x00000000e6ab0000, 0x00000000e8000000)
 concurrent mark-sweep generation total 393216K, used 13590K [0x00000000e8000000, 0x0000000100000000, 0x0000000100000000)
 Metaspace       used 34111K, capacity 34630K, committed 35196K, reserved 1081344K
  class space    used 3696K, capacity 3857K, committed 3964K, reserved 1048576K
}
2017-03-31T01:13:45.238+0200: 1382.884: Total time for which application threads were stopped: 0.0238172 seconds, Stopping threads took: 0.0000200 seconds
2017-03-31T01:13:46.240+0200: 1383.886: Total time for which application threads were stopped: 0.0000861 seconds, Stopping threads took: 0.0000223 seconds
2017-03-31T01:13:47.240+0200: 1384.886: Total time for which application threads were stopped: 0.0000757 seconds, Stopping threads took: 0.0000219 seconds
2017-03-31T01:13:48.241+0200: 1385.887: Total time for which application threads were stopped: 0.0000776 seconds, Stopping threads took: 0.0000227 seconds
2017-03-31T01:13:49.244+0200: 1386.891: Total time for which application threads were stopped: 0.0028679 seconds, Stopping threads took: 0.0027812 seconds
2017-03-31T01:13:50.245+0200: 1387.891: Total time for which application threads were stopped: 0.0001310 seconds, Stopping threads took: 0.0000324 seconds
{Heap before GC invocations=20 (full 1):
 par new generation   total 109248K, used 92809K [0x00000000e0000000, 0x00000000e8000000, 0x00000000e8000000)
  eden space 87424K, 100% used [0x00000000e0000000, 0x00000000e5560000, 0x00000000e5560000)
  from space 21824K,  24% used [0x00000000e5560000, 0x00000000e5aa2580, 0x00000000e6ab0000)
  to   space 21824K,   0% used [0x00000000e6ab0000, 0x00000000e6ab0000, 0x00000000e8000000)
 concurrent mark-sweep generation total 393216K, used 13590K [0x00000000e8000000, 0x0000000100000000, 0x0000000100000000)
 Metaspace       used 34114K, capacity 34630K, committed 35196K, reserved 1081344K
  class space    used 3696K, capacity 3857K, committed 3964K, reserved 1048576K
2017-03-31T01:13:51.674+0200: 1389.320: [GC (Allocation Failure) 2017-03-31T01:13:51.674+0200: 1389.320: [ParNew
Desired survivor size 20112992 bytes, new threshold 8 (max 8)
- age   1:    2247040 bytes,    2247040 total
- age   2:    2009872 bytes,    4256912 total
- age   3:     291664 bytes,    4548576 total
- age   4:     307232 bytes,    4855808 total
- age   5:     478440 bytes,    5334248 total
- age   6:      60672 bytes,    5394920 total
- age   7:      68680 bytes,    5463600 total
- age   8:     108600 bytes,    5572200 total
: 92809K->6692K(109248K), 0.0280290 secs] 106399K->20326K(502464K), 0.0280969 secs] [Times: user=0.02 sys=0.00, real=0.03 secs] 
Heap after GC invocations=21 (full 1):
 par new generation   total 109248K, used 6692K [0x00000000e0000000, 0x00000000e8000000, 0x00000000e8000000)
  eden space 87424K,   0% used [0x00000000e0000000, 0x00000000e0000000, 0x00000000e5560000)
  from space 21824K,  30% used [0x00000000e6ab0000, 0x00000000e7139038, 0x00000000e8000000)
  to   space 21824K,   0% used [0x00000000e5560000, 0x00000000e5560000, 0x00000000e6ab0000)
 concurrent mark-sweep generation total 393216K, used 13634K [0x00000000e8000000, 0x0000000100000000, 0x0000000100000000)
 Metaspace       used 34114K, capacity 34630K, committed 35196K, reserved 1081344K
  class space    used 3696K, capacity 3857K, committed 3964K, reserved 1048576K
}
2017-03-31T01:13:51.702+0200: 1389.348: Total time for which application threads were stopped: 0.0282636 seconds, Stopping threads took: 0.0000197 seconds
2017-03-31T01:13:52.703+0200: 1390.349: Total time for which application threads were stopped: 0.0000921 seconds, Stopping threads took: 0.0000254 seconds
2017-03-31T01:13:53.703+0200: 1391.349: Total time for which application threads were stopped: 0.0000823 seconds, Stopping threads took: 0.0000235 seconds
2017-03-31T01:13:54.704+0200: 1392.350: Total time for which application threads were stopped: 0.0001025 seconds, Stopping threads took: 0.0000277 seconds
2017-03-31T01:13:56.560+0200: 1394.206: Total time for which application threads were stopped: 0.0002244 seconds, Stopping threads took: 0.0000388 seconds
2017-03-31T01:13:56.578+0200: 1394.224: Total time for which application threads were stopped: 0.0001204 seconds, Stopping threads took: 0.0000301 seconds
2017-03-31T01:13:56.672+0200: 1394.318: Total time for which application threads were stopped: 0.0001228 seconds, Stopping threads took: 0.0000323 seconds
2017-03-31T01:13:56.672+0200: 1394.318: Total time for which application threads were stopped: 0.0000499 seconds, Stopping threads took: 0.0000128 seconds
2017-03-31T01:13:56.763+0200: 1394.409: Total time for which application threads were stopped: 0.0001171 seconds, Stopping threads took: 0.0000282 seconds
2017-03-31T01:13:56.763+0200: 1394.410: Total time for which application threads were stopped: 0.0001001 seconds, Stopping threads took: 0.0000119 seconds
2017-03-31T01:13:56.768+0200: 1394.414: Total time for which application threads were stopped: 0.0001144 seconds, Stopping threads took: 0.0000308 seconds
2017-03-31T01:13:56.768+0200: 1394.414: Total time for which application threads were stopped: 0.0000850 seconds, Stopping threads took: 0.0000133 seconds
2017-03-31T01:13:56.768+0200: 1394.415: Total time for which application threads were stopped: 0.0001525 seconds, Stopping threads took: 0.0000154 seconds
2017-03-31T01:13:56.771+0200: 1394.418: Total time for which application threads were stopped: 0.0001199 seconds, Stopping threads took: 0.0000331 seconds
2017-03-31T01:13:56.772+0200: 1394.418: Total time for which application threads were stopped: 0.0000833 seconds, Stopping threads took: 0.0000200 seconds
2017-03-31T01:13:56.775+0200: 1394.421: Total time for which application threads were stopped: 0.0000890 seconds, Stopping threads took: 0.0000162 seconds
2017-03-31T01:13:56.775+0200: 1394.421: Total time for which application threads were stopped: 0.0000425 seconds, Stopping threads took: 0.0000061 seconds
2017-03-31T01:13:56.780+0200: 1394.427: Total time for which application threads were stopped: 0.0001322 seconds, Stopping threads took: 0.0000255 seconds
{Heap before GC invocations=21 (full 1):
 par new generation   total 109248K, used 94116K [0x00000000e0000000, 0x00000000e8000000, 0x00000000e8000000)
  eden space 87424K, 100% used [0x00000000e0000000, 0x00000000e5560000, 0x00000000e5560000)
  from space 21824K,  30% used [0x00000000e6ab0000, 0x00000000e7139038, 0x00000000e8000000)
  to   space 21824K,   0% used [0x00000000e5560000, 0x00000000e5560000, 0x00000000e6ab0000)
 concurrent mark-sweep generation total 393216K, used 13634K [0x00000000e8000000, 0x0000000100000000, 0x0000000100000000)
 Metaspace       used 34131K, capacity 34700K, committed 35196K, reserved 1081344K
  class space    used 3696K, capacity 3858K, committed 3964K, reserved 1048576K
2017-03-31T01:13:56.876+0200: 1394.522: [GC (Allocation Failure) 2017-03-31T01:13:56.876+0200: 1394.522: [ParNew
Desired survivor size 20112992 bytes, new threshold 8 (max 8)
- age   1:    1830392 bytes,    1830392 total
- age   2:     154496 bytes,    1984888 total
- age   3:    1131664 bytes,    3116552 total
- age   4:     290872 bytes,    3407424 total
- age   5:     306200 bytes,    3713624 total
- age   6:     477808 bytes,    4191432 total
- age   7:      59928 bytes,    4251360 total
- age   8:      67888 bytes,    4319248 total
: 94116K->8043K(109248K), 0.0320079 secs] 107750K->21784K(502464K), 0.0320643 secs] [Times: user=0.03 sys=0.00, real=0.04 secs] 
Heap after GC invocations=22 (full 1):
 par new generation   total 109248K, used 8043K [0x00000000e0000000, 0x00000000e8000000, 0x00000000e8000000)
  eden space 87424K,   0% used [0x00000000e0000000, 0x00000000e0000000, 0x00000000e5560000)
  from space 21824K,  36% used [0x00000000e5560000, 0x00000000e5d3ac00, 0x00000000e6ab0000)
  to   space 21824K,   0% used [0x00000000e6ab0000, 0x00000000e6ab0000, 0x00000000e8000000)
 concurrent mark-sweep generation total 393216K, used 13741K [0x00000000e8000000, 0x0000000100000000, 0x0000000100000000)
 Metaspace       used 34131K, capacity 34700K, committed 35196K, reserved 1081344K
  class space    used 3696K, capacity 3858K, committed 3964K, reserved 1048576K
}
2017-03-31T01:13:56.908+0200: 1394.554: Total time for which application threads were stopped: 0.0322764 seconds, Stopping threads took: 0.0000308 seconds
2017-03-31T01:13:57.246+0200: 1394.892: Total time for which application threads were stopped: 0.0001158 seconds, Stopping threads took: 0.0000197 seconds
2017-03-31T01:13:57.254+0200: 1394.900: Total time for which application threads were stopped: 0.0001239 seconds, Stopping threads took: 0.0000258 seconds
2017-03-31T01:13:57.254+0200: 1394.900: Total time for which application threads were stopped: 0.0000598 seconds, Stopping threads took: 0.0000071 seconds
2017-03-31T01:13:57.258+0200: 1394.904: Total time for which application threads were stopped: 0.0001704 seconds, Stopping threads took: 0.0000330 seconds
2017-03-31T01:13:57.258+0200: 1394.904: Total time for which application threads were stopped: 0.0001252 seconds, Stopping threads took: 0.0000140 seconds
2017-03-31T01:13:57.258+0200: 1394.905: Total time for which application threads were stopped: 0.0000456 seconds, Stopping threads took: 0.0000119 seconds
2017-03-31T01:14:45.816+0200: 1443.462: Total time for which application threads were stopped: 0.0002172 seconds, Stopping threads took: 0.0000855 seconds
2017-03-31T01:14:45.825+0200: 1443.471: Total time for which application threads were stopped: 0.0001611 seconds, Stopping threads took: 0.0000414 seconds
2017-03-31T01:14:46.825+0200: 1444.472: Total time for which application threads were stopped: 0.0001087 seconds, Stopping threads took: 0.0000265 seconds
2017-03-31T01:16:24.764+0200: 1542.411: Total time for which application threads were stopped: 0.0000968 seconds, Stopping threads took: 0.0000231 seconds
2017-03-31T01:16:24.765+0200: 1542.411: Total time for which application threads were stopped: 0.0000479 seconds, Stopping threads took: 0.0000123 seconds
2017-03-31T01:16:24.766+0200: 1542.412: Total time for which application threads were stopped: 0.0000812 seconds, Stopping threads took: 0.0000152 seconds
2017-03-31T01:16:24.777+0200: 1542.423: Total time for which application threads were stopped: 0.0001193 seconds, Stopping threads took: 0.0000356 seconds
2017-03-31T01:16:24.813+0200: 1542.459: Total time for which application threads were stopped: 0.0001244 seconds, Stopping threads took: 0.0000264 seconds
2017-03-31T01:16:24.813+0200: 1542.460: Total time for which application threads were stopped: 0.0000562 seconds, Stopping threads took: 0.0000072 seconds
2017-03-31T01:16:24.820+0200: 1542.466: Total time for which application threads were stopped: 0.0001096 seconds, Stopping threads took: 0.0000270 seconds
2017-03-31T01:16:24.820+0200: 1542.466: Total time for which application threads were stopped: 0.0000453 seconds, Stopping threads took: 0.0000111 seconds
2017-03-31T01:16:24.820+0200: 1542.467: Total time for which application threads were stopped: 0.0000418 seconds, Stopping threads took: 0.0000106 seconds
2017-03-31T01:16:25.821+0200: 1543.467: Total time for which application threads were stopped: 0.0001139 seconds, Stopping threads took: 0.0000300 seconds
2017-03-31T01:16:43.672+0200: 1561.318: Total time for which application threads were stopped: 0.0004052 seconds, Stopping threads took: 0.0001894 seconds
2017-03-31T01:16:43.672+0200: 1561.318: Total time for which application threads were stopped: 0.0000563 seconds, Stopping threads took: 0.0000094 seconds
2017-03-31T01:16:43.680+0200: 1561.326: Total time for which application threads were stopped: 0.0001244 seconds, Stopping threads took: 0.0000316 seconds
2017-03-31T01:16:43.680+0200: 1561.327: Total time for which application threads were stopped: 0.0000654 seconds, Stopping threads took: 0.0000139 seconds
2017-03-31T01:16:43.681+0200: 1561.327: Total time for which application threads were stopped: 0.0000447 seconds, Stopping threads took: 0.0000118 seconds
2017-03-31T01:16:43.694+0200: 1561.340: Total time for which application threads were stopped: 0.0001052 seconds, Stopping threads took: 0.0000249 seconds
2017-03-31T01:16:44.695+0200: 1562.341: Total time for which application threads were stopped: 0.0001463 seconds, Stopping threads took: 0.0000306 seconds
2017-03-31T01:18:34.753+0200: 1672.400: Total time for which application threads were stopped: 0.0001214 seconds, Stopping threads took: 0.0000507 seconds
2017-03-31T01:20:00.220+0200: 1757.866: Total time for which application threads were stopped: 0.0001288 seconds, Stopping threads took: 0.0000440 seconds
2017-03-31T01:20:00.224+0200: 1757.871: Total time for which application threads were stopped: 0.0001024 seconds, Stopping threads took: 0.0000270 seconds
2017-03-31T01:20:00.229+0200: 1757.875: Total time for which application threads were stopped: 0.0001058 seconds, Stopping threads took: 0.0000305 seconds
2017-03-31T01:20:18.959+0200: 1776.605: Total time for which application threads were stopped: 0.0001546 seconds, Stopping threads took: 0.0000571 seconds
2017-03-31T01:20:18.959+0200: 1776.606: Total time for which application threads were stopped: 0.0000992 seconds, Stopping threads took: 0.0000246 seconds
2017-03-31T01:20:18.965+0200: 1776.611: Total time for which application threads were stopped: 0.0001873 seconds, Stopping threads took: 0.0000213 seconds
2017-03-31T01:20:18.966+0200: 1776.612: Total time for which application threads were stopped: 0.0001042 seconds, Stopping threads took: 0.0000226 seconds
2017-03-31T01:20:18.966+0200: 1776.613: Total time for which application threads were stopped: 0.0000725 seconds, Stopping threads took: 0.0000109 seconds
2017-03-31T01:20:18.971+0200: 1776.617: Total time for which application threads were stopped: 0.0001246 seconds, Stopping threads took: 0.0000353 seconds
2017-03-31T01:20:18.971+0200: 1776.617: Total time for which application threads were stopped: 0.0000530 seconds, Stopping threads took: 0.0000172 seconds
2017-03-31T01:20:18.971+0200: 1776.617: Total time for which application threads were stopped: 0.0001117 seconds, Stopping threads took: 0.0000641 seconds
2017-03-31T01:20:18.974+0200: 1776.621: Total time for which application threads were stopped: 0.0001860 seconds, Stopping threads took: 0.0000367 seconds
2017-03-31T01:20:18.982+0200: 1776.628: Total time for which application threads were stopped: 0.0000946 seconds, Stopping threads took: 0.0000185 seconds
2017-03-31T01:20:18.983+0200: 1776.630: Total time for which application threads were stopped: 0.0001725 seconds, Stopping threads took: 0.0000317 seconds
2017-03-31T01:20:18.983+0200: 1776.630: Total time for which application threads were stopped: 0.0000873 seconds, Stopping threads took: 0.0000116 seconds
2017-03-31T01:20:18.984+0200: 1776.630: Total time for which application threads were stopped: 0.0000535 seconds, Stopping threads took: 0.0000090 seconds
2017-03-31T01:20:18.989+0200: 1776.635: Total time for which application threads were stopped: 0.0001279 seconds, Stopping threads took: 0.0000315 seconds
2017-03-31T01:20:18.989+0200: 1776.635: Total time for which application threads were stopped: 0.0000401 seconds, Stopping threads took: 0.0000063 seconds
2017-03-31T01:20:18.989+0200: 1776.636: Total time for which application threads were stopped: 0.0000608 seconds, Stopping threads took: 0.0000156 seconds
2017-03-31T01:20:18.989+0200: 1776.636: Total time for which application threads were stopped: 0.0000405 seconds, Stopping threads took: 0.0000109 seconds
2017-03-31T01:20:18.990+0200: 1776.636: Total time for which application threads were stopped: 0.0000498 seconds, Stopping threads took: 0.0000137 seconds
2017-03-31T01:20:19.217+0200: 1776.863: Total time for which application threads were stopped: 0.0000903 seconds, Stopping threads took: 0.0000185 seconds
2017-03-31T01:20:19.301+0200: 1776.948: Total time for which application threads were stopped: 0.0001424 seconds, Stopping threads took: 0.0000242 seconds
2017-03-31T01:20:19.302+0200: 1776.948: Total time for which application threads were stopped: 0.0000881 seconds, Stopping threads took: 0.0000146 seconds
2017-03-31T01:20:19.302+0200: 1776.948: Total time for which application threads were stopped: 0.0000405 seconds, Stopping threads took: 0.0000064 seconds
{Heap before GC invocations=22 (full 1):
 par new generation   total 109248K, used 95467K [0x00000000e0000000, 0x00000000e8000000, 0x00000000e8000000)
  eden space 87424K, 100% used [0x00000000e0000000, 0x00000000e5560000, 0x00000000e5560000)
  from space 21824K,  36% used [0x00000000e5560000, 0x00000000e5d3ac00, 0x00000000e6ab0000)
  to   space 21824K,   0% used [0x00000000e6ab0000, 0x00000000e6ab0000, 0x00000000e8000000)
 concurrent mark-sweep generation total 393216K, used 13741K [0x00000000e8000000, 0x0000000100000000, 0x0000000100000000)
 Metaspace       used 34213K, capacity 34764K, committed 35196K, reserved 1081344K
  class space    used 3699K, capacity 3858K, committed 3964K, reserved 1048576K
2017-03-31T01:20:20.302+0200: 1777.948: [GC (Allocation Failure) 2017-03-31T01:20:20.302+0200: 1777.948: [ParNew
Desired survivor size 20112992 bytes, new threshold 8 (max 8)
- age   1:    1160288 bytes,    1160288 total
- age   2:      42224 bytes,    1202512 total
- age   3:      87296 bytes,    1289808 total
- age   4:     107584 bytes,    1397392 total
- age   5:      55760 bytes,    1453152 total
- age   6:      59312 bytes,    1512464 total
- age   7:      43328 bytes,    1555792 total
- age   8:      59592 bytes,    1615384 total
: 95467K->2909K(109248K), 0.0233792 secs] 109208K->16716K(502464K), 0.0234773 secs] [Times: user=0.02 sys=0.00, real=0.02 secs] 
Heap after GC invocations=23 (full 1):
 par new generation   total 109248K, used 2909K [0x00000000e0000000, 0x00000000e8000000, 0x00000000e8000000)
  eden space 87424K,   0% used [0x00000000e0000000, 0x00000000e0000000, 0x00000000e5560000)
  from space 21824K,  13% used [0x00000000e6ab0000, 0x00000000e6d87740, 0x00000000e8000000)
  to   space 21824K,   0% used [0x00000000e5560000, 0x00000000e5560000, 0x00000000e6ab0000)
 concurrent mark-sweep generation total 393216K, used 13806K [0x00000000e8000000, 0x0000000100000000, 0x0000000100000000)
 Metaspace       used 34213K, capacity 34764K, committed 35196K, reserved 1081344K
  class space    used 3699K, capacity 3858K, committed 3964K, reserved 1048576K
}
2017-03-31T01:20:20.325+0200: 1777.972: Total time for which application threads were stopped: 0.0237156 seconds, Stopping threads took: 0.0000281 seconds
2017-03-31T01:20:22.332+0200: 1779.978: Total time for which application threads were stopped: 0.0001102 seconds, Stopping threads took: 0.0000238 seconds
2017-03-31T01:20:23.333+0200: 1780.979: Total time for which application threads were stopped: 0.0000903 seconds, Stopping threads took: 0.0000230 seconds
2017-03-31T01:20:24.335+0200: 1781.981: Total time for which application threads were stopped: 0.0011652 seconds, Stopping threads took: 0.0009936 seconds
2017-03-31T01:20:25.336+0200: 1782.982: Total time for which application threads were stopped: 0.0001231 seconds, Stopping threads took: 0.0000414 seconds
2017-03-31T01:20:29.344+0200: 1786.990: Total time for which application threads were stopped: 0.0000741 seconds, Stopping threads took: 0.0000222 seconds
2017-03-31T01:20:30.344+0200: 1787.990: Total time for which application threads were stopped: 0.0000810 seconds, Stopping threads took: 0.0000247 seconds
{Heap before GC invocations=23 (full 1):
 par new generation   total 109248K, used 90333K [0x00000000e0000000, 0x00000000e8000000, 0x00000000e8000000)
  eden space 87424K, 100% used [0x00000000e0000000, 0x00000000e5560000, 0x00000000e5560000)
  from space 21824K,  13% used [0x00000000e6ab0000, 0x00000000e6d87740, 0x00000000e8000000)
  to   space 21824K,   0% used [0x00000000e5560000, 0x00000000e5560000, 0x00000000e6ab0000)
 concurrent mark-sweep generation total 393216K, used 13806K [0x00000000e8000000, 0x0000000100000000, 0x0000000100000000)
 Metaspace       used 34214K, capacity 34764K, committed 35196K, reserved 1081344K
  class space    used 3699K, capacity 3858K, committed 3964K, reserved 1048576K
2017-03-31T01:20:30.670+0200: 1788.316: [GC (Allocation Failure) 2017-03-31T01:20:30.670+0200: 1788.316: [ParNew
Desired survivor size 20112992 bytes, new threshold 8 (max 8)
- age   1:    2155256 bytes,    2155256 total
- age   2:     846400 bytes,    3001656 total
- age   3:      37584 bytes,    3039240 total
- age   4:      74160 bytes,    3113400 total
- age   5:     106096 bytes,    3219496 total
- age   6:      53600 bytes,    3273096 total
- age   7:      56992 bytes,    3330088 total
- age   8:      41792 bytes,    3371880 total
: 90333K->3798K(109248K), 0.0430925 secs] 104140K->17661K(502464K), 0.0431817 secs] [Times: user=0.03 sys=0.00, real=0.04 secs] 
Heap after GC invocations=24 (full 1):
 par new generation   total 109248K, used 3798K [0x00000000e0000000, 0x00000000e8000000, 0x00000000e8000000)
  eden space 87424K,   0% used [0x00000000e0000000, 0x00000000e0000000, 0x00000000e5560000)
  from space 21824K,  17% used [0x00000000e5560000, 0x00000000e5915980, 0x00000000e6ab0000)
  to   space 21824K,   0% used [0x00000000e6ab0000, 0x00000000e6ab0000, 0x00000000e8000000)
 concurrent mark-sweep generation total 393216K, used 13863K [0x00000000e8000000, 0x0000000100000000, 0x0000000100000000)
 Metaspace       used 34214K, capacity 34764K, committed 35196K, reserved 1081344K
  class space    used 3699K, capacity 3858K, committed 3964K, reserved 1048576K
}
2017-03-31T01:20:30.713+0200: 1788.360: Total time for which application threads were stopped: 0.0433700 seconds, Stopping threads took: 0.0000234 seconds
2017-03-31T01:20:31.715+0200: 1789.361: Total time for which application threads were stopped: 0.0000797 seconds, Stopping threads took: 0.0000228 seconds
2017-03-31T01:20:34.294+0200: 1791.940: Total time for which application threads were stopped: 0.0002554 seconds, Stopping threads took: 0.0001581 seconds
2017-03-31T01:20:34.376+0200: 1792.022: Total time for which application threads were stopped: 0.0093192 seconds, Stopping threads took: 0.0089144 seconds
2017-03-31T01:20:34.377+0200: 1792.023: Total time for which application threads were stopped: 0.0004007 seconds, Stopping threads took: 0.0000892 seconds
2017-03-31T01:20:34.377+0200: 1792.023: Total time for which application threads were stopped: 0.0001267 seconds, Stopping threads took: 0.0000216 seconds
2017-03-31T01:20:34.557+0200: 1792.204: Total time for which application threads were stopped: 0.0000817 seconds, Stopping threads took: 0.0000263 seconds
2017-03-31T01:20:34.590+0200: 1792.236: Total time for which application threads were stopped: 0.0001033 seconds, Stopping threads took: 0.0000337 seconds
2017-03-31T01:20:34.592+0200: 1792.238: Total time for which application threads were stopped: 0.0001192 seconds, Stopping threads took: 0.0000364 seconds
2017-03-31T01:20:34.592+0200: 1792.239: Total time for which application threads were stopped: 0.0001670 seconds, Stopping threads took: 0.0000815 seconds
2017-03-31T01:20:34.594+0200: 1792.240: Total time for which application threads were stopped: 0.0000979 seconds, Stopping threads took: 0.0000289 seconds
2017-03-31T01:20:34.594+0200: 1792.241: Total time for which application threads were stopped: 0.0000503 seconds, Stopping threads took: 0.0000130 seconds
{Heap before GC invocations=24 (full 1):
 par new generation   total 109248K, used 91197K [0x00000000e0000000, 0x00000000e8000000, 0x00000000e8000000)
  eden space 87424K,  99% used [0x00000000e0000000, 0x00000000e5559aa8, 0x00000000e5560000)
  from space 21824K,  17% used [0x00000000e5560000, 0x00000000e5915980, 0x00000000e6ab0000)
  to   space 21824K,   0% used [0x00000000e6ab0000, 0x00000000e6ab0000, 0x00000000e8000000)
 concurrent mark-sweep generation total 393216K, used 13863K [0x00000000e8000000, 0x0000000100000000, 0x0000000100000000)
 Metaspace       used 34220K, capacity 34764K, committed 35196K, reserved 1081344K
  class space    used 3699K, capacity 3858K, committed 3964K, reserved 1048576K
2017-03-31T01:20:35.531+0200: 1793.177: [GC (Allocation Failure) 2017-03-31T01:20:35.531+0200: 1793.177: [ParNew
Desired survivor size 20112992 bytes, new threshold 8 (max 8)
- age   1:    1803592 bytes,    1803592 total
- age   2:     253360 bytes,    2056952 total
- age   3:     211328 bytes,    2268280 total
- age   4:      33864 bytes,    2302144 total
- age   5:      38168 bytes,    2340312 total
- age   6:      30960 bytes,    2371272 total
- age   7:      52304 bytes,    2423576 total
- age   8:      55552 bytes,    2479128 total
: 91197K->4033K(109248K), 0.0338304 secs] 105060K->17936K(502464K), 0.0339160 secs] [Times: user=0.03 sys=0.00, real=0.03 secs] 
Heap after GC invocations=25 (full 1):
 par new generation   total 109248K, used 4033K [0x00000000e0000000, 0x00000000e8000000, 0x00000000e8000000)
  eden space 87424K,   0% used [0x00000000e0000000, 0x00000000e0000000, 0x00000000e5560000)
  from space 21824K,  18% used [0x00000000e6ab0000, 0x00000000e6ea0508, 0x00000000e8000000)
  to   space 21824K,   0% used [0x00000000e5560000, 0x00000000e5560000, 0x00000000e6ab0000)
 concurrent mark-sweep generation total 393216K, used 13903K [0x00000000e8000000, 0x0000000100000000, 0x0000000100000000)
 Metaspace       used 34220K, capacity 34764K, committed 35196K, reserved 1081344K
  class space    used 3699K, capacity 3858K, committed 3964K, reserved 1048576K
}
2017-03-31T01:20:35.565+0200: 1793.211: Total time for which application threads were stopped: 0.0341285 seconds, Stopping threads took: 0.0000408 seconds
2017-03-31T01:20:36.569+0200: 1794.215: Total time for which application threads were stopped: 0.0001578 seconds, Stopping threads took: 0.0000312 seconds
2017-03-31T01:20:37.570+0200: 1795.216: Total time for which application threads were stopped: 0.0001114 seconds, Stopping threads took: 0.0000227 seconds
2017-03-31T01:20:38.571+0200: 1796.217: Total time for which application threads were stopped: 0.0000857 seconds, Stopping threads took: 0.0000253 seconds
{Heap before GC invocations=25 (full 1):
 par new generation   total 109248K, used 91457K [0x00000000e0000000, 0x00000000e8000000, 0x00000000e8000000)
  eden space 87424K, 100% used [0x00000000e0000000, 0x00000000e5560000, 0x00000000e5560000)
  from space 21824K,  18% used [0x00000000e6ab0000, 0x00000000e6ea0508, 0x00000000e8000000)
  to   space 21824K,   0% used [0x00000000e5560000, 0x00000000e5560000, 0x00000000e6ab0000)
 concurrent mark-sweep generation total 393216K, used 13903K [0x00000000e8000000, 0x0000000100000000, 0x0000000100000000)
 Metaspace       used 34221K, capacity 34764K, committed 35196K, reserved 1081344K
  class space    used 3699K, capacity 3858K, committed 3964K, reserved 1048576K
2017-03-31T01:20:41.089+0200: 1798.735: [GC (Allocation Failure) 2017-03-31T01:20:41.089+0200: 1798.735: [ParNew
Desired survivor size 20112992 bytes, new threshold 8 (max 8)
- age   1:    1968032 bytes,    1968032 total
- age   2:    1223136 bytes,    3191168 total
- age   3:      85992 bytes,    3277160 total
- age   4:     211280 bytes,    3488440 total
- age   5:      32304 bytes,    3520744 total
- age   6:      35984 bytes,    3556728 total
- age   7:      29760 bytes,    3586488 total
- age   8:      49736 bytes,    3636224 total
: 91457K->4024K(109248K), 0.0271904 secs] 105360K->17980K(502464K), 0.0272606 secs] [Times: user=0.03 sys=0.00, real=0.02 secs] 
Heap after GC invocations=26 (full 1):
 par new generation   total 109248K, used 4024K [0x00000000e0000000, 0x00000000e8000000, 0x00000000e8000000)
  eden space 87424K,   0% used [0x00000000e0000000, 0x00000000e0000000, 0x00000000e5560000)
  from space 21824K,  18% used [0x00000000e5560000, 0x00000000e594e1d0, 0x00000000e6ab0000)
  to   space 21824K,   0% used [0x00000000e6ab0000, 0x00000000e6ab0000, 0x00000000e8000000)
 concurrent mark-sweep generation total 393216K, used 13955K [0x00000000e8000000, 0x0000000100000000, 0x0000000100000000)
 Metaspace       used 34221K, capacity 34764K, committed 35196K, reserved 1081344K
  class space    used 3699K, capacity 3858K, committed 3964K, reserved 1048576K
}
2017-03-31T01:20:41.116+0200: 1798.763: Total time for which application threads were stopped: 0.0274126 seconds, Stopping threads took: 0.0000195 seconds
2017-03-31T01:20:42.118+0200: 1799.764: Total time for which application threads were stopped: 0.0001082 seconds, Stopping threads took: 0.0000483 seconds
2017-03-31T01:20:44.120+0200: 1801.766: Total time for which application threads were stopped: 0.0000920 seconds, Stopping threads took: 0.0000321 seconds
2017-03-31T01:20:46.121+0200: 1803.767: Total time for which application threads were stopped: 0.0000741 seconds, Stopping threads took: 0.0000212 seconds
{Heap before GC invocations=26 (full 1):
 par new generation   total 109248K, used 91448K [0x00000000e0000000, 0x00000000e8000000, 0x00000000e8000000)
  eden space 87424K, 100% used [0x00000000e0000000, 0x00000000e5560000, 0x00000000e5560000)
  from space 21824K,  18% used [0x00000000e5560000, 0x00000000e594e1d0, 0x00000000e6ab0000)
  to   space 21824K,   0% used [0x00000000e6ab0000, 0x00000000e6ab0000, 0x00000000e8000000)
 concurrent mark-sweep generation total 393216K, used 13955K [0x00000000e8000000, 0x0000000100000000, 0x0000000100000000)
 Metaspace       used 34221K, capacity 34764K, committed 35196K, reserved 1081344K
  class space    used 3699K, capacity 3858K, committed 3964K, reserved 1048576K
2017-03-31T01:20:46.453+0200: 1804.099: [GC (Allocation Failure) 2017-03-31T01:20:46.453+0200: 1804.099: [ParNew
Desired survivor size 20112992 bytes, new threshold 8 (max 8)
- age   1:    2156160 bytes,    2156160 total
- age   2:    1049864 bytes,    3206024 total
- age   3:    1106232 bytes,    4312256 total
- age   4:      75152 bytes,    4387408 total
- age   5:     210056 bytes,    4597464 total
- age   6:      31848 bytes,    4629312 total
- age   7:      35128 bytes,    4664440 total
- age   8:      29088 bytes,    4693528 total
: 91448K->5846K(109248K), 0.0294511 secs] 105404K->19850K(502464K), 0.0295215 secs] [Times: user=0.03 sys=0.00, real=0.03 secs] 
Heap after GC invocations=27 (full 1):
 par new generation   total 109248K, used 5846K [0x00000000e0000000, 0x00000000e8000000, 0x00000000e8000000)
  eden space 87424K,   0% used [0x00000000e0000000, 0x00000000e0000000, 0x00000000e5560000)
  from space 21824K,  26% used [0x00000000e6ab0000, 0x00000000e70659f0, 0x00000000e8000000)
  to   space 21824K,   0% used [0x00000000e5560000, 0x00000000e5560000, 0x00000000e6ab0000)
 concurrent mark-sweep generation total 393216K, used 14003K [0x00000000e8000000, 0x0000000100000000, 0x0000000100000000)
 Metaspace       used 34221K, capacity 34764K, committed 35196K, reserved 1081344K
  class space    used 3699K, capacity 3858K, committed 3964K, reserved 1048576K
}
2017-03-31T01:20:46.483+0200: 1804.129: Total time for which application threads were stopped: 0.0297009 seconds, Stopping threads took: 0.0000225 seconds
2017-03-31T01:20:49.279+0200: 1806.925: Total time for which application threads were stopped: 0.0001202 seconds, Stopping threads took: 0.0000259 seconds
2017-03-31T01:20:49.543+0200: 1807.189: Total time for which application threads were stopped: 0.0001728 seconds, Stopping threads took: 0.0000321 seconds
2017-03-31T01:20:49.556+0200: 1807.202: Total time for which application threads were stopped: 0.0001045 seconds, Stopping threads took: 0.0000361 seconds
2017-03-31T01:20:49.556+0200: 1807.202: Total time for which application threads were stopped: 0.0000591 seconds, Stopping threads took: 0.0000180 seconds
2017-03-31T01:20:49.559+0200: 1807.205: Total time for which application threads were stopped: 0.0003301 seconds, Stopping threads took: 0.0000306 seconds
2017-03-31T01:20:49.563+0200: 1807.209: Total time for which application threads were stopped: 0.0000803 seconds, Stopping threads took: 0.0000246 seconds
2017-03-31T01:20:49.567+0200: 1807.213: Total time for which application threads were stopped: 0.0000768 seconds, Stopping threads took: 0.0000257 seconds
2017-03-31T01:20:49.567+0200: 1807.213: Total time for which application threads were stopped: 0.0000378 seconds, Stopping threads took: 0.0000125 seconds
2017-03-31T01:20:49.567+0200: 1807.213: Total time for which application threads were stopped: 0.0000362 seconds, Stopping threads took: 0.0000119 seconds
2017-03-31T01:20:49.573+0200: 1807.219: Total time for which application threads were stopped: 0.0000821 seconds, Stopping threads took: 0.0000173 seconds
2017-03-31T01:20:49.638+0200: 1807.284: Total time for which application threads were stopped: 0.0000716 seconds, Stopping threads took: 0.0000170 seconds
{Heap before GC invocations=27 (full 1):
 par new generation   total 109248K, used 93270K [0x00000000e0000000, 0x00000000e8000000, 0x00000000e8000000)
  eden space 87424K, 100% used [0x00000000e0000000, 0x00000000e5560000, 0x00000000e5560000)
  from space 21824K,  26% used [0x00000000e6ab0000, 0x00000000e70659f0, 0x00000000e8000000)
  to   space 21824K,   0% used [0x00000000e5560000, 0x00000000e5560000, 0x00000000e6ab0000)
 concurrent mark-sweep generation total 393216K, used 14003K [0x00000000e8000000, 0x0000000100000000, 0x0000000100000000)
 Metaspace       used 34231K, capacity 34764K, committed 35196K, reserved 1081344K
  class space    used 3699K, capacity 3858K, committed 3964K, reserved 1048576K
2017-03-31T01:20:49.640+0200: 1807.286: [GC (Allocation Failure) 2017-03-31T01:20:49.640+0200: 1807.286: [ParNew
Desired survivor size 20112992 bytes, new threshold 8 (max 8)
- age   1:    1709784 bytes,    1709784 total
- age   2:     369912 bytes,    2079696 total
- age   3:     352888 bytes,    2432584 total
- age   4:     489488 bytes,    2922072 total
- age   5:      69264 bytes,    2991336 total
- age   6:     134144 bytes,    3125480 total
- age   7:      31848 bytes,    3157328 total
- age   8:      35128 bytes,    3192456 total
: 93270K->5109K(109248K), 0.0337839 secs] 107274K->19141K(502464K), 0.0338618 secs] [Times: user=0.03 sys=0.00, real=0.03 secs] 
Heap after GC invocations=28 (full 1):
 par new generation   total 109248K, used 5109K [0x00000000e0000000, 0x00000000e8000000, 0x00000000e8000000)
  eden space 87424K,   0% used [0x00000000e0000000, 0x00000000e0000000, 0x00000000e5560000)
  from space 21824K,  23% used [0x00000000e5560000, 0x00000000e5a5d468, 0x00000000e6ab0000)
  to   space 21824K,   0% used [0x00000000e6ab0000, 0x00000000e6ab0000, 0x00000000e8000000)
 concurrent mark-sweep generation total 393216K, used 14032K [0x00000000e8000000, 0x0000000100000000, 0x0000000100000000)
 Metaspace       used 34231K, capacity 34764K, committed 35196K, reserved 1081344K
  class space    used 3699K, capacity 3858K, committed 3964K, reserved 1048576K
}
2017-03-31T01:20:49.674+0200: 1807.320: Total time for which application threads were stopped: 0.0340075 seconds, Stopping threads took: 0.0000259 seconds
2017-03-31T01:20:49.674+0200: 1807.321: Total time for which application threads were stopped: 0.0001032 seconds, Stopping threads took: 0.0000166 seconds
2017-03-31T01:20:49.676+0200: 1807.322: Total time for which application threads were stopped: 0.0002164 seconds, Stopping threads took: 0.0000403 seconds
2017-03-31T01:20:49.683+0200: 1807.329: Total time for which application threads were stopped: 0.0001194 seconds, Stopping threads took: 0.0000636 seconds
2017-03-31T01:20:49.684+0200: 1807.330: Total time for which application threads were stopped: 0.0000730 seconds, Stopping threads took: 0.0000225 seconds
2017-03-31T01:20:49.686+0200: 1807.332: Total time for which application threads were stopped: 0.0000882 seconds, Stopping threads took: 0.0000284 seconds
2017-03-31T01:20:49.687+0200: 1807.333: Total time for which application threads were stopped: 0.0000813 seconds, Stopping threads took: 0.0000274 seconds
2017-03-31T01:20:49.700+0200: 1807.346: Total time for which application threads were stopped: 0.0001137 seconds, Stopping threads took: 0.0000316 seconds
2017-03-31T01:20:49.700+0200: 1807.346: Total time for which application threads were stopped: 0.0000748 seconds, Stopping threads took: 0.0000174 seconds
2017-03-31T01:20:50.702+0200: 1808.348: Total time for which application threads were stopped: 0.0001006 seconds, Stopping threads took: 0.0000248 seconds
2017-03-31T01:20:52.705+0200: 1810.351: Total time for which application threads were stopped: 0.0000892 seconds, Stopping threads took: 0.0000233 seconds
2017-03-31T01:20:53.707+0200: 1811.353: Total time for which application threads were stopped: 0.0000819 seconds, Stopping threads took: 0.0000226 seconds
{Heap before GC invocations=28 (full 1):
 par new generation   total 109248K, used 92533K [0x00000000e0000000, 0x00000000e8000000, 0x00000000e8000000)
  eden space 87424K, 100% used [0x00000000e0000000, 0x00000000e5560000, 0x00000000e5560000)
  from space 21824K,  23% used [0x00000000e5560000, 0x00000000e5a5d468, 0x00000000e6ab0000)
  to   space 21824K,   0% used [0x00000000e6ab0000, 0x00000000e6ab0000, 0x00000000e8000000)
 concurrent mark-sweep generation total 393216K, used 14032K [0x00000000e8000000, 0x0000000100000000, 0x0000000100000000)
 Metaspace       used 34232K, capacity 34764K, committed 35196K, reserved 1081344K
  class space    used 3699K, capacity 3858K, committed 3964K, reserved 1048576K
2017-03-31T01:20:54.611+0200: 1812.257: [GC (Allocation Failure) 2017-03-31T01:20:54.611+0200: 1812.257: [ParNew
Desired survivor size 20112992 bytes, new threshold 8 (max 8)
- age   1:    2458824 bytes,    2458824 total
- age   2:    1093832 bytes,    3552656 total
- age   3:     310240 bytes,    3862896 total
- age   4:     350664 bytes,    4213560 total
- age   5:     487760 bytes,    4701320 total
- age   6:      67056 bytes,    4768376 total
- age   7:      54760 bytes,    4823136 total
- age   8:      31848 bytes,    4854984 total
: 92533K->5853K(109248K), 0.0232567 secs] 106565K->19920K(502464K), 0.0233391 secs] [Times: user=0.02 sys=0.00, real=0.02 secs] 
Heap after GC invocations=29 (full 1):
 par new generation   total 109248K, used 5853K [0x00000000e0000000, 0x00000000e8000000, 0x00000000e8000000)
  eden space 87424K,   0% used [0x00000000e0000000, 0x00000000e0000000, 0x00000000e5560000)
  from space 21824K,  26% used [0x00000000e6ab0000, 0x00000000e70677d8, 0x00000000e8000000)
  to   space 21824K,   0% used [0x00000000e5560000, 0x00000000e5560000, 0x00000000e6ab0000)
 concurrent mark-sweep generation total 393216K, used 14066K [0x00000000e8000000, 0x0000000100000000, 0x0000000100000000)
 Metaspace       used 34232K, capacity 34764K, committed 35196K, reserved 1081344K
  class space    used 3699K, capacity 3858K, committed 3964K, reserved 1048576K
}
2017-03-31T01:20:54.634+0200: 1812.280: Total time for which application threads were stopped: 0.0258739 seconds, Stopping threads took: 0.0023781 seconds
2017-03-31T01:20:56.635+0200: 1814.282: Total time for which application threads were stopped: 0.0000858 seconds, Stopping threads took: 0.0000248 seconds
{Heap before GC invocations=29 (full 1):
 par new generation   total 109248K, used 93277K [0x00000000e0000000, 0x00000000e8000000, 0x00000000e8000000)
  eden space 87424K, 100% used [0x00000000e0000000, 0x00000000e5560000, 0x00000000e5560000)
  from space 21824K,  26% used [0x00000000e6ab0000, 0x00000000e70677d8, 0x00000000e8000000)
  to   space 21824K,   0% used [0x00000000e5560000, 0x00000000e5560000, 0x00000000e6ab0000)
 concurrent mark-sweep generation total 393216K, used 14066K [0x00000000e8000000, 0x0000000100000000, 0x0000000100000000)
 Metaspace       used 34232K, capacity 34764K, committed 35196K, reserved 1081344K
  class space    used 3699K, capacity 3858K, committed 3964K, reserved 1048576K
2017-03-31T01:21:00.090+0200: 1817.736: [GC (Allocation Failure) 2017-03-31T01:21:00.090+0200: 1817.736: [ParNew
Desired survivor size 20112992 bytes, new threshold 8 (max 8)
- age   1:    2044824 bytes,    2044824 total
- age   2:    1611152 bytes,    3655976 total
- age   3:    1090072 bytes,    4746048 total
- age   4:     308224 bytes,    5054272 total
- age   5:     349152 bytes,    5403424 total
- age   6:     486848 bytes,    5890272 total
- age   7:      65160 bytes,    5955432 total
- age   8:      54592 bytes,    6010024 total
: 93277K->7010K(109248K), 0.0217517 secs] 107344K->21108K(502464K), 0.0218260 secs] [Times: user=0.02 sys=0.00, real=0.03 secs] 
Heap after GC invocations=30 (full 1):
 par new generation   total 109248K, used 7010K [0x00000000e0000000, 0x00000000e8000000, 0x00000000e8000000)
  eden space 87424K,   0% used [0x00000000e0000000, 0x00000000e0000000, 0x00000000e5560000)
  from space 21824K,  32% used [0x00000000e5560000, 0x00000000e5c38b88, 0x00000000e6ab0000)
  to   space 21824K,   0% used [0x00000000e6ab0000, 0x00000000e6ab0000, 0x00000000e8000000)
 concurrent mark-sweep generation total 393216K, used 14097K [0x00000000e8000000, 0x0000000100000000, 0x0000000100000000)
 Metaspace       used 34232K, capacity 34764K, committed 35196K, reserved 1081344K
  class space    used 3699K, capacity 3858K, committed 3964K, reserved 1048576K
}
2017-03-31T01:21:00.112+0200: 1817.758: Total time for which application threads were stopped: 0.0219564 seconds, Stopping threads took: 0.0000176 seconds
2017-03-31T01:21:01.112+0200: 1818.758: Total time for which application threads were stopped: 0.0000702 seconds, Stopping threads took: 0.0000211 seconds
2017-03-31T01:21:02.114+0200: 1819.760: Total time for which application threads were stopped: 0.0000930 seconds, Stopping threads took: 0.0000244 seconds
2017-03-31T01:21:03.115+0200: 1820.761: Total time for which application threads were stopped: 0.0000848 seconds, Stopping threads took: 0.0000249 seconds
2017-03-31T01:21:04.280+0200: 1821.926: Total time for which application threads were stopped: 0.0000933 seconds, Stopping threads took: 0.0000254 seconds
2017-03-31T01:21:04.357+0200: 1822.003: Total time for which application threads were stopped: 0.0001526 seconds, Stopping threads took: 0.0000400 seconds
2017-03-31T01:21:04.357+0200: 1822.004: Total time for which application threads were stopped: 0.0000810 seconds, Stopping threads took: 0.0000231 seconds
2017-03-31T01:21:04.410+0200: 1822.057: Total time for which application threads were stopped: 0.0001590 seconds, Stopping threads took: 0.0000243 seconds
2017-03-31T01:21:04.412+0200: 1822.058: Total time for which application threads were stopped: 0.0001115 seconds, Stopping threads took: 0.0000236 seconds
2017-03-31T01:21:04.412+0200: 1822.059: Total time for which application threads were stopped: 0.0000521 seconds, Stopping threads took: 0.0000068 seconds
2017-03-31T01:21:04.416+0200: 1822.062: Total time for which application threads were stopped: 0.0001100 seconds, Stopping threads took: 0.0000335 seconds
2017-03-31T01:21:04.417+0200: 1822.064: Total time for which application threads were stopped: 0.0000854 seconds, Stopping threads took: 0.0000167 seconds
2017-03-31T01:21:04.425+0200: 1822.072: Total time for which application threads were stopped: 0.0001134 seconds, Stopping threads took: 0.0000281 seconds
{Heap before GC invocations=30 (full 1):
 par new generation   total 109248K, used 94434K [0x00000000e0000000, 0x00000000e8000000, 0x00000000e8000000)
  eden space 87424K, 100% used [0x00000000e0000000, 0x00000000e5560000, 0x00000000e5560000)
  from space 21824K,  32% used [0x00000000e5560000, 0x00000000e5c38b88, 0x00000000e6ab0000)
  to   space 21824K,   0% used [0x00000000e6ab0000, 0x00000000e6ab0000, 0x00000000e8000000)
 concurrent mark-sweep generation total 393216K, used 14097K [0x00000000e8000000, 0x0000000100000000, 0x0000000100000000)
 Metaspace       used 34234K, capacity 34764K, committed 35196K, reserved 1081344K
  class space    used 3699K, capacity 3858K, committed 3964K, reserved 1048576K
2017-03-31T01:21:04.497+0200: 1822.143: [GC (Allocation Failure) 2017-03-31T01:21:04.497+0200: 1822.143: [ParNew
Desired survivor size 20112992 bytes, new threshold 8 (max 8)
- age   1:    1807640 bytes,    1807640 total
- age   2:     147504 bytes,    1955144 total
- age   3:     272736 bytes,    2227880 total
- age   4:    1113032 bytes,    3340912 total
- age   5:     307336 bytes,    3648248 total
- age   6:     348312 bytes,    3996560 total
- age   7:     486264 bytes,    4482824 total
- age   8:      64440 bytes,    4547264 total
: 94434K->8105K(109248K), 0.0262320 secs] 108532K->22256K(502464K), 0.0263102 secs] [Times: user=0.03 sys=0.00, real=0.03 secs] 
Heap after GC invocations=31 (full 1):
 par new generation   total 109248K, used 8105K [0x00000000e0000000, 0x00000000e8000000, 0x00000000e8000000)
  eden space 87424K,   0% used [0x00000000e0000000, 0x00000000e0000000, 0x00000000e5560000)
  from space 21824K,  37% used [0x00000000e6ab0000, 0x00000000e729a4d0, 0x00000000e8000000)
  to   space 21824K,   0% used [0x00000000e5560000, 0x00000000e5560000, 0x00000000e6ab0000)
 concurrent mark-sweep generation total 393216K, used 14151K [0x00000000e8000000, 0x0000000100000000, 0x0000000100000000)
 Metaspace       used 34234K, capacity 34764K, committed 35196K, reserved 1081344K
  class space    used 3699K, capacity 3858K, committed 3964K, reserved 1048576K
}
2017-03-31T01:21:04.523+0200: 1822.170: Total time for which application threads were stopped: 0.0265109 seconds, Stopping threads took: 0.0000284 seconds
2017-03-31T01:21:04.786+0200: 1822.433: Total time for which application threads were stopped: 0.0001828 seconds, Stopping threads took: 0.0000320 seconds
2017-03-31T01:21:04.787+0200: 1822.433: Total time for which application threads were stopped: 0.0000811 seconds, Stopping threads took: 0.0000092 seconds
2017-03-31T01:21:04.789+0200: 1822.435: Total time for which application threads were stopped: 0.0001143 seconds, Stopping threads took: 0.0000310 seconds
2017-03-31T01:21:04.789+0200: 1822.435: Total time for which application threads were stopped: 0.0000576 seconds, Stopping threads took: 0.0000141 seconds
2017-03-31T01:21:04.789+0200: 1822.435: Total time for which application threads were stopped: 0.0000551 seconds, Stopping threads took: 0.0000142 seconds
2017-03-31T01:21:04.789+0200: 1822.435: Total time for which application threads were stopped: 0.0000629 seconds, Stopping threads took: 0.0000159 seconds
2017-03-31T01:21:04.789+0200: 1822.435: Total time for which application threads were stopped: 0.0000546 seconds, Stopping threads took: 0.0000144 seconds
2017-03-31T01:21:04.790+0200: 1822.436: Total time for which application threads were stopped: 0.0000970 seconds, Stopping threads took: 0.0000237 seconds
2017-03-31T01:21:05.790+0200: 1823.437: Total time for which application threads were stopped: 0.0001327 seconds, Stopping threads took: 0.0000563 seconds
2017-03-31T01:21:10.324+0200: 1827.971: Total time for which application threads were stopped: 0.0001043 seconds, Stopping threads took: 0.0000250 seconds
2017-03-31T01:21:10.329+0200: 1827.976: Total time for which application threads were stopped: 0.0000926 seconds, Stopping threads took: 0.0000248 seconds
2017-03-31T01:21:11.330+0200: 1828.976: Total time for which application threads were stopped: 0.0001152 seconds, Stopping threads took: 0.0000311 seconds
2017-03-31T01:23:27.995+0200: 1965.641: Total time for which application threads were stopped: 0.0001169 seconds, Stopping threads took: 0.0000474 seconds
2017-03-31T01:23:27.995+0200: 1965.642: Total time for which application threads were stopped: 0.0000656 seconds, Stopping threads took: 0.0000159 seconds
2017-03-31T01:23:27.996+0200: 1965.642: Total time for which application threads were stopped: 0.0000643 seconds, Stopping threads took: 0.0000171 seconds
2017-03-31T01:23:28.002+0200: 1965.649: Total time for which application threads were stopped: 0.0000918 seconds, Stopping threads took: 0.0000259 seconds
2017-03-31T01:23:28.003+0200: 1965.650: Total time for which application threads were stopped: 0.0001923 seconds, Stopping threads took: 0.0000253 seconds
2017-03-31T01:23:28.004+0200: 1965.650: Total time for which application threads were stopped: 0.0000603 seconds, Stopping threads took: 0.0000078 seconds
2017-03-31T01:23:28.005+0200: 1965.651: Total time for which application threads were stopped: 0.0000950 seconds, Stopping threads took: 0.0000237 seconds
2017-03-31T01:23:28.005+0200: 1965.651: Total time for which application threads were stopped: 0.0000382 seconds, Stopping threads took: 0.0000068 seconds
2017-03-31T01:23:28.005+0200: 1965.651: Total time for which application threads were stopped: 0.0000330 seconds, Stopping threads took: 0.0000060 seconds
2017-03-31T01:23:28.006+0200: 1965.652: Total time for which application threads were stopped: 0.0000776 seconds, Stopping threads took: 0.0000168 seconds
2017-03-31T01:23:28.006+0200: 1965.652: Total time for which application threads were stopped: 0.0000365 seconds, Stopping threads took: 0.0000066 seconds
2017-03-31T01:23:28.006+0200: 1965.652: Total time for which application threads were stopped: 0.0000329 seconds, Stopping threads took: 0.0000053 seconds
2017-03-31T01:23:28.146+0200: 1965.793: Total time for which application threads were stopped: 0.0000757 seconds, Stopping threads took: 0.0000163 seconds
2017-03-31T01:23:28.206+0200: 1965.852: Total time for which application threads were stopped: 0.0001159 seconds, Stopping threads took: 0.0000230 seconds
2017-03-31T01:23:28.207+0200: 1965.853: Total time for which application threads were stopped: 0.0000839 seconds, Stopping threads took: 0.0000161 seconds
2017-03-31T01:23:28.207+0200: 1965.853: Total time for which application threads were stopped: 0.0000639 seconds, Stopping threads took: 0.0000107 seconds
2017-03-31T01:23:29.209+0200: 1966.856: Total time for which application threads were stopped: 0.0024637 seconds, Stopping threads took: 0.0023725 seconds
2017-03-31T01:23:31.467+0200: 1969.113: Total time for which application threads were stopped: 0.0000833 seconds, Stopping threads took: 0.0000194 seconds
{Heap before GC invocations=31 (full 1):
 par new generation   total 109248K, used 95529K [0x00000000e0000000, 0x00000000e8000000, 0x00000000e8000000)
  eden space 87424K, 100% used [0x00000000e0000000, 0x00000000e5560000, 0x00000000e5560000)
  from space 21824K,  37% used [0x00000000e6ab0000, 0x00000000e729a4d0, 0x00000000e8000000)
  to   space 21824K,   0% used [0x00000000e5560000, 0x00000000e5560000, 0x00000000e6ab0000)
 concurrent mark-sweep generation total 393216K, used 14151K [0x00000000e8000000, 0x0000000100000000, 0x0000000100000000)
 Metaspace       used 34243K, capacity 34764K, committed 35196K, reserved 1081344K
  class space    used 3699K, capacity 3858K, committed 3964K, reserved 1048576K
2017-03-31T01:23:31.469+0200: 1969.115: [GC (Allocation Failure) 2017-03-31T01:23:31.469+0200: 1969.115: [ParNew
Desired survivor size 20112992 bytes, new threshold 8 (max 8)
- age   1:    1413888 bytes,    1413888 total
- age   2:      37264 bytes,    1451152 total
- age   3:      84272 bytes,    1535424 total
- age   4:      48944 bytes,    1584368 total
- age   5:     115584 bytes,    1699952 total
- age   6:      61952 bytes,    1761904 total
- age   7:      57816 bytes,    1819720 total
- age   8:      42032 bytes,    1861752 total
: 95529K->3800K(109248K), 0.0175431 secs] 109680K->18013K(502464K), 0.0176114 secs] [Times: user=0.02 sys=0.00, real=0.01 secs] 
Heap after GC invocations=32 (full 1):
 par new generation   total 109248K, used 3800K [0x00000000e0000000, 0x00000000e8000000, 0x00000000e8000000)
  eden space 87424K,   0% used [0x00000000e0000000, 0x00000000e0000000, 0x00000000e5560000)
  from space 21824K,  17% used [0x00000000e5560000, 0x00000000e5916048, 0x00000000e6ab0000)
  to   space 21824K,   0% used [0x00000000e6ab0000, 0x00000000e6ab0000, 0x00000000e8000000)
 concurrent mark-sweep generation total 393216K, used 14213K [0x00000000e8000000, 0x0000000100000000, 0x0000000100000000)
 Metaspace       used 34243K, capacity 34764K, committed 35196K, reserved 1081344K
  class space    used 3699K, capacity 3858K, committed 3964K, reserved 1048576K
}
2017-03-31T01:23:31.486+0200: 1969.133: Total time for which application threads were stopped: 0.0177642 seconds, Stopping threads took: 0.0000254 seconds
2017-03-31T01:23:31.537+0200: 1969.183: Total time for which application threads were stopped: 0.0002914 seconds, Stopping threads took: 0.0000885 seconds
2017-03-31T01:23:31.537+0200: 1969.183: Total time for which application threads were stopped: 0.0000657 seconds, Stopping threads took: 0.0000096 seconds
2017-03-31T01:23:31.544+0200: 1969.191: Total time for which application threads were stopped: 0.0000862 seconds, Stopping threads took: 0.0000189 seconds
2017-03-31T01:23:35.393+0200: 1973.040: Total time for which application threads were stopped: 0.0000850 seconds, Stopping threads took: 0.0000195 seconds
2017-03-31T01:23:35.394+0200: 1973.040: Total time for which application threads were stopped: 0.0000941 seconds, Stopping threads took: 0.0000239 seconds
2017-03-31T01:23:36.395+0200: 1974.041: Total time for which application threads were stopped: 0.0000923 seconds, Stopping threads took: 0.0000387 seconds
2017-03-31T01:25:13.622+0200: 2071.268: Total time for which application threads were stopped: 0.0000994 seconds, Stopping threads took: 0.0000326 seconds
2017-03-31T01:25:13.622+0200: 2071.269: Total time for which application threads were stopped: 0.0000453 seconds, Stopping threads took: 0.0000126 seconds
2017-03-31T01:25:13.623+0200: 2071.270: Total time for which application threads were stopped: 0.0000828 seconds, Stopping threads took: 0.0000161 seconds
2017-03-31T01:25:13.653+0200: 2071.300: Total time for which application threads were stopped: 0.0000994 seconds, Stopping threads took: 0.0000219 seconds
2017-03-31T01:25:13.654+0200: 2071.300: Total time for which application threads were stopped: 0.0001026 seconds, Stopping threads took: 0.0000203 seconds
2017-03-31T01:25:13.654+0200: 2071.301: Total time for which application threads were stopped: 0.0000774 seconds, Stopping threads took: 0.0000104 seconds
2017-03-31T01:25:13.658+0200: 2071.305: Total time for which application threads were stopped: 0.0001841 seconds, Stopping threads took: 0.0000365 seconds
2017-03-31T01:25:13.660+0200: 2071.307: Total time for which application threads were stopped: 0.0000985 seconds, Stopping threads took: 0.0000286 seconds
2017-03-31T01:25:13.660+0200: 2071.307: Total time for which application threads were stopped: 0.0000817 seconds, Stopping threads took: 0.0000113 seconds
2017-03-31T01:25:13.661+0200: 2071.307: Total time for which application threads were stopped: 0.0000403 seconds, Stopping threads took: 0.0000109 seconds
2017-03-31T01:25:31.256+0200: 2088.902: Total time for which application threads were stopped: 0.0000864 seconds, Stopping threads took: 0.0000198 seconds
2017-03-31T01:25:31.256+0200: 2088.902: Total time for which application threads were stopped: 0.0001218 seconds, Stopping threads took: 0.0000085 seconds
2017-03-31T01:25:31.278+0200: 2088.924: Total time for which application threads were stopped: 0.0000946 seconds, Stopping threads took: 0.0000245 seconds
2017-03-31T01:25:31.284+0200: 2088.930: Total time for which application threads were stopped: 0.0001011 seconds, Stopping threads took: 0.0000311 seconds
2017-03-31T01:25:31.313+0200: 2088.959: Total time for which application threads were stopped: 0.0001416 seconds, Stopping threads took: 0.0000287 seconds
2017-03-31T01:25:31.313+0200: 2088.959: Total time for which application threads were stopped: 0.0000563 seconds, Stopping threads took: 0.0000074 seconds
2017-03-31T01:25:31.316+0200: 2088.962: Total time for which application threads were stopped: 0.0002128 seconds, Stopping threads took: 0.0000542 seconds
2017-03-31T01:25:31.318+0200: 2088.964: Total time for which application threads were stopped: 0.0016321 seconds, Stopping threads took: 0.0014792 seconds
2017-03-31T01:25:31.320+0200: 2088.966: Total time for which application threads were stopped: 0.0000969 seconds, Stopping threads took: 0.0000188 seconds
2017-03-31T01:25:31.320+0200: 2088.966: Total time for which application threads were stopped: 0.0000387 seconds, Stopping threads took: 0.0000066 seconds
2017-03-31T01:25:31.320+0200: 2088.966: Total time for which application threads were stopped: 0.0000345 seconds, Stopping threads took: 0.0000058 seconds
2017-03-31T01:25:50.782+0200: 2108.428: Total time for which application threads were stopped: 0.0001222 seconds, Stopping threads took: 0.0000414 seconds
2017-03-31T01:25:50.782+0200: 2108.429: Total time for which application threads were stopped: 0.0000787 seconds, Stopping threads took: 0.0000179 seconds
2017-03-31T01:25:50.783+0200: 2108.429: Total time for which application threads were stopped: 0.0002484 seconds, Stopping threads took: 0.0001709 seconds
2017-03-31T01:25:50.786+0200: 2108.432: Total time for which application threads were stopped: 0.0001114 seconds, Stopping threads took: 0.0000306 seconds
2017-03-31T01:25:50.786+0200: 2108.432: Total time for which application threads were stopped: 0.0000558 seconds, Stopping threads took: 0.0000145 seconds
2017-03-31T01:25:50.787+0200: 2108.433: Total time for which application threads were stopped: 0.0001004 seconds, Stopping threads took: 0.0000272 seconds
2017-03-31T01:27:27.642+0200: 2205.288: Total time for which application threads were stopped: 0.0001107 seconds, Stopping threads took: 0.0000336 seconds
2017-03-31T01:27:27.642+0200: 2205.288: Total time for which application threads were stopped: 0.0000655 seconds, Stopping threads took: 0.0000155 seconds
2017-03-31T01:27:27.645+0200: 2205.292: Total time for which application threads were stopped: 0.0000994 seconds, Stopping threads took: 0.0000285 seconds
2017-03-31T01:28:00.789+0200: 2238.435: Total time for which application threads were stopped: 0.0001054 seconds, Stopping threads took: 0.0000441 seconds
2017-03-31T01:28:00.789+0200: 2238.435: Total time for which application threads were stopped: 0.0001596 seconds, Stopping threads took: 0.0001129 seconds
2017-03-31T01:28:07.468+0200: 2245.114: Total time for which application threads were stopped: 0.0002096 seconds, Stopping threads took: 0.0001292 seconds
2017-03-31T01:28:07.468+0200: 2245.114: Total time for which application threads were stopped: 0.0000506 seconds, Stopping threads took: 0.0000148 seconds
2017-03-31T01:28:21.844+0200: 2259.490: Total time for which application threads were stopped: 0.0002618 seconds, Stopping threads took: 0.0001715 seconds
2017-03-31T01:28:21.844+0200: 2259.490: Total time for which application threads were stopped: 0.0001986 seconds, Stopping threads took: 0.0001207 seconds
2017-03-31T01:29:25.644+0200: 2323.291: Total time for which application threads were stopped: 0.0001089 seconds, Stopping threads took: 0.0000345 seconds
2017-03-31T01:29:25.645+0200: 2323.291: Total time for which application threads were stopped: 0.0001047 seconds, Stopping threads took: 0.0000077 seconds
2017-03-31T01:29:25.786+0200: 2323.432: Total time for which application threads were stopped: 0.0001334 seconds, Stopping threads took: 0.0000223 seconds
2017-03-31T01:29:25.786+0200: 2323.433: Total time for which application threads were stopped: 0.0000841 seconds, Stopping threads took: 0.0000179 seconds
2017-03-31T01:29:25.919+0200: 2323.565: Total time for which application threads were stopped: 0.0002087 seconds, Stopping threads took: 0.0000213 seconds
2017-03-31T01:29:25.919+0200: 2323.565: Total time for which application threads were stopped: 0.0000745 seconds, Stopping threads took: 0.0000148 seconds
2017-03-31T01:29:25.919+0200: 2323.565: Total time for which application threads were stopped: 0.0001336 seconds, Stopping threads took: 0.0000096 seconds
2017-03-31T01:29:25.943+0200: 2323.589: Total time for which application threads were stopped: 0.0001202 seconds, Stopping threads took: 0.0000243 seconds
2017-03-31T01:29:25.943+0200: 2323.589: Total time for which application threads were stopped: 0.0000833 seconds, Stopping threads took: 0.0000165 seconds
2017-03-31T01:29:28.084+0200: 2325.731: Total time for which application threads were stopped: 0.0001127 seconds, Stopping threads took: 0.0000282 seconds
2017-03-31T01:29:28.110+0200: 2325.757: Total time for which application threads were stopped: 0.0000993 seconds, Stopping threads took: 0.0000255 seconds
2017-03-31T01:29:28.111+0200: 2325.758: Total time for which application threads were stopped: 0.0001133 seconds, Stopping threads took: 0.0000215 seconds
2017-03-31T01:29:28.112+0200: 2325.758: Total time for which application threads were stopped: 0.0000714 seconds, Stopping threads took: 0.0000079 seconds
2017-03-31T01:29:28.120+0200: 2325.767: Total time for which application threads were stopped: 0.0013182 seconds, Stopping threads took: 0.0011477 seconds
2017-03-31T01:29:28.125+0200: 2325.772: Total time for which application threads were stopped: 0.0001171 seconds, Stopping threads took: 0.0000221 seconds
2017-03-31T01:29:28.126+0200: 2325.772: Total time for which application threads were stopped: 0.0001203 seconds, Stopping threads took: 0.0000251 seconds
2017-03-31T01:29:28.129+0200: 2325.775: Total time for which application threads were stopped: 0.0007229 seconds, Stopping threads took: 0.0000355 seconds
2017-03-31T01:29:28.139+0200: 2325.785: Total time for which application threads were stopped: 0.0001401 seconds, Stopping threads took: 0.0000389 seconds
2017-03-31T01:29:28.186+0200: 2325.832: Total time for which application threads were stopped: 0.0001112 seconds, Stopping threads took: 0.0000297 seconds
2017-03-31T01:29:28.186+0200: 2325.832: Total time for which application threads were stopped: 0.0000500 seconds, Stopping threads took: 0.0000136 seconds
2017-03-31T01:29:28.186+0200: 2325.832: Total time for which application threads were stopped: 0.0000474 seconds, Stopping threads took: 0.0000134 seconds
2017-03-31T01:29:28.215+0200: 2325.862: Total time for which application threads were stopped: 0.0001668 seconds, Stopping threads took: 0.0000415 seconds
2017-03-31T01:29:28.216+0200: 2325.862: Total time for which application threads were stopped: 0.0001161 seconds, Stopping threads took: 0.0000159 seconds
2017-03-31T01:29:28.220+0200: 2325.866: Total time for which application threads were stopped: 0.0001157 seconds, Stopping threads took: 0.0000389 seconds
2017-03-31T01:29:28.222+0200: 2325.869: Total time for which application threads were stopped: 0.0001035 seconds, Stopping threads took: 0.0000280 seconds
2017-03-31T01:29:28.222+0200: 2325.869: Total time for which application threads were stopped: 0.0000513 seconds, Stopping threads took: 0.0000142 seconds
2017-03-31T01:29:28.223+0200: 2325.869: Total time for which application threads were stopped: 0.0000607 seconds, Stopping threads took: 0.0000155 seconds
2017-03-31T01:29:29.223+0200: 2326.870: Total time for which application threads were stopped: 0.0000996 seconds, Stopping threads took: 0.0000257 seconds
2017-03-31T01:29:52.909+0200: 2350.556: Total time for which application threads were stopped: 0.0002454 seconds, Stopping threads took: 0.0000686 seconds
2017-03-31T01:29:53.035+0200: 2350.681: Total time for which application threads were stopped: 0.0001548 seconds, Stopping threads took: 0.0000218 seconds
2017-03-31T01:29:53.134+0200: 2350.780: Total time for which application threads were stopped: 0.0000866 seconds, Stopping threads took: 0.0000173 seconds
2017-03-31T01:29:53.134+0200: 2350.780: Total time for which application threads were stopped: 0.0000400 seconds, Stopping threads took: 0.0000075 seconds
2017-03-31T01:29:53.166+0200: 2350.812: Total time for which application threads were stopped: 0.0001004 seconds, Stopping threads took: 0.0000210 seconds
2017-03-31T01:29:53.166+0200: 2350.812: Total time for which application threads were stopped: 0.0001128 seconds, Stopping threads took: 0.0000075 seconds
2017-03-31T01:29:53.166+0200: 2350.812: Total time for which application threads were stopped: 0.0000359 seconds, Stopping threads took: 0.0000060 seconds
2017-03-31T01:29:53.185+0200: 2350.831: Total time for which application threads were stopped: 0.0001065 seconds, Stopping threads took: 0.0000235 seconds
2017-03-31T01:29:55.337+0200: 2352.984: Total time for which application threads were stopped: 0.0001066 seconds, Stopping threads took: 0.0000345 seconds
2017-03-31T01:29:55.363+0200: 2353.009: Total time for which application threads were stopped: 0.0001176 seconds, Stopping threads took: 0.0000269 seconds
2017-03-31T01:29:55.363+0200: 2353.009: Total time for which application threads were stopped: 0.0000592 seconds, Stopping threads took: 0.0000069 seconds
2017-03-31T01:29:55.364+0200: 2353.010: Total time for which application threads were stopped: 0.0001310 seconds, Stopping threads took: 0.0000200 seconds
2017-03-31T01:29:55.366+0200: 2353.012: Total time for which application threads were stopped: 0.0001412 seconds, Stopping threads took: 0.0000415 seconds
2017-03-31T01:29:55.368+0200: 2353.014: Total time for which application threads were stopped: 0.0000964 seconds, Stopping threads took: 0.0000192 seconds
2017-03-31T01:29:55.368+0200: 2353.015: Total time for which application threads were stopped: 0.0002220 seconds, Stopping threads took: 0.0000206 seconds
2017-03-31T01:29:55.392+0200: 2353.038: Total time for which application threads were stopped: 0.0001334 seconds, Stopping threads took: 0.0000410 seconds
2017-03-31T01:29:55.392+0200: 2353.038: Total time for which application threads were stopped: 0.0000826 seconds, Stopping threads took: 0.0000228 seconds
2017-03-31T01:29:55.420+0200: 2353.067: Total time for which application threads were stopped: 0.0001313 seconds, Stopping threads took: 0.0000290 seconds
2017-03-31T01:29:55.421+0200: 2353.067: Total time for which application threads were stopped: 0.0000527 seconds, Stopping threads took: 0.0000079 seconds
2017-03-31T01:29:55.424+0200: 2353.070: Total time for which application threads were stopped: 0.0001158 seconds, Stopping threads took: 0.0000600 seconds
2017-03-31T01:29:56.424+0200: 2354.070: Total time for which application threads were stopped: 0.0000887 seconds, Stopping threads took: 0.0000232 seconds
2017-03-31T01:33:51.348+0200: 2588.994: Total time for which application threads were stopped: 0.0001224 seconds, Stopping threads took: 0.0000427 seconds
2017-03-31T01:33:51.460+0200: 2589.106: Total time for which application threads were stopped: 0.0000862 seconds, Stopping threads took: 0.0000194 seconds
2017-03-31T01:33:51.505+0200: 2589.151: Total time for which application threads were stopped: 0.0000948 seconds, Stopping threads took: 0.0000188 seconds
2017-03-31T01:33:51.505+0200: 2589.152: Total time for which application threads were stopped: 0.0000694 seconds, Stopping threads took: 0.0000134 seconds
2017-03-31T01:33:51.516+0200: 2589.162: Total time for which application threads were stopped: 0.0001190 seconds, Stopping threads took: 0.0000239 seconds
2017-03-31T01:33:51.516+0200: 2589.163: Total time for which application threads were stopped: 0.0000864 seconds, Stopping threads took: 0.0000156 seconds
2017-03-31T01:33:51.517+0200: 2589.163: Total time for which application threads were stopped: 0.0000609 seconds, Stopping threads took: 0.0000098 seconds
2017-03-31T01:33:52.517+0200: 2590.163: Total time for which application threads were stopped: 0.0001154 seconds, Stopping threads took: 0.0000352 seconds
{Heap before GC invocations=32 (full 1):
 par new generation   total 109248K, used 91224K [0x00000000e0000000, 0x00000000e8000000, 0x00000000e8000000)
  eden space 87424K, 100% used [0x00000000e0000000, 0x00000000e5560000, 0x00000000e5560000)
  from space 21824K,  17% used [0x00000000e5560000, 0x00000000e5916048, 0x00000000e6ab0000)
  to   space 21824K,   0% used [0x00000000e6ab0000, 0x00000000e6ab0000, 0x00000000e8000000)
 concurrent mark-sweep generation total 393216K, used 14213K [0x00000000e8000000, 0x0000000100000000, 0x0000000100000000)
 Metaspace       used 34342K, capacity 34892K, committed 35452K, reserved 1081344K
  class space    used 3702K, capacity 3858K, committed 3964K, reserved 1048576K
2017-03-31T01:33:52.780+0200: 2590.427: [GC (Allocation Failure) 2017-03-31T01:33:52.780+0200: 2590.427: [ParNew
Desired survivor size 20112992 bytes, new threshold 8 (max 8)
- age   1:    3395264 bytes,    3395264 total
- age   2:     196176 bytes,    3591440 total
- age   3:      29192 bytes,    3620632 total
- age   4:      78744 bytes,    3699376 total
- age   5:      46480 bytes,    3745856 total
- age   6:      35928 bytes,    3781784 total
- age   7:      61208 bytes,    3842992 total
- age   8:      57408 bytes,    3900400 total
: 91224K->4499K(109248K), 0.0341163 secs] 105437K->18751K(502464K), 0.0341814 secs] [Times: user=0.03 sys=0.00, real=0.04 secs] 
Heap after GC invocations=33 (full 1):
 par new generation   total 109248K, used 4499K [0x00000000e0000000, 0x00000000e8000000, 0x00000000e8000000)
  eden space 87424K,   0% used [0x00000000e0000000, 0x00000000e0000000, 0x00000000e5560000)
  from space 21824K,  20% used [0x00000000e6ab0000, 0x00000000e6f14f30, 0x00000000e8000000)
  to   space 21824K,   0% used [0x00000000e5560000, 0x00000000e5560000, 0x00000000e6ab0000)
 concurrent mark-sweep generation total 393216K, used 14251K [0x00000000e8000000, 0x0000000100000000, 0x0000000100000000)
 Metaspace       used 34342K, capacity 34892K, committed 35452K, reserved 1081344K
  class space    used 3702K, capacity 3858K, committed 3964K, reserved 1048576K
}
2017-03-31T01:33:52.815+0200: 2590.461: Total time for which application threads were stopped: 0.0343812 seconds, Stopping threads took: 0.0000215 seconds
2017-03-31T01:33:54.666+0200: 2592.312: Total time for which application threads were stopped: 0.0001239 seconds, Stopping threads took: 0.0000255 seconds
2017-03-31T01:33:54.671+0200: 2592.317: Total time for which application threads were stopped: 0.0000903 seconds, Stopping threads took: 0.0000269 seconds
2017-03-31T01:33:54.699+0200: 2592.345: Total time for which application threads were stopped: 0.0001145 seconds, Stopping threads took: 0.0000268 seconds
2017-03-31T01:33:54.699+0200: 2592.346: Total time for which application threads were stopped: 0.0000522 seconds, Stopping threads took: 0.0000068 seconds
2017-03-31T01:33:54.700+0200: 2592.347: Total time for which application threads were stopped: 0.0000876 seconds, Stopping threads took: 0.0000265 seconds
2017-03-31T01:33:54.701+0200: 2592.347: Total time for which application threads were stopped: 0.0000543 seconds, Stopping threads took: 0.0000238 seconds
2017-03-31T01:33:54.703+0200: 2592.349: Total time for which application threads were stopped: 0.0000813 seconds, Stopping threads took: 0.0000221 seconds
2017-03-31T01:33:54.704+0200: 2592.350: Total time for which application threads were stopped: 0.0000790 seconds, Stopping threads took: 0.0000157 seconds
2017-03-31T01:34:38.478+0200: 2636.124: Total time for which application threads were stopped: 0.0001173 seconds, Stopping threads took: 0.0000493 seconds
2017-03-31T01:34:51.060+0200: 2648.706: Total time for which application threads were stopped: 0.0001243 seconds, Stopping threads took: 0.0000411 seconds
2017-03-31T01:34:51.060+0200: 2648.706: Total time for which application threads were stopped: 0.0000506 seconds, Stopping threads took: 0.0000077 seconds
2017-03-31T01:34:51.064+0200: 2648.711: Total time for which application threads were stopped: 0.0005611 seconds, Stopping threads took: 0.0000455 seconds
2017-03-31T01:34:51.065+0200: 2648.712: Total time for which application threads were stopped: 0.0002897 seconds, Stopping threads took: 0.0000254 seconds
2017-03-31T01:34:51.153+0200: 2648.799: Total time for which application threads were stopped: 0.0001125 seconds, Stopping threads took: 0.0000227 seconds
2017-03-31T01:34:51.153+0200: 2648.800: Total time for which application threads were stopped: 0.0001154 seconds, Stopping threads took: 0.0000317 seconds
2017-03-31T01:34:51.153+0200: 2648.800: Total time for which application threads were stopped: 0.0000620 seconds, Stopping threads took: 0.0000159 seconds
2017-03-31T01:34:51.168+0200: 2648.815: Total time for which application threads were stopped: 0.0000846 seconds, Stopping threads took: 0.0000187 seconds
2017-03-31T01:34:52.169+0200: 2649.815: Total time for which application threads were stopped: 0.0001167 seconds, Stopping threads took: 0.0000255 seconds
2017-03-31T01:34:53.172+0200: 2650.818: Total time for which application threads were stopped: 0.0000804 seconds, Stopping threads took: 0.0000210 seconds
2017-03-31T01:34:55.173+0200: 2652.819: Total time for which application threads were stopped: 0.0000944 seconds, Stopping threads took: 0.0000244 seconds
{Heap before GC invocations=33 (full 1):
 par new generation   total 109248K, used 91923K [0x00000000e0000000, 0x00000000e8000000, 0x00000000e8000000)
  eden space 87424K, 100% used [0x00000000e0000000, 0x00000000e5560000, 0x00000000e5560000)
  from space 21824K,  20% used [0x00000000e6ab0000, 0x00000000e6f14f30, 0x00000000e8000000)
  to   space 21824K,   0% used [0x00000000e5560000, 0x00000000e5560000, 0x00000000e6ab0000)
 concurrent mark-sweep generation total 393216K, used 14251K [0x00000000e8000000, 0x0000000100000000, 0x0000000100000000)
 Metaspace       used 34362K, capacity 34896K, committed 35452K, reserved 1081344K
  class space    used 3702K, capacity 3858K, committed 3964K, reserved 1048576K
2017-03-31T01:34:55.434+0200: 2653.080: [GC (Allocation Failure) 2017-03-31T01:34:55.434+0200: 2653.080: [ParNew
Desired survivor size 20112992 bytes, new threshold 8 (max 8)
- age   1:    2829520 bytes,    2829520 total
- age   2:     451232 bytes,    3280752 total
- age   3:     106168 bytes,    3386920 total
- age   4:      27632 bytes,    3414552 total
- age   5:      71480 bytes,    3486032 total
- age   6:      44320 bytes,    3530352 total
- age   7:      34680 bytes,    3565032 total
- age   8:      59480 bytes,    3624512 total
: 91923K->4989K(109248K), 0.0343101 secs] 106175K->19295K(502464K), 0.0343894 secs] [Times: user=0.03 sys=0.00, real=0.04 secs] 
Heap after GC invocations=34 (full 1):
 par new generation   total 109248K, used 4989K [0x00000000e0000000, 0x00000000e8000000, 0x00000000e8000000)
  eden space 87424K,   0% used [0x00000000e0000000, 0x00000000e0000000, 0x00000000e5560000)
  from space 21824K,  22% used [0x00000000e5560000, 0x00000000e5a3f688, 0x00000000e6ab0000)
  to   space 21824K,   0% used [0x00000000e6ab0000, 0x00000000e6ab0000, 0x00000000e8000000)
 concurrent mark-sweep generation total 393216K, used 14305K [0x00000000e8000000, 0x0000000100000000, 0x0000000100000000)
 Metaspace       used 34362K, capacity 34896K, committed 35452K, reserved 1081344K
  class space    used 3702K, capacity 3858K, committed 3964K, reserved 1048576K
}
2017-03-31T01:34:55.468+0200: 2653.115: Total time for which application threads were stopped: 0.0346562 seconds, Stopping threads took: 0.0000287 seconds
2017-03-31T01:34:58.477+0200: 2656.123: Total time for which application threads were stopped: 0.0000987 seconds, Stopping threads took: 0.0000285 seconds
2017-03-31T01:35:00.478+0200: 2658.124: Total time for which application threads were stopped: 0.0001248 seconds, Stopping threads took: 0.0000255 seconds
{Heap before GC invocations=34 (full 1):
 par new generation   total 109248K, used 92413K [0x00000000e0000000, 0x00000000e8000000, 0x00000000e8000000)
  eden space 87424K, 100% used [0x00000000e0000000, 0x00000000e5560000, 0x00000000e5560000)
  from space 21824K,  22% used [0x00000000e5560000, 0x00000000e5a3f688, 0x00000000e6ab0000)
  to   space 21824K,   0% used [0x00000000e6ab0000, 0x00000000e6ab0000, 0x00000000e8000000)
 concurrent mark-sweep generation total 393216K, used 14305K [0x00000000e8000000, 0x0000000100000000, 0x0000000100000000)
 Metaspace       used 34363K, capacity 34896K, committed 35452K, reserved 1081344K
  class space    used 3702K, capacity 3858K, committed 3964K, reserved 1048576K
2017-03-31T01:35:01.108+0200: 2658.755: [GC (Allocation Failure) 2017-03-31T01:35:01.108+0200: 2658.755: [ParNew
Desired survivor size 20112992 bytes, new threshold 8 (max 8)
- age   1:    2201056 bytes,    2201056 total
- age   2:    2029552 bytes,    4230608 total
- age   3:     427368 bytes,    4657976 total
- age   4:     105568 bytes,    4763544 total
- age   5:      25120 bytes,    4788664 total
- age   6:      38856 bytes,    4827520 total
- age   7:      41944 bytes,    4869464 total
- age   8:      33312 bytes,    4902776 total
: 92413K->5802K(109248K), 0.0305148 secs] 106719K->20164K(502464K), 0.0305885 secs] [Times: user=0.02 sys=0.00, real=0.02 secs] 
Heap after GC invocations=35 (full 1):
 par new generation   total 109248K, used 5802K [0x00000000e0000000, 0x00000000e8000000, 0x00000000e8000000)
  eden space 87424K,   0% used [0x00000000e0000000, 0x00000000e0000000, 0x00000000e5560000)
  from space 21824K,  26% used [0x00000000e6ab0000, 0x00000000e705a9e8, 0x00000000e8000000)
  to   space 21824K,   0% used [0x00000000e5560000, 0x00000000e5560000, 0x00000000e6ab0000)
 concurrent mark-sweep generation total 393216K, used 14362K [0x00000000e8000000, 0x0000000100000000, 0x0000000100000000)
 Metaspace       used 34363K, capacity 34896K, committed 35452K, reserved 1081344K
  class space    used 3702K, capacity 3858K, committed 3964K, reserved 1048576K
}
2017-03-31T01:35:01.139+0200: 2658.785: Total time for which application threads were stopped: 0.0307428 seconds, Stopping threads took: 0.0000209 seconds
2017-03-31T01:35:06.141+0200: 2663.787: Total time for which application threads were stopped: 0.0000984 seconds, Stopping threads took: 0.0000326 seconds
{Heap before GC invocations=35 (full 1):
 par new generation   total 109248K, used 93226K [0x00000000e0000000, 0x00000000e8000000, 0x00000000e8000000)
  eden space 87424K, 100% used [0x00000000e0000000, 0x00000000e5560000, 0x00000000e5560000)
  from space 21824K,  26% used [0x00000000e6ab0000, 0x00000000e705a9e8, 0x00000000e8000000)
  to   space 21824K,   0% used [0x00000000e5560000, 0x00000000e5560000, 0x00000000e6ab0000)
 concurrent mark-sweep generation total 393216K, used 14362K [0x00000000e8000000, 0x0000000100000000, 0x0000000100000000)
 Metaspace       used 34363K, capacity 34896K, committed 35452K, reserved 1081344K
  class space    used 3702K, capacity 3858K, committed 3964K, reserved 1048576K
2017-03-31T01:35:06.226+0200: 2663.873: [GC (Allocation Failure) 2017-03-31T01:35:06.226+0200: 2663.873: [ParNew
Desired survivor size 20112992 bytes, new threshold 8 (max 8)
- age   1:    2295304 bytes,    2295304 total
- age   2:    1082560 bytes,    3377864 total
- age   3:    1662528 bytes,    5040392 total
- age   4:     427344 bytes,    5467736 total
- age   5:     103456 bytes,    5571192 total
- age   6:      23656 bytes,    5594848 total
- age   7:      36984 bytes,    5631832 total
- age   8:      40648 bytes,    5672480 total
: 93226K->6924K(109248K), 0.0213604 secs] 107588K->21318K(502464K), 0.0215038 secs] [Times: user=0.01 sys=0.01, real=0.03 secs] 
Heap after GC invocations=36 (full 1):
 par new generation   total 109248K, used 6924K [0x00000000e0000000, 0x00000000e8000000, 0x00000000e8000000)
  eden space 87424K,   0% used [0x00000000e0000000, 0x00000000e0000000, 0x00000000e5560000)
  from space 21824K,  31% used [0x00000000e5560000, 0x00000000e5c23290, 0x00000000e6ab0000)
  to   space 21824K,   0% used [0x00000000e6ab0000, 0x00000000e6ab0000, 0x00000000e8000000)
 concurrent mark-sweep generation total 393216K, used 14393K [0x00000000e8000000, 0x0000000100000000, 0x0000000100000000)
 Metaspace       used 34363K, capacity 34896K, committed 35452K, reserved 1081344K
  class space    used 3702K, capacity 3858K, committed 3964K, reserved 1048576K
}
2017-03-31T01:35:06.248+0200: 2663.894: Total time for which application threads were stopped: 0.0217851 seconds, Stopping threads took: 0.0000367 seconds
2017-03-31T01:35:06.253+0200: 2663.900: Total time for which application threads were stopped: 0.0001479 seconds, Stopping threads took: 0.0000416 seconds
2017-03-31T01:35:06.254+0200: 2663.901: Total time for which application threads were stopped: 0.0001062 seconds, Stopping threads took: 0.0000178 seconds
2017-03-31T01:35:06.254+0200: 2663.901: Total time for which application threads were stopped: 0.0000477 seconds, Stopping threads took: 0.0000061 seconds
2017-03-31T01:35:06.466+0200: 2664.113: Total time for which application threads were stopped: 0.0000787 seconds, Stopping threads took: 0.0000233 seconds
2017-03-31T01:35:06.488+0200: 2664.135: Total time for which application threads were stopped: 0.0001014 seconds, Stopping threads took: 0.0000261 seconds
2017-03-31T01:35:06.489+0200: 2664.135: Total time for which application threads were stopped: 0.0000989 seconds, Stopping threads took: 0.0000189 seconds
2017-03-31T01:35:06.489+0200: 2664.135: Total time for which application threads were stopped: 0.0000465 seconds, Stopping threads took: 0.0000120 seconds
2017-03-31T01:35:06.490+0200: 2664.136: Total time for which application threads were stopped: 0.0001249 seconds, Stopping threads took: 0.0000149 seconds
2017-03-31T01:35:06.492+0200: 2664.138: Total time for which application threads were stopped: 0.0001012 seconds, Stopping threads took: 0.0000364 seconds
2017-03-31T01:35:06.492+0200: 2664.138: Total time for which application threads were stopped: 0.0000432 seconds, Stopping threads took: 0.0000122 seconds
2017-03-31T01:35:07.492+0200: 2665.139: Total time for which application threads were stopped: 0.0000843 seconds, Stopping threads took: 0.0000220 seconds
{Heap before GC invocations=36 (full 1):
 par new generation   total 109248K, used 94348K [0x00000000e0000000, 0x00000000e8000000, 0x00000000e8000000)
  eden space 87424K, 100% used [0x00000000e0000000, 0x00000000e5560000, 0x00000000e5560000)
  from space 21824K,  31% used [0x00000000e5560000, 0x00000000e5c23290, 0x00000000e6ab0000)
  to   space 21824K,   0% used [0x00000000e6ab0000, 0x00000000e6ab0000, 0x00000000e8000000)
 concurrent mark-sweep generation total 393216K, used 14393K [0x00000000e8000000, 0x0000000100000000, 0x0000000100000000)
 Metaspace       used 34366K, capacity 34896K, committed 35452K, reserved 1081344K
  class space    used 3702K, capacity 3858K, committed 3964K, reserved 1048576K
2017-03-31T01:35:09.733+0200: 2667.380: [GC (Allocation Failure) 2017-03-31T01:35:09.733+0200: 2667.380: [ParNew
Desired survivor size 20112992 bytes, new threshold 8 (max 8)
- age   1:    2272432 bytes,    2272432 total
- age   2:     219312 bytes,    2491744 total
- age   3:     131152 bytes,    2622896 total
- age   4:     755208 bytes,    3378104 total
- age   5:      55656 bytes,    3433760 total
- age   6:      28952 bytes,    3462712 total
- age   7:      23296 bytes,    3486008 total
- age   8:      36624 bytes,    3522632 total
: 94348K->6429K(109248K), 0.0214185 secs] 108742K->20862K(502464K), 0.0214961 secs] [Times: user=0.02 sys=0.00, real=0.02 secs] 
Heap after GC invocations=37 (full 1):
 par new generation   total 109248K, used 6429K [0x00000000e0000000, 0x00000000e8000000, 0x00000000e8000000)
  eden space 87424K,   0% used [0x00000000e0000000, 0x00000000e0000000, 0x00000000e5560000)
  from space 21824K,  29% used [0x00000000e6ab0000, 0x00000000e70f7788, 0x00000000e8000000)
  to   space 21824K,   0% used [0x00000000e5560000, 0x00000000e5560000, 0x00000000e6ab0000)
 concurrent mark-sweep generation total 393216K, used 14432K [0x00000000e8000000, 0x0000000100000000, 0x0000000100000000)
 Metaspace       used 34366K, capacity 34896K, committed 35452K, reserved 1081344K
  class space    used 3702K, capacity 3858K, committed 3964K, reserved 1048576K
}
2017-03-31T01:35:09.755+0200: 2667.401: Total time for which application threads were stopped: 0.0216461 seconds, Stopping threads took: 0.0000203 seconds
2017-03-31T01:35:11.757+0200: 2669.403: Total time for which application threads were stopped: 0.0000729 seconds, Stopping threads took: 0.0000210 seconds
2017-03-31T01:35:15.774+0200: 2673.420: Total time for which application threads were stopped: 0.0001519 seconds, Stopping threads took: 0.0000545 seconds
{Heap before GC invocations=37 (full 1):
 par new generation   total 109248K, used 93853K [0x00000000e0000000, 0x00000000e8000000, 0x00000000e8000000)
  eden space 87424K, 100% used [0x00000000e0000000, 0x00000000e5560000, 0x00000000e5560000)
  from space 21824K,  29% used [0x00000000e6ab0000, 0x00000000e70f7788, 0x00000000e8000000)
  to   space 21824K,   0% used [0x00000000e5560000, 0x00000000e5560000, 0x00000000e6ab0000)
 concurrent mark-sweep generation total 393216K, used 14432K [0x00000000e8000000, 0x0000000100000000, 0x0000000100000000)
 Metaspace       used 34366K, capacity 34896K, committed 35452K, reserved 1081344K
  class space    used 3702K, capacity 3858K, committed 3964K, reserved 1048576K
2017-03-31T01:35:17.520+0200: 2675.167: [GC (Allocation Failure) 2017-03-31T01:35:17.520+0200: 2675.167: [ParNew
Desired survivor size 20112992 bytes, new threshold 8 (max 8)
- age   1:    2445832 bytes,    2445832 total
- age   2:    1619296 bytes,    4065128 total
- age   3:      64392 bytes,    4129520 total
- age   4:     112296 bytes,    4241816 total
- age   5:     752208 bytes,    4994024 total
- age   6:      55304 bytes,    5049328 total
- age   7:      28952 bytes,    5078280 total
- age   8:      23296 bytes,    5101576 total
: 93853K->5793K(109248K), 0.0282111 secs] 108286K->20261K(502464K), 0.0282951 secs] [Times: user=0.03 sys=0.00, real=0.03 secs] 
Heap after GC invocations=38 (full 1):
 par new generation   total 109248K, used 5793K [0x00000000e0000000, 0x00000000e8000000, 0x00000000e8000000)
  eden space 87424K,   0% used [0x00000000e0000000, 0x00000000e0000000, 0x00000000e5560000)
  from space 21824K,  26% used [0x00000000e5560000, 0x00000000e5b08400, 0x00000000e6ab0000)
  to   space 21824K,   0% used [0x00000000e6ab0000, 0x00000000e6ab0000, 0x00000000e8000000)
 concurrent mark-sweep generation total 393216K, used 14468K [0x00000000e8000000, 0x0000000100000000, 0x0000000100000000)
 Metaspace       used 34366K, capacity 34896K, committed 35452K, reserved 1081344K
  class space    used 3702K, capacity 3858K, committed 3964K, reserved 1048576K
}
2017-03-31T01:35:17.549+0200: 2675.195: Total time for which application threads were stopped: 0.0284829 seconds, Stopping threads took: 0.0000215 seconds
2017-03-31T01:35:18.549+0200: 2676.195: Total time for which application threads were stopped: 0.0000876 seconds, Stopping threads took: 0.0000249 seconds
2017-03-31T01:35:21.136+0200: 2678.782: Total time for which application threads were stopped: 0.0000835 seconds, Stopping threads took: 0.0000270 seconds
2017-03-31T01:35:21.138+0200: 2678.785: Total time for which application threads were stopped: 0.0001002 seconds, Stopping threads took: 0.0000314 seconds
2017-03-31T01:35:21.333+0200: 2678.980: Total time for which application threads were stopped: 0.0001727 seconds, Stopping threads took: 0.0001121 seconds
2017-03-31T01:35:21.337+0200: 2678.983: Total time for which application threads were stopped: 0.0003482 seconds, Stopping threads took: 0.0002843 seconds
2017-03-31T01:35:21.351+0200: 2678.997: Total time for which application threads were stopped: 0.0000835 seconds, Stopping threads took: 0.0000280 seconds
2017-03-31T01:35:21.351+0200: 2678.997: Total time for which application threads were stopped: 0.0000371 seconds, Stopping threads took: 0.0000118 seconds
2017-03-31T01:35:21.356+0200: 2679.002: Total time for which application threads were stopped: 0.0001181 seconds, Stopping threads took: 0.0000401 seconds
2017-03-31T01:35:21.356+0200: 2679.002: Total time for which application threads were stopped: 0.0000586 seconds, Stopping threads took: 0.0000179 seconds
2017-03-31T01:35:21.360+0200: 2679.006: Total time for which application threads were stopped: 0.0000819 seconds, Stopping threads took: 0.0000298 seconds
2017-03-31T01:35:21.360+0200: 2679.006: Total time for which application threads were stopped: 0.0000468 seconds, Stopping threads took: 0.0000136 seconds
2017-03-31T01:35:21.363+0200: 2679.009: Total time for which application threads were stopped: 0.0000766 seconds, Stopping threads took: 0.0000276 seconds
2017-03-31T01:35:21.363+0200: 2679.009: Total time for which application threads were stopped: 0.0000386 seconds, Stopping threads took: 0.0000124 seconds
2017-03-31T01:35:21.434+0200: 2679.080: Total time for which application threads were stopped: 0.0002269 seconds, Stopping threads took: 0.0000294 seconds
2017-03-31T01:35:21.434+0200: 2679.081: Total time for which application threads were stopped: 0.0001501 seconds, Stopping threads took: 0.0000533 seconds
2017-03-31T01:35:21.435+0200: 2679.081: Total time for which application threads were stopped: 0.0003100 seconds, Stopping threads took: 0.0000706 seconds
2017-03-31T01:35:21.437+0200: 2679.083: Total time for which application threads were stopped: 0.0001100 seconds, Stopping threads took: 0.0000232 seconds
2017-03-31T01:35:21.475+0200: 2679.121: Total time for which application threads were stopped: 0.0000802 seconds, Stopping threads took: 0.0000206 seconds
{Heap before GC invocations=38 (full 1):
 par new generation   total 109248K, used 93217K [0x00000000e0000000, 0x00000000e8000000, 0x00000000e8000000)
  eden space 87424K, 100% used [0x00000000e0000000, 0x00000000e5560000, 0x00000000e5560000)
  from space 21824K,  26% used [0x00000000e5560000, 0x00000000e5b08400, 0x00000000e6ab0000)
  to   space 21824K,   0% used [0x00000000e6ab0000, 0x00000000e6ab0000, 0x00000000e8000000)
 concurrent mark-sweep generation total 393216K, used 14468K [0x00000000e8000000, 0x0000000100000000, 0x0000000100000000)
 Metaspace       used 34378K, capacity 34896K, committed 35452K, reserved 1081344K
  class space    used 3702K, capacity 3858K, committed 3964K, reserved 1048576K
2017-03-31T01:35:21.476+0200: 2679.122: [GC (Allocation Failure) 2017-03-31T01:35:21.476+0200: 2679.122: [ParNew
Desired survivor size 20112992 bytes, new threshold 8 (max 8)
- age   1:    1752184 bytes,    1752184 total
- age   2:     399376 bytes,    2151560 total
- age   3:     576536 bytes,    2728096 total
- age   4:      62704 bytes,    2790800 total
- age   5:      80592 bytes,    2871392 total
- age   6:     454856 bytes,    3326248 total
- age   7:      55200 bytes,    3381448 total
- age   8:      28952 bytes,    3410400 total
: 93217K->6328K(109248K), 0.0302265 secs] 107685K->20820K(502464K), 0.0302783 secs] [Times: user=0.02 sys=0.00, real=0.03 secs] 
Heap after GC invocations=39 (full 1):
 par new generation   total 109248K, used 6328K [0x00000000e0000000, 0x00000000e8000000, 0x00000000e8000000)
  eden space 87424K,   0% used [0x00000000e0000000, 0x00000000e0000000, 0x00000000e5560000)
  from space 21824K,  28% used [0x00000000e6ab0000, 0x00000000e70de3b0, 0x00000000e8000000)
  to   space 21824K,   0% used [0x00000000e5560000, 0x00000000e5560000, 0x00000000e6ab0000)
 concurrent mark-sweep generation total 393216K, used 14491K [0x00000000e8000000, 0x0000000100000000, 0x0000000100000000)
 Metaspace       used 34378K, capacity 34896K, committed 35452K, reserved 1081344K
  class space    used 3702K, capacity 3858K, committed 3964K, reserved 1048576K
}
2017-03-31T01:35:21.506+0200: 2679.153: Total time for which application threads were stopped: 0.0304603 seconds, Stopping threads took: 0.0000310 seconds
2017-03-31T01:35:21.518+0200: 2679.165: Total time for which application threads were stopped: 0.0021562 seconds, Stopping threads took: 0.0020750 seconds
2017-03-31T01:35:21.519+0200: 2679.165: Total time for which application threads were stopped: 0.0000460 seconds, Stopping threads took: 0.0000088 seconds
2017-03-31T01:35:21.529+0200: 2679.175: Total time for which application threads were stopped: 0.0001133 seconds, Stopping threads took: 0.0000349 seconds
2017-03-31T01:35:21.529+0200: 2679.176: Total time for which application threads were stopped: 0.0000365 seconds, Stopping threads took: 0.0000087 seconds
2017-03-31T01:35:22.529+0200: 2680.176: Total time for which application threads were stopped: 0.0000736 seconds, Stopping threads took: 0.0000210 seconds
2017-03-31T01:35:25.535+0200: 2683.181: Total time for which application threads were stopped: 0.0000972 seconds, Stopping threads took: 0.0000255 seconds
{Heap before GC invocations=39 (full 1):
 par new generation   total 109248K, used 93752K [0x00000000e0000000, 0x00000000e8000000, 0x00000000e8000000)
  eden space 87424K, 100% used [0x00000000e0000000, 0x00000000e5560000, 0x00000000e5560000)
  from space 21824K,  28% used [0x00000000e6ab0000, 0x00000000e70de3b0, 0x00000000e8000000)
  to   space 21824K,   0% used [0x00000000e5560000, 0x00000000e5560000, 0x00000000e6ab0000)
 concurrent mark-sweep generation total 393216K, used 14491K [0x00000000e8000000, 0x0000000100000000, 0x0000000100000000)
 Metaspace       used 34379K, capacity 34896K, committed 35452K, reserved 1081344K
  class space    used 3702K, capacity 3858K, committed 3964K, reserved 1048576K
2017-03-31T01:35:26.477+0200: 2684.124: [GC (Allocation Failure) 2017-03-31T01:35:26.477+0200: 2684.124: [ParNew
Desired survivor size 20112992 bytes, new threshold 8 (max 8)
- age   1:    2529920 bytes,    2529920 total
- age   2:    1098584 bytes,    3628504 total
- age   3:     332056 bytes,    3960560 total
- age   4:     570360 bytes,    4530920 total
- age   5:      61216 bytes,    4592136 total
- age   6:      78992 bytes,    4671128 total
- age   7:     374608 bytes,    5045736 total
- age   8:      55080 bytes,    5100816 total
: 93752K->5877K(109248K), 0.0246322 secs] 108244K->20396K(502464K), 0.0247133 secs] [Times: user=0.02 sys=0.00, real=0.03 secs] 
Heap after GC invocations=40 (full 1):
 par new generation   total 109248K, used 5877K [0x00000000e0000000, 0x00000000e8000000, 0x00000000e8000000)
  eden space 87424K,   0% used [0x00000000e0000000, 0x00000000e0000000, 0x00000000e5560000)
  from space 21824K,  26% used [0x00000000e5560000, 0x00000000e5b1d5f0, 0x00000000e6ab0000)
  to   space 21824K,   0% used [0x00000000e6ab0000, 0x00000000e6ab0000, 0x00000000e8000000)
 concurrent mark-sweep generation total 393216K, used 14519K [0x00000000e8000000, 0x0000000100000000, 0x0000000100000000)
 Metaspace       used 34379K, capacity 34896K, committed 35452K, reserved 1081344K
  class space    used 3702K, capacity 3858K, committed 3964K, reserved 1048576K
}
2017-03-31T01:35:26.502+0200: 2684.148: Total time for which application threads were stopped: 0.0248728 seconds, Stopping threads took: 0.0000190 seconds
2017-03-31T01:35:27.965+0200: 2685.611: Total time for which application threads were stopped: 0.0000996 seconds, Stopping threads took: 0.0000219 seconds
2017-03-31T01:35:30.968+0200: 2688.614: Total time for which application threads were stopped: 0.0001433 seconds, Stopping threads took: 0.0000232 seconds
{Heap before GC invocations=40 (full 1):
 par new generation   total 109248K, used 93301K [0x00000000e0000000, 0x00000000e8000000, 0x00000000e8000000)
  eden space 87424K, 100% used [0x00000000e0000000, 0x00000000e5560000, 0x00000000e5560000)
  from space 21824K,  26% used [0x00000000e5560000, 0x00000000e5b1d5f0, 0x00000000e6ab0000)
  to   space 21824K,   0% used [0x00000000e6ab0000, 0x00000000e6ab0000, 0x00000000e8000000)
 concurrent mark-sweep generation total 393216K, used 14519K [0x00000000e8000000, 0x0000000100000000, 0x0000000100000000)
 Metaspace       used 34383K, capacity 34896K, committed 35452K, reserved 1081344K
  class space    used 3702K, capacity 3858K, committed 3964K, reserved 1048576K
2017-03-31T01:35:31.487+0200: 2689.133: [GC (Allocation Failure) 2017-03-31T01:35:31.487+0200: 2689.133: [ParNew
Desired survivor size 20112992 bytes, new threshold 8 (max 8)
- age   1:    3310648 bytes,    3310648 total
- age   2:    1589032 bytes,    4899680 total
- age   3:    1093416 bytes,    5993096 total
- age   4:     330640 bytes,    6323736 total
- age   5:     569208 bytes,    6892944 total
- age   6:      59920 bytes,    6952864 total
- age   7:      58464 bytes,    7011328 total
- age   8:     260920 bytes,    7272248 total
: 93301K->9350K(109248K), 0.0241264 secs] 107820K->23924K(502464K), 0.0241915 secs] [Times: user=0.03 sys=0.00, real=0.03 secs] 
Heap after GC invocations=41 (full 1):
 par new generation   total 109248K, used 9350K [0x00000000e0000000, 0x00000000e8000000, 0x00000000e8000000)
  eden space 87424K,   0% used [0x00000000e0000000, 0x00000000e0000000, 0x00000000e5560000)
  from space 21824K,  42% used [0x00000000e6ab0000, 0x00000000e73d1a08, 0x00000000e8000000)
  to   space 21824K,   0% used [0x00000000e5560000, 0x00000000e5560000, 0x00000000e6ab0000)
 concurrent mark-sweep generation total 393216K, used 14573K [0x00000000e8000000, 0x0000000100000000, 0x0000000100000000)
 Metaspace       used 34383K, capacity 34896K, committed 35452K, reserved 1081344K
  class space    used 3702K, capacity 3858K, committed 3964K, reserved 1048576K
}
2017-03-31T01:35:31.511+0200: 2689.157: Total time for which application threads were stopped: 0.0243496 seconds, Stopping threads took: 0.0000185 seconds
2017-03-31T01:35:33.392+0200: 2691.038: Total time for which application threads were stopped: 0.0000986 seconds, Stopping threads took: 0.0000305 seconds
2017-03-31T01:35:33.448+0200: 2691.094: Total time for which application threads were stopped: 0.0000879 seconds, Stopping threads took: 0.0000251 seconds
2017-03-31T01:35:33.449+0200: 2691.096: Total time for which application threads were stopped: 0.0000720 seconds, Stopping threads took: 0.0000185 seconds
2017-03-31T01:35:33.495+0200: 2691.142: Total time for which application threads were stopped: 0.0000881 seconds, Stopping threads took: 0.0000207 seconds
2017-03-31T01:35:33.495+0200: 2691.142: Total time for which application threads were stopped: 0.0000411 seconds, Stopping threads took: 0.0000115 seconds
2017-03-31T01:35:33.497+0200: 2691.143: Total time for which application threads were stopped: 0.0000880 seconds, Stopping threads took: 0.0000240 seconds
2017-03-31T01:35:33.497+0200: 2691.143: Total time for which application threads were stopped: 0.0001037 seconds, Stopping threads took: 0.0000115 seconds
2017-03-31T01:35:33.497+0200: 2691.144: Total time for which application threads were stopped: 0.0000675 seconds, Stopping threads took: 0.0000129 seconds
2017-03-31T01:35:33.497+0200: 2691.144: Total time for which application threads were stopped: 0.0000481 seconds, Stopping threads took: 0.0000063 seconds
2017-03-31T01:35:33.502+0200: 2691.148: Total time for which application threads were stopped: 0.0000870 seconds, Stopping threads took: 0.0000165 seconds
2017-03-31T01:35:33.502+0200: 2691.148: Total time for which application threads were stopped: 0.0000841 seconds, Stopping threads took: 0.0000152 seconds
{Heap before GC invocations=41 (full 1):
 par new generation   total 109248K, used 96774K [0x00000000e0000000, 0x00000000e8000000, 0x00000000e8000000)
  eden space 87424K, 100% used [0x00000000e0000000, 0x00000000e5560000, 0x00000000e5560000)
  from space 21824K,  42% used [0x00000000e6ab0000, 0x00000000e73d1a08, 0x00000000e8000000)
  to   space 21824K,   0% used [0x00000000e5560000, 0x00000000e5560000, 0x00000000e6ab0000)
 concurrent mark-sweep generation total 393216K, used 14573K [0x00000000e8000000, 0x0000000100000000, 0x0000000100000000)
 Metaspace       used 34391K, capacity 34896K, committed 35452K, reserved 1081344K
  class space    used 3702K, capacity 3858K, committed 3964K, reserved 1048576K
2017-03-31T01:35:33.687+0200: 2691.333: [GC (Allocation Failure) 2017-03-31T01:35:33.687+0200: 2691.333: [ParNew
Desired survivor size 20112992 bytes, new threshold 8 (max 8)
- age   1:    2600344 bytes,    2600344 total
- age   2:     340440 bytes,    2940784 total
- age   3:     318104 bytes,    3258888 total
- age   4:    1039312 bytes,    4298200 total
- age   5:     330424 bytes,    4628624 total
- age   6:     568912 bytes,    5197536 total
- age   7:      59680 bytes,    5257216 total
- age   8:      58248 bytes,    5315464 total
: 96774K->7404K(109248K), 0.0224646 secs] 111348K->22233K(502464K), 0.0225419 secs] [Times: user=0.02 sys=0.00, real=0.03 secs] 
Heap after GC invocations=42 (full 1):
 par new generation   total 109248K, used 7404K [0x00000000e0000000, 0x00000000e8000000, 0x00000000e8000000)
  eden space 87424K,   0% used [0x00000000e0000000, 0x00000000e0000000, 0x00000000e5560000)
  from space 21824K,  33% used [0x00000000e5560000, 0x00000000e5c9b100, 0x00000000e6ab0000)
  to   space 21824K,   0% used [0x00000000e6ab0000, 0x00000000e6ab0000, 0x00000000e8000000)
 concurrent mark-sweep generation total 393216K, used 14829K [0x00000000e8000000, 0x0000000100000000, 0x0000000100000000)
 Metaspace       used 34391K, capacity 34896K, committed 35452K, reserved 1081344K
  class space    used 3702K, capacity 3858K, committed 3964K, reserved 1048576K
}
2017-03-31T01:35:33.709+0200: 2691.355: Total time for which application threads were stopped: 0.0228104 seconds, Stopping threads took: 0.0000370 seconds
2017-03-31T01:35:33.716+0200: 2691.362: Total time for which application threads were stopped: 0.0030599 seconds, Stopping threads took: 0.0028432 seconds
2017-03-31T01:35:33.800+0200: 2691.446: Total time for which application threads were stopped: 0.0001245 seconds, Stopping threads took: 0.0000276 seconds
2017-03-31T01:35:33.800+0200: 2691.446: Total time for which application threads were stopped: 0.0000509 seconds, Stopping threads took: 0.0000074 seconds
2017-03-31T01:35:33.802+0200: 2691.448: Total time for which application threads were stopped: 0.0000876 seconds, Stopping threads took: 0.0000260 seconds
2017-03-31T01:35:33.802+0200: 2691.448: Total time for which application threads were stopped: 0.0000423 seconds, Stopping threads took: 0.0000120 seconds
2017-03-31T01:35:39.374+0200: 2697.021: Total time for which application threads were stopped: 0.0000837 seconds, Stopping threads took: 0.0000189 seconds
2017-03-31T01:35:39.476+0200: 2697.122: Total time for which application threads were stopped: 0.0000781 seconds, Stopping threads took: 0.0000171 seconds
2017-03-31T01:35:39.518+0200: 2697.164: Total time for which application threads were stopped: 0.0001049 seconds, Stopping threads took: 0.0000203 seconds
2017-03-31T01:35:39.518+0200: 2697.164: Total time for which application threads were stopped: 0.0000709 seconds, Stopping threads took: 0.0000131 seconds
2017-03-31T01:35:39.529+0200: 2697.176: Total time for which application threads were stopped: 0.0001008 seconds, Stopping threads took: 0.0000210 seconds
2017-03-31T01:35:39.530+0200: 2697.176: Total time for which application threads were stopped: 0.0000759 seconds, Stopping threads took: 0.0000144 seconds
2017-03-31T01:35:39.530+0200: 2697.176: Total time for which application threads were stopped: 0.0000527 seconds, Stopping threads took: 0.0000087 seconds
2017-03-31T01:35:40.532+0200: 2698.179: Total time for which application threads were stopped: 0.0000886 seconds, Stopping threads took: 0.0000225 seconds
2017-03-31T01:35:42.192+0200: 2699.839: Total time for which application threads were stopped: 0.0000993 seconds, Stopping threads took: 0.0000288 seconds
2017-03-31T01:35:42.207+0200: 2699.853: Total time for which application threads were stopped: 0.0000906 seconds, Stopping threads took: 0.0000241 seconds
2017-03-31T01:35:42.238+0200: 2699.885: Total time for which application threads were stopped: 0.0001261 seconds, Stopping threads took: 0.0000281 seconds
2017-03-31T01:35:42.239+0200: 2699.885: Total time for which application threads were stopped: 0.0000529 seconds, Stopping threads took: 0.0000072 seconds
2017-03-31T01:35:42.240+0200: 2699.886: Total time for which application threads were stopped: 0.0000976 seconds, Stopping threads took: 0.0000300 seconds
2017-03-31T01:35:42.244+0200: 2699.890: Total time for which application threads were stopped: 0.0001062 seconds, Stopping threads took: 0.0000192 seconds
2017-03-31T01:35:42.244+0200: 2699.890: Total time for which application threads were stopped: 0.0000806 seconds, Stopping threads took: 0.0000163 seconds
{Heap before GC invocations=42 (full 1):
 par new generation   total 109248K, used 94828K [0x00000000e0000000, 0x00000000e8000000, 0x00000000e8000000)
  eden space 87424K, 100% used [0x00000000e0000000, 0x00000000e5560000, 0x00000000e5560000)
  from space 21824K,  33% used [0x00000000e5560000, 0x00000000e5c9b100, 0x00000000e6ab0000)
  to   space 21824K,   0% used [0x00000000e6ab0000, 0x00000000e6ab0000, 0x00000000e8000000)
 concurrent mark-sweep generation total 393216K, used 14829K [0x00000000e8000000, 0x0000000100000000, 0x0000000100000000)
 Metaspace       used 34415K, capacity 34960K, committed 35452K, reserved 1081344K
  class space    used 3702K, capacity 3858K, committed 3964K, reserved 1048576K
2017-03-31T01:35:42.378+0200: 2700.024: [GC (Allocation Failure) 2017-03-31T01:35:42.378+0200: 2700.024: [ParNew
Desired survivor size 20112992 bytes, new threshold 8 (max 8)
- age   1:    2926504 bytes,    2926504 total
- age   2:      15672 bytes,    2942176 total
- age   3:     270232 bytes,    3212408 total
- age   4:      43424 bytes,    3255832 total
- age   5:     139088 bytes,    3394920 total
- age   6:      93424 bytes,    3488344 total
- age   7:      41136 bytes,    3529480 total
- age   8:      52536 bytes,    3582016 total
: 94828K->5026K(109248K), 0.0194794 secs] 109657K->19912K(502464K), 0.0195336 secs] [Times: user=0.02 sys=0.00, real=0.02 secs] 
Heap after GC invocations=43 (full 1):
 par new generation   total 109248K, used 5026K [0x00000000e0000000, 0x00000000e8000000, 0x00000000e8000000)
  eden space 87424K,   0% used [0x00000000e0000000, 0x00000000e0000000, 0x00000000e5560000)
  from space 21824K,  23% used [0x00000000e6ab0000, 0x00000000e6f988e0, 0x00000000e8000000)
  to   space 21824K,   0% used [0x00000000e5560000, 0x00000000e5560000, 0x00000000e6ab0000)
 concurrent mark-sweep generation total 393216K, used 14886K [0x00000000e8000000, 0x0000000100000000, 0x0000000100000000)
 Metaspace       used 34415K, capacity 34960K, committed 35452K, reserved 1081344K
  class space    used 3702K, capacity 3858K, committed 3964K, reserved 1048576K
}
2017-03-31T01:35:42.397+0200: 2700.044: Total time for which application threads were stopped: 0.0197336 seconds, Stopping threads took: 0.0000331 seconds
2017-03-31T01:35:42.536+0200: 2700.182: Total time for which application threads were stopped: 0.0001038 seconds, Stopping threads took: 0.0000251 seconds
2017-03-31T01:35:42.565+0200: 2700.212: Total time for which application threads were stopped: 0.0001131 seconds, Stopping threads took: 0.0000255 seconds
2017-03-31T01:35:42.565+0200: 2700.212: Total time for which application threads were stopped: 0.0000990 seconds, Stopping threads took: 0.0000068 seconds
2017-03-31T01:35:42.568+0200: 2700.214: Total time for which application threads were stopped: 0.0000876 seconds, Stopping threads took: 0.0000303 seconds
2017-03-31T01:35:42.568+0200: 2700.214: Total time for which application threads were stopped: 0.0000436 seconds, Stopping threads took: 0.0000112 seconds
2017-03-31T01:35:42.568+0200: 2700.214: Total time for which application threads were stopped: 0.0000376 seconds, Stopping threads took: 0.0000105 seconds
2017-03-31T01:35:42.568+0200: 2700.214: Total time for which application threads were stopped: 0.0000403 seconds, Stopping threads took: 0.0000118 seconds
2017-03-31T01:35:42.571+0200: 2700.218: Total time for which application threads were stopped: 0.0000978 seconds, Stopping threads took: 0.0000286 seconds
2017-03-31T01:35:46.648+0200: 2704.294: Total time for which application threads were stopped: 0.0000850 seconds, Stopping threads took: 0.0000199 seconds
2017-03-31T01:35:46.649+0200: 2704.295: Total time for which application threads were stopped: 0.0000754 seconds, Stopping threads took: 0.0000176 seconds
2017-03-31T01:35:47.649+0200: 2705.296: Total time for which application threads were stopped: 0.0001859 seconds, Stopping threads took: 0.0000533 seconds
2017-03-31T01:35:49.822+0200: 2707.468: Total time for which application threads were stopped: 0.0000920 seconds, Stopping threads took: 0.0000256 seconds
2017-03-31T01:35:50.823+0200: 2708.469: Total time for which application threads were stopped: 0.0001215 seconds, Stopping threads took: 0.0000339 seconds
2017-03-31T01:36:03.070+0200: 2720.716: Total time for which application threads were stopped: 0.0000823 seconds, Stopping threads took: 0.0000160 seconds
2017-03-31T01:36:03.070+0200: 2720.717: Total time for which application threads were stopped: 0.0000988 seconds, Stopping threads took: 0.0000068 seconds
2017-03-31T01:36:03.070+0200: 2720.717: Total time for which application threads were stopped: 0.0000494 seconds, Stopping threads took: 0.0000101 seconds
2017-03-31T01:36:03.088+0200: 2720.734: Total time for which application threads were stopped: 0.0000769 seconds, Stopping threads took: 0.0000174 seconds
2017-03-31T01:36:03.088+0200: 2720.734: Total time for which application threads were stopped: 0.0000427 seconds, Stopping threads took: 0.0000076 seconds
2017-03-31T01:36:03.089+0200: 2720.735: Total time for which application threads were stopped: 0.0000739 seconds, Stopping threads took: 0.0000141 seconds
2017-03-31T01:36:03.091+0200: 2720.737: Total time for which application threads were stopped: 0.0000987 seconds, Stopping threads took: 0.0000304 seconds
2017-03-31T01:36:03.120+0200: 2720.766: Total time for which application threads were stopped: 0.0001347 seconds, Stopping threads took: 0.0000425 seconds
2017-03-31T01:36:03.120+0200: 2720.767: Total time for which application threads were stopped: 0.0000510 seconds, Stopping threads took: 0.0000071 seconds
2017-03-31T01:36:03.121+0200: 2720.768: Total time for which application threads were stopped: 0.0000680 seconds, Stopping threads took: 0.0000182 seconds
2017-03-31T01:36:03.123+0200: 2720.769: Total time for which application threads were stopped: 0.0001077 seconds, Stopping threads took: 0.0000366 seconds
2017-03-31T01:36:03.123+0200: 2720.769: Total time for which application threads were stopped: 0.0000418 seconds, Stopping threads took: 0.0000117 seconds
2017-03-31T01:36:03.123+0200: 2720.770: Total time for which application threads were stopped: 0.0000364 seconds, Stopping threads took: 0.0000106 seconds
2017-03-31T01:36:04.124+0200: 2721.770: Total time for which application threads were stopped: 0.0001095 seconds, Stopping threads took: 0.0000310 seconds
2017-03-31T01:36:09.889+0200: 2727.535: Total time for which application threads were stopped: 0.0001380 seconds, Stopping threads took: 0.0000333 seconds
2017-03-31T01:36:09.889+0200: 2727.535: Total time for which application threads were stopped: 0.0000739 seconds, Stopping threads took: 0.0000126 seconds
2017-03-31T01:36:09.907+0200: 2727.553: Total time for which application threads were stopped: 0.0000892 seconds, Stopping threads took: 0.0000199 seconds
2017-03-31T01:36:09.911+0200: 2727.557: Total time for which application threads were stopped: 0.0001860 seconds, Stopping threads took: 0.0000303 seconds
2017-03-31T01:36:09.940+0200: 2727.586: Total time for which application threads were stopped: 0.0001306 seconds, Stopping threads took: 0.0000282 seconds
2017-03-31T01:36:09.940+0200: 2727.586: Total time for which application threads were stopped: 0.0000610 seconds, Stopping threads took: 0.0000082 seconds
2017-03-31T01:36:09.942+0200: 2727.588: Total time for which application threads were stopped: 0.0001081 seconds, Stopping threads took: 0.0000316 seconds
2017-03-31T01:36:09.942+0200: 2727.588: Total time for which application threads were stopped: 0.0000377 seconds, Stopping threads took: 0.0000071 seconds
2017-03-31T01:36:09.943+0200: 2727.589: Total time for which application threads were stopped: 0.0000994 seconds, Stopping threads took: 0.0000294 seconds
2017-03-31T01:36:09.943+0200: 2727.590: Total time for which application threads were stopped: 0.0000966 seconds, Stopping threads took: 0.0000237 seconds
2017-03-31T01:36:09.943+0200: 2727.590: Total time for which application threads were stopped: 0.0000441 seconds, Stopping threads took: 0.0000133 seconds
2017-03-31T01:36:09.944+0200: 2727.590: Total time for which application threads were stopped: 0.0000608 seconds, Stopping threads took: 0.0000179 seconds
2017-03-31T01:36:14.385+0200: 2732.032: Total time for which application threads were stopped: 0.0009750 seconds, Stopping threads took: 0.0007318 seconds
2017-03-31T01:36:14.403+0200: 2732.049: Total time for which application threads were stopped: 0.0002033 seconds, Stopping threads took: 0.0000557 seconds
2017-03-31T01:36:14.408+0200: 2732.054: Total time for which application threads were stopped: 0.0002041 seconds, Stopping threads took: 0.0000573 seconds
2017-03-31T01:36:14.408+0200: 2732.054: Total time for which application threads were stopped: 0.0000488 seconds, Stopping threads took: 0.0000125 seconds
2017-03-31T01:36:15.409+0200: 2733.055: Total time for which application threads were stopped: 0.0000797 seconds, Stopping threads took: 0.0000235 seconds
2017-03-31T01:36:28.081+0200: 2745.728: Total time for which application threads were stopped: 0.0001491 seconds, Stopping threads took: 0.0000403 seconds
2017-03-31T01:36:32.495+0200: 2750.141: Total time for which application threads were stopped: 0.0002122 seconds, Stopping threads took: 0.0000393 seconds
2017-03-31T01:36:32.495+0200: 2750.141: Total time for which application threads were stopped: 0.0001622 seconds, Stopping threads took: 0.0000303 seconds
2017-03-31T01:36:42.319+0200: 2759.965: Total time for which application threads were stopped: 0.0001110 seconds, Stopping threads took: 0.0000398 seconds
2017-03-31T01:36:42.319+0200: 2759.965: Total time for which application threads were stopped: 0.0000419 seconds, Stopping threads took: 0.0000075 seconds
2017-03-31T01:36:42.319+0200: 2759.965: Total time for which application threads were stopped: 0.0000360 seconds, Stopping threads took: 0.0000069 seconds
2017-03-31T01:36:42.328+0200: 2759.974: Total time for which application threads were stopped: 0.0001115 seconds, Stopping threads took: 0.0000245 seconds
2017-03-31T01:36:42.328+0200: 2759.974: Total time for which application threads were stopped: 0.0000481 seconds, Stopping threads took: 0.0000133 seconds
2017-03-31T01:36:42.329+0200: 2759.975: Total time for which application threads were stopped: 0.0000741 seconds, Stopping threads took: 0.0000148 seconds
2017-03-31T01:36:42.333+0200: 2759.980: Total time for which application threads were stopped: 0.0000992 seconds, Stopping threads took: 0.0000262 seconds
2017-03-31T01:36:42.361+0200: 2760.007: Total time for which application threads were stopped: 0.0001597 seconds, Stopping threads took: 0.0000395 seconds
2017-03-31T01:36:42.361+0200: 2760.007: Total time for which application threads were stopped: 0.0000627 seconds, Stopping threads took: 0.0000087 seconds
2017-03-31T01:36:42.364+0200: 2760.010: Total time for which application threads were stopped: 0.0004197 seconds, Stopping threads took: 0.0003345 seconds
2017-03-31T01:36:42.364+0200: 2760.011: Total time for which application threads were stopped: 0.0000415 seconds, Stopping threads took: 0.0000078 seconds
2017-03-31T01:36:42.364+0200: 2760.011: Total time for which application threads were stopped: 0.0001220 seconds, Stopping threads took: 0.0000080 seconds
2017-03-31T01:36:42.365+0200: 2760.011: Total time for which application threads were stopped: 0.0000697 seconds, Stopping threads took: 0.0000209 seconds
2017-03-31T01:36:42.365+0200: 2760.011: Total time for which application threads were stopped: 0.0000419 seconds, Stopping threads took: 0.0000114 seconds
2017-03-31T01:36:42.365+0200: 2760.012: Total time for which application threads were stopped: 0.0000384 seconds, Stopping threads took: 0.0000108 seconds
2017-03-31T01:36:47.127+0200: 2764.773: Total time for which application threads were stopped: 0.0000888 seconds, Stopping threads took: 0.0000267 seconds
2017-03-31T01:36:47.129+0200: 2764.775: Total time for which application threads were stopped: 0.0000947 seconds, Stopping threads took: 0.0000264 seconds
2017-03-31T01:36:48.129+0200: 2765.776: Total time for which application threads were stopped: 0.0000796 seconds, Stopping threads took: 0.0000227 seconds
2017-03-31T01:37:18.952+0200: 2796.598: Total time for which application threads were stopped: 0.0001117 seconds, Stopping threads took: 0.0000350 seconds
2017-03-31T01:37:18.952+0200: 2796.599: Total time for which application threads were stopped: 0.0000474 seconds, Stopping threads took: 0.0000124 seconds
2017-03-31T01:37:18.954+0200: 2796.600: Total time for which application threads were stopped: 0.0001483 seconds, Stopping threads took: 0.0000235 seconds
2017-03-31T01:37:18.958+0200: 2796.604: Total time for which application threads were stopped: 0.0001012 seconds, Stopping threads took: 0.0000284 seconds
2017-03-31T01:37:18.992+0200: 2796.638: Total time for which application threads were stopped: 0.0001179 seconds, Stopping threads took: 0.0000381 seconds
2017-03-31T01:37:18.993+0200: 2796.639: Total time for which application threads were stopped: 0.0001722 seconds, Stopping threads took: 0.0000351 seconds
2017-03-31T01:37:18.993+0200: 2796.639: Total time for which application threads were stopped: 0.0000870 seconds, Stopping threads took: 0.0000100 seconds
2017-03-31T01:37:18.995+0200: 2796.641: Total time for which application threads were stopped: 0.0001540 seconds, Stopping threads took: 0.0000463 seconds
2017-03-31T01:37:18.995+0200: 2796.642: Total time for which application threads were stopped: 0.0001159 seconds, Stopping threads took: 0.0000311 seconds
2017-03-31T01:37:18.996+0200: 2796.642: Total time for which application threads were stopped: 0.0001430 seconds, Stopping threads took: 0.0000313 seconds
2017-03-31T01:37:18.996+0200: 2796.643: Total time for which application threads were stopped: 0.0001111 seconds, Stopping threads took: 0.0000349 seconds
2017-03-31T01:37:22.433+0200: 2800.080: Total time for which application threads were stopped: 0.0005000 seconds, Stopping threads took: 0.0001724 seconds
2017-03-31T01:37:22.434+0200: 2800.081: Total time for which application threads were stopped: 0.0004097 seconds, Stopping threads took: 0.0000588 seconds
2017-03-31T01:37:22.440+0200: 2800.086: Total time for which application threads were stopped: 0.0001133 seconds, Stopping threads took: 0.0000307 seconds
2017-03-31T01:37:22.440+0200: 2800.086: Total time for which application threads were stopped: 0.0001526 seconds, Stopping threads took: 0.0000203 seconds
2017-03-31T01:37:23.440+0200: 2801.087: Total time for which application threads were stopped: 0.0000867 seconds, Stopping threads took: 0.0000218 seconds
2017-03-31T01:37:32.123+0200: 2809.769: Total time for which application threads were stopped: 0.0000784 seconds, Stopping threads took: 0.0000179 seconds
2017-03-31T01:37:32.125+0200: 2809.771: Total time for which application threads were stopped: 0.0000847 seconds, Stopping threads took: 0.0000231 seconds
2017-03-31T01:37:32.125+0200: 2809.772: Total time for which application threads were stopped: 0.0000493 seconds, Stopping threads took: 0.0000129 seconds
2017-03-31T01:38:09.045+0200: 2846.691: Total time for which application threads were stopped: 0.0001777 seconds, Stopping threads took: 0.0000671 seconds
2017-03-31T01:38:09.045+0200: 2846.692: Total time for which application threads were stopped: 0.0001665 seconds, Stopping threads took: 0.0000354 seconds
2017-03-31T01:38:09.155+0200: 2846.801: Total time for which application threads were stopped: 0.0001734 seconds, Stopping threads took: 0.0000780 seconds
2017-03-31T01:38:09.155+0200: 2846.802: Total time for which application threads were stopped: 0.0000508 seconds, Stopping threads took: 0.0000139 seconds
2017-03-31T01:38:09.177+0200: 2846.823: Total time for which application threads were stopped: 0.0001178 seconds, Stopping threads took: 0.0000307 seconds
2017-03-31T01:38:10.177+0200: 2847.823: Total time for which application threads were stopped: 0.0000747 seconds, Stopping threads took: 0.0000226 seconds
{Heap before GC invocations=43 (full 1):
 par new generation   total 109248K, used 92450K [0x00000000e0000000, 0x00000000e8000000, 0x00000000e8000000)
  eden space 87424K, 100% used [0x00000000e0000000, 0x00000000e5560000, 0x00000000e5560000)
  from space 21824K,  23% used [0x00000000e6ab0000, 0x00000000e6f988e0, 0x00000000e8000000)
  to   space 21824K,   0% used [0x00000000e5560000, 0x00000000e5560000, 0x00000000e6ab0000)
 concurrent mark-sweep generation total 393216K, used 14886K [0x00000000e8000000, 0x0000000100000000, 0x0000000100000000)
 Metaspace       used 34513K, capacity 35088K, committed 35708K, reserved 1081344K
  class space    used 3702K, capacity 3858K, committed 3964K, reserved 1048576K
2017-03-31T01:38:19.602+0200: 2857.248: [GC (Allocation Failure) 2017-03-31T01:38:19.602+0200: 2857.248: [ParNew
Desired survivor size 20112992 bytes, new threshold 8 (max 8)
- age   1:    2409960 bytes,    2409960 total
- age   2:     113080 bytes,    2523040 total
- age   3:      13648 bytes,    2536688 total
- age   4:     260248 bytes,    2796936 total
- age   5:      43184 bytes,    2840120 total
- age   6:     138960 bytes,    2979080 total
- age   7:      93376 bytes,    3072456 total
- age   8:      41112 bytes,    3113568 total
: 92450K->4567K(109248K), 0.0211427 secs] 107336K->19504K(502464K), 0.0212235 secs] [Times: user=0.02 sys=0.00, real=0.02 secs] 
Heap after GC invocations=44 (full 1):
 par new generation   total 109248K, used 4567K [0x00000000e0000000, 0x00000000e8000000, 0x00000000e8000000)
  eden space 87424K,   0% used [0x00000000e0000000, 0x00000000e0000000, 0x00000000e5560000)
  from space 21824K,  20% used [0x00000000e5560000, 0x00000000e59d5c50, 0x00000000e6ab0000)
  to   space 21824K,   0% used [0x00000000e6ab0000, 0x00000000e6ab0000, 0x00000000e8000000)
 concurrent mark-sweep generation total 393216K, used 14937K [0x00000000e8000000, 0x0000000100000000, 0x0000000100000000)
 Metaspace       used 34513K, capacity 35088K, committed 35708K, reserved 1081344K
  class space    used 3702K, capacity 3858K, committed 3964K, reserved 1048576K
}
2017-03-31T01:38:19.623+0200: 2857.270: Total time for which application threads were stopped: 0.0214252 seconds, Stopping threads took: 0.0000514 seconds
2017-03-31T01:38:19.648+0200: 2857.294: Total time for which application threads were stopped: 0.0001523 seconds, Stopping threads took: 0.0000493 seconds
2017-03-31T01:38:19.648+0200: 2857.294: Total time for which application threads were stopped: 0.0000832 seconds, Stopping threads took: 0.0000231 seconds
2017-03-31T01:38:20.649+0200: 2858.295: Total time for which application threads were stopped: 0.0001784 seconds, Stopping threads took: 0.0000414 seconds
2017-03-31T01:38:22.655+0200: 2860.302: Total time for which application threads were stopped: 0.0000971 seconds, Stopping threads took: 0.0000293 seconds
2017-03-31T01:38:36.815+0200: 2874.461: Total time for which application threads were stopped: 0.0001145 seconds, Stopping threads took: 0.0000299 seconds
2017-03-31T01:38:36.815+0200: 2874.461: Total time for which application threads were stopped: 0.0001219 seconds, Stopping threads took: 0.0000178 seconds
2017-03-31T01:38:37.815+0200: 2875.462: Total time for which application threads were stopped: 0.0000993 seconds, Stopping threads took: 0.0000285 seconds
2017-03-31T01:38:55.214+0200: 2892.860: Total time for which application threads were stopped: 0.0000934 seconds, Stopping threads took: 0.0000276 seconds
2017-03-31T01:38:55.228+0200: 2892.874: Total time for which application threads were stopped: 0.0001215 seconds, Stopping threads took: 0.0000343 seconds
2017-03-31T01:38:55.228+0200: 2892.875: Total time for which application threads were stopped: 0.0000793 seconds, Stopping threads took: 0.0000212 seconds
2017-03-31T01:38:55.230+0200: 2892.876: Total time for which application threads were stopped: 0.0001388 seconds, Stopping threads took: 0.0000260 seconds
2017-03-31T01:38:55.235+0200: 2892.882: Total time for which application threads were stopped: 0.0001088 seconds, Stopping threads took: 0.0000316 seconds
2017-03-31T01:38:55.276+0200: 2892.923: Total time for which application threads were stopped: 0.0003673 seconds, Stopping threads took: 0.0001085 seconds
2017-03-31T01:38:55.279+0200: 2892.925: Total time for which application threads were stopped: 0.0001745 seconds, Stopping threads took: 0.0000387 seconds
2017-03-31T01:38:55.279+0200: 2892.926: Total time for which application threads were stopped: 0.0001133 seconds, Stopping threads took: 0.0000168 seconds
2017-03-31T01:38:55.282+0200: 2892.928: Total time for which application threads were stopped: 0.0000987 seconds, Stopping threads took: 0.0000304 seconds
2017-03-31T01:38:55.282+0200: 2892.929: Total time for which application threads were stopped: 0.0000348 seconds, Stopping threads took: 0.0000063 seconds
2017-03-31T01:38:55.282+0200: 2892.929: Total time for which application threads were stopped: 0.0000457 seconds, Stopping threads took: 0.0000133 seconds
2017-03-31T01:38:55.283+0200: 2892.929: Total time for which application threads were stopped: 0.0000378 seconds, Stopping threads took: 0.0000107 seconds
2017-03-31T01:38:55.283+0200: 2892.929: Total time for which application threads were stopped: 0.0000360 seconds, Stopping threads took: 0.0000104 seconds
2017-03-31T01:38:56.284+0200: 2893.930: Total time for which application threads were stopped: 0.0008556 seconds, Stopping threads took: 0.0000310 seconds
2017-03-31T01:39:00.300+0200: 2897.946: Total time for which application threads were stopped: 0.0001162 seconds, Stopping threads took: 0.0000257 seconds
2017-03-31T01:39:00.300+0200: 2897.946: Total time for which application threads were stopped: 0.0001023 seconds, Stopping threads took: 0.0000213 seconds
2017-03-31T01:39:00.360+0200: 2898.006: Total time for which application threads were stopped: 0.0001348 seconds, Stopping threads took: 0.0000230 seconds
2017-03-31T01:39:00.374+0200: 2898.020: Total time for which application threads were stopped: 0.0001581 seconds, Stopping threads took: 0.0000352 seconds
2017-03-31T01:39:00.416+0200: 2898.062: Total time for which application threads were stopped: 0.0003987 seconds, Stopping threads took: 0.0000459 seconds
2017-03-31T01:39:00.416+0200: 2898.063: Total time for which application threads were stopped: 0.0001369 seconds, Stopping threads took: 0.0000218 seconds
2017-03-31T01:39:00.418+0200: 2898.065: Total time for which application threads were stopped: 0.0003022 seconds, Stopping threads took: 0.0000396 seconds
2017-03-31T01:39:00.421+0200: 2898.067: Total time for which application threads were stopped: 0.0007040 seconds, Stopping threads took: 0.0002681 seconds
2017-03-31T01:39:00.421+0200: 2898.068: Total time for which application threads were stopped: 0.0004172 seconds, Stopping threads took: 0.0000509 seconds
2017-03-31T01:39:00.422+0200: 2898.068: Total time for which application threads were stopped: 0.0003050 seconds, Stopping threads took: 0.0000254 seconds
2017-03-31T01:39:04.638+0200: 2902.285: Total time for which application threads were stopped: 0.0000955 seconds, Stopping threads took: 0.0000296 seconds
2017-03-31T01:39:04.647+0200: 2902.293: Total time for which application threads were stopped: 0.0011276 seconds, Stopping threads took: 0.0000284 seconds
2017-03-31T01:39:05.647+0200: 2903.293: Total time for which application threads were stopped: 0.0000765 seconds, Stopping threads took: 0.0000250 seconds
2017-03-31T01:39:38.403+0200: 2936.049: Total time for which application threads were stopped: 0.0001400 seconds, Stopping threads took: 0.0000467 seconds
2017-03-31T01:39:55.034+0200: 2952.681: Total time for which application threads were stopped: 0.0001195 seconds, Stopping threads took: 0.0000475 seconds
2017-03-31T01:39:55.035+0200: 2952.681: Total time for which application threads were stopped: 0.0000443 seconds, Stopping threads took: 0.0000125 seconds
2017-03-31T01:41:34.834+0200: 3052.481: Total time for which application threads were stopped: 0.0001365 seconds, Stopping threads took: 0.0000540 seconds
2017-03-31T01:41:34.834+0200: 3052.481: Total time for which application threads were stopped: 0.0000601 seconds, Stopping threads took: 0.0000157 seconds
2017-03-31T01:42:41.638+0200: 3119.284: Total time for which application threads were stopped: 0.0001714 seconds, Stopping threads took: 0.0000952 seconds
2017-03-31T01:42:41.638+0200: 3119.285: Total time for which application threads were stopped: 0.0000698 seconds, Stopping threads took: 0.0000146 seconds
2017-03-31T01:42:42.639+0200: 3120.286: Total time for which application threads were stopped: 0.0001116 seconds, Stopping threads took: 0.0000318 seconds
2017-03-31T01:46:44.537+0200: 3362.183: Total time for which application threads were stopped: 0.0001269 seconds, Stopping threads took: 0.0000297 seconds
2017-03-31T01:46:44.539+0200: 3362.186: Total time for which application threads were stopped: 0.0001282 seconds, Stopping threads took: 0.0000395 seconds
2017-03-31T01:46:45.540+0200: 3363.186: Total time for which application threads were stopped: 0.0001423 seconds, Stopping threads took: 0.0000393 seconds
2017-03-31T01:49:20.185+0200: 3517.832: Total time for which application threads were stopped: 0.0002076 seconds, Stopping threads took: 0.0000775 seconds
2017-03-31T01:49:20.186+0200: 3517.832: Total time for which application threads were stopped: 0.0001092 seconds, Stopping threads took: 0.0000308 seconds
2017-03-31T01:49:21.187+0200: 3518.833: Total time for which application threads were stopped: 0.0003320 seconds, Stopping threads took: 0.0001042 seconds
2017-03-31T01:50:29.169+0200: 3586.815: Total time for which application threads were stopped: 0.0002283 seconds, Stopping threads took: 0.0000505 seconds
2017-03-31T01:50:29.176+0200: 3586.822: Total time for which application threads were stopped: 0.0001601 seconds, Stopping threads took: 0.0000319 seconds
2017-03-31T01:50:30.177+0200: 3587.823: Total time for which application threads were stopped: 0.0002455 seconds, Stopping threads took: 0.0000711 seconds
{Heap before GC invocations=44 (full 1):
 par new generation   total 109248K, used 91991K [0x00000000e0000000, 0x00000000e8000000, 0x00000000e8000000)
  eden space 87424K, 100% used [0x00000000e0000000, 0x00000000e5560000, 0x00000000e5560000)
  from space 21824K,  20% used [0x00000000e5560000, 0x00000000e59d5c50, 0x00000000e6ab0000)
  to   space 21824K,   0% used [0x00000000e6ab0000, 0x00000000e6ab0000, 0x00000000e8000000)
 concurrent mark-sweep generation total 393216K, used 14937K [0x00000000e8000000, 0x0000000100000000, 0x0000000100000000)
 Metaspace       used 34589K, capacity 35152K, committed 35708K, reserved 1081344K
  class space    used 3706K, capacity 3858K, committed 3964K, reserved 1048576K
2017-03-31T01:57:24.715+0200: 4002.361: [GC (Allocation Failure) 2017-03-31T01:57:24.715+0200: 4002.361: [ParNew
Desired survivor size 20112992 bytes, new threshold 8 (max 8)
- age   1:    3561096 bytes,    3561096 total
- age   2:     845088 bytes,    4406184 total
- age   3:     103136 bytes,    4509320 total
- age   4:      12448 bytes,    4521768 total
- age   5:     245256 bytes,    4767024 total
- age   6:      43064 bytes,    4810088 total
- age   7:     138936 bytes,    4949024 total
- age   8:      93304 bytes,    5042328 total
: 91991K->5326K(109248K), 0.0392725 secs] 106928K->20303K(502464K), 0.0394418 secs] [Times: user=0.04 sys=0.00, real=0.04 secs] 
Heap after GC invocations=45 (full 1):
 par new generation   total 109248K, used 5326K [0x00000000e0000000, 0x00000000e8000000, 0x00000000e8000000)
  eden space 87424K,   0% used [0x00000000e0000000, 0x00000000e0000000, 0x00000000e5560000)
  from space 21824K,  24% used [0x00000000e6ab0000, 0x00000000e6fe39c0, 0x00000000e8000000)
  to   space 21824K,   0% used [0x00000000e5560000, 0x00000000e5560000, 0x00000000e6ab0000)
 concurrent mark-sweep generation total 393216K, used 14977K [0x00000000e8000000, 0x0000000100000000, 0x0000000100000000)
 Metaspace       used 34589K, capacity 35152K, committed 35708K, reserved 1081344K
  class space    used 3706K, capacity 3858K, committed 3964K, reserved 1048576K
}
2017-03-31T01:57:24.755+0200: 4002.401: Total time for which application threads were stopped: 0.0398392 seconds, Stopping threads took: 0.0000629 seconds
2017-03-31T01:57:25.755+0200: 4003.401: Total time for which application threads were stopped: 0.0002223 seconds, Stopping threads took: 0.0000456 seconds
2017-03-31T02:02:59.793+0200: 4337.439: Total time for which application threads were stopped: 0.0001357 seconds, Stopping threads took: 0.0000514 seconds
2017-03-31T02:02:59.793+0200: 4337.439: Total time for which application threads were stopped: 0.0000640 seconds, Stopping threads took: 0.0000177 seconds
2017-03-31T02:03:00.795+0200: 4338.441: Total time for which application threads were stopped: 0.0000806 seconds, Stopping threads took: 0.0000261 seconds
2017-03-31T02:05:14.909+0200: 4472.555: Total time for which application threads were stopped: 0.0001901 seconds, Stopping threads took: 0.0000701 seconds
2017-03-31T02:05:14.910+0200: 4472.556: Total time for which application threads were stopped: 0.0000779 seconds, Stopping threads took: 0.0000228 seconds
2017-03-31T02:05:15.911+0200: 4473.557: Total time for which application threads were stopped: 0.0000901 seconds, Stopping threads took: 0.0000271 seconds
2017-03-31T02:19:55.532+0200: 5353.178: Total time for which application threads were stopped: 0.0144520 seconds, Stopping threads took: 0.0026028 seconds
2017-03-31T02:19:55.571+0200: 5353.217: Total time for which application threads were stopped: 0.0006570 seconds, Stopping threads took: 0.0005803 seconds
2017-03-31T02:19:55.819+0200: 5353.465: Total time for which application threads were stopped: 0.0016822 seconds, Stopping threads took: 0.0001963 seconds
2017-03-31T02:19:55.826+0200: 5353.472: Total time for which application threads were stopped: 0.0061179 seconds, Stopping threads took: 0.0001519 seconds
2017-03-31T02:19:55.829+0200: 5353.475: Total time for which application threads were stopped: 0.0020409 seconds, Stopping threads took: 0.0003539 seconds
2017-03-31T02:19:56.154+0200: 5353.800: Total time for which application threads were stopped: 0.0007175 seconds, Stopping threads took: 0.0000259 seconds
2017-03-31T02:19:56.154+0200: 5353.800: Total time for which application threads were stopped: 0.0000611 seconds, Stopping threads took: 0.0000157 seconds
2017-03-31T02:19:56.157+0200: 5353.803: Total time for which application threads were stopped: 0.0028686 seconds, Stopping threads took: 0.0009139 seconds
2017-03-31T02:19:56.157+0200: 5353.804: Total time for which application threads were stopped: 0.0000924 seconds, Stopping threads took: 0.0000143 seconds
2017-03-31T02:19:56.255+0200: 5353.901: Total time for which application threads were stopped: 0.0018743 seconds, Stopping threads took: 0.0004541 seconds
2017-03-31T02:19:56.256+0200: 5353.902: Total time for which application threads were stopped: 0.0006040 seconds, Stopping threads took: 0.0005021 seconds
2017-03-31T02:19:56.303+0200: 5353.949: Total time for which application threads were stopped: 0.0003588 seconds, Stopping threads took: 0.0002711 seconds
2017-03-31T02:19:56.304+0200: 5353.951: Total time for which application threads were stopped: 0.0005830 seconds, Stopping threads took: 0.0004913 seconds
2017-03-31T02:19:56.367+0200: 5354.014: Total time for which application threads were stopped: 0.0001290 seconds, Stopping threads took: 0.0000499 seconds
2017-03-31T02:19:56.369+0200: 5354.015: Total time for which application threads were stopped: 0.0000849 seconds, Stopping threads took: 0.0000172 seconds
2017-03-31T02:19:56.391+0200: 5354.038: Total time for which application threads were stopped: 0.0023536 seconds, Stopping threads took: 0.0000291 seconds
2017-03-31T02:19:56.396+0200: 5354.042: Total time for which application threads were stopped: 0.0045098 seconds, Stopping threads took: 0.0002620 seconds
2017-03-31T02:19:56.486+0200: 5354.132: Total time for which application threads were stopped: 0.0027012 seconds, Stopping threads took: 0.0005153 seconds
2017-03-31T02:19:56.486+0200: 5354.132: Total time for which application threads were stopped: 0.0000678 seconds, Stopping threads took: 0.0000120 seconds
2017-03-31T02:19:56.522+0200: 5354.168: Total time for which application threads were stopped: 0.0022007 seconds, Stopping threads took: 0.0020191 seconds
2017-03-31T02:19:56.522+0200: 5354.169: Total time for which application threads were stopped: 0.0000812 seconds, Stopping threads took: 0.0000196 seconds
2017-03-31T02:19:56.536+0200: 5354.182: Total time for which application threads were stopped: 0.0000982 seconds, Stopping threads took: 0.0000192 seconds
2017-03-31T02:19:56.536+0200: 5354.183: Total time for which application threads were stopped: 0.0000568 seconds, Stopping threads took: 0.0000162 seconds
2017-03-31T02:19:56.587+0200: 5354.233: Total time for which application threads were stopped: 0.0040316 seconds, Stopping threads took: 0.0009361 seconds
2017-03-31T02:19:56.885+0200: 5354.531: Total time for which application threads were stopped: 0.0014762 seconds, Stopping threads took: 0.0000238 seconds
2017-03-31T02:19:57.589+0200: 5355.235: Total time for which application threads were stopped: 0.0002920 seconds, Stopping threads took: 0.0000633 seconds
2017-03-31T02:19:58.590+0200: 5356.236: Total time for which application threads were stopped: 0.0006779 seconds, Stopping threads took: 0.0001893 seconds
2017-03-31T02:19:59.591+0200: 5357.237: Total time for which application threads were stopped: 0.0000883 seconds, Stopping threads took: 0.0000271 seconds
{Heap before GC invocations=45 (full 1):
 par new generation   total 109248K, used 92750K [0x00000000e0000000, 0x00000000e8000000, 0x00000000e8000000)
  eden space 87424K, 100% used [0x00000000e0000000, 0x00000000e5560000, 0x00000000e5560000)
  from space 21824K,  24% used [0x00000000e6ab0000, 0x00000000e6fe39c0, 0x00000000e8000000)
  to   space 21824K,   0% used [0x00000000e5560000, 0x00000000e5560000, 0x00000000e6ab0000)
 concurrent mark-sweep generation total 393216K, used 14977K [0x00000000e8000000, 0x0000000100000000, 0x0000000100000000)
 Metaspace       used 34627K, capacity 35152K, committed 35708K, reserved 1081344K
  class space    used 3709K, capacity 3858K, committed 3964K, reserved 1048576K
2017-03-31T02:19:59.653+0200: 5357.299: [GC (Allocation Failure) 2017-03-31T02:19:59.653+0200: 5357.299: [ParNew
Desired survivor size 20112992 bytes, new threshold 8 (max 8)
- age   1:    2195096 bytes,    2195096 total
- age   2:    3404856 bytes,    5599952 total
- age   3:     833992 bytes,    6433944 total
- age   4:     101640 bytes,    6535584 total
- age   5:      11976 bytes,    6547560 total
- age   6:     239096 bytes,    6786656 total
- age   7:      42472 bytes,    6829128 total
- age   8:     138504 bytes,    6967632 total
: 92750K->8590K(109248K), 0.1543120 secs] 107727K->23658K(502464K), 0.1543950 secs] [Times: user=0.05 sys=0.05, real=0.15 secs] 
Heap after GC invocations=46 (full 1):
 par new generation   total 109248K, used 8590K [0x00000000e0000000, 0x00000000e8000000, 0x00000000e8000000)
  eden space 87424K,   0% used [0x00000000e0000000, 0x00000000e0000000, 0x00000000e5560000)
  from space 21824K,  39% used [0x00000000e5560000, 0x00000000e5dc39b8, 0x00000000e6ab0000)
  to   space 21824K,   0% used [0x00000000e6ab0000, 0x00000000e6ab0000, 0x00000000e8000000)
 concurrent mark-sweep generation total 393216K, used 15067K [0x00000000e8000000, 0x0000000100000000, 0x0000000100000000)
 Metaspace       used 34627K, capacity 35152K, committed 35708K, reserved 1081344K
  class space    used 3709K, capacity 3858K, committed 3964K, reserved 1048576K
}
2017-03-31T02:19:59.807+0200: 5357.453: Total time for which application threads were stopped: 0.1607586 seconds, Stopping threads took: 0.0053180 seconds
2017-03-31T02:19:59.967+0200: 5357.613: Total time for which application threads were stopped: 0.0006901 seconds, Stopping threads took: 0.0003877 seconds
2017-03-31T02:20:00.968+0200: 5358.614: Total time for which application threads were stopped: 0.0001648 seconds, Stopping threads took: 0.0000367 seconds
2017-03-31T02:20:01.970+0200: 5359.616: Total time for which application threads were stopped: 0.0001151 seconds, Stopping threads took: 0.0000408 seconds
2017-03-31T02:20:02.971+0200: 5360.617: Total time for which application threads were stopped: 0.0000933 seconds, Stopping threads took: 0.0000240 seconds
{Heap before GC invocations=46 (full 1):
 par new generation   total 109248K, used 96014K [0x00000000e0000000, 0x00000000e8000000, 0x00000000e8000000)
  eden space 87424K, 100% used [0x00000000e0000000, 0x00000000e5560000, 0x00000000e5560000)
  from space 21824K,  39% used [0x00000000e5560000, 0x00000000e5dc39b8, 0x00000000e6ab0000)
  to   space 21824K,   0% used [0x00000000e6ab0000, 0x00000000e6ab0000, 0x00000000e8000000)
 concurrent mark-sweep generation total 393216K, used 15067K [0x00000000e8000000, 0x0000000100000000, 0x0000000100000000)
 Metaspace       used 34636K, capacity 35152K, committed 35708K, reserved 1081344K
  class space    used 3709K, capacity 3858K, committed 3964K, reserved 1048576K
2017-03-31T02:20:05.833+0200: 5363.479: [GC (Allocation Failure) 2017-03-31T02:20:05.833+0200: 5363.479: [ParNew
Desired survivor size 20112992 bytes, new threshold 8 (max 8)
- age   1:    3955400 bytes,    3955400 total
- age   2:    1523784 bytes,    5479184 total
- age   3:    3361728 bytes,    8840912 total
- age   4:     796744 bytes,    9637656 total
- age   5:     101096 bytes,    9738752 total
- age   6:      11688 bytes,    9750440 total
- age   7:     237056 bytes,    9987496 total
- age   8:      41008 bytes,   10028504 total
: 96014K->12115K(109248K), 0.0896121 secs] 111082K->27317K(502464K), 0.0897076 secs] [Times: user=0.04 sys=0.04, real=0.09 secs] 
Heap after GC invocations=47 (full 1):
 par new generation   total 109248K, used 12115K [0x00000000e0000000, 0x00000000e8000000, 0x00000000e8000000)
  eden space 87424K,   0% used [0x00000000e0000000, 0x00000000e0000000, 0x00000000e5560000)
  from space 21824K,  55% used [0x00000000e6ab0000, 0x00000000e7684d00, 0x00000000e8000000)
  to   space 21824K,   0% used [0x00000000e5560000, 0x00000000e5560000, 0x00000000e6ab0000)
 concurrent mark-sweep generation total 393216K, used 15202K [0x00000000e8000000, 0x0000000100000000, 0x0000000100000000)
 Metaspace       used 34636K, capacity 35152K, committed 35708K, reserved 1081344K
  class space    used 3709K, capacity 3858K, committed 3964K, reserved 1048576K
}
2017-03-31T02:20:05.923+0200: 5363.569: Total time for which application threads were stopped: 0.0899059 seconds, Stopping threads took: 0.0000273 seconds
2017-03-31T02:20:06.925+0200: 5364.571: Total time for which application threads were stopped: 0.0022214 seconds, Stopping threads took: 0.0021427 seconds
2017-03-31T02:20:07.926+0200: 5365.572: Total time for which application threads were stopped: 0.0001318 seconds, Stopping threads took: 0.0000285 seconds
2017-03-31T02:20:08.926+0200: 5366.572: Total time for which application threads were stopped: 0.0000918 seconds, Stopping threads took: 0.0000258 seconds
2017-03-31T02:20:09.926+0200: 5367.572: Total time for which application threads were stopped: 0.0000983 seconds, Stopping threads took: 0.0000301 seconds
2017-03-31T02:20:10.927+0200: 5368.573: Total time for which application threads were stopped: 0.0004174 seconds, Stopping threads took: 0.0001549 seconds
{Heap before GC invocations=47 (full 1):
 par new generation   total 109248K, used 99539K [0x00000000e0000000, 0x00000000e8000000, 0x00000000e8000000)
  eden space 87424K, 100% used [0x00000000e0000000, 0x00000000e5560000, 0x00000000e5560000)
  from space 21824K,  55% used [0x00000000e6ab0000, 0x00000000e7684d00, 0x00000000e8000000)
  to   space 21824K,   0% used [0x00000000e5560000, 0x00000000e5560000, 0x00000000e6ab0000)
 concurrent mark-sweep generation total 393216K, used 15202K [0x00000000e8000000, 0x0000000100000000, 0x0000000100000000)
 Metaspace       used 34640K, capacity 35152K, committed 35708K, reserved 1081344K
  class space    used 3709K, capacity 3858K, committed 3964K, reserved 1048576K
2017-03-31T02:20:11.820+0200: 5369.466: [GC (Allocation Failure) 2017-03-31T02:20:11.820+0200: 5369.466: [ParNew
Desired survivor size 20112992 bytes, new threshold 8 (max 8)
- age   1:    4112456 bytes,    4112456 total
- age   2:    3164096 bytes,    7276552 total
- age   3:     671216 bytes,    7947768 total
- age   4:    1436496 bytes,    9384264 total
- age   5:     796648 bytes,   10180912 total
- age   6:     100736 bytes,   10281648 total
- age   7:      11232 bytes,   10292880 total
- age   8:     235280 bytes,   10528160 total
: 99539K->15503K(109248K), 0.0907707 secs] 114741K->30744K(502464K), 0.0908422 secs] [Times: user=0.07 sys=0.01, real=0.10 secs] 
Heap after GC invocations=48 (full 1):
 par new generation   total 109248K, used 15503K [0x00000000e0000000, 0x00000000e8000000, 0x00000000e8000000)
  eden space 87424K,   0% used [0x00000000e0000000, 0x00000000e0000000, 0x00000000e5560000)
  from space 21824K,  71% used [0x00000000e5560000, 0x00000000e6483fa0, 0x00000000e6ab0000)
  to   space 21824K,   0% used [0x00000000e6ab0000, 0x00000000e6ab0000, 0x00000000e8000000)
 concurrent mark-sweep generation total 393216K, used 15240K [0x00000000e8000000, 0x0000000100000000, 0x0000000100000000)
 Metaspace       used 34640K, capacity 35152K, committed 35708K, reserved 1081344K
  class space    used 3709K, capacity 3858K, committed 3964K, reserved 1048576K
}
2017-03-31T02:20:11.911+0200: 5369.557: Total time for which application threads were stopped: 0.0910069 seconds, Stopping threads took: 0.0000213 seconds
2017-03-31T02:20:12.920+0200: 5370.566: Total time for which application threads were stopped: 0.0085556 seconds, Stopping threads took: 0.0083875 seconds
2017-03-31T02:20:13.920+0200: 5371.567: Total time for which application threads were stopped: 0.0001402 seconds, Stopping threads took: 0.0000303 seconds
2017-03-31T02:20:15.922+0200: 5373.568: Total time for which application threads were stopped: 0.0001026 seconds, Stopping threads took: 0.0000305 seconds
2017-03-31T02:20:17.923+0200: 5375.569: Total time for which application threads were stopped: 0.0001032 seconds, Stopping threads took: 0.0000224 seconds
{Heap before GC invocations=48 (full 1):
 par new generation   total 109248K, used 102927K [0x00000000e0000000, 0x00000000e8000000, 0x00000000e8000000)
  eden space 87424K, 100% used [0x00000000e0000000, 0x00000000e5560000, 0x00000000e5560000)
  from space 21824K,  71% used [0x00000000e5560000, 0x00000000e6483fa0, 0x00000000e6ab0000)
  to   space 21824K,   0% used [0x00000000e6ab0000, 0x00000000e6ab0000, 0x00000000e8000000)
 concurrent mark-sweep generation total 393216K, used 15240K [0x00000000e8000000, 0x0000000100000000, 0x0000000100000000)
 Metaspace       used 34640K, capacity 35152K, committed 35708K, reserved 1081344K
  class space    used 3709K, capacity 3858K, committed 3964K, reserved 1048576K
2017-03-31T02:20:18.124+0200: 5375.770: [GC (Allocation Failure) 2017-03-31T02:20:18.124+0200: 5375.770: [ParNew
Desired survivor size 20112992 bytes, new threshold 8 (max 8)
- age   1:    4671432 bytes,    4671432 total
- age   2:    3336488 bytes,    8007920 total
- age   3:    1125032 bytes,    9132952 total
- age   4:     140584 bytes,    9273536 total
- age   5:     629640 bytes,    9903176 total
- age   6:     796456 bytes,   10699632 total
- age   7:     100280 bytes,   10799912 total
- age   8:      11016 bytes,   10810928 total
: 102927K->13159K(109248K), 0.0439342 secs] 118168K->28628K(502464K), 0.0440390 secs] [Times: user=0.03 sys=0.01, real=0.05 secs] 
Heap after GC invocations=49 (full 1):
 par new generation   total 109248K, used 13159K [0x00000000e0000000, 0x00000000e8000000, 0x00000000e8000000)
  eden space 87424K,   0% used [0x00000000e0000000, 0x00000000e0000000, 0x00000000e5560000)
  from space 21824K,  60% used [0x00000000e6ab0000, 0x00000000e7789d10, 0x00000000e8000000)
  to   space 21824K,   0% used [0x00000000e5560000, 0x00000000e5560000, 0x00000000e6ab0000)
 concurrent mark-sweep generation total 393216K, used 15469K [0x00000000e8000000, 0x0000000100000000, 0x0000000100000000)
 Metaspace       used 34640K, capacity 35152K, committed 35708K, reserved 1081344K
  class space    used 3709K, capacity 3858K, committed 3964K, reserved 1048576K
}
2017-03-31T02:20:18.168+0200: 5375.814: Total time for which application threads were stopped: 0.0442456 seconds, Stopping threads took: 0.0000197 seconds
2017-03-31T02:20:21.175+0200: 5378.822: Total time for which application threads were stopped: 0.0000846 seconds, Stopping threads took: 0.0000243 seconds
{Heap before GC invocations=49 (full 1):
 par new generation   total 109248K, used 100579K [0x00000000e0000000, 0x00000000e8000000, 0x00000000e8000000)
  eden space 87424K,  99% used [0x00000000e0000000, 0x00000000e555f2a8, 0x00000000e5560000)
  from space 21824K,  60% used [0x00000000e6ab0000, 0x00000000e7789d10, 0x00000000e8000000)
  to   space 21824K,   0% used [0x00000000e5560000, 0x00000000e5560000, 0x00000000e6ab0000)
 concurrent mark-sweep generation total 393216K, used 15469K [0x00000000e8000000, 0x0000000100000000, 0x0000000100000000)
 Metaspace       used 34644K, capacity 35152K, committed 35708K, reserved 1081344K
  class space    used 3709K, capacity 3858K, committed 3964K, reserved 1048576K
2017-03-31T02:20:22.860+0200: 5380.506: [GC (Allocation Failure) 2017-03-31T02:20:22.860+0200: 5380.506: [ParNew
Desired survivor size 20112992 bytes, new threshold 8 (max 8)
- age   1:    4239280 bytes,    4239280 total
- age   2:    3920472 bytes,    8159752 total
- age   3:    1148832 bytes,    9308584 total
- age   4:     222728 bytes,    9531312 total
- age   5:     112168 bytes,    9643480 total
- age   6:     355888 bytes,    9999368 total
- age   7:     796312 bytes,   10795680 total
- age   8:      99848 bytes,   10895528 total
: 100579K->18228K(109248K), 0.0452249 secs] 116049K->33708K(502464K), 0.0453141 secs] [Times: user=0.03 sys=0.00, real=0.05 secs] 
Heap after GC invocations=50 (full 1):
 par new generation   total 109248K, used 18228K [0x00000000e0000000, 0x00000000e8000000, 0x00000000e8000000)
  eden space 87424K,   0% used [0x00000000e0000000, 0x00000000e0000000, 0x00000000e5560000)
  from space 21824K,  83% used [0x00000000e5560000, 0x00000000e672d340, 0x00000000e6ab0000)
  to   space 21824K,   0% used [0x00000000e6ab0000, 0x00000000e6ab0000, 0x00000000e8000000)
 concurrent mark-sweep generation total 393216K, used 15479K [0x00000000e8000000, 0x0000000100000000, 0x0000000100000000)
 Metaspace       used 34644K, capacity 35152K, committed 35708K, reserved 1081344K
  class space    used 3709K, capacity 3858K, committed 3964K, reserved 1048576K
}
2017-03-31T02:20:22.905+0200: 5380.552: Total time for which application threads were stopped: 0.0455139 seconds, Stopping threads took: 0.0000202 seconds
2017-03-31T02:20:23.886+0200: 5381.533: Total time for which application threads were stopped: 0.0001147 seconds, Stopping threads took: 0.0000193 seconds
2017-03-31T02:20:23.897+0200: 5381.544: Total time for which application threads were stopped: 0.0000988 seconds, Stopping threads took: 0.0000193 seconds
2017-03-31T02:20:24.897+0200: 5382.544: Total time for which application threads were stopped: 0.0000893 seconds, Stopping threads took: 0.0000278 seconds
2017-03-31T02:20:26.898+0200: 5384.545: Total time for which application threads were stopped: 0.0001442 seconds, Stopping threads took: 0.0000597 seconds
{Heap before GC invocations=50 (full 1):
 par new generation   total 109248K, used 105652K [0x00000000e0000000, 0x00000000e8000000, 0x00000000e8000000)
  eden space 87424K, 100% used [0x00000000e0000000, 0x00000000e5560000, 0x00000000e5560000)
  from space 21824K,  83% used [0x00000000e5560000, 0x00000000e672d340, 0x00000000e6ab0000)
  to   space 21824K,   0% used [0x00000000e6ab0000, 0x00000000e6ab0000, 0x00000000e8000000)
 concurrent mark-sweep generation total 393216K, used 15479K [0x00000000e8000000, 0x0000000100000000, 0x0000000100000000)
 Metaspace       used 34644K, capacity 35152K, committed 35708K, reserved 1081344K
  class space    used 3709K, capacity 3858K, committed 3964K, reserved 1048576K
2017-03-31T02:20:28.377+0200: 5386.023: [GC (Allocation Failure) 2017-03-31T02:20:28.377+0200: 5386.023: [ParNew
Desired survivor size 20112992 bytes, new threshold 8 (max 8)
- age   1:    4376528 bytes,    4376528 total
- age   2:    3497168 bytes,    7873696 total
- age   3:    1019744 bytes,    8893440 total
- age   4:      35632 bytes,    8929072 total
- age   5:     202664 bytes,    9131736 total
- age   6:     104944 bytes,    9236680 total
- age   7:     334712 bytes,    9571392 total
- age   8:     796312 bytes,   10367704 total
: 105652K->12346K(109248K), 0.0354230 secs] 121132K->27924K(502464K), 0.0354858 secs] [Times: user=0.02 sys=0.01, real=0.04 secs] 
Heap after GC invocations=51 (full 1):
 par new generation   total 109248K, used 12346K [0x00000000e0000000, 0x00000000e8000000, 0x00000000e8000000)
  eden space 87424K,   0% used [0x00000000e0000000, 0x00000000e0000000, 0x00000000e5560000)
  from space 21824K,  56% used [0x00000000e6ab0000, 0x00000000e76be9f0, 0x00000000e8000000)
  to   space 21824K,   0% used [0x00000000e5560000, 0x00000000e5560000, 0x00000000e6ab0000)
 concurrent mark-sweep generation total 393216K, used 15577K [0x00000000e8000000, 0x0000000100000000, 0x0000000100000000)
 Metaspace       used 34644K, capacity 35152K, committed 35708K, reserved 1081344K
  class space    used 3709K, capacity 3858K, committed 3964K, reserved 1048576K
}
2017-03-31T02:20:28.412+0200: 5386.059: Total time for which application threads were stopped: 0.0356573 seconds, Stopping threads took: 0.0000204 seconds
2017-03-31T02:20:30.413+0200: 5388.059: Total time for which application threads were stopped: 0.0001203 seconds, Stopping threads took: 0.0000335 seconds
{Heap before GC invocations=51 (full 1):
 par new generation   total 109248K, used 99770K [0x00000000e0000000, 0x00000000e8000000, 0x00000000e8000000)
  eden space 87424K, 100% used [0x00000000e0000000, 0x00000000e5560000, 0x00000000e5560000)
  from space 21824K,  56% used [0x00000000e6ab0000, 0x00000000e76be9f0, 0x00000000e8000000)
  to   space 21824K,   0% used [0x00000000e5560000, 0x00000000e5560000, 0x00000000e6ab0000)
 concurrent mark-sweep generation total 393216K, used 15577K [0x00000000e8000000, 0x0000000100000000, 0x0000000100000000)
 Metaspace       used 34644K, capacity 35152K, committed 35708K, reserved 1081344K
  class space    used 3709K, capacity 3858K, committed 3964K, reserved 1048576K
2017-03-31T02:20:33.085+0200: 5390.731: [GC (Allocation Failure) 2017-03-31T02:20:33.085+0200: 5390.732: [ParNew
Desired survivor size 20112992 bytes, new threshold 8 (max 8)
- age   1:    4343472 bytes,    4343472 total
- age   2:    3605272 bytes,    7948744 total
- age   3:     851624 bytes,    8800368 total
- age   4:      26304 bytes,    8826672 total
- age   5:      29632 bytes,    8856304 total
- age   6:     197632 bytes,    9053936 total
- age   7:     102520 bytes,    9156456 total
- age   8:     334712 bytes,    9491168 total
: 99770K->15449K(109248K), 0.0572195 secs] 115348K->31808K(502464K), 0.0572915 secs] [Times: user=0.04 sys=0.00, real=0.06 secs] 
Heap after GC invocations=52 (full 1):
 par new generation   total 109248K, used 15449K [0x00000000e0000000, 0x00000000e8000000, 0x00000000e8000000)
  eden space 87424K,   0% used [0x00000000e0000000, 0x00000000e0000000, 0x00000000e5560000)
  from space 21824K,  70% used [0x00000000e5560000, 0x00000000e64764e0, 0x00000000e6ab0000)
  to   space 21824K,   0% used [0x00000000e6ab0000, 0x00000000e6ab0000, 0x00000000e8000000)
 concurrent mark-sweep generation total 393216K, used 16359K [0x00000000e8000000, 0x0000000100000000, 0x0000000100000000)
 Metaspace       used 34644K, capacity 35152K, committed 35708K, reserved 1081344K
  class space    used 3709K, capacity 3858K, committed 3964K, reserved 1048576K
}
2017-03-31T02:20:33.143+0200: 5390.789: Total time for which application threads were stopped: 0.0574730 seconds, Stopping threads took: 0.0000215 seconds
2017-03-31T02:20:34.144+0200: 5391.790: Total time for which application threads were stopped: 0.0002436 seconds, Stopping threads took: 0.0001742 seconds
2017-03-31T02:20:35.144+0200: 5392.790: Total time for which application threads were stopped: 0.0000905 seconds, Stopping threads took: 0.0000265 seconds
2017-03-31T02:20:38.147+0200: 5395.793: Total time for which application threads were stopped: 0.0001446 seconds, Stopping threads took: 0.0000402 seconds
{Heap before GC invocations=52 (full 1):
 par new generation   total 109248K, used 102873K [0x00000000e0000000, 0x00000000e8000000, 0x00000000e8000000)
  eden space 87424K, 100% used [0x00000000e0000000, 0x00000000e5560000, 0x00000000e5560000)
  from space 21824K,  70% used [0x00000000e5560000, 0x00000000e64764e0, 0x00000000e6ab0000)
  to   space 21824K,   0% used [0x00000000e6ab0000, 0x00000000e6ab0000, 0x00000000e8000000)
 concurrent mark-sweep generation total 393216K, used 16359K [0x00000000e8000000, 0x0000000100000000, 0x0000000100000000)
 Metaspace       used 34644K, capacity 35152K, committed 35708K, reserved 1081344K
  class space    used 3709K, capacity 3858K, committed 3964K, reserved 1048576K
2017-03-31T02:20:38.338+0200: 5395.985: [GC (Allocation Failure) 2017-03-31T02:20:38.338+0200: 5395.985: [ParNew
Desired survivor size 20112992 bytes, new threshold 8 (max 8)
- age   1:    4282320 bytes,    4282320 total
- age   2:    3545312 bytes,    7827632 total
- age   3:     870456 bytes,    8698088 total
- age   4:      24504 bytes,    8722592 total
- age   5:      21672 bytes,    8744264 total
- age   6:      25768 bytes,    8770032 total
- age   7:     194296 bytes,    8964328 total
- age   8:      81320 bytes,    9045648 total
: 102873K->11310K(109248K), 0.0371276 secs] 119232K->27999K(502464K), 0.0372045 secs] [Times: user=0.03 sys=0.00, real=0.04 secs] 
Heap after GC invocations=53 (full 1):
 par new generation   total 109248K, used 11310K [0x00000000e0000000, 0x00000000e8000000, 0x00000000e8000000)
  eden space 87424K,   0% used [0x00000000e0000000, 0x00000000e0000000, 0x00000000e5560000)
  from space 21824K,  51% used [0x00000000e6ab0000, 0x00000000e75bb990, 0x00000000e8000000)
  to   space 21824K,   0% used [0x00000000e5560000, 0x00000000e5560000, 0x00000000e6ab0000)
 concurrent mark-sweep generation total 393216K, used 16689K [0x00000000e8000000, 0x0000000100000000, 0x0000000100000000)
 Metaspace       used 34644K, capacity 35152K, committed 35708K, reserved 1081344K
  class space    used 3709K, capacity 3858K, committed 3964K, reserved 1048576K
}
2017-03-31T02:20:38.375+0200: 5396.022: Total time for which application threads were stopped: 0.0373906 seconds, Stopping threads took: 0.0000219 seconds
{Heap before GC invocations=53 (full 1):
 par new generation   total 109248K, used 98734K [0x00000000e0000000, 0x00000000e8000000, 0x00000000e8000000)
  eden space 87424K, 100% used [0x00000000e0000000, 0x00000000e5560000, 0x00000000e5560000)
  from space 21824K,  51% used [0x00000000e6ab0000, 0x00000000e75bb990, 0x00000000e8000000)
  to   space 21824K,   0% used [0x00000000e5560000, 0x00000000e5560000, 0x00000000e6ab0000)
 concurrent mark-sweep generation total 393216K, used 16689K [0x00000000e8000000, 0x0000000100000000, 0x0000000100000000)
 Metaspace       used 34644K, capacity 35152K, committed 35708K, reserved 1081344K
  class space    used 3709K, capacity 3858K, committed 3964K, reserved 1048576K
2017-03-31T02:20:43.280+0200: 5400.926: [GC (Allocation Failure) 2017-03-31T02:20:43.280+0200: 5400.926: [ParNew
Desired survivor size 20112992 bytes, new threshold 8 (max 8)
- age   1:    4280832 bytes,    4280832 total
- age   2:    3524728 bytes,    7805560 total
- age   3:     866040 bytes,    8671600 total
- age   4:      56216 bytes,    8727816 total
- age   5:      20832 bytes,    8748648 total
- age   6:      18264 bytes,    8766912 total
- age   7:      22384 bytes,    8789296 total
- age   8:     190912 bytes,    8980208 total
: 98734K->11634K(109248K), 0.0341366 secs] 115423K->28403K(502464K), 0.0342464 secs] [Times: user=0.03 sys=0.01, real=0.03 secs] 
Heap after GC invocations=54 (full 1):
 par new generation   total 109248K, used 11634K [0x00000000e0000000, 0x00000000e8000000, 0x00000000e8000000)
  eden space 87424K,   0% used [0x00000000e0000000, 0x00000000e0000000, 0x00000000e5560000)
  from space 21824K,  53% used [0x00000000e5560000, 0x00000000e60bc9b0, 0x00000000e6ab0000)
  to   space 21824K,   0% used [0x00000000e6ab0000, 0x00000000e6ab0000, 0x00000000e8000000)
 concurrent mark-sweep generation total 393216K, used 16768K [0x00000000e8000000, 0x0000000100000000, 0x0000000100000000)
 Metaspace       used 34644K, capacity 35152K, committed 35708K, reserved 1081344K
  class space    used 3709K, capacity 3858K, committed 3964K, reserved 1048576K
}
2017-03-31T02:20:43.314+0200: 5400.961: Total time for which application threads were stopped: 0.0344989 seconds, Stopping threads took: 0.0000201 seconds
2017-03-31T02:20:44.764+0200: 5402.411: Total time for which application threads were stopped: 0.0000928 seconds, Stopping threads took: 0.0000174 seconds
2017-03-31T02:20:44.779+0200: 5402.426: Total time for which application threads were stopped: 0.0000901 seconds, Stopping threads took: 0.0000210 seconds
2017-03-31T02:20:46.780+0200: 5404.426: Total time for which application threads were stopped: 0.0001498 seconds, Stopping threads took: 0.0000382 seconds
{Heap before GC invocations=54 (full 1):
 par new generation   total 109248K, used 99058K [0x00000000e0000000, 0x00000000e8000000, 0x00000000e8000000)
  eden space 87424K, 100% used [0x00000000e0000000, 0x00000000e5560000, 0x00000000e5560000)
  from space 21824K,  53% used [0x00000000e5560000, 0x00000000e60bc9b0, 0x00000000e6ab0000)
  to   space 21824K,   0% used [0x00000000e6ab0000, 0x00000000e6ab0000, 0x00000000e8000000)
 concurrent mark-sweep generation total 393216K, used 16768K [0x00000000e8000000, 0x0000000100000000, 0x0000000100000000)
 Metaspace       used 34644K, capacity 35152K, committed 35708K, reserved 1081344K
  class space    used 3709K, capacity 3858K, committed 3964K, reserved 1048576K
2017-03-31T02:20:48.054+0200: 5405.701: [GC (Allocation Failure) 2017-03-31T02:20:48.054+0200: 5405.701: [ParNew
Desired survivor size 20112992 bytes, new threshold 8 (max 8)
- age   1:    4019536 bytes,    4019536 total
- age   2:    3525848 bytes,    7545384 total
- age   3:     768232 bytes,    8313616 total
- age   4:      21672 bytes,    8335288 total
- age   5:      46520 bytes,    8381808 total
- age   6:      19440 bytes,    8401248 total
- age   7:      16824 bytes,    8418072 total
- age   8:      21304 bytes,    8439376 total
: 99058K->10455K(109248K), 0.0341576 secs] 115827K->27409K(502464K), 0.0342361 secs] [Times: user=0.04 sys=0.00, real=0.03 secs] 
Heap after GC invocations=55 (full 1):
 par new generation   total 109248K, used 10455K [0x00000000e0000000, 0x00000000e8000000, 0x00000000e8000000)
  eden space 87424K,   0% used [0x00000000e0000000, 0x00000000e0000000, 0x00000000e5560000)
  from space 21824K,  47% used [0x00000000e6ab0000, 0x00000000e74e5dc0, 0x00000000e8000000)
  to   space 21824K,   0% used [0x00000000e5560000, 0x00000000e5560000, 0x00000000e6ab0000)
 concurrent mark-sweep generation total 393216K, used 16954K [0x00000000e8000000, 0x0000000100000000, 0x0000000100000000)
 Metaspace       used 34644K, capacity 35152K, committed 35708K, reserved 1081344K
  class space    used 3709K, capacity 3858K, committed 3964K, reserved 1048576K
}
2017-03-31T02:20:48.089+0200: 5405.735: Total time for which application threads were stopped: 0.0344409 seconds, Stopping threads took: 0.0000344 seconds
2017-03-31T02:20:50.208+0200: 5407.854: Total time for which application threads were stopped: 0.0000997 seconds, Stopping threads took: 0.0000183 seconds
2017-03-31T02:20:50.211+0200: 5407.857: Total time for which application threads were stopped: 0.0001093 seconds, Stopping threads took: 0.0000233 seconds
2017-03-31T02:20:50.242+0200: 5407.888: Total time for which application threads were stopped: 0.0000973 seconds, Stopping threads took: 0.0000251 seconds
2017-03-31T02:20:50.243+0200: 5407.889: Total time for which application threads were stopped: 0.0000896 seconds, Stopping threads took: 0.0000213 seconds
2017-03-31T02:20:50.244+0200: 5407.890: Total time for which application threads were stopped: 0.0001991 seconds, Stopping threads took: 0.0001081 seconds
2017-03-31T02:20:50.374+0200: 5408.021: Total time for which application threads were stopped: 0.0001240 seconds, Stopping threads took: 0.0000266 seconds
2017-03-31T02:20:50.375+0200: 5408.021: Total time for which application threads were stopped: 0.0000435 seconds, Stopping threads took: 0.0000119 seconds
2017-03-31T02:20:50.424+0200: 5408.070: Total time for which application threads were stopped: 0.0001308 seconds, Stopping threads took: 0.0000498 seconds
2017-03-31T02:20:50.428+0200: 5408.075: Total time for which application threads were stopped: 0.0000883 seconds, Stopping threads took: 0.0000236 seconds
2017-03-31T02:20:50.492+0200: 5408.138: Total time for which application threads were stopped: 0.0008781 seconds, Stopping threads took: 0.0007746 seconds
2017-03-31T03:03:21.427+0200: 7959.074: Total time for which application threads were stopped: 0.0000983 seconds, Stopping threads took: 0.0000214 seconds
2017-03-31T03:03:22.429+0200: 7960.075: Total time for which application threads were stopped: 0.0001373 seconds, Stopping threads took: 0.0000389 seconds
2017-03-31T03:03:22.458+0200: 7960.104: Total time for which application threads were stopped: 0.0001066 seconds, Stopping threads took: 0.0000239 seconds
2017-03-31T03:03:22.463+0200: 7960.109: Total time for which application threads were stopped: 0.0000714 seconds, Stopping threads took: 0.0000243 seconds
2017-03-31T03:03:22.469+0200: 7960.116: Total time for which application threads were stopped: 0.0022250 seconds, Stopping threads took: 0.0018738 seconds
2017-03-31T03:03:22.470+0200: 7960.116: Total time for which application threads were stopped: 0.0001269 seconds, Stopping threads took: 0.0000810 seconds
2017-03-31T03:03:22.470+0200: 7960.116: Total time for which application threads were stopped: 0.0000409 seconds, Stopping threads took: 0.0000127 seconds
2017-03-31T03:03:22.470+0200: 7960.116: Total time for which application threads were stopped: 0.0000360 seconds, Stopping threads took: 0.0000113 seconds
2017-03-31T03:03:22.470+0200: 7960.116: Total time for which application threads were stopped: 0.0000337 seconds, Stopping threads took: 0.0000110 seconds
2017-03-31T03:03:22.470+0200: 7960.116: Total time for which application threads were stopped: 0.0000334 seconds, Stopping threads took: 0.0000106 seconds
2017-03-31T03:03:22.470+0200: 7960.116: Total time for which application threads were stopped: 0.0000330 seconds, Stopping threads took: 0.0000104 seconds
2017-03-31T03:03:22.471+0200: 7960.117: Total time for which application threads were stopped: 0.0000595 seconds, Stopping threads took: 0.0000163 seconds
2017-03-31T03:03:22.472+0200: 7960.118: Total time for which application threads were stopped: 0.0000600 seconds, Stopping threads took: 0.0000169 seconds
2017-03-31T03:03:22.479+0200: 7960.126: Total time for which application threads were stopped: 0.0000650 seconds, Stopping threads took: 0.0000133 seconds
2017-03-31T03:03:22.480+0200: 7960.126: Total time for which application threads were stopped: 0.0000528 seconds, Stopping threads took: 0.0000120 seconds
2017-03-31T03:03:22.487+0200: 7960.134: Total time for which application threads were stopped: 0.0004101 seconds, Stopping threads took: 0.0003473 seconds
2017-03-31T03:03:22.487+0200: 7960.134: Total time for which application threads were stopped: 0.0000567 seconds, Stopping threads took: 0.0000113 seconds
2017-03-31T03:03:22.519+0200: 7960.166: Total time for which application threads were stopped: 0.0003459 seconds, Stopping threads took: 0.0002886 seconds
Heap
 par new generation   total 109248K, used 93120K [0x00000000e0000000, 0x00000000e8000000, 0x00000000e8000000)
  eden space 87424K,  94% used [0x00000000e0000000, 0x00000000e50ba338, 0x00000000e5560000)
  from space 21824K,  47% used [0x00000000e6ab0000, 0x00000000e74e5dc0, 0x00000000e8000000)
  to   space 21824K,   0% used [0x00000000e5560000, 0x00000000e5560000, 0x00000000e6ab0000)
 concurrent mark-sweep generation total 393216K, used 16954K [0x00000000e8000000, 0x0000000100000000, 0x0000000100000000)
 Metaspace       used 34709K, capacity 35216K, committed 35708K, reserved 1081344K
  class space    used 3717K, capacity 3858K, committed 3964K, reserved 1048576K
