OpenJDK 64-Bit Server VM (25.121-b13) for linux-amd64 JRE (1.8.0_121-8u121-b13-0ubuntu1.16.04.2-b13), built on Jan 23 2017 15:51:29 by "buildd" with gcc 5.4.0 20160609
Memory: 4k page, physical 2048408k(1500372k free), swap 1048572k(1048572k free)
CommandLine flags: -XX:CMSInitiatingOccupancyFraction=50 -XX:CMSMaxAbortablePrecleanTime=6000 -XX:+CMSParallelRemarkEnabled -XX:+CMSScavengeBeforeRemark -XX:ConcGCThreads=4 -XX:InitialHeapSize=536870912 -XX:+ManagementServer -XX:MaxHeapSize=536870912 -XX:MaxTenuringThreshold=8 -XX:NewRatio=3 -XX:OldPLABSize=16 -XX:OnOutOfMemoryError=/opt/solr-4.10.4/bin/oom_solr.sh 8983 -XX:ParallelGCThreads=4 -XX:+ParallelRefProcEnabled -XX:PretenureSizeThreshold=67108864 -XX:+PrintGC -XX:+PrintGCApplicationStoppedTime -XX:+PrintGCDateStamps -XX:+PrintGCDetails -XX:+PrintGCTimeStamps -XX:+PrintHeapAtGC -XX:+PrintTenuringDistribution -XX:SurvivorRatio=4 -XX:TargetSurvivorRatio=90 -XX:ThreadStackSize=256 -XX:+UseCMSInitiatingOccupancyOnly -XX:+UseCompressedClassPointers -XX:+UseCompressedOops -XX:+UseConcMarkSweepGC -XX:+UseParNewGC 
2017-03-31T04:52:19.554+0200: 0.281: Total time for which application threads were stopped: 0.0000956 seconds, Stopping threads took: 0.0000173 seconds
2017-03-31T04:52:19.730+0200: 0.456: Total time for which application threads were stopped: 0.0001062 seconds, Stopping threads took: 0.0000182 seconds
2017-03-31T04:52:19.736+0200: 0.463: Total time for which application threads were stopped: 0.0000885 seconds, Stopping threads took: 0.0000182 seconds
2017-03-31T04:52:19.971+0200: 0.698: Total time for which application threads were stopped: 0.0001297 seconds, Stopping threads took: 0.0000193 seconds
2017-03-31T04:52:19.973+0200: 0.699: Total time for which application threads were stopped: 0.0001077 seconds, Stopping threads took: 0.0000195 seconds
2017-03-31T04:52:20.003+0200: 0.729: Total time for which application threads were stopped: 0.0001181 seconds, Stopping threads took: 0.0000196 seconds
2017-03-31T04:52:20.045+0200: 0.772: Total time for which application threads were stopped: 0.0001217 seconds, Stopping threads took: 0.0000187 seconds
2017-03-31T04:52:20.326+0200: 1.052: Total time for which application threads were stopped: 0.0001525 seconds, Stopping threads took: 0.0000195 seconds
2017-03-31T04:52:20.565+0200: 1.291: Total time for which application threads were stopped: 0.0001480 seconds, Stopping threads took: 0.0000200 seconds
2017-03-31T04:52:21.565+0200: 2.292: Total time for which application threads were stopped: 0.0001174 seconds, Stopping threads took: 0.0000460 seconds
2017-03-31T04:52:22.383+0200: 3.110: Total time for which application threads were stopped: 0.0002416 seconds, Stopping threads took: 0.0000228 seconds
2017-03-31T04:52:22.413+0200: 3.139: Total time for which application threads were stopped: 0.0002012 seconds, Stopping threads took: 0.0000206 seconds
{Heap before GC invocations=0 (full 0):
 par new generation   total 109248K, used 87424K [0x00000000e0000000, 0x00000000e8000000, 0x00000000e8000000)
  eden space 87424K, 100% used [0x00000000e0000000, 0x00000000e5560000, 0x00000000e5560000)
  from space 21824K,   0% used [0x00000000e5560000, 0x00000000e5560000, 0x00000000e6ab0000)
  to   space 21824K,   0% used [0x00000000e6ab0000, 0x00000000e6ab0000, 0x00000000e8000000)
 concurrent mark-sweep generation total 393216K, used 0K [0x00000000e8000000, 0x0000000100000000, 0x0000000100000000)
 Metaspace       used 18216K, capacity 18704K, committed 18944K, reserved 1067008K
  class space    used 2118K, capacity 2260K, committed 2304K, reserved 1048576K
2017-03-31T04:52:22.544+0200: 3.270: [GC (Allocation Failure) 2017-03-31T04:52:22.544+0200: 3.270: [ParNew
Desired survivor size 20112992 bytes, new threshold 8 (max 8)
- age   1:   11660904 bytes,   11660904 total
: 87424K->11489K(109248K), 0.0466433 secs] 87424K->11489K(502464K), 0.0467196 secs] [Times: user=0.02 sys=0.02, real=0.04 secs] 
Heap after GC invocations=1 (full 0):
 par new generation   total 109248K, used 11489K [0x00000000e0000000, 0x00000000e8000000, 0x00000000e8000000)
  eden space 87424K,   0% used [0x00000000e0000000, 0x00000000e0000000, 0x00000000e5560000)
  from space 21824K,  52% used [0x00000000e6ab0000, 0x00000000e75e85f0, 0x00000000e8000000)
  to   space 21824K,   0% used [0x00000000e5560000, 0x00000000e5560000, 0x00000000e6ab0000)
 concurrent mark-sweep generation total 393216K, used 0K [0x00000000e8000000, 0x0000000100000000, 0x0000000100000000)
 Metaspace       used 18216K, capacity 18704K, committed 18944K, reserved 1067008K
  class space    used 2118K, capacity 2260K, committed 2304K, reserved 1048576K
}
2017-03-31T04:52:22.590+0200: 3.317: Total time for which application threads were stopped: 0.0468635 seconds, Stopping threads took: 0.0000261 seconds
2017-03-31T04:52:22.631+0200: 3.358: Total time for which application threads were stopped: 0.0002197 seconds, Stopping threads took: 0.0000227 seconds
2017-03-31T04:52:22.777+0200: 3.503: Total time for which application threads were stopped: 0.0002345 seconds, Stopping threads took: 0.0000229 seconds
2017-03-31T04:52:23.035+0200: 3.762: Total time for which application threads were stopped: 0.0003072 seconds, Stopping threads took: 0.0000241 seconds
2017-03-31T04:52:23.101+0200: 3.828: Total time for which application threads were stopped: 0.0002671 seconds, Stopping threads took: 0.0000224 seconds
2017-03-31T04:52:23.197+0200: 3.923: Total time for which application threads were stopped: 0.0002886 seconds, Stopping threads took: 0.0000286 seconds
2017-03-31T04:52:23.276+0200: 4.002: Total time for which application threads were stopped: 0.0001479 seconds, Stopping threads took: 0.0000333 seconds
2017-03-31T04:52:23.336+0200: 4.063: Total time for which application threads were stopped: 0.0003217 seconds, Stopping threads took: 0.0000367 seconds
2017-03-31T04:52:23.337+0200: 4.064: Total time for which application threads were stopped: 0.0000683 seconds, Stopping threads took: 0.0000204 seconds
{Heap before GC invocations=1 (full 0):
 par new generation   total 109248K, used 98913K [0x00000000e0000000, 0x00000000e8000000, 0x00000000e8000000)
  eden space 87424K, 100% used [0x00000000e0000000, 0x00000000e5560000, 0x00000000e5560000)
  from space 21824K,  52% used [0x00000000e6ab0000, 0x00000000e75e85f0, 0x00000000e8000000)
  to   space 21824K,   0% used [0x00000000e5560000, 0x00000000e5560000, 0x00000000e6ab0000)
 concurrent mark-sweep generation total 393216K, used 0K [0x00000000e8000000, 0x0000000100000000, 0x0000000100000000)
 Metaspace       used 21061K, capacity 21532K, committed 21884K, reserved 1069056K
  class space    used 2421K, capacity 2582K, committed 2684K, reserved 1048576K
2017-03-31T04:52:23.414+0200: 4.140: [GC (Allocation Failure) 2017-03-31T04:52:23.414+0200: 4.140: [ParNew
Desired survivor size 20112992 bytes, new threshold 8 (max 8)
- age   1:    4124976 bytes,    4124976 total
- age   2:    5220376 bytes,    9345352 total
: 98913K->14516K(109248K), 0.0353421 secs] 98913K->14516K(502464K), 0.0354179 secs] [Times: user=0.01 sys=0.02, real=0.03 secs] 
Heap after GC invocations=2 (full 0):
 par new generation   total 109248K, used 14516K [0x00000000e0000000, 0x00000000e8000000, 0x00000000e8000000)
  eden space 87424K,   0% used [0x00000000e0000000, 0x00000000e0000000, 0x00000000e5560000)
  from space 21824K,  66% used [0x00000000e5560000, 0x00000000e638d140, 0x00000000e6ab0000)
  to   space 21824K,   0% used [0x00000000e6ab0000, 0x00000000e6ab0000, 0x00000000e8000000)
 concurrent mark-sweep generation total 393216K, used 0K [0x00000000e8000000, 0x0000000100000000, 0x0000000100000000)
 Metaspace       used 21061K, capacity 21532K, committed 21884K, reserved 1069056K
  class space    used 2421K, capacity 2582K, committed 2684K, reserved 1048576K
}
2017-03-31T04:52:23.449+0200: 4.176: Total time for which application threads were stopped: 0.0355780 seconds, Stopping threads took: 0.0000459 seconds
2017-03-31T04:52:23.455+0200: 4.181: [GC (CMS Initial Mark) [1 CMS-initial-mark: 0K(393216K)] 17055K(502464K), 0.0056112 secs] [Times: user=0.00 sys=0.00, real=0.01 secs] 
2017-03-31T04:52:23.461+0200: 4.187: Total time for which application threads were stopped: 0.0077049 seconds, Stopping threads took: 0.0020106 seconds
2017-03-31T04:52:23.464+0200: 4.190: [CMS-concurrent-mark-start]
2017-03-31T04:52:23.474+0200: 4.200: [CMS-concurrent-mark: 0.010/0.010 secs] [Times: user=0.02 sys=0.00, real=0.01 secs] 
2017-03-31T04:52:23.474+0200: 4.200: [CMS-concurrent-preclean-start]
2017-03-31T04:52:23.475+0200: 4.201: [CMS-concurrent-preclean: 0.001/0.001 secs] [Times: user=0.00 sys=0.00, real=0.00 secs] 
2017-03-31T04:52:23.475+0200: 4.201: [CMS-concurrent-abortable-preclean-start]
2017-03-31T04:52:23.628+0200: 4.355: Total time for which application threads were stopped: 0.0000984 seconds, Stopping threads took: 0.0000244 seconds
2017-03-31T04:52:23.663+0200: 4.390: Total time for which application threads were stopped: 0.0002859 seconds, Stopping threads took: 0.0000200 seconds
2017-03-31T04:52:23.770+0200: 4.496: Total time for which application threads were stopped: 0.0000826 seconds, Stopping threads took: 0.0000246 seconds
2017-03-31T04:52:23.804+0200: 4.531: Total time for which application threads were stopped: 0.0002750 seconds, Stopping threads took: 0.0000226 seconds
2017-03-31T04:52:23.873+0200: 4.600: Total time for which application threads were stopped: 0.0000945 seconds, Stopping threads took: 0.0000280 seconds
2017-03-31T04:52:23.873+0200: 4.600: [CMS-concurrent-abortable-preclean: 0.266/0.398 secs] [Times: user=0.38 sys=0.01, real=0.40 secs] 
2017-03-31T04:52:23.873+0200: 4.600: [GC (CMS Final Remark) [YG occupancy: 62433 K (109248 K)]{Heap before GC invocations=2 (full 1):
 par new generation   total 109248K, used 62433K [0x00000000e0000000, 0x00000000e8000000, 0x00000000e8000000)
  eden space 87424K,  54% used [0x00000000e0000000, 0x00000000e2ecb3f8, 0x00000000e5560000)
  from space 21824K,  66% used [0x00000000e5560000, 0x00000000e638d140, 0x00000000e6ab0000)
  to   space 21824K,   0% used [0x00000000e6ab0000, 0x00000000e6ab0000, 0x00000000e8000000)
 concurrent mark-sweep generation total 393216K, used 0K [0x00000000e8000000, 0x0000000100000000, 0x0000000100000000)
 Metaspace       used 22004K, capacity 22530K, committed 22880K, reserved 1069056K
  class space    used 2516K, capacity 2679K, committed 2684K, reserved 1048576K
2017-03-31T04:52:23.873+0200: 4.600: [GC (CMS Final Remark) 2017-03-31T04:52:23.873+0200: 4.600: [ParNew
Desired survivor size 20112992 bytes, new threshold 8 (max 8)
- age   1:    1162992 bytes,    1162992 total
- age   2:    2217704 bytes,    3380696 total
- age   3:    5213960 bytes,    8594656 total
: 62433K->10239K(109248K), 0.0251916 secs] 62433K->10239K(502464K), 0.0252334 secs] [Times: user=0.02 sys=0.00, real=0.03 secs] 
Heap after GC invocations=3 (full 1):
 par new generation   total 109248K, used 10239K [0x00000000e0000000, 0x00000000e8000000, 0x00000000e8000000)
  eden space 87424K,   0% used [0x00000000e0000000, 0x00000000e0000000, 0x00000000e5560000)
  from space 21824K,  46% used [0x00000000e6ab0000, 0x00000000e74aff60, 0x00000000e8000000)
  to   space 21824K,   0% used [0x00000000e5560000, 0x00000000e5560000, 0x00000000e6ab0000)
 concurrent mark-sweep generation total 393216K, used 0K [0x00000000e8000000, 0x0000000100000000, 0x0000000100000000)
 Metaspace       used 22004K, capacity 22530K, committed 22880K, reserved 1069056K
  class space    used 2516K, capacity 2679K, committed 2684K, reserved 1048576K
}
2017-03-31T04:52:23.899+0200: 4.625: [Rescan (parallel) , 0.0215102 secs]2017-03-31T04:52:23.920+0200: 4.646: [weak refs processing, 0.0026653 secs]2017-03-31T04:52:23.923+0200: 4.649: [class unloading, 0.0026703 secs]2017-03-31T04:52:23.925+0200: 4.652: [scrub symbol table, 0.0025245 secs]2017-03-31T04:52:23.928+0200: 4.654: [scrub string table, 0.0003148 secs][1 CMS-remark: 0K(393216K)] 10239K(502464K), 0.0555302 secs] [Times: user=0.06 sys=0.00, real=0.05 secs] 
2017-03-31T04:52:23.929+0200: 4.655: Total time for which application threads were stopped: 0.0556281 seconds, Stopping threads took: 0.0000408 seconds
2017-03-31T04:52:23.939+0200: 4.666: [CMS-concurrent-sweep-start]
2017-03-31T04:52:23.939+0200: 4.666: [CMS-concurrent-sweep: 0.000/0.000 secs] [Times: user=0.00 sys=0.00, real=0.00 secs] 
2017-03-31T04:52:23.939+0200: 4.666: [CMS-concurrent-reset-start]
2017-03-31T04:52:23.946+0200: 4.672: [CMS-concurrent-reset: 0.006/0.006 secs] [Times: user=0.00 sys=0.01, real=0.00 secs] 
2017-03-31T04:52:23.975+0200: 4.701: Total time for which application threads were stopped: 0.0003258 seconds, Stopping threads took: 0.0000263 seconds
2017-03-31T04:52:24.076+0200: 4.802: Total time for which application threads were stopped: 0.0003939 seconds, Stopping threads took: 0.0000268 seconds
2017-03-31T04:52:24.114+0200: 4.840: Total time for which application threads were stopped: 0.0000782 seconds, Stopping threads took: 0.0000299 seconds
2017-03-31T04:52:24.119+0200: 4.846: Total time for which application threads were stopped: 0.0000734 seconds, Stopping threads took: 0.0000244 seconds
2017-03-31T04:52:24.121+0200: 4.847: Total time for which application threads were stopped: 0.0001488 seconds, Stopping threads took: 0.0000185 seconds
2017-03-31T04:52:24.123+0200: 4.850: Total time for which application threads were stopped: 0.0000697 seconds, Stopping threads took: 0.0000239 seconds
2017-03-31T04:52:24.179+0200: 4.905: Total time for which application threads were stopped: 0.0002892 seconds, Stopping threads took: 0.0000226 seconds
2017-03-31T04:52:24.214+0200: 4.940: Total time for which application threads were stopped: 0.0002983 seconds, Stopping threads took: 0.0000239 seconds
2017-03-31T04:52:24.462+0200: 5.188: Total time for which application threads were stopped: 0.0000968 seconds, Stopping threads took: 0.0000266 seconds
2017-03-31T04:52:24.626+0200: 5.353: Total time for which application threads were stopped: 0.0003247 seconds, Stopping threads took: 0.0000232 seconds
2017-03-31T04:52:24.852+0200: 5.578: Total time for which application threads were stopped: 0.0001088 seconds, Stopping threads took: 0.0000236 seconds
2017-03-31T04:52:24.852+0200: 5.578: Total time for which application threads were stopped: 0.0000338 seconds, Stopping threads took: 0.0000069 seconds
2017-03-31T04:52:24.936+0200: 5.662: Total time for which application threads were stopped: 0.0003347 seconds, Stopping threads took: 0.0000305 seconds
2017-03-31T04:52:24.945+0200: 5.672: Total time for which application threads were stopped: 0.0000836 seconds, Stopping threads took: 0.0000300 seconds
2017-03-31T04:52:24.973+0200: 5.699: Total time for which application threads were stopped: 0.0000728 seconds, Stopping threads took: 0.0000238 seconds
2017-03-31T04:52:24.974+0200: 5.700: Total time for which application threads were stopped: 0.0000573 seconds, Stopping threads took: 0.0000168 seconds
2017-03-31T04:52:24.977+0200: 5.703: Total time for which application threads were stopped: 0.0000725 seconds, Stopping threads took: 0.0000279 seconds
2017-03-31T04:52:24.991+0200: 5.717: Total time for which application threads were stopped: 0.0000676 seconds, Stopping threads took: 0.0000228 seconds
2017-03-31T04:52:24.991+0200: 5.717: Total time for which application threads were stopped: 0.0000308 seconds, Stopping threads took: 0.0000104 seconds
2017-03-31T04:52:25.007+0200: 5.733: Total time for which application threads were stopped: 0.0000938 seconds, Stopping threads took: 0.0000251 seconds
2017-03-31T04:52:25.007+0200: 5.733: Total time for which application threads were stopped: 0.0000321 seconds, Stopping threads took: 0.0000110 seconds
2017-03-31T04:52:25.016+0200: 5.742: Total time for which application threads were stopped: 0.0000660 seconds, Stopping threads took: 0.0000246 seconds
2017-03-31T04:52:25.016+0200: 5.742: Total time for which application threads were stopped: 0.0000258 seconds, Stopping threads took: 0.0000062 seconds
2017-03-31T04:52:32.217+0200: 12.943: Total time for which application threads were stopped: 0.0003203 seconds, Stopping threads took: 0.0000221 seconds
2017-03-31T04:52:32.217+0200: 12.944: Total time for which application threads were stopped: 0.0001849 seconds, Stopping threads took: 0.0000142 seconds
2017-03-31T04:52:32.230+0200: 12.956: Total time for which application threads were stopped: 0.0003632 seconds, Stopping threads took: 0.0000241 seconds
2017-03-31T04:52:32.241+0200: 12.967: Total time for which application threads were stopped: 0.0000725 seconds, Stopping threads took: 0.0000232 seconds
2017-03-31T04:52:32.241+0200: 12.967: Total time for which application threads were stopped: 0.0000399 seconds, Stopping threads took: 0.0000095 seconds
2017-03-31T04:52:32.241+0200: 12.968: Total time for which application threads were stopped: 0.0000282 seconds, Stopping threads took: 0.0000070 seconds
2017-03-31T04:52:32.245+0200: 12.971: Total time for which application threads were stopped: 0.0001316 seconds, Stopping threads took: 0.0000227 seconds
2017-03-31T04:52:32.273+0200: 12.999: Total time for which application threads were stopped: 0.0001006 seconds, Stopping threads took: 0.0000344 seconds
2017-03-31T04:52:32.285+0200: 13.012: Total time for which application threads were stopped: 0.0000763 seconds, Stopping threads took: 0.0000241 seconds
2017-03-31T04:52:32.578+0200: 13.305: Total time for which application threads were stopped: 0.0001077 seconds, Stopping threads took: 0.0000202 seconds
2017-03-31T04:52:32.578+0200: 13.305: Total time for which application threads were stopped: 0.0000413 seconds, Stopping threads took: 0.0000119 seconds
2017-03-31T04:52:32.579+0200: 13.305: Total time for which application threads were stopped: 0.0000350 seconds, Stopping threads took: 0.0000088 seconds
2017-03-31T04:52:32.579+0200: 13.306: Total time for which application threads were stopped: 0.0000393 seconds, Stopping threads took: 0.0000097 seconds
2017-03-31T04:52:32.586+0200: 13.312: Total time for which application threads were stopped: 0.0000941 seconds, Stopping threads took: 0.0000339 seconds
2017-03-31T04:52:32.586+0200: 13.312: Total time for which application threads were stopped: 0.0000499 seconds, Stopping threads took: 0.0000172 seconds
2017-03-31T04:52:32.591+0200: 13.317: Total time for which application threads were stopped: 0.0000664 seconds, Stopping threads took: 0.0000257 seconds
2017-03-31T04:52:32.618+0200: 13.344: Total time for which application threads were stopped: 0.0000797 seconds, Stopping threads took: 0.0000300 seconds
2017-03-31T04:52:32.640+0200: 13.367: Total time for which application threads were stopped: 0.0005025 seconds, Stopping threads took: 0.0000295 seconds
2017-03-31T04:52:32.659+0200: 13.385: Total time for which application threads were stopped: 0.0000639 seconds, Stopping threads took: 0.0000182 seconds
2017-03-31T04:52:32.659+0200: 13.385: Total time for which application threads were stopped: 0.0000402 seconds, Stopping threads took: 0.0000116 seconds
2017-03-31T04:52:32.659+0200: 13.386: Total time for which application threads were stopped: 0.0000318 seconds, Stopping threads took: 0.0000081 seconds
2017-03-31T04:52:32.659+0200: 13.386: Total time for which application threads were stopped: 0.0000351 seconds, Stopping threads took: 0.0000083 seconds
2017-03-31T04:52:32.661+0200: 13.387: Total time for which application threads were stopped: 0.0000548 seconds, Stopping threads took: 0.0000153 seconds
2017-03-31T04:52:32.662+0200: 13.389: Total time for which application threads were stopped: 0.0000618 seconds, Stopping threads took: 0.0000219 seconds
2017-03-31T04:52:32.670+0200: 13.397: Total time for which application threads were stopped: 0.0000722 seconds, Stopping threads took: 0.0000228 seconds
2017-03-31T04:52:32.695+0200: 13.421: Total time for which application threads were stopped: 0.0000524 seconds, Stopping threads took: 0.0000157 seconds
2017-03-31T04:52:32.695+0200: 13.421: Total time for which application threads were stopped: 0.0000241 seconds, Stopping threads took: 0.0000060 seconds
2017-03-31T04:52:32.696+0200: 13.423: Total time for which application threads were stopped: 0.0000519 seconds, Stopping threads took: 0.0000154 seconds
2017-03-31T04:52:32.697+0200: 13.423: Total time for which application threads were stopped: 0.0000351 seconds, Stopping threads took: 0.0000089 seconds
2017-03-31T04:52:32.704+0200: 13.430: Total time for which application threads were stopped: 0.0001527 seconds, Stopping threads took: 0.0000301 seconds
2017-03-31T04:52:32.709+0200: 13.435: Total time for which application threads were stopped: 0.0000540 seconds, Stopping threads took: 0.0000164 seconds
2017-03-31T04:52:32.709+0200: 13.435: Total time for which application threads were stopped: 0.0000270 seconds, Stopping threads took: 0.0000070 seconds
2017-03-31T04:52:32.711+0200: 13.437: Total time for which application threads were stopped: 0.0000765 seconds, Stopping threads took: 0.0000344 seconds
2017-03-31T04:52:32.712+0200: 13.438: Total time for which application threads were stopped: 0.0000541 seconds, Stopping threads took: 0.0000139 seconds
2017-03-31T04:52:32.712+0200: 13.438: Total time for which application threads were stopped: 0.0000582 seconds, Stopping threads took: 0.0000080 seconds
2017-03-31T04:52:32.739+0200: 13.465: Total time for which application threads were stopped: 0.0000721 seconds, Stopping threads took: 0.0000300 seconds
2017-03-31T04:52:32.742+0200: 13.469: Total time for which application threads were stopped: 0.0000770 seconds, Stopping threads took: 0.0000275 seconds
2017-03-31T04:52:32.756+0200: 13.482: Total time for which application threads were stopped: 0.0000847 seconds, Stopping threads took: 0.0000259 seconds
2017-03-31T04:52:32.760+0200: 13.487: Total time for which application threads were stopped: 0.0001041 seconds, Stopping threads took: 0.0000522 seconds
2017-03-31T04:52:32.761+0200: 13.487: Total time for which application threads were stopped: 0.0005404 seconds, Stopping threads took: 0.0005104 seconds
2017-03-31T04:52:32.764+0200: 13.490: Total time for which application threads were stopped: 0.0000658 seconds, Stopping threads took: 0.0000265 seconds
2017-03-31T04:52:32.789+0200: 13.515: Total time for which application threads were stopped: 0.0002920 seconds, Stopping threads took: 0.0002129 seconds
2017-03-31T04:52:32.789+0200: 13.515: Total time for which application threads were stopped: 0.0000535 seconds, Stopping threads took: 0.0000125 seconds
2017-03-31T04:52:32.830+0200: 13.557: Total time for which application threads were stopped: 0.0001418 seconds, Stopping threads took: 0.0000316 seconds
2017-03-31T04:52:32.840+0200: 13.566: Total time for which application threads were stopped: 0.0025699 seconds, Stopping threads took: 0.0025166 seconds
2017-03-31T04:52:32.840+0200: 13.566: Total time for which application threads were stopped: 0.0000427 seconds, Stopping threads took: 0.0000068 seconds
2017-03-31T04:52:32.840+0200: 13.567: Total time for which application threads were stopped: 0.0000426 seconds, Stopping threads took: 0.0000066 seconds
2017-03-31T04:52:32.850+0200: 13.577: Total time for which application threads were stopped: 0.0000856 seconds, Stopping threads took: 0.0000198 seconds
2017-03-31T04:52:32.855+0200: 13.581: Total time for which application threads were stopped: 0.0000591 seconds, Stopping threads took: 0.0000168 seconds
2017-03-31T04:52:32.855+0200: 13.581: Total time for which application threads were stopped: 0.0000275 seconds, Stopping threads took: 0.0000067 seconds
2017-03-31T04:52:32.858+0200: 13.584: Total time for which application threads were stopped: 0.0000676 seconds, Stopping threads took: 0.0000238 seconds
2017-03-31T04:52:32.858+0200: 13.584: Total time for which application threads were stopped: 0.0000266 seconds, Stopping threads took: 0.0000063 seconds
2017-03-31T04:52:32.858+0200: 13.585: Total time for which application threads were stopped: 0.0000274 seconds, Stopping threads took: 0.0000066 seconds
2017-03-31T04:52:32.865+0200: 13.592: Total time for which application threads were stopped: 0.0001247 seconds, Stopping threads took: 0.0000239 seconds
2017-03-31T04:52:32.866+0200: 13.592: Total time for which application threads were stopped: 0.0000430 seconds, Stopping threads took: 0.0000106 seconds
2017-03-31T04:52:32.866+0200: 13.592: Total time for which application threads were stopped: 0.0000281 seconds, Stopping threads took: 0.0000067 seconds
2017-03-31T04:52:32.881+0200: 13.607: Total time for which application threads were stopped: 0.0000639 seconds, Stopping threads took: 0.0000173 seconds
2017-03-31T04:52:32.881+0200: 13.607: Total time for which application threads were stopped: 0.0000273 seconds, Stopping threads took: 0.0000066 seconds
2017-03-31T04:52:32.881+0200: 13.607: Total time for which application threads were stopped: 0.0000287 seconds, Stopping threads took: 0.0000070 seconds
2017-03-31T04:52:32.881+0200: 13.608: Total time for which application threads were stopped: 0.0000270 seconds, Stopping threads took: 0.0000064 seconds
2017-03-31T04:52:32.884+0200: 13.611: Total time for which application threads were stopped: 0.0000684 seconds, Stopping threads took: 0.0000258 seconds
2017-03-31T04:52:32.889+0200: 13.615: Total time for which application threads were stopped: 0.0001280 seconds, Stopping threads took: 0.0000306 seconds
2017-03-31T04:52:32.894+0200: 13.621: Total time for which application threads were stopped: 0.0000687 seconds, Stopping threads took: 0.0000191 seconds
2017-03-31T04:52:32.894+0200: 13.621: Total time for which application threads were stopped: 0.0000440 seconds, Stopping threads took: 0.0000115 seconds
2017-03-31T04:52:32.895+0200: 13.622: Total time for which application threads were stopped: 0.0000553 seconds, Stopping threads took: 0.0000145 seconds
2017-03-31T04:52:32.896+0200: 13.622: Total time for which application threads were stopped: 0.0000422 seconds, Stopping threads took: 0.0000109 seconds
2017-03-31T04:52:32.898+0200: 13.624: Total time for which application threads were stopped: 0.0000759 seconds, Stopping threads took: 0.0000271 seconds
2017-03-31T04:52:32.905+0200: 13.631: Total time for which application threads were stopped: 0.0030198 seconds, Stopping threads took: 0.0029577 seconds
2017-03-31T04:52:32.905+0200: 13.631: Total time for which application threads were stopped: 0.0000538 seconds, Stopping threads took: 0.0000162 seconds
2017-03-31T04:52:32.905+0200: 13.631: Total time for which application threads were stopped: 0.0000459 seconds, Stopping threads took: 0.0000170 seconds
2017-03-31T04:52:32.912+0200: 13.639: Total time for which application threads were stopped: 0.0000699 seconds, Stopping threads took: 0.0000166 seconds
2017-03-31T04:52:32.912+0200: 13.639: Total time for which application threads were stopped: 0.0000270 seconds, Stopping threads took: 0.0000066 seconds
2017-03-31T04:52:32.912+0200: 13.639: Total time for which application threads were stopped: 0.0000270 seconds, Stopping threads took: 0.0000063 seconds
2017-03-31T04:52:32.913+0200: 13.639: Total time for which application threads were stopped: 0.0000275 seconds, Stopping threads took: 0.0000067 seconds
2017-03-31T04:52:32.922+0200: 13.648: Total time for which application threads were stopped: 0.0035160 seconds, Stopping threads took: 0.0034656 seconds
2017-03-31T04:52:32.926+0200: 13.652: Total time for which application threads were stopped: 0.0000776 seconds, Stopping threads took: 0.0000352 seconds
2017-03-31T04:52:32.946+0200: 13.673: Total time for which application threads were stopped: 0.0000703 seconds, Stopping threads took: 0.0000180 seconds
2017-03-31T04:52:32.947+0200: 13.673: Total time for which application threads were stopped: 0.0000280 seconds, Stopping threads took: 0.0000065 seconds
2017-03-31T04:52:32.947+0200: 13.673: Total time for which application threads were stopped: 0.0000282 seconds, Stopping threads took: 0.0000063 seconds
2017-03-31T04:52:32.947+0200: 13.673: Total time for which application threads were stopped: 0.0000301 seconds, Stopping threads took: 0.0000068 seconds
2017-03-31T04:52:32.948+0200: 13.674: Total time for which application threads were stopped: 0.0000482 seconds, Stopping threads took: 0.0000098 seconds
2017-03-31T04:52:32.959+0200: 13.685: Total time for which application threads were stopped: 0.0000800 seconds, Stopping threads took: 0.0000294 seconds
2017-03-31T04:52:32.961+0200: 13.688: Total time for which application threads were stopped: 0.0000670 seconds, Stopping threads took: 0.0000269 seconds
2017-03-31T04:52:32.966+0200: 13.693: Total time for which application threads were stopped: 0.0000607 seconds, Stopping threads took: 0.0000181 seconds
2017-03-31T04:52:32.967+0200: 13.693: Total time for which application threads were stopped: 0.0000572 seconds, Stopping threads took: 0.0000074 seconds
2017-03-31T04:52:32.967+0200: 13.693: Total time for which application threads were stopped: 0.0000309 seconds, Stopping threads took: 0.0000073 seconds
2017-03-31T04:52:32.967+0200: 13.693: Total time for which application threads were stopped: 0.0000303 seconds, Stopping threads took: 0.0000070 seconds
2017-03-31T04:52:32.971+0200: 13.697: Total time for which application threads were stopped: 0.0000819 seconds, Stopping threads took: 0.0000284 seconds
2017-03-31T04:52:32.973+0200: 13.699: Total time for which application threads were stopped: 0.0000691 seconds, Stopping threads took: 0.0000264 seconds
2017-03-31T04:52:32.980+0200: 13.706: Total time for which application threads were stopped: 0.0000651 seconds, Stopping threads took: 0.0000176 seconds
2017-03-31T04:52:32.980+0200: 13.706: Total time for which application threads were stopped: 0.0000280 seconds, Stopping threads took: 0.0000070 seconds
2017-03-31T04:52:32.982+0200: 13.709: Total time for which application threads were stopped: 0.0000681 seconds, Stopping threads took: 0.0000168 seconds
2017-03-31T04:52:32.982+0200: 13.709: Total time for which application threads were stopped: 0.0000285 seconds, Stopping threads took: 0.0000070 seconds
2017-03-31T04:52:32.992+0200: 13.718: Total time for which application threads were stopped: 0.0000895 seconds, Stopping threads took: 0.0000304 seconds
2017-03-31T04:52:32.992+0200: 13.718: Total time for which application threads were stopped: 0.0000298 seconds, Stopping threads took: 0.0000066 seconds
2017-03-31T04:52:33.003+0200: 13.730: Total time for which application threads were stopped: 0.0006872 seconds, Stopping threads took: 0.0006387 seconds
2017-03-31T04:52:33.003+0200: 13.730: Total time for which application threads were stopped: 0.0000287 seconds, Stopping threads took: 0.0000077 seconds
2017-03-31T04:52:33.003+0200: 13.730: Total time for which application threads were stopped: 0.0000252 seconds, Stopping threads took: 0.0000059 seconds
2017-03-31T04:52:33.004+0200: 13.730: Total time for which application threads were stopped: 0.0000274 seconds, Stopping threads took: 0.0000068 seconds
2017-03-31T04:52:33.004+0200: 13.731: Total time for which application threads were stopped: 0.0000367 seconds, Stopping threads took: 0.0000087 seconds
2017-03-31T04:52:33.005+0200: 13.732: Total time for which application threads were stopped: 0.0000596 seconds, Stopping threads took: 0.0000215 seconds
2017-03-31T04:52:33.006+0200: 13.732: Total time for which application threads were stopped: 0.0000300 seconds, Stopping threads took: 0.0000068 seconds
2017-03-31T04:52:33.025+0200: 13.751: Total time for which application threads were stopped: 0.0011469 seconds, Stopping threads took: 0.0010949 seconds
2017-03-31T04:52:33.025+0200: 13.751: Total time for which application threads were stopped: 0.0000901 seconds, Stopping threads took: 0.0000066 seconds
2017-03-31T04:52:33.035+0200: 13.761: Total time for which application threads were stopped: 0.0031948 seconds, Stopping threads took: 0.0031375 seconds
2017-03-31T04:52:33.035+0200: 13.761: Total time for which application threads were stopped: 0.0000306 seconds, Stopping threads took: 0.0000073 seconds
2017-03-31T04:52:33.052+0200: 13.779: Total time for which application threads were stopped: 0.0000636 seconds, Stopping threads took: 0.0000165 seconds
2017-03-31T04:52:33.052+0200: 13.779: Total time for which application threads were stopped: 0.0000297 seconds, Stopping threads took: 0.0000068 seconds
2017-03-31T04:52:33.055+0200: 13.781: Total time for which application threads were stopped: 0.0000702 seconds, Stopping threads took: 0.0000268 seconds
2017-03-31T04:52:33.062+0200: 13.788: Total time for which application threads were stopped: 0.0000585 seconds, Stopping threads took: 0.0000171 seconds
2017-03-31T04:52:33.062+0200: 13.788: Total time for which application threads were stopped: 0.0000286 seconds, Stopping threads took: 0.0000067 seconds
2017-03-31T04:52:33.064+0200: 13.791: Total time for which application threads were stopped: 0.0000990 seconds, Stopping threads took: 0.0000338 seconds
2017-03-31T04:52:33.066+0200: 13.793: Total time for which application threads were stopped: 0.0000685 seconds, Stopping threads took: 0.0000246 seconds
2017-03-31T04:52:33.073+0200: 13.800: Total time for which application threads were stopped: 0.0001255 seconds, Stopping threads took: 0.0000224 seconds
2017-03-31T04:52:33.074+0200: 13.800: Total time for which application threads were stopped: 0.0000935 seconds, Stopping threads took: 0.0000136 seconds
2017-03-31T04:52:33.088+0200: 13.815: Total time for which application threads were stopped: 0.0000637 seconds, Stopping threads took: 0.0000165 seconds
2017-03-31T04:52:33.089+0200: 13.815: Total time for which application threads were stopped: 0.0000303 seconds, Stopping threads took: 0.0000070 seconds
2017-03-31T04:52:33.101+0200: 13.827: Total time for which application threads were stopped: 0.0032641 seconds, Stopping threads took: 0.0032143 seconds
2017-03-31T04:52:33.101+0200: 13.827: Total time for which application threads were stopped: 0.0000955 seconds, Stopping threads took: 0.0000084 seconds
2017-03-31T04:52:33.102+0200: 13.828: Total time for which application threads were stopped: 0.0000441 seconds, Stopping threads took: 0.0000104 seconds
2017-03-31T04:52:33.120+0200: 13.846: Total time for which application threads were stopped: 0.0000691 seconds, Stopping threads took: 0.0000188 seconds
2017-03-31T04:52:33.120+0200: 13.846: Total time for which application threads were stopped: 0.0000319 seconds, Stopping threads took: 0.0000069 seconds
2017-03-31T04:52:33.132+0200: 13.858: Total time for which application threads were stopped: 0.0000809 seconds, Stopping threads took: 0.0000194 seconds
2017-03-31T04:52:33.132+0200: 13.858: Total time for which application threads were stopped: 0.0000419 seconds, Stopping threads took: 0.0000110 seconds
2017-03-31T04:52:33.135+0200: 13.861: Total time for which application threads were stopped: 0.0000687 seconds, Stopping threads took: 0.0000263 seconds
2017-03-31T04:52:33.141+0200: 13.867: Total time for which application threads were stopped: 0.0000843 seconds, Stopping threads took: 0.0000328 seconds
2017-03-31T04:52:33.141+0200: 13.868: Total time for which application threads were stopped: 0.0000561 seconds, Stopping threads took: 0.0000156 seconds
2017-03-31T04:52:33.142+0200: 13.868: Total time for which application threads were stopped: 0.0000401 seconds, Stopping threads took: 0.0000102 seconds
2017-03-31T04:52:33.142+0200: 13.869: Total time for which application threads were stopped: 0.0000457 seconds, Stopping threads took: 0.0000110 seconds
2017-03-31T04:52:33.142+0200: 13.869: Total time for which application threads were stopped: 0.0000304 seconds, Stopping threads took: 0.0000067 seconds
2017-03-31T04:52:33.142+0200: 13.869: Total time for which application threads were stopped: 0.0000254 seconds, Stopping threads took: 0.0000054 seconds
2017-03-31T04:52:33.143+0200: 13.869: Total time for which application threads were stopped: 0.0000255 seconds, Stopping threads took: 0.0000057 seconds
2017-03-31T04:52:33.143+0200: 13.869: Total time for which application threads were stopped: 0.0000251 seconds, Stopping threads took: 0.0000054 seconds
2017-03-31T04:52:33.144+0200: 13.870: Total time for which application threads were stopped: 0.0000574 seconds, Stopping threads took: 0.0000216 seconds
2017-03-31T04:52:33.161+0200: 13.887: Total time for which application threads were stopped: 0.0001714 seconds, Stopping threads took: 0.0001247 seconds
2017-03-31T04:52:33.161+0200: 13.887: Total time for which application threads were stopped: 0.0000320 seconds, Stopping threads took: 0.0000075 seconds
2017-03-31T04:52:33.161+0200: 13.888: Total time for which application threads were stopped: 0.0000283 seconds, Stopping threads took: 0.0000072 seconds
2017-03-31T04:52:33.185+0200: 13.912: Total time for which application threads were stopped: 0.0021525 seconds, Stopping threads took: 0.0020901 seconds
2017-03-31T04:52:33.185+0200: 13.912: Total time for which application threads were stopped: 0.0000316 seconds, Stopping threads took: 0.0000071 seconds
2017-03-31T04:52:33.188+0200: 13.914: Total time for which application threads were stopped: 0.0000642 seconds, Stopping threads took: 0.0000168 seconds
2017-03-31T04:52:33.190+0200: 13.916: Total time for which application threads were stopped: 0.0000579 seconds, Stopping threads took: 0.0000170 seconds
2017-03-31T04:52:33.196+0200: 13.923: Total time for which application threads were stopped: 0.0000660 seconds, Stopping threads took: 0.0000167 seconds
2017-03-31T04:52:33.196+0200: 13.923: Total time for which application threads were stopped: 0.0000297 seconds, Stopping threads took: 0.0000072 seconds
2017-03-31T04:52:33.205+0200: 13.931: Total time for which application threads were stopped: 0.0000591 seconds, Stopping threads took: 0.0000170 seconds
2017-03-31T04:52:33.205+0200: 13.931: Total time for which application threads were stopped: 0.0000296 seconds, Stopping threads took: 0.0000069 seconds
2017-03-31T04:52:33.207+0200: 13.934: Total time for which application threads were stopped: 0.0000686 seconds, Stopping threads took: 0.0000262 seconds
2017-03-31T04:52:33.212+0200: 13.938: Total time for which application threads were stopped: 0.0000740 seconds, Stopping threads took: 0.0000289 seconds
2017-03-31T04:52:33.218+0200: 13.944: Total time for which application threads were stopped: 0.0000715 seconds, Stopping threads took: 0.0000290 seconds
2017-03-31T04:52:33.220+0200: 13.947: Total time for which application threads were stopped: 0.0000605 seconds, Stopping threads took: 0.0000167 seconds
2017-03-31T04:52:33.221+0200: 13.947: Total time for which application threads were stopped: 0.0000374 seconds, Stopping threads took: 0.0000092 seconds
2017-03-31T04:52:33.223+0200: 13.949: Total time for which application threads were stopped: 0.0000647 seconds, Stopping threads took: 0.0000231 seconds
2017-03-31T04:52:33.237+0200: 13.963: Total time for which application threads were stopped: 0.0001315 seconds, Stopping threads took: 0.0000796 seconds
2017-03-31T04:52:33.237+0200: 13.963: Total time for which application threads were stopped: 0.0000304 seconds, Stopping threads took: 0.0000071 seconds
2017-03-31T04:52:33.237+0200: 13.964: Total time for which application threads were stopped: 0.0000313 seconds, Stopping threads took: 0.0000073 seconds
2017-03-31T04:52:33.267+0200: 13.993: Total time for which application threads were stopped: 0.0000916 seconds, Stopping threads took: 0.0000298 seconds
2017-03-31T04:52:33.268+0200: 13.995: Total time for which application threads were stopped: 0.0000593 seconds, Stopping threads took: 0.0000183 seconds
2017-03-31T04:52:33.268+0200: 13.995: Total time for which application threads were stopped: 0.0000284 seconds, Stopping threads took: 0.0000070 seconds
2017-03-31T04:52:33.280+0200: 14.006: Total time for which application threads were stopped: 0.0000641 seconds, Stopping threads took: 0.0000188 seconds
2017-03-31T04:52:33.287+0200: 14.013: Total time for which application threads were stopped: 0.0000770 seconds, Stopping threads took: 0.0000290 seconds
2017-03-31T04:52:33.287+0200: 14.013: Total time for which application threads were stopped: 0.0000320 seconds, Stopping threads took: 0.0000078 seconds
2017-03-31T04:52:33.287+0200: 14.014: Total time for which application threads were stopped: 0.0000273 seconds, Stopping threads took: 0.0000067 seconds
2017-03-31T04:52:33.289+0200: 14.016: Total time for which application threads were stopped: 0.0000684 seconds, Stopping threads took: 0.0000253 seconds
2017-03-31T04:52:33.301+0200: 14.027: Total time for which application threads were stopped: 0.0000554 seconds, Stopping threads took: 0.0000169 seconds
2017-03-31T04:52:33.301+0200: 14.028: Total time for which application threads were stopped: 0.0000303 seconds, Stopping threads took: 0.0000073 seconds
2017-03-31T04:52:33.311+0200: 14.037: Total time for which application threads were stopped: 0.0000749 seconds, Stopping threads took: 0.0000202 seconds
2017-03-31T04:52:33.314+0200: 14.041: Total time for which application threads were stopped: 0.0000807 seconds, Stopping threads took: 0.0000200 seconds
2017-03-31T04:52:33.315+0200: 14.041: Total time for which application threads were stopped: 0.0000291 seconds, Stopping threads took: 0.0000069 seconds
2017-03-31T04:52:33.318+0200: 14.044: Total time for which application threads were stopped: 0.0000678 seconds, Stopping threads took: 0.0000242 seconds
2017-03-31T04:52:33.323+0200: 14.050: Total time for which application threads were stopped: 0.0000743 seconds, Stopping threads took: 0.0000299 seconds
2017-03-31T04:52:33.328+0200: 14.055: Total time for which application threads were stopped: 0.0000679 seconds, Stopping threads took: 0.0000190 seconds
2017-03-31T04:52:33.328+0200: 14.055: Total time for which application threads were stopped: 0.0000469 seconds, Stopping threads took: 0.0000122 seconds
2017-03-31T04:52:33.331+0200: 14.057: Total time for which application threads were stopped: 0.0000690 seconds, Stopping threads took: 0.0000242 seconds
2017-03-31T04:52:33.331+0200: 14.057: Total time for which application threads were stopped: 0.0000991 seconds, Stopping threads took: 0.0000071 seconds
2017-03-31T04:52:33.331+0200: 14.057: Total time for which application threads were stopped: 0.0001282 seconds, Stopping threads took: 0.0000070 seconds
2017-03-31T04:52:33.333+0200: 14.060: Total time for which application threads were stopped: 0.0000672 seconds, Stopping threads took: 0.0000253 seconds
2017-03-31T04:52:33.334+0200: 14.060: Total time for which application threads were stopped: 0.0000511 seconds, Stopping threads took: 0.0000174 seconds
2017-03-31T04:52:33.348+0200: 14.075: Total time for which application threads were stopped: 0.0001264 seconds, Stopping threads took: 0.0000199 seconds
2017-03-31T04:52:33.363+0200: 14.090: Total time for which application threads were stopped: 0.0000815 seconds, Stopping threads took: 0.0000317 seconds
2017-03-31T04:52:33.381+0200: 14.107: Total time for which application threads were stopped: 0.0000851 seconds, Stopping threads took: 0.0000251 seconds
2017-03-31T04:52:33.383+0200: 14.110: Total time for which application threads were stopped: 0.0000698 seconds, Stopping threads took: 0.0000257 seconds
2017-03-31T04:52:33.393+0200: 14.119: Total time for which application threads were stopped: 0.0001298 seconds, Stopping threads took: 0.0000257 seconds
{Heap before GC invocations=3 (full 1):
 par new generation   total 109248K, used 97663K [0x00000000e0000000, 0x00000000e8000000, 0x00000000e8000000)
  eden space 87424K, 100% used [0x00000000e0000000, 0x00000000e5560000, 0x00000000e5560000)
  from space 21824K,  46% used [0x00000000e6ab0000, 0x00000000e74aff60, 0x00000000e8000000)
  to   space 21824K,   0% used [0x00000000e5560000, 0x00000000e5560000, 0x00000000e6ab0000)
 concurrent mark-sweep generation total 393216K, used 0K [0x00000000e8000000, 0x0000000100000000, 0x0000000100000000)
 Metaspace       used 30477K, capacity 31000K, committed 31328K, reserved 1077248K
  class space    used 3494K, capacity 3644K, committed 3708K, reserved 1048576K
2017-03-31T04:52:33.463+0200: 14.189: [GC (Allocation Failure) 2017-03-31T04:52:33.463+0200: 14.189: [ParNew
Desired survivor size 20112992 bytes, new threshold 4 (max 8)
- age   1:   13141664 bytes,   13141664 total
- age   2:     396240 bytes,   13537904 total
- age   3:    1552304 bytes,   15090208 total
- age   4:    5147992 bytes,   20238200 total
: 97663K->21824K(109248K), 0.0445875 secs] 97663K->21824K(502464K), 0.0446574 secs] [Times: user=0.03 sys=0.02, real=0.04 secs] 
Heap after GC invocations=4 (full 1):
 par new generation   total 109248K, used 21824K [0x00000000e0000000, 0x00000000e8000000, 0x00000000e8000000)
  eden space 87424K,   0% used [0x00000000e0000000, 0x00000000e0000000, 0x00000000e5560000)
  from space 21824K, 100% used [0x00000000e5560000, 0x00000000e6ab0000, 0x00000000e6ab0000)
  to   space 21824K,   0% used [0x00000000e6ab0000, 0x00000000e6ab0000, 0x00000000e8000000)
 concurrent mark-sweep generation total 393216K, used 0K [0x00000000e8000000, 0x0000000100000000, 0x0000000100000000)
 Metaspace       used 30477K, capacity 31000K, committed 31328K, reserved 1077248K
  class space    used 3494K, capacity 3644K, committed 3708K, reserved 1048576K
}
2017-03-31T04:52:33.508+0200: 14.234: Total time for which application threads were stopped: 0.0448159 seconds, Stopping threads took: 0.0000246 seconds
2017-03-31T04:52:33.556+0200: 14.283: Total time for which application threads were stopped: 0.0000879 seconds, Stopping threads took: 0.0000322 seconds
2017-03-31T04:52:33.557+0200: 14.283: Total time for which application threads were stopped: 0.0000958 seconds, Stopping threads took: 0.0000065 seconds
2017-03-31T04:52:33.557+0200: 14.283: Total time for which application threads were stopped: 0.0000426 seconds, Stopping threads took: 0.0000073 seconds
2017-03-31T04:52:33.578+0200: 14.304: Total time for which application threads were stopped: 0.0000728 seconds, Stopping threads took: 0.0000170 seconds
2017-03-31T04:52:33.623+0200: 14.349: Total time for which application threads were stopped: 0.0000739 seconds, Stopping threads took: 0.0000166 seconds
2017-03-31T04:52:33.742+0200: 14.469: Total time for which application threads were stopped: 0.0000822 seconds, Stopping threads took: 0.0000250 seconds
2017-03-31T04:52:33.746+0200: 14.473: Total time for which application threads were stopped: 0.0000659 seconds, Stopping threads took: 0.0000193 seconds
2017-03-31T04:52:33.793+0200: 14.520: Total time for which application threads were stopped: 0.0023679 seconds, Stopping threads took: 0.0022911 seconds
2017-03-31T04:52:33.990+0200: 14.716: Total time for which application threads were stopped: 0.0026834 seconds, Stopping threads took: 0.0026002 seconds
2017-03-31T04:52:34.136+0200: 14.862: Total time for which application threads were stopped: 0.0000780 seconds, Stopping threads took: 0.0000194 seconds
2017-03-31T04:52:34.207+0200: 14.933: Total time for which application threads were stopped: 0.0036521 seconds, Stopping threads took: 0.0035769 seconds
2017-03-31T04:52:34.241+0200: 14.968: Total time for which application threads were stopped: 0.0006086 seconds, Stopping threads took: 0.0005353 seconds
2017-03-31T04:52:34.283+0200: 15.009: Total time for which application threads were stopped: 0.0000819 seconds, Stopping threads took: 0.0000214 seconds
2017-03-31T04:52:34.376+0200: 15.102: Total time for which application threads were stopped: 0.0000871 seconds, Stopping threads took: 0.0000177 seconds
2017-03-31T04:52:34.530+0200: 15.256: Total time for which application threads were stopped: 0.0000806 seconds, Stopping threads took: 0.0000179 seconds
2017-03-31T04:52:34.579+0200: 15.306: Total time for which application threads were stopped: 0.0000686 seconds, Stopping threads took: 0.0000188 seconds
2017-03-31T04:52:34.579+0200: 15.306: Total time for which application threads were stopped: 0.0000300 seconds, Stopping threads took: 0.0000066 seconds
2017-03-31T04:52:34.579+0200: 15.306: Total time for which application threads were stopped: 0.0000272 seconds, Stopping threads took: 0.0000056 seconds
2017-03-31T04:52:34.579+0200: 15.306: Total time for which application threads were stopped: 0.0000267 seconds, Stopping threads took: 0.0000056 seconds
2017-03-31T04:52:34.579+0200: 15.306: Total time for which application threads were stopped: 0.0000264 seconds, Stopping threads took: 0.0000056 seconds
2017-03-31T04:52:34.580+0200: 15.306: Total time for which application threads were stopped: 0.0000266 seconds, Stopping threads took: 0.0000055 seconds
2017-03-31T04:52:34.580+0200: 15.306: Total time for which application threads were stopped: 0.0000532 seconds, Stopping threads took: 0.0000053 seconds
2017-03-31T04:52:34.632+0200: 15.359: Total time for which application threads were stopped: 0.0000659 seconds, Stopping threads took: 0.0000162 seconds
2017-03-31T04:52:34.693+0200: 15.419: Total time for which application threads were stopped: 0.0000795 seconds, Stopping threads took: 0.0000188 seconds
2017-03-31T04:52:34.712+0200: 15.438: Total time for which application threads were stopped: 0.0000714 seconds, Stopping threads took: 0.0000174 seconds
2017-03-31T04:52:34.731+0200: 15.458: Total time for which application threads were stopped: 0.0000961 seconds, Stopping threads took: 0.0000337 seconds
2017-03-31T04:52:34.740+0200: 15.467: Total time for which application threads were stopped: 0.0000639 seconds, Stopping threads took: 0.0000193 seconds
2017-03-31T04:52:34.939+0200: 15.666: Total time for which application threads were stopped: 0.0000996 seconds, Stopping threads took: 0.0000186 seconds
2017-03-31T04:52:35.068+0200: 15.794: Total time for which application threads were stopped: 0.0000770 seconds, Stopping threads took: 0.0000191 seconds
2017-03-31T04:52:35.105+0200: 15.831: Total time for which application threads were stopped: 0.0000677 seconds, Stopping threads took: 0.0000164 seconds
2017-03-31T04:52:35.115+0200: 15.842: Total time for which application threads were stopped: 0.0000627 seconds, Stopping threads took: 0.0000170 seconds
2017-03-31T04:52:35.160+0200: 15.887: Total time for which application threads were stopped: 0.0000751 seconds, Stopping threads took: 0.0000189 seconds
2017-03-31T04:52:35.236+0200: 15.963: Total time for which application threads were stopped: 0.0000777 seconds, Stopping threads took: 0.0000180 seconds
2017-03-31T04:52:35.254+0200: 15.981: Total time for which application threads were stopped: 0.0000641 seconds, Stopping threads took: 0.0000177 seconds
2017-03-31T04:52:35.260+0200: 15.986: Total time for which application threads were stopped: 0.0000608 seconds, Stopping threads took: 0.0000166 seconds
2017-03-31T04:52:35.270+0200: 15.997: Total time for which application threads were stopped: 0.0000630 seconds, Stopping threads took: 0.0000178 seconds
2017-03-31T04:52:35.273+0200: 15.999: Total time for which application threads were stopped: 0.0000665 seconds, Stopping threads took: 0.0000187 seconds
2017-03-31T04:52:35.335+0200: 16.062: Total time for which application threads were stopped: 0.0001192 seconds, Stopping threads took: 0.0000176 seconds
2017-03-31T04:52:35.554+0200: 16.281: Total time for which application threads were stopped: 0.0000818 seconds, Stopping threads took: 0.0000180 seconds
2017-03-31T04:52:35.554+0200: 16.281: Total time for which application threads were stopped: 0.0000322 seconds, Stopping threads took: 0.0000065 seconds
2017-03-31T04:52:35.554+0200: 16.281: Total time for which application threads were stopped: 0.0000937 seconds, Stopping threads took: 0.0000060 seconds
2017-03-31T04:52:35.841+0200: 16.567: Total time for which application threads were stopped: 0.0000975 seconds, Stopping threads took: 0.0000174 seconds
2017-03-31T04:52:36.114+0200: 16.841: Total time for which application threads were stopped: 0.0000705 seconds, Stopping threads took: 0.0000179 seconds
2017-03-31T04:52:36.196+0200: 16.922: Total time for which application threads were stopped: 0.0000754 seconds, Stopping threads took: 0.0000192 seconds
2017-03-31T04:52:36.323+0200: 17.049: Total time for which application threads were stopped: 0.0000778 seconds, Stopping threads took: 0.0000204 seconds
2017-03-31T04:52:36.367+0200: 17.094: Total time for which application threads were stopped: 0.0000692 seconds, Stopping threads took: 0.0000172 seconds
2017-03-31T04:52:36.464+0200: 17.190: Total time for which application threads were stopped: 0.0000707 seconds, Stopping threads took: 0.0000182 seconds
2017-03-31T04:52:36.591+0200: 17.317: Total time for which application threads were stopped: 0.0000812 seconds, Stopping threads took: 0.0000197 seconds
2017-03-31T04:52:36.643+0200: 17.370: Total time for which application threads were stopped: 0.0000849 seconds, Stopping threads took: 0.0000181 seconds
2017-03-31T04:52:36.741+0200: 17.468: Total time for which application threads were stopped: 0.0000693 seconds, Stopping threads took: 0.0000181 seconds
2017-03-31T04:52:36.772+0200: 17.498: Total time for which application threads were stopped: 0.0000699 seconds, Stopping threads took: 0.0000173 seconds
2017-03-31T04:52:36.882+0200: 17.609: Total time for which application threads were stopped: 0.0000815 seconds, Stopping threads took: 0.0000192 seconds
2017-03-31T04:52:36.932+0200: 17.658: Total time for which application threads were stopped: 0.0000804 seconds, Stopping threads took: 0.0000179 seconds
2017-03-31T04:52:36.957+0200: 17.683: Total time for which application threads were stopped: 0.0000876 seconds, Stopping threads took: 0.0000199 seconds
2017-03-31T04:52:37.029+0200: 17.755: Total time for which application threads were stopped: 0.0000838 seconds, Stopping threads took: 0.0000183 seconds
2017-03-31T04:52:37.131+0200: 17.857: Total time for which application threads were stopped: 0.0000732 seconds, Stopping threads took: 0.0000178 seconds
2017-03-31T04:52:37.160+0200: 17.886: Total time for which application threads were stopped: 0.0001454 seconds, Stopping threads took: 0.0000841 seconds
2017-03-31T04:52:37.164+0200: 17.891: Total time for which application threads were stopped: 0.0000761 seconds, Stopping threads took: 0.0000168 seconds
2017-03-31T04:52:37.263+0200: 17.989: Total time for which application threads were stopped: 0.0000807 seconds, Stopping threads took: 0.0000180 seconds
2017-03-31T04:52:37.373+0200: 18.099: Total time for which application threads were stopped: 0.0000994 seconds, Stopping threads took: 0.0000179 seconds
2017-03-31T04:52:37.499+0200: 18.226: Total time for which application threads were stopped: 0.0001353 seconds, Stopping threads took: 0.0000188 seconds
2017-03-31T04:52:38.500+0200: 19.227: Total time for which application threads were stopped: 0.0001092 seconds, Stopping threads took: 0.0000219 seconds
{Heap before GC invocations=4 (full 1):
 par new generation   total 109248K, used 109248K [0x00000000e0000000, 0x00000000e8000000, 0x00000000e8000000)
  eden space 87424K, 100% used [0x00000000e0000000, 0x00000000e5560000, 0x00000000e5560000)
  from space 21824K, 100% used [0x00000000e5560000, 0x00000000e6ab0000, 0x00000000e6ab0000)
  to   space 21824K,   0% used [0x00000000e6ab0000, 0x00000000e6ab0000, 0x00000000e8000000)
 concurrent mark-sweep generation total 393216K, used 0K [0x00000000e8000000, 0x0000000100000000, 0x0000000100000000)
 Metaspace       used 31395K, capacity 31896K, committed 32096K, reserved 1077248K
  class space    used 3495K, capacity 3644K, committed 3708K, reserved 1048576K
2017-03-31T04:52:39.067+0200: 19.793: [GC (Allocation Failure) 2017-03-31T04:52:39.067+0200: 19.793: [ParNew
Desired survivor size 20112992 bytes, new threshold 8 (max 8)
- age   1:    5755272 bytes,    5755272 total
- age   2:    6377768 bytes,   12133040 total
- age   3:     394464 bytes,   12527504 total
- age   4:    1551312 bytes,   14078816 total
: 109248K->21824K(109248K), 0.1025258 secs] 109248K->27391K(502464K), 0.1026035 secs] [Times: user=0.08 sys=0.02, real=0.10 secs] 
Heap after GC invocations=5 (full 1):
 par new generation   total 109248K, used 21824K [0x00000000e0000000, 0x00000000e8000000, 0x00000000e8000000)
  eden space 87424K,   0% used [0x00000000e0000000, 0x00000000e0000000, 0x00000000e5560000)
  from space 21824K, 100% used [0x00000000e6ab0000, 0x00000000e8000000, 0x00000000e8000000)
  to   space 21824K,   0% used [0x00000000e5560000, 0x00000000e5560000, 0x00000000e6ab0000)
 concurrent mark-sweep generation total 393216K, used 5567K [0x00000000e8000000, 0x0000000100000000, 0x0000000100000000)
 Metaspace       used 31395K, capacity 31896K, committed 32096K, reserved 1077248K
  class space    used 3495K, capacity 3644K, committed 3708K, reserved 1048576K
}
2017-03-31T04:52:39.169+0200: 19.896: Total time for which application threads were stopped: 0.1027512 seconds, Stopping threads took: 0.0000211 seconds
2017-03-31T04:52:40.178+0200: 20.904: Total time for which application threads were stopped: 0.0001136 seconds, Stopping threads took: 0.0000289 seconds
2017-03-31T04:52:41.180+0200: 21.906: Total time for which application threads were stopped: 0.0001724 seconds, Stopping threads took: 0.0000237 seconds
2017-03-31T04:52:42.183+0200: 22.909: Total time for which application threads were stopped: 0.0001050 seconds, Stopping threads took: 0.0000215 seconds
2017-03-31T04:52:43.184+0200: 23.910: Total time for which application threads were stopped: 0.0001096 seconds, Stopping threads took: 0.0000232 seconds
2017-03-31T04:52:44.186+0200: 24.912: Total time for which application threads were stopped: 0.0000953 seconds, Stopping threads took: 0.0000223 seconds
{Heap before GC invocations=5 (full 1):
 par new generation   total 109248K, used 109248K [0x00000000e0000000, 0x00000000e8000000, 0x00000000e8000000)
  eden space 87424K, 100% used [0x00000000e0000000, 0x00000000e5560000, 0x00000000e5560000)
  from space 21824K, 100% used [0x00000000e6ab0000, 0x00000000e8000000, 0x00000000e8000000)
  to   space 21824K,   0% used [0x00000000e5560000, 0x00000000e5560000, 0x00000000e6ab0000)
 concurrent mark-sweep generation total 393216K, used 5567K [0x00000000e8000000, 0x0000000100000000, 0x0000000100000000)
 Metaspace       used 31899K, capacity 32408K, committed 32608K, reserved 1079296K
  class space    used 3496K, capacity 3644K, committed 3708K, reserved 1048576K
2017-03-31T04:52:44.917+0200: 25.644: [GC (Allocation Failure) 2017-03-31T04:52:44.917+0200: 25.644: [ParNew
Desired survivor size 20112992 bytes, new threshold 8 (max 8)
- age   1:    5977416 bytes,    5977416 total
- age   2:    4269192 bytes,   10246608 total
- age   3:    5890392 bytes,   16137000 total
- age   4:     394352 bytes,   16531352 total
- age   5:    1551312 bytes,   18082664 total
: 109248K->20156K(109248K), 0.0602841 secs] 114815K->25724K(502464K), 0.0603444 secs] [Times: user=0.05 sys=0.00, real=0.06 secs] 
Heap after GC invocations=6 (full 1):
 par new generation   total 109248K, used 20156K [0x00000000e0000000, 0x00000000e8000000, 0x00000000e8000000)
  eden space 87424K,   0% used [0x00000000e0000000, 0x00000000e0000000, 0x00000000e5560000)
  from space 21824K,  92% used [0x00000000e5560000, 0x00000000e690f3d0, 0x00000000e6ab0000)
  to   space 21824K,   0% used [0x00000000e6ab0000, 0x00000000e6ab0000, 0x00000000e8000000)
 concurrent mark-sweep generation total 393216K, used 5567K [0x00000000e8000000, 0x0000000100000000, 0x0000000100000000)
 Metaspace       used 31899K, capacity 32408K, committed 32608K, reserved 1079296K
  class space    used 3496K, capacity 3644K, committed 3708K, reserved 1048576K
}
2017-03-31T04:52:44.978+0200: 25.704: Total time for which application threads were stopped: 0.0605008 seconds, Stopping threads took: 0.0000183 seconds
2017-03-31T04:52:45.981+0200: 26.707: Total time for which application threads were stopped: 0.0000881 seconds, Stopping threads took: 0.0000222 seconds
2017-03-31T04:52:46.984+0200: 27.710: Total time for which application threads were stopped: 0.0001169 seconds, Stopping threads took: 0.0000248 seconds
2017-03-31T04:52:47.833+0200: 28.559: Total time for which application threads were stopped: 0.0013807 seconds, Stopping threads took: 0.0012758 seconds
2017-03-31T04:52:47.835+0200: 28.561: Total time for which application threads were stopped: 0.0001455 seconds, Stopping threads took: 0.0000619 seconds
2017-03-31T04:52:47.835+0200: 28.561: Total time for which application threads were stopped: 0.0000688 seconds, Stopping threads took: 0.0000109 seconds
2017-03-31T04:52:47.835+0200: 28.561: Total time for which application threads were stopped: 0.0000483 seconds, Stopping threads took: 0.0000076 seconds
2017-03-31T04:52:47.839+0200: 28.565: Total time for which application threads were stopped: 0.0006705 seconds, Stopping threads took: 0.0000293 seconds
2017-03-31T04:52:47.877+0200: 28.603: Total time for which application threads were stopped: 0.0025499 seconds, Stopping threads took: 0.0023965 seconds
2017-03-31T04:52:47.881+0200: 28.608: Total time for which application threads were stopped: 0.0003060 seconds, Stopping threads took: 0.0002217 seconds
2017-03-31T04:52:47.897+0200: 28.623: Total time for which application threads were stopped: 0.0048090 seconds, Stopping threads took: 0.0047036 seconds
2017-03-31T04:52:47.909+0200: 28.636: Total time for which application threads were stopped: 0.0001196 seconds, Stopping threads took: 0.0000213 seconds
2017-03-31T04:52:47.910+0200: 28.636: Total time for which application threads were stopped: 0.0000889 seconds, Stopping threads took: 0.0000127 seconds
2017-03-31T04:52:47.910+0200: 28.637: Total time for which application threads were stopped: 0.0000710 seconds, Stopping threads took: 0.0000102 seconds
2017-03-31T04:52:47.929+0200: 28.655: Total time for which application threads were stopped: 0.0001445 seconds, Stopping threads took: 0.0000377 seconds
2017-03-31T04:52:47.949+0200: 28.675: Total time for which application threads were stopped: 0.0128597 seconds, Stopping threads took: 0.0127281 seconds
2017-03-31T04:52:47.977+0200: 28.704: Total time for which application threads were stopped: 0.0034924 seconds, Stopping threads took: 0.0033608 seconds
2017-03-31T04:52:47.977+0200: 28.704: Total time for which application threads were stopped: 0.0000845 seconds, Stopping threads took: 0.0000131 seconds
2017-03-31T04:52:47.978+0200: 28.704: Total time for which application threads were stopped: 0.0000637 seconds, Stopping threads took: 0.0000079 seconds
2017-03-31T04:52:48.213+0200: 28.939: Total time for which application threads were stopped: 0.0104938 seconds, Stopping threads took: 0.0103792 seconds
2017-03-31T04:52:48.329+0200: 29.055: Total time for which application threads were stopped: 0.0055983 seconds, Stopping threads took: 0.0054718 seconds
2017-03-31T04:52:48.437+0200: 29.163: Total time for which application threads were stopped: 0.0001218 seconds, Stopping threads took: 0.0000311 seconds
2017-03-31T04:52:48.438+0200: 29.164: Total time for which application threads were stopped: 0.0001170 seconds, Stopping threads took: 0.0000204 seconds
2017-03-31T04:52:48.443+0200: 29.170: Total time for which application threads were stopped: 0.0031446 seconds, Stopping threads took: 0.0030601 seconds
2017-03-31T04:52:48.472+0200: 29.198: Total time for which application threads were stopped: 0.0001009 seconds, Stopping threads took: 0.0000247 seconds
2017-03-31T04:52:48.472+0200: 29.199: Total time for which application threads were stopped: 0.0000385 seconds, Stopping threads took: 0.0000063 seconds
2017-03-31T04:52:48.472+0200: 29.199: Total time for which application threads were stopped: 0.0000359 seconds, Stopping threads took: 0.0000057 seconds
2017-03-31T04:52:48.472+0200: 29.199: Total time for which application threads were stopped: 0.0000356 seconds, Stopping threads took: 0.0000058 seconds
2017-03-31T04:52:48.472+0200: 29.199: Total time for which application threads were stopped: 0.0000353 seconds, Stopping threads took: 0.0000056 seconds
2017-03-31T04:52:48.472+0200: 29.199: Total time for which application threads were stopped: 0.0000354 seconds, Stopping threads took: 0.0000057 seconds
2017-03-31T04:52:48.472+0200: 29.199: Total time for which application threads were stopped: 0.0000356 seconds, Stopping threads took: 0.0000057 seconds
2017-03-31T04:52:48.472+0200: 29.199: Total time for which application threads were stopped: 0.0000356 seconds, Stopping threads took: 0.0000058 seconds
2017-03-31T04:52:48.473+0200: 29.199: Total time for which application threads were stopped: 0.0000392 seconds, Stopping threads took: 0.0000064 seconds
2017-03-31T04:52:48.484+0200: 29.210: Total time for which application threads were stopped: 0.0013326 seconds, Stopping threads took: 0.0012494 seconds
2017-03-31T04:52:48.495+0200: 29.222: Total time for which application threads were stopped: 0.0004903 seconds, Stopping threads took: 0.0003672 seconds
2017-03-31T04:52:48.680+0200: 29.407: Total time for which application threads were stopped: 0.0000974 seconds, Stopping threads took: 0.0000272 seconds
2017-03-31T04:52:48.681+0200: 29.407: Total time for which application threads were stopped: 0.0000946 seconds, Stopping threads took: 0.0000343 seconds
2017-03-31T04:52:48.681+0200: 29.408: Total time for which application threads were stopped: 0.0000635 seconds, Stopping threads took: 0.0000205 seconds
2017-03-31T04:52:48.683+0200: 29.409: Total time for which application threads were stopped: 0.0001274 seconds, Stopping threads took: 0.0000399 seconds
2017-03-31T04:52:48.807+0200: 29.534: Total time for which application threads were stopped: 0.0067066 seconds, Stopping threads took: 0.0064079 seconds
2017-03-31T04:52:48.809+0200: 29.535: Total time for which application threads were stopped: 0.0001465 seconds, Stopping threads took: 0.0000454 seconds
2017-03-31T04:52:48.810+0200: 29.536: Total time for which application threads were stopped: 0.0000992 seconds, Stopping threads took: 0.0000169 seconds
2017-03-31T04:52:49.025+0200: 29.751: Total time for which application threads were stopped: 0.0053637 seconds, Stopping threads took: 0.0052639 seconds
2017-03-31T04:52:49.029+0200: 29.756: Total time for which application threads were stopped: 0.0000949 seconds, Stopping threads took: 0.0000184 seconds
{Heap before GC invocations=6 (full 1):
 par new generation   total 109248K, used 107580K [0x00000000e0000000, 0x00000000e8000000, 0x00000000e8000000)
  eden space 87424K, 100% used [0x00000000e0000000, 0x00000000e5560000, 0x00000000e5560000)
  from space 21824K,  92% used [0x00000000e5560000, 0x00000000e690f3d0, 0x00000000e6ab0000)
  to   space 21824K,   0% used [0x00000000e6ab0000, 0x00000000e6ab0000, 0x00000000e8000000)
 concurrent mark-sweep generation total 393216K, used 5567K [0x00000000e8000000, 0x0000000100000000, 0x0000000100000000)
 Metaspace       used 32479K, capacity 33018K, committed 33504K, reserved 1079296K
  class space    used 3535K, capacity 3715K, committed 3836K, reserved 1048576K
2017-03-31T04:52:49.078+0200: 29.804: [GC (Allocation Failure) 2017-03-31T04:52:49.078+0200: 29.804: [ParNew
Desired survivor size 20112992 bytes, new threshold 8 (max 8)
- age   1:    4189656 bytes,    4189656 total
- age   2:    4402256 bytes,    8591912 total
- age   3:    1473152 bytes,   10065064 total
- age   4:    4886008 bytes,   14951072 total
- age   5:     394352 bytes,   15345424 total
- age   6:    1551312 bytes,   16896736 total
: 107580K->20115K(109248K), 0.0515419 secs] 113148K->25682K(502464K), 0.0518106 secs] [Times: user=0.06 sys=0.00, real=0.05 secs] 
Heap after GC invocations=7 (full 1):
 par new generation   total 109248K, used 20115K [0x00000000e0000000, 0x00000000e8000000, 0x00000000e8000000)
  eden space 87424K,   0% used [0x00000000e0000000, 0x00000000e0000000, 0x00000000e5560000)
  from space 21824K,  92% used [0x00000000e6ab0000, 0x00000000e7e54d50, 0x00000000e8000000)
  to   space 21824K,   0% used [0x00000000e5560000, 0x00000000e5560000, 0x00000000e6ab0000)
 concurrent mark-sweep generation total 393216K, used 5567K [0x00000000e8000000, 0x0000000100000000, 0x0000000100000000)
 Metaspace       used 32479K, capacity 33018K, committed 33504K, reserved 1079296K
  class space    used 3535K, capacity 3715K, committed 3836K, reserved 1048576K
}
2017-03-31T04:52:49.130+0200: 29.856: Total time for which application threads were stopped: 0.0541702 seconds, Stopping threads took: 0.0020840 seconds
2017-03-31T04:52:49.193+0200: 29.920: Total time for which application threads were stopped: 0.0000860 seconds, Stopping threads took: 0.0000286 seconds
2017-03-31T04:52:49.195+0200: 29.921: Total time for which application threads were stopped: 0.0001033 seconds, Stopping threads took: 0.0000478 seconds
2017-03-31T04:52:49.198+0200: 29.925: Total time for which application threads were stopped: 0.0000863 seconds, Stopping threads took: 0.0000309 seconds
2017-03-31T04:52:49.199+0200: 29.925: Total time for which application threads were stopped: 0.0000430 seconds, Stopping threads took: 0.0000152 seconds
2017-03-31T04:52:49.199+0200: 29.925: Total time for which application threads were stopped: 0.0000322 seconds, Stopping threads took: 0.0000113 seconds
2017-03-31T04:52:49.199+0200: 29.925: Total time for which application threads were stopped: 0.0000309 seconds, Stopping threads took: 0.0000107 seconds
2017-03-31T04:52:50.200+0200: 30.927: Total time for which application threads were stopped: 0.0002516 seconds, Stopping threads took: 0.0000478 seconds
2017-03-31T04:52:51.202+0200: 31.928: Total time for which application threads were stopped: 0.0001161 seconds, Stopping threads took: 0.0000391 seconds
2017-03-31T04:52:52.202+0200: 32.928: Total time for which application threads were stopped: 0.0001132 seconds, Stopping threads took: 0.0000233 seconds
2017-03-31T04:52:53.203+0200: 33.930: Total time for which application threads were stopped: 0.0001385 seconds, Stopping threads took: 0.0000212 seconds
2017-03-31T04:52:54.204+0200: 34.930: Total time for which application threads were stopped: 0.0001052 seconds, Stopping threads took: 0.0000244 seconds
{Heap before GC invocations=7 (full 1):
 par new generation   total 109248K, used 107539K [0x00000000e0000000, 0x00000000e8000000, 0x00000000e8000000)
  eden space 87424K, 100% used [0x00000000e0000000, 0x00000000e5560000, 0x00000000e5560000)
  from space 21824K,  92% used [0x00000000e6ab0000, 0x00000000e7e54d50, 0x00000000e8000000)
  to   space 21824K,   0% used [0x00000000e5560000, 0x00000000e5560000, 0x00000000e6ab0000)
 concurrent mark-sweep generation total 393216K, used 5567K [0x00000000e8000000, 0x0000000100000000, 0x0000000100000000)
 Metaspace       used 32651K, capacity 33210K, committed 33504K, reserved 1079296K
  class space    used 3538K, capacity 3715K, committed 3836K, reserved 1048576K
2017-03-31T04:52:55.344+0200: 36.071: [GC (Allocation Failure) 2017-03-31T04:52:55.344+0200: 36.071: [ParNew
Desired survivor size 20112992 bytes, new threshold 8 (max 8)
- age   1:    5970712 bytes,    5970712 total
- age   2:    3591328 bytes,    9562040 total
- age   3:    1883304 bytes,   11445344 total
- age   4:     102240 bytes,   11547584 total
- age   5:    4821032 bytes,   16368616 total
- age   6:     394352 bytes,   16762968 total
- age   7:    1551312 bytes,   18314280 total
: 107539K->21824K(109248K), 0.0588112 secs] 113106K->27464K(502464K), 0.0588889 secs] [Times: user=0.04 sys=0.00, real=0.06 secs] 
Heap after GC invocations=8 (full 1):
 par new generation   total 109248K, used 21824K [0x00000000e0000000, 0x00000000e8000000, 0x00000000e8000000)
  eden space 87424K,   0% used [0x00000000e0000000, 0x00000000e0000000, 0x00000000e5560000)
  from space 21824K, 100% used [0x00000000e5560000, 0x00000000e6ab0000, 0x00000000e6ab0000)
  to   space 21824K,   0% used [0x00000000e6ab0000, 0x00000000e6ab0000, 0x00000000e8000000)
 concurrent mark-sweep generation total 393216K, used 5640K [0x00000000e8000000, 0x0000000100000000, 0x0000000100000000)
 Metaspace       used 32651K, capacity 33210K, committed 33504K, reserved 1079296K
  class space    used 3538K, capacity 3715K, committed 3836K, reserved 1048576K
}
2017-03-31T04:52:55.403+0200: 36.129: Total time for which application threads were stopped: 0.0590428 seconds, Stopping threads took: 0.0000189 seconds
2017-03-31T04:52:56.405+0200: 37.131: Total time for which application threads were stopped: 0.0001056 seconds, Stopping threads took: 0.0000239 seconds
2017-03-31T04:52:57.405+0200: 38.131: Total time for which application threads were stopped: 0.0001184 seconds, Stopping threads took: 0.0000298 seconds
2017-03-31T04:52:58.406+0200: 39.133: Total time for which application threads were stopped: 0.0000925 seconds, Stopping threads took: 0.0000260 seconds
2017-03-31T04:52:59.407+0200: 40.133: Total time for which application threads were stopped: 0.0000890 seconds, Stopping threads took: 0.0000235 seconds
2017-03-31T04:53:00.407+0200: 41.133: Total time for which application threads were stopped: 0.0001012 seconds, Stopping threads took: 0.0000252 seconds
2017-03-31T04:53:01.407+0200: 42.134: Total time for which application threads were stopped: 0.0001173 seconds, Stopping threads took: 0.0000232 seconds
{Heap before GC invocations=8 (full 1):
 par new generation   total 109248K, used 109248K [0x00000000e0000000, 0x00000000e8000000, 0x00000000e8000000)
  eden space 87424K, 100% used [0x00000000e0000000, 0x00000000e5560000, 0x00000000e5560000)
  from space 21824K, 100% used [0x00000000e5560000, 0x00000000e6ab0000, 0x00000000e6ab0000)
  to   space 21824K,   0% used [0x00000000e6ab0000, 0x00000000e6ab0000, 0x00000000e8000000)
 concurrent mark-sweep generation total 393216K, used 5640K [0x00000000e8000000, 0x0000000100000000, 0x0000000100000000)
 Metaspace       used 32773K, capacity 33338K, committed 33760K, reserved 1079296K
  class space    used 3538K, capacity 3715K, committed 3836K, reserved 1048576K
2017-03-31T04:53:01.800+0200: 42.527: [GC (Allocation Failure) 2017-03-31T04:53:01.800+0200: 42.527: [ParNew
Desired survivor size 20112992 bytes, new threshold 8 (max 8)
- age   1:    6083776 bytes,    6083776 total
- age   2:    4756344 bytes,   10840120 total
- age   3:    1022568 bytes,   11862688 total
- age   4:      87712 bytes,   11950400 total
- age   5:      87744 bytes,   12038144 total
- age   6:    4819352 bytes,   16857496 total
- age   7:     394352 bytes,   17251848 total
- age   8:    1551312 bytes,   18803160 total
: 109248K->21682K(109248K), 0.0424205 secs] 114888K->27322K(502464K), 0.0424988 secs] [Times: user=0.05 sys=0.00, real=0.04 secs] 
Heap after GC invocations=9 (full 1):
 par new generation   total 109248K, used 21682K [0x00000000e0000000, 0x00000000e8000000, 0x00000000e8000000)
  eden space 87424K,   0% used [0x00000000e0000000, 0x00000000e0000000, 0x00000000e5560000)
  from space 21824K,  99% used [0x00000000e6ab0000, 0x00000000e7fdc8e8, 0x00000000e8000000)
  to   space 21824K,   0% used [0x00000000e5560000, 0x00000000e5560000, 0x00000000e6ab0000)
 concurrent mark-sweep generation total 393216K, used 5640K [0x00000000e8000000, 0x0000000100000000, 0x0000000100000000)
 Metaspace       used 32773K, capacity 33338K, committed 33760K, reserved 1079296K
  class space    used 3538K, capacity 3715K, committed 3836K, reserved 1048576K
}
2017-03-31T04:53:01.843+0200: 42.569: Total time for which application threads were stopped: 0.0426668 seconds, Stopping threads took: 0.0000245 seconds
2017-03-31T04:53:02.050+0200: 42.777: Total time for which application threads were stopped: 0.0002004 seconds, Stopping threads took: 0.0000408 seconds
2017-03-31T04:53:02.835+0200: 43.561: Total time for which application threads were stopped: 0.0001011 seconds, Stopping threads took: 0.0000239 seconds
2017-03-31T04:53:02.835+0200: 43.562: Total time for which application threads were stopped: 0.0000429 seconds, Stopping threads took: 0.0000074 seconds
2017-03-31T04:53:02.837+0200: 43.563: Total time for which application threads were stopped: 0.0000584 seconds, Stopping threads took: 0.0000155 seconds
2017-03-31T04:53:02.878+0200: 43.604: Total time for which application threads were stopped: 0.0007278 seconds, Stopping threads took: 0.0006483 seconds
2017-03-31T04:53:02.879+0200: 43.605: Total time for which application threads were stopped: 0.0000700 seconds, Stopping threads took: 0.0000231 seconds
2017-03-31T04:53:03.135+0200: 43.861: Total time for which application threads were stopped: 0.0032807 seconds, Stopping threads took: 0.0030654 seconds
2017-03-31T04:53:03.192+0200: 43.918: Total time for which application threads were stopped: 0.0026859 seconds, Stopping threads took: 0.0025790 seconds
2017-03-31T04:53:03.221+0200: 43.947: Total time for which application threads were stopped: 0.0001070 seconds, Stopping threads took: 0.0000343 seconds
2017-03-31T04:53:03.227+0200: 43.954: Total time for which application threads were stopped: 0.0000916 seconds, Stopping threads took: 0.0000293 seconds
2017-03-31T04:53:03.230+0200: 43.956: Total time for which application threads were stopped: 0.0000868 seconds, Stopping threads took: 0.0000296 seconds
2017-03-31T04:53:03.230+0200: 43.957: Total time for which application threads were stopped: 0.0000607 seconds, Stopping threads took: 0.0000191 seconds
2017-03-31T04:53:03.254+0200: 43.980: Total time for which application threads were stopped: 0.0000972 seconds, Stopping threads took: 0.0000303 seconds
2017-03-31T04:53:03.254+0200: 43.981: Total time for which application threads were stopped: 0.0000419 seconds, Stopping threads took: 0.0000132 seconds
2017-03-31T04:53:03.254+0200: 43.981: Total time for which application threads were stopped: 0.0000389 seconds, Stopping threads took: 0.0000121 seconds
2017-03-31T04:53:03.259+0200: 43.986: Total time for which application threads were stopped: 0.0000982 seconds, Stopping threads took: 0.0000318 seconds
2017-03-31T04:53:03.259+0200: 43.986: Total time for which application threads were stopped: 0.0000622 seconds, Stopping threads took: 0.0000166 seconds
2017-03-31T04:53:03.259+0200: 43.986: Total time for which application threads were stopped: 0.0000519 seconds, Stopping threads took: 0.0000140 seconds
2017-03-31T04:53:03.259+0200: 43.986: Total time for which application threads were stopped: 0.0000461 seconds, Stopping threads took: 0.0000122 seconds
2017-03-31T04:53:03.259+0200: 43.986: Total time for which application threads were stopped: 0.0000440 seconds, Stopping threads took: 0.0000122 seconds
2017-03-31T04:53:03.260+0200: 43.986: Total time for which application threads were stopped: 0.0000493 seconds, Stopping threads took: 0.0000146 seconds
2017-03-31T04:53:03.260+0200: 43.986: Total time for which application threads were stopped: 0.0000686 seconds, Stopping threads took: 0.0000122 seconds
2017-03-31T04:53:03.260+0200: 43.986: Total time for which application threads were stopped: 0.0000425 seconds, Stopping threads took: 0.0000123 seconds
2017-03-31T04:53:03.260+0200: 43.986: Total time for which application threads were stopped: 0.0000407 seconds, Stopping threads took: 0.0000115 seconds
2017-03-31T04:53:03.265+0200: 43.991: Total time for which application threads were stopped: 0.0001180 seconds, Stopping threads took: 0.0000437 seconds
2017-03-31T04:53:03.265+0200: 43.991: Total time for which application threads were stopped: 0.0000715 seconds, Stopping threads took: 0.0000214 seconds
2017-03-31T04:53:03.276+0200: 44.002: Total time for which application threads were stopped: 0.0011232 seconds, Stopping threads took: 0.0010481 seconds
2017-03-31T04:53:03.277+0200: 44.004: Total time for which application threads were stopped: 0.0000664 seconds, Stopping threads took: 0.0000179 seconds
2017-03-31T04:53:03.278+0200: 44.005: Total time for which application threads were stopped: 0.0000555 seconds, Stopping threads took: 0.0000124 seconds
2017-03-31T04:53:03.298+0200: 44.024: Total time for which application threads were stopped: 0.0099677 seconds, Stopping threads took: 0.0098677 seconds
2017-03-31T04:53:03.299+0200: 44.025: Total time for which application threads were stopped: 0.0000962 seconds, Stopping threads took: 0.0000314 seconds
2017-03-31T04:53:03.301+0200: 44.027: Total time for which application threads were stopped: 0.0001318 seconds, Stopping threads took: 0.0000523 seconds
2017-03-31T04:53:03.301+0200: 44.028: Total time for which application threads were stopped: 0.0001945 seconds, Stopping threads took: 0.0000133 seconds
2017-03-31T04:53:03.302+0200: 44.028: Total time for which application threads were stopped: 0.0000661 seconds, Stopping threads took: 0.0000212 seconds
2017-03-31T04:53:03.304+0200: 44.030: Total time for which application threads were stopped: 0.0001491 seconds, Stopping threads took: 0.0000277 seconds
2017-03-31T04:53:03.337+0200: 44.064: Total time for which application threads were stopped: 0.0001199 seconds, Stopping threads took: 0.0000300 seconds
2017-03-31T04:53:03.337+0200: 44.064: Total time for which application threads were stopped: 0.0000414 seconds, Stopping threads took: 0.0000075 seconds
2017-03-31T04:53:03.337+0200: 44.064: Total time for which application threads were stopped: 0.0000362 seconds, Stopping threads took: 0.0000061 seconds
2017-03-31T04:53:03.394+0200: 44.120: Total time for which application threads were stopped: 0.0000874 seconds, Stopping threads took: 0.0000242 seconds
2017-03-31T04:53:03.410+0200: 44.136: Total time for which application threads were stopped: 0.0032033 seconds, Stopping threads took: 0.0030987 seconds
2017-03-31T04:53:03.410+0200: 44.137: Total time for which application threads were stopped: 0.0000743 seconds, Stopping threads took: 0.0000131 seconds
2017-03-31T04:53:03.443+0200: 44.170: Total time for which application threads were stopped: 0.0000990 seconds, Stopping threads took: 0.0000332 seconds
2017-03-31T04:53:03.453+0200: 44.179: Total time for which application threads were stopped: 0.0001017 seconds, Stopping threads took: 0.0000287 seconds
2017-03-31T04:53:04.454+0200: 45.181: Total time for which application threads were stopped: 0.0001375 seconds, Stopping threads took: 0.0000248 seconds
2017-03-31T04:53:05.456+0200: 46.182: Total time for which application threads were stopped: 0.0004074 seconds, Stopping threads took: 0.0000737 seconds
{Heap before GC invocations=9 (full 1):
 par new generation   total 109248K, used 109106K [0x00000000e0000000, 0x00000000e8000000, 0x00000000e8000000)
  eden space 87424K, 100% used [0x00000000e0000000, 0x00000000e5560000, 0x00000000e5560000)
  from space 21824K,  99% used [0x00000000e6ab0000, 0x00000000e7fdc8e8, 0x00000000e8000000)
  to   space 21824K,   0% used [0x00000000e5560000, 0x00000000e5560000, 0x00000000e6ab0000)
 concurrent mark-sweep generation total 393216K, used 5640K [0x00000000e8000000, 0x0000000100000000, 0x0000000100000000)
 Metaspace       used 32847K, capacity 33402K, committed 33760K, reserved 1079296K
  class space    used 3543K, capacity 3715K, committed 3836K, reserved 1048576K
2017-03-31T04:53:05.773+0200: 46.499: [GC (Allocation Failure) 2017-03-31T04:53:05.773+0200: 46.499: [ParNew
Desired survivor size 20112992 bytes, new threshold 8 (max 8)
- age   1:    3968152 bytes,    3968152 total
- age   2:     335704 bytes,    4303856 total
- age   3:     510640 bytes,    4814496 total
- age   4:     572888 bytes,    5387384 total
- age   5:      74376 bytes,    5461760 total
- age   6:      82080 bytes,    5543840 total
- age   7:    4710056 bytes,   10253896 total
- age   8:     394352 bytes,   10648248 total
: 109106K->21824K(109248K), 0.0371422 secs] 114746K->29047K(502464K), 0.0372044 secs] [Times: user=0.04 sys=0.00, real=0.04 secs] 
Heap after GC invocations=10 (full 1):
 par new generation   total 109248K, used 21824K [0x00000000e0000000, 0x00000000e8000000, 0x00000000e8000000)
  eden space 87424K,   0% used [0x00000000e0000000, 0x00000000e0000000, 0x00000000e5560000)
  from space 21824K, 100% used [0x00000000e5560000, 0x00000000e6ab0000, 0x00000000e6ab0000)
  to   space 21824K,   0% used [0x00000000e6ab0000, 0x00000000e6ab0000, 0x00000000e8000000)
 concurrent mark-sweep generation total 393216K, used 7223K [0x00000000e8000000, 0x0000000100000000, 0x0000000100000000)
 Metaspace       used 32847K, capacity 33402K, committed 33760K, reserved 1079296K
  class space    used 3543K, capacity 3715K, committed 3836K, reserved 1048576K
}
2017-03-31T04:53:05.810+0200: 46.537: Total time for which application threads were stopped: 0.0374613 seconds, Stopping threads took: 0.0000287 seconds
2017-03-31T04:53:06.811+0200: 47.537: Total time for which application threads were stopped: 0.0001469 seconds, Stopping threads took: 0.0000251 seconds
2017-03-31T04:53:07.811+0200: 48.538: Total time for which application threads were stopped: 0.0002502 seconds, Stopping threads took: 0.0000326 seconds
2017-03-31T04:53:08.812+0200: 49.538: Total time for which application threads were stopped: 0.0001273 seconds, Stopping threads took: 0.0000265 seconds
2017-03-31T04:53:09.814+0200: 50.540: Total time for which application threads were stopped: 0.0000860 seconds, Stopping threads took: 0.0000220 seconds
2017-03-31T04:53:10.815+0200: 51.541: Total time for which application threads were stopped: 0.0000891 seconds, Stopping threads took: 0.0000239 seconds
{Heap before GC invocations=10 (full 1):
 par new generation   total 109248K, used 109248K [0x00000000e0000000, 0x00000000e8000000, 0x00000000e8000000)
  eden space 87424K, 100% used [0x00000000e0000000, 0x00000000e5560000, 0x00000000e5560000)
  from space 21824K, 100% used [0x00000000e5560000, 0x00000000e6ab0000, 0x00000000e6ab0000)
  to   space 21824K,   0% used [0x00000000e6ab0000, 0x00000000e6ab0000, 0x00000000e8000000)
 concurrent mark-sweep generation total 393216K, used 7223K [0x00000000e8000000, 0x0000000100000000, 0x0000000100000000)
 Metaspace       used 32849K, capacity 33402K, committed 33760K, reserved 1079296K
  class space    used 3543K, capacity 3715K, committed 3836K, reserved 1048576K
2017-03-31T04:53:11.188+0200: 51.915: [GC (Allocation Failure) 2017-03-31T04:53:11.188+0200: 51.915: [ParNew
Desired survivor size 20112992 bytes, new threshold 8 (max 8)
- age   1:    5694672 bytes,    5694672 total
- age   2:    3356792 bytes,    9051464 total
- age   3:     268392 bytes,    9319856 total
- age   4:     428176 bytes,    9748032 total
- age   5:     569824 bytes,   10317856 total
- age   6:      68960 bytes,   10386816 total
- age   7:      75872 bytes,   10462688 total
- age   8:    4704872 bytes,   15167560 total
: 109248K->16748K(109248K), 0.0388917 secs] 116471K->24363K(502464K), 0.0389672 secs] [Times: user=0.04 sys=0.01, real=0.04 secs] 
Heap after GC invocations=11 (full 1):
 par new generation   total 109248K, used 16748K [0x00000000e0000000, 0x00000000e8000000, 0x00000000e8000000)
  eden space 87424K,   0% used [0x00000000e0000000, 0x00000000e0000000, 0x00000000e5560000)
  from space 21824K,  76% used [0x00000000e6ab0000, 0x00000000e7b0b360, 0x00000000e8000000)
  to   space 21824K,   0% used [0x00000000e5560000, 0x00000000e5560000, 0x00000000e6ab0000)
 concurrent mark-sweep generation total 393216K, used 7615K [0x00000000e8000000, 0x0000000100000000, 0x0000000100000000)
 Metaspace       used 32849K, capacity 33402K, committed 33760K, reserved 1079296K
  class space    used 3543K, capacity 3715K, committed 3836K, reserved 1048576K
}
2017-03-31T04:53:11.227+0200: 51.954: Total time for which application threads were stopped: 0.0391226 seconds, Stopping threads took: 0.0000199 seconds
2017-03-31T04:53:12.228+0200: 52.954: Total time for which application threads were stopped: 0.0003170 seconds, Stopping threads took: 0.0000728 seconds
2017-03-31T04:53:13.228+0200: 53.955: Total time for which application threads were stopped: 0.0000759 seconds, Stopping threads took: 0.0000208 seconds
2017-03-31T04:53:14.229+0200: 54.955: Total time for which application threads were stopped: 0.0000878 seconds, Stopping threads took: 0.0000248 seconds
2017-03-31T04:53:15.229+0200: 55.956: Total time for which application threads were stopped: 0.0001185 seconds, Stopping threads took: 0.0000292 seconds
{Heap before GC invocations=11 (full 1):
 par new generation   total 109248K, used 104172K [0x00000000e0000000, 0x00000000e8000000, 0x00000000e8000000)
  eden space 87424K, 100% used [0x00000000e0000000, 0x00000000e5560000, 0x00000000e5560000)
  from space 21824K,  76% used [0x00000000e6ab0000, 0x00000000e7b0b360, 0x00000000e8000000)
  to   space 21824K,   0% used [0x00000000e5560000, 0x00000000e5560000, 0x00000000e6ab0000)
 concurrent mark-sweep generation total 393216K, used 7615K [0x00000000e8000000, 0x0000000100000000, 0x0000000100000000)
 Metaspace       used 32855K, capacity 33402K, committed 33760K, reserved 1079296K
  class space    used 3543K, capacity 3715K, committed 3836K, reserved 1048576K
2017-03-31T04:53:15.854+0200: 56.581: [GC (Allocation Failure) 2017-03-31T04:53:15.855+0200: 56.581: [ParNew
Desired survivor size 20112992 bytes, new threshold 8 (max 8)
- age   1:    5831760 bytes,    5831760 total
- age   2:    4519240 bytes,   10351000 total
- age   3:    1782408 bytes,   12133408 total
- age   4:     264032 bytes,   12397440 total
- age   5:     424216 bytes,   12821656 total
- age   6:     567688 bytes,   13389344 total
- age   7:      65328 bytes,   13454672 total
- age   8:      71936 bytes,   13526608 total
: 104172K->21824K(109248K), 0.0610194 secs] 111787K->34065K(502464K), 0.0610869 secs] [Times: user=0.06 sys=0.00, real=0.06 secs] 
Heap after GC invocations=12 (full 1):
 par new generation   total 109248K, used 21824K [0x00000000e0000000, 0x00000000e8000000, 0x00000000e8000000)
  eden space 87424K,   0% used [0x00000000e0000000, 0x00000000e0000000, 0x00000000e5560000)
  from space 21824K, 100% used [0x00000000e5560000, 0x00000000e6ab0000, 0x00000000e6ab0000)
  to   space 21824K,   0% used [0x00000000e6ab0000, 0x00000000e6ab0000, 0x00000000e8000000)
 concurrent mark-sweep generation total 393216K, used 12241K [0x00000000e8000000, 0x0000000100000000, 0x0000000100000000)
 Metaspace       used 32855K, capacity 33402K, committed 33760K, reserved 1079296K
  class space    used 3543K, capacity 3715K, committed 3836K, reserved 1048576K
}
2017-03-31T04:53:15.916+0200: 56.642: Total time for which application threads were stopped: 0.0612785 seconds, Stopping threads took: 0.0000327 seconds
2017-03-31T04:53:16.929+0200: 57.656: Total time for which application threads were stopped: 0.0001812 seconds, Stopping threads took: 0.0000351 seconds
2017-03-31T04:53:17.360+0200: 58.086: Total time for which application threads were stopped: 0.0002534 seconds, Stopping threads took: 0.0000192 seconds
2017-03-31T04:53:17.909+0200: 58.635: Total time for which application threads were stopped: 0.0001552 seconds, Stopping threads took: 0.0000277 seconds
2017-03-31T04:53:17.980+0200: 58.706: Total time for which application threads were stopped: 0.0036839 seconds, Stopping threads took: 0.0035598 seconds
2017-03-31T04:53:17.980+0200: 58.706: Total time for which application threads were stopped: 0.0000495 seconds, Stopping threads took: 0.0000084 seconds
2017-03-31T04:53:17.980+0200: 58.706: Total time for which application threads were stopped: 0.0000432 seconds, Stopping threads took: 0.0000062 seconds
2017-03-31T04:53:18.233+0200: 58.959: Total time for which application threads were stopped: 0.0001018 seconds, Stopping threads took: 0.0000262 seconds
2017-03-31T04:53:18.252+0200: 58.979: Total time for which application threads were stopped: 0.0024138 seconds, Stopping threads took: 0.0023274 seconds
2017-03-31T04:53:18.252+0200: 58.979: Total time for which application threads were stopped: 0.0000497 seconds, Stopping threads took: 0.0000073 seconds
2017-03-31T04:53:18.267+0200: 58.993: Total time for which application threads were stopped: 0.0003739 seconds, Stopping threads took: 0.0003072 seconds
2017-03-31T04:53:18.269+0200: 58.995: Total time for which application threads were stopped: 0.0000832 seconds, Stopping threads took: 0.0000296 seconds
2017-03-31T04:53:19.269+0200: 59.995: Total time for which application threads were stopped: 0.0000774 seconds, Stopping threads took: 0.0000236 seconds
{Heap before GC invocations=12 (full 1):
 par new generation   total 109248K, used 109248K [0x00000000e0000000, 0x00000000e8000000, 0x00000000e8000000)
  eden space 87424K, 100% used [0x00000000e0000000, 0x00000000e5560000, 0x00000000e5560000)
  from space 21824K, 100% used [0x00000000e5560000, 0x00000000e6ab0000, 0x00000000e6ab0000)
  to   space 21824K,   0% used [0x00000000e6ab0000, 0x00000000e6ab0000, 0x00000000e8000000)
 concurrent mark-sweep generation total 393216K, used 12241K [0x00000000e8000000, 0x0000000100000000, 0x0000000100000000)
 Metaspace       used 32878K, capacity 33402K, committed 33760K, reserved 1079296K
  class space    used 3543K, capacity 3715K, committed 3836K, reserved 1048576K
2017-03-31T04:53:19.398+0200: 60.125: [GC (Allocation Failure) 2017-03-31T04:53:19.398+0200: 60.125: [ParNew
Desired survivor size 20112992 bytes, new threshold 8 (max 8)
- age   1:    4099128 bytes,    4099128 total
- age   2:    4176944 bytes,    8276072 total
- age   3:     963888 bytes,    9239960 total
- age   4:    1043904 bytes,   10283864 total
- age   5:     261872 bytes,   10545736 total
- age   6:     421304 bytes,   10967040 total
- age   7:     565936 bytes,   11532976 total
- age   8:      63408 bytes,   11596384 total
: 109248K->15191K(109248K), 0.0355680 secs] 121489K->27499K(502464K), 0.0356573 secs] [Times: user=0.04 sys=0.00, real=0.03 secs] 
Heap after GC invocations=13 (full 1):
 par new generation   total 109248K, used 15191K [0x00000000e0000000, 0x00000000e8000000, 0x00000000e8000000)
  eden space 87424K,   0% used [0x00000000e0000000, 0x00000000e0000000, 0x00000000e5560000)
  from space 21824K,  69% used [0x00000000e6ab0000, 0x00000000e7985c60, 0x00000000e8000000)
  to   space 21824K,   0% used [0x00000000e5560000, 0x00000000e5560000, 0x00000000e6ab0000)
 concurrent mark-sweep generation total 393216K, used 12308K [0x00000000e8000000, 0x0000000100000000, 0x0000000100000000)
 Metaspace       used 32878K, capacity 33402K, committed 33760K, reserved 1079296K
  class space    used 3543K, capacity 3715K, committed 3836K, reserved 1048576K
}
2017-03-31T04:53:19.434+0200: 60.161: Total time for which application threads were stopped: 0.0358859 seconds, Stopping threads took: 0.0000246 seconds
2017-03-31T04:53:20.435+0200: 61.161: Total time for which application threads were stopped: 0.0002028 seconds, Stopping threads took: 0.0000806 seconds
2017-03-31T04:53:21.574+0200: 62.301: Total time for which application threads were stopped: 0.0001058 seconds, Stopping threads took: 0.0000277 seconds
2017-03-31T04:53:21.604+0200: 62.330: Total time for which application threads were stopped: 0.0001458 seconds, Stopping threads took: 0.0000348 seconds
2017-03-31T04:53:21.604+0200: 62.330: Total time for which application threads were stopped: 0.0000547 seconds, Stopping threads took: 0.0000140 seconds
2017-03-31T04:53:21.604+0200: 62.331: Total time for which application threads were stopped: 0.0000448 seconds, Stopping threads took: 0.0000121 seconds
2017-03-31T04:53:21.604+0200: 62.331: Total time for which application threads were stopped: 0.0000439 seconds, Stopping threads took: 0.0000119 seconds
2017-03-31T04:53:21.605+0200: 62.331: Total time for which application threads were stopped: 0.0000479 seconds, Stopping threads took: 0.0000143 seconds
2017-03-31T04:53:21.608+0200: 62.334: Total time for which application threads were stopped: 0.0000938 seconds, Stopping threads took: 0.0000250 seconds
2017-03-31T04:53:21.663+0200: 62.390: Total time for which application threads were stopped: 0.0001157 seconds, Stopping threads took: 0.0000222 seconds
2017-03-31T04:53:21.663+0200: 62.390: Total time for which application threads were stopped: 0.0000451 seconds, Stopping threads took: 0.0000113 seconds
2017-03-31T04:53:21.664+0200: 62.390: Total time for which application threads were stopped: 0.0000411 seconds, Stopping threads took: 0.0000102 seconds
2017-03-31T04:53:21.664+0200: 62.390: Total time for which application threads were stopped: 0.0001124 seconds, Stopping threads took: 0.0000101 seconds
2017-03-31T04:53:21.664+0200: 62.390: Total time for which application threads were stopped: 0.0001169 seconds, Stopping threads took: 0.0000104 seconds
2017-03-31T04:53:21.665+0200: 62.391: Total time for which application threads were stopped: 0.0001063 seconds, Stopping threads took: 0.0000177 seconds
2017-03-31T04:53:21.665+0200: 62.392: Total time for which application threads were stopped: 0.0000585 seconds, Stopping threads took: 0.0000071 seconds
2017-03-31T04:53:21.679+0200: 62.405: Total time for which application threads were stopped: 0.0001131 seconds, Stopping threads took: 0.0000178 seconds
2017-03-31T04:53:21.683+0200: 62.409: Total time for which application threads were stopped: 0.0002809 seconds, Stopping threads took: 0.0000379 seconds
{Heap before GC invocations=13 (full 1):
 par new generation   total 109248K, used 102615K [0x00000000e0000000, 0x00000000e8000000, 0x00000000e8000000)
  eden space 87424K, 100% used [0x00000000e0000000, 0x00000000e5560000, 0x00000000e5560000)
  from space 21824K,  69% used [0x00000000e6ab0000, 0x00000000e7985c60, 0x00000000e8000000)
  to   space 21824K,   0% used [0x00000000e5560000, 0x00000000e5560000, 0x00000000e6ab0000)
 concurrent mark-sweep generation total 393216K, used 12308K [0x00000000e8000000, 0x0000000100000000, 0x0000000100000000)
 Metaspace       used 33131K, capacity 33690K, committed 34016K, reserved 1079296K
  class space    used 3565K, capacity 3747K, committed 3836K, reserved 1048576K
2017-03-31T04:53:22.326+0200: 63.053: [GC (Allocation Failure) 2017-03-31T04:53:22.326+0200: 63.053: [ParNew
Desired survivor size 20112992 bytes, new threshold 8 (max 8)
- age   1:    3301784 bytes,    3301784 total
- age   2:     425648 bytes,    3727432 total
- age   3:     135448 bytes,    3862880 total
- age   4:      81496 bytes,    3944376 total
- age   5:    1001296 bytes,    4945672 total
- age   6:     261368 bytes,    5207040 total
- age   7:     421040 bytes,    5628080 total
- age   8:     488848 bytes,    6116928 total
: 102615K->10090K(109248K), 0.0235715 secs] 114923K->22459K(502464K), 0.0236639 secs] [Times: user=0.02 sys=0.00, real=0.03 secs] 
Heap after GC invocations=14 (full 1):
 par new generation   total 109248K, used 10090K [0x00000000e0000000, 0x00000000e8000000, 0x00000000e8000000)
  eden space 87424K,   0% used [0x00000000e0000000, 0x00000000e0000000, 0x00000000e5560000)
  from space 21824K,  46% used [0x00000000e5560000, 0x00000000e5f3a8e8, 0x00000000e6ab0000)
  to   space 21824K,   0% used [0x00000000e6ab0000, 0x00000000e6ab0000, 0x00000000e8000000)
 concurrent mark-sweep generation total 393216K, used 12369K [0x00000000e8000000, 0x0000000100000000, 0x0000000100000000)
 Metaspace       used 33131K, capacity 33690K, committed 34016K, reserved 1079296K
  class space    used 3565K, capacity 3747K, committed 3836K, reserved 1048576K
}
2017-03-31T04:53:22.350+0200: 63.076: Total time for which application threads were stopped: 0.0242589 seconds, Stopping threads took: 0.0000379 seconds
2017-03-31T04:53:22.365+0200: 63.091: Total time for which application threads were stopped: 0.0057200 seconds, Stopping threads took: 0.0055529 seconds
2017-03-31T04:53:22.519+0200: 63.245: Total time for which application threads were stopped: 0.0001589 seconds, Stopping threads took: 0.0000260 seconds
2017-03-31T04:53:22.519+0200: 63.246: Total time for which application threads were stopped: 0.0000613 seconds, Stopping threads took: 0.0000073 seconds
2017-03-31T04:53:22.521+0200: 63.247: Total time for which application threads were stopped: 0.0000983 seconds, Stopping threads took: 0.0000264 seconds
2017-03-31T04:53:22.521+0200: 63.247: Total time for which application threads were stopped: 0.0000516 seconds, Stopping threads took: 0.0000124 seconds
2017-03-31T04:53:22.521+0200: 63.248: Total time for which application threads were stopped: 0.0000548 seconds, Stopping threads took: 0.0000127 seconds
2017-03-31T04:53:22.521+0200: 63.248: Total time for which application threads were stopped: 0.0000434 seconds, Stopping threads took: 0.0000118 seconds
2017-03-31T04:53:22.521+0200: 63.248: Total time for which application threads were stopped: 0.0000495 seconds, Stopping threads took: 0.0000106 seconds
2017-03-31T04:53:22.522+0200: 63.248: Total time for which application threads were stopped: 0.0000449 seconds, Stopping threads took: 0.0000124 seconds
2017-03-31T04:53:22.522+0200: 63.248: Total time for which application threads were stopped: 0.0000445 seconds, Stopping threads took: 0.0000122 seconds
2017-03-31T04:53:22.522+0200: 63.248: Total time for which application threads were stopped: 0.0000443 seconds, Stopping threads took: 0.0000123 seconds
2017-03-31T04:53:23.522+0200: 64.249: Total time for which application threads were stopped: 0.0000774 seconds, Stopping threads took: 0.0000220 seconds
2017-03-31T04:54:33.025+0200: 133.752: Total time for which application threads were stopped: 0.0001397 seconds, Stopping threads took: 0.0000299 seconds
2017-03-31T04:54:33.030+0200: 133.756: Total time for which application threads were stopped: 0.0009667 seconds, Stopping threads took: 0.0000220 seconds
2017-03-31T04:54:33.081+0200: 133.808: Total time for which application threads were stopped: 0.0003633 seconds, Stopping threads took: 0.0000966 seconds
2017-03-31T04:54:33.097+0200: 133.823: Total time for which application threads were stopped: 0.0007103 seconds, Stopping threads took: 0.0000256 seconds
2017-03-31T04:54:33.485+0200: 134.212: Total time for which application threads were stopped: 0.0002140 seconds, Stopping threads took: 0.0000267 seconds
2017-03-31T04:54:34.485+0200: 135.212: Total time for which application threads were stopped: 0.0000912 seconds, Stopping threads took: 0.0000227 seconds
2017-03-31T04:54:42.448+0200: 143.175: Total time for which application threads were stopped: 0.0001341 seconds, Stopping threads took: 0.0000283 seconds
2017-03-31T04:54:42.453+0200: 143.180: Total time for which application threads were stopped: 0.0001069 seconds, Stopping threads took: 0.0000256 seconds
2017-03-31T04:54:42.455+0200: 143.181: Total time for which application threads were stopped: 0.0001068 seconds, Stopping threads took: 0.0000260 seconds
2017-03-31T04:54:42.455+0200: 143.182: Total time for which application threads were stopped: 0.0001698 seconds, Stopping threads took: 0.0000146 seconds
2017-03-31T04:54:43.456+0200: 144.183: Total time for which application threads were stopped: 0.0001101 seconds, Stopping threads took: 0.0000296 seconds
2017-03-31T04:56:34.670+0200: 255.396: Total time for which application threads were stopped: 0.0001249 seconds, Stopping threads took: 0.0000396 seconds
2017-03-31T04:56:34.670+0200: 255.396: Total time for which application threads were stopped: 0.0000507 seconds, Stopping threads took: 0.0000130 seconds
2017-03-31T04:56:34.671+0200: 255.398: Total time for which application threads were stopped: 0.0000890 seconds, Stopping threads took: 0.0000157 seconds
2017-03-31T04:56:34.680+0200: 255.407: Total time for which application threads were stopped: 0.0001094 seconds, Stopping threads took: 0.0000285 seconds
2017-03-31T04:56:34.711+0200: 255.437: Total time for which application threads were stopped: 0.0001091 seconds, Stopping threads took: 0.0000290 seconds
2017-03-31T04:56:34.712+0200: 255.438: Total time for which application threads were stopped: 0.0001272 seconds, Stopping threads took: 0.0000247 seconds
2017-03-31T04:56:34.712+0200: 255.438: Total time for which application threads were stopped: 0.0000614 seconds, Stopping threads took: 0.0000075 seconds
2017-03-31T04:56:34.713+0200: 255.440: Total time for which application threads were stopped: 0.0000804 seconds, Stopping threads took: 0.0000223 seconds
2017-03-31T04:56:34.714+0200: 255.440: Total time for which application threads were stopped: 0.0000710 seconds, Stopping threads took: 0.0000159 seconds
2017-03-31T04:56:34.714+0200: 255.440: Total time for which application threads were stopped: 0.0000429 seconds, Stopping threads took: 0.0000109 seconds
2017-03-31T04:56:34.714+0200: 255.440: Total time for which application threads were stopped: 0.0000437 seconds, Stopping threads took: 0.0000107 seconds
2017-03-31T04:56:34.741+0200: 255.468: Total time for which application threads were stopped: 0.0000967 seconds, Stopping threads took: 0.0000167 seconds
2017-03-31T04:56:34.742+0200: 255.468: Total time for which application threads were stopped: 0.0000491 seconds, Stopping threads took: 0.0000077 seconds
2017-03-31T04:56:34.781+0200: 255.508: Total time for which application threads were stopped: 0.0001528 seconds, Stopping threads took: 0.0000174 seconds
2017-03-31T04:56:34.784+0200: 255.510: Total time for which application threads were stopped: 0.0001038 seconds, Stopping threads took: 0.0000277 seconds
2017-03-31T04:56:34.810+0200: 255.536: Total time for which application threads were stopped: 0.0001273 seconds, Stopping threads took: 0.0000306 seconds
2017-03-31T04:56:34.812+0200: 255.538: Total time for which application threads were stopped: 0.0001276 seconds, Stopping threads took: 0.0000231 seconds
2017-03-31T04:56:34.812+0200: 255.539: Total time for which application threads were stopped: 0.0000613 seconds, Stopping threads took: 0.0000076 seconds
2017-03-31T04:56:34.813+0200: 255.540: Total time for which application threads were stopped: 0.0000749 seconds, Stopping threads took: 0.0000199 seconds
2017-03-31T04:56:34.813+0200: 255.540: Total time for which application threads were stopped: 0.0000430 seconds, Stopping threads took: 0.0000115 seconds
2017-03-31T04:56:34.813+0200: 255.540: Total time for which application threads were stopped: 0.0000421 seconds, Stopping threads took: 0.0000108 seconds
2017-03-31T04:56:34.814+0200: 255.540: Total time for which application threads were stopped: 0.0000405 seconds, Stopping threads took: 0.0000102 seconds
2017-03-31T04:56:34.840+0200: 255.566: Total time for which application threads were stopped: 0.0000791 seconds, Stopping threads took: 0.0000174 seconds
2017-03-31T04:56:34.840+0200: 255.566: Total time for which application threads were stopped: 0.0000481 seconds, Stopping threads took: 0.0000081 seconds
2017-03-31T04:56:34.854+0200: 255.580: Total time for which application threads were stopped: 0.0000842 seconds, Stopping threads took: 0.0000177 seconds
2017-03-31T04:56:34.859+0200: 255.585: Total time for which application threads were stopped: 0.0000904 seconds, Stopping threads took: 0.0000262 seconds
2017-03-31T04:56:34.889+0200: 255.615: Total time for which application threads were stopped: 0.0001056 seconds, Stopping threads took: 0.0000224 seconds
2017-03-31T04:56:34.892+0200: 255.618: Total time for which application threads were stopped: 0.0001356 seconds, Stopping threads took: 0.0000284 seconds
2017-03-31T04:56:34.892+0200: 255.619: Total time for which application threads were stopped: 0.0000610 seconds, Stopping threads took: 0.0000073 seconds
2017-03-31T04:56:34.893+0200: 255.620: Total time for which application threads were stopped: 0.0000850 seconds, Stopping threads took: 0.0000232 seconds
2017-03-31T04:56:34.894+0200: 255.621: Total time for which application threads were stopped: 0.0000682 seconds, Stopping threads took: 0.0000113 seconds
2017-03-31T04:56:34.895+0200: 255.621: Total time for which application threads were stopped: 0.0000571 seconds, Stopping threads took: 0.0000143 seconds
2017-03-31T04:56:34.895+0200: 255.621: Total time for which application threads were stopped: 0.0000419 seconds, Stopping threads took: 0.0000106 seconds
2017-03-31T04:56:34.895+0200: 255.621: Total time for which application threads were stopped: 0.0000412 seconds, Stopping threads took: 0.0000105 seconds
2017-03-31T04:56:34.924+0200: 255.650: Total time for which application threads were stopped: 0.0000793 seconds, Stopping threads took: 0.0000177 seconds
2017-03-31T04:56:34.924+0200: 255.650: Total time for which application threads were stopped: 0.0000451 seconds, Stopping threads took: 0.0000074 seconds
2017-03-31T04:56:34.933+0200: 255.660: Total time for which application threads were stopped: 0.0000798 seconds, Stopping threads took: 0.0000161 seconds
2017-03-31T04:56:34.935+0200: 255.662: Total time for which application threads were stopped: 0.0000937 seconds, Stopping threads took: 0.0000253 seconds
2017-03-31T04:56:34.956+0200: 255.682: Total time for which application threads were stopped: 0.0000932 seconds, Stopping threads took: 0.0000233 seconds
2017-03-31T04:56:34.962+0200: 255.688: Total time for which application threads were stopped: 0.0001291 seconds, Stopping threads took: 0.0000250 seconds
2017-03-31T04:56:34.962+0200: 255.688: Total time for which application threads were stopped: 0.0001127 seconds, Stopping threads took: 0.0000074 seconds
2017-03-31T04:56:34.964+0200: 255.691: Total time for which application threads were stopped: 0.0000984 seconds, Stopping threads took: 0.0000279 seconds
2017-03-31T04:56:34.964+0200: 255.691: Total time for which application threads were stopped: 0.0000522 seconds, Stopping threads took: 0.0000120 seconds
2017-03-31T04:56:34.965+0200: 255.691: Total time for which application threads were stopped: 0.0000471 seconds, Stopping threads took: 0.0000125 seconds
2017-03-31T04:56:34.965+0200: 255.691: Total time for which application threads were stopped: 0.0000437 seconds, Stopping threads took: 0.0000109 seconds
2017-03-31T04:56:34.965+0200: 255.691: Total time for which application threads were stopped: 0.0000420 seconds, Stopping threads took: 0.0000103 seconds
2017-03-31T04:56:34.965+0200: 255.691: Total time for which application threads were stopped: 0.0000458 seconds, Stopping threads took: 0.0000113 seconds
2017-03-31T04:56:34.991+0200: 255.717: Total time for which application threads were stopped: 0.0000812 seconds, Stopping threads took: 0.0000176 seconds
2017-03-31T04:56:34.991+0200: 255.718: Total time for which application threads were stopped: 0.0000449 seconds, Stopping threads took: 0.0000078 seconds
2017-03-31T04:56:35.013+0200: 255.739: Total time for which application threads were stopped: 0.0000833 seconds, Stopping threads took: 0.0000164 seconds
2017-03-31T04:56:35.015+0200: 255.742: Total time for which application threads were stopped: 0.0000964 seconds, Stopping threads took: 0.0000263 seconds
2017-03-31T04:56:35.042+0200: 255.769: Total time for which application threads were stopped: 0.0010414 seconds, Stopping threads took: 0.0009699 seconds
2017-03-31T04:56:35.046+0200: 255.772: Total time for which application threads were stopped: 0.0020872 seconds, Stopping threads took: 0.0020021 seconds
2017-03-31T04:56:35.046+0200: 255.772: Total time for which application threads were stopped: 0.0000563 seconds, Stopping threads took: 0.0000065 seconds
2017-03-31T04:56:35.047+0200: 255.773: Total time for which application threads were stopped: 0.0000726 seconds, Stopping threads took: 0.0000164 seconds
2017-03-31T04:56:35.047+0200: 255.773: Total time for which application threads were stopped: 0.0000370 seconds, Stopping threads took: 0.0000064 seconds
2017-03-31T04:56:35.050+0200: 255.776: Total time for which application threads were stopped: 0.0000929 seconds, Stopping threads took: 0.0000177 seconds
2017-03-31T04:56:35.050+0200: 255.776: Total time for which application threads were stopped: 0.0000398 seconds, Stopping threads took: 0.0000065 seconds
2017-03-31T04:56:35.050+0200: 255.776: Total time for which application threads were stopped: 0.0000377 seconds, Stopping threads took: 0.0000061 seconds
2017-03-31T04:56:35.076+0200: 255.802: Total time for which application threads were stopped: 0.0000813 seconds, Stopping threads took: 0.0000186 seconds
2017-03-31T04:56:35.076+0200: 255.803: Total time for which application threads were stopped: 0.0000482 seconds, Stopping threads took: 0.0000077 seconds
2017-03-31T04:56:35.093+0200: 255.819: Total time for which application threads were stopped: 0.0000821 seconds, Stopping threads took: 0.0000173 seconds
2017-03-31T04:56:35.095+0200: 255.821: Total time for which application threads were stopped: 0.0000923 seconds, Stopping threads took: 0.0000265 seconds
2017-03-31T04:56:35.124+0200: 255.850: Total time for which application threads were stopped: 0.0001716 seconds, Stopping threads took: 0.0000252 seconds
2017-03-31T04:56:35.128+0200: 255.854: Total time for which application threads were stopped: 0.0001344 seconds, Stopping threads took: 0.0000268 seconds
2017-03-31T04:56:35.128+0200: 255.855: Total time for which application threads were stopped: 0.0000609 seconds, Stopping threads took: 0.0000073 seconds
2017-03-31T04:56:35.129+0200: 255.856: Total time for which application threads were stopped: 0.0000877 seconds, Stopping threads took: 0.0000189 seconds
2017-03-31T04:56:35.130+0200: 255.856: Total time for which application threads were stopped: 0.0000436 seconds, Stopping threads took: 0.0000112 seconds
2017-03-31T04:56:35.130+0200: 255.856: Total time for which application threads were stopped: 0.0000419 seconds, Stopping threads took: 0.0000109 seconds
2017-03-31T04:56:35.153+0200: 255.879: Total time for which application threads were stopped: 0.0001010 seconds, Stopping threads took: 0.0000205 seconds
2017-03-31T04:56:35.153+0200: 255.880: Total time for which application threads were stopped: 0.0000738 seconds, Stopping threads took: 0.0000124 seconds
2017-03-31T04:56:35.171+0200: 255.897: Total time for which application threads were stopped: 0.0000833 seconds, Stopping threads took: 0.0000172 seconds
2017-03-31T04:56:35.173+0200: 255.899: Total time for which application threads were stopped: 0.0000928 seconds, Stopping threads took: 0.0000265 seconds
2017-03-31T04:56:35.195+0200: 255.921: Total time for which application threads were stopped: 0.0000924 seconds, Stopping threads took: 0.0000216 seconds
2017-03-31T04:56:35.195+0200: 255.921: Total time for which application threads were stopped: 0.0000446 seconds, Stopping threads took: 0.0000116 seconds
2017-03-31T04:56:35.196+0200: 255.923: Total time for which application threads were stopped: 0.0001169 seconds, Stopping threads took: 0.0000210 seconds
2017-03-31T04:56:35.197+0200: 255.923: Total time for which application threads were stopped: 0.0000677 seconds, Stopping threads took: 0.0000071 seconds
2017-03-31T04:56:35.202+0200: 255.928: Total time for which application threads were stopped: 0.0001646 seconds, Stopping threads took: 0.0000495 seconds
2017-03-31T04:56:35.204+0200: 255.930: Total time for which application threads were stopped: 0.0001217 seconds, Stopping threads took: 0.0000563 seconds
2017-03-31T04:56:35.204+0200: 255.930: Total time for which application threads were stopped: 0.0000445 seconds, Stopping threads took: 0.0000115 seconds
2017-03-31T04:56:35.204+0200: 255.931: Total time for which application threads were stopped: 0.0000417 seconds, Stopping threads took: 0.0000103 seconds
2017-03-31T04:56:35.234+0200: 255.960: Total time for which application threads were stopped: 0.0000899 seconds, Stopping threads took: 0.0000177 seconds
2017-03-31T04:56:35.235+0200: 255.961: Total time for which application threads were stopped: 0.0001267 seconds, Stopping threads took: 0.0000144 seconds
2017-03-31T04:56:35.358+0200: 256.084: Total time for which application threads were stopped: 0.0002216 seconds, Stopping threads took: 0.0000187 seconds
{Heap before GC invocations=14 (full 1):
 par new generation   total 109248K, used 97500K [0x00000000e0000000, 0x00000000e8000000, 0x00000000e8000000)
  eden space 87424K,  99% used [0x00000000e0000000, 0x00000000e555c9f8, 0x00000000e5560000)
  from space 21824K,  46% used [0x00000000e5560000, 0x00000000e5f3a8e8, 0x00000000e6ab0000)
  to   space 21824K,   0% used [0x00000000e6ab0000, 0x00000000e6ab0000, 0x00000000e8000000)
 concurrent mark-sweep generation total 393216K, used 12369K [0x00000000e8000000, 0x0000000100000000, 0x0000000100000000)
 Metaspace       used 33639K, capacity 34204K, committed 34528K, reserved 1079296K
  class space    used 3616K, capacity 3782K, committed 3836K, reserved 1048576K
2017-03-31T04:56:35.360+0200: 256.086: [GC (Allocation Failure) 2017-03-31T04:56:35.360+0200: 256.086: [ParNew
Desired survivor size 20112992 bytes, new threshold 8 (max 8)
- age   1:    2527912 bytes,    2527912 total
- age   2:      33312 bytes,    2561224 total
- age   3:     106816 bytes,    2668040 total
- age   4:      67328 bytes,    2735368 total
- age   5:      77368 bytes,    2812736 total
- age   6:      35824 bytes,    2848560 total
- age   7:      32592 bytes,    2881152 total
- age   8:      66688 bytes,    2947840 total
: 97500K->4402K(109248K), 0.0203973 secs] 109870K->16971K(502464K), 0.0204641 secs] [Times: user=0.02 sys=0.00, real=0.02 secs] 
Heap after GC invocations=15 (full 1):
 par new generation   total 109248K, used 4402K [0x00000000e0000000, 0x00000000e8000000, 0x00000000e8000000)
  eden space 87424K,   0% used [0x00000000e0000000, 0x00000000e0000000, 0x00000000e5560000)
  from space 21824K,  20% used [0x00000000e6ab0000, 0x00000000e6efc910, 0x00000000e8000000)
  to   space 21824K,   0% used [0x00000000e5560000, 0x00000000e5560000, 0x00000000e6ab0000)
 concurrent mark-sweep generation total 393216K, used 12568K [0x00000000e8000000, 0x0000000100000000, 0x0000000100000000)
 Metaspace       used 33639K, capacity 34204K, committed 34528K, reserved 1079296K
  class space    used 3616K, capacity 3782K, committed 3836K, reserved 1048576K
}
2017-03-31T04:56:35.380+0200: 256.106: Total time for which application threads were stopped: 0.0206718 seconds, Stopping threads took: 0.0000306 seconds
2017-03-31T04:56:35.383+0200: 256.109: Total time for which application threads were stopped: 0.0003809 seconds, Stopping threads took: 0.0003153 seconds
2017-03-31T04:56:35.403+0200: 256.129: Total time for which application threads were stopped: 0.0001004 seconds, Stopping threads took: 0.0000221 seconds
2017-03-31T04:56:35.412+0200: 256.138: Total time for which application threads were stopped: 0.0001379 seconds, Stopping threads took: 0.0000273 seconds
2017-03-31T04:56:35.412+0200: 256.139: Total time for which application threads were stopped: 0.0000634 seconds, Stopping threads took: 0.0000075 seconds
2017-03-31T04:56:35.415+0200: 256.141: Total time for which application threads were stopped: 0.0000999 seconds, Stopping threads took: 0.0000277 seconds
2017-03-31T04:56:35.415+0200: 256.141: Total time for which application threads were stopped: 0.0000431 seconds, Stopping threads took: 0.0000111 seconds
2017-03-31T04:56:35.415+0200: 256.142: Total time for which application threads were stopped: 0.0000442 seconds, Stopping threads took: 0.0000122 seconds
2017-03-31T04:56:35.415+0200: 256.142: Total time for which application threads were stopped: 0.0000417 seconds, Stopping threads took: 0.0000107 seconds
2017-03-31T04:56:35.415+0200: 256.142: Total time for which application threads were stopped: 0.0000407 seconds, Stopping threads took: 0.0000104 seconds
2017-03-31T04:56:35.439+0200: 256.165: Total time for which application threads were stopped: 0.0000809 seconds, Stopping threads took: 0.0000178 seconds
2017-03-31T04:56:35.439+0200: 256.165: Total time for which application threads were stopped: 0.0000445 seconds, Stopping threads took: 0.0000076 seconds
2017-03-31T04:56:35.460+0200: 256.186: Total time for which application threads were stopped: 0.0000808 seconds, Stopping threads took: 0.0000173 seconds
2017-03-31T04:56:35.462+0200: 256.188: Total time for which application threads were stopped: 0.0000990 seconds, Stopping threads took: 0.0000274 seconds
2017-03-31T04:56:35.467+0200: 256.194: Total time for which application threads were stopped: 0.0003087 seconds, Stopping threads took: 0.0001396 seconds
2017-03-31T04:56:35.482+0200: 256.208: Total time for which application threads were stopped: 0.0007979 seconds, Stopping threads took: 0.0000880 seconds
2017-03-31T04:56:35.490+0200: 256.216: Total time for which application threads were stopped: 0.0051775 seconds, Stopping threads took: 0.0049957 seconds
2017-03-31T04:56:35.490+0200: 256.216: Total time for which application threads were stopped: 0.0000482 seconds, Stopping threads took: 0.0000094 seconds
2017-03-31T04:56:35.491+0200: 256.217: Total time for which application threads were stopped: 0.0000849 seconds, Stopping threads took: 0.0000108 seconds
2017-03-31T04:56:35.491+0200: 256.218: Total time for which application threads were stopped: 0.0000671 seconds, Stopping threads took: 0.0000084 seconds
2017-03-31T04:56:35.492+0200: 256.219: Total time for which application threads were stopped: 0.0000783 seconds, Stopping threads took: 0.0000128 seconds
2017-03-31T04:56:35.493+0200: 256.219: Total time for which application threads were stopped: 0.0000428 seconds, Stopping threads took: 0.0000074 seconds
2017-03-31T04:56:35.536+0200: 256.262: Total time for which application threads were stopped: 0.0076559 seconds, Stopping threads took: 0.0075473 seconds
2017-03-31T04:56:35.536+0200: 256.263: Total time for which application threads were stopped: 0.0000535 seconds, Stopping threads took: 0.0000096 seconds
2017-03-31T04:56:35.557+0200: 256.284: Total time for which application threads were stopped: 0.0068592 seconds, Stopping threads took: 0.0067542 seconds
2017-03-31T04:56:35.562+0200: 256.288: Total time for which application threads were stopped: 0.0000997 seconds, Stopping threads took: 0.0000256 seconds
2017-03-31T04:56:35.590+0200: 256.317: Total time for which application threads were stopped: 0.0020955 seconds, Stopping threads took: 0.0020164 seconds
2017-03-31T04:56:35.608+0200: 256.334: Total time for which application threads were stopped: 0.0108219 seconds, Stopping threads took: 0.0106957 seconds
2017-03-31T04:56:35.609+0200: 256.336: Total time for which application threads were stopped: 0.0001020 seconds, Stopping threads took: 0.0000155 seconds
2017-03-31T04:56:35.621+0200: 256.347: Total time for which application threads were stopped: 0.0021237 seconds, Stopping threads took: 0.0020254 seconds
2017-03-31T04:56:35.621+0200: 256.347: Total time for which application threads were stopped: 0.0000465 seconds, Stopping threads took: 0.0000080 seconds
2017-03-31T04:56:35.621+0200: 256.347: Total time for which application threads were stopped: 0.0000474 seconds, Stopping threads took: 0.0000072 seconds
2017-03-31T04:56:35.621+0200: 256.348: Total time for which application threads were stopped: 0.0000437 seconds, Stopping threads took: 0.0000063 seconds
2017-03-31T04:56:35.657+0200: 256.383: Total time for which application threads were stopped: 0.0009665 seconds, Stopping threads took: 0.0008903 seconds
2017-03-31T04:56:35.657+0200: 256.383: Total time for which application threads were stopped: 0.0000515 seconds, Stopping threads took: 0.0000092 seconds
2017-03-31T04:56:35.670+0200: 256.397: Total time for which application threads were stopped: 0.0001818 seconds, Stopping threads took: 0.0001066 seconds
2017-03-31T04:56:35.677+0200: 256.403: Total time for which application threads were stopped: 0.0001157 seconds, Stopping threads took: 0.0000310 seconds
2017-03-31T04:56:35.699+0200: 256.426: Total time for which application threads were stopped: 0.0001653 seconds, Stopping threads took: 0.0000380 seconds
2017-03-31T04:56:35.704+0200: 256.430: Total time for which application threads were stopped: 0.0024847 seconds, Stopping threads took: 0.0023623 seconds
2017-03-31T04:56:35.704+0200: 256.430: Total time for which application threads were stopped: 0.0000725 seconds, Stopping threads took: 0.0000098 seconds
2017-03-31T04:56:35.706+0200: 256.433: Total time for which application threads were stopped: 0.0001027 seconds, Stopping threads took: 0.0000284 seconds
2017-03-31T04:56:35.708+0200: 256.434: Total time for which application threads were stopped: 0.0001669 seconds, Stopping threads took: 0.0000266 seconds
2017-03-31T04:56:35.708+0200: 256.435: Total time for which application threads were stopped: 0.0000540 seconds, Stopping threads took: 0.0000135 seconds
2017-03-31T04:56:35.708+0200: 256.435: Total time for which application threads were stopped: 0.0000457 seconds, Stopping threads took: 0.0000112 seconds
2017-03-31T04:56:35.708+0200: 256.435: Total time for which application threads were stopped: 0.0000448 seconds, Stopping threads took: 0.0000108 seconds
2017-03-31T04:56:35.710+0200: 256.436: Total time for which application threads were stopped: 0.0000848 seconds, Stopping threads took: 0.0000241 seconds
2017-03-31T04:56:35.746+0200: 256.472: Total time for which application threads were stopped: 0.0001239 seconds, Stopping threads took: 0.0000528 seconds
2017-03-31T04:56:35.748+0200: 256.474: Total time for which application threads were stopped: 0.0003268 seconds, Stopping threads took: 0.0002587 seconds
2017-03-31T04:56:35.763+0200: 256.489: Total time for which application threads were stopped: 0.0001405 seconds, Stopping threads took: 0.0000646 seconds
2017-03-31T04:56:35.799+0200: 256.525: Total time for which application threads were stopped: 0.0059516 seconds, Stopping threads took: 0.0058271 seconds
2017-03-31T04:56:35.805+0200: 256.531: Total time for which application threads were stopped: 0.0001167 seconds, Stopping threads took: 0.0000182 seconds
2017-03-31T04:56:35.806+0200: 256.533: Total time for which application threads were stopped: 0.0000881 seconds, Stopping threads took: 0.0000157 seconds
2017-03-31T04:56:35.807+0200: 256.533: Total time for which application threads were stopped: 0.0000677 seconds, Stopping threads took: 0.0000091 seconds
2017-03-31T04:56:35.807+0200: 256.533: Total time for which application threads were stopped: 0.0000432 seconds, Stopping threads took: 0.0000068 seconds
2017-03-31T04:56:35.843+0200: 256.569: Total time for which application threads were stopped: 0.0014780 seconds, Stopping threads took: 0.0013832 seconds
2017-03-31T04:56:35.843+0200: 256.569: Total time for which application threads were stopped: 0.0000618 seconds, Stopping threads took: 0.0000113 seconds
2017-03-31T04:56:35.869+0200: 256.595: Total time for which application threads were stopped: 0.0047750 seconds, Stopping threads took: 0.0046985 seconds
2017-03-31T04:56:35.896+0200: 256.622: Total time for which application threads were stopped: 0.0045112 seconds, Stopping threads took: 0.0043754 seconds
2017-03-31T04:56:35.896+0200: 256.623: Total time for which application threads were stopped: 0.0000728 seconds, Stopping threads took: 0.0000092 seconds
2017-03-31T04:56:35.898+0200: 256.625: Total time for which application threads were stopped: 0.0000892 seconds, Stopping threads took: 0.0000178 seconds
2017-03-31T04:56:35.898+0200: 256.625: Total time for which application threads were stopped: 0.0000418 seconds, Stopping threads took: 0.0000066 seconds
2017-03-31T04:56:35.899+0200: 256.625: Total time for which application threads were stopped: 0.0000381 seconds, Stopping threads took: 0.0000059 seconds
2017-03-31T04:56:35.899+0200: 256.625: Total time for which application threads were stopped: 0.0000382 seconds, Stopping threads took: 0.0000063 seconds
2017-03-31T04:56:35.951+0200: 256.678: Total time for which application threads were stopped: 0.0078575 seconds, Stopping threads took: 0.0077163 seconds
2017-03-31T04:56:35.952+0200: 256.678: Total time for which application threads were stopped: 0.0000828 seconds, Stopping threads took: 0.0000129 seconds
2017-03-31T04:56:35.984+0200: 256.710: Total time for which application threads were stopped: 0.0050375 seconds, Stopping threads took: 0.0049208 seconds
2017-03-31T04:56:36.031+0200: 256.757: Total time for which application threads were stopped: 0.0028694 seconds, Stopping threads took: 0.0026806 seconds
2017-03-31T04:56:36.031+0200: 256.758: Total time for which application threads were stopped: 0.0001305 seconds, Stopping threads took: 0.0000098 seconds
2017-03-31T04:56:36.032+0200: 256.758: Total time for which application threads were stopped: 0.0000412 seconds, Stopping threads took: 0.0000063 seconds
2017-03-31T04:56:36.032+0200: 256.758: Total time for which application threads were stopped: 0.0000941 seconds, Stopping threads took: 0.0000057 seconds
2017-03-31T04:56:36.032+0200: 256.758: Total time for which application threads were stopped: 0.0000405 seconds, Stopping threads took: 0.0000064 seconds
2017-03-31T04:56:36.073+0200: 256.799: Total time for which application threads were stopped: 0.0058507 seconds, Stopping threads took: 0.0057712 seconds
2017-03-31T04:56:36.073+0200: 256.800: Total time for which application threads were stopped: 0.0000586 seconds, Stopping threads took: 0.0000103 seconds
{Heap before GC invocations=15 (full 1):
 par new generation   total 109248K, used 91826K [0x00000000e0000000, 0x00000000e8000000, 0x00000000e8000000)
  eden space 87424K, 100% used [0x00000000e0000000, 0x00000000e5560000, 0x00000000e5560000)
  from space 21824K,  20% used [0x00000000e6ab0000, 0x00000000e6efc910, 0x00000000e8000000)
  to   space 21824K,   0% used [0x00000000e5560000, 0x00000000e5560000, 0x00000000e6ab0000)
 concurrent mark-sweep generation total 393216K, used 12568K [0x00000000e8000000, 0x0000000100000000, 0x0000000100000000)
 Metaspace       used 33731K, capacity 34336K, committed 34528K, reserved 1079296K
  class space    used 3618K, capacity 3782K, committed 3836K, reserved 1048576K
2017-03-31T04:56:36.084+0200: 256.811: [GC (Allocation Failure) 2017-03-31T04:56:36.084+0200: 256.811: [ParNew
Desired survivor size 20112992 bytes, new threshold 8 (max 8)
- age   1:    3602904 bytes,    3602904 total
- age   2:    1361952 bytes,    4964856 total
- age   3:      30120 bytes,    4994976 total
- age   4:      32760 bytes,    5027736 total
- age   5:      57368 bytes,    5085104 total
- age   6:      77320 bytes,    5162424 total
- age   7:      35272 bytes,    5197696 total
- age   8:      32544 bytes,    5230240 total
: 91826K->6197K(109248K), 0.0297328 secs] 104395K->18831K(502464K), 0.0297856 secs] [Times: user=0.03 sys=0.00, real=0.03 secs] 
Heap after GC invocations=16 (full 1):
 par new generation   total 109248K, used 6197K [0x00000000e0000000, 0x00000000e8000000, 0x00000000e8000000)
  eden space 87424K,   0% used [0x00000000e0000000, 0x00000000e0000000, 0x00000000e5560000)
  from space 21824K,  28% used [0x00000000e5560000, 0x00000000e5b6d6e0, 0x00000000e6ab0000)
  to   space 21824K,   0% used [0x00000000e6ab0000, 0x00000000e6ab0000, 0x00000000e8000000)
 concurrent mark-sweep generation total 393216K, used 12634K [0x00000000e8000000, 0x0000000100000000, 0x0000000100000000)
 Metaspace       used 33731K, capacity 34336K, committed 34528K, reserved 1079296K
  class space    used 3618K, capacity 3782K, committed 3836K, reserved 1048576K
}
2017-03-31T04:56:36.114+0200: 256.840: Total time for which application threads were stopped: 0.0299817 seconds, Stopping threads took: 0.0000321 seconds
2017-03-31T04:56:36.117+0200: 256.843: Total time for which application threads were stopped: 0.0010663 seconds, Stopping threads took: 0.0008924 seconds
2017-03-31T04:56:36.117+0200: 256.844: Total time for which application threads were stopped: 0.0001017 seconds, Stopping threads took: 0.0000074 seconds
2017-03-31T04:56:36.123+0200: 256.849: Total time for which application threads were stopped: 0.0001149 seconds, Stopping threads took: 0.0000324 seconds
2017-03-31T04:56:36.160+0200: 256.886: Total time for which application threads were stopped: 0.0008899 seconds, Stopping threads took: 0.0008034 seconds
2017-03-31T04:56:36.160+0200: 256.886: Total time for which application threads were stopped: 0.0000495 seconds, Stopping threads took: 0.0000130 seconds
2017-03-31T04:56:36.160+0200: 256.886: Total time for which application threads were stopped: 0.0000447 seconds, Stopping threads took: 0.0000110 seconds
2017-03-31T04:56:36.160+0200: 256.886: Total time for which application threads were stopped: 0.0000435 seconds, Stopping threads took: 0.0000107 seconds
2017-03-31T04:56:36.160+0200: 256.886: Total time for which application threads were stopped: 0.0000437 seconds, Stopping threads took: 0.0000105 seconds
2017-03-31T04:56:36.160+0200: 256.886: Total time for which application threads were stopped: 0.0000433 seconds, Stopping threads took: 0.0000104 seconds
2017-03-31T04:56:36.165+0200: 256.891: Total time for which application threads were stopped: 0.0001077 seconds, Stopping threads took: 0.0000249 seconds
2017-03-31T04:56:36.170+0200: 256.896: Total time for which application threads were stopped: 0.0007273 seconds, Stopping threads took: 0.0006425 seconds
2017-03-31T04:56:36.172+0200: 256.898: Total time for which application threads were stopped: 0.0001167 seconds, Stopping threads took: 0.0000350 seconds
2017-03-31T04:56:36.172+0200: 256.898: Total time for which application threads were stopped: 0.0000456 seconds, Stopping threads took: 0.0000071 seconds
2017-03-31T04:56:36.209+0200: 256.935: Total time for which application threads were stopped: 0.0028301 seconds, Stopping threads took: 0.0027399 seconds
2017-03-31T04:56:36.210+0200: 256.936: Total time for which application threads were stopped: 0.0000802 seconds, Stopping threads took: 0.0000162 seconds
2017-03-31T04:56:36.231+0200: 256.958: Total time for which application threads were stopped: 0.0021171 seconds, Stopping threads took: 0.0020436 seconds
2017-03-31T04:56:36.271+0200: 256.998: Total time for which application threads were stopped: 0.0043263 seconds, Stopping threads took: 0.0042374 seconds
2017-03-31T04:56:36.272+0200: 256.998: Total time for which application threads were stopped: 0.0001116 seconds, Stopping threads took: 0.0000071 seconds
2017-03-31T04:56:36.272+0200: 256.998: Total time for which application threads were stopped: 0.0000401 seconds, Stopping threads took: 0.0000059 seconds
2017-03-31T04:56:36.272+0200: 256.998: Total time for which application threads were stopped: 0.0000403 seconds, Stopping threads took: 0.0000064 seconds
2017-03-31T04:56:36.309+0200: 257.035: Total time for which application threads were stopped: 0.0039301 seconds, Stopping threads took: 0.0038278 seconds
2017-03-31T04:56:36.309+0200: 257.036: Total time for which application threads were stopped: 0.0000678 seconds, Stopping threads took: 0.0000130 seconds
2017-03-31T04:56:36.330+0200: 257.056: Total time for which application threads were stopped: 0.0085774 seconds, Stopping threads took: 0.0084762 seconds
2017-03-31T04:56:36.368+0200: 257.094: Total time for which application threads were stopped: 0.0081626 seconds, Stopping threads took: 0.0080643 seconds
2017-03-31T04:56:36.368+0200: 257.094: Total time for which application threads were stopped: 0.0000438 seconds, Stopping threads took: 0.0000087 seconds
2017-03-31T04:56:36.368+0200: 257.094: Total time for which application threads were stopped: 0.0000376 seconds, Stopping threads took: 0.0000061 seconds
2017-03-31T04:56:36.368+0200: 257.094: Total time for which application threads were stopped: 0.0000383 seconds, Stopping threads took: 0.0000064 seconds
2017-03-31T04:56:36.404+0200: 257.130: Total time for which application threads were stopped: 0.0081118 seconds, Stopping threads took: 0.0080264 seconds
2017-03-31T04:56:36.404+0200: 257.131: Total time for which application threads were stopped: 0.0001284 seconds, Stopping threads took: 0.0000102 seconds
2017-03-31T04:56:36.448+0200: 257.175: Total time for which application threads were stopped: 0.0098579 seconds, Stopping threads took: 0.0097682 seconds
2017-03-31T04:56:36.489+0200: 257.215: Total time for which application threads were stopped: 0.0058658 seconds, Stopping threads took: 0.0057840 seconds
2017-03-31T04:56:36.492+0200: 257.218: Total time for which application threads were stopped: 0.0000890 seconds, Stopping threads took: 0.0000187 seconds
2017-03-31T04:56:36.492+0200: 257.218: Total time for which application threads were stopped: 0.0000449 seconds, Stopping threads took: 0.0000071 seconds
2017-03-31T04:56:36.492+0200: 257.218: Total time for which application threads were stopped: 0.0000410 seconds, Stopping threads took: 0.0000069 seconds
2017-03-31T04:56:36.555+0200: 257.282: Total time for which application threads were stopped: 0.0001404 seconds, Stopping threads took: 0.0000656 seconds
2017-03-31T04:56:36.561+0200: 257.288: Total time for which application threads were stopped: 0.0003830 seconds, Stopping threads took: 0.0001615 seconds
2017-03-31T04:56:36.578+0200: 257.304: Total time for which application threads were stopped: 0.0020938 seconds, Stopping threads took: 0.0020195 seconds
2017-03-31T04:56:36.582+0200: 257.309: Total time for which application threads were stopped: 0.0001944 seconds, Stopping threads took: 0.0001138 seconds
2017-03-31T04:56:36.582+0200: 257.309: Total time for which application threads were stopped: 0.0000426 seconds, Stopping threads took: 0.0000071 seconds
2017-03-31T04:56:36.583+0200: 257.309: Total time for which application threads were stopped: 0.0000391 seconds, Stopping threads took: 0.0000060 seconds
2017-03-31T04:56:36.583+0200: 257.309: Total time for which application threads were stopped: 0.0000407 seconds, Stopping threads took: 0.0000064 seconds
2017-03-31T04:56:36.632+0200: 257.358: Total time for which application threads were stopped: 0.0000864 seconds, Stopping threads took: 0.0000315 seconds
2017-03-31T04:56:36.652+0200: 257.378: Total time for which application threads were stopped: 0.0001188 seconds, Stopping threads took: 0.0000288 seconds
2017-03-31T04:56:36.722+0200: 257.448: Total time for which application threads were stopped: 0.0001185 seconds, Stopping threads took: 0.0000350 seconds
2017-03-31T04:56:36.722+0200: 257.448: Total time for which application threads were stopped: 0.0000463 seconds, Stopping threads took: 0.0000111 seconds
2017-03-31T04:56:36.722+0200: 257.448: Total time for which application threads were stopped: 0.0000432 seconds, Stopping threads took: 0.0000105 seconds
2017-03-31T04:56:36.722+0200: 257.448: Total time for which application threads were stopped: 0.0000440 seconds, Stopping threads took: 0.0000106 seconds
2017-03-31T04:56:36.771+0200: 257.498: Total time for which application threads were stopped: 0.0001055 seconds, Stopping threads took: 0.0000266 seconds
2017-03-31T04:56:36.771+0200: 257.498: Total time for which application threads were stopped: 0.0000501 seconds, Stopping threads took: 0.0000129 seconds
{Heap before GC invocations=16 (full 1):
 par new generation   total 109248K, used 93621K [0x00000000e0000000, 0x00000000e8000000, 0x00000000e8000000)
  eden space 87424K, 100% used [0x00000000e0000000, 0x00000000e5560000, 0x00000000e5560000)
  from space 21824K,  28% used [0x00000000e5560000, 0x00000000e5b6d6e0, 0x00000000e6ab0000)
  to   space 21824K,   0% used [0x00000000e6ab0000, 0x00000000e6ab0000, 0x00000000e8000000)
 concurrent mark-sweep generation total 393216K, used 12634K [0x00000000e8000000, 0x0000000100000000, 0x0000000100000000)
 Metaspace       used 33798K, capacity 34400K, committed 34784K, reserved 1081344K
  class space    used 3619K, capacity 3782K, committed 3836K, reserved 1048576K
2017-03-31T04:56:36.797+0200: 257.523: [GC (Allocation Failure) 2017-03-31T04:56:36.797+0200: 257.523: [ParNew
Desired survivor size 20112992 bytes, new threshold 8 (max 8)
- age   1:    2466464 bytes,    2466464 total
- age   2:    2235480 bytes,    4701944 total
- age   3:      88584 bytes,    4790528 total
- age   4:      29960 bytes,    4820488 total
- age   5:      31696 bytes,    4852184 total
- age   6:      57320 bytes,    4909504 total
- age   7:      77248 bytes,    4986752 total
- age   8:      35272 bytes,    5022024 total
: 93621K->6835K(109248K), 0.0201234 secs] 106255K->19501K(502464K), 0.0201825 secs] [Times: user=0.02 sys=0.00, real=0.01 secs] 
Heap after GC invocations=17 (full 1):
 par new generation   total 109248K, used 6835K [0x00000000e0000000, 0x00000000e8000000, 0x00000000e8000000)
  eden space 87424K,   0% used [0x00000000e0000000, 0x00000000e0000000, 0x00000000e5560000)
  from space 21824K,  31% used [0x00000000e6ab0000, 0x00000000e715ce70, 0x00000000e8000000)
  to   space 21824K,   0% used [0x00000000e5560000, 0x00000000e5560000, 0x00000000e6ab0000)
 concurrent mark-sweep generation total 393216K, used 12665K [0x00000000e8000000, 0x0000000100000000, 0x0000000100000000)
 Metaspace       used 33798K, capacity 34400K, committed 34784K, reserved 1081344K
  class space    used 3619K, capacity 3782K, committed 3836K, reserved 1048576K
}
2017-03-31T04:56:36.817+0200: 257.543: Total time for which application threads were stopped: 0.0203427 seconds, Stopping threads took: 0.0000236 seconds
2017-03-31T04:56:36.820+0200: 257.547: Total time for which application threads were stopped: 0.0002110 seconds, Stopping threads took: 0.0001281 seconds
2017-03-31T04:56:36.820+0200: 257.547: Total time for which application threads were stopped: 0.0000457 seconds, Stopping threads took: 0.0000120 seconds
2017-03-31T04:56:36.820+0200: 257.547: Total time for which application threads were stopped: 0.0000418 seconds, Stopping threads took: 0.0000105 seconds
2017-03-31T04:56:36.820+0200: 257.547: Total time for which application threads were stopped: 0.0000434 seconds, Stopping threads took: 0.0000109 seconds
2017-03-31T04:56:36.846+0200: 257.572: Total time for which application threads were stopped: 0.0000838 seconds, Stopping threads took: 0.0000179 seconds
2017-03-31T04:56:36.846+0200: 257.573: Total time for which application threads were stopped: 0.0000440 seconds, Stopping threads took: 0.0000071 seconds
2017-03-31T04:56:36.862+0200: 257.589: Total time for which application threads were stopped: 0.0001033 seconds, Stopping threads took: 0.0000281 seconds
2017-03-31T04:56:36.882+0200: 257.609: Total time for which application threads were stopped: 0.0001650 seconds, Stopping threads took: 0.0000253 seconds
2017-03-31T04:56:36.882+0200: 257.609: Total time for which application threads were stopped: 0.0000480 seconds, Stopping threads took: 0.0000121 seconds
2017-03-31T04:56:36.882+0200: 257.609: Total time for which application threads were stopped: 0.0000423 seconds, Stopping threads took: 0.0000110 seconds
2017-03-31T04:56:36.882+0200: 257.609: Total time for which application threads were stopped: 0.0000432 seconds, Stopping threads took: 0.0000112 seconds
2017-03-31T04:56:36.922+0200: 257.649: Total time for which application threads were stopped: 0.0000953 seconds, Stopping threads took: 0.0000271 seconds
2017-03-31T04:56:36.948+0200: 257.674: Total time for which application threads were stopped: 0.0000942 seconds, Stopping threads took: 0.0000261 seconds
2017-03-31T04:56:36.948+0200: 257.674: Total time for which application threads were stopped: 0.0000430 seconds, Stopping threads took: 0.0000110 seconds
2017-03-31T04:56:36.948+0200: 257.674: Total time for which application threads were stopped: 0.0000417 seconds, Stopping threads took: 0.0000105 seconds
2017-03-31T04:56:36.948+0200: 257.675: Total time for which application threads were stopped: 0.0000431 seconds, Stopping threads took: 0.0000110 seconds
2017-03-31T04:56:36.986+0200: 257.712: Total time for which application threads were stopped: 0.0001083 seconds, Stopping threads took: 0.0000266 seconds
2017-03-31T04:56:37.012+0200: 257.738: Total time for which application threads were stopped: 0.0001039 seconds, Stopping threads took: 0.0000283 seconds
2017-03-31T04:56:37.012+0200: 257.738: Total time for which application threads were stopped: 0.0000750 seconds, Stopping threads took: 0.0000127 seconds
2017-03-31T04:56:37.012+0200: 257.738: Total time for which application threads were stopped: 0.0000462 seconds, Stopping threads took: 0.0000118 seconds
2017-03-31T04:56:37.012+0200: 257.739: Total time for which application threads were stopped: 0.0000592 seconds, Stopping threads took: 0.0000167 seconds
2017-03-31T04:56:37.013+0200: 257.739: Total time for which application threads were stopped: 0.0000836 seconds, Stopping threads took: 0.0000218 seconds
2017-03-31T04:56:37.013+0200: 257.739: Total time for which application threads were stopped: 0.0000775 seconds, Stopping threads took: 0.0000203 seconds
2017-03-31T04:56:37.056+0200: 257.782: Total time for which application threads were stopped: 0.0000942 seconds, Stopping threads took: 0.0000264 seconds
2017-03-31T04:56:37.083+0200: 257.809: Total time for which application threads were stopped: 0.0002122 seconds, Stopping threads took: 0.0000268 seconds
2017-03-31T04:56:37.083+0200: 257.809: Total time for which application threads were stopped: 0.0000556 seconds, Stopping threads took: 0.0000131 seconds
2017-03-31T04:56:37.083+0200: 257.809: Total time for which application threads were stopped: 0.0000425 seconds, Stopping threads took: 0.0000108 seconds
2017-03-31T04:56:37.083+0200: 257.809: Total time for which application threads were stopped: 0.0001140 seconds, Stopping threads took: 0.0000113 seconds
2017-03-31T04:56:37.122+0200: 257.848: Total time for which application threads were stopped: 0.0001267 seconds, Stopping threads took: 0.0000556 seconds
2017-03-31T04:56:37.153+0200: 257.879: Total time for which application threads were stopped: 0.0001520 seconds, Stopping threads took: 0.0000255 seconds
2017-03-31T04:56:37.153+0200: 257.879: Total time for which application threads were stopped: 0.0000474 seconds, Stopping threads took: 0.0000122 seconds
2017-03-31T04:56:37.153+0200: 257.879: Total time for which application threads were stopped: 0.0000420 seconds, Stopping threads took: 0.0000106 seconds
2017-03-31T04:56:37.196+0200: 257.923: Total time for which application threads were stopped: 0.0002373 seconds, Stopping threads took: 0.0000380 seconds
2017-03-31T04:56:37.199+0200: 257.926: Total time for which application threads were stopped: 0.0003435 seconds, Stopping threads took: 0.0000296 seconds
2017-03-31T04:56:37.222+0200: 257.948: Total time for which application threads were stopped: 0.0033843 seconds, Stopping threads took: 0.0032975 seconds
2017-03-31T04:56:37.222+0200: 257.948: Total time for which application threads were stopped: 0.0000474 seconds, Stopping threads took: 0.0000081 seconds
2017-03-31T04:56:37.222+0200: 257.948: Total time for which application threads were stopped: 0.0000383 seconds, Stopping threads took: 0.0000058 seconds
2017-03-31T04:56:37.314+0200: 258.041: Total time for which application threads were stopped: 0.0025010 seconds, Stopping threads took: 0.0024183 seconds
2017-03-31T04:56:37.314+0200: 258.041: Total time for which application threads were stopped: 0.0000424 seconds, Stopping threads took: 0.0000073 seconds
2017-03-31T04:56:37.314+0200: 258.041: Total time for which application threads were stopped: 0.0000380 seconds, Stopping threads took: 0.0000057 seconds
2017-03-31T04:56:37.416+0200: 258.143: Total time for which application threads were stopped: 0.0021359 seconds, Stopping threads took: 0.0020351 seconds
2017-03-31T04:56:37.417+0200: 258.143: Total time for which application threads were stopped: 0.0000447 seconds, Stopping threads took: 0.0000078 seconds
2017-03-31T04:56:37.417+0200: 258.143: Total time for which application threads were stopped: 0.0000417 seconds, Stopping threads took: 0.0000061 seconds
2017-03-31T04:56:37.504+0200: 258.230: Total time for which application threads were stopped: 0.0024853 seconds, Stopping threads took: 0.0023997 seconds
2017-03-31T04:56:37.504+0200: 258.231: Total time for which application threads were stopped: 0.0000478 seconds, Stopping threads took: 0.0000083 seconds
2017-03-31T04:56:37.504+0200: 258.231: Total time for which application threads were stopped: 0.0000432 seconds, Stopping threads took: 0.0000068 seconds
{Heap before GC invocations=17 (full 1):
 par new generation   total 109248K, used 94259K [0x00000000e0000000, 0x00000000e8000000, 0x00000000e8000000)
  eden space 87424K, 100% used [0x00000000e0000000, 0x00000000e5560000, 0x00000000e5560000)
  from space 21824K,  31% used [0x00000000e6ab0000, 0x00000000e715ce70, 0x00000000e8000000)
  to   space 21824K,   0% used [0x00000000e5560000, 0x00000000e5560000, 0x00000000e6ab0000)
 concurrent mark-sweep generation total 393216K, used 12665K [0x00000000e8000000, 0x0000000100000000, 0x0000000100000000)
 Metaspace       used 33866K, capacity 34404K, committed 34784K, reserved 1081344K
  class space    used 3619K, capacity 3782K, committed 3836K, reserved 1048576K
2017-03-31T04:56:37.581+0200: 258.308: [GC (Allocation Failure) 2017-03-31T04:56:37.581+0200: 258.308: [ParNew
Desired survivor size 20112992 bytes, new threshold 8 (max 8)
- age   1:    3894280 bytes,    3894280 total
- age   2:    1829096 bytes,    5723376 total
- age   3:    1932776 bytes,    7656152 total
- age   4:      88328 bytes,    7744480 total
- age   5:      29912 bytes,    7774392 total
- age   6:      31480 bytes,    7805872 total
- age   7:      57104 bytes,    7862976 total
- age   8:      77152 bytes,    7940128 total
: 94259K->9150K(109248K), 0.0226433 secs] 106925K->21851K(502464K), 0.0226951 secs] [Times: user=0.02 sys=0.00, real=0.02 secs] 
Heap after GC invocations=18 (full 1):
 par new generation   total 109248K, used 9150K [0x00000000e0000000, 0x00000000e8000000, 0x00000000e8000000)
  eden space 87424K,   0% used [0x00000000e0000000, 0x00000000e0000000, 0x00000000e5560000)
  from space 21824K,  41% used [0x00000000e5560000, 0x00000000e5e4fb88, 0x00000000e6ab0000)
  to   space 21824K,   0% used [0x00000000e6ab0000, 0x00000000e6ab0000, 0x00000000e8000000)
 concurrent mark-sweep generation total 393216K, used 12700K [0x00000000e8000000, 0x0000000100000000, 0x0000000100000000)
 Metaspace       used 33866K, capacity 34404K, committed 34784K, reserved 1081344K
  class space    used 3619K, capacity 3782K, committed 3836K, reserved 1048576K
}
2017-03-31T04:56:37.604+0200: 258.330: Total time for which application threads were stopped: 0.0229213 seconds, Stopping threads took: 0.0000419 seconds
2017-03-31T04:56:37.636+0200: 258.362: Total time for which application threads were stopped: 0.0049071 seconds, Stopping threads took: 0.0048052 seconds
2017-03-31T04:56:37.636+0200: 258.362: Total time for which application threads were stopped: 0.0000478 seconds, Stopping threads took: 0.0000094 seconds
2017-03-31T04:56:37.636+0200: 258.362: Total time for which application threads were stopped: 0.0000386 seconds, Stopping threads took: 0.0000060 seconds
2017-03-31T04:56:37.721+0200: 258.447: Total time for which application threads were stopped: 0.0047917 seconds, Stopping threads took: 0.0046537 seconds
2017-03-31T04:56:37.721+0200: 258.447: Total time for which application threads were stopped: 0.0000797 seconds, Stopping threads took: 0.0000145 seconds
2017-03-31T04:56:37.721+0200: 258.447: Total time for which application threads were stopped: 0.0000720 seconds, Stopping threads took: 0.0000117 seconds
2017-03-31T04:56:37.810+0200: 258.536: Total time for which application threads were stopped: 0.0022960 seconds, Stopping threads took: 0.0021202 seconds
2017-03-31T04:56:37.810+0200: 258.536: Total time for which application threads were stopped: 0.0000431 seconds, Stopping threads took: 0.0000069 seconds
2017-03-31T04:56:37.810+0200: 258.537: Total time for which application threads were stopped: 0.0000973 seconds, Stopping threads took: 0.0000059 seconds
2017-03-31T04:56:37.904+0200: 258.630: Total time for which application threads were stopped: 0.0020176 seconds, Stopping threads took: 0.0019343 seconds
2017-03-31T04:56:37.996+0200: 258.723: Total time for which application threads were stopped: 0.0021554 seconds, Stopping threads took: 0.0020586 seconds
2017-03-31T04:56:38.093+0200: 258.819: Total time for which application threads were stopped: 0.0001861 seconds, Stopping threads took: 0.0000286 seconds
2017-03-31T04:56:38.093+0200: 258.820: Total time for which application threads were stopped: 0.0000499 seconds, Stopping threads took: 0.0000126 seconds
2017-03-31T04:56:38.151+0200: 258.877: Total time for which application threads were stopped: 0.0002088 seconds, Stopping threads took: 0.0000430 seconds
{Heap before GC invocations=18 (full 1):
 par new generation   total 109248K, used 96574K [0x00000000e0000000, 0x00000000e8000000, 0x00000000e8000000)
  eden space 87424K, 100% used [0x00000000e0000000, 0x00000000e5560000, 0x00000000e5560000)
  from space 21824K,  41% used [0x00000000e5560000, 0x00000000e5e4fb88, 0x00000000e6ab0000)
  to   space 21824K,   0% used [0x00000000e6ab0000, 0x00000000e6ab0000, 0x00000000e8000000)
 concurrent mark-sweep generation total 393216K, used 12700K [0x00000000e8000000, 0x0000000100000000, 0x0000000100000000)
 Metaspace       used 33898K, capacity 34468K, committed 34784K, reserved 1081344K
  class space    used 3619K, capacity 3782K, committed 3836K, reserved 1048576K
2017-03-31T04:56:38.157+0200: 258.883: [GC (Allocation Failure) 2017-03-31T04:56:38.157+0200: 258.883: [ParNew
Desired survivor size 20112992 bytes, new threshold 8 (max 8)
- age   1:    3036136 bytes,    3036136 total
- age   2:    3106632 bytes,    6142768 total
- age   3:    1744520 bytes,    7887288 total
- age   4:    1932776 bytes,    9820064 total
- age   5:      88328 bytes,    9908392 total
- age   6:      29888 bytes,    9938280 total
- age   7:      31456 bytes,    9969736 total
- age   8:      57032 bytes,   10026768 total
: 96574K->13038K(109248K), 0.0212707 secs] 109275K->25814K(502464K), 0.0213448 secs] [Times: user=0.02 sys=0.00, real=0.01 secs] 
Heap after GC invocations=19 (full 1):
 par new generation   total 109248K, used 13038K [0x00000000e0000000, 0x00000000e8000000, 0x00000000e8000000)
  eden space 87424K,   0% used [0x00000000e0000000, 0x00000000e0000000, 0x00000000e5560000)
  from space 21824K,  59% used [0x00000000e6ab0000, 0x00000000e776bbc0, 0x00000000e8000000)
  to   space 21824K,   0% used [0x00000000e5560000, 0x00000000e5560000, 0x00000000e6ab0000)
 concurrent mark-sweep generation total 393216K, used 12775K [0x00000000e8000000, 0x0000000100000000, 0x0000000100000000)
 Metaspace       used 33898K, capacity 34468K, committed 34784K, reserved 1081344K
  class space    used 3619K, capacity 3782K, committed 3836K, reserved 1048576K
}
2017-03-31T04:56:38.178+0200: 258.905: Total time for which application threads were stopped: 0.0215068 seconds, Stopping threads took: 0.0000267 seconds
2017-03-31T04:56:38.185+0200: 258.911: Total time for which application threads were stopped: 0.0001419 seconds, Stopping threads took: 0.0000274 seconds
2017-03-31T04:56:38.234+0200: 258.960: Total time for which application threads were stopped: 0.0001317 seconds, Stopping threads took: 0.0000294 seconds
2017-03-31T04:56:38.234+0200: 258.961: Total time for which application threads were stopped: 0.0000696 seconds, Stopping threads took: 0.0000137 seconds
2017-03-31T04:56:38.235+0200: 258.961: Total time for which application threads were stopped: 0.0000759 seconds, Stopping threads took: 0.0000150 seconds
2017-03-31T04:56:38.236+0200: 258.962: Total time for which application threads were stopped: 0.0001785 seconds, Stopping threads took: 0.0000177 seconds
2017-03-31T04:56:38.236+0200: 258.962: Total time for which application threads were stopped: 0.0000723 seconds, Stopping threads took: 0.0000143 seconds
2017-03-31T04:56:38.236+0200: 258.963: Total time for which application threads were stopped: 0.0000614 seconds, Stopping threads took: 0.0000121 seconds
2017-03-31T04:56:38.236+0200: 258.963: Total time for which application threads were stopped: 0.0000601 seconds, Stopping threads took: 0.0000117 seconds
2017-03-31T04:56:38.237+0200: 258.963: Total time for which application threads were stopped: 0.0001710 seconds, Stopping threads took: 0.0000176 seconds
2017-03-31T04:56:38.245+0200: 258.972: Total time for which application threads were stopped: 0.0047208 seconds, Stopping threads took: 0.0046344 seconds
2017-03-31T04:56:38.321+0200: 259.048: Total time for which application threads were stopped: 0.0000999 seconds, Stopping threads took: 0.0000257 seconds
2017-03-31T04:56:38.344+0200: 259.070: Total time for which application threads were stopped: 0.0000860 seconds, Stopping threads took: 0.0000182 seconds
2017-03-31T04:56:38.344+0200: 259.070: Total time for which application threads were stopped: 0.0001054 seconds, Stopping threads took: 0.0000074 seconds
2017-03-31T04:56:38.378+0200: 259.105: Total time for which application threads were stopped: 0.0000986 seconds, Stopping threads took: 0.0000245 seconds
2017-03-31T04:56:38.443+0200: 259.169: Total time for which application threads were stopped: 0.0001027 seconds, Stopping threads took: 0.0000276 seconds
2017-03-31T04:56:38.509+0200: 259.235: Total time for which application threads were stopped: 0.0001005 seconds, Stopping threads took: 0.0000253 seconds
2017-03-31T04:56:38.575+0200: 259.302: Total time for which application threads were stopped: 0.0001489 seconds, Stopping threads took: 0.0000598 seconds
2017-03-31T04:56:38.646+0200: 259.372: Total time for which application threads were stopped: 0.0001035 seconds, Stopping threads took: 0.0000257 seconds
2017-03-31T04:56:38.716+0200: 259.443: Total time for which application threads were stopped: 0.0001019 seconds, Stopping threads took: 0.0000270 seconds
2017-03-31T04:56:38.766+0200: 259.493: Total time for which application threads were stopped: 0.0005304 seconds, Stopping threads took: 0.0002561 seconds
2017-03-31T04:56:38.789+0200: 259.516: Total time for which application threads were stopped: 0.0034195 seconds, Stopping threads took: 0.0033300 seconds
2017-03-31T04:56:38.864+0200: 259.590: Total time for which application threads were stopped: 0.0040622 seconds, Stopping threads took: 0.0039698 seconds
2017-03-31T04:56:38.954+0200: 259.680: Total time for which application threads were stopped: 0.0021400 seconds, Stopping threads took: 0.0020572 seconds
{Heap before GC invocations=19 (full 1):
 par new generation   total 109248K, used 100461K [0x00000000e0000000, 0x00000000e8000000, 0x00000000e8000000)
  eden space 87424K,  99% used [0x00000000e0000000, 0x00000000e555f9f8, 0x00000000e5560000)
  from space 21824K,  59% used [0x00000000e6ab0000, 0x00000000e776bbc0, 0x00000000e8000000)
  to   space 21824K,   0% used [0x00000000e5560000, 0x00000000e5560000, 0x00000000e6ab0000)
 concurrent mark-sweep generation total 393216K, used 12775K [0x00000000e8000000, 0x0000000100000000, 0x0000000100000000)
 Metaspace       used 33922K, capacity 34468K, committed 34784K, reserved 1081344K
  class space    used 3619K, capacity 3782K, committed 3836K, reserved 1048576K
2017-03-31T04:56:38.960+0200: 259.686: [GC (Allocation Failure) 2017-03-31T04:56:38.964+0200: 259.690: [ParNew
Desired survivor size 20112992 bytes, new threshold 8 (max 8)
- age   1:    3511568 bytes,    3511568 total
- age   2:    1543528 bytes,    5055096 total
- age   3:    1621264 bytes,    6676360 total
- age   4:      10240 bytes,    6686600 total
- age   5:      13024 bytes,    6699624 total
- age   6:      88136 bytes,    6787760 total
- age   7:      29864 bytes,    6817624 total
- age   8:      31360 bytes,    6848984 total
: 100461K->9278K(109248K), 0.0385079 secs] 113237K->22111K(502464K), 0.0424969 secs] [Times: user=0.03 sys=0.00, real=0.04 secs] 
Heap after GC invocations=20 (full 1):
 par new generation   total 109248K, used 9278K [0x00000000e0000000, 0x00000000e8000000, 0x00000000e8000000)
  eden space 87424K,   0% used [0x00000000e0000000, 0x00000000e0000000, 0x00000000e5560000)
  from space 21824K,  42% used [0x00000000e5560000, 0x00000000e5e6f878, 0x00000000e6ab0000)
  to   space 21824K,   0% used [0x00000000e6ab0000, 0x00000000e6ab0000, 0x00000000e8000000)
 concurrent mark-sweep generation total 393216K, used 12833K [0x00000000e8000000, 0x0000000100000000, 0x0000000100000000)
 Metaspace       used 33922K, capacity 34468K, committed 34784K, reserved 1081344K
  class space    used 3619K, capacity 3782K, committed 3836K, reserved 1048576K
}
2017-03-31T04:56:39.002+0200: 259.729: Total time for which application threads were stopped: 0.0434418 seconds, Stopping threads took: 0.0005242 seconds
2017-03-31T04:56:39.072+0200: 259.798: Total time for which application threads were stopped: 0.0055601 seconds, Stopping threads took: 0.0054670 seconds
2017-03-31T04:56:39.162+0200: 259.888: Total time for which application threads were stopped: 0.0022988 seconds, Stopping threads took: 0.0022138 seconds
2017-03-31T04:56:39.260+0200: 259.987: Total time for which application threads were stopped: 0.0061148 seconds, Stopping threads took: 0.0060083 seconds
2017-03-31T04:56:39.353+0200: 260.079: Total time for which application threads were stopped: 0.0048238 seconds, Stopping threads took: 0.0047168 seconds
{Heap before GC invocations=20 (full 1):
 par new generation   total 109248K, used 96702K [0x00000000e0000000, 0x00000000e8000000, 0x00000000e8000000)
  eden space 87424K, 100% used [0x00000000e0000000, 0x00000000e5560000, 0x00000000e5560000)
  from space 21824K,  42% used [0x00000000e5560000, 0x00000000e5e6f878, 0x00000000e6ab0000)
  to   space 21824K,   0% used [0x00000000e6ab0000, 0x00000000e6ab0000, 0x00000000e8000000)
 concurrent mark-sweep generation total 393216K, used 12833K [0x00000000e8000000, 0x0000000100000000, 0x0000000100000000)
 Metaspace       used 33951K, capacity 34468K, committed 34784K, reserved 1081344K
  class space    used 3619K, capacity 3782K, committed 3836K, reserved 1048576K
2017-03-31T04:56:39.418+0200: 260.145: [GC (Allocation Failure) 2017-03-31T04:56:39.418+0200: 260.145: [ParNew
Desired survivor size 20112992 bytes, new threshold 8 (max 8)
- age   1:    2544152 bytes,    2544152 total
- age   2:    2913720 bytes,    5457872 total
- age   3:    1537600 bytes,    6995472 total
- age   4:    1621008 bytes,    8616480 total
- age   5:      10112 bytes,    8626592 total
- age   6:      13024 bytes,    8639616 total
- age   7:      88136 bytes,    8727752 total
- age   8:      29840 bytes,    8757592 total
: 96702K->11500K(109248K), 0.0291831 secs] 109535K->24364K(502464K), 0.0292495 secs] [Times: user=0.03 sys=0.00, real=0.02 secs] 
Heap after GC invocations=21 (full 1):
 par new generation   total 109248K, used 11500K [0x00000000e0000000, 0x00000000e8000000, 0x00000000e8000000)
  eden space 87424K,   0% used [0x00000000e0000000, 0x00000000e0000000, 0x00000000e5560000)
  from space 21824K,  52% used [0x00000000e6ab0000, 0x00000000e75eb380, 0x00000000e8000000)
  to   space 21824K,   0% used [0x00000000e5560000, 0x00000000e5560000, 0x00000000e6ab0000)
 concurrent mark-sweep generation total 393216K, used 12863K [0x00000000e8000000, 0x0000000100000000, 0x0000000100000000)
 Metaspace       used 33951K, capacity 34468K, committed 34784K, reserved 1081344K
  class space    used 3619K, capacity 3782K, committed 3836K, reserved 1048576K
}
2017-03-31T04:56:39.447+0200: 260.174: Total time for which application threads were stopped: 0.0328186 seconds, Stopping threads took: 0.0034374 seconds
2017-03-31T04:56:39.487+0200: 260.213: Total time for which application threads were stopped: 0.0069747 seconds, Stopping threads took: 0.0068805 seconds
2017-03-31T04:56:39.487+0200: 260.213: Total time for which application threads were stopped: 0.0000438 seconds, Stopping threads took: 0.0000084 seconds
2017-03-31T04:56:39.487+0200: 260.213: Total time for which application threads were stopped: 0.0000373 seconds, Stopping threads took: 0.0000056 seconds
2017-03-31T04:56:39.487+0200: 260.213: Total time for which application threads were stopped: 0.0000369 seconds, Stopping threads took: 0.0000059 seconds
2017-03-31T04:56:39.487+0200: 260.213: Total time for which application threads were stopped: 0.0000359 seconds, Stopping threads took: 0.0000054 seconds
2017-03-31T04:56:39.487+0200: 260.213: Total time for which application threads were stopped: 0.0000360 seconds, Stopping threads took: 0.0000055 seconds
2017-03-31T04:56:39.487+0200: 260.213: Total time for which application threads were stopped: 0.0000357 seconds, Stopping threads took: 0.0000055 seconds
2017-03-31T04:56:39.487+0200: 260.213: Total time for which application threads were stopped: 0.0000379 seconds, Stopping threads took: 0.0000056 seconds
2017-03-31T04:56:39.487+0200: 260.213: Total time for which application threads were stopped: 0.0000388 seconds, Stopping threads took: 0.0000059 seconds
2017-03-31T04:56:39.487+0200: 260.213: Total time for which application threads were stopped: 0.0000371 seconds, Stopping threads took: 0.0000058 seconds
2017-03-31T04:56:39.489+0200: 260.215: Total time for which application threads were stopped: 0.0000932 seconds, Stopping threads took: 0.0000177 seconds
2017-03-31T04:56:39.544+0200: 260.270: Total time for which application threads were stopped: 0.0000933 seconds, Stopping threads took: 0.0000238 seconds
2017-03-31T04:56:39.608+0200: 260.334: Total time for which application threads were stopped: 0.0001056 seconds, Stopping threads took: 0.0000258 seconds
2017-03-31T04:56:39.654+0200: 260.380: Total time for which application threads were stopped: 0.0003568 seconds, Stopping threads took: 0.0000925 seconds
2017-03-31T04:56:39.672+0200: 260.398: Total time for which application threads were stopped: 0.0002444 seconds, Stopping threads took: 0.0001631 seconds
2017-03-31T04:56:39.676+0200: 260.402: Total time for which application threads were stopped: 0.0001062 seconds, Stopping threads took: 0.0000213 seconds
2017-03-31T04:56:39.710+0200: 260.437: Total time for which application threads were stopped: 0.0049270 seconds, Stopping threads took: 0.0048434 seconds
2017-03-31T04:56:39.763+0200: 260.490: Total time for which application threads were stopped: 0.0021925 seconds, Stopping threads took: 0.0020294 seconds
{Heap before GC invocations=21 (full 1):
 par new generation   total 109248K, used 98924K [0x00000000e0000000, 0x00000000e8000000, 0x00000000e8000000)
  eden space 87424K, 100% used [0x00000000e0000000, 0x00000000e5560000, 0x00000000e5560000)
  from space 21824K,  52% used [0x00000000e6ab0000, 0x00000000e75eb380, 0x00000000e8000000)
  to   space 21824K,   0% used [0x00000000e5560000, 0x00000000e5560000, 0x00000000e6ab0000)
 concurrent mark-sweep generation total 393216K, used 12863K [0x00000000e8000000, 0x0000000100000000, 0x0000000100000000)
 Metaspace       used 33954K, capacity 34468K, committed 34784K, reserved 1081344K
  class space    used 3619K, capacity 3782K, committed 3836K, reserved 1048576K
2017-03-31T04:56:40.050+0200: 260.776: [GC (Allocation Failure) 2017-03-31T04:56:40.050+0200: 260.776: [ParNew
Desired survivor size 20112992 bytes, new threshold 8 (max 8)
- age   1:    4545480 bytes,    4545480 total
- age   2:    2131112 bytes,    6676592 total
- age   3:    1200192 bytes,    7876784 total
- age   4:       6720 bytes,    7883504 total
- age   5:      12168 bytes,    7895672 total
- age   6:      10112 bytes,    7905784 total
- age   7:      13024 bytes,    7918808 total
- age   8:      88136 bytes,    8006944 total
: 98924K->10413K(109248K), 0.0343386 secs] 111788K->23307K(502464K), 0.0343973 secs] [Times: user=0.04 sys=0.00, real=0.03 secs] 
Heap after GC invocations=22 (full 1):
 par new generation   total 109248K, used 10413K [0x00000000e0000000, 0x00000000e8000000, 0x00000000e8000000)
  eden space 87424K,   0% used [0x00000000e0000000, 0x00000000e0000000, 0x00000000e5560000)
  from space 21824K,  47% used [0x00000000e5560000, 0x00000000e5f8b700, 0x00000000e6ab0000)
  to   space 21824K,   0% used [0x00000000e6ab0000, 0x00000000e6ab0000, 0x00000000e8000000)
 concurrent mark-sweep generation total 393216K, used 12893K [0x00000000e8000000, 0x0000000100000000, 0x0000000100000000)
 Metaspace       used 33954K, capacity 34468K, committed 34784K, reserved 1081344K
  class space    used 3619K, capacity 3782K, committed 3836K, reserved 1048576K
}
2017-03-31T04:56:40.084+0200: 260.810: Total time for which application threads were stopped: 0.0345942 seconds, Stopping threads took: 0.0000314 seconds
2017-03-31T04:56:40.116+0200: 260.842: Total time for which application threads were stopped: 0.0034098 seconds, Stopping threads took: 0.0033287 seconds
2017-03-31T04:56:40.116+0200: 260.842: Total time for which application threads were stopped: 0.0000423 seconds, Stopping threads took: 0.0000072 seconds
2017-03-31T04:56:40.116+0200: 260.842: Total time for which application threads were stopped: 0.0000371 seconds, Stopping threads took: 0.0000058 seconds
2017-03-31T04:56:40.116+0200: 260.842: Total time for which application threads were stopped: 0.0000362 seconds, Stopping threads took: 0.0000058 seconds
2017-03-31T04:56:40.373+0200: 261.099: Total time for which application threads were stopped: 0.0001683 seconds, Stopping threads took: 0.0000357 seconds
2017-03-31T04:56:40.421+0200: 261.147: Total time for which application threads were stopped: 0.0001357 seconds, Stopping threads took: 0.0000292 seconds
2017-03-31T04:56:40.508+0200: 261.235: Total time for which application threads were stopped: 0.0040510 seconds, Stopping threads took: 0.0039679 seconds
2017-03-31T04:56:40.592+0200: 261.319: Total time for which application threads were stopped: 0.0060329 seconds, Stopping threads took: 0.0059399 seconds
{Heap before GC invocations=22 (full 1):
 par new generation   total 109248K, used 97837K [0x00000000e0000000, 0x00000000e8000000, 0x00000000e8000000)
  eden space 87424K, 100% used [0x00000000e0000000, 0x00000000e5560000, 0x00000000e5560000)
  from space 21824K,  47% used [0x00000000e5560000, 0x00000000e5f8b700, 0x00000000e6ab0000)
  to   space 21824K,   0% used [0x00000000e6ab0000, 0x00000000e6ab0000, 0x00000000e8000000)
 concurrent mark-sweep generation total 393216K, used 12893K [0x00000000e8000000, 0x0000000100000000, 0x0000000100000000)
 Metaspace       used 33959K, capacity 34468K, committed 34784K, reserved 1081344K
  class space    used 3619K, capacity 3782K, committed 3836K, reserved 1048576K
2017-03-31T04:56:40.620+0200: 261.346: [GC (Allocation Failure) 2017-03-31T04:56:40.620+0200: 261.346: [ParNew
Desired survivor size 20112992 bytes, new threshold 8 (max 8)
- age   1:    4354248 bytes,    4354248 total
- age   2:    2640072 bytes,    6994320 total
- age   3:       4288 bytes,    6998608 total
- age   4:       8920 bytes,    7007528 total
- age   5:       6720 bytes,    7014248 total
- age   6:      12168 bytes,    7026416 total
- age   7:      10112 bytes,    7036528 total
- age   8:      13024 bytes,    7049552 total
: 97837K->8940K(109248K), 0.0299285 secs] 110731K->21921K(502464K), 0.0299964 secs] [Times: user=0.03 sys=0.00, real=0.03 secs] 
Heap after GC invocations=23 (full 1):
 par new generation   total 109248K, used 8940K [0x00000000e0000000, 0x00000000e8000000, 0x00000000e8000000)
  eden space 87424K,   0% used [0x00000000e0000000, 0x00000000e0000000, 0x00000000e5560000)
  from space 21824K,  40% used [0x00000000e6ab0000, 0x00000000e736b258, 0x00000000e8000000)
  to   space 21824K,   0% used [0x00000000e5560000, 0x00000000e5560000, 0x00000000e6ab0000)
 concurrent mark-sweep generation total 393216K, used 12981K [0x00000000e8000000, 0x0000000100000000, 0x0000000100000000)
 Metaspace       used 33959K, capacity 34468K, committed 34784K, reserved 1081344K
  class space    used 3619K, capacity 3782K, committed 3836K, reserved 1048576K
}
2017-03-31T04:56:40.650+0200: 261.376: Total time for which application threads were stopped: 0.0302445 seconds, Stopping threads took: 0.0000347 seconds
2017-03-31T04:56:41.038+0200: 261.764: Total time for which application threads were stopped: 0.0002632 seconds, Stopping threads took: 0.0000356 seconds
{Heap before GC invocations=23 (full 1):
 par new generation   total 109248K, used 96358K [0x00000000e0000000, 0x00000000e8000000, 0x00000000e8000000)
  eden space 87424K,  99% used [0x00000000e0000000, 0x00000000e555e810, 0x00000000e5560000)
  from space 21824K,  40% used [0x00000000e6ab0000, 0x00000000e736b258, 0x00000000e8000000)
  to   space 21824K,   0% used [0x00000000e5560000, 0x00000000e5560000, 0x00000000e6ab0000)
 concurrent mark-sweep generation total 393216K, used 12981K [0x00000000e8000000, 0x0000000100000000, 0x0000000100000000)
 Metaspace       used 33970K, capacity 34532K, committed 34784K, reserved 1081344K
  class space    used 3619K, capacity 3782K, committed 3836K, reserved 1048576K
2017-03-31T04:56:41.047+0200: 261.773: [GC (Allocation Failure) 2017-03-31T04:56:41.047+0200: 261.773: [ParNew
Desired survivor size 20112992 bytes, new threshold 8 (max 8)
- age   1:    3138416 bytes,    3138416 total
- age   2:    3921248 bytes,    7059664 total
- age   3:    2326784 bytes,    9386448 total
- age   4:       4288 bytes,    9390736 total
- age   5:       8856 bytes,    9399592 total
- age   6:       6720 bytes,    9406312 total
- age   7:      12168 bytes,    9418480 total
- age   8:      10112 bytes,    9428592 total
: 96358K->10725K(109248K), 0.0252252 secs] 109339K->23719K(502464K), 0.0252990 secs] [Times: user=0.02 sys=0.00, real=0.03 secs] 
Heap after GC invocations=24 (full 1):
 par new generation   total 109248K, used 10725K [0x00000000e0000000, 0x00000000e8000000, 0x00000000e8000000)
  eden space 87424K,   0% used [0x00000000e0000000, 0x00000000e0000000, 0x00000000e5560000)
  from space 21824K,  49% used [0x00000000e5560000, 0x00000000e5fd9460, 0x00000000e6ab0000)
  to   space 21824K,   0% used [0x00000000e6ab0000, 0x00000000e6ab0000, 0x00000000e8000000)
 concurrent mark-sweep generation total 393216K, used 12993K [0x00000000e8000000, 0x0000000100000000, 0x0000000100000000)
 Metaspace       used 33970K, capacity 34532K, committed 34784K, reserved 1081344K
  class space    used 3619K, capacity 3782K, committed 3836K, reserved 1048576K
}
2017-03-31T04:56:41.072+0200: 261.799: Total time for which application threads were stopped: 0.0254651 seconds, Stopping threads took: 0.0000297 seconds
2017-03-31T04:56:41.077+0200: 261.804: Total time for which application threads were stopped: 0.0001122 seconds, Stopping threads took: 0.0000337 seconds
2017-03-31T04:56:41.078+0200: 261.804: Total time for which application threads were stopped: 0.0000514 seconds, Stopping threads took: 0.0000081 seconds
2017-03-31T04:56:41.078+0200: 261.804: Total time for which application threads were stopped: 0.0000396 seconds, Stopping threads took: 0.0000070 seconds
2017-03-31T04:56:41.078+0200: 261.804: Total time for which application threads were stopped: 0.0000382 seconds, Stopping threads took: 0.0000065 seconds
2017-03-31T04:56:41.078+0200: 261.805: Total time for which application threads were stopped: 0.0000379 seconds, Stopping threads took: 0.0000064 seconds
2017-03-31T04:56:41.078+0200: 261.805: Total time for which application threads were stopped: 0.0001038 seconds, Stopping threads took: 0.0000064 seconds
2017-03-31T04:56:41.209+0200: 261.936: Total time for which application threads were stopped: 0.0001129 seconds, Stopping threads took: 0.0000253 seconds
2017-03-31T04:56:41.209+0200: 261.936: Total time for which application threads were stopped: 0.0000438 seconds, Stopping threads took: 0.0000072 seconds
2017-03-31T04:56:41.232+0200: 261.958: Total time for which application threads were stopped: 0.0003922 seconds, Stopping threads took: 0.0001000 seconds
{Heap before GC invocations=24 (full 1):
 par new generation   total 109248K, used 98149K [0x00000000e0000000, 0x00000000e8000000, 0x00000000e8000000)
  eden space 87424K, 100% used [0x00000000e0000000, 0x00000000e5560000, 0x00000000e5560000)
  from space 21824K,  49% used [0x00000000e5560000, 0x00000000e5fd9460, 0x00000000e6ab0000)
  to   space 21824K,   0% used [0x00000000e6ab0000, 0x00000000e6ab0000, 0x00000000e8000000)
 concurrent mark-sweep generation total 393216K, used 12993K [0x00000000e8000000, 0x0000000100000000, 0x0000000100000000)
 Metaspace       used 33979K, capacity 34532K, committed 34784K, reserved 1081344K
  class space    used 3619K, capacity 3782K, committed 3836K, reserved 1048576K
2017-03-31T04:56:41.620+0200: 262.347: [GC (Allocation Failure) 2017-03-31T04:56:41.620+0200: 262.347: [ParNew
Desired survivor size 20112992 bytes, new threshold 8 (max 8)
- age   1:    3943816 bytes,    3943816 total
- age   2:    2721864 bytes,    6665680 total
- age   3:    1433360 bytes,    8099040 total
- age   4:       7264 bytes,    8106304 total
- age   5:       4288 bytes,    8110592 total
- age   6:       8856 bytes,    8119448 total
- age   7:       6720 bytes,    8126168 total
- age   8:      12168 bytes,    8138336 total
: 98149K->13649K(109248K), 0.0242374 secs] 111143K->26653K(502464K), 0.0243059 secs] [Times: user=0.02 sys=0.00, real=0.02 secs] 
Heap after GC invocations=25 (full 1):
 par new generation   total 109248K, used 13649K [0x00000000e0000000, 0x00000000e8000000, 0x00000000e8000000)
  eden space 87424K,   0% used [0x00000000e0000000, 0x00000000e0000000, 0x00000000e5560000)
  from space 21824K,  62% used [0x00000000e6ab0000, 0x00000000e7804480, 0x00000000e8000000)
  to   space 21824K,   0% used [0x00000000e5560000, 0x00000000e5560000, 0x00000000e6ab0000)
 concurrent mark-sweep generation total 393216K, used 13003K [0x00000000e8000000, 0x0000000100000000, 0x0000000100000000)
 Metaspace       used 33979K, capacity 34532K, committed 34784K, reserved 1081344K
  class space    used 3619K, capacity 3782K, committed 3836K, reserved 1048576K
}
2017-03-31T04:56:41.645+0200: 262.371: Total time for which application threads were stopped: 0.0264852 seconds, Stopping threads took: 0.0020191 seconds
2017-03-31T04:56:41.877+0200: 262.603: Total time for which application threads were stopped: 0.0002601 seconds, Stopping threads took: 0.0000850 seconds
2017-03-31T04:56:41.948+0200: 262.674: Total time for which application threads were stopped: 0.0041632 seconds, Stopping threads took: 0.0040515 seconds
2017-03-31T04:56:41.950+0200: 262.676: Total time for which application threads were stopped: 0.0001001 seconds, Stopping threads took: 0.0000180 seconds
2017-03-31T04:56:42.047+0200: 262.773: Total time for which application threads were stopped: 0.0038305 seconds, Stopping threads took: 0.0037326 seconds
{Heap before GC invocations=25 (full 1):
 par new generation   total 109248K, used 101049K [0x00000000e0000000, 0x00000000e8000000, 0x00000000e8000000)
  eden space 87424K,  99% used [0x00000000e0000000, 0x00000000e555a340, 0x00000000e5560000)
  from space 21824K,  62% used [0x00000000e6ab0000, 0x00000000e7804480, 0x00000000e8000000)
  to   space 21824K,   0% used [0x00000000e5560000, 0x00000000e5560000, 0x00000000e6ab0000)
 concurrent mark-sweep generation total 393216K, used 13003K [0x00000000e8000000, 0x0000000100000000, 0x0000000100000000)
 Metaspace       used 34017K, capacity 34596K, committed 34784K, reserved 1081344K
  class space    used 3619K, capacity 3782K, committed 3836K, reserved 1048576K
2017-03-31T04:56:42.192+0200: 262.919: [GC (Allocation Failure) 2017-03-31T04:56:42.192+0200: 262.919: [ParNew
Desired survivor size 20112992 bytes, new threshold 8 (max 8)
- age   1:    4318720 bytes,    4318720 total
- age   2:    2699304 bytes,    7018024 total
- age   3:       4536 bytes,    7022560 total
- age   4:       6608 bytes,    7029168 total
- age   5:       6792 bytes,    7035960 total
- age   6:       4288 bytes,    7040248 total
- age   7:       8856 bytes,    7049104 total
- age   8:       6720 bytes,    7055824 total
: 101049K->9841K(109248K), 0.0316208 secs] 114053K->22857K(502464K), 0.0316953 secs] [Times: user=0.03 sys=0.00, real=0.03 secs] 
Heap after GC invocations=26 (full 1):
 par new generation   total 109248K, used 9841K [0x00000000e0000000, 0x00000000e8000000, 0x00000000e8000000)
  eden space 87424K,   0% used [0x00000000e0000000, 0x00000000e0000000, 0x00000000e5560000)
  from space 21824K,  45% used [0x00000000e5560000, 0x00000000e5efc7d0, 0x00000000e6ab0000)
  to   space 21824K,   0% used [0x00000000e6ab0000, 0x00000000e6ab0000, 0x00000000e8000000)
 concurrent mark-sweep generation total 393216K, used 13015K [0x00000000e8000000, 0x0000000100000000, 0x0000000100000000)
 Metaspace       used 34017K, capacity 34596K, committed 34784K, reserved 1081344K
  class space    used 3619K, capacity 3782K, committed 3836K, reserved 1048576K
}
2017-03-31T04:56:42.224+0200: 262.951: Total time for which application threads were stopped: 0.0318632 seconds, Stopping threads took: 0.0000299 seconds
2017-03-31T04:56:42.555+0200: 263.281: Total time for which application threads were stopped: 0.0001100 seconds, Stopping threads took: 0.0000332 seconds
{Heap before GC invocations=26 (full 1):
 par new generation   total 109248K, used 97265K [0x00000000e0000000, 0x00000000e8000000, 0x00000000e8000000)
  eden space 87424K, 100% used [0x00000000e0000000, 0x00000000e5560000, 0x00000000e5560000)
  from space 21824K,  45% used [0x00000000e5560000, 0x00000000e5efc7d0, 0x00000000e6ab0000)
  to   space 21824K,   0% used [0x00000000e6ab0000, 0x00000000e6ab0000, 0x00000000e8000000)
 concurrent mark-sweep generation total 393216K, used 13015K [0x00000000e8000000, 0x0000000100000000, 0x0000000100000000)
 Metaspace       used 34029K, capacity 34596K, committed 34784K, reserved 1081344K
  class space    used 3619K, capacity 3782K, committed 3836K, reserved 1048576K
2017-03-31T04:56:42.653+0200: 263.379: [GC (Allocation Failure) 2017-03-31T04:56:42.653+0200: 263.379: [ParNew
Desired survivor size 20112992 bytes, new threshold 8 (max 8)
- age   1:    3221256 bytes,    3221256 total
- age   2:    2006848 bytes,    5228104 total
- age   3:      19064 bytes,    5247168 total
- age   4:       4536 bytes,    5251704 total
- age   5:       6544 bytes,    5258248 total
- age   6:       6792 bytes,    5265040 total
- age   7:       4288 bytes,    5269328 total
- age   8:       8856 bytes,    5278184 total
: 97265K->7136K(109248K), 0.0230320 secs] 110281K->20158K(502464K), 0.0231119 secs] [Times: user=0.02 sys=0.00, real=0.03 secs] 
Heap after GC invocations=27 (full 1):
 par new generation   total 109248K, used 7136K [0x00000000e0000000, 0x00000000e8000000, 0x00000000e8000000)
  eden space 87424K,   0% used [0x00000000e0000000, 0x00000000e0000000, 0x00000000e5560000)
  from space 21824K,  32% used [0x00000000e6ab0000, 0x00000000e71a8100, 0x00000000e8000000)
  to   space 21824K,   0% used [0x00000000e5560000, 0x00000000e5560000, 0x00000000e6ab0000)
 concurrent mark-sweep generation total 393216K, used 13022K [0x00000000e8000000, 0x0000000100000000, 0x0000000100000000)
 Metaspace       used 34029K, capacity 34596K, committed 34784K, reserved 1081344K
  class space    used 3619K, capacity 3782K, committed 3836K, reserved 1048576K
}
2017-03-31T04:56:42.676+0200: 263.402: Total time for which application threads were stopped: 0.0233428 seconds, Stopping threads took: 0.0000422 seconds
2017-03-31T04:56:42.736+0200: 263.462: Total time for which application threads were stopped: 0.0001888 seconds, Stopping threads took: 0.0000214 seconds
2017-03-31T04:56:42.751+0200: 263.477: Total time for which application threads were stopped: 0.0003842 seconds, Stopping threads took: 0.0002347 seconds
2017-03-31T04:56:42.780+0200: 263.506: Total time for which application threads were stopped: 0.0000860 seconds, Stopping threads took: 0.0000276 seconds
2017-03-31T04:56:42.800+0200: 263.526: Total time for which application threads were stopped: 0.0023519 seconds, Stopping threads took: 0.0022664 seconds
{Heap before GC invocations=27 (full 1):
 par new generation   total 109248K, used 94560K [0x00000000e0000000, 0x00000000e8000000, 0x00000000e8000000)
  eden space 87424K, 100% used [0x00000000e0000000, 0x00000000e5560000, 0x00000000e5560000)
  from space 21824K,  32% used [0x00000000e6ab0000, 0x00000000e71a8100, 0x00000000e8000000)
  to   space 21824K,   0% used [0x00000000e5560000, 0x00000000e5560000, 0x00000000e6ab0000)
 concurrent mark-sweep generation total 393216K, used 13022K [0x00000000e8000000, 0x0000000100000000, 0x0000000100000000)
 Metaspace       used 34043K, capacity 34596K, committed 34784K, reserved 1081344K
  class space    used 3619K, capacity 3782K, committed 3836K, reserved 1048576K
2017-03-31T04:56:43.172+0200: 263.898: [GC (Allocation Failure) 2017-03-31T04:56:43.172+0200: 263.898: [ParNew
Desired survivor size 20112992 bytes, new threshold 8 (max 8)
- age   1:    3590928 bytes,    3590928 total
- age   2:    2671352 bytes,    6262280 total
- age   3:    1617592 bytes,    7879872 total
- age   4:       7704 bytes,    7887576 total
- age   5:       4536 bytes,    7892112 total
- age   6:       6544 bytes,    7898656 total
- age   7:       6792 bytes,    7905448 total
- age   8:       4288 bytes,    7909736 total
: 94560K->9887K(109248K), 0.0478428 secs] 107582K->22918K(502464K), 0.0479240 secs] [Times: user=0.04 sys=0.00, real=0.04 secs] 
Heap after GC invocations=28 (full 1):
 par new generation   total 109248K, used 9887K [0x00000000e0000000, 0x00000000e8000000, 0x00000000e8000000)
  eden space 87424K,   0% used [0x00000000e0000000, 0x00000000e0000000, 0x00000000e5560000)
  from space 21824K,  45% used [0x00000000e5560000, 0x00000000e5f07d90, 0x00000000e6ab0000)
  to   space 21824K,   0% used [0x00000000e6ab0000, 0x00000000e6ab0000, 0x00000000e8000000)
 concurrent mark-sweep generation total 393216K, used 13031K [0x00000000e8000000, 0x0000000100000000, 0x0000000100000000)
 Metaspace       used 34043K, capacity 34596K, committed 34784K, reserved 1081344K
  class space    used 3619K, capacity 3782K, committed 3836K, reserved 1048576K
}
2017-03-31T04:56:43.220+0200: 263.946: Total time for which application threads were stopped: 0.0481529 seconds, Stopping threads took: 0.0000887 seconds
2017-03-31T04:56:43.477+0200: 264.204: Total time for which application threads were stopped: 0.0001331 seconds, Stopping threads took: 0.0000380 seconds
2017-03-31T04:56:43.504+0200: 264.231: Total time for which application threads were stopped: 0.0001846 seconds, Stopping threads took: 0.0000306 seconds
2017-03-31T04:56:43.607+0200: 264.333: Total time for which application threads were stopped: 0.0058349 seconds, Stopping threads took: 0.0057348 seconds
2017-03-31T04:56:43.681+0200: 264.408: Total time for which application threads were stopped: 0.0001598 seconds, Stopping threads took: 0.0000642 seconds
{Heap before GC invocations=28 (full 1):
 par new generation   total 109248K, used 97311K [0x00000000e0000000, 0x00000000e8000000, 0x00000000e8000000)
  eden space 87424K, 100% used [0x00000000e0000000, 0x00000000e5560000, 0x00000000e5560000)
  from space 21824K,  45% used [0x00000000e5560000, 0x00000000e5f07d90, 0x00000000e6ab0000)
  to   space 21824K,   0% used [0x00000000e6ab0000, 0x00000000e6ab0000, 0x00000000e8000000)
 concurrent mark-sweep generation total 393216K, used 13031K [0x00000000e8000000, 0x0000000100000000, 0x0000000100000000)
 Metaspace       used 34065K, capacity 34596K, committed 34784K, reserved 1081344K
  class space    used 3619K, capacity 3782K, committed 3836K, reserved 1048576K
2017-03-31T04:56:43.778+0200: 264.505: [GC (Allocation Failure) 2017-03-31T04:56:43.778+0200: 264.505: [ParNew
Desired survivor size 20112992 bytes, new threshold 8 (max 8)
- age   1:    4229912 bytes,    4229912 total
- age   2:    2792584 bytes,    7022496 total
- age   3:       6088 bytes,    7028584 total
- age   4:       8320 bytes,    7036904 total
- age   5:       7640 bytes,    7044544 total
- age   6:       4536 bytes,    7049080 total
- age   7:       6544 bytes,    7055624 total
- age   8:       6792 bytes,    7062416 total
: 97311K->11374K(109248K), 0.0277344 secs] 110342K->24409K(502464K), 0.0278351 secs] [Times: user=0.03 sys=0.00, real=0.02 secs] 
Heap after GC invocations=29 (full 1):
 par new generation   total 109248K, used 11374K [0x00000000e0000000, 0x00000000e8000000, 0x00000000e8000000)
  eden space 87424K,   0% used [0x00000000e0000000, 0x00000000e0000000, 0x00000000e5560000)
  from space 21824K,  52% used [0x00000000e6ab0000, 0x00000000e75cb8b8, 0x00000000e8000000)
  to   space 21824K,   0% used [0x00000000e5560000, 0x00000000e5560000, 0x00000000e6ab0000)
 concurrent mark-sweep generation total 393216K, used 13035K [0x00000000e8000000, 0x0000000100000000, 0x0000000100000000)
 Metaspace       used 34065K, capacity 34596K, committed 34784K, reserved 1081344K
  class space    used 3619K, capacity 3782K, committed 3836K, reserved 1048576K
}
2017-03-31T04:56:43.806+0200: 264.533: Total time for which application threads were stopped: 0.0280416 seconds, Stopping threads took: 0.0000290 seconds
2017-03-31T04:56:44.165+0200: 264.891: Total time for which application threads were stopped: 0.0003125 seconds, Stopping threads took: 0.0000991 seconds
{Heap before GC invocations=29 (full 1):
 par new generation   total 109248K, used 98798K [0x00000000e0000000, 0x00000000e8000000, 0x00000000e8000000)
  eden space 87424K, 100% used [0x00000000e0000000, 0x00000000e5560000, 0x00000000e5560000)
  from space 21824K,  52% used [0x00000000e6ab0000, 0x00000000e75cb8b8, 0x00000000e8000000)
  to   space 21824K,   0% used [0x00000000e5560000, 0x00000000e5560000, 0x00000000e6ab0000)
 concurrent mark-sweep generation total 393216K, used 13035K [0x00000000e8000000, 0x0000000100000000, 0x0000000100000000)
 Metaspace       used 34071K, capacity 34596K, committed 34784K, reserved 1081344K
  class space    used 3619K, capacity 3782K, committed 3836K, reserved 1048576K
2017-03-31T04:56:44.222+0200: 264.948: [GC (Allocation Failure) 2017-03-31T04:56:44.222+0200: 264.948: [ParNew
Desired survivor size 20112992 bytes, new threshold 8 (max 8)
- age   1:    3387328 bytes,    3387328 total
- age   2:    2013448 bytes,    5400776 total
- age   3:      38048 bytes,    5438824 total
- age   4:       5960 bytes,    5444784 total
- age   5:       8160 bytes,    5452944 total
- age   6:       7640 bytes,    5460584 total
- age   7:       4536 bytes,    5465120 total
- age   8:       6544 bytes,    5471664 total
: 98798K->8372K(109248K), 0.0393927 secs] 111833K->21414K(502464K), 0.0394680 secs] [Times: user=0.04 sys=0.00, real=0.04 secs] 
Heap after GC invocations=30 (full 1):
 par new generation   total 109248K, used 8372K [0x00000000e0000000, 0x00000000e8000000, 0x00000000e8000000)
  eden space 87424K,   0% used [0x00000000e0000000, 0x00000000e0000000, 0x00000000e5560000)
  from space 21824K,  38% used [0x00000000e5560000, 0x00000000e5d8d2f0, 0x00000000e6ab0000)
  to   space 21824K,   0% used [0x00000000e6ab0000, 0x00000000e6ab0000, 0x00000000e8000000)
 concurrent mark-sweep generation total 393216K, used 13041K [0x00000000e8000000, 0x0000000100000000, 0x0000000100000000)
 Metaspace       used 34071K, capacity 34596K, committed 34784K, reserved 1081344K
  class space    used 3619K, capacity 3782K, committed 3836K, reserved 1048576K
}
2017-03-31T04:56:44.261+0200: 264.988: Total time for which application threads were stopped: 0.0396507 seconds, Stopping threads took: 0.0000306 seconds
2017-03-31T04:56:44.274+0200: 265.000: Total time for which application threads were stopped: 0.0002061 seconds, Stopping threads took: 0.0000418 seconds
2017-03-31T04:56:44.277+0200: 265.003: Total time for which application threads were stopped: 0.0001161 seconds, Stopping threads took: 0.0000260 seconds
2017-03-31T04:56:44.351+0200: 265.078: Total time for which application threads were stopped: 0.0039777 seconds, Stopping threads took: 0.0038997 seconds
{Heap before GC invocations=30 (full 1):
 par new generation   total 109248K, used 95796K [0x00000000e0000000, 0x00000000e8000000, 0x00000000e8000000)
  eden space 87424K, 100% used [0x00000000e0000000, 0x00000000e5560000, 0x00000000e5560000)
  from space 21824K,  38% used [0x00000000e5560000, 0x00000000e5d8d2f0, 0x00000000e6ab0000)
  to   space 21824K,   0% used [0x00000000e6ab0000, 0x00000000e6ab0000, 0x00000000e8000000)
 concurrent mark-sweep generation total 393216K, used 13041K [0x00000000e8000000, 0x0000000100000000, 0x0000000100000000)
 Metaspace       used 34086K, capacity 34596K, committed 34784K, reserved 1081344K
  class space    used 3619K, capacity 3782K, committed 3836K, reserved 1048576K
2017-03-31T04:56:44.741+0200: 265.467: [GC (Allocation Failure) 2017-03-31T04:56:44.741+0200: 265.467: [ParNew
Desired survivor size 20112992 bytes, new threshold 8 (max 8)
- age   1:    4008824 bytes,    4008824 total
- age   2:    2815784 bytes,    6824608 total
- age   3:    1616656 bytes,    8441264 total
- age   4:      17832 bytes,    8459096 total
- age   5:       5960 bytes,    8465056 total
- age   6:       8032 bytes,    8473088 total
- age   7:       7640 bytes,    8480728 total
- age   8:       4536 bytes,    8485264 total
: 95796K->9907K(109248K), 0.0337833 secs] 108838K->22955K(502464K), 0.0338614 secs] [Times: user=0.04 sys=0.00, real=0.03 secs] 
Heap after GC invocations=31 (full 1):
 par new generation   total 109248K, used 9907K [0x00000000e0000000, 0x00000000e8000000, 0x00000000e8000000)
  eden space 87424K,   0% used [0x00000000e0000000, 0x00000000e0000000, 0x00000000e5560000)
  from space 21824K,  45% used [0x00000000e6ab0000, 0x00000000e745cc60, 0x00000000e8000000)
  to   space 21824K,   0% used [0x00000000e5560000, 0x00000000e5560000, 0x00000000e6ab0000)
 concurrent mark-sweep generation total 393216K, used 13048K [0x00000000e8000000, 0x0000000100000000, 0x0000000100000000)
 Metaspace       used 34086K, capacity 34596K, committed 34784K, reserved 1081344K
  class space    used 3619K, capacity 3782K, committed 3836K, reserved 1048576K
}
2017-03-31T04:56:44.775+0200: 265.501: Total time for which application threads were stopped: 0.0392451 seconds, Stopping threads took: 0.0052277 seconds
2017-03-31T04:56:44.870+0200: 265.597: Total time for which application threads were stopped: 0.0086987 seconds, Stopping threads took: 0.0086218 seconds
2017-03-31T04:56:45.034+0200: 265.761: Total time for which application threads were stopped: 0.0001078 seconds, Stopping threads took: 0.0000212 seconds
2017-03-31T04:56:45.035+0200: 265.761: Total time for which application threads were stopped: 0.0000422 seconds, Stopping threads took: 0.0000069 seconds
2017-03-31T04:56:45.052+0200: 265.778: Total time for which application threads were stopped: 0.0004302 seconds, Stopping threads took: 0.0002250 seconds
{Heap before GC invocations=31 (full 1):
 par new generation   total 109248K, used 97331K [0x00000000e0000000, 0x00000000e8000000, 0x00000000e8000000)
  eden space 87424K, 100% used [0x00000000e0000000, 0x00000000e5560000, 0x00000000e5560000)
  from space 21824K,  45% used [0x00000000e6ab0000, 0x00000000e745cc60, 0x00000000e8000000)
  to   space 21824K,   0% used [0x00000000e5560000, 0x00000000e5560000, 0x00000000e6ab0000)
 concurrent mark-sweep generation total 393216K, used 13048K [0x00000000e8000000, 0x0000000100000000, 0x0000000100000000)
 Metaspace       used 34135K, capacity 34660K, committed 35040K, reserved 1081344K
  class space    used 3619K, capacity 3782K, committed 3836K, reserved 1048576K
2017-03-31T04:56:45.385+0200: 266.111: [GC (Allocation Failure) 2017-03-31T04:56:45.385+0200: 266.111: [ParNew
Desired survivor size 20112992 bytes, new threshold 8 (max 8)
- age   1:    4555640 bytes,    4555640 total
- age   2:    2948968 bytes,    7504608 total
- age   3:       5800 bytes,    7510408 total
- age   4:       9384 bytes,    7519792 total
- age   5:       6776 bytes,    7526568 total
- age   6:       5960 bytes,    7532528 total
- age   7:       8032 bytes,    7540560 total
- age   8:       7640 bytes,    7548200 total
: 97331K->11658K(109248K), 0.0297298 secs] 110379K->24711K(502464K), 0.0298096 secs] [Times: user=0.03 sys=0.00, real=0.03 secs] 
Heap after GC invocations=32 (full 1):
 par new generation   total 109248K, used 11658K [0x00000000e0000000, 0x00000000e8000000, 0x00000000e8000000)
  eden space 87424K,   0% used [0x00000000e0000000, 0x00000000e0000000, 0x00000000e5560000)
  from space 21824K,  53% used [0x00000000e5560000, 0x00000000e60c2a70, 0x00000000e6ab0000)
  to   space 21824K,   0% used [0x00000000e6ab0000, 0x00000000e6ab0000, 0x00000000e8000000)
 concurrent mark-sweep generation total 393216K, used 13052K [0x00000000e8000000, 0x0000000100000000, 0x0000000100000000)
 Metaspace       used 34135K, capacity 34660K, committed 35040K, reserved 1081344K
  class space    used 3619K, capacity 3782K, committed 3836K, reserved 1048576K
}
2017-03-31T04:56:45.415+0200: 266.141: Total time for which application threads were stopped: 0.0300392 seconds, Stopping threads took: 0.0000339 seconds
2017-03-31T04:56:45.692+0200: 266.418: Total time for which application threads were stopped: 0.0003132 seconds, Stopping threads took: 0.0000305 seconds
2017-03-31T04:56:45.869+0200: 266.595: Total time for which application threads were stopped: 0.0001024 seconds, Stopping threads took: 0.0000189 seconds
2017-03-31T04:56:45.869+0200: 266.595: Total time for which application threads were stopped: 0.0000422 seconds, Stopping threads took: 0.0000069 seconds
2017-03-31T04:56:45.880+0200: 266.606: Total time for which application threads were stopped: 0.0004272 seconds, Stopping threads took: 0.0002218 seconds
{Heap before GC invocations=32 (full 1):
 par new generation   total 109248K, used 99082K [0x00000000e0000000, 0x00000000e8000000, 0x00000000e8000000)
  eden space 87424K, 100% used [0x00000000e0000000, 0x00000000e5560000, 0x00000000e5560000)
  from space 21824K,  53% used [0x00000000e5560000, 0x00000000e60c2a70, 0x00000000e6ab0000)
  to   space 21824K,   0% used [0x00000000e6ab0000, 0x00000000e6ab0000, 0x00000000e8000000)
 concurrent mark-sweep generation total 393216K, used 13052K [0x00000000e8000000, 0x0000000100000000, 0x0000000100000000)
 Metaspace       used 34162K, capacity 34724K, committed 35040K, reserved 1081344K
  class space    used 3619K, capacity 3782K, committed 3836K, reserved 1048576K
2017-03-31T04:56:45.968+0200: 266.695: [GC (Allocation Failure) 2017-03-31T04:56:45.968+0200: 266.695: [ParNew
Desired survivor size 20112992 bytes, new threshold 8 (max 8)
- age   1:    3776432 bytes,    3776432 total
- age   2:    2382064 bytes,    6158496 total
- age   3:       5568 bytes,    6164064 total
- age   4:       5800 bytes,    6169864 total
- age   5:       9320 bytes,    6179184 total
- age   6:       6776 bytes,    6185960 total
- age   7:       5960 bytes,    6191920 total
- age   8:       7528 bytes,    6199448 total
: 99082K->7893K(109248K), 0.0298234 secs] 112135K->20953K(502464K), 0.0298902 secs] [Times: user=0.04 sys=0.00, real=0.02 secs] 
Heap after GC invocations=33 (full 1):
 par new generation   total 109248K, used 7893K [0x00000000e0000000, 0x00000000e8000000, 0x00000000e8000000)
  eden space 87424K,   0% used [0x00000000e0000000, 0x00000000e0000000, 0x00000000e5560000)
  from space 21824K,  36% used [0x00000000e6ab0000, 0x00000000e72656d0, 0x00000000e8000000)
  to   space 21824K,   0% used [0x00000000e5560000, 0x00000000e5560000, 0x00000000e6ab0000)
 concurrent mark-sweep generation total 393216K, used 13060K [0x00000000e8000000, 0x0000000100000000, 0x0000000100000000)
 Metaspace       used 34162K, capacity 34724K, committed 35040K, reserved 1081344K
  class space    used 3619K, capacity 3782K, committed 3836K, reserved 1048576K
}
2017-03-31T04:56:45.998+0200: 266.725: Total time for which application threads were stopped: 0.0320747 seconds, Stopping threads took: 0.0020180 seconds
{Heap before GC invocations=33 (full 1):
 par new generation   total 109248K, used 95287K [0x00000000e0000000, 0x00000000e8000000, 0x00000000e8000000)
  eden space 87424K,  99% used [0x00000000e0000000, 0x00000000e5558650, 0x00000000e5560000)
  from space 21824K,  36% used [0x00000000e6ab0000, 0x00000000e72656d0, 0x00000000e8000000)
  to   space 21824K,   0% used [0x00000000e5560000, 0x00000000e5560000, 0x00000000e6ab0000)
 concurrent mark-sweep generation total 393216K, used 13060K [0x00000000e8000000, 0x0000000100000000, 0x0000000100000000)
 Metaspace       used 34167K, capacity 34724K, committed 35040K, reserved 1081344K
  class space    used 3619K, capacity 3782K, committed 3836K, reserved 1048576K
2017-03-31T04:56:46.379+0200: 267.106: [GC (Allocation Failure) 2017-03-31T04:56:46.379+0200: 267.106: [ParNew
Desired survivor size 20112992 bytes, new threshold 8 (max 8)
- age   1:    3259680 bytes,    3259680 total
- age   2:    3431664 bytes,    6691344 total
- age   3:    2065288 bytes,    8756632 total
- age   4:       5568 bytes,    8762200 total
- age   5:       5800 bytes,    8768000 total
- age   6:       9320 bytes,    8777320 total
- age   7:       6776 bytes,    8784096 total
- age   8:       5960 bytes,    8790056 total
: 95287K->10228K(109248K), 0.0298384 secs] 108347K->23296K(502464K), 0.0299157 secs] [Times: user=0.03 sys=0.00, real=0.02 secs] 
Heap after GC invocations=34 (full 1):
 par new generation   total 109248K, used 10228K [0x00000000e0000000, 0x00000000e8000000, 0x00000000e8000000)
  eden space 87424K,   0% used [0x00000000e0000000, 0x00000000e0000000, 0x00000000e5560000)
  from space 21824K,  46% used [0x00000000e5560000, 0x00000000e5f5d3e0, 0x00000000e6ab0000)
  to   space 21824K,   0% used [0x00000000e6ab0000, 0x00000000e6ab0000, 0x00000000e8000000)
 concurrent mark-sweep generation total 393216K, used 13067K [0x00000000e8000000, 0x0000000100000000, 0x0000000100000000)
 Metaspace       used 34167K, capacity 34724K, committed 35040K, reserved 1081344K
  class space    used 3619K, capacity 3782K, committed 3836K, reserved 1048576K
}
2017-03-31T04:56:46.409+0200: 267.136: Total time for which application threads were stopped: 0.0321371 seconds, Stopping threads took: 0.0020509 seconds
2017-03-31T04:56:46.527+0200: 267.253: Total time for which application threads were stopped: 0.0000899 seconds, Stopping threads took: 0.0000270 seconds
2017-03-31T04:56:46.646+0200: 267.372: Total time for which application threads were stopped: 0.0005299 seconds, Stopping threads took: 0.0000290 seconds
2017-03-31T04:56:46.671+0200: 267.397: Total time for which application threads were stopped: 0.0000910 seconds, Stopping threads took: 0.0000290 seconds
2017-03-31T04:56:46.697+0200: 267.423: Total time for which application threads were stopped: 0.0030406 seconds, Stopping threads took: 0.0029614 seconds
{Heap before GC invocations=34 (full 1):
 par new generation   total 109248K, used 97649K [0x00000000e0000000, 0x00000000e8000000, 0x00000000e8000000)
  eden space 87424K,  99% used [0x00000000e0000000, 0x00000000e555f190, 0x00000000e5560000)
  from space 21824K,  46% used [0x00000000e5560000, 0x00000000e5f5d3e0, 0x00000000e6ab0000)
  to   space 21824K,   0% used [0x00000000e6ab0000, 0x00000000e6ab0000, 0x00000000e8000000)
 concurrent mark-sweep generation total 393216K, used 13067K [0x00000000e8000000, 0x0000000100000000, 0x0000000100000000)
 Metaspace       used 34176K, capacity 34724K, committed 35040K, reserved 1081344K
  class space    used 3619K, capacity 3782K, committed 3836K, reserved 1048576K
2017-03-31T04:56:46.977+0200: 267.703: [GC (Allocation Failure) 2017-03-31T04:56:46.977+0200: 267.703: [ParNew
Desired survivor size 20112992 bytes, new threshold 8 (max 8)
- age   1:    4364552 bytes,    4364552 total
- age   2:    2428520 bytes,    6793072 total
- age   3:     644096 bytes,    7437168 total
- age   4:      10600 bytes,    7447768 total
- age   5:       5312 bytes,    7453080 total
- age   6:       5672 bytes,    7458752 total
- age   7:       9256 bytes,    7468008 total
- age   8:       6776 bytes,    7474784 total
: 97649K->12643K(109248K), 0.0495602 secs] 110717K->25717K(502464K), 0.0496265 secs] [Times: user=0.05 sys=0.00, real=0.04 secs] 
Heap after GC invocations=35 (full 1):
 par new generation   total 109248K, used 12643K [0x00000000e0000000, 0x00000000e8000000, 0x00000000e8000000)
  eden space 87424K,   0% used [0x00000000e0000000, 0x00000000e0000000, 0x00000000e5560000)
  from space 21824K,  57% used [0x00000000e6ab0000, 0x00000000e7708e58, 0x00000000e8000000)
  to   space 21824K,   0% used [0x00000000e5560000, 0x00000000e5560000, 0x00000000e6ab0000)
 concurrent mark-sweep generation total 393216K, used 13073K [0x00000000e8000000, 0x0000000100000000, 0x0000000100000000)
 Metaspace       used 34176K, capacity 34724K, committed 35040K, reserved 1081344K
  class space    used 3619K, capacity 3782K, committed 3836K, reserved 1048576K
}
2017-03-31T04:56:47.026+0200: 267.753: Total time for which application threads were stopped: 0.0498085 seconds, Stopping threads took: 0.0000338 seconds
2017-03-31T04:56:47.242+0200: 267.969: Total time for which application threads were stopped: 0.0001090 seconds, Stopping threads took: 0.0000368 seconds
2017-03-31T04:56:47.342+0200: 268.069: Total time for which application threads were stopped: 0.0003553 seconds, Stopping threads took: 0.0002096 seconds
2017-03-31T04:56:47.352+0200: 268.078: Total time for which application threads were stopped: 0.0001740 seconds, Stopping threads took: 0.0000392 seconds
2017-03-31T04:56:47.399+0200: 268.126: Total time for which application threads were stopped: 0.0053316 seconds, Stopping threads took: 0.0052427 seconds
{Heap before GC invocations=35 (full 1):
 par new generation   total 109248K, used 100067K [0x00000000e0000000, 0x00000000e8000000, 0x00000000e8000000)
  eden space 87424K, 100% used [0x00000000e0000000, 0x00000000e5560000, 0x00000000e5560000)
  from space 21824K,  57% used [0x00000000e6ab0000, 0x00000000e7708e58, 0x00000000e8000000)
  to   space 21824K,   0% used [0x00000000e5560000, 0x00000000e5560000, 0x00000000e6ab0000)
 concurrent mark-sweep generation total 393216K, used 13073K [0x00000000e8000000, 0x0000000100000000, 0x0000000100000000)
 Metaspace       used 34177K, capacity 34724K, committed 35040K, reserved 1081344K
  class space    used 3619K, capacity 3782K, committed 3836K, reserved 1048576K
2017-03-31T04:56:47.513+0200: 268.240: [GC (Allocation Failure) 2017-03-31T04:56:47.513+0200: 268.240: [ParNew
Desired survivor size 20112992 bytes, new threshold 8 (max 8)
- age   1:    4282920 bytes,    4282920 total
- age   2:    2377552 bytes,    6660472 total
- age   3:      17032 bytes,    6677504 total
- age   4:      13904 bytes,    6691408 total
- age   5:      10472 bytes,    6701880 total
- age   6:       5312 bytes,    6707192 total
- age   7:       5672 bytes,    6712864 total
- age   8:       9256 bytes,    6722120 total
: 100067K->9077K(109248K), 0.0200534 secs] 113141K->22158K(502464K), 0.0201074 secs] [Times: user=0.02 sys=0.00, real=0.02 secs] 
Heap after GC invocations=36 (full 1):
 par new generation   total 109248K, used 9077K [0x00000000e0000000, 0x00000000e8000000, 0x00000000e8000000)
  eden space 87424K,   0% used [0x00000000e0000000, 0x00000000e0000000, 0x00000000e5560000)
  from space 21824K,  41% used [0x00000000e5560000, 0x00000000e5e3d740, 0x00000000e6ab0000)
  to   space 21824K,   0% used [0x00000000e6ab0000, 0x00000000e6ab0000, 0x00000000e8000000)
 concurrent mark-sweep generation total 393216K, used 13080K [0x00000000e8000000, 0x0000000100000000, 0x0000000100000000)
 Metaspace       used 34177K, capacity 34724K, committed 35040K, reserved 1081344K
  class space    used 3619K, capacity 3782K, committed 3836K, reserved 1048576K
}
2017-03-31T04:56:47.533+0200: 268.260: Total time for which application threads were stopped: 0.0223689 seconds, Stopping threads took: 0.0021135 seconds
{Heap before GC invocations=36 (full 1):
 par new generation   total 109248K, used 96501K [0x00000000e0000000, 0x00000000e8000000, 0x00000000e8000000)
  eden space 87424K, 100% used [0x00000000e0000000, 0x00000000e5560000, 0x00000000e5560000)
  from space 21824K,  41% used [0x00000000e5560000, 0x00000000e5e3d740, 0x00000000e6ab0000)
  to   space 21824K,   0% used [0x00000000e6ab0000, 0x00000000e6ab0000, 0x00000000e8000000)
 concurrent mark-sweep generation total 393216K, used 13080K [0x00000000e8000000, 0x0000000100000000, 0x0000000100000000)
 Metaspace       used 34177K, capacity 34724K, committed 35040K, reserved 1081344K
  class space    used 3619K, capacity 3782K, committed 3836K, reserved 1048576K
2017-03-31T04:56:47.926+0200: 268.653: [GC (Allocation Failure) 2017-03-31T04:56:47.926+0200: 268.653: [ParNew
Desired survivor size 20112992 bytes, new threshold 8 (max 8)
- age   1:    2826344 bytes,    2826344 total
- age   2:    3797704 bytes,    6624048 total
- age   3:    2079720 bytes,    8703768 total
- age   4:      17032 bytes,    8720800 total
- age   5:      13840 bytes,    8734640 total
- age   6:      10472 bytes,    8745112 total
- age   7:       5312 bytes,    8750424 total
- age   8:       5672 bytes,    8756096 total
: 96501K->10108K(109248K), 0.0349528 secs] 109582K->23197K(502464K), 0.0350283 secs] [Times: user=0.03 sys=0.00, real=0.04 secs] 
Heap after GC invocations=37 (full 1):
 par new generation   total 109248K, used 10108K [0x00000000e0000000, 0x00000000e8000000, 0x00000000e8000000)
  eden space 87424K,   0% used [0x00000000e0000000, 0x00000000e0000000, 0x00000000e5560000)
  from space 21824K,  46% used [0x00000000e6ab0000, 0x00000000e748f200, 0x00000000e8000000)
  to   space 21824K,   0% used [0x00000000e5560000, 0x00000000e5560000, 0x00000000e6ab0000)
 concurrent mark-sweep generation total 393216K, used 13089K [0x00000000e8000000, 0x0000000100000000, 0x0000000100000000)
 Metaspace       used 34177K, capacity 34724K, committed 35040K, reserved 1081344K
  class space    used 3619K, capacity 3782K, committed 3836K, reserved 1048576K
}
2017-03-31T04:56:47.961+0200: 268.688: Total time for which application threads were stopped: 0.0352159 seconds, Stopping threads took: 0.0000323 seconds
2017-03-31T04:56:47.974+0200: 268.701: Total time for which application threads were stopped: 0.0001354 seconds, Stopping threads took: 0.0000255 seconds
2017-03-31T04:56:48.060+0200: 268.787: Total time for which application threads were stopped: 0.0003309 seconds, Stopping threads took: 0.0000293 seconds
2017-03-31T04:56:48.076+0200: 268.803: Total time for which application threads were stopped: 0.0003754 seconds, Stopping threads took: 0.0001071 seconds
2017-03-31T04:56:48.114+0200: 268.840: Total time for which application threads were stopped: 0.0032725 seconds, Stopping threads took: 0.0031831 seconds
{Heap before GC invocations=37 (full 1):
 par new generation   total 109248K, used 97532K [0x00000000e0000000, 0x00000000e8000000, 0x00000000e8000000)
  eden space 87424K, 100% used [0x00000000e0000000, 0x00000000e5560000, 0x00000000e5560000)
  from space 21824K,  46% used [0x00000000e6ab0000, 0x00000000e748f200, 0x00000000e8000000)
  to   space 21824K,   0% used [0x00000000e5560000, 0x00000000e5560000, 0x00000000e6ab0000)
 concurrent mark-sweep generation total 393216K, used 13089K [0x00000000e8000000, 0x0000000100000000, 0x0000000100000000)
 Metaspace       used 34177K, capacity 34724K, committed 35040K, reserved 1081344K
  class space    used 3619K, capacity 3782K, committed 3836K, reserved 1048576K
2017-03-31T04:56:48.432+0200: 269.159: [GC (Allocation Failure) 2017-03-31T04:56:48.432+0200: 269.159: [ParNew
Desired survivor size 20112992 bytes, new threshold 8 (max 8)
- age   1:    4148880 bytes,    4148880 total
- age   2:    2364896 bytes,    6513776 total
- age   3:    1272160 bytes,    7785936 total
- age   4:       8064 bytes,    7794000 total
- age   5:      17032 bytes,    7811032 total
- age   6:      13712 bytes,    7824744 total
- age   7:      10472 bytes,    7835216 total
- age   8:       5312 bytes,    7840528 total
: 97532K->12697K(109248K), 0.0268019 secs] 110621K->25792K(502464K), 0.0268797 secs] [Times: user=0.03 sys=0.00, real=0.02 secs] 
Heap after GC invocations=38 (full 1):
 par new generation   total 109248K, used 12697K [0x00000000e0000000, 0x00000000e8000000, 0x00000000e8000000)
  eden space 87424K,   0% used [0x00000000e0000000, 0x00000000e0000000, 0x00000000e5560000)
  from space 21824K,  58% used [0x00000000e5560000, 0x00000000e61c64f0, 0x00000000e6ab0000)
  to   space 21824K,   0% used [0x00000000e6ab0000, 0x00000000e6ab0000, 0x00000000e8000000)
 concurrent mark-sweep generation total 393216K, used 13094K [0x00000000e8000000, 0x0000000100000000, 0x0000000100000000)
 Metaspace       used 34177K, capacity 34724K, committed 35040K, reserved 1081344K
  class space    used 3619K, capacity 3782K, committed 3836K, reserved 1048576K
}
2017-03-31T04:56:48.459+0200: 269.185: Total time for which application threads were stopped: 0.0294201 seconds, Stopping threads took: 0.0023338 seconds
2017-03-31T04:56:48.634+0200: 269.360: Total time for which application threads were stopped: 0.0001120 seconds, Stopping threads took: 0.0000324 seconds
2017-03-31T04:56:48.754+0200: 269.480: Total time for which application threads were stopped: 0.0003263 seconds, Stopping threads took: 0.0001106 seconds
2017-03-31T04:56:48.760+0200: 269.486: Total time for which application threads were stopped: 0.0002126 seconds, Stopping threads took: 0.0000370 seconds
2017-03-31T04:56:48.808+0200: 269.534: Total time for which application threads were stopped: 0.0042437 seconds, Stopping threads took: 0.0041487 seconds
{Heap before GC invocations=38 (full 1):
 par new generation   total 109248K, used 100107K [0x00000000e0000000, 0x00000000e8000000, 0x00000000e8000000)
  eden space 87424K,  99% used [0x00000000e0000000, 0x00000000e555c8c0, 0x00000000e5560000)
  from space 21824K,  58% used [0x00000000e5560000, 0x00000000e61c64f0, 0x00000000e6ab0000)
  to   space 21824K,   0% used [0x00000000e6ab0000, 0x00000000e6ab0000, 0x00000000e8000000)
 concurrent mark-sweep generation total 393216K, used 13094K [0x00000000e8000000, 0x0000000100000000, 0x0000000100000000)
 Metaspace       used 34192K, capacity 34788K, committed 35040K, reserved 1081344K
  class space    used 3619K, capacity 3782K, committed 3836K, reserved 1048576K
2017-03-31T04:56:48.984+0200: 269.711: [GC (Allocation Failure) 2017-03-31T04:56:48.985+0200: 269.711: [ParNew
Desired survivor size 20112992 bytes, new threshold 8 (max 8)
- age   1:    4958672 bytes,    4958672 total
- age   2:    2699752 bytes,    7658424 total
- age   3:       3640 bytes,    7662064 total
- age   4:       7312 bytes,    7669376 total
- age   5:       7744 bytes,    7677120 total
- age   6:      11536 bytes,    7688656 total
- age   7:      13648 bytes,    7702304 total
- age   8:      10408 bytes,    7712712 total
: 100107K->10252K(109248K), 0.0301216 secs] 113202K->23352K(502464K), 0.0301897 secs] [Times: user=0.03 sys=0.00, real=0.03 secs] 
Heap after GC invocations=39 (full 1):
 par new generation   total 109248K, used 10252K [0x00000000e0000000, 0x00000000e8000000, 0x00000000e8000000)
  eden space 87424K,   0% used [0x00000000e0000000, 0x00000000e0000000, 0x00000000e5560000)
  from space 21824K,  46% used [0x00000000e6ab0000, 0x00000000e74b30b0, 0x00000000e8000000)
  to   space 21824K,   0% used [0x00000000e5560000, 0x00000000e5560000, 0x00000000e6ab0000)
 concurrent mark-sweep generation total 393216K, used 13100K [0x00000000e8000000, 0x0000000100000000, 0x0000000100000000)
 Metaspace       used 34192K, capacity 34788K, committed 35040K, reserved 1081344K
  class space    used 3619K, capacity 3782K, committed 3836K, reserved 1048576K
}
2017-03-31T04:56:49.015+0200: 269.741: Total time for which application threads were stopped: 0.0341953 seconds, Stopping threads took: 0.0038682 seconds
2017-03-31T04:56:49.284+0200: 270.011: Total time for which application threads were stopped: 0.0001191 seconds, Stopping threads took: 0.0000257 seconds
2017-03-31T04:56:49.440+0200: 270.166: Total time for which application threads were stopped: 0.0000905 seconds, Stopping threads took: 0.0000195 seconds
2017-03-31T04:56:49.440+0200: 270.166: Total time for which application threads were stopped: 0.0001098 seconds, Stopping threads took: 0.0000070 seconds
{Heap before GC invocations=39 (full 1):
 par new generation   total 109248K, used 97676K [0x00000000e0000000, 0x00000000e8000000, 0x00000000e8000000)
  eden space 87424K, 100% used [0x00000000e0000000, 0x00000000e5560000, 0x00000000e5560000)
  from space 21824K,  46% used [0x00000000e6ab0000, 0x00000000e74b30b0, 0x00000000e8000000)
  to   space 21824K,   0% used [0x00000000e5560000, 0x00000000e5560000, 0x00000000e6ab0000)
 concurrent mark-sweep generation total 393216K, used 13100K [0x00000000e8000000, 0x0000000100000000, 0x0000000100000000)
 Metaspace       used 34208K, capacity 34788K, committed 35040K, reserved 1081344K
  class space    used 3620K, capacity 3782K, committed 3836K, reserved 1048576K
2017-03-31T04:56:49.505+0200: 270.232: [GC (Allocation Failure) 2017-03-31T04:56:49.505+0200: 270.232: [ParNew
Desired survivor size 20112992 bytes, new threshold 8 (max 8)
- age   1:    3387464 bytes,    3387464 total
- age   2:    2174344 bytes,    5561808 total
- age   3:      18064 bytes,    5579872 total
- age   4:       3640 bytes,    5583512 total
- age   5:       7248 bytes,    5590760 total
- age   6:       7744 bytes,    5598504 total
- age   7:      11536 bytes,    5610040 total
- age   8:       8200 bytes,    5618240 total
: 97676K->8452K(109248K), 0.0232312 secs] 110776K->21562K(502464K), 0.0232989 secs] [Times: user=0.02 sys=0.00, real=0.02 secs] 
Heap after GC invocations=40 (full 1):
 par new generation   total 109248K, used 8452K [0x00000000e0000000, 0x00000000e8000000, 0x00000000e8000000)
  eden space 87424K,   0% used [0x00000000e0000000, 0x00000000e0000000, 0x00000000e5560000)
  from space 21824K,  38% used [0x00000000e5560000, 0x00000000e5da1080, 0x00000000e6ab0000)
  to   space 21824K,   0% used [0x00000000e6ab0000, 0x00000000e6ab0000, 0x00000000e8000000)
 concurrent mark-sweep generation total 393216K, used 13110K [0x00000000e8000000, 0x0000000100000000, 0x0000000100000000)
 Metaspace       used 34208K, capacity 34788K, committed 35040K, reserved 1081344K
  class space    used 3620K, capacity 3782K, committed 3836K, reserved 1048576K
}
2017-03-31T04:56:49.529+0200: 270.255: Total time for which application threads were stopped: 0.0234932 seconds, Stopping threads took: 0.0000326 seconds
2017-03-31T04:56:49.539+0200: 270.265: Total time for which application threads were stopped: 0.0005071 seconds, Stopping threads took: 0.0000254 seconds
{Heap before GC invocations=40 (full 1):
 par new generation   total 109248K, used 95876K [0x00000000e0000000, 0x00000000e8000000, 0x00000000e8000000)
  eden space 87424K, 100% used [0x00000000e0000000, 0x00000000e5560000, 0x00000000e5560000)
  from space 21824K,  38% used [0x00000000e5560000, 0x00000000e5da1080, 0x00000000e6ab0000)
  to   space 21824K,   0% used [0x00000000e6ab0000, 0x00000000e6ab0000, 0x00000000e8000000)
 concurrent mark-sweep generation total 393216K, used 13110K [0x00000000e8000000, 0x0000000100000000, 0x0000000100000000)
 Metaspace       used 34217K, capacity 34788K, committed 35040K, reserved 1081344K
  class space    used 3620K, capacity 3782K, committed 3836K, reserved 1048576K
2017-03-31T04:56:49.913+0200: 270.639: [GC (Allocation Failure) 2017-03-31T04:56:49.913+0200: 270.639: [ParNew
Desired survivor size 20112992 bytes, new threshold 8 (max 8)
- age   1:    3504728 bytes,    3504728 total
- age   2:    2867592 bytes,    6372320 total
- age   3:    1772856 bytes,    8145176 total
- age   4:       6640 bytes,    8151816 total
- age   5:       3640 bytes,    8155456 total
- age   6:       7248 bytes,    8162704 total
- age   7:       7744 bytes,    8170448 total
- age   8:       6088 bytes,    8176536 total
: 95876K->10140K(109248K), 0.0282099 secs] 108986K->23259K(502464K), 0.0282793 secs] [Times: user=0.02 sys=0.00, real=0.03 secs] 
Heap after GC invocations=41 (full 1):
 par new generation   total 109248K, used 10140K [0x00000000e0000000, 0x00000000e8000000, 0x00000000e8000000)
  eden space 87424K,   0% used [0x00000000e0000000, 0x00000000e0000000, 0x00000000e5560000)
  from space 21824K,  46% used [0x00000000e6ab0000, 0x00000000e7497398, 0x00000000e8000000)
  to   space 21824K,   0% used [0x00000000e5560000, 0x00000000e5560000, 0x00000000e6ab0000)
 concurrent mark-sweep generation total 393216K, used 13118K [0x00000000e8000000, 0x0000000100000000, 0x0000000100000000)
 Metaspace       used 34217K, capacity 34788K, committed 35040K, reserved 1081344K
  class space    used 3620K, capacity 3782K, committed 3836K, reserved 1048576K
}
2017-03-31T04:56:49.941+0200: 270.667: Total time for which application threads were stopped: 0.0408263 seconds, Stopping threads took: 0.0123736 seconds
2017-03-31T04:56:50.043+0200: 270.769: Total time for which application threads were stopped: 0.0003902 seconds, Stopping threads took: 0.0001569 seconds
2017-03-31T04:56:50.247+0200: 270.973: Total time for which application threads were stopped: 0.0003912 seconds, Stopping threads took: 0.0001032 seconds
{Heap before GC invocations=41 (full 1):
 par new generation   total 109248K, used 97564K [0x00000000e0000000, 0x00000000e8000000, 0x00000000e8000000)
  eden space 87424K, 100% used [0x00000000e0000000, 0x00000000e5560000, 0x00000000e5560000)
  from space 21824K,  46% used [0x00000000e6ab0000, 0x00000000e7497398, 0x00000000e8000000)
  to   space 21824K,   0% used [0x00000000e5560000, 0x00000000e5560000, 0x00000000e6ab0000)
 concurrent mark-sweep generation total 393216K, used 13118K [0x00000000e8000000, 0x0000000100000000, 0x0000000100000000)
 Metaspace       used 34234K, capacity 34788K, committed 35040K, reserved 1081344K
  class space    used 3620K, capacity 3782K, committed 3836K, reserved 1048576K
2017-03-31T04:56:50.536+0200: 271.262: [GC (Allocation Failure) 2017-03-31T04:56:50.536+0200: 271.263: [ParNew
Desired survivor size 20112992 bytes, new threshold 8 (max 8)
- age   1:    4665016 bytes,    4665016 total
- age   2:    2803720 bytes,    7468736 total
- age   3:       5408 bytes,    7474144 total
- age   4:       8104 bytes,    7482248 total
- age   5:       6640 bytes,    7488888 total
- age   6:       3640 bytes,    7492528 total
- age   7:       7120 bytes,    7499648 total
- age   8:       7744 bytes,    7507392 total
: 97564K->12652K(109248K), 0.0260504 secs] 110683K->25777K(502464K), 0.0261280 secs] [Times: user=0.02 sys=0.00, real=0.02 secs] 
Heap after GC invocations=42 (full 1):
 par new generation   total 109248K, used 12652K [0x00000000e0000000, 0x00000000e8000000, 0x00000000e8000000)
  eden space 87424K,   0% used [0x00000000e0000000, 0x00000000e0000000, 0x00000000e5560000)
  from space 21824K,  57% used [0x00000000e5560000, 0x00000000e61bb2c0, 0x00000000e6ab0000)
  to   space 21824K,   0% used [0x00000000e6ab0000, 0x00000000e6ab0000, 0x00000000e8000000)
 concurrent mark-sweep generation total 393216K, used 13124K [0x00000000e8000000, 0x0000000100000000, 0x0000000100000000)
 Metaspace       used 34234K, capacity 34788K, committed 35040K, reserved 1081344K
  class space    used 3620K, capacity 3782K, committed 3836K, reserved 1048576K
}
2017-03-31T04:56:50.562+0200: 271.289: Total time for which application threads were stopped: 0.0262876 seconds, Stopping threads took: 0.0000281 seconds
2017-03-31T04:56:50.826+0200: 271.552: Total time for which application threads were stopped: 0.0002514 seconds, Stopping threads took: 0.0000532 seconds
2017-03-31T04:56:51.015+0200: 271.741: Total time for which application threads were stopped: 0.0004160 seconds, Stopping threads took: 0.0001040 seconds
{Heap before GC invocations=42 (full 1):
 par new generation   total 109248K, used 100076K [0x00000000e0000000, 0x00000000e8000000, 0x00000000e8000000)
  eden space 87424K, 100% used [0x00000000e0000000, 0x00000000e5560000, 0x00000000e5560000)
  from space 21824K,  57% used [0x00000000e5560000, 0x00000000e61bb2c0, 0x00000000e6ab0000)
  to   space 21824K,   0% used [0x00000000e6ab0000, 0x00000000e6ab0000, 0x00000000e8000000)
 concurrent mark-sweep generation total 393216K, used 13124K [0x00000000e8000000, 0x0000000100000000, 0x0000000100000000)
 Metaspace       used 34248K, capacity 34788K, committed 35040K, reserved 1081344K
  class space    used 3620K, capacity 3782K, committed 3836K, reserved 1048576K
2017-03-31T04:56:51.033+0200: 271.760: [GC (Allocation Failure) 2017-03-31T04:56:51.034+0200: 271.760: [ParNew
Desired survivor size 20112992 bytes, new threshold 8 (max 8)
- age   1:    3259680 bytes,    3259680 total
- age   2:    2327624 bytes,    5587304 total
- age   3:       4640 bytes,    5591944 total
- age   4:       5344 bytes,    5597288 total
- age   5:       8040 bytes,    5605328 total
- age   6:       6640 bytes,    5611968 total
- age   7:       3640 bytes,    5615608 total
- age   8:       7120 bytes,    5622728 total
: 100076K->7682K(109248K), 0.0197947 secs] 113201K->20814K(502464K), 0.0198609 secs] [Times: user=0.02 sys=0.00, real=0.02 secs] 
Heap after GC invocations=43 (full 1):
 par new generation   total 109248K, used 7682K [0x00000000e0000000, 0x00000000e8000000, 0x00000000e8000000)
  eden space 87424K,   0% used [0x00000000e0000000, 0x00000000e0000000, 0x00000000e5560000)
  from space 21824K,  35% used [0x00000000e6ab0000, 0x00000000e72309f0, 0x00000000e8000000)
  to   space 21824K,   0% used [0x00000000e5560000, 0x00000000e5560000, 0x00000000e6ab0000)
 concurrent mark-sweep generation total 393216K, used 13132K [0x00000000e8000000, 0x0000000100000000, 0x0000000100000000)
 Metaspace       used 34248K, capacity 34788K, committed 35040K, reserved 1081344K
  class space    used 3620K, capacity 3782K, committed 3836K, reserved 1048576K
}
2017-03-31T04:56:51.053+0200: 271.780: Total time for which application threads were stopped: 0.0220281 seconds, Stopping threads took: 0.0020250 seconds
{Heap before GC invocations=43 (full 1):
 par new generation   total 109248K, used 95106K [0x00000000e0000000, 0x00000000e8000000, 0x00000000e8000000)
  eden space 87424K, 100% used [0x00000000e0000000, 0x00000000e5560000, 0x00000000e5560000)
  from space 21824K,  35% used [0x00000000e6ab0000, 0x00000000e72309f0, 0x00000000e8000000)
  to   space 21824K,   0% used [0x00000000e5560000, 0x00000000e5560000, 0x00000000e6ab0000)
 concurrent mark-sweep generation total 393216K, used 13132K [0x00000000e8000000, 0x0000000100000000, 0x0000000100000000)
 Metaspace       used 34252K, capacity 34788K, committed 35040K, reserved 1081344K
  class space    used 3620K, capacity 3782K, committed 3836K, reserved 1048576K
2017-03-31T04:56:51.446+0200: 272.172: [GC (Allocation Failure) 2017-03-31T04:56:51.446+0200: 272.172: [ParNew
Desired survivor size 20112992 bytes, new threshold 8 (max 8)
- age   1:    3376216 bytes,    3376216 total
- age   2:    2984024 bytes,    6360240 total
- age   3:    1876000 bytes,    8236240 total
- age   4:       4640 bytes,    8240880 total
- age   5:       5216 bytes,    8246096 total
- age   6:       7976 bytes,    8254072 total
- age   7:       6640 bytes,    8260712 total
- age   8:       3640 bytes,    8264352 total
: 95106K->10110K(109248K), 0.0203271 secs] 108238K->23249K(502464K), 0.0203927 secs] [Times: user=0.02 sys=0.00, real=0.02 secs] 
Heap after GC invocations=44 (full 1):
 par new generation   total 109248K, used 10110K [0x00000000e0000000, 0x00000000e8000000, 0x00000000e8000000)
  eden space 87424K,   0% used [0x00000000e0000000, 0x00000000e0000000, 0x00000000e5560000)
  from space 21824K,  46% used [0x00000000e5560000, 0x00000000e5f3f9a0, 0x00000000e6ab0000)
  to   space 21824K,   0% used [0x00000000e6ab0000, 0x00000000e6ab0000, 0x00000000e8000000)
 concurrent mark-sweep generation total 393216K, used 13139K [0x00000000e8000000, 0x0000000100000000, 0x0000000100000000)
 Metaspace       used 34252K, capacity 34788K, committed 35040K, reserved 1081344K
  class space    used 3620K, capacity 3782K, committed 3836K, reserved 1048576K
}
2017-03-31T04:56:51.466+0200: 272.193: Total time for which application threads were stopped: 0.0205784 seconds, Stopping threads took: 0.0000420 seconds
2017-03-31T04:56:51.557+0200: 272.283: Total time for which application threads were stopped: 0.0003404 seconds, Stopping threads took: 0.0000481 seconds
2017-03-31T04:56:51.606+0200: 272.332: Total time for which application threads were stopped: 0.0001001 seconds, Stopping threads took: 0.0000248 seconds
2017-03-31T04:56:51.762+0200: 272.489: Total time for which application threads were stopped: 0.0002901 seconds, Stopping threads took: 0.0000349 seconds
{Heap before GC invocations=44 (full 1):
 par new generation   total 109248K, used 97534K [0x00000000e0000000, 0x00000000e8000000, 0x00000000e8000000)
  eden space 87424K, 100% used [0x00000000e0000000, 0x00000000e5560000, 0x00000000e5560000)
  from space 21824K,  46% used [0x00000000e5560000, 0x00000000e5f3f9a0, 0x00000000e6ab0000)
  to   space 21824K,   0% used [0x00000000e6ab0000, 0x00000000e6ab0000, 0x00000000e8000000)
 concurrent mark-sweep generation total 393216K, used 13139K [0x00000000e8000000, 0x0000000100000000, 0x0000000100000000)
 Metaspace       used 34254K, capacity 34788K, committed 35040K, reserved 1081344K
  class space    used 3620K, capacity 3782K, committed 3836K, reserved 1048576K
2017-03-31T04:56:52.019+0200: 272.745: [GC (Allocation Failure) 2017-03-31T04:56:52.019+0200: 272.745: [ParNew
Desired survivor size 20112992 bytes, new threshold 8 (max 8)
- age   1:    4545488 bytes,    4545488 total
- age   2:    2830936 bytes,    7376424 total
- age   3:     102488 bytes,    7478912 total
- age   4:       7984 bytes,    7486896 total
- age   5:       4640 bytes,    7491536 total
- age   6:       5024 bytes,    7496560 total
- age   7:       7976 bytes,    7504536 total
- age   8:       6640 bytes,    7511176 total
: 97534K->11856K(109248K), 0.0257824 secs] 110673K->24999K(502464K), 0.0258514 secs] [Times: user=0.02 sys=0.00, real=0.02 secs] 
Heap after GC invocations=45 (full 1):
 par new generation   total 109248K, used 11856K [0x00000000e0000000, 0x00000000e8000000, 0x00000000e8000000)
  eden space 87424K,   0% used [0x00000000e0000000, 0x00000000e0000000, 0x00000000e5560000)
  from space 21824K,  54% used [0x00000000e6ab0000, 0x00000000e7644250, 0x00000000e8000000)
  to   space 21824K,   0% used [0x00000000e5560000, 0x00000000e5560000, 0x00000000e6ab0000)
 concurrent mark-sweep generation total 393216K, used 13142K [0x00000000e8000000, 0x0000000100000000, 0x0000000100000000)
 Metaspace       used 34254K, capacity 34788K, committed 35040K, reserved 1081344K
  class space    used 3620K, capacity 3782K, committed 3836K, reserved 1048576K
}
2017-03-31T04:56:52.045+0200: 272.771: Total time for which application threads were stopped: 0.0260272 seconds, Stopping threads took: 0.0000315 seconds
2017-03-31T04:56:52.281+0200: 273.007: Total time for which application threads were stopped: 0.0001148 seconds, Stopping threads took: 0.0000328 seconds
2017-03-31T04:56:52.435+0200: 273.162: Total time for which application threads were stopped: 0.0001791 seconds, Stopping threads took: 0.0000278 seconds
{Heap before GC invocations=45 (full 1):
 par new generation   total 109248K, used 99280K [0x00000000e0000000, 0x00000000e8000000, 0x00000000e8000000)
  eden space 87424K, 100% used [0x00000000e0000000, 0x00000000e5560000, 0x00000000e5560000)
  from space 21824K,  54% used [0x00000000e6ab0000, 0x00000000e7644250, 0x00000000e8000000)
  to   space 21824K,   0% used [0x00000000e5560000, 0x00000000e5560000, 0x00000000e6ab0000)
 concurrent mark-sweep generation total 393216K, used 13142K [0x00000000e8000000, 0x0000000100000000, 0x0000000100000000)
 Metaspace       used 34258K, capacity 34788K, committed 35040K, reserved 1081344K
  class space    used 3620K, capacity 3782K, committed 3836K, reserved 1048576K
2017-03-31T04:56:52.513+0200: 273.240: [GC (Allocation Failure) 2017-03-31T04:56:52.513+0200: 273.240: [ParNew
Desired survivor size 20112992 bytes, new threshold 8 (max 8)
- age   1:    4001648 bytes,    4001648 total
- age   2:    2282920 bytes,    6284568 total
- age   3:       3480 bytes,    6288048 total
- age   4:       6680 bytes,    6294728 total
- age   5:       7792 bytes,    6302520 total
- age   6:       4640 bytes,    6307160 total
- age   7:       5024 bytes,    6312184 total
- age   8:       7976 bytes,    6320160 total
: 99280K->8818K(109248K), 0.0251872 secs] 112423K->21968K(502464K), 0.0252496 secs] [Times: user=0.02 sys=0.00, real=0.03 secs] 
Heap after GC invocations=46 (full 1):
 par new generation   total 109248K, used 8818K [0x00000000e0000000, 0x00000000e8000000, 0x00000000e8000000)
  eden space 87424K,   0% used [0x00000000e0000000, 0x00000000e0000000, 0x00000000e5560000)
  from space 21824K,  40% used [0x00000000e5560000, 0x00000000e5dfcbf0, 0x00000000e6ab0000)
  to   space 21824K,   0% used [0x00000000e6ab0000, 0x00000000e6ab0000, 0x00000000e8000000)
 concurrent mark-sweep generation total 393216K, used 13149K [0x00000000e8000000, 0x0000000100000000, 0x0000000100000000)
 Metaspace       used 34258K, capacity 34788K, committed 35040K, reserved 1081344K
  class space    used 3620K, capacity 3782K, committed 3836K, reserved 1048576K
}
2017-03-31T04:56:52.539+0200: 273.265: Total time for which application threads were stopped: 0.0289324 seconds, Stopping threads took: 0.0035361 seconds
{Heap before GC invocations=46 (full 1):
 par new generation   total 109248K, used 96242K [0x00000000e0000000, 0x00000000e8000000, 0x00000000e8000000)
  eden space 87424K, 100% used [0x00000000e0000000, 0x00000000e5560000, 0x00000000e5560000)
  from space 21824K,  40% used [0x00000000e5560000, 0x00000000e5dfcbf0, 0x00000000e6ab0000)
  to   space 21824K,   0% used [0x00000000e6ab0000, 0x00000000e6ab0000, 0x00000000e8000000)
 concurrent mark-sweep generation total 393216K, used 13149K [0x00000000e8000000, 0x0000000100000000, 0x0000000100000000)
 Metaspace       used 34258K, capacity 34788K, committed 35040K, reserved 1081344K
  class space    used 3620K, capacity 3782K, committed 3836K, reserved 1048576K
2017-03-31T04:56:52.874+0200: 273.600: [GC (Allocation Failure) 2017-03-31T04:56:52.874+0200: 273.600: [ParNew
Desired survivor size 20112992 bytes, new threshold 8 (max 8)
- age   1:    2934592 bytes,    2934592 total
- age   2:    3394520 bytes,    6329112 total
- age   3:    1974280 bytes,    8303392 total
- age   4:       3480 bytes,    8306872 total
- age   5:       6680 bytes,    8313552 total
- age   6:       7792 bytes,    8321344 total
- age   7:       4640 bytes,    8325984 total
- age   8:       5024 bytes,    8331008 total
: 96242K->10388K(109248K), 0.0263096 secs] 109392K->23545K(502464K), 0.0265712 secs] [Times: user=0.03 sys=0.00, real=0.03 secs] 
Heap after GC invocations=47 (full 1):
 par new generation   total 109248K, used 10388K [0x00000000e0000000, 0x00000000e8000000, 0x00000000e8000000)
  eden space 87424K,   0% used [0x00000000e0000000, 0x00000000e0000000, 0x00000000e5560000)
  from space 21824K,  47% used [0x00000000e6ab0000, 0x00000000e74d5148, 0x00000000e8000000)
  to   space 21824K,   0% used [0x00000000e5560000, 0x00000000e5560000, 0x00000000e6ab0000)
 concurrent mark-sweep generation total 393216K, used 13156K [0x00000000e8000000, 0x0000000100000000, 0x0000000100000000)
 Metaspace       used 34258K, capacity 34788K, committed 35040K, reserved 1081344K
  class space    used 3620K, capacity 3782K, committed 3836K, reserved 1048576K
}
2017-03-31T04:56:52.900+0200: 273.627: Total time for which application threads were stopped: 0.0330226 seconds, Stopping threads took: 0.0062942 seconds
2017-03-31T04:56:53.003+0200: 273.729: Total time for which application threads were stopped: 0.0001002 seconds, Stopping threads took: 0.0000321 seconds
2017-03-31T04:56:53.197+0200: 273.924: Total time for which application threads were stopped: 0.0001643 seconds, Stopping threads took: 0.0000282 seconds
{Heap before GC invocations=47 (full 1):
 par new generation   total 109248K, used 97812K [0x00000000e0000000, 0x00000000e8000000, 0x00000000e8000000)
  eden space 87424K, 100% used [0x00000000e0000000, 0x00000000e5560000, 0x00000000e5560000)
  from space 21824K,  47% used [0x00000000e6ab0000, 0x00000000e74d5148, 0x00000000e8000000)
  to   space 21824K,   0% used [0x00000000e5560000, 0x00000000e5560000, 0x00000000e6ab0000)
 concurrent mark-sweep generation total 393216K, used 13156K [0x00000000e8000000, 0x0000000100000000, 0x0000000100000000)
 Metaspace       used 34268K, capacity 34788K, committed 35040K, reserved 1081344K
  class space    used 3620K, capacity 3782K, committed 3836K, reserved 1048576K
2017-03-31T04:56:53.478+0200: 274.205: [GC (Allocation Failure) 2017-03-31T04:56:53.479+0200: 274.205: [ParNew
Desired survivor size 20112992 bytes, new threshold 8 (max 8)
- age   1:    4440712 bytes,    4440712 total
- age   2:    2522336 bytes,    6963048 total
- age   3:     546248 bytes,    7509296 total
- age   4:       7680 bytes,    7516976 total
- age   5:       3352 bytes,    7520328 total
- age   6:       6424 bytes,    7526752 total
- age   7:       7792 bytes,    7534544 total
- age   8:       4640 bytes,    7539184 total
: 97812K->12076K(109248K), 0.0227605 secs] 110969K->25238K(502464K), 0.0228389 secs] [Times: user=0.03 sys=0.00, real=0.02 secs] 
Heap after GC invocations=48 (full 1):
 par new generation   total 109248K, used 12076K [0x00000000e0000000, 0x00000000e8000000, 0x00000000e8000000)
  eden space 87424K,   0% used [0x00000000e0000000, 0x00000000e0000000, 0x00000000e5560000)
  from space 21824K,  55% used [0x00000000e5560000, 0x00000000e612b290, 0x00000000e6ab0000)
  to   space 21824K,   0% used [0x00000000e6ab0000, 0x00000000e6ab0000, 0x00000000e8000000)
 concurrent mark-sweep generation total 393216K, used 13161K [0x00000000e8000000, 0x0000000100000000, 0x0000000100000000)
 Metaspace       used 34268K, capacity 34788K, committed 35040K, reserved 1081344K
  class space    used 3620K, capacity 3782K, committed 3836K, reserved 1048576K
}
2017-03-31T04:56:53.501+0200: 274.228: Total time for which application threads were stopped: 0.0229931 seconds, Stopping threads took: 0.0000311 seconds
2017-03-31T04:56:53.691+0200: 274.417: Total time for which application threads were stopped: 0.0001290 seconds, Stopping threads took: 0.0000278 seconds
2017-03-31T04:56:53.922+0200: 274.648: Total time for which application threads were stopped: 0.0003760 seconds, Stopping threads took: 0.0000992 seconds
{Heap before GC invocations=48 (full 1):
 par new generation   total 109248K, used 99500K [0x00000000e0000000, 0x00000000e8000000, 0x00000000e8000000)
  eden space 87424K, 100% used [0x00000000e0000000, 0x00000000e5560000, 0x00000000e5560000)
  from space 21824K,  55% used [0x00000000e5560000, 0x00000000e612b290, 0x00000000e6ab0000)
  to   space 21824K,   0% used [0x00000000e6ab0000, 0x00000000e6ab0000, 0x00000000e8000000)
 concurrent mark-sweep generation total 393216K, used 13161K [0x00000000e8000000, 0x0000000100000000, 0x0000000100000000)
 Metaspace       used 34289K, capacity 34852K, committed 35040K, reserved 1081344K
  class space    used 3620K, capacity 3782K, committed 3836K, reserved 1048576K
2017-03-31T04:56:54.057+0200: 274.784: [GC (Allocation Failure) 2017-03-31T04:56:54.057+0200: 274.784: [ParNew
Desired survivor size 20112992 bytes, new threshold 8 (max 8)
- age   1:    4120072 bytes,    4120072 total
- age   2:    2270208 bytes,    6390280 total
- age   3:       3128 bytes,    6393408 total
- age   4:       7264 bytes,    6400672 total
- age   5:       7424 bytes,    6408096 total
- age   6:       3352 bytes,    6411448 total
- age   7:       6424 bytes,    6417872 total
- age   8:       7792 bytes,    6425664 total
: 99500K->8914K(109248K), 0.0263303 secs] 112662K->22081K(502464K), 0.0263961 secs] [Times: user=0.02 sys=0.00, real=0.02 secs] 
Heap after GC invocations=49 (full 1):
 par new generation   total 109248K, used 8914K [0x00000000e0000000, 0x00000000e8000000, 0x00000000e8000000)
  eden space 87424K,   0% used [0x00000000e0000000, 0x00000000e0000000, 0x00000000e5560000)
  from space 21824K,  40% used [0x00000000e6ab0000, 0x00000000e7364a70, 0x00000000e8000000)
  to   space 21824K,   0% used [0x00000000e5560000, 0x00000000e5560000, 0x00000000e6ab0000)
 concurrent mark-sweep generation total 393216K, used 13166K [0x00000000e8000000, 0x0000000100000000, 0x0000000100000000)
 Metaspace       used 34289K, capacity 34852K, committed 35040K, reserved 1081344K
  class space    used 3620K, capacity 3782K, committed 3836K, reserved 1048576K
}
2017-03-31T04:56:54.084+0200: 274.810: Total time for which application threads were stopped: 0.0265550 seconds, Stopping threads took: 0.0000309 seconds
{Heap before GC invocations=49 (full 1):
 par new generation   total 109248K, used 96338K [0x00000000e0000000, 0x00000000e8000000, 0x00000000e8000000)
  eden space 87424K, 100% used [0x00000000e0000000, 0x00000000e5560000, 0x00000000e5560000)
  from space 21824K,  40% used [0x00000000e6ab0000, 0x00000000e7364a70, 0x00000000e8000000)
  to   space 21824K,   0% used [0x00000000e5560000, 0x00000000e5560000, 0x00000000e6ab0000)
 concurrent mark-sweep generation total 393216K, used 13166K [0x00000000e8000000, 0x0000000100000000, 0x0000000100000000)
 Metaspace       used 34291K, capacity 34852K, committed 35040K, reserved 1081344K
  class space    used 3620K, capacity 3782K, committed 3836K, reserved 1048576K
2017-03-31T04:56:54.404+0200: 275.130: [GC (Allocation Failure) 2017-03-31T04:56:54.404+0200: 275.130: [ParNew
Desired survivor size 20112992 bytes, new threshold 8 (max 8)
- age   1:    2905216 bytes,    2905216 total
- age   2:    3853248 bytes,    6758464 total
- age   3:    2038104 bytes,    8796568 total
- age   4:       3128 bytes,    8799696 total
- age   5:       7264 bytes,    8806960 total
- age   6:       7424 bytes,    8814384 total
- age   7:       3352 bytes,    8817736 total
- age   8:       6424 bytes,    8824160 total
: 96338K->11356K(109248K), 0.0318673 secs] 109505K->24530K(502464K), 0.0319280 secs] [Times: user=0.04 sys=0.00, real=0.03 secs] 
Heap after GC invocations=50 (full 1):
 par new generation   total 109248K, used 11356K [0x00000000e0000000, 0x00000000e8000000, 0x00000000e8000000)
  eden space 87424K,   0% used [0x00000000e0000000, 0x00000000e0000000, 0x00000000e5560000)
  from space 21824K,  52% used [0x00000000e5560000, 0x00000000e60770c0, 0x00000000e6ab0000)
  to   space 21824K,   0% used [0x00000000e6ab0000, 0x00000000e6ab0000, 0x00000000e8000000)
 concurrent mark-sweep generation total 393216K, used 13174K [0x00000000e8000000, 0x0000000100000000, 0x0000000100000000)
 Metaspace       used 34291K, capacity 34852K, committed 35040K, reserved 1081344K
  class space    used 3620K, capacity 3782K, committed 3836K, reserved 1048576K
}
2017-03-31T04:56:54.436+0200: 275.162: Total time for which application threads were stopped: 0.0321405 seconds, Stopping threads took: 0.0000632 seconds
2017-03-31T04:56:54.476+0200: 275.202: Total time for which application threads were stopped: 0.0000952 seconds, Stopping threads took: 0.0000327 seconds
2017-03-31T04:56:54.637+0200: 275.363: Total time for which application threads were stopped: 0.0004272 seconds, Stopping threads took: 0.0001008 seconds
{Heap before GC invocations=50 (full 1):
 par new generation   total 109248K, used 98780K [0x00000000e0000000, 0x00000000e8000000, 0x00000000e8000000)
  eden space 87424K, 100% used [0x00000000e0000000, 0x00000000e5560000, 0x00000000e5560000)
  from space 21824K,  52% used [0x00000000e5560000, 0x00000000e60770c0, 0x00000000e6ab0000)
  to   space 21824K,   0% used [0x00000000e6ab0000, 0x00000000e6ab0000, 0x00000000e8000000)
 concurrent mark-sweep generation total 393216K, used 13174K [0x00000000e8000000, 0x0000000100000000, 0x0000000100000000)
 Metaspace       used 34300K, capacity 34852K, committed 35040K, reserved 1081344K
  class space    used 3620K, capacity 3782K, committed 3836K, reserved 1048576K
2017-03-31T04:56:54.943+0200: 275.669: [GC (Allocation Failure) 2017-03-31T04:56:54.943+0200: 275.669: [ParNew
Desired survivor size 20112992 bytes, new threshold 8 (max 8)
- age   1:    4177320 bytes,    4177320 total
- age   2:    2418688 bytes,    6596008 total
- age   3:    1096232 bytes,    7692240 total
- age   4:       7416 bytes,    7699656 total
- age   5:       3128 bytes,    7702784 total
- age   6:       7072 bytes,    7709856 total
- age   7:       7424 bytes,    7717280 total
- age   8:       3352 bytes,    7720632 total
: 98780K->11117K(109248K), 0.0263257 secs] 111954K->24297K(502464K), 0.0263972 secs] [Times: user=0.03 sys=0.00, real=0.02 secs] 
Heap after GC invocations=51 (full 1):
 par new generation   total 109248K, used 11117K [0x00000000e0000000, 0x00000000e8000000, 0x00000000e8000000)
  eden space 87424K,   0% used [0x00000000e0000000, 0x00000000e0000000, 0x00000000e5560000)
  from space 21824K,  50% used [0x00000000e6ab0000, 0x00000000e758b538, 0x00000000e8000000)
  to   space 21824K,   0% used [0x00000000e5560000, 0x00000000e5560000, 0x00000000e6ab0000)
 concurrent mark-sweep generation total 393216K, used 13180K [0x00000000e8000000, 0x0000000100000000, 0x0000000100000000)
 Metaspace       used 34300K, capacity 34852K, committed 35040K, reserved 1081344K
  class space    used 3620K, capacity 3782K, committed 3836K, reserved 1048576K
}
2017-03-31T04:56:54.969+0200: 275.696: Total time for which application threads were stopped: 0.0265526 seconds, Stopping threads took: 0.0000287 seconds
2017-03-31T04:56:55.168+0200: 275.894: Total time for which application threads were stopped: 0.0000897 seconds, Stopping threads took: 0.0000266 seconds
2017-03-31T04:56:55.351+0200: 276.078: Total time for which application threads were stopped: 0.0004406 seconds, Stopping threads took: 0.0000418 seconds
{Heap before GC invocations=51 (full 1):
 par new generation   total 109248K, used 98541K [0x00000000e0000000, 0x00000000e8000000, 0x00000000e8000000)
  eden space 87424K, 100% used [0x00000000e0000000, 0x00000000e5560000, 0x00000000e5560000)
  from space 21824K,  50% used [0x00000000e6ab0000, 0x00000000e758b538, 0x00000000e8000000)
  to   space 21824K,   0% used [0x00000000e5560000, 0x00000000e5560000, 0x00000000e6ab0000)
 concurrent mark-sweep generation total 393216K, used 13180K [0x00000000e8000000, 0x0000000100000000, 0x0000000100000000)
 Metaspace       used 34316K, capacity 34852K, committed 35040K, reserved 1081344K
  class space    used 3620K, capacity 3782K, committed 3836K, reserved 1048576K
2017-03-31T04:56:55.509+0200: 276.235: [GC (Allocation Failure) 2017-03-31T04:56:55.509+0200: 276.235: [ParNew
Desired survivor size 20112992 bytes, new threshold 8 (max 8)
- age   1:    4404104 bytes,    4404104 total
- age   2:    2463912 bytes,    6868016 total
- age   3:      22592 bytes,    6890608 total
- age   4:       7376 bytes,    6897984 total
- age   5:       7096 bytes,    6905080 total
- age   6:       3128 bytes,    6908208 total
- age   7:       7072 bytes,    6915280 total
- age   8:       7424 bytes,    6922704 total
: 98541K->9595K(109248K), 0.0321683 secs] 111721K->22778K(502464K), 0.0322350 secs] [Times: user=0.03 sys=0.00, real=0.04 secs] 
Heap after GC invocations=52 (full 1):
 par new generation   total 109248K, used 9595K [0x00000000e0000000, 0x00000000e8000000, 0x00000000e8000000)
  eden space 87424K,   0% used [0x00000000e0000000, 0x00000000e0000000, 0x00000000e5560000)
  from space 21824K,  43% used [0x00000000e5560000, 0x00000000e5ebec50, 0x00000000e6ab0000)
  to   space 21824K,   0% used [0x00000000e6ab0000, 0x00000000e6ab0000, 0x00000000e8000000)
 concurrent mark-sweep generation total 393216K, used 13183K [0x00000000e8000000, 0x0000000100000000, 0x0000000100000000)
 Metaspace       used 34316K, capacity 34852K, committed 35040K, reserved 1081344K
  class space    used 3620K, capacity 3782K, committed 3836K, reserved 1048576K
}
2017-03-31T04:56:55.541+0200: 276.267: Total time for which application threads were stopped: 0.0344056 seconds, Stopping threads took: 0.0020196 seconds
2017-03-31T04:56:55.890+0200: 276.617: Total time for which application threads were stopped: 0.0001197 seconds, Stopping threads took: 0.0000281 seconds
{Heap before GC invocations=52 (full 1):
 par new generation   total 109248K, used 97019K [0x00000000e0000000, 0x00000000e8000000, 0x00000000e8000000)
  eden space 87424K, 100% used [0x00000000e0000000, 0x00000000e5560000, 0x00000000e5560000)
  from space 21824K,  43% used [0x00000000e5560000, 0x00000000e5ebec50, 0x00000000e6ab0000)
  to   space 21824K,   0% used [0x00000000e6ab0000, 0x00000000e6ab0000, 0x00000000e8000000)
 concurrent mark-sweep generation total 393216K, used 13183K [0x00000000e8000000, 0x0000000100000000, 0x0000000100000000)
 Metaspace       used 34352K, capacity 34852K, committed 35040K, reserved 1081344K
  class space    used 3620K, capacity 3782K, committed 3836K, reserved 1048576K
2017-03-31T04:56:55.896+0200: 276.622: [GC (Allocation Failure) 2017-03-31T04:56:55.896+0200: 276.622: [ParNew
Desired survivor size 20112992 bytes, new threshold 8 (max 8)
- age   1:    3343864 bytes,    3343864 total
- age   2:    3856344 bytes,    7200208 total
- age   3:    2231032 bytes,    9431240 total
- age   4:      22592 bytes,    9453832 total
- age   5:       7248 bytes,    9461080 total
- age   6:       7096 bytes,    9468176 total
- age   7:       3128 bytes,    9471304 total
- age   8:       7072 bytes,    9478376 total
: 97019K->11357K(109248K), 0.0243805 secs] 110202K->24548K(502464K), 0.0244564 secs] [Times: user=0.03 sys=0.00, real=0.03 secs] 
Heap after GC invocations=53 (full 1):
 par new generation   total 109248K, used 11357K [0x00000000e0000000, 0x00000000e8000000, 0x00000000e8000000)
  eden space 87424K,   0% used [0x00000000e0000000, 0x00000000e0000000, 0x00000000e5560000)
  from space 21824K,  52% used [0x00000000e6ab0000, 0x00000000e75c76f0, 0x00000000e8000000)
  to   space 21824K,   0% used [0x00000000e5560000, 0x00000000e5560000, 0x00000000e6ab0000)
 concurrent mark-sweep generation total 393216K, used 13191K [0x00000000e8000000, 0x0000000100000000, 0x0000000100000000)
 Metaspace       used 34352K, capacity 34852K, committed 35040K, reserved 1081344K
  class space    used 3620K, capacity 3782K, committed 3836K, reserved 1048576K
}
2017-03-31T04:56:55.920+0200: 276.646: Total time for which application threads were stopped: 0.0246889 seconds, Stopping threads took: 0.0000297 seconds
2017-03-31T04:56:56.085+0200: 276.812: Total time for which application threads were stopped: 0.0002420 seconds, Stopping threads took: 0.0001083 seconds
{Heap before GC invocations=53 (full 1):
 par new generation   total 109248K, used 98781K [0x00000000e0000000, 0x00000000e8000000, 0x00000000e8000000)
  eden space 87424K, 100% used [0x00000000e0000000, 0x00000000e5560000, 0x00000000e5560000)
  from space 21824K,  52% used [0x00000000e6ab0000, 0x00000000e75c76f0, 0x00000000e8000000)
  to   space 21824K,   0% used [0x00000000e5560000, 0x00000000e5560000, 0x00000000e6ab0000)
 concurrent mark-sweep generation total 393216K, used 13191K [0x00000000e8000000, 0x0000000100000000, 0x0000000100000000)
 Metaspace       used 34413K, capacity 34916K, committed 35296K, reserved 1081344K
  class space    used 3620K, capacity 3782K, committed 3836K, reserved 1048576K
2017-03-31T04:56:56.456+0200: 277.182: [GC (Allocation Failure) 2017-03-31T04:56:56.456+0200: 277.182: [ParNew
Desired survivor size 20112992 bytes, new threshold 8 (max 8)
- age   1:    3827240 bytes,    3827240 total
- age   2:    2674968 bytes,    6502208 total
- age   3:    1337576 bytes,    7839784 total
- age   4:       7136 bytes,    7846920 total
- age   5:      22592 bytes,    7869512 total
- age   6:       7120 bytes,    7876632 total
- age   7:       7096 bytes,    7883728 total
- age   8:       3128 bytes,    7886856 total
: 98781K->13677K(109248K), 0.0236197 secs] 111972K->26875K(502464K), 0.0236877 secs] [Times: user=0.02 sys=0.00, real=0.02 secs] 
Heap after GC invocations=54 (full 1):
 par new generation   total 109248K, used 13677K [0x00000000e0000000, 0x00000000e8000000, 0x00000000e8000000)
  eden space 87424K,   0% used [0x00000000e0000000, 0x00000000e0000000, 0x00000000e5560000)
  from space 21824K,  62% used [0x00000000e5560000, 0x00000000e62bb720, 0x00000000e6ab0000)
  to   space 21824K,   0% used [0x00000000e6ab0000, 0x00000000e6ab0000, 0x00000000e8000000)
 concurrent mark-sweep generation total 393216K, used 13198K [0x00000000e8000000, 0x0000000100000000, 0x0000000100000000)
 Metaspace       used 34413K, capacity 34916K, committed 35296K, reserved 1081344K
  class space    used 3620K, capacity 3782K, committed 3836K, reserved 1048576K
}
2017-03-31T04:56:56.480+0200: 277.206: Total time for which application threads were stopped: 0.0238476 seconds, Stopping threads took: 0.0000307 seconds
2017-03-31T04:56:56.658+0200: 277.384: Total time for which application threads were stopped: 0.0001196 seconds, Stopping threads took: 0.0000270 seconds
2017-03-31T04:56:56.819+0200: 277.545: Total time for which application threads were stopped: 0.0004009 seconds, Stopping threads took: 0.0000306 seconds
{Heap before GC invocations=54 (full 1):
 par new generation   total 109248K, used 101101K [0x00000000e0000000, 0x00000000e8000000, 0x00000000e8000000)
  eden space 87424K, 100% used [0x00000000e0000000, 0x00000000e5560000, 0x00000000e5560000)
  from space 21824K,  62% used [0x00000000e5560000, 0x00000000e62bb720, 0x00000000e6ab0000)
  to   space 21824K,   0% used [0x00000000e6ab0000, 0x00000000e6ab0000, 0x00000000e8000000)
 concurrent mark-sweep generation total 393216K, used 13198K [0x00000000e8000000, 0x0000000100000000, 0x0000000100000000)
 Metaspace       used 34418K, capacity 34980K, committed 35296K, reserved 1081344K
  class space    used 3620K, capacity 3782K, committed 3836K, reserved 1048576K
2017-03-31T04:56:57.032+0200: 277.758: [GC (Allocation Failure) 2017-03-31T04:56:57.032+0200: 277.758: [ParNew
Desired survivor size 20112992 bytes, new threshold 8 (max 8)
- age   1:    4870360 bytes,    4870360 total
- age   2:    2595880 bytes,    7466240 total
- age   3:       6600 bytes,    7472840 total
- age   4:       9464 bytes,    7482304 total
- age   5:       7008 bytes,    7489312 total
- age   6:      22592 bytes,    7511904 total
- age   7:       7120 bytes,    7519024 total
- age   8:       7096 bytes,    7526120 total
: 101101K->10668K(109248K), 0.0257422 secs] 114299K->23869K(502464K), 0.0258164 secs] [Times: user=0.02 sys=0.00, real=0.04 secs] 
Heap after GC invocations=55 (full 1):
 par new generation   total 109248K, used 10668K [0x00000000e0000000, 0x00000000e8000000, 0x00000000e8000000)
  eden space 87424K,   0% used [0x00000000e0000000, 0x00000000e0000000, 0x00000000e5560000)
  from space 21824K,  48% used [0x00000000e6ab0000, 0x00000000e751b228, 0x00000000e8000000)
  to   space 21824K,   0% used [0x00000000e5560000, 0x00000000e5560000, 0x00000000e6ab0000)
 concurrent mark-sweep generation total 393216K, used 13201K [0x00000000e8000000, 0x0000000100000000, 0x0000000100000000)
 Metaspace       used 34418K, capacity 34980K, committed 35296K, reserved 1081344K
  class space    used 3620K, capacity 3782K, committed 3836K, reserved 1048576K
}
2017-03-31T04:56:57.058+0200: 277.784: Total time for which application threads were stopped: 0.0282401 seconds, Stopping threads took: 0.0022758 seconds
2017-03-31T04:56:57.295+0200: 278.021: Total time for which application threads were stopped: 0.0001192 seconds, Stopping threads took: 0.0000319 seconds
{Heap before GC invocations=55 (full 1):
 par new generation   total 109248K, used 98092K [0x00000000e0000000, 0x00000000e8000000, 0x00000000e8000000)
  eden space 87424K, 100% used [0x00000000e0000000, 0x00000000e5560000, 0x00000000e5560000)
  from space 21824K,  48% used [0x00000000e6ab0000, 0x00000000e751b228, 0x00000000e8000000)
  to   space 21824K,   0% used [0x00000000e5560000, 0x00000000e5560000, 0x00000000e6ab0000)
 concurrent mark-sweep generation total 393216K, used 13201K [0x00000000e8000000, 0x0000000100000000, 0x0000000100000000)
 Metaspace       used 34418K, capacity 34980K, committed 35296K, reserved 1081344K
  class space    used 3620K, capacity 3782K, committed 3836K, reserved 1048576K
2017-03-31T04:56:57.459+0200: 278.186: [GC (Allocation Failure) 2017-03-31T04:56:57.459+0200: 278.186: [ParNew
Desired survivor size 20112992 bytes, new threshold 8 (max 8)
- age   1:    3099816 bytes,    3099816 total
- age   2:    2041184 bytes,    5141000 total
- age   3:      16304 bytes,    5157304 total
- age   4:       6600 bytes,    5163904 total
- age   5:       9272 bytes,    5173176 total
- age   6:       7008 bytes,    5180184 total
- age   7:      22592 bytes,    5202776 total
- age   8:       7120 bytes,    5209896 total
: 98092K->7452K(109248K), 0.0394255 secs] 111293K->20660K(502464K), 0.0394818 secs] [Times: user=0.04 sys=0.00, real=0.04 secs] 
Heap after GC invocations=56 (full 1):
 par new generation   total 109248K, used 7452K [0x00000000e0000000, 0x00000000e8000000, 0x00000000e8000000)
  eden space 87424K,   0% used [0x00000000e0000000, 0x00000000e0000000, 0x00000000e5560000)
  from space 21824K,  34% used [0x00000000e5560000, 0x00000000e5ca7000, 0x00000000e6ab0000)
  to   space 21824K,   0% used [0x00000000e6ab0000, 0x00000000e6ab0000, 0x00000000e8000000)
 concurrent mark-sweep generation total 393216K, used 13208K [0x00000000e8000000, 0x0000000100000000, 0x0000000100000000)
 Metaspace       used 34418K, capacity 34980K, committed 35296K, reserved 1081344K
  class space    used 3620K, capacity 3782K, committed 3836K, reserved 1048576K
}
2017-03-31T04:56:57.499+0200: 278.225: Total time for which application threads were stopped: 0.0396491 seconds, Stopping threads took: 0.0000252 seconds
2017-03-31T04:56:57.541+0200: 278.268: Total time for which application threads were stopped: 0.0002664 seconds, Stopping threads took: 0.0001165 seconds
{Heap before GC invocations=56 (full 1):
 par new generation   total 109248K, used 94876K [0x00000000e0000000, 0x00000000e8000000, 0x00000000e8000000)
  eden space 87424K, 100% used [0x00000000e0000000, 0x00000000e5560000, 0x00000000e5560000)
  from space 21824K,  34% used [0x00000000e5560000, 0x00000000e5ca7000, 0x00000000e6ab0000)
  to   space 21824K,   0% used [0x00000000e6ab0000, 0x00000000e6ab0000, 0x00000000e8000000)
 concurrent mark-sweep generation total 393216K, used 13208K [0x00000000e8000000, 0x0000000100000000, 0x0000000100000000)
 Metaspace       used 34420K, capacity 34980K, committed 35296K, reserved 1081344K
  class space    used 3620K, capacity 3782K, committed 3836K, reserved 1048576K
2017-03-31T04:56:57.962+0200: 278.688: [GC (Allocation Failure) 2017-03-31T04:56:57.962+0200: 278.688: [ParNew
Desired survivor size 20112992 bytes, new threshold 8 (max 8)
- age   1:    3644528 bytes,    3644528 total
- age   2:    2864208 bytes,    6508736 total
- age   3:    1628760 bytes,    8137496 total
- age   4:       7216 bytes,    8144712 total
- age   5:       6600 bytes,    8151312 total
- age   6:       9208 bytes,    8160520 total
- age   7:       7008 bytes,    8167528 total
- age   8:      22592 bytes,    8190120 total
: 94876K->9937K(109248K), 0.0379530 secs] 108084K->23153K(502464K), 0.0380280 secs] [Times: user=0.04 sys=0.00, real=0.04 secs] 
Heap after GC invocations=57 (full 1):
 par new generation   total 109248K, used 9937K [0x00000000e0000000, 0x00000000e8000000, 0x00000000e8000000)
  eden space 87424K,   0% used [0x00000000e0000000, 0x00000000e0000000, 0x00000000e5560000)
  from space 21824K,  45% used [0x00000000e6ab0000, 0x00000000e74647b0, 0x00000000e8000000)
  to   space 21824K,   0% used [0x00000000e5560000, 0x00000000e5560000, 0x00000000e6ab0000)
 concurrent mark-sweep generation total 393216K, used 13215K [0x00000000e8000000, 0x0000000100000000, 0x0000000100000000)
 Metaspace       used 34420K, capacity 34980K, committed 35296K, reserved 1081344K
  class space    used 3620K, capacity 3782K, committed 3836K, reserved 1048576K
}
2017-03-31T04:56:58.000+0200: 278.726: Total time for which application threads were stopped: 0.0381759 seconds, Stopping threads took: 0.0000285 seconds
2017-03-31T04:56:58.095+0200: 278.821: Total time for which application threads were stopped: 0.0002582 seconds, Stopping threads took: 0.0000865 seconds
2017-03-31T04:56:58.272+0200: 278.999: Total time for which application threads were stopped: 0.0004791 seconds, Stopping threads took: 0.0002013 seconds
{Heap before GC invocations=57 (full 1):
 par new generation   total 109248K, used 97361K [0x00000000e0000000, 0x00000000e8000000, 0x00000000e8000000)
  eden space 87424K, 100% used [0x00000000e0000000, 0x00000000e5560000, 0x00000000e5560000)
  from space 21824K,  45% used [0x00000000e6ab0000, 0x00000000e74647b0, 0x00000000e8000000)
  to   space 21824K,   0% used [0x00000000e5560000, 0x00000000e5560000, 0x00000000e6ab0000)
 concurrent mark-sweep generation total 393216K, used 13215K [0x00000000e8000000, 0x0000000100000000, 0x0000000100000000)
 Metaspace       used 34432K, capacity 34980K, committed 35296K, reserved 1081344K
  class space    used 3620K, capacity 3782K, committed 3836K, reserved 1048576K
2017-03-31T04:56:58.507+0200: 279.233: [GC (Allocation Failure) 2017-03-31T04:56:58.507+0200: 279.233: [ParNew
Desired survivor size 20112992 bytes, new threshold 8 (max 8)
- age   1:    4947256 bytes,    4947256 total
- age   2:    2839744 bytes,    7787000 total
- age   3:       4704 bytes,    7791704 total
- age   4:       7248 bytes,    7798952 total
- age   5:       7088 bytes,    7806040 total
- age   6:       6600 bytes,    7812640 total
- age   7:       9208 bytes,    7821848 total
- age   8:       7008 bytes,    7828856 total
: 97361K->11739K(109248K), 0.0242606 secs] 110577K->24977K(502464K), 0.0243374 secs] [Times: user=0.02 sys=0.00, real=0.03 secs] 
Heap after GC invocations=58 (full 1):
 par new generation   total 109248K, used 11739K [0x00000000e0000000, 0x00000000e8000000, 0x00000000e8000000)
  eden space 87424K,   0% used [0x00000000e0000000, 0x00000000e0000000, 0x00000000e5560000)
  from space 21824K,  53% used [0x00000000e5560000, 0x00000000e60d6f80, 0x00000000e6ab0000)
  to   space 21824K,   0% used [0x00000000e6ab0000, 0x00000000e6ab0000, 0x00000000e8000000)
 concurrent mark-sweep generation total 393216K, used 13237K [0x00000000e8000000, 0x0000000100000000, 0x0000000100000000)
 Metaspace       used 34432K, capacity 34980K, committed 35296K, reserved 1081344K
  class space    used 3620K, capacity 3782K, committed 3836K, reserved 1048576K
}
2017-03-31T04:56:58.531+0200: 279.258: Total time for which application threads were stopped: 0.0275507 seconds, Stopping threads took: 0.0030552 seconds
2017-03-31T04:56:58.746+0200: 279.472: Total time for which application threads were stopped: 0.0001798 seconds, Stopping threads took: 0.0000763 seconds
{Heap before GC invocations=58 (full 1):
 par new generation   total 109248K, used 99163K [0x00000000e0000000, 0x00000000e8000000, 0x00000000e8000000)
  eden space 87424K, 100% used [0x00000000e0000000, 0x00000000e5560000, 0x00000000e5560000)
  from space 21824K,  53% used [0x00000000e5560000, 0x00000000e60d6f80, 0x00000000e6ab0000)
  to   space 21824K,   0% used [0x00000000e6ab0000, 0x00000000e6ab0000, 0x00000000e8000000)
 concurrent mark-sweep generation total 393216K, used 13237K [0x00000000e8000000, 0x0000000100000000, 0x0000000100000000)
 Metaspace       used 34433K, capacity 34980K, committed 35296K, reserved 1081344K
  class space    used 3620K, capacity 3782K, committed 3836K, reserved 1048576K
2017-03-31T04:56:58.950+0200: 279.676: [GC (Allocation Failure) 2017-03-31T04:56:58.950+0200: 279.676: [ParNew
Desired survivor size 20112992 bytes, new threshold 8 (max 8)
- age   1:    3010216 bytes,    3010216 total
- age   2:    2289184 bytes,    5299400 total
- age   3:      14320 bytes,    5313720 total
- age   4:       4704 bytes,    5318424 total
- age   5:       7056 bytes,    5325480 total
- age   6:       6960 bytes,    5332440 total
- age   7:       6600 bytes,    5339040 total
- age   8:       9208 bytes,    5348248 total
: 99163K->7176K(109248K), 0.0297529 secs] 112401K->20420K(502464K), 0.0298181 secs] [Times: user=0.02 sys=0.00, real=0.03 secs] 
Heap after GC invocations=59 (full 1):
 par new generation   total 109248K, used 7176K [0x00000000e0000000, 0x00000000e8000000, 0x00000000e8000000)
  eden space 87424K,   0% used [0x00000000e0000000, 0x00000000e0000000, 0x00000000e5560000)
  from space 21824K,  32% used [0x00000000e6ab0000, 0x00000000e71b23c0, 0x00000000e8000000)
  to   space 21824K,   0% used [0x00000000e5560000, 0x00000000e5560000, 0x00000000e6ab0000)
 concurrent mark-sweep generation total 393216K, used 13244K [0x00000000e8000000, 0x0000000100000000, 0x0000000100000000)
 Metaspace       used 34433K, capacity 34980K, committed 35296K, reserved 1081344K
  class space    used 3620K, capacity 3782K, committed 3836K, reserved 1048576K
}
2017-03-31T04:56:58.979+0200: 279.706: Total time for which application threads were stopped: 0.0299881 seconds, Stopping threads took: 0.0000302 seconds
2017-03-31T04:56:58.988+0200: 279.714: Total time for which application threads were stopped: 0.0004782 seconds, Stopping threads took: 0.0001983 seconds
{Heap before GC invocations=59 (full 1):
 par new generation   total 109248K, used 94600K [0x00000000e0000000, 0x00000000e8000000, 0x00000000e8000000)
  eden space 87424K, 100% used [0x00000000e0000000, 0x00000000e5560000, 0x00000000e5560000)
  from space 21824K,  32% used [0x00000000e6ab0000, 0x00000000e71b23c0, 0x00000000e8000000)
  to   space 21824K,   0% used [0x00000000e5560000, 0x00000000e5560000, 0x00000000e6ab0000)
 concurrent mark-sweep generation total 393216K, used 13244K [0x00000000e8000000, 0x0000000100000000, 0x0000000100000000)
 Metaspace       used 34433K, capacity 34980K, committed 35296K, reserved 1081344K
  class space    used 3620K, capacity 3782K, committed 3836K, reserved 1048576K
2017-03-31T04:56:59.381+0200: 280.107: [GC (Allocation Failure) 2017-03-31T04:56:59.381+0200: 280.107: [ParNew
Desired survivor size 20112992 bytes, new threshold 8 (max 8)
- age   1:    3584512 bytes,    3584512 total
- age   2:    2816424 bytes,    6400936 total
- age   3:    1883136 bytes,    8284072 total
- age   4:       5232 bytes,    8289304 total
- age   5:       4640 bytes,    8293944 total
- age   6:       7056 bytes,    8301000 total
- age   7:       6960 bytes,    8307960 total
- age   8:       6600 bytes,    8314560 total
: 94600K->9995K(109248K), 0.0249724 secs] 107844K->23248K(502464K), 0.0250479 secs] [Times: user=0.03 sys=0.00, real=0.02 secs] 
Heap after GC invocations=60 (full 1):
 par new generation   total 109248K, used 9995K [0x00000000e0000000, 0x00000000e8000000, 0x00000000e8000000)
  eden space 87424K,   0% used [0x00000000e0000000, 0x00000000e0000000, 0x00000000e5560000)
  from space 21824K,  45% used [0x00000000e5560000, 0x00000000e5f22c10, 0x00000000e6ab0000)
  to   space 21824K,   0% used [0x00000000e6ab0000, 0x00000000e6ab0000, 0x00000000e8000000)
 concurrent mark-sweep generation total 393216K, used 13253K [0x00000000e8000000, 0x0000000100000000, 0x0000000100000000)
 Metaspace       used 34433K, capacity 34980K, committed 35296K, reserved 1081344K
  class space    used 3620K, capacity 3782K, committed 3836K, reserved 1048576K
}
2017-03-31T04:56:59.406+0200: 280.132: Total time for which application threads were stopped: 0.0253692 seconds, Stopping threads took: 0.0000857 seconds
2017-03-31T04:56:59.501+0200: 280.227: Total time for which application threads were stopped: 0.0000974 seconds, Stopping threads took: 0.0000307 seconds
2017-03-31T04:56:59.677+0200: 280.404: Total time for which application threads were stopped: 0.0002727 seconds, Stopping threads took: 0.0000309 seconds
{Heap before GC invocations=60 (full 1):
 par new generation   total 109248K, used 97419K [0x00000000e0000000, 0x00000000e8000000, 0x00000000e8000000)
  eden space 87424K, 100% used [0x00000000e0000000, 0x00000000e5560000, 0x00000000e5560000)
  from space 21824K,  45% used [0x00000000e5560000, 0x00000000e5f22c10, 0x00000000e6ab0000)
  to   space 21824K,   0% used [0x00000000e6ab0000, 0x00000000e6ab0000, 0x00000000e8000000)
 concurrent mark-sweep generation total 393216K, used 13253K [0x00000000e8000000, 0x0000000100000000, 0x0000000100000000)
 Metaspace       used 34433K, capacity 34980K, committed 35296K, reserved 1081344K
  class space    used 3620K, capacity 3782K, committed 3836K, reserved 1048576K
2017-03-31T04:56:59.973+0200: 280.699: [GC (Allocation Failure) 2017-03-31T04:56:59.973+0200: 280.699: [ParNew
Desired survivor size 20112992 bytes, new threshold 8 (max 8)
- age   1:    4941488 bytes,    4941488 total
- age   2:    2868424 bytes,    7809912 total
- age   3:       5312 bytes,    7815224 total
- age   4:       7720 bytes,    7822944 total
- age   5:       5168 bytes,    7828112 total
- age   6:       4448 bytes,    7832560 total
- age   7:       6992 bytes,    7839552 total
- age   8:       6960 bytes,    7846512 total
: 97419K->11906K(109248K), 0.0259913 secs] 110672K->25166K(502464K), 0.0260520 secs] [Times: user=0.03 sys=0.00, real=0.03 secs] 
Heap after GC invocations=61 (full 1):
 par new generation   total 109248K, used 11906K [0x00000000e0000000, 0x00000000e8000000, 0x00000000e8000000)
  eden space 87424K,   0% used [0x00000000e0000000, 0x00000000e0000000, 0x00000000e5560000)
  from space 21824K,  54% used [0x00000000e6ab0000, 0x00000000e7650a08, 0x00000000e8000000)
  to   space 21824K,   0% used [0x00000000e5560000, 0x00000000e5560000, 0x00000000e6ab0000)
 concurrent mark-sweep generation total 393216K, used 13259K [0x00000000e8000000, 0x0000000100000000, 0x0000000100000000)
 Metaspace       used 34433K, capacity 34980K, committed 35296K, reserved 1081344K
  class space    used 3620K, capacity 3782K, committed 3836K, reserved 1048576K
}
2017-03-31T04:56:59.999+0200: 280.726: Total time for which application threads were stopped: 0.0282680 seconds, Stopping threads took: 0.0020757 seconds
2017-03-31T04:57:00.196+0200: 280.923: Total time for which application threads were stopped: 0.0001172 seconds, Stopping threads took: 0.0000350 seconds
2017-03-31T04:57:00.340+0200: 281.066: Total time for which application threads were stopped: 0.0001806 seconds, Stopping threads took: 0.0000283 seconds
{Heap before GC invocations=61 (full 1):
 par new generation   total 109248K, used 99330K [0x00000000e0000000, 0x00000000e8000000, 0x00000000e8000000)
  eden space 87424K, 100% used [0x00000000e0000000, 0x00000000e5560000, 0x00000000e5560000)
  from space 21824K,  54% used [0x00000000e6ab0000, 0x00000000e7650a08, 0x00000000e8000000)
  to   space 21824K,   0% used [0x00000000e5560000, 0x00000000e5560000, 0x00000000e6ab0000)
 concurrent mark-sweep generation total 393216K, used 13259K [0x00000000e8000000, 0x0000000100000000, 0x0000000100000000)
 Metaspace       used 34433K, capacity 34980K, committed 35296K, reserved 1081344K
  class space    used 3620K, capacity 3782K, committed 3836K, reserved 1048576K
2017-03-31T04:57:00.469+0200: 281.195: [GC (Allocation Failure) 2017-03-31T04:57:00.469+0200: 281.195: [ParNew
Desired survivor size 20112992 bytes, new threshold 8 (max 8)
- age   1:    4048800 bytes,    4048800 total
- age   2:    2305984 bytes,    6354784 total
- age   3:       4864 bytes,    6359648 total
- age   4:       5312 bytes,    6364960 total
- age   5:       7528 bytes,    6372488 total
- age   6:       5168 bytes,    6377656 total
- age   7:       4448 bytes,    6382104 total
- age   8:       6992 bytes,    6389096 total
: 99330K->9041K(109248K), 0.0298364 secs] 112590K->22307K(502464K), 0.0299079 secs] [Times: user=0.03 sys=0.00, real=0.03 secs] 
Heap after GC invocations=62 (full 1):
 par new generation   total 109248K, used 9041K [0x00000000e0000000, 0x00000000e8000000, 0x00000000e8000000)
  eden space 87424K,   0% used [0x00000000e0000000, 0x00000000e0000000, 0x00000000e5560000)
  from space 21824K,  41% used [0x00000000e5560000, 0x00000000e5e345f0, 0x00000000e6ab0000)
  to   space 21824K,   0% used [0x00000000e6ab0000, 0x00000000e6ab0000, 0x00000000e8000000)
 concurrent mark-sweep generation total 393216K, used 13266K [0x00000000e8000000, 0x0000000100000000, 0x0000000100000000)
 Metaspace       used 34433K, capacity 34980K, committed 35296K, reserved 1081344K
  class space    used 3620K, capacity 3782K, committed 3836K, reserved 1048576K
}
2017-03-31T04:57:00.498+0200: 281.225: Total time for which application threads were stopped: 0.0300664 seconds, Stopping threads took: 0.0000274 seconds
{Heap before GC invocations=62 (full 1):
 par new generation   total 109248K, used 96465K [0x00000000e0000000, 0x00000000e8000000, 0x00000000e8000000)
  eden space 87424K, 100% used [0x00000000e0000000, 0x00000000e5560000, 0x00000000e5560000)
  from space 21824K,  41% used [0x00000000e5560000, 0x00000000e5e345f0, 0x00000000e6ab0000)
  to   space 21824K,   0% used [0x00000000e6ab0000, 0x00000000e6ab0000, 0x00000000e8000000)
 concurrent mark-sweep generation total 393216K, used 13266K [0x00000000e8000000, 0x0000000100000000, 0x0000000100000000)
 Metaspace       used 34442K, capacity 34980K, committed 35296K, reserved 1081344K
  class space    used 3620K, capacity 3782K, committed 3836K, reserved 1048576K
2017-03-31T04:57:00.817+0200: 281.543: [GC (Allocation Failure) 2017-03-31T04:57:00.817+0200: 281.543: [ParNew
Desired survivor size 20112992 bytes, new threshold 8 (max 8)
- age   1:    3222744 bytes,    3222744 total
- age   2:    3800240 bytes,    7022984 total
- age   3:    1992488 bytes,    9015472 total
- age   4:       4864 bytes,    9020336 total
- age   5:       5312 bytes,    9025648 total
- age   6:       7528 bytes,    9033176 total
- age   7:       5168 bytes,    9038344 total
- age   8:       4448 bytes,    9042792 total
: 96465K->10542K(109248K), 0.0277545 secs] 109731K->23816K(502464K), 0.0278282 secs] [Times: user=0.03 sys=0.00, real=0.02 secs] 
Heap after GC invocations=63 (full 1):
 par new generation   total 109248K, used 10542K [0x00000000e0000000, 0x00000000e8000000, 0x00000000e8000000)
  eden space 87424K,   0% used [0x00000000e0000000, 0x00000000e0000000, 0x00000000e5560000)
  from space 21824K,  48% used [0x00000000e6ab0000, 0x00000000e74fbac8, 0x00000000e8000000)
  to   space 21824K,   0% used [0x00000000e5560000, 0x00000000e5560000, 0x00000000e6ab0000)
 concurrent mark-sweep generation total 393216K, used 13273K [0x00000000e8000000, 0x0000000100000000, 0x0000000100000000)
 Metaspace       used 34442K, capacity 34980K, committed 35296K, reserved 1081344K
  class space    used 3620K, capacity 3782K, committed 3836K, reserved 1048576K
}
2017-03-31T04:57:00.845+0200: 281.571: Total time for which application threads were stopped: 0.0319365 seconds, Stopping threads took: 0.0039479 seconds
2017-03-31T04:57:00.898+0200: 281.625: Total time for which application threads were stopped: 0.0001228 seconds, Stopping threads took: 0.0000416 seconds
2017-03-31T04:57:01.095+0200: 281.821: Total time for which application threads were stopped: 0.0004113 seconds, Stopping threads took: 0.0001879 seconds
{Heap before GC invocations=63 (full 1):
 par new generation   total 109248K, used 97966K [0x00000000e0000000, 0x00000000e8000000, 0x00000000e8000000)
  eden space 87424K, 100% used [0x00000000e0000000, 0x00000000e5560000, 0x00000000e5560000)
  from space 21824K,  48% used [0x00000000e6ab0000, 0x00000000e74fbac8, 0x00000000e8000000)
  to   space 21824K,   0% used [0x00000000e5560000, 0x00000000e5560000, 0x00000000e6ab0000)
 concurrent mark-sweep generation total 393216K, used 13273K [0x00000000e8000000, 0x0000000100000000, 0x0000000100000000)
 Metaspace       used 34443K, capacity 34980K, committed 35296K, reserved 1081344K
  class space    used 3620K, capacity 3782K, committed 3836K, reserved 1048576K
2017-03-31T04:57:01.382+0200: 282.108: [GC (Allocation Failure) 2017-03-31T04:57:01.382+0200: 282.108: [ParNew
Desired survivor size 20112992 bytes, new threshold 8 (max 8)
- age   1:    4223128 bytes,    4223128 total
- age   2:    2451168 bytes,    6674296 total
- age   3:    1003800 bytes,    7678096 total
- age   4:       7944 bytes,    7686040 total
- age   5:       4864 bytes,    7690904 total
- age   6:       5120 bytes,    7696024 total
- age   7:       7528 bytes,    7703552 total
- age   8:       5168 bytes,    7708720 total
: 97966K->13009K(109248K), 0.0238802 secs] 111240K->26287K(502464K), 0.0239432 secs] [Times: user=0.02 sys=0.01, real=0.02 secs] 
Heap after GC invocations=64 (full 1):
 par new generation   total 109248K, used 13009K [0x00000000e0000000, 0x00000000e8000000, 0x00000000e8000000)
  eden space 87424K,   0% used [0x00000000e0000000, 0x00000000e0000000, 0x00000000e5560000)
  from space 21824K,  59% used [0x00000000e5560000, 0x00000000e6214718, 0x00000000e6ab0000)
  to   space 21824K,   0% used [0x00000000e6ab0000, 0x00000000e6ab0000, 0x00000000e8000000)
 concurrent mark-sweep generation total 393216K, used 13277K [0x00000000e8000000, 0x0000000100000000, 0x0000000100000000)
 Metaspace       used 34443K, capacity 34980K, committed 35296K, reserved 1081344K
  class space    used 3620K, capacity 3782K, committed 3836K, reserved 1048576K
}
2017-03-31T04:57:01.406+0200: 282.132: Total time for which application threads were stopped: 0.0240992 seconds, Stopping threads took: 0.0000291 seconds
2017-03-31T04:57:01.548+0200: 282.274: Total time for which application threads were stopped: 0.0000972 seconds, Stopping threads took: 0.0000335 seconds
2017-03-31T04:57:01.770+0200: 282.496: Total time for which application threads were stopped: 0.0004955 seconds, Stopping threads took: 0.0001774 seconds
{Heap before GC invocations=64 (full 1):
 par new generation   total 109248K, used 100433K [0x00000000e0000000, 0x00000000e8000000, 0x00000000e8000000)
  eden space 87424K, 100% used [0x00000000e0000000, 0x00000000e5560000, 0x00000000e5560000)
  from space 21824K,  59% used [0x00000000e5560000, 0x00000000e6214718, 0x00000000e6ab0000)
  to   space 21824K,   0% used [0x00000000e6ab0000, 0x00000000e6ab0000, 0x00000000e8000000)
 concurrent mark-sweep generation total 393216K, used 13277K [0x00000000e8000000, 0x0000000100000000, 0x0000000100000000)
 Metaspace       used 34443K, capacity 34980K, committed 35296K, reserved 1081344K
  class space    used 3620K, capacity 3782K, committed 3836K, reserved 1048576K
2017-03-31T04:57:01.938+0200: 282.664: [GC (Allocation Failure) 2017-03-31T04:57:01.938+0200: 282.664: [ParNew
Desired survivor size 20112992 bytes, new threshold 8 (max 8)
- age   1:    4423096 bytes,    4423096 total
- age   2:    2332560 bytes,    6755656 total
- age   3:       2912 bytes,    6758568 total
- age   4:      12016 bytes,    6770584 total
- age   5:       7688 bytes,    6778272 total
- age   6:       4864 bytes,    6783136 total
- age   7:       5056 bytes,    6788192 total
- age   8:       7528 bytes,    6795720 total
: 100433K->9351K(109248K), 0.0228034 secs] 113711K->22634K(502464K), 0.0228774 secs] [Times: user=0.02 sys=0.00, real=0.02 secs] 
Heap after GC invocations=65 (full 1):
 par new generation   total 109248K, used 9351K [0x00000000e0000000, 0x00000000e8000000, 0x00000000e8000000)
  eden space 87424K,   0% used [0x00000000e0000000, 0x00000000e0000000, 0x00000000e5560000)
  from space 21824K,  42% used [0x00000000e6ab0000, 0x00000000e73d1d50, 0x00000000e8000000)
  to   space 21824K,   0% used [0x00000000e5560000, 0x00000000e5560000, 0x00000000e6ab0000)
 concurrent mark-sweep generation total 393216K, used 13282K [0x00000000e8000000, 0x0000000100000000, 0x0000000100000000)
 Metaspace       used 34443K, capacity 34980K, committed 35296K, reserved 1081344K
  class space    used 3620K, capacity 3782K, committed 3836K, reserved 1048576K
}
2017-03-31T04:57:01.961+0200: 282.687: Total time for which application threads were stopped: 0.0230376 seconds, Stopping threads took: 0.0000319 seconds
2017-03-31T04:57:02.279+0200: 283.005: Total time for which application threads were stopped: 0.0001003 seconds, Stopping threads took: 0.0000341 seconds
{Heap before GC invocations=65 (full 1):
 par new generation   total 109248K, used 96774K [0x00000000e0000000, 0x00000000e8000000, 0x00000000e8000000)
  eden space 87424K,  99% used [0x00000000e0000000, 0x00000000e555fdc8, 0x00000000e5560000)
  from space 21824K,  42% used [0x00000000e6ab0000, 0x00000000e73d1d50, 0x00000000e8000000)
  to   space 21824K,   0% used [0x00000000e5560000, 0x00000000e5560000, 0x00000000e6ab0000)
 concurrent mark-sweep generation total 393216K, used 13282K [0x00000000e8000000, 0x0000000100000000, 0x0000000100000000)
 Metaspace       used 34443K, capacity 34980K, committed 35296K, reserved 1081344K
  class space    used 3620K, capacity 3782K, committed 3836K, reserved 1048576K
2017-03-31T04:57:02.289+0200: 283.016: [GC (Allocation Failure) 2017-03-31T04:57:02.289+0200: 283.016: [ParNew
Desired survivor size 20112992 bytes, new threshold 8 (max 8)
- age   1:    3158480 bytes,    3158480 total
- age   2:    3930888 bytes,    7089368 total
- age   3:    2175336 bytes,    9264704 total
- age   4:       2912 bytes,    9267616 total
- age   5:      12016 bytes,    9279632 total
- age   6:       7688 bytes,    9287320 total
- age   7:       4864 bytes,    9292184 total
- age   8:       5056 bytes,    9297240 total
: 96774K->10271K(109248K), 0.0241251 secs] 110057K->23561K(502464K), 0.0242047 secs] [Times: user=0.03 sys=0.00, real=0.02 secs] 
Heap after GC invocations=66 (full 1):
 par new generation   total 109248K, used 10271K [0x00000000e0000000, 0x00000000e8000000, 0x00000000e8000000)
  eden space 87424K,   0% used [0x00000000e0000000, 0x00000000e0000000, 0x00000000e5560000)
  from space 21824K,  47% used [0x00000000e5560000, 0x00000000e5f67dc0, 0x00000000e6ab0000)
  to   space 21824K,   0% used [0x00000000e6ab0000, 0x00000000e6ab0000, 0x00000000e8000000)
 concurrent mark-sweep generation total 393216K, used 13290K [0x00000000e8000000, 0x0000000100000000, 0x0000000100000000)
 Metaspace       used 34443K, capacity 34980K, committed 35296K, reserved 1081344K
  class space    used 3620K, capacity 3782K, committed 3836K, reserved 1048576K
}
2017-03-31T04:57:02.314+0200: 283.040: Total time for which application threads were stopped: 0.0243986 seconds, Stopping threads took: 0.0000279 seconds
2017-03-31T04:57:02.466+0200: 283.192: Total time for which application threads were stopped: 0.0001724 seconds, Stopping threads took: 0.0000303 seconds
{Heap before GC invocations=66 (full 1):
 par new generation   total 109248K, used 97695K [0x00000000e0000000, 0x00000000e8000000, 0x00000000e8000000)
  eden space 87424K, 100% used [0x00000000e0000000, 0x00000000e5560000, 0x00000000e5560000)
  from space 21824K,  47% used [0x00000000e5560000, 0x00000000e5f67dc0, 0x00000000e6ab0000)
  to   space 21824K,   0% used [0x00000000e6ab0000, 0x00000000e6ab0000, 0x00000000e8000000)
 concurrent mark-sweep generation total 393216K, used 13290K [0x00000000e8000000, 0x0000000100000000, 0x0000000100000000)
 Metaspace       used 34456K, capacity 35044K, committed 35296K, reserved 1081344K
  class space    used 3620K, capacity 3782K, committed 3836K, reserved 1048576K
2017-03-31T04:57:02.832+0200: 283.558: [GC (Allocation Failure) 2017-03-31T04:57:02.832+0200: 283.558: [ParNew
Desired survivor size 20112992 bytes, new threshold 8 (max 8)
- age   1:    3717896 bytes,    3717896 total
- age   2:    2748008 bytes,    6465904 total
- age   3:    1368952 bytes,    7834856 total
- age   4:       7144 bytes,    7842000 total
- age   5:       2912 bytes,    7844912 total
- age   6:      11760 bytes,    7856672 total
- age   7:       7624 bytes,    7864296 total
- age   8:       4864 bytes,    7869160 total
: 97695K->11498K(109248K), 0.0197388 secs] 110985K->24793K(502464K), 0.0198140 secs] [Times: user=0.02 sys=0.00, real=0.02 secs] 
Heap after GC invocations=67 (full 1):
 par new generation   total 109248K, used 11498K [0x00000000e0000000, 0x00000000e8000000, 0x00000000e8000000)
  eden space 87424K,   0% used [0x00000000e0000000, 0x00000000e0000000, 0x00000000e5560000)
  from space 21824K,  52% used [0x00000000e6ab0000, 0x00000000e75ea8d0, 0x00000000e8000000)
  to   space 21824K,   0% used [0x00000000e5560000, 0x00000000e5560000, 0x00000000e6ab0000)
 concurrent mark-sweep generation total 393216K, used 13295K [0x00000000e8000000, 0x0000000100000000, 0x0000000100000000)
 Metaspace       used 34456K, capacity 35044K, committed 35296K, reserved 1081344K
  class space    used 3620K, capacity 3782K, committed 3836K, reserved 1048576K
}
2017-03-31T04:57:02.852+0200: 283.578: Total time for which application threads were stopped: 0.0223924 seconds, Stopping threads took: 0.0023508 seconds
2017-03-31T04:57:03.020+0200: 283.747: Total time for which application threads were stopped: 0.0001758 seconds, Stopping threads took: 0.0000290 seconds
2017-03-31T04:57:03.178+0200: 283.905: Total time for which application threads were stopped: 0.0004693 seconds, Stopping threads took: 0.0000997 seconds
{Heap before GC invocations=67 (full 1):
 par new generation   total 109248K, used 98922K [0x00000000e0000000, 0x00000000e8000000, 0x00000000e8000000)
  eden space 87424K, 100% used [0x00000000e0000000, 0x00000000e5560000, 0x00000000e5560000)
  from space 21824K,  52% used [0x00000000e6ab0000, 0x00000000e75ea8d0, 0x00000000e8000000)
  to   space 21824K,   0% used [0x00000000e5560000, 0x00000000e5560000, 0x00000000e6ab0000)
 concurrent mark-sweep generation total 393216K, used 13295K [0x00000000e8000000, 0x0000000100000000, 0x0000000100000000)
 Metaspace       used 34461K, capacity 35044K, committed 35296K, reserved 1081344K
  class space    used 3621K, capacity 3782K, committed 3836K, reserved 1048576K
2017-03-31T04:57:03.402+0200: 284.128: [GC (Allocation Failure) 2017-03-31T04:57:03.402+0200: 284.128: [ParNew
Desired survivor size 20112992 bytes, new threshold 8 (max 8)
- age   1:    4495392 bytes,    4495392 total
- age   2:    2626208 bytes,    7121600 total
- age   3:       4080 bytes,    7125680 total
- age   4:       8656 bytes,    7134336 total
- age   5:       6760 bytes,    7141096 total
- age   6:       2912 bytes,    7144008 total
- age   7:      11760 bytes,    7155768 total
- age   8:       7624 bytes,    7163392 total
: 98922K->9596K(109248K), 0.0239307 secs] 112217K->22896K(502464K), 0.0239988 secs] [Times: user=0.02 sys=0.00, real=0.02 secs] 
Heap after GC invocations=68 (full 1):
 par new generation   total 109248K, used 9596K [0x00000000e0000000, 0x00000000e8000000, 0x00000000e8000000)
  eden space 87424K,   0% used [0x00000000e0000000, 0x00000000e0000000, 0x00000000e5560000)
  from space 21824K,  43% used [0x00000000e5560000, 0x00000000e5ebf100, 0x00000000e6ab0000)
  to   space 21824K,   0% used [0x00000000e6ab0000, 0x00000000e6ab0000, 0x00000000e8000000)
 concurrent mark-sweep generation total 393216K, used 13299K [0x00000000e8000000, 0x0000000100000000, 0x0000000100000000)
 Metaspace       used 34461K, capacity 35044K, committed 35296K, reserved 1081344K
  class space    used 3621K, capacity 3782K, committed 3836K, reserved 1048576K
}
2017-03-31T04:57:03.426+0200: 284.152: Total time for which application threads were stopped: 0.0261719 seconds, Stopping threads took: 0.0020185 seconds
2017-03-31T04:57:03.738+0200: 284.464: Total time for which application threads were stopped: 0.0000885 seconds, Stopping threads took: 0.0000282 seconds
{Heap before GC invocations=68 (full 1):
 par new generation   total 109248K, used 97020K [0x00000000e0000000, 0x00000000e8000000, 0x00000000e8000000)
  eden space 87424K, 100% used [0x00000000e0000000, 0x00000000e5560000, 0x00000000e5560000)
  from space 21824K,  43% used [0x00000000e5560000, 0x00000000e5ebf100, 0x00000000e6ab0000)
  to   space 21824K,   0% used [0x00000000e6ab0000, 0x00000000e6ab0000, 0x00000000e8000000)
 concurrent mark-sweep generation total 393216K, used 13299K [0x00000000e8000000, 0x0000000100000000, 0x0000000100000000)
 Metaspace       used 34462K, capacity 35044K, committed 35296K, reserved 1081344K
  class space    used 3621K, capacity 3782K, committed 3836K, reserved 1048576K
2017-03-31T04:57:03.764+0200: 284.490: [GC (Allocation Failure) 2017-03-31T04:57:03.764+0200: 284.490: [ParNew
Desired survivor size 20112992 bytes, new threshold 8 (max 8)
- age   1:    3100560 bytes,    3100560 total
- age   2:    3961208 bytes,    7061768 total
- age   3:    2393688 bytes,    9455456 total
- age   4:       4080 bytes,    9459536 total
- age   5:       8656 bytes,    9468192 total
- age   6:       6760 bytes,    9474952 total
- age   7:       2912 bytes,    9477864 total
- age   8:      11760 bytes,    9489624 total
: 97020K->11468K(109248K), 0.0292642 secs] 110320K->24775K(502464K), 0.0293207 secs] [Times: user=0.03 sys=0.00, real=0.03 secs] 
Heap after GC invocations=69 (full 1):
 par new generation   total 109248K, used 11468K [0x00000000e0000000, 0x00000000e8000000, 0x00000000e8000000)
  eden space 87424K,   0% used [0x00000000e0000000, 0x00000000e0000000, 0x00000000e5560000)
  from space 21824K,  52% used [0x00000000e6ab0000, 0x00000000e75e3220, 0x00000000e8000000)
  to   space 21824K,   0% used [0x00000000e5560000, 0x00000000e5560000, 0x00000000e6ab0000)
 concurrent mark-sweep generation total 393216K, used 13307K [0x00000000e8000000, 0x0000000100000000, 0x0000000100000000)
 Metaspace       used 34462K, capacity 35044K, committed 35296K, reserved 1081344K
  class space    used 3621K, capacity 3782K, committed 3836K, reserved 1048576K
}
2017-03-31T04:57:03.793+0200: 284.519: Total time for which application threads were stopped: 0.0294912 seconds, Stopping threads took: 0.0000294 seconds
{Heap before GC invocations=69 (full 1):
 par new generation   total 109248K, used 98892K [0x00000000e0000000, 0x00000000e8000000, 0x00000000e8000000)
  eden space 87424K, 100% used [0x00000000e0000000, 0x00000000e5560000, 0x00000000e5560000)
  from space 21824K,  52% used [0x00000000e6ab0000, 0x00000000e75e3220, 0x00000000e8000000)
  to   space 21824K,   0% used [0x00000000e5560000, 0x00000000e5560000, 0x00000000e6ab0000)
 concurrent mark-sweep generation total 393216K, used 13307K [0x00000000e8000000, 0x0000000100000000, 0x0000000100000000)
 Metaspace       used 34464K, capacity 35044K, committed 35296K, reserved 1081344K
  class space    used 3621K, capacity 3782K, committed 3836K, reserved 1048576K
2017-03-31T04:57:04.191+0200: 284.917: [GC (Allocation Failure) 2017-03-31T04:57:04.191+0200: 284.917: [ParNew
Desired survivor size 20112992 bytes, new threshold 8 (max 8)
- age   1:    3908640 bytes,    3908640 total
- age   2:    2786200 bytes,    6694840 total
- age   3:    1601304 bytes,    8296144 total
- age   4:       7456 bytes,    8303600 total
- age   5:       4080 bytes,    8307680 total
- age   6:       8592 bytes,    8316272 total
- age   7:       6760 bytes,    8323032 total
- age   8:       2912 bytes,    8325944 total
: 98892K->11859K(109248K), 0.0294264 secs] 112199K->25178K(502464K), 0.0295036 secs] [Times: user=0.03 sys=0.00, real=0.03 secs] 
Heap after GC invocations=70 (full 1):
 par new generation   total 109248K, used 11859K [0x00000000e0000000, 0x00000000e8000000, 0x00000000e8000000)
  eden space 87424K,   0% used [0x00000000e0000000, 0x00000000e0000000, 0x00000000e5560000)
  from space 21824K,  54% used [0x00000000e5560000, 0x00000000e60f4cf0, 0x00000000e6ab0000)
  to   space 21824K,   0% used [0x00000000e6ab0000, 0x00000000e6ab0000, 0x00000000e8000000)
 concurrent mark-sweep generation total 393216K, used 13318K [0x00000000e8000000, 0x0000000100000000, 0x0000000100000000)
 Metaspace       used 34464K, capacity 35044K, committed 35296K, reserved 1081344K
  class space    used 3621K, capacity 3782K, committed 3836K, reserved 1048576K
}
2017-03-31T04:57:04.220+0200: 284.947: Total time for which application threads were stopped: 0.0342037 seconds, Stopping threads took: 0.0045335 seconds
2017-03-31T04:57:04.340+0200: 285.066: Total time for which application threads were stopped: 0.0000972 seconds, Stopping threads took: 0.0000315 seconds
{Heap before GC invocations=70 (full 1):
 par new generation   total 109248K, used 99279K [0x00000000e0000000, 0x00000000e8000000, 0x00000000e8000000)
  eden space 87424K,  99% used [0x00000000e0000000, 0x00000000e555f2b8, 0x00000000e5560000)
  from space 21824K,  54% used [0x00000000e5560000, 0x00000000e60f4cf0, 0x00000000e6ab0000)
  to   space 21824K,   0% used [0x00000000e6ab0000, 0x00000000e6ab0000, 0x00000000e8000000)
 concurrent mark-sweep generation total 393216K, used 13318K [0x00000000e8000000, 0x0000000100000000, 0x0000000100000000)
 Metaspace       used 34464K, capacity 35044K, committed 35296K, reserved 1081344K
  class space    used 3621K, capacity 3782K, committed 3836K, reserved 1048576K
2017-03-31T04:57:04.765+0200: 285.491: [GC (Allocation Failure) 2017-03-31T04:57:04.765+0200: 285.491: [ParNew
Desired survivor size 20112992 bytes, new threshold 8 (max 8)
- age   1:    4448880 bytes,    4448880 total
- age   2:    2821848 bytes,    7270728 total
- age   3:       4264 bytes,    7274992 total
- age   4:       8136 bytes,    7283128 total
- age   5:       7072 bytes,    7290200 total
- age   6:       4080 bytes,    7294280 total
- age   7:       8592 bytes,    7302872 total
- age   8:       6760 bytes,    7309632 total
: 99279K->10051K(109248K), 0.0292629 secs] 112598K->23373K(502464K), 0.0293448 secs] [Times: user=0.03 sys=0.00, real=0.03 secs] 
Heap after GC invocations=71 (full 1):
 par new generation   total 109248K, used 10051K [0x00000000e0000000, 0x00000000e8000000, 0x00000000e8000000)
  eden space 87424K,   0% used [0x00000000e0000000, 0x00000000e0000000, 0x00000000e5560000)
  from space 21824K,  46% used [0x00000000e6ab0000, 0x00000000e7480cc0, 0x00000000e8000000)
  to   space 21824K,   0% used [0x00000000e5560000, 0x00000000e5560000, 0x00000000e6ab0000)
 concurrent mark-sweep generation total 393216K, used 13321K [0x00000000e8000000, 0x0000000100000000, 0x0000000100000000)
 Metaspace       used 34464K, capacity 35044K, committed 35296K, reserved 1081344K
  class space    used 3621K, capacity 3782K, committed 3836K, reserved 1048576K
}
2017-03-31T04:57:04.794+0200: 285.520: Total time for which application threads were stopped: 0.0296947 seconds, Stopping threads took: 0.0000354 seconds
2017-03-31T04:57:04.995+0200: 285.722: Total time for which application threads were stopped: 0.0046474 seconds, Stopping threads took: 0.0044958 seconds
{Heap before GC invocations=71 (full 1):
 par new generation   total 109248K, used 97475K [0x00000000e0000000, 0x00000000e8000000, 0x00000000e8000000)
  eden space 87424K, 100% used [0x00000000e0000000, 0x00000000e5560000, 0x00000000e5560000)
  from space 21824K,  46% used [0x00000000e6ab0000, 0x00000000e7480cc0, 0x00000000e8000000)
  to   space 21824K,   0% used [0x00000000e5560000, 0x00000000e5560000, 0x00000000e6ab0000)
 concurrent mark-sweep generation total 393216K, used 13321K [0x00000000e8000000, 0x0000000100000000, 0x0000000100000000)
 Metaspace       used 34464K, capacity 35044K, committed 35296K, reserved 1081344K
  class space    used 3621K, capacity 3782K, committed 3836K, reserved 1048576K
2017-03-31T04:57:05.291+0200: 286.017: [GC (Allocation Failure) 2017-03-31T04:57:05.291+0200: 286.017: [ParNew
Desired survivor size 20112992 bytes, new threshold 8 (max 8)
- age   1:    3415328 bytes,    3415328 total
- age   2:    2108336 bytes,    5523664 total
- age   3:      14624 bytes,    5538288 total
- age   4:       4264 bytes,    5542552 total
- age   5:       7880 bytes,    5550432 total
- age   6:       7072 bytes,    5557504 total
- age   7:       4080 bytes,    5561584 total
- age   8:       8592 bytes,    5570176 total
: 97475K->7866K(109248K), 0.0254813 secs] 110797K->21195K(502464K), 0.0255624 secs] [Times: user=0.02 sys=0.00, real=0.02 secs] 
Heap after GC invocations=72 (full 1):
 par new generation   total 109248K, used 7866K [0x00000000e0000000, 0x00000000e8000000, 0x00000000e8000000)
  eden space 87424K,   0% used [0x00000000e0000000, 0x00000000e0000000, 0x00000000e5560000)
  from space 21824K,  36% used [0x00000000e5560000, 0x00000000e5d0ea40, 0x00000000e6ab0000)
  to   space 21824K,   0% used [0x00000000e6ab0000, 0x00000000e6ab0000, 0x00000000e8000000)
 concurrent mark-sweep generation total 393216K, used 13328K [0x00000000e8000000, 0x0000000100000000, 0x0000000100000000)
 Metaspace       used 34464K, capacity 35044K, committed 35296K, reserved 1081344K
  class space    used 3621K, capacity 3782K, committed 3836K, reserved 1048576K
}
2017-03-31T04:57:05.316+0200: 286.043: Total time for which application threads were stopped: 0.0257815 seconds, Stopping threads took: 0.0000376 seconds
{Heap before GC invocations=72 (full 1):
 par new generation   total 109248K, used 95290K [0x00000000e0000000, 0x00000000e8000000, 0x00000000e8000000)
  eden space 87424K, 100% used [0x00000000e0000000, 0x00000000e5560000, 0x00000000e5560000)
  from space 21824K,  36% used [0x00000000e5560000, 0x00000000e5d0ea40, 0x00000000e6ab0000)
  to   space 21824K,   0% used [0x00000000e6ab0000, 0x00000000e6ab0000, 0x00000000e8000000)
 concurrent mark-sweep generation total 393216K, used 13328K [0x00000000e8000000, 0x0000000100000000, 0x0000000100000000)
 Metaspace       used 34465K, capacity 35044K, committed 35296K, reserved 1081344K
  class space    used 3621K, capacity 3782K, committed 3836K, reserved 1048576K
2017-03-31T04:57:05.670+0200: 286.397: [GC (Allocation Failure) 2017-03-31T04:57:05.670+0200: 286.397: [ParNew
Desired survivor size 20112992 bytes, new threshold 8 (max 8)
- age   1:    3581624 bytes,    3581624 total
- age   2:    2958976 bytes,    6540600 total
- age   3:    1712176 bytes,    8252776 total
- age   4:       5328 bytes,    8258104 total
- age   5:       4264 bytes,    8262368 total
- age   6:       7880 bytes,    8270248 total
- age   7:       7072 bytes,    8277320 total
- age   8:       4080 bytes,    8281400 total
: 95290K->9825K(109248K), 0.0330345 secs] 108619K->23162K(502464K), 0.0331147 secs] [Times: user=0.03 sys=0.00, real=0.03 secs] 
Heap after GC invocations=73 (full 1):
 par new generation   total 109248K, used 9825K [0x00000000e0000000, 0x00000000e8000000, 0x00000000e8000000)
  eden space 87424K,   0% used [0x00000000e0000000, 0x00000000e0000000, 0x00000000e5560000)
  from space 21824K,  45% used [0x00000000e6ab0000, 0x00000000e7448570, 0x00000000e8000000)
  to   space 21824K,   0% used [0x00000000e5560000, 0x00000000e5560000, 0x00000000e6ab0000)
 concurrent mark-sweep generation total 393216K, used 13336K [0x00000000e8000000, 0x0000000100000000, 0x0000000100000000)
 Metaspace       used 34465K, capacity 35044K, committed 35296K, reserved 1081344K
  class space    used 3621K, capacity 3782K, committed 3836K, reserved 1048576K
}
2017-03-31T04:57:05.703+0200: 286.430: Total time for which application threads were stopped: 0.0335527 seconds, Stopping threads took: 0.0001220 seconds
{Heap before GC invocations=73 (full 1):
 par new generation   total 109248K, used 97200K [0x00000000e0000000, 0x00000000e8000000, 0x00000000e8000000)
  eden space 87424K,  99% used [0x00000000e0000000, 0x00000000e5553df8, 0x00000000e5560000)
  from space 21824K,  45% used [0x00000000e6ab0000, 0x00000000e7448570, 0x00000000e8000000)
  to   space 21824K,   0% used [0x00000000e5560000, 0x00000000e5560000, 0x00000000e6ab0000)
 concurrent mark-sweep generation total 393216K, used 13336K [0x00000000e8000000, 0x0000000100000000, 0x0000000100000000)
 Metaspace       used 34506K, capacity 35044K, committed 35296K, reserved 1081344K
  class space    used 3621K, capacity 3782K, committed 3836K, reserved 1048576K
2017-03-31T04:57:06.174+0200: 286.901: [GC (Allocation Failure) 2017-03-31T04:57:06.174+0200: 286.901: [ParNew
Desired survivor size 20112992 bytes, new threshold 8 (max 8)
- age   1:    4937216 bytes,    4937216 total
- age   2:    2951936 bytes,    7889152 total
- age   3:       5504 bytes,    7894656 total
- age   4:      13184 bytes,    7907840 total
- age   5:       5328 bytes,    7913168 total
- age   6:       4264 bytes,    7917432 total
- age   7:       7752 bytes,    7925184 total
- age   8:       7072 bytes,    7932256 total
: 97200K->11937K(109248K), 0.0191157 secs] 110537K->25278K(502464K), 0.0191769 secs] [Times: user=0.02 sys=0.00, real=0.02 secs] 
Heap after GC invocations=74 (full 1):
 par new generation   total 109248K, used 11937K [0x00000000e0000000, 0x00000000e8000000, 0x00000000e8000000)
  eden space 87424K,   0% used [0x00000000e0000000, 0x00000000e0000000, 0x00000000e5560000)
  from space 21824K,  54% used [0x00000000e5560000, 0x00000000e61084f8, 0x00000000e6ab0000)
  to   space 21824K,   0% used [0x00000000e6ab0000, 0x00000000e6ab0000, 0x00000000e8000000)
 concurrent mark-sweep generation total 393216K, used 13340K [0x00000000e8000000, 0x0000000100000000, 0x0000000100000000)
 Metaspace       used 34506K, capacity 35044K, committed 35296K, reserved 1081344K
  class space    used 3621K, capacity 3782K, committed 3836K, reserved 1048576K
}
2017-03-31T04:57:06.193+0200: 286.920: Total time for which application threads were stopped: 0.0221494 seconds, Stopping threads took: 0.0028137 seconds
{Heap before GC invocations=74 (full 1):
 par new generation   total 109248K, used 99361K [0x00000000e0000000, 0x00000000e8000000, 0x00000000e8000000)
  eden space 87424K, 100% used [0x00000000e0000000, 0x00000000e5560000, 0x00000000e5560000)
  from space 21824K,  54% used [0x00000000e5560000, 0x00000000e61084f8, 0x00000000e6ab0000)
  to   space 21824K,   0% used [0x00000000e6ab0000, 0x00000000e6ab0000, 0x00000000e8000000)
 concurrent mark-sweep generation total 393216K, used 13340K [0x00000000e8000000, 0x0000000100000000, 0x0000000100000000)
 Metaspace       used 34515K, capacity 35044K, committed 35296K, reserved 1081344K
  class space    used 3621K, capacity 3782K, committed 3836K, reserved 1048576K
2017-03-31T04:57:06.739+0200: 287.466: [GC (Allocation Failure) 2017-03-31T04:57:06.740+0200: 287.466: [ParNew
Desired survivor size 20112992 bytes, new threshold 8 (max 8)
- age   1:    4164592 bytes,    4164592 total
- age   2:    2204352 bytes,    6368944 total
- age   3:      15472 bytes,    6384416 total
- age   4:       5392 bytes,    6389808 total
- age   5:       7624 bytes,    6397432 total
- age   6:       5328 bytes,    6402760 total
- age   7:       4264 bytes,    6407024 total
- age   8:       7752 bytes,    6414776 total
: 99361K->9104K(109248K), 0.0463262 secs] 112702K->22452K(502464K), 0.0464016 secs] [Times: user=0.04 sys=0.01, real=0.04 secs] 
Heap after GC invocations=75 (full 1):
 par new generation   total 109248K, used 9104K [0x00000000e0000000, 0x00000000e8000000, 0x00000000e8000000)
  eden space 87424K,   0% used [0x00000000e0000000, 0x00000000e0000000, 0x00000000e5560000)
  from space 21824K,  41% used [0x00000000e6ab0000, 0x00000000e7394310, 0x00000000e8000000)
  to   space 21824K,   0% used [0x00000000e5560000, 0x00000000e5560000, 0x00000000e6ab0000)
 concurrent mark-sweep generation total 393216K, used 13347K [0x00000000e8000000, 0x0000000100000000, 0x0000000100000000)
 Metaspace       used 34515K, capacity 35044K, committed 35296K, reserved 1081344K
  class space    used 3621K, capacity 3782K, committed 3836K, reserved 1048576K
}
2017-03-31T04:57:06.786+0200: 287.512: Total time for which application threads were stopped: 0.0466160 seconds, Stopping threads took: 0.0000372 seconds
{Heap before GC invocations=75 (full 1):
 par new generation   total 109248K, used 96528K [0x00000000e0000000, 0x00000000e8000000, 0x00000000e8000000)
  eden space 87424K, 100% used [0x00000000e0000000, 0x00000000e5560000, 0x00000000e5560000)
  from space 21824K,  41% used [0x00000000e6ab0000, 0x00000000e7394310, 0x00000000e8000000)
  to   space 21824K,   0% used [0x00000000e5560000, 0x00000000e5560000, 0x00000000e6ab0000)
 concurrent mark-sweep generation total 393216K, used 13347K [0x00000000e8000000, 0x0000000100000000, 0x0000000100000000)
 Metaspace       used 34515K, capacity 35044K, committed 35296K, reserved 1081344K
  class space    used 3621K, capacity 3782K, committed 3836K, reserved 1048576K
2017-03-31T04:57:07.059+0200: 287.786: [GC (Allocation Failure) 2017-03-31T04:57:07.060+0200: 287.786: [ParNew
Desired survivor size 20112992 bytes, new threshold 8 (max 8)
- age   1:    2850744 bytes,    2850744 total
- age   2:    3790920 bytes,    6641664 total
- age   3:    2044296 bytes,    8685960 total
- age   4:      15472 bytes,    8701432 total
- age   5:       5392 bytes,    8706824 total
- age   6:       7624 bytes,    8714448 total
- age   7:       5328 bytes,    8719776 total
- age   8:       4264 bytes,    8724040 total
: 96528K->11408K(109248K), 0.0414442 secs] 109876K->24764K(502464K), 0.0416166 secs] [Times: user=0.04 sys=0.00, real=0.04 secs] 
Heap after GC invocations=76 (full 1):
 par new generation   total 109248K, used 11408K [0x00000000e0000000, 0x00000000e8000000, 0x00000000e8000000)
  eden space 87424K,   0% used [0x00000000e0000000, 0x00000000e0000000, 0x00000000e5560000)
  from space 21824K,  52% used [0x00000000e5560000, 0x00000000e60842c0, 0x00000000e6ab0000)
  to   space 21824K,   0% used [0x00000000e6ab0000, 0x00000000e6ab0000, 0x00000000e8000000)
 concurrent mark-sweep generation total 393216K, used 13355K [0x00000000e8000000, 0x0000000100000000, 0x0000000100000000)
 Metaspace       used 34515K, capacity 35044K, committed 35296K, reserved 1081344K
  class space    used 3621K, capacity 3782K, committed 3836K, reserved 1048576K
}
2017-03-31T04:57:07.101+0200: 287.827: Total time for which application threads were stopped: 0.0419272 seconds, Stopping threads took: 0.0000318 seconds
{Heap before GC invocations=76 (full 1):
 par new generation   total 109248K, used 98832K [0x00000000e0000000, 0x00000000e8000000, 0x00000000e8000000)
  eden space 87424K, 100% used [0x00000000e0000000, 0x00000000e5560000, 0x00000000e5560000)
  from space 21824K,  52% used [0x00000000e5560000, 0x00000000e60842c0, 0x00000000e6ab0000)
  to   space 21824K,   0% used [0x00000000e6ab0000, 0x00000000e6ab0000, 0x00000000e8000000)
 concurrent mark-sweep generation total 393216K, used 13355K [0x00000000e8000000, 0x0000000100000000, 0x0000000100000000)
 Metaspace       used 34516K, capacity 35044K, committed 35296K, reserved 1081344K
  class space    used 3621K, capacity 3782K, committed 3836K, reserved 1048576K
2017-03-31T04:57:07.533+0200: 288.259: [GC (Allocation Failure) 2017-03-31T04:57:07.533+0200: 288.259: [ParNew
Desired survivor size 20112992 bytes, new threshold 8 (max 8)
- age   1:    4151752 bytes,    4151752 total
- age   2:    2367808 bytes,    6519560 total
- age   3:    1064600 bytes,    7584160 total
- age   4:       9224 bytes,    7593384 total
- age   5:      15264 bytes,    7608648 total
- age   6:       5072 bytes,    7613720 total
- age   7:       7368 bytes,    7621088 total
- age   8:       5200 bytes,    7626288 total
: 98832K->9021K(109248K), 0.0351984 secs] 112188K->22381K(502464K), 0.0352737 secs] [Times: user=0.03 sys=0.00, real=0.03 secs] 
Heap after GC invocations=77 (full 1):
 par new generation   total 109248K, used 9021K [0x00000000e0000000, 0x00000000e8000000, 0x00000000e8000000)
  eden space 87424K,   0% used [0x00000000e0000000, 0x00000000e0000000, 0x00000000e5560000)
  from space 21824K,  41% used [0x00000000e6ab0000, 0x00000000e737f7c0, 0x00000000e8000000)
  to   space 21824K,   0% used [0x00000000e5560000, 0x00000000e5560000, 0x00000000e6ab0000)
 concurrent mark-sweep generation total 393216K, used 13359K [0x00000000e8000000, 0x0000000100000000, 0x0000000100000000)
 Metaspace       used 34516K, capacity 35044K, committed 35296K, reserved 1081344K
  class space    used 3621K, capacity 3782K, committed 3836K, reserved 1048576K
}
2017-03-31T04:57:07.568+0200: 288.295: Total time for which application threads were stopped: 0.0354580 seconds, Stopping threads took: 0.0000291 seconds
{Heap before GC invocations=77 (full 1):
 par new generation   total 109248K, used 96442K [0x00000000e0000000, 0x00000000e8000000, 0x00000000e8000000)
  eden space 87424K,  99% used [0x00000000e0000000, 0x00000000e555f2c0, 0x00000000e5560000)
  from space 21824K,  41% used [0x00000000e6ab0000, 0x00000000e737f7c0, 0x00000000e8000000)
  to   space 21824K,   0% used [0x00000000e5560000, 0x00000000e5560000, 0x00000000e6ab0000)
 concurrent mark-sweep generation total 393216K, used 13359K [0x00000000e8000000, 0x0000000100000000, 0x0000000100000000)
 Metaspace       used 34516K, capacity 35044K, committed 35296K, reserved 1081344K
  class space    used 3621K, capacity 3782K, committed 3836K, reserved 1048576K
2017-03-31T04:57:08.111+0200: 288.837: [GC (Allocation Failure) 2017-03-31T04:57:08.111+0200: 288.837: [ParNew
Desired survivor size 20112992 bytes, new threshold 8 (max 8)
- age   1:    4476520 bytes,    4476520 total
- age   2:    2386312 bytes,    6862832 total
- age   3:       2968 bytes,    6865800 total
- age   4:       9720 bytes,    6875520 total
- age   5:       8240 bytes,    6883760 total
- age   6:       4568 bytes,    6888328 total
- age   7:       5072 bytes,    6893400 total
- age   8:       7368 bytes,    6900768 total
: 96442K->13176K(109248K), 0.0311862 secs] 109802K->26541K(502464K), 0.0312530 secs] [Times: user=0.03 sys=0.00, real=0.03 secs] 
Heap after GC invocations=78 (full 1):
 par new generation   total 109248K, used 13176K [0x00000000e0000000, 0x00000000e8000000, 0x00000000e8000000)
  eden space 87424K,   0% used [0x00000000e0000000, 0x00000000e0000000, 0x00000000e5560000)
  from space 21824K,  60% used [0x00000000e5560000, 0x00000000e623e100, 0x00000000e6ab0000)
  to   space 21824K,   0% used [0x00000000e6ab0000, 0x00000000e6ab0000, 0x00000000e8000000)
 concurrent mark-sweep generation total 393216K, used 13364K [0x00000000e8000000, 0x0000000100000000, 0x0000000100000000)
 Metaspace       used 34516K, capacity 35044K, committed 35296K, reserved 1081344K
  class space    used 3621K, capacity 3782K, committed 3836K, reserved 1048576K
}
2017-03-31T04:57:08.142+0200: 288.868: Total time for which application threads were stopped: 0.0314215 seconds, Stopping threads took: 0.0000301 seconds
{Heap before GC invocations=78 (full 1):
 par new generation   total 109248K, used 100600K [0x00000000e0000000, 0x00000000e8000000, 0x00000000e8000000)
  eden space 87424K, 100% used [0x00000000e0000000, 0x00000000e5560000, 0x00000000e5560000)
  from space 21824K,  60% used [0x00000000e5560000, 0x00000000e623e100, 0x00000000e6ab0000)
  to   space 21824K,   0% used [0x00000000e6ab0000, 0x00000000e6ab0000, 0x00000000e8000000)
 concurrent mark-sweep generation total 393216K, used 13364K [0x00000000e8000000, 0x0000000100000000, 0x0000000100000000)
 Metaspace       used 34516K, capacity 35044K, committed 35296K, reserved 1081344K
  class space    used 3621K, capacity 3782K, committed 3836K, reserved 1048576K
2017-03-31T04:57:08.437+0200: 289.164: [GC (Allocation Failure) 2017-03-31T04:57:08.437+0200: 289.164: [ParNew
Desired survivor size 20112992 bytes, new threshold 8 (max 8)
- age   1:    3125336 bytes,    3125336 total
- age   2:    3995992 bytes,    7121328 total
- age   3:    2228152 bytes,    9349480 total
- age   4:       2968 bytes,    9352448 total
- age   5:       9656 bytes,    9362104 total
- age   6:       8240 bytes,    9370344 total
- age   7:       4568 bytes,    9374912 total
- age   8:       5072 bytes,    9379984 total
: 100600K->10914K(109248K), 0.0203425 secs] 113965K->24286K(502464K), 0.0204177 secs] [Times: user=0.02 sys=0.00, real=0.01 secs] 
Heap after GC invocations=79 (full 1):
 par new generation   total 109248K, used 10914K [0x00000000e0000000, 0x00000000e8000000, 0x00000000e8000000)
  eden space 87424K,   0% used [0x00000000e0000000, 0x00000000e0000000, 0x00000000e5560000)
  from space 21824K,  50% used [0x00000000e6ab0000, 0x00000000e7558ae8, 0x00000000e8000000)
  to   space 21824K,   0% used [0x00000000e5560000, 0x00000000e5560000, 0x00000000e6ab0000)
 concurrent mark-sweep generation total 393216K, used 13372K [0x00000000e8000000, 0x0000000100000000, 0x0000000100000000)
 Metaspace       used 34516K, capacity 35044K, committed 35296K, reserved 1081344K
  class space    used 3621K, capacity 3782K, committed 3836K, reserved 1048576K
}
2017-03-31T04:57:08.458+0200: 289.184: Total time for which application threads were stopped: 0.0206232 seconds, Stopping threads took: 0.0000309 seconds
{Heap before GC invocations=79 (full 1):
 par new generation   total 109248K, used 98338K [0x00000000e0000000, 0x00000000e8000000, 0x00000000e8000000)
  eden space 87424K, 100% used [0x00000000e0000000, 0x00000000e5560000, 0x00000000e5560000)
  from space 21824K,  50% used [0x00000000e6ab0000, 0x00000000e7558ae8, 0x00000000e8000000)
  to   space 21824K,   0% used [0x00000000e5560000, 0x00000000e5560000, 0x00000000e6ab0000)
 concurrent mark-sweep generation total 393216K, used 13372K [0x00000000e8000000, 0x0000000100000000, 0x0000000100000000)
 Metaspace       used 34516K, capacity 35044K, committed 35296K, reserved 1081344K
  class space    used 3621K, capacity 3782K, committed 3836K, reserved 1048576K
2017-03-31T04:57:08.859+0200: 289.585: [GC (Allocation Failure) 2017-03-31T04:57:08.859+0200: 289.585: [ParNew
Desired survivor size 20112992 bytes, new threshold 8 (max 8)
- age   1:    3852088 bytes,    3852088 total
- age   2:    2852496 bytes,    6704584 total
- age   3:    1506784 bytes,    8211368 total
- age   4:       6712 bytes,    8218080 total
- age   5:       2968 bytes,    8221048 total
- age   6:       9568 bytes,    8230616 total
- age   7:       8240 bytes,    8238856 total
- age   8:       4568 bytes,    8243424 total
: 98338K->13296K(109248K), 0.0190774 secs] 111710K->26673K(502464K), 0.0191560 secs] [Times: user=0.02 sys=0.00, real=0.02 secs] 
Heap after GC invocations=80 (full 1):
 par new generation   total 109248K, used 13296K [0x00000000e0000000, 0x00000000e8000000, 0x00000000e8000000)
  eden space 87424K,   0% used [0x00000000e0000000, 0x00000000e0000000, 0x00000000e5560000)
  from space 21824K,  60% used [0x00000000e5560000, 0x00000000e625c078, 0x00000000e6ab0000)
  to   space 21824K,   0% used [0x00000000e6ab0000, 0x00000000e6ab0000, 0x00000000e8000000)
 concurrent mark-sweep generation total 393216K, used 13377K [0x00000000e8000000, 0x0000000100000000, 0x0000000100000000)
 Metaspace       used 34516K, capacity 35044K, committed 35296K, reserved 1081344K
  class space    used 3621K, capacity 3782K, committed 3836K, reserved 1048576K
}
2017-03-31T04:57:08.878+0200: 289.605: Total time for which application threads were stopped: 0.0292484 seconds, Stopping threads took: 0.0098993 seconds
{Heap before GC invocations=80 (full 1):
 par new generation   total 109248K, used 100720K [0x00000000e0000000, 0x00000000e8000000, 0x00000000e8000000)
  eden space 87424K, 100% used [0x00000000e0000000, 0x00000000e5560000, 0x00000000e5560000)
  from space 21824K,  60% used [0x00000000e5560000, 0x00000000e625c078, 0x00000000e6ab0000)
  to   space 21824K,   0% used [0x00000000e6ab0000, 0x00000000e6ab0000, 0x00000000e8000000)
 concurrent mark-sweep generation total 393216K, used 13377K [0x00000000e8000000, 0x0000000100000000, 0x0000000100000000)
 Metaspace       used 34516K, capacity 35044K, committed 35296K, reserved 1081344K
  class space    used 3621K, capacity 3782K, committed 3836K, reserved 1048576K
2017-03-31T04:57:09.485+0200: 290.212: [GC (Allocation Failure) 2017-03-31T04:57:09.485+0200: 290.212: [ParNew
Desired survivor size 20112992 bytes, new threshold 8 (max 8)
- age   1:    4698584 bytes,    4698584 total
- age   2:    2565376 bytes,    7263960 total
- age   3:       7104 bytes,    7271064 total
- age   4:      15376 bytes,    7286440 total
- age   5:       6520 bytes,    7292960 total
- age   6:       2968 bytes,    7295928 total
- age   7:       9568 bytes,    7305496 total
- age   8:       8240 bytes,    7313736 total
: 100720K->9780K(109248K), 0.0253061 secs] 114097K->23161K(502464K), 0.0253800 secs] [Times: user=0.02 sys=0.00, real=0.03 secs] 
Heap after GC invocations=81 (full 1):
 par new generation   total 109248K, used 9780K [0x00000000e0000000, 0x00000000e8000000, 0x00000000e8000000)
  eden space 87424K,   0% used [0x00000000e0000000, 0x00000000e0000000, 0x00000000e5560000)
  from space 21824K,  44% used [0x00000000e6ab0000, 0x00000000e743d000, 0x00000000e8000000)
  to   space 21824K,   0% used [0x00000000e5560000, 0x00000000e5560000, 0x00000000e6ab0000)
 concurrent mark-sweep generation total 393216K, used 13381K [0x00000000e8000000, 0x0000000100000000, 0x0000000100000000)
 Metaspace       used 34516K, capacity 35044K, committed 35296K, reserved 1081344K
  class space    used 3621K, capacity 3782K, committed 3836K, reserved 1048576K
}
2017-03-31T04:57:09.511+0200: 290.237: Total time for which application threads were stopped: 0.0255520 seconds, Stopping threads took: 0.0000289 seconds
{Heap before GC invocations=81 (full 1):
 par new generation   total 109248K, used 97204K [0x00000000e0000000, 0x00000000e8000000, 0x00000000e8000000)
  eden space 87424K, 100% used [0x00000000e0000000, 0x00000000e5560000, 0x00000000e5560000)
  from space 21824K,  44% used [0x00000000e6ab0000, 0x00000000e743d000, 0x00000000e8000000)
  to   space 21824K,   0% used [0x00000000e5560000, 0x00000000e5560000, 0x00000000e6ab0000)
 concurrent mark-sweep generation total 393216K, used 13381K [0x00000000e8000000, 0x0000000100000000, 0x0000000100000000)
 Metaspace       used 34516K, capacity 35044K, committed 35296K, reserved 1081344K
  class space    used 3621K, capacity 3782K, committed 3836K, reserved 1048576K
2017-03-31T04:57:09.901+0200: 290.627: [GC (Allocation Failure) 2017-03-31T04:57:09.901+0200: 290.627: [ParNew
Desired survivor size 20112992 bytes, new threshold 8 (max 8)
- age   1:    3418200 bytes,    3418200 total
- age   2:    2086472 bytes,    5504672 total
- age   3:      12816 bytes,    5517488 total
- age   4:       7104 bytes,    5524592 total
- age   5:      15120 bytes,    5539712 total
- age   6:       6520 bytes,    5546232 total
- age   7:       2968 bytes,    5549200 total
- age   8:       9568 bytes,    5558768 total
: 97204K->7312K(109248K), 0.0272589 secs] 110585K->20702K(502464K), 0.0273227 secs] [Times: user=0.02 sys=0.00, real=0.02 secs] 
Heap after GC invocations=82 (full 1):
 par new generation   total 109248K, used 7312K [0x00000000e0000000, 0x00000000e8000000, 0x00000000e8000000)
  eden space 87424K,   0% used [0x00000000e0000000, 0x00000000e0000000, 0x00000000e5560000)
  from space 21824K,  33% used [0x00000000e5560000, 0x00000000e5c84300, 0x00000000e6ab0000)
  to   space 21824K,   0% used [0x00000000e6ab0000, 0x00000000e6ab0000, 0x00000000e8000000)
 concurrent mark-sweep generation total 393216K, used 13389K [0x00000000e8000000, 0x0000000100000000, 0x0000000100000000)
 Metaspace       used 34516K, capacity 35044K, committed 35296K, reserved 1081344K
  class space    used 3621K, capacity 3782K, committed 3836K, reserved 1048576K
}
2017-03-31T04:57:09.928+0200: 290.655: Total time for which application threads were stopped: 0.0274837 seconds, Stopping threads took: 0.0000198 seconds
{Heap before GC invocations=82 (full 1):
 par new generation   total 109248K, used 94736K [0x00000000e0000000, 0x00000000e8000000, 0x00000000e8000000)
  eden space 87424K, 100% used [0x00000000e0000000, 0x00000000e5560000, 0x00000000e5560000)
  from space 21824K,  33% used [0x00000000e5560000, 0x00000000e5c84300, 0x00000000e6ab0000)
  to   space 21824K,   0% used [0x00000000e6ab0000, 0x00000000e6ab0000, 0x00000000e8000000)
 concurrent mark-sweep generation total 393216K, used 13389K [0x00000000e8000000, 0x0000000100000000, 0x0000000100000000)
 Metaspace       used 34516K, capacity 35044K, committed 35296K, reserved 1081344K
  class space    used 3621K, capacity 3782K, committed 3836K, reserved 1048576K
2017-03-31T04:57:10.323+0200: 291.049: [GC (Allocation Failure) 2017-03-31T04:57:10.323+0200: 291.049: [ParNew
Desired survivor size 20112992 bytes, new threshold 8 (max 8)
- age   1:    3511072 bytes,    3511072 total
- age   2:    2890216 bytes,    6401288 total
- age   3:    1765792 bytes,    8167080 total
- age   4:       5248 bytes,    8172328 total
- age   5:       7104 bytes,    8179432 total
- age   6:       9672 bytes,    8189104 total
- age   7:       6520 bytes,    8195624 total
- age   8:       2968 bytes,    8198592 total
: 94736K->10324K(109248K), 0.0216056 secs] 108126K->23723K(502464K), 0.0216914 secs] [Times: user=0.02 sys=0.00, real=0.02 secs] 
Heap after GC invocations=83 (full 1):
 par new generation   total 109248K, used 10324K [0x00000000e0000000, 0x00000000e8000000, 0x00000000e8000000)
  eden space 87424K,   0% used [0x00000000e0000000, 0x00000000e0000000, 0x00000000e5560000)
  from space 21824K,  47% used [0x00000000e6ab0000, 0x00000000e74c50f0, 0x00000000e8000000)
  to   space 21824K,   0% used [0x00000000e5560000, 0x00000000e5560000, 0x00000000e6ab0000)
 concurrent mark-sweep generation total 393216K, used 13399K [0x00000000e8000000, 0x0000000100000000, 0x0000000100000000)
 Metaspace       used 34516K, capacity 35044K, committed 35296K, reserved 1081344K
  class space    used 3621K, capacity 3782K, committed 3836K, reserved 1048576K
}
2017-03-31T04:57:10.345+0200: 291.071: Total time for which application threads were stopped: 0.0238693 seconds, Stopping threads took: 0.0020335 seconds
{Heap before GC invocations=83 (full 1):
 par new generation   total 109248K, used 97744K [0x00000000e0000000, 0x00000000e8000000, 0x00000000e8000000)
  eden space 87424K,  99% used [0x00000000e0000000, 0x00000000e555ef18, 0x00000000e5560000)
  from space 21824K,  47% used [0x00000000e6ab0000, 0x00000000e74c50f0, 0x00000000e8000000)
  to   space 21824K,   0% used [0x00000000e5560000, 0x00000000e5560000, 0x00000000e6ab0000)
 concurrent mark-sweep generation total 393216K, used 13399K [0x00000000e8000000, 0x0000000100000000, 0x0000000100000000)
 Metaspace       used 34527K, capacity 35044K, committed 35296K, reserved 1081344K
  class space    used 3621K, capacity 3782K, committed 3836K, reserved 1048576K
2017-03-31T04:57:11.016+0200: 291.742: [GC (Allocation Failure) 2017-03-31T04:57:11.016+0200: 291.742: [ParNew
Desired survivor size 20112992 bytes, new threshold 8 (max 8)
- age   1:    4550224 bytes,    4550224 total
- age   2:    2866168 bytes,    7416392 total
- age   3:       5536 bytes,    7421928 total
- age   4:       7816 bytes,    7429744 total
- age   5:       5120 bytes,    7434864 total
- age   6:       7104 bytes,    7441968 total
- age   7:       9544 bytes,    7451512 total
- age   8:       6520 bytes,    7458032 total
: 97744K->11799K(109248K), 0.0318396 secs] 111143K->25201K(502464K), 0.0319294 secs] [Times: user=0.03 sys=0.00, real=0.02 secs] 
Heap after GC invocations=84 (full 1):
 par new generation   total 109248K, used 11799K [0x00000000e0000000, 0x00000000e8000000, 0x00000000e8000000)
  eden space 87424K,   0% used [0x00000000e0000000, 0x00000000e0000000, 0x00000000e5560000)
  from space 21824K,  54% used [0x00000000e5560000, 0x00000000e60e5c30, 0x00000000e6ab0000)
  to   space 21824K,   0% used [0x00000000e6ab0000, 0x00000000e6ab0000, 0x00000000e8000000)
 concurrent mark-sweep generation total 393216K, used 13402K [0x00000000e8000000, 0x0000000100000000, 0x0000000100000000)
 Metaspace       used 34527K, capacity 35044K, committed 35296K, reserved 1081344K
  class space    used 3621K, capacity 3782K, committed 3836K, reserved 1048576K
}
2017-03-31T04:57:11.048+0200: 291.774: Total time for which application threads were stopped: 0.0321375 seconds, Stopping threads took: 0.0000326 seconds
{Heap before GC invocations=84 (full 1):
 par new generation   total 109248K, used 99223K [0x00000000e0000000, 0x00000000e8000000, 0x00000000e8000000)
  eden space 87424K, 100% used [0x00000000e0000000, 0x00000000e5560000, 0x00000000e5560000)
  from space 21824K,  54% used [0x00000000e5560000, 0x00000000e60e5c30, 0x00000000e6ab0000)
  to   space 21824K,   0% used [0x00000000e6ab0000, 0x00000000e6ab0000, 0x00000000e8000000)
 concurrent mark-sweep generation total 393216K, used 13402K [0x00000000e8000000, 0x0000000100000000, 0x0000000100000000)
 Metaspace       used 34528K, capacity 35044K, committed 35296K, reserved 1081344K
  class space    used 3621K, capacity 3782K, committed 3836K, reserved 1048576K
2017-03-31T04:57:11.643+0200: 292.369: [GC (Allocation Failure) 2017-03-31T04:57:11.643+0200: 292.369: [ParNew
Desired survivor size 20112992 bytes, new threshold 8 (max 8)
- age   1:    4081312 bytes,    4081312 total
- age   2:    2286520 bytes,    6367832 total
- age   3:       4416 bytes,    6372248 total
- age   4:       5536 bytes,    6377784 total
- age   5:       7752 bytes,    6385536 total
- age   6:       5120 bytes,    6390656 total
- age   7:       7104 bytes,    6397760 total
- age   8:       9544 bytes,    6407304 total
: 99223K->8765K(109248K), 0.0210523 secs] 112625K->22174K(502464K), 0.0211209 secs] [Times: user=0.02 sys=0.00, real=0.02 secs] 
Heap after GC invocations=85 (full 1):
 par new generation   total 109248K, used 8765K [0x00000000e0000000, 0x00000000e8000000, 0x00000000e8000000)
  eden space 87424K,   0% used [0x00000000e0000000, 0x00000000e0000000, 0x00000000e5560000)
  from space 21824K,  40% used [0x00000000e6ab0000, 0x00000000e733f7c0, 0x00000000e8000000)
  to   space 21824K,   0% used [0x00000000e5560000, 0x00000000e5560000, 0x00000000e6ab0000)
 concurrent mark-sweep generation total 393216K, used 13408K [0x00000000e8000000, 0x0000000100000000, 0x0000000100000000)
 Metaspace       used 34528K, capacity 35044K, committed 35296K, reserved 1081344K
  class space    used 3621K, capacity 3782K, committed 3836K, reserved 1048576K
}
2017-03-31T04:57:11.664+0200: 292.390: Total time for which application threads were stopped: 0.0305357 seconds, Stopping threads took: 0.0092416 seconds
{Heap before GC invocations=85 (full 1):
 par new generation   total 109248K, used 96189K [0x00000000e0000000, 0x00000000e8000000, 0x00000000e8000000)
  eden space 87424K, 100% used [0x00000000e0000000, 0x00000000e5560000, 0x00000000e5560000)
  from space 21824K,  40% used [0x00000000e6ab0000, 0x00000000e733f7c0, 0x00000000e8000000)
  to   space 21824K,   0% used [0x00000000e5560000, 0x00000000e5560000, 0x00000000e6ab0000)
 concurrent mark-sweep generation total 393216K, used 13408K [0x00000000e8000000, 0x0000000100000000, 0x0000000100000000)
 Metaspace       used 34548K, capacity 35108K, committed 35296K, reserved 1081344K
  class space    used 3621K, capacity 3782K, committed 3836K, reserved 1048576K
2017-03-31T04:57:11.994+0200: 292.720: [GC (Allocation Failure) 2017-03-31T04:57:11.994+0200: 292.720: [ParNew
Desired survivor size 20112992 bytes, new threshold 8 (max 8)
- age   1:    3188504 bytes,    3188504 total
- age   2:    3425456 bytes,    6613960 total
- age   3:    1979520 bytes,    8593480 total
- age   4:       4416 bytes,    8597896 total
- age   5:       5472 bytes,    8603368 total
- age   6:       7752 bytes,    8611120 total
- age   7:       5120 bytes,    8616240 total
- age   8:       7104 bytes,    8623344 total
: 96189K->9669K(109248K), 0.0210167 secs] 109598K->23086K(502464K), 0.0210909 secs] [Times: user=0.02 sys=0.00, real=0.02 secs] 
Heap after GC invocations=86 (full 1):
 par new generation   total 109248K, used 9669K [0x00000000e0000000, 0x00000000e8000000, 0x00000000e8000000)
  eden space 87424K,   0% used [0x00000000e0000000, 0x00000000e0000000, 0x00000000e5560000)
  from space 21824K,  44% used [0x00000000e5560000, 0x00000000e5ed1460, 0x00000000e6ab0000)
  to   space 21824K,   0% used [0x00000000e6ab0000, 0x00000000e6ab0000, 0x00000000e8000000)
 concurrent mark-sweep generation total 393216K, used 13417K [0x00000000e8000000, 0x0000000100000000, 0x0000000100000000)
 Metaspace       used 34548K, capacity 35108K, committed 35296K, reserved 1081344K
  class space    used 3621K, capacity 3782K, committed 3836K, reserved 1048576K
}
2017-03-31T04:57:12.015+0200: 292.741: Total time for which application threads were stopped: 0.0260529 seconds, Stopping threads took: 0.0047919 seconds
{Heap before GC invocations=86 (full 1):
 par new generation   total 109248K, used 97093K [0x00000000e0000000, 0x00000000e8000000, 0x00000000e8000000)
  eden space 87424K, 100% used [0x00000000e0000000, 0x00000000e5560000, 0x00000000e5560000)
  from space 21824K,  44% used [0x00000000e5560000, 0x00000000e5ed1460, 0x00000000e6ab0000)
  to   space 21824K,   0% used [0x00000000e6ab0000, 0x00000000e6ab0000, 0x00000000e8000000)
 concurrent mark-sweep generation total 393216K, used 13417K [0x00000000e8000000, 0x0000000100000000, 0x0000000100000000)
 Metaspace       used 34549K, capacity 35108K, committed 35296K, reserved 1081344K
  class space    used 3622K, capacity 3782K, committed 3836K, reserved 1048576K
2017-03-31T04:57:12.509+0200: 293.236: [GC (Allocation Failure) 2017-03-31T04:57:12.509+0200: 293.236: [ParNew
Desired survivor size 20112992 bytes, new threshold 8 (max 8)
- age   1:    4461680 bytes,    4461680 total
- age   2:    2485768 bytes,    6947448 total
- age   3:     600784 bytes,    7548232 total
- age   4:      13360 bytes,    7561592 total
- age   5:       4416 bytes,    7566008 total
- age   6:       5408 bytes,    7571416 total
- age   7:       7752 bytes,    7579168 total
- age   8:       5120 bytes,    7584288 total
: 97093K->12463K(109248K), 0.0260926 secs] 110510K->25887K(502464K), 0.0261626 secs] [Times: user=0.03 sys=0.00, real=0.02 secs] 
Heap after GC invocations=87 (full 1):
 par new generation   total 109248K, used 12463K [0x00000000e0000000, 0x00000000e8000000, 0x00000000e8000000)
  eden space 87424K,   0% used [0x00000000e0000000, 0x00000000e0000000, 0x00000000e5560000)
  from space 21824K,  57% used [0x00000000e6ab0000, 0x00000000e76dbc08, 0x00000000e8000000)
  to   space 21824K,   0% used [0x00000000e5560000, 0x00000000e5560000, 0x00000000e6ab0000)
 concurrent mark-sweep generation total 393216K, used 13424K [0x00000000e8000000, 0x0000000100000000, 0x0000000100000000)
 Metaspace       used 34549K, capacity 35108K, committed 35296K, reserved 1081344K
  class space    used 3622K, capacity 3782K, committed 3836K, reserved 1048576K
}
2017-03-31T04:57:12.536+0200: 293.262: Total time for which application threads were stopped: 0.0266584 seconds, Stopping threads took: 0.0001170 seconds
{Heap before GC invocations=87 (full 1):
 par new generation   total 109248K, used 99887K [0x00000000e0000000, 0x00000000e8000000, 0x00000000e8000000)
  eden space 87424K, 100% used [0x00000000e0000000, 0x00000000e5560000, 0x00000000e5560000)
  from space 21824K,  57% used [0x00000000e6ab0000, 0x00000000e76dbc08, 0x00000000e8000000)
  to   space 21824K,   0% used [0x00000000e5560000, 0x00000000e5560000, 0x00000000e6ab0000)
 concurrent mark-sweep generation total 393216K, used 13424K [0x00000000e8000000, 0x0000000100000000, 0x0000000100000000)
 Metaspace       used 34549K, capacity 35108K, committed 35296K, reserved 1081344K
  class space    used 3622K, capacity 3782K, committed 3836K, reserved 1048576K
2017-03-31T04:57:13.101+0200: 293.827: [GC (Allocation Failure) 2017-03-31T04:57:13.101+0200: 293.827: [ParNew
Desired survivor size 20112992 bytes, new threshold 8 (max 8)
- age   1:    4546448 bytes,    4546448 total
- age   2:    2313064 bytes,    6859512 total
- age   3:       4720 bytes,    6864232 total
- age   4:      11984 bytes,    6876216 total
- age   5:       7592 bytes,    6883808 total
- age   6:       4416 bytes,    6888224 total
- age   7:       5408 bytes,    6893632 total
- age   8:       7752 bytes,    6901384 total
: 99887K->9080K(109248K), 0.0311725 secs] 113311K->22510K(502464K), 0.0312535 secs] [Times: user=0.03 sys=0.00, real=0.02 secs] 
Heap after GC invocations=88 (full 1):
 par new generation   total 109248K, used 9080K [0x00000000e0000000, 0x00000000e8000000, 0x00000000e8000000)
  eden space 87424K,   0% used [0x00000000e0000000, 0x00000000e0000000, 0x00000000e5560000)
  from space 21824K,  41% used [0x00000000e5560000, 0x00000000e5e3e0a0, 0x00000000e6ab0000)
  to   space 21824K,   0% used [0x00000000e6ab0000, 0x00000000e6ab0000, 0x00000000e8000000)
 concurrent mark-sweep generation total 393216K, used 13429K [0x00000000e8000000, 0x0000000100000000, 0x0000000100000000)
 Metaspace       used 34549K, capacity 35108K, committed 35296K, reserved 1081344K
  class space    used 3622K, capacity 3782K, committed 3836K, reserved 1048576K
}
2017-03-31T04:57:13.132+0200: 293.859: Total time for which application threads were stopped: 0.0314615 seconds, Stopping threads took: 0.0000303 seconds
{Heap before GC invocations=88 (full 1):
 par new generation   total 109248K, used 96495K [0x00000000e0000000, 0x00000000e8000000, 0x00000000e8000000)
  eden space 87424K,  99% used [0x00000000e0000000, 0x00000000e555df48, 0x00000000e5560000)
  from space 21824K,  41% used [0x00000000e5560000, 0x00000000e5e3e0a0, 0x00000000e6ab0000)
  to   space 21824K,   0% used [0x00000000e6ab0000, 0x00000000e6ab0000, 0x00000000e8000000)
 concurrent mark-sweep generation total 393216K, used 13429K [0x00000000e8000000, 0x0000000100000000, 0x0000000100000000)
 Metaspace       used 34549K, capacity 35108K, committed 35296K, reserved 1081344K
  class space    used 3622K, capacity 3782K, committed 3836K, reserved 1048576K
2017-03-31T04:57:13.446+0200: 294.172: [GC (Allocation Failure) 2017-03-31T04:57:13.446+0200: 294.173: [ParNew
Desired survivor size 20112992 bytes, new threshold 8 (max 8)
- age   1:    3064376 bytes,    3064376 total
- age   2:    4092648 bytes,    7157024 total
- age   3:    2084048 bytes,    9241072 total
- age   4:       4720 bytes,    9245792 total
- age   5:       6536 bytes,    9252328 total
- age   6:       7592 bytes,    9259920 total
- age   7:       4416 bytes,    9264336 total
- age   8:       5408 bytes,    9269744 total
: 96495K->10306K(109248K), 0.0223803 secs] 109925K->23743K(502464K), 0.0224480 secs] [Times: user=0.02 sys=0.01, real=0.02 secs] 
Heap after GC invocations=89 (full 1):
 par new generation   total 109248K, used 10306K [0x00000000e0000000, 0x00000000e8000000, 0x00000000e8000000)
  eden space 87424K,   0% used [0x00000000e0000000, 0x00000000e0000000, 0x00000000e5560000)
  from space 21824K,  47% used [0x00000000e6ab0000, 0x00000000e74c0880, 0x00000000e8000000)
  to   space 21824K,   0% used [0x00000000e5560000, 0x00000000e5560000, 0x00000000e6ab0000)
 concurrent mark-sweep generation total 393216K, used 13437K [0x00000000e8000000, 0x0000000100000000, 0x0000000100000000)
 Metaspace       used 34549K, capacity 35108K, committed 35296K, reserved 1081344K
  class space    used 3622K, capacity 3782K, committed 3836K, reserved 1048576K
}
2017-03-31T04:57:13.469+0200: 294.195: Total time for which application threads were stopped: 0.0226400 seconds, Stopping threads took: 0.0000304 seconds
{Heap before GC invocations=89 (full 1):
 par new generation   total 109248K, used 97726K [0x00000000e0000000, 0x00000000e8000000, 0x00000000e8000000)
  eden space 87424K,  99% used [0x00000000e0000000, 0x00000000e555f1f0, 0x00000000e5560000)
  from space 21824K,  47% used [0x00000000e6ab0000, 0x00000000e74c0880, 0x00000000e8000000)
  to   space 21824K,   0% used [0x00000000e5560000, 0x00000000e5560000, 0x00000000e6ab0000)
 concurrent mark-sweep generation total 393216K, used 13437K [0x00000000e8000000, 0x0000000100000000, 0x0000000100000000)
 Metaspace       used 34549K, capacity 35108K, committed 35296K, reserved 1081344K
  class space    used 3622K, capacity 3782K, committed 3836K, reserved 1048576K
2017-03-31T04:57:13.852+0200: 294.579: [GC (Allocation Failure) 2017-03-31T04:57:13.852+0200: 294.579: [ParNew
Desired survivor size 20112992 bytes, new threshold 8 (max 8)
- age   1:    4523368 bytes,    4523368 total
- age   2:    2694064 bytes,    7217432 total
- age   3:    1691904 bytes,    8909336 total
- age   4:       7336 bytes,    8916672 total
- age   5:       4720 bytes,    8921392 total
- age   6:       6216 bytes,    8927608 total
- age   7:       7592 bytes,    8935200 total
- age   8:       4416 bytes,    8939616 total
: 97726K->13384K(109248K), 0.0377661 secs] 111164K->26827K(502464K), 0.0378440 secs] [Times: user=0.04 sys=0.00, real=0.03 secs] 
Heap after GC invocations=90 (full 1):
 par new generation   total 109248K, used 13384K [0x00000000e0000000, 0x00000000e8000000, 0x00000000e8000000)
  eden space 87424K,   0% used [0x00000000e0000000, 0x00000000e0000000, 0x00000000e5560000)
  from space 21824K,  61% used [0x00000000e5560000, 0x00000000e6272188, 0x00000000e6ab0000)
  to   space 21824K,   0% used [0x00000000e6ab0000, 0x00000000e6ab0000, 0x00000000e8000000)
 concurrent mark-sweep generation total 393216K, used 13442K [0x00000000e8000000, 0x0000000100000000, 0x0000000100000000)
 Metaspace       used 34549K, capacity 35108K, committed 35296K, reserved 1081344K
  class space    used 3622K, capacity 3782K, committed 3836K, reserved 1048576K
}
2017-03-31T04:57:13.890+0200: 294.616: Total time for which application threads were stopped: 0.0380356 seconds, Stopping threads took: 0.0000326 seconds
{Heap before GC invocations=90 (full 1):
 par new generation   total 109248K, used 100808K [0x00000000e0000000, 0x00000000e8000000, 0x00000000e8000000)
  eden space 87424K, 100% used [0x00000000e0000000, 0x00000000e5560000, 0x00000000e5560000)
  from space 21824K,  61% used [0x00000000e5560000, 0x00000000e6272188, 0x00000000e6ab0000)
  to   space 21824K,   0% used [0x00000000e6ab0000, 0x00000000e6ab0000, 0x00000000e8000000)
 concurrent mark-sweep generation total 393216K, used 13442K [0x00000000e8000000, 0x0000000100000000, 0x0000000100000000)
 Metaspace       used 34549K, capacity 35108K, committed 35296K, reserved 1081344K
  class space    used 3622K, capacity 3782K, committed 3836K, reserved 1048576K
2017-03-31T04:57:14.464+0200: 295.190: [GC (Allocation Failure) 2017-03-31T04:57:14.464+0200: 295.190: [ParNew
Desired survivor size 20112992 bytes, new threshold 8 (max 8)
- age   1:    4502672 bytes,    4502672 total
- age   2:    3197088 bytes,    7699760 total
- age   3:       3864 bytes,    7703624 total
- age   4:       7528 bytes,    7711152 total
- age   5:       7144 bytes,    7718296 total
- age   6:       4720 bytes,    7723016 total
- age   7:       6168 bytes,    7729184 total
- age   8:       7592 bytes,    7736776 total
: 100808K->10236K(109248K), 0.0245027 secs] 114251K->23683K(502464K), 0.0245695 secs] [Times: user=0.03 sys=0.00, real=0.02 secs] 
Heap after GC invocations=91 (full 1):
 par new generation   total 109248K, used 10236K [0x00000000e0000000, 0x00000000e8000000, 0x00000000e8000000)
  eden space 87424K,   0% used [0x00000000e0000000, 0x00000000e0000000, 0x00000000e5560000)
  from space 21824K,  46% used [0x00000000e6ab0000, 0x00000000e74af1a0, 0x00000000e8000000)
  to   space 21824K,   0% used [0x00000000e5560000, 0x00000000e5560000, 0x00000000e6ab0000)
 concurrent mark-sweep generation total 393216K, used 13447K [0x00000000e8000000, 0x0000000100000000, 0x0000000100000000)
 Metaspace       used 34549K, capacity 35108K, committed 35296K, reserved 1081344K
  class space    used 3622K, capacity 3782K, committed 3836K, reserved 1048576K
}
2017-03-31T04:57:14.488+0200: 295.215: Total time for which application threads were stopped: 0.0350068 seconds, Stopping threads took: 0.0102714 seconds
{Heap before GC invocations=91 (full 1):
 par new generation   total 109248K, used 97659K [0x00000000e0000000, 0x00000000e8000000, 0x00000000e8000000)
  eden space 87424K,  99% used [0x00000000e0000000, 0x00000000e555fd50, 0x00000000e5560000)
  from space 21824K,  46% used [0x00000000e6ab0000, 0x00000000e74af1a0, 0x00000000e8000000)
  to   space 21824K,   0% used [0x00000000e5560000, 0x00000000e5560000, 0x00000000e6ab0000)
 concurrent mark-sweep generation total 393216K, used 13447K [0x00000000e8000000, 0x0000000100000000, 0x0000000100000000)
 Metaspace       used 34549K, capacity 35108K, committed 35296K, reserved 1081344K
  class space    used 3622K, capacity 3782K, committed 3836K, reserved 1048576K
2017-03-31T04:57:14.886+0200: 295.613: [GC (Allocation Failure) 2017-03-31T04:57:14.886+0200: 295.613: [ParNew
Desired survivor size 20112992 bytes, new threshold 8 (max 8)
- age   1:    3762088 bytes,    3762088 total
- age   2:    2146656 bytes,    5908744 total
- age   3:      10992 bytes,    5919736 total
- age   4:       3864 bytes,    5923600 total
- age   5:       7272 bytes,    5930872 total
- age   6:       7016 bytes,    5937888 total
- age   7:       4720 bytes,    5942608 total
- age   8:       6168 bytes,    5948776 total
: 97659K->8678K(109248K), 0.0191606 secs] 111106K->22132K(502464K), 0.0192379 secs] [Times: user=0.02 sys=0.00, real=0.02 secs] 
Heap after GC invocations=92 (full 1):
 par new generation   total 109248K, used 8678K [0x00000000e0000000, 0x00000000e8000000, 0x00000000e8000000)
  eden space 87424K,   0% used [0x00000000e0000000, 0x00000000e0000000, 0x00000000e5560000)
  from space 21824K,  39% used [0x00000000e5560000, 0x00000000e5dd9870, 0x00000000e6ab0000)
  to   space 21824K,   0% used [0x00000000e6ab0000, 0x00000000e6ab0000, 0x00000000e8000000)
 concurrent mark-sweep generation total 393216K, used 13454K [0x00000000e8000000, 0x0000000100000000, 0x0000000100000000)
 Metaspace       used 34549K, capacity 35108K, committed 35296K, reserved 1081344K
  class space    used 3622K, capacity 3782K, committed 3836K, reserved 1048576K
}
2017-03-31T04:57:14.906+0200: 295.632: Total time for which application threads were stopped: 0.0346856 seconds, Stopping threads took: 0.0152922 seconds
{Heap before GC invocations=92 (full 1):
 par new generation   total 109248K, used 96102K [0x00000000e0000000, 0x00000000e8000000, 0x00000000e8000000)
  eden space 87424K, 100% used [0x00000000e0000000, 0x00000000e5560000, 0x00000000e5560000)
  from space 21824K,  39% used [0x00000000e5560000, 0x00000000e5dd9870, 0x00000000e6ab0000)
  to   space 21824K,   0% used [0x00000000e6ab0000, 0x00000000e6ab0000, 0x00000000e8000000)
 concurrent mark-sweep generation total 393216K, used 13454K [0x00000000e8000000, 0x0000000100000000, 0x0000000100000000)
 Metaspace       used 34549K, capacity 35108K, committed 35296K, reserved 1081344K
  class space    used 3622K, capacity 3782K, committed 3836K, reserved 1048576K
2017-03-31T04:57:15.236+0200: 295.963: [GC (Allocation Failure) 2017-03-31T04:57:15.236+0200: 295.963: [ParNew
Desired survivor size 20112992 bytes, new threshold 8 (max 8)
- age   1:    2859464 bytes,    2859464 total
- age   2:    3443632 bytes,    6303096 total
- age   3:    1838640 bytes,    8141736 total
- age   4:      10992 bytes,    8152728 total
- age   5:       3864 bytes,    8156592 total
- age   6:       7272 bytes,    8163864 total
- age   7:       7016 bytes,    8170880 total
- age   8:       4720 bytes,    8175600 total
: 96102K->10213K(109248K), 0.0252342 secs] 109556K->23674K(502464K), 0.0253125 secs] [Times: user=0.02 sys=0.00, real=0.03 secs] 
Heap after GC invocations=93 (full 1):
 par new generation   total 109248K, used 10213K [0x00000000e0000000, 0x00000000e8000000, 0x00000000e8000000)
  eden space 87424K,   0% used [0x00000000e0000000, 0x00000000e0000000, 0x00000000e5560000)
  from space 21824K,  46% used [0x00000000e6ab0000, 0x00000000e74a97c0, 0x00000000e8000000)
  to   space 21824K,   0% used [0x00000000e5560000, 0x00000000e5560000, 0x00000000e6ab0000)
 concurrent mark-sweep generation total 393216K, used 13460K [0x00000000e8000000, 0x0000000100000000, 0x0000000100000000)
 Metaspace       used 34549K, capacity 35108K, committed 35296K, reserved 1081344K
  class space    used 3622K, capacity 3782K, committed 3836K, reserved 1048576K
}
2017-03-31T04:57:15.262+0200: 295.988: Total time for which application threads were stopped: 0.0254777 seconds, Stopping threads took: 0.0000329 seconds
{Heap before GC invocations=93 (full 1):
 par new generation   total 109248K, used 97637K [0x00000000e0000000, 0x00000000e8000000, 0x00000000e8000000)
  eden space 87424K, 100% used [0x00000000e0000000, 0x00000000e5560000, 0x00000000e5560000)
  from space 21824K,  46% used [0x00000000e6ab0000, 0x00000000e74a97c0, 0x00000000e8000000)
  to   space 21824K,   0% used [0x00000000e5560000, 0x00000000e5560000, 0x00000000e6ab0000)
 concurrent mark-sweep generation total 393216K, used 13460K [0x00000000e8000000, 0x0000000100000000, 0x0000000100000000)
 Metaspace       used 34571K, capacity 35108K, committed 35296K, reserved 1081344K
  class space    used 3622K, capacity 3782K, committed 3836K, reserved 1048576K
2017-03-31T04:57:15.820+0200: 296.547: [GC (Allocation Failure) 2017-03-31T04:57:15.820+0200: 296.547: [ParNew
Desired survivor size 20112992 bytes, new threshold 8 (max 8)
- age   1:    4827512 bytes,    4827512 total
- age   2:    2398968 bytes,    7226480 total
- age   3:     591952 bytes,    7818432 total
- age   4:       8504 bytes,    7826936 total
- age   5:      10608 bytes,    7837544 total
- age   6:       3864 bytes,    7841408 total
- age   7:       7272 bytes,    7848680 total
- age   8:       6952 bytes,    7855632 total
: 97637K->11853K(109248K), 0.0341955 secs] 111098K->25319K(502464K), 0.0342663 secs] [Times: user=0.04 sys=0.00, real=0.03 secs] 
Heap after GC invocations=94 (full 1):
 par new generation   total 109248K, used 11853K [0x00000000e0000000, 0x00000000e8000000, 0x00000000e8000000)
  eden space 87424K,   0% used [0x00000000e0000000, 0x00000000e0000000, 0x00000000e5560000)
  from space 21824K,  54% used [0x00000000e5560000, 0x00000000e60f37d0, 0x00000000e6ab0000)
  to   space 21824K,   0% used [0x00000000e6ab0000, 0x00000000e6ab0000, 0x00000000e8000000)
 concurrent mark-sweep generation total 393216K, used 13465K [0x00000000e8000000, 0x0000000100000000, 0x0000000100000000)
 Metaspace       used 34571K, capacity 35108K, committed 35296K, reserved 1081344K
  class space    used 3622K, capacity 3782K, committed 3836K, reserved 1048576K
}
2017-03-31T04:57:15.855+0200: 296.581: Total time for which application threads were stopped: 0.0436602 seconds, Stopping threads took: 0.0091661 seconds
{Heap before GC invocations=94 (full 1):
 par new generation   total 109248K, used 99261K [0x00000000e0000000, 0x00000000e8000000, 0x00000000e8000000)
  eden space 87424K,  99% used [0x00000000e0000000, 0x00000000e555bfb0, 0x00000000e5560000)
  from space 21824K,  54% used [0x00000000e5560000, 0x00000000e60f37d0, 0x00000000e6ab0000)
  to   space 21824K,   0% used [0x00000000e6ab0000, 0x00000000e6ab0000, 0x00000000e8000000)
 concurrent mark-sweep generation total 393216K, used 13465K [0x00000000e8000000, 0x0000000100000000, 0x0000000100000000)
 Metaspace       used 34575K, capacity 35108K, committed 35296K, reserved 1081344K
  class space    used 3622K, capacity 3782K, committed 3836K, reserved 1048576K
2017-03-31T04:57:16.352+0200: 297.079: [GC (Allocation Failure) 2017-03-31T04:57:16.352+0200: 297.079: [ParNew
Desired survivor size 20112992 bytes, new threshold 8 (max 8)
- age   1:    4268288 bytes,    4268288 total
- age   2:    2322880 bytes,    6591168 total
- age   3:       3432 bytes,    6594600 total
- age   4:       7280 bytes,    6601880 total
- age   5:       8440 bytes,    6610320 total
- age   6:       5160 bytes,    6615480 total
- age   7:       3864 bytes,    6619344 total
- age   8:       7272 bytes,    6626616 total
: 99261K->9931K(109248K), 0.0382015 secs] 112727K->23403K(502464K), 0.0382766 secs] [Times: user=0.04 sys=0.00, real=0.03 secs] 
Heap after GC invocations=95 (full 1):
 par new generation   total 109248K, used 9931K [0x00000000e0000000, 0x00000000e8000000, 0x00000000e8000000)
  eden space 87424K,   0% used [0x00000000e0000000, 0x00000000e0000000, 0x00000000e5560000)
  from space 21824K,  45% used [0x00000000e6ab0000, 0x00000000e7462c70, 0x00000000e8000000)
  to   space 21824K,   0% used [0x00000000e5560000, 0x00000000e5560000, 0x00000000e6ab0000)
 concurrent mark-sweep generation total 393216K, used 13472K [0x00000000e8000000, 0x0000000100000000, 0x0000000100000000)
 Metaspace       used 34575K, capacity 35108K, committed 35296K, reserved 1081344K
  class space    used 3622K, capacity 3782K, committed 3836K, reserved 1048576K
}
2017-03-31T04:57:16.391+0200: 297.117: Total time for which application threads were stopped: 0.0404967 seconds, Stopping threads took: 0.0020573 seconds
{Heap before GC invocations=95 (full 1):
 par new generation   total 109248K, used 97355K [0x00000000e0000000, 0x00000000e8000000, 0x00000000e8000000)
  eden space 87424K, 100% used [0x00000000e0000000, 0x00000000e5560000, 0x00000000e5560000)
  from space 21824K,  45% used [0x00000000e6ab0000, 0x00000000e7462c70, 0x00000000e8000000)
  to   space 21824K,   0% used [0x00000000e5560000, 0x00000000e5560000, 0x00000000e6ab0000)
 concurrent mark-sweep generation total 393216K, used 13472K [0x00000000e8000000, 0x0000000100000000, 0x0000000100000000)
 Metaspace       used 34576K, capacity 35108K, committed 35296K, reserved 1081344K
  class space    used 3622K, capacity 3782K, committed 3836K, reserved 1048576K
2017-03-31T04:57:16.709+0200: 297.436: [GC (Allocation Failure) 2017-03-31T04:57:16.709+0200: 297.436: [ParNew
Desired survivor size 20112992 bytes, new threshold 8 (max 8)
- age   1:    3189760 bytes,    3189760 total
- age   2:    3912016 bytes,    7101776 total
- age   3:    2013544 bytes,    9115320 total
- age   4:       3432 bytes,    9118752 total
- age   5:       7280 bytes,    9126032 total
- age   6:       8440 bytes,    9134472 total
- age   7:       5160 bytes,    9139632 total
- age   8:       3864 bytes,    9143496 total
: 97355K->10840K(109248K), 0.0239568 secs] 110827K->24320K(502464K), 0.0240170 secs] [Times: user=0.02 sys=0.00, real=0.02 secs] 
Heap after GC invocations=96 (full 1):
 par new generation   total 109248K, used 10840K [0x00000000e0000000, 0x00000000e8000000, 0x00000000e8000000)
  eden space 87424K,   0% used [0x00000000e0000000, 0x00000000e0000000, 0x00000000e5560000)
  from space 21824K,  49% used [0x00000000e5560000, 0x00000000e5ff62c0, 0x00000000e6ab0000)
  to   space 21824K,   0% used [0x00000000e6ab0000, 0x00000000e6ab0000, 0x00000000e8000000)
 concurrent mark-sweep generation total 393216K, used 13479K [0x00000000e8000000, 0x0000000100000000, 0x0000000100000000)
 Metaspace       used 34576K, capacity 35108K, committed 35296K, reserved 1081344K
  class space    used 3622K, capacity 3782K, committed 3836K, reserved 1048576K
}
2017-03-31T04:57:16.733+0200: 297.460: Total time for which application threads were stopped: 0.0241880 seconds, Stopping threads took: 0.0000273 seconds
{Heap before GC invocations=96 (full 1):
 par new generation   total 109248K, used 98264K [0x00000000e0000000, 0x00000000e8000000, 0x00000000e8000000)
  eden space 87424K, 100% used [0x00000000e0000000, 0x00000000e5560000, 0x00000000e5560000)
  from space 21824K,  49% used [0x00000000e5560000, 0x00000000e5ff62c0, 0x00000000e6ab0000)
  to   space 21824K,   0% used [0x00000000e6ab0000, 0x00000000e6ab0000, 0x00000000e8000000)
 concurrent mark-sweep generation total 393216K, used 13479K [0x00000000e8000000, 0x0000000100000000, 0x0000000100000000)
 Metaspace       used 34576K, capacity 35108K, committed 35296K, reserved 1081344K
  class space    used 3622K, capacity 3782K, committed 3836K, reserved 1048576K
2017-03-31T04:57:17.115+0200: 297.841: [GC (Allocation Failure) 2017-03-31T04:57:17.115+0200: 297.841: [ParNew
Desired survivor size 20112992 bytes, new threshold 8 (max 8)
- age   1:    3690968 bytes,    3690968 total
- age   2:    2817752 bytes,    6508720 total
- age   3:    1216888 bytes,    7725608 total
- age   4:       9216 bytes,    7734824 total
- age   5:       3432 bytes,    7738256 total
- age   6:       6960 bytes,    7745216 total
- age   7:       8328 bytes,    7753544 total
- age   8:       5160 bytes,    7758704 total
: 98264K->12654K(109248K), 0.0185120 secs] 111744K->26137K(502464K), 0.0185873 secs] [Times: user=0.02 sys=0.00, real=0.02 secs] 
Heap after GC invocations=97 (full 1):
 par new generation   total 109248K, used 12654K [0x00000000e0000000, 0x00000000e8000000, 0x00000000e8000000)
  eden space 87424K,   0% used [0x00000000e0000000, 0x00000000e0000000, 0x00000000e5560000)
  from space 21824K,  57% used [0x00000000e6ab0000, 0x00000000e770b970, 0x00000000e8000000)
  to   space 21824K,   0% used [0x00000000e5560000, 0x00000000e5560000, 0x00000000e6ab0000)
 concurrent mark-sweep generation total 393216K, used 13483K [0x00000000e8000000, 0x0000000100000000, 0x0000000100000000)
 Metaspace       used 34576K, capacity 35108K, committed 35296K, reserved 1081344K
  class space    used 3622K, capacity 3782K, committed 3836K, reserved 1048576K
}
2017-03-31T04:57:17.133+0200: 297.860: Total time for which application threads were stopped: 0.0187390 seconds, Stopping threads took: 0.0000310 seconds
{Heap before GC invocations=97 (full 1):
 par new generation   total 109248K, used 100078K [0x00000000e0000000, 0x00000000e8000000, 0x00000000e8000000)
  eden space 87424K, 100% used [0x00000000e0000000, 0x00000000e5560000, 0x00000000e5560000)
  from space 21824K,  57% used [0x00000000e6ab0000, 0x00000000e770b970, 0x00000000e8000000)
  to   space 21824K,   0% used [0x00000000e5560000, 0x00000000e5560000, 0x00000000e6ab0000)
 concurrent mark-sweep generation total 393216K, used 13483K [0x00000000e8000000, 0x0000000100000000, 0x0000000100000000)
 Metaspace       used 34576K, capacity 35108K, committed 35296K, reserved 1081344K
  class space    used 3622K, capacity 3782K, committed 3836K, reserved 1048576K
2017-03-31T04:57:17.567+0200: 298.293: [GC (Allocation Failure) 2017-03-31T04:57:17.567+0200: 298.293: [ParNew
Desired survivor size 20112992 bytes, new threshold 8 (max 8)
- age   1:    4341576 bytes,    4341576 total
- age   2:    2515160 bytes,    6856736 total
- age   3:       4416 bytes,    6861152 total
- age   4:       7064 bytes,    6868216 total
- age   5:       9000 bytes,    6877216 total
- age   6:       3432 bytes,    6880648 total
- age   7:       6960 bytes,    6887608 total
- age   8:       8328 bytes,    6895936 total
: 100078K->8329K(109248K), 0.0209992 secs] 113561K->21817K(502464K), 0.0210571 secs] [Times: user=0.02 sys=0.00, real=0.02 secs] 
Heap after GC invocations=98 (full 1):
 par new generation   total 109248K, used 8329K [0x00000000e0000000, 0x00000000e8000000, 0x00000000e8000000)
  eden space 87424K,   0% used [0x00000000e0000000, 0x00000000e0000000, 0x00000000e5560000)
  from space 21824K,  38% used [0x00000000e5560000, 0x00000000e5d825b8, 0x00000000e6ab0000)
  to   space 21824K,   0% used [0x00000000e6ab0000, 0x00000000e6ab0000, 0x00000000e8000000)
 concurrent mark-sweep generation total 393216K, used 13488K [0x00000000e8000000, 0x0000000100000000, 0x0000000100000000)
 Metaspace       used 34576K, capacity 35108K, committed 35296K, reserved 1081344K
  class space    used 3622K, capacity 3782K, committed 3836K, reserved 1048576K
}
2017-03-31T04:57:17.588+0200: 298.314: Total time for which application threads were stopped: 0.0232245 seconds, Stopping threads took: 0.0020142 seconds
{Heap before GC invocations=98 (full 1):
 par new generation   total 109248K, used 95753K [0x00000000e0000000, 0x00000000e8000000, 0x00000000e8000000)
  eden space 87424K, 100% used [0x00000000e0000000, 0x00000000e5560000, 0x00000000e5560000)
  from space 21824K,  38% used [0x00000000e5560000, 0x00000000e5d825b8, 0x00000000e6ab0000)
  to   space 21824K,   0% used [0x00000000e6ab0000, 0x00000000e6ab0000, 0x00000000e8000000)
 concurrent mark-sweep generation total 393216K, used 13488K [0x00000000e8000000, 0x0000000100000000, 0x0000000100000000)
 Metaspace       used 34576K, capacity 35108K, committed 35296K, reserved 1081344K
  class space    used 3622K, capacity 3782K, committed 3836K, reserved 1048576K
2017-03-31T04:57:17.892+0200: 298.619: [GC (Allocation Failure) 2017-03-31T04:57:17.892+0200: 298.619: [ParNew
Desired survivor size 20112992 bytes, new threshold 8 (max 8)
- age   1:    3372816 bytes,    3372816 total
- age   2:    3808200 bytes,    7181016 total
- age   3:    2286752 bytes,    9467768 total
- age   4:       4416 bytes,    9472184 total
- age   5:       7064 bytes,    9479248 total
- age   6:       9000 bytes,    9488248 total
- age   7:       3432 bytes,    9491680 total
- age   8:       6960 bytes,    9498640 total
: 95753K->13446K(109248K), 0.0333480 secs] 109241K->26943K(502464K), 0.0334200 secs] [Times: user=0.04 sys=0.00, real=0.03 secs] 
Heap after GC invocations=99 (full 1):
 par new generation   total 109248K, used 13446K [0x00000000e0000000, 0x00000000e8000000, 0x00000000e8000000)
  eden space 87424K,   0% used [0x00000000e0000000, 0x00000000e0000000, 0x00000000e5560000)
  from space 21824K,  61% used [0x00000000e6ab0000, 0x00000000e77d1a40, 0x00000000e8000000)
  to   space 21824K,   0% used [0x00000000e5560000, 0x00000000e5560000, 0x00000000e6ab0000)
 concurrent mark-sweep generation total 393216K, used 13496K [0x00000000e8000000, 0x0000000100000000, 0x0000000100000000)
 Metaspace       used 34576K, capacity 35108K, committed 35296K, reserved 1081344K
  class space    used 3622K, capacity 3782K, committed 3836K, reserved 1048576K
}
2017-03-31T04:57:17.926+0200: 298.652: Total time for which application threads were stopped: 0.0336180 seconds, Stopping threads took: 0.0000311 seconds
{Heap before GC invocations=99 (full 1):
 par new generation   total 109248K, used 100870K [0x00000000e0000000, 0x00000000e8000000, 0x00000000e8000000)
  eden space 87424K, 100% used [0x00000000e0000000, 0x00000000e5560000, 0x00000000e5560000)
  from space 21824K,  61% used [0x00000000e6ab0000, 0x00000000e77d1a40, 0x00000000e8000000)
  to   space 21824K,   0% used [0x00000000e5560000, 0x00000000e5560000, 0x00000000e6ab0000)
 concurrent mark-sweep generation total 393216K, used 13496K [0x00000000e8000000, 0x0000000100000000, 0x0000000100000000)
 Metaspace       used 34576K, capacity 35108K, committed 35296K, reserved 1081344K
  class space    used 3622K, capacity 3782K, committed 3836K, reserved 1048576K
2017-03-31T04:57:18.322+0200: 299.048: [GC (Allocation Failure) 2017-03-31T04:57:18.322+0200: 299.048: [ParNew
Desired survivor size 20112992 bytes, new threshold 8 (max 8)
- age   1:    3816952 bytes,    3816952 total
- age   2:    2706592 bytes,    6523544 total
- age   3:    1291544 bytes,    7815088 total
- age   4:       6184 bytes,    7821272 total
- age   5:       4416 bytes,    7825688 total
- age   6:       6872 bytes,    7832560 total
- age   7:       8936 bytes,    7841496 total
- age   8:       3432 bytes,    7844928 total
: 100870K->11188K(109248K), 0.0375026 secs] 114367K->24691K(502464K), 0.0375666 secs] [Times: user=0.04 sys=0.00, real=0.03 secs] 
Heap after GC invocations=100 (full 1):
 par new generation   total 109248K, used 11188K [0x00000000e0000000, 0x00000000e8000000, 0x00000000e8000000)
  eden space 87424K,   0% used [0x00000000e0000000, 0x00000000e0000000, 0x00000000e5560000)
  from space 21824K,  51% used [0x00000000e5560000, 0x00000000e604d110, 0x00000000e6ab0000)
  to   space 21824K,   0% used [0x00000000e6ab0000, 0x00000000e6ab0000, 0x00000000e8000000)
 concurrent mark-sweep generation total 393216K, used 13503K [0x00000000e8000000, 0x0000000100000000, 0x0000000100000000)
 Metaspace       used 34576K, capacity 35108K, committed 35296K, reserved 1081344K
  class space    used 3622K, capacity 3782K, committed 3836K, reserved 1048576K
}
2017-03-31T04:57:18.360+0200: 299.086: Total time for which application threads were stopped: 0.0377506 seconds, Stopping threads took: 0.0000286 seconds
{Heap before GC invocations=100 (full 1):
 par new generation   total 109248K, used 98612K [0x00000000e0000000, 0x00000000e8000000, 0x00000000e8000000)
  eden space 87424K, 100% used [0x00000000e0000000, 0x00000000e5560000, 0x00000000e5560000)
  from space 21824K,  51% used [0x00000000e5560000, 0x00000000e604d110, 0x00000000e6ab0000)
  to   space 21824K,   0% used [0x00000000e6ab0000, 0x00000000e6ab0000, 0x00000000e8000000)
 concurrent mark-sweep generation total 393216K, used 13503K [0x00000000e8000000, 0x0000000100000000, 0x0000000100000000)
 Metaspace       used 34576K, capacity 35108K, committed 35296K, reserved 1081344K
  class space    used 3622K, capacity 3782K, committed 3836K, reserved 1048576K
2017-03-31T04:57:18.769+0200: 299.495: [GC (Allocation Failure) 2017-03-31T04:57:18.769+0200: 299.495: [ParNew
Desired survivor size 20112992 bytes, new threshold 8 (max 8)
- age   1:    4525896 bytes,    4525896 total
- age   2:    2565752 bytes,    7091648 total
- age   3:       5216 bytes,    7096864 total
- age   4:       7680 bytes,    7104544 total
- age   5:       5928 bytes,    7110472 total
- age   6:       4416 bytes,    7114888 total
- age   7:       6872 bytes,    7121760 total
- age   8:       8936 bytes,    7130696 total
: 98612K->10290K(109248K), 0.0231524 secs] 112115K->23796K(502464K), 0.0232328 secs] [Times: user=0.02 sys=0.00, real=0.03 secs] 
Heap after GC invocations=101 (full 1):
 par new generation   total 109248K, used 10290K [0x00000000e0000000, 0x00000000e8000000, 0x00000000e8000000)
  eden space 87424K,   0% used [0x00000000e0000000, 0x00000000e0000000, 0x00000000e5560000)
  from space 21824K,  47% used [0x00000000e6ab0000, 0x00000000e74bc8a0, 0x00000000e8000000)
  to   space 21824K,   0% used [0x00000000e5560000, 0x00000000e5560000, 0x00000000e6ab0000)
 concurrent mark-sweep generation total 393216K, used 13506K [0x00000000e8000000, 0x0000000100000000, 0x0000000100000000)
 Metaspace       used 34576K, capacity 35108K, committed 35296K, reserved 1081344K
  class space    used 3622K, capacity 3782K, committed 3836K, reserved 1048576K
}
2017-03-31T04:57:18.792+0200: 299.518: Total time for which application threads were stopped: 0.0233922 seconds, Stopping threads took: 0.0000326 seconds
{Heap before GC invocations=101 (full 1):
 par new generation   total 109248K, used 97714K [0x00000000e0000000, 0x00000000e8000000, 0x00000000e8000000)
  eden space 87424K,  99% used [0x00000000e0000000, 0x00000000e555ff70, 0x00000000e5560000)
  from space 21824K,  47% used [0x00000000e6ab0000, 0x00000000e74bc8a0, 0x00000000e8000000)
  to   space 21824K,   0% used [0x00000000e5560000, 0x00000000e5560000, 0x00000000e6ab0000)
 concurrent mark-sweep generation total 393216K, used 13506K [0x00000000e8000000, 0x0000000100000000, 0x0000000100000000)
 Metaspace       used 34576K, capacity 35108K, committed 35296K, reserved 1081344K
  class space    used 3622K, capacity 3782K, committed 3836K, reserved 1048576K
2017-03-31T04:57:19.120+0200: 299.846: [GC (Allocation Failure) 2017-03-31T04:57:19.120+0200: 299.846: [ParNew
Desired survivor size 20112992 bytes, new threshold 8 (max 8)
- age   1:    3054936 bytes,    3054936 total
- age   2:    2063312 bytes,    5118248 total
- age   3:      15792 bytes,    5134040 total
- age   4:       5216 bytes,    5139256 total
- age   5:       7488 bytes,    5146744 total
- age   6:       5928 bytes,    5152672 total
- age   7:       4416 bytes,    5157088 total
- age   8:       6872 bytes,    5163960 total
: 97714K->7280K(109248K), 0.0190358 secs] 111220K->20796K(502464K), 0.0190918 secs] [Times: user=0.02 sys=0.00, real=0.01 secs] 
Heap after GC invocations=102 (full 1):
 par new generation   total 109248K, used 7280K [0x00000000e0000000, 0x00000000e8000000, 0x00000000e8000000)
  eden space 87424K,   0% used [0x00000000e0000000, 0x00000000e0000000, 0x00000000e5560000)
  from space 21824K,  33% used [0x00000000e5560000, 0x00000000e5c7c300, 0x00000000e6ab0000)
  to   space 21824K,   0% used [0x00000000e6ab0000, 0x00000000e6ab0000, 0x00000000e8000000)
 concurrent mark-sweep generation total 393216K, used 13515K [0x00000000e8000000, 0x0000000100000000, 0x0000000100000000)
 Metaspace       used 34576K, capacity 35108K, committed 35296K, reserved 1081344K
  class space    used 3622K, capacity 3782K, committed 3836K, reserved 1048576K
}
2017-03-31T04:57:19.139+0200: 299.865: Total time for which application threads were stopped: 0.0192597 seconds, Stopping threads took: 0.0000234 seconds
{Heap before GC invocations=102 (full 1):
 par new generation   total 109248K, used 94704K [0x00000000e0000000, 0x00000000e8000000, 0x00000000e8000000)
  eden space 87424K, 100% used [0x00000000e0000000, 0x00000000e5560000, 0x00000000e5560000)
  from space 21824K,  33% used [0x00000000e5560000, 0x00000000e5c7c300, 0x00000000e6ab0000)
  to   space 21824K,   0% used [0x00000000e6ab0000, 0x00000000e6ab0000, 0x00000000e8000000)
 concurrent mark-sweep generation total 393216K, used 13515K [0x00000000e8000000, 0x0000000100000000, 0x0000000100000000)
 Metaspace       used 34576K, capacity 35108K, committed 35296K, reserved 1081344K
  class space    used 3622K, capacity 3782K, committed 3836K, reserved 1048576K
2017-03-31T04:57:19.544+0200: 300.271: [GC (Allocation Failure) 2017-03-31T04:57:19.544+0200: 300.271: [ParNew
Desired survivor size 20112992 bytes, new threshold 8 (max 8)
- age   1:    3523496 bytes,    3523496 total
- age   2:    2731560 bytes,    6255056 total
- age   3:    1668408 bytes,    7923464 total
- age   4:       6640 bytes,    7930104 total
- age   5:       5216 bytes,    7935320 total
- age   6:       7360 bytes,    7942680 total
- age   7:       5928 bytes,    7948608 total
- age   8:       4416 bytes,    7953024 total
: 94704K->9804K(109248K), 0.0267924 secs] 108220K->23326K(502464K), 0.0268680 secs] [Times: user=0.02 sys=0.00, real=0.03 secs] 
Heap after GC invocations=103 (full 1):
 par new generation   total 109248K, used 9804K [0x00000000e0000000, 0x00000000e8000000, 0x00000000e8000000)
  eden space 87424K,   0% used [0x00000000e0000000, 0x00000000e0000000, 0x00000000e5560000)
  from space 21824K,  44% used [0x00000000e6ab0000, 0x00000000e74430a0, 0x00000000e8000000)
  to   space 21824K,   0% used [0x00000000e5560000, 0x00000000e5560000, 0x00000000e6ab0000)
 concurrent mark-sweep generation total 393216K, used 13522K [0x00000000e8000000, 0x0000000100000000, 0x0000000100000000)
 Metaspace       used 34576K, capacity 35108K, committed 35296K, reserved 1081344K
  class space    used 3622K, capacity 3782K, committed 3836K, reserved 1048576K
}
2017-03-31T04:57:19.571+0200: 300.297: Total time for which application threads were stopped: 0.0270228 seconds, Stopping threads took: 0.0000313 seconds
{Heap before GC invocations=103 (full 1):
 par new generation   total 109248K, used 97227K [0x00000000e0000000, 0x00000000e8000000, 0x00000000e8000000)
  eden space 87424K,  99% used [0x00000000e0000000, 0x00000000e555fde0, 0x00000000e5560000)
  from space 21824K,  44% used [0x00000000e6ab0000, 0x00000000e74430a0, 0x00000000e8000000)
  to   space 21824K,   0% used [0x00000000e5560000, 0x00000000e5560000, 0x00000000e6ab0000)
 concurrent mark-sweep generation total 393216K, used 13522K [0x00000000e8000000, 0x0000000100000000, 0x0000000100000000)
 Metaspace       used 34576K, capacity 35108K, committed 35296K, reserved 1081344K
  class space    used 3622K, capacity 3782K, committed 3836K, reserved 1048576K
2017-03-31T04:57:20.016+0200: 300.742: [GC (Allocation Failure) 2017-03-31T04:57:20.016+0200: 300.742: [ParNew
Desired survivor size 20112992 bytes, new threshold 8 (max 8)
- age   1:    4558128 bytes,    4558128 total
- age   2:    2750680 bytes,    7308808 total
- age   3:      10808 bytes,    7319616 total
- age   4:       6744 bytes,    7326360 total
- age   5:       6448 bytes,    7332808 total
- age   6:       5216 bytes,    7338024 total
- age   7:       7360 bytes,    7345384 total
- age   8:       5928 bytes,    7351312 total
: 97227K->11419K(109248K), 0.0359285 secs] 110749K->24945K(502464K), 0.0359971 secs] [Times: user=0.03 sys=0.00, real=0.03 secs] 
Heap after GC invocations=104 (full 1):
 par new generation   total 109248K, used 11419K [0x00000000e0000000, 0x00000000e8000000, 0x00000000e8000000)
  eden space 87424K,   0% used [0x00000000e0000000, 0x00000000e0000000, 0x00000000e5560000)
  from space 21824K,  52% used [0x00000000e5560000, 0x00000000e6086d30, 0x00000000e6ab0000)
  to   space 21824K,   0% used [0x00000000e6ab0000, 0x00000000e6ab0000, 0x00000000e8000000)
 concurrent mark-sweep generation total 393216K, used 13526K [0x00000000e8000000, 0x0000000100000000, 0x0000000100000000)
 Metaspace       used 34576K, capacity 35108K, committed 35296K, reserved 1081344K
  class space    used 3622K, capacity 3782K, committed 3836K, reserved 1048576K
}
2017-03-31T04:57:20.052+0200: 300.778: Total time for which application threads were stopped: 0.0361557 seconds, Stopping threads took: 0.0000296 seconds
{Heap before GC invocations=104 (full 1):
 par new generation   total 109248K, used 98836K [0x00000000e0000000, 0x00000000e8000000, 0x00000000e8000000)
  eden space 87424K,  99% used [0x00000000e0000000, 0x00000000e555e4b0, 0x00000000e5560000)
  from space 21824K,  52% used [0x00000000e5560000, 0x00000000e6086d30, 0x00000000e6ab0000)
  to   space 21824K,   0% used [0x00000000e6ab0000, 0x00000000e6ab0000, 0x00000000e8000000)
 concurrent mark-sweep generation total 393216K, used 13526K [0x00000000e8000000, 0x0000000100000000, 0x0000000100000000)
 Metaspace       used 34576K, capacity 35108K, committed 35296K, reserved 1081344K
  class space    used 3622K, capacity 3782K, committed 3836K, reserved 1048576K
2017-03-31T04:57:20.453+0200: 301.180: [GC (Allocation Failure) 2017-03-31T04:57:20.453+0200: 301.180: [ParNew
Desired survivor size 20112992 bytes, new threshold 8 (max 8)
- age   1:    3912104 bytes,    3912104 total
- age   2:    2280216 bytes,    6192320 total
- age   3:       6152 bytes,    6198472 total
- age   4:       5376 bytes,    6203848 total
- age   5:       6616 bytes,    6210464 total
- age   6:       6448 bytes,    6216912 total
- age   7:       5216 bytes,    6222128 total
- age   8:       7360 bytes,    6229488 total
: 98836K->8565K(109248K), 0.0223757 secs] 112363K->22097K(502464K), 0.0224333 secs] [Times: user=0.03 sys=0.00, real=0.02 secs] 
Heap after GC invocations=105 (full 1):
 par new generation   total 109248K, used 8565K [0x00000000e0000000, 0x00000000e8000000, 0x00000000e8000000)
  eden space 87424K,   0% used [0x00000000e0000000, 0x00000000e0000000, 0x00000000e5560000)
  from space 21824K,  39% used [0x00000000e6ab0000, 0x00000000e730d4a0, 0x00000000e8000000)
  to   space 21824K,   0% used [0x00000000e5560000, 0x00000000e5560000, 0x00000000e6ab0000)
 concurrent mark-sweep generation total 393216K, used 13532K [0x00000000e8000000, 0x0000000100000000, 0x0000000100000000)
 Metaspace       used 34576K, capacity 35108K, committed 35296K, reserved 1081344K
  class space    used 3622K, capacity 3782K, committed 3836K, reserved 1048576K
}
2017-03-31T04:57:20.476+0200: 301.202: Total time for which application threads were stopped: 0.0246123 seconds, Stopping threads took: 0.0020228 seconds
{Heap before GC invocations=105 (full 1):
 par new generation   total 109248K, used 95989K [0x00000000e0000000, 0x00000000e8000000, 0x00000000e8000000)
  eden space 87424K, 100% used [0x00000000e0000000, 0x00000000e5560000, 0x00000000e5560000)
  from space 21824K,  39% used [0x00000000e6ab0000, 0x00000000e730d4a0, 0x00000000e8000000)
  to   space 21824K,   0% used [0x00000000e5560000, 0x00000000e5560000, 0x00000000e6ab0000)
 concurrent mark-sweep generation total 393216K, used 13532K [0x00000000e8000000, 0x0000000100000000, 0x0000000100000000)
 Metaspace       used 34576K, capacity 35108K, committed 35296K, reserved 1081344K
  class space    used 3622K, capacity 3782K, committed 3836K, reserved 1048576K
2017-03-31T04:57:20.874+0200: 301.601: [GC (Allocation Failure) 2017-03-31T04:57:20.874+0200: 301.601: [ParNew
Desired survivor size 20112992 bytes, new threshold 8 (max 8)
- age   1:    3031048 bytes,    3031048 total
- age   2:    3554024 bytes,    6585072 total
- age   3:    1977608 bytes,    8562680 total
- age   4:       6152 bytes,    8568832 total
- age   5:       5376 bytes,    8574208 total
- age   6:       6616 bytes,    8580824 total
- age   7:       6448 bytes,    8587272 total
- age   8:       5216 bytes,    8592488 total
: 95989K->10982K(109248K), 0.0208960 secs] 109521K->24522K(502464K), 0.0209650 secs] [Times: user=0.02 sys=0.00, real=0.02 secs] 
Heap after GC invocations=106 (full 1):
 par new generation   total 109248K, used 10982K [0x00000000e0000000, 0x00000000e8000000, 0x00000000e8000000)
  eden space 87424K,   0% used [0x00000000e0000000, 0x00000000e0000000, 0x00000000e5560000)
  from space 21824K,  50% used [0x00000000e5560000, 0x00000000e6019960, 0x00000000e6ab0000)
  to   space 21824K,   0% used [0x00000000e6ab0000, 0x00000000e6ab0000, 0x00000000e8000000)
 concurrent mark-sweep generation total 393216K, used 13539K [0x00000000e8000000, 0x0000000100000000, 0x0000000100000000)
 Metaspace       used 34576K, capacity 35108K, committed 35296K, reserved 1081344K
  class space    used 3622K, capacity 3782K, committed 3836K, reserved 1048576K
}
2017-03-31T04:57:20.895+0200: 301.622: Total time for which application threads were stopped: 0.0211754 seconds, Stopping threads took: 0.0000515 seconds
{Heap before GC invocations=106 (full 1):
 par new generation   total 109248K, used 98406K [0x00000000e0000000, 0x00000000e8000000, 0x00000000e8000000)
  eden space 87424K, 100% used [0x00000000e0000000, 0x00000000e5560000, 0x00000000e5560000)
  from space 21824K,  50% used [0x00000000e5560000, 0x00000000e6019960, 0x00000000e6ab0000)
  to   space 21824K,   0% used [0x00000000e6ab0000, 0x00000000e6ab0000, 0x00000000e8000000)
 concurrent mark-sweep generation total 393216K, used 13539K [0x00000000e8000000, 0x0000000100000000, 0x0000000100000000)
 Metaspace       used 34576K, capacity 35108K, committed 35296K, reserved 1081344K
  class space    used 3622K, capacity 3782K, committed 3836K, reserved 1048576K
2017-03-31T04:57:21.344+0200: 302.070: [GC (Allocation Failure) 2017-03-31T04:57:21.344+0200: 302.071: [ParNew
Desired survivor size 20112992 bytes, new threshold 8 (max 8)
- age   1:    4311120 bytes,    4311120 total
- age   2:    2574952 bytes,    6886072 total
- age   3:     778112 bytes,    7664184 total
- age   4:       7432 bytes,    7671616 total
- age   5:       6024 bytes,    7677640 total
- age   6:       5120 bytes,    7682760 total
- age   7:       6616 bytes,    7689376 total
- age   8:       6448 bytes,    7695824 total
: 98406K->9827K(109248K), 0.0322119 secs] 111946K->23372K(502464K), 0.0322794 secs] [Times: user=0.03 sys=0.00, real=0.03 secs] 
Heap after GC invocations=107 (full 1):
 par new generation   total 109248K, used 9827K [0x00000000e0000000, 0x00000000e8000000, 0x00000000e8000000)
  eden space 87424K,   0% used [0x00000000e0000000, 0x00000000e0000000, 0x00000000e5560000)
  from space 21824K,  45% used [0x00000000e6ab0000, 0x00000000e7448f40, 0x00000000e8000000)
  to   space 21824K,   0% used [0x00000000e5560000, 0x00000000e5560000, 0x00000000e6ab0000)
 concurrent mark-sweep generation total 393216K, used 13544K [0x00000000e8000000, 0x0000000100000000, 0x0000000100000000)
 Metaspace       used 34576K, capacity 35108K, committed 35296K, reserved 1081344K
  class space    used 3622K, capacity 3782K, committed 3836K, reserved 1048576K
}
2017-03-31T04:57:21.376+0200: 302.103: Total time for which application threads were stopped: 0.0324658 seconds, Stopping threads took: 0.0000319 seconds
{Heap before GC invocations=107 (full 1):
 par new generation   total 109248K, used 97251K [0x00000000e0000000, 0x00000000e8000000, 0x00000000e8000000)
  eden space 87424K, 100% used [0x00000000e0000000, 0x00000000e5560000, 0x00000000e5560000)
  from space 21824K,  45% used [0x00000000e6ab0000, 0x00000000e7448f40, 0x00000000e8000000)
  to   space 21824K,   0% used [0x00000000e5560000, 0x00000000e5560000, 0x00000000e6ab0000)
 concurrent mark-sweep generation total 393216K, used 13544K [0x00000000e8000000, 0x0000000100000000, 0x0000000100000000)
 Metaspace       used 34576K, capacity 35108K, committed 35296K, reserved 1081344K
  class space    used 3622K, capacity 3782K, committed 3836K, reserved 1048576K
2017-03-31T04:57:21.793+0200: 302.520: [GC (Allocation Failure) 2017-03-31T04:57:21.793+0200: 302.520: [ParNew
Desired survivor size 20112992 bytes, new threshold 8 (max 8)
- age   1:    4754256 bytes,    4754256 total
- age   2:    2421920 bytes,    7176176 total
- age   3:       3552 bytes,    7179728 total
- age   4:       6544 bytes,    7186272 total
- age   5:       7048 bytes,    7193320 total
- age   6:       6024 bytes,    7199344 total
- age   7:       5120 bytes,    7204464 total
- age   8:       6616 bytes,    7211080 total
: 97251K->10453K(109248K), 0.0398770 secs] 110796K->24004K(502464K), 0.0399507 secs] [Times: user=0.04 sys=0.00, real=0.04 secs] 
Heap after GC invocations=108 (full 1):
 par new generation   total 109248K, used 10453K [0x00000000e0000000, 0x00000000e8000000, 0x00000000e8000000)
  eden space 87424K,   0% used [0x00000000e0000000, 0x00000000e0000000, 0x00000000e5560000)
  from space 21824K,  47% used [0x00000000e5560000, 0x00000000e5f95408, 0x00000000e6ab0000)
  to   space 21824K,   0% used [0x00000000e6ab0000, 0x00000000e6ab0000, 0x00000000e8000000)
 concurrent mark-sweep generation total 393216K, used 13551K [0x00000000e8000000, 0x0000000100000000, 0x0000000100000000)
 Metaspace       used 34576K, capacity 35108K, committed 35296K, reserved 1081344K
  class space    used 3622K, capacity 3782K, committed 3836K, reserved 1048576K
}
2017-03-31T04:57:21.833+0200: 302.560: Total time for which application threads were stopped: 0.0493942 seconds, Stopping threads took: 0.0092875 seconds
{Heap before GC invocations=108 (full 1):
 par new generation   total 109248K, used 97877K [0x00000000e0000000, 0x00000000e8000000, 0x00000000e8000000)
  eden space 87424K, 100% used [0x00000000e0000000, 0x00000000e5560000, 0x00000000e5560000)
  from space 21824K,  47% used [0x00000000e5560000, 0x00000000e5f95408, 0x00000000e6ab0000)
  to   space 21824K,   0% used [0x00000000e6ab0000, 0x00000000e6ab0000, 0x00000000e8000000)
 concurrent mark-sweep generation total 393216K, used 13551K [0x00000000e8000000, 0x0000000100000000, 0x0000000100000000)
 Metaspace       used 34576K, capacity 35108K, committed 35296K, reserved 1081344K
  class space    used 3622K, capacity 3782K, committed 3836K, reserved 1048576K
2017-03-31T04:57:22.096+0200: 302.823: [GC (Allocation Failure) 2017-03-31T04:57:22.096+0200: 302.823: [ParNew
Desired survivor size 20112992 bytes, new threshold 8 (max 8)
- age   1:    3062376 bytes,    3062376 total
- age   2:    4004800 bytes,    7067176 total
- age   3:    2184520 bytes,    9251696 total
- age   4:       3552 bytes,    9255248 total
- age   5:       6352 bytes,    9261600 total
- age   6:       7048 bytes,    9268648 total
- age   7:       6024 bytes,    9274672 total
- age   8:       5120 bytes,    9279792 total
: 97877K->11670K(109248K), 0.0335850 secs] 111428K->25228K(502464K), 0.0336418 secs] [Times: user=0.03 sys=0.00, real=0.03 secs] 
Heap after GC invocations=109 (full 1):
 par new generation   total 109248K, used 11670K [0x00000000e0000000, 0x00000000e8000000, 0x00000000e8000000)
  eden space 87424K,   0% used [0x00000000e0000000, 0x00000000e0000000, 0x00000000e5560000)
  from space 21824K,  53% used [0x00000000e6ab0000, 0x00000000e7615bd0, 0x00000000e8000000)
  to   space 21824K,   0% used [0x00000000e5560000, 0x00000000e5560000, 0x00000000e6ab0000)
 concurrent mark-sweep generation total 393216K, used 13557K [0x00000000e8000000, 0x0000000100000000, 0x0000000100000000)
 Metaspace       used 34576K, capacity 35108K, committed 35296K, reserved 1081344K
  class space    used 3622K, capacity 3782K, committed 3836K, reserved 1048576K
}
2017-03-31T04:57:22.130+0200: 302.856: Total time for which application threads were stopped: 0.0338169 seconds, Stopping threads took: 0.0000238 seconds
{Heap before GC invocations=109 (full 1):
 par new generation   total 109248K, used 99094K [0x00000000e0000000, 0x00000000e8000000, 0x00000000e8000000)
  eden space 87424K, 100% used [0x00000000e0000000, 0x00000000e5560000, 0x00000000e5560000)
  from space 21824K,  53% used [0x00000000e6ab0000, 0x00000000e7615bd0, 0x00000000e8000000)
  to   space 21824K,   0% used [0x00000000e5560000, 0x00000000e5560000, 0x00000000e6ab0000)
 concurrent mark-sweep generation total 393216K, used 13557K [0x00000000e8000000, 0x0000000100000000, 0x0000000100000000)
 Metaspace       used 34576K, capacity 35108K, committed 35296K, reserved 1081344K
  class space    used 3622K, capacity 3782K, committed 3836K, reserved 1048576K
2017-03-31T04:57:22.562+0200: 303.289: [GC (Allocation Failure) 2017-03-31T04:57:22.562+0200: 303.289: [ParNew
Desired survivor size 20112992 bytes, new threshold 8 (max 8)
- age   1:    3636760 bytes,    3636760 total
- age   2:    2730256 bytes,    6367016 total
- age   3:    1367792 bytes,    7734808 total
- age   4:       6920 bytes,    7741728 total
- age   5:       3552 bytes,    7745280 total
- age   6:       6352 bytes,    7751632 total
- age   7:       7048 bytes,    7758680 total
- age   8:       6024 bytes,    7764704 total
: 99094K->10740K(109248K), 0.0292817 secs] 112652K->24303K(502464K), 0.0294383 secs] [Times: user=0.03 sys=0.00, real=0.03 secs] 
Heap after GC invocations=110 (full 1):
 par new generation   total 109248K, used 10740K [0x00000000e0000000, 0x00000000e8000000, 0x00000000e8000000)
  eden space 87424K,   0% used [0x00000000e0000000, 0x00000000e0000000, 0x00000000e5560000)
  from space 21824K,  49% used [0x00000000e5560000, 0x00000000e5fdd140, 0x00000000e6ab0000)
  to   space 21824K,   0% used [0x00000000e6ab0000, 0x00000000e6ab0000, 0x00000000e8000000)
 concurrent mark-sweep generation total 393216K, used 13562K [0x00000000e8000000, 0x0000000100000000, 0x0000000100000000)
 Metaspace       used 34576K, capacity 35108K, committed 35296K, reserved 1081344K
  class space    used 3622K, capacity 3782K, committed 3836K, reserved 1048576K
}
2017-03-31T04:57:22.592+0200: 303.318: Total time for which application threads were stopped: 0.0296641 seconds, Stopping threads took: 0.0000279 seconds
{Heap before GC invocations=110 (full 1):
 par new generation   total 109248K, used 98164K [0x00000000e0000000, 0x00000000e8000000, 0x00000000e8000000)
  eden space 87424K, 100% used [0x00000000e0000000, 0x00000000e5560000, 0x00000000e5560000)
  from space 21824K,  49% used [0x00000000e5560000, 0x00000000e5fdd140, 0x00000000e6ab0000)
  to   space 21824K,   0% used [0x00000000e6ab0000, 0x00000000e6ab0000, 0x00000000e8000000)
 concurrent mark-sweep generation total 393216K, used 13562K [0x00000000e8000000, 0x0000000100000000, 0x0000000100000000)
 Metaspace       used 34576K, capacity 35108K, committed 35296K, reserved 1081344K
  class space    used 3622K, capacity 3782K, committed 3836K, reserved 1048576K
2017-03-31T04:57:23.027+0200: 303.753: [GC (Allocation Failure) 2017-03-31T04:57:23.027+0200: 303.753: [ParNew
Desired survivor size 20112992 bytes, new threshold 8 (max 8)
- age   1:    4511432 bytes,    4511432 total
- age   2:    2576856 bytes,    7088288 total
- age   3:       3440 bytes,    7091728 total
- age   4:       7608 bytes,    7099336 total
- age   5:       6728 bytes,    7106064 total
- age   6:       3552 bytes,    7109616 total
- age   7:       6224 bytes,    7115840 total
- age   8:       7048 bytes,    7122888 total
: 98164K->9793K(109248K), 0.0224414 secs] 111727K->23362K(502464K), 0.0225666 secs] [Times: user=0.03 sys=0.00, real=0.02 secs] 
Heap after GC invocations=111 (full 1):
 par new generation   total 109248K, used 9793K [0x00000000e0000000, 0x00000000e8000000, 0x00000000e8000000)
  eden space 87424K,   0% used [0x00000000e0000000, 0x00000000e0000000, 0x00000000e5560000)
  from space 21824K,  44% used [0x00000000e6ab0000, 0x00000000e74407a0, 0x00000000e8000000)
  to   space 21824K,   0% used [0x00000000e5560000, 0x00000000e5560000, 0x00000000e6ab0000)
 concurrent mark-sweep generation total 393216K, used 13568K [0x00000000e8000000, 0x0000000100000000, 0x0000000100000000)
 Metaspace       used 34576K, capacity 35108K, committed 35296K, reserved 1081344K
  class space    used 3622K, capacity 3782K, committed 3836K, reserved 1048576K
}
2017-03-31T04:57:23.049+0200: 303.776: Total time for which application threads were stopped: 0.0229253 seconds, Stopping threads took: 0.0000606 seconds
{Heap before GC invocations=111 (full 1):
 par new generation   total 109248K, used 97193K [0x00000000e0000000, 0x00000000e8000000, 0x00000000e8000000)
  eden space 87424K,  99% used [0x00000000e0000000, 0x00000000e5559d48, 0x00000000e5560000)
  from space 21824K,  44% used [0x00000000e6ab0000, 0x00000000e74407a0, 0x00000000e8000000)
  to   space 21824K,   0% used [0x00000000e5560000, 0x00000000e5560000, 0x00000000e6ab0000)
 concurrent mark-sweep generation total 393216K, used 13568K [0x00000000e8000000, 0x0000000100000000, 0x0000000100000000)
 Metaspace       used 34576K, capacity 35108K, committed 35296K, reserved 1081344K
  class space    used 3622K, capacity 3782K, committed 3836K, reserved 1048576K
2017-03-31T04:57:23.421+0200: 304.147: [GC (Allocation Failure) 2017-03-31T04:57:23.421+0200: 304.147: [ParNew
Desired survivor size 20112992 bytes, new threshold 8 (max 8)
- age   1:    3437520 bytes,    3437520 total
- age   2:    2009616 bytes,    5447136 total
- age   3:      15920 bytes,    5463056 total
- age   4:       3440 bytes,    5466496 total
- age   5:       7416 bytes,    5473912 total
- age   6:       6728 bytes,    5480640 total
- age   7:       3552 bytes,    5484192 total
- age   8:       6224 bytes,    5490416 total
: 97193K->8072K(109248K), 0.0206847 secs] 110761K->21648K(502464K), 0.0207523 secs] [Times: user=0.02 sys=0.00, real=0.02 secs] 
Heap after GC invocations=112 (full 1):
 par new generation   total 109248K, used 8072K [0x00000000e0000000, 0x00000000e8000000, 0x00000000e8000000)
  eden space 87424K,   0% used [0x00000000e0000000, 0x00000000e0000000, 0x00000000e5560000)
  from space 21824K,  36% used [0x00000000e5560000, 0x00000000e5d422e0, 0x00000000e6ab0000)
  to   space 21824K,   0% used [0x00000000e6ab0000, 0x00000000e6ab0000, 0x00000000e8000000)
 concurrent mark-sweep generation total 393216K, used 13575K [0x00000000e8000000, 0x0000000100000000, 0x0000000100000000)
 Metaspace       used 34576K, capacity 35108K, committed 35296K, reserved 1081344K
  class space    used 3622K, capacity 3782K, committed 3836K, reserved 1048576K
}
2017-03-31T04:57:23.441+0200: 304.168: Total time for which application threads were stopped: 0.0209145 seconds, Stopping threads took: 0.0000197 seconds
{Heap before GC invocations=112 (full 1):
 par new generation   total 109248K, used 95496K [0x00000000e0000000, 0x00000000e8000000, 0x00000000e8000000)
  eden space 87424K, 100% used [0x00000000e0000000, 0x00000000e5560000, 0x00000000e5560000)
  from space 21824K,  36% used [0x00000000e5560000, 0x00000000e5d422e0, 0x00000000e6ab0000)
  to   space 21824K,   0% used [0x00000000e6ab0000, 0x00000000e6ab0000, 0x00000000e8000000)
 concurrent mark-sweep generation total 393216K, used 13575K [0x00000000e8000000, 0x0000000100000000, 0x0000000100000000)
 Metaspace       used 34576K, capacity 35108K, committed 35296K, reserved 1081344K
  class space    used 3622K, capacity 3782K, committed 3836K, reserved 1048576K
2017-03-31T04:57:23.756+0200: 304.482: [GC (Allocation Failure) 2017-03-31T04:57:23.756+0200: 304.482: [ParNew
Desired survivor size 20112992 bytes, new threshold 8 (max 8)
- age   1:    3490288 bytes,    3490288 total
- age   2:    2970776 bytes,    6461064 total
- age   3:    1609744 bytes,    8070808 total
- age   4:       6832 bytes,    8077640 total
- age   5:       3440 bytes,    8081080 total
- age   6:       7416 bytes,    8088496 total
- age   7:       6728 bytes,    8095224 total
- age   8:       3552 bytes,    8098776 total
: 95496K->10176K(109248K), 0.0283533 secs] 109072K->23758K(502464K), 0.0284199 secs] [Times: user=0.03 sys=0.00, real=0.03 secs] 
Heap after GC invocations=113 (full 1):
 par new generation   total 109248K, used 10176K [0x00000000e0000000, 0x00000000e8000000, 0x00000000e8000000)
  eden space 87424K,   0% used [0x00000000e0000000, 0x00000000e0000000, 0x00000000e5560000)
  from space 21824K,  46% used [0x00000000e6ab0000, 0x00000000e74a02c0, 0x00000000e8000000)
  to   space 21824K,   0% used [0x00000000e5560000, 0x00000000e5560000, 0x00000000e6ab0000)
 concurrent mark-sweep generation total 393216K, used 13581K [0x00000000e8000000, 0x0000000100000000, 0x0000000100000000)
 Metaspace       used 34576K, capacity 35108K, committed 35296K, reserved 1081344K
  class space    used 3622K, capacity 3782K, committed 3836K, reserved 1048576K
}
2017-03-31T04:57:23.784+0200: 304.511: Total time for which application threads were stopped: 0.0286055 seconds, Stopping threads took: 0.0000325 seconds
{Heap before GC invocations=113 (full 1):
 par new generation   total 109248K, used 97600K [0x00000000e0000000, 0x00000000e8000000, 0x00000000e8000000)
  eden space 87424K, 100% used [0x00000000e0000000, 0x00000000e5560000, 0x00000000e5560000)
  from space 21824K,  46% used [0x00000000e6ab0000, 0x00000000e74a02c0, 0x00000000e8000000)
  to   space 21824K,   0% used [0x00000000e5560000, 0x00000000e5560000, 0x00000000e6ab0000)
 concurrent mark-sweep generation total 393216K, used 13581K [0x00000000e8000000, 0x0000000100000000, 0x0000000100000000)
 Metaspace       used 34580K, capacity 35108K, committed 35296K, reserved 1081344K
  class space    used 3622K, capacity 3782K, committed 3836K, reserved 1048576K
2017-03-31T04:57:24.201+0200: 304.928: [GC (Allocation Failure) 2017-03-31T04:57:24.202+0200: 304.928: [ParNew
Desired survivor size 20112992 bytes, new threshold 8 (max 8)
- age   1:    4497440 bytes,    4497440 total
- age   2:    2914072 bytes,    7411512 total
- age   3:       5704 bytes,    7417216 total
- age   4:      10224 bytes,    7427440 total
- age   5:       6640 bytes,    7434080 total
- age   6:       3440 bytes,    7437520 total
- age   7:       7416 bytes,    7444936 total
- age   8:       6728 bytes,    7451664 total
: 97600K->11652K(109248K), 0.0158768 secs] 111182K->25237K(502464K), 0.0159468 secs] [Times: user=0.02 sys=0.00, real=0.01 secs] 
Heap after GC invocations=114 (full 1):
 par new generation   total 109248K, used 11652K [0x00000000e0000000, 0x00000000e8000000, 0x00000000e8000000)
  eden space 87424K,   0% used [0x00000000e0000000, 0x00000000e0000000, 0x00000000e5560000)
  from space 21824K,  53% used [0x00000000e5560000, 0x00000000e60c1298, 0x00000000e6ab0000)
  to   space 21824K,   0% used [0x00000000e6ab0000, 0x00000000e6ab0000, 0x00000000e8000000)
 concurrent mark-sweep generation total 393216K, used 13585K [0x00000000e8000000, 0x0000000100000000, 0x0000000100000000)
 Metaspace       used 34580K, capacity 35108K, committed 35296K, reserved 1081344K
  class space    used 3622K, capacity 3782K, committed 3836K, reserved 1048576K
}
2017-03-31T04:57:24.217+0200: 304.944: Total time for which application threads were stopped: 0.0161607 seconds, Stopping threads took: 0.0000294 seconds
{Heap before GC invocations=114 (full 1):
 par new generation   total 109248K, used 99056K [0x00000000e0000000, 0x00000000e8000000, 0x00000000e8000000)
  eden space 87424K,  99% used [0x00000000e0000000, 0x00000000e555ae98, 0x00000000e5560000)
  from space 21824K,  53% used [0x00000000e5560000, 0x00000000e60c1298, 0x00000000e6ab0000)
  to   space 21824K,   0% used [0x00000000e6ab0000, 0x00000000e6ab0000, 0x00000000e8000000)
 concurrent mark-sweep generation total 393216K, used 13585K [0x00000000e8000000, 0x0000000100000000, 0x0000000100000000)
 Metaspace       used 34580K, capacity 35108K, committed 35296K, reserved 1081344K
  class space    used 3622K, capacity 3782K, committed 3836K, reserved 1048576K
2017-03-31T04:57:24.701+0200: 305.427: [GC (Allocation Failure) 2017-03-31T04:57:24.701+0200: 305.427: [ParNew
Desired survivor size 20112992 bytes, new threshold 8 (max 8)
- age   1:    4278048 bytes,    4278048 total
- age   2:    2132920 bytes,    6410968 total
- age   3:       4536 bytes,    6415504 total
- age   4:       5704 bytes,    6421208 total
- age   5:      10032 bytes,    6431240 total
- age   6:       6640 bytes,    6437880 total
- age   7:       3440 bytes,    6441320 total
- age   8:       7416 bytes,    6448736 total
: 99056K->8709K(109248K), 0.0244643 secs] 112641K->22301K(502464K), 0.0245372 secs] [Times: user=0.02 sys=0.01, real=0.02 secs] 
Heap after GC invocations=115 (full 1):
 par new generation   total 109248K, used 8709K [0x00000000e0000000, 0x00000000e8000000, 0x00000000e8000000)
  eden space 87424K,   0% used [0x00000000e0000000, 0x00000000e0000000, 0x00000000e5560000)
  from space 21824K,  39% used [0x00000000e6ab0000, 0x00000000e7331710, 0x00000000e8000000)
  to   space 21824K,   0% used [0x00000000e5560000, 0x00000000e5560000, 0x00000000e6ab0000)
 concurrent mark-sweep generation total 393216K, used 13591K [0x00000000e8000000, 0x0000000100000000, 0x0000000100000000)
 Metaspace       used 34580K, capacity 35108K, committed 35296K, reserved 1081344K
  class space    used 3622K, capacity 3782K, committed 3836K, reserved 1048576K
}
2017-03-31T04:57:24.725+0200: 305.452: Total time for which application threads were stopped: 0.0247097 seconds, Stopping threads took: 0.0000337 seconds
{Heap before GC invocations=115 (full 1):
 par new generation   total 109248K, used 96114K [0x00000000e0000000, 0x00000000e8000000, 0x00000000e8000000)
  eden space 87424K,  99% used [0x00000000e0000000, 0x00000000e555b2b0, 0x00000000e5560000)
  from space 21824K,  39% used [0x00000000e6ab0000, 0x00000000e7331710, 0x00000000e8000000)
  to   space 21824K,   0% used [0x00000000e5560000, 0x00000000e5560000, 0x00000000e6ab0000)
 concurrent mark-sweep generation total 393216K, used 13591K [0x00000000e8000000, 0x0000000100000000, 0x0000000100000000)
 Metaspace       used 34580K, capacity 35108K, committed 35296K, reserved 1081344K
  class space    used 3622K, capacity 3782K, committed 3836K, reserved 1048576K
2017-03-31T04:57:24.993+0200: 305.719: [GC (Allocation Failure) 2017-03-31T04:57:24.993+0200: 305.719: [ParNew
Desired survivor size 20112992 bytes, new threshold 8 (max 8)
- age   1:    3172584 bytes,    3172584 total
- age   2:    3900072 bytes,    7072656 total
- age   3:    1902016 bytes,    8974672 total
- age   4:       4536 bytes,    8979208 total
- age   5:       5704 bytes,    8984912 total
- age   6:      10032 bytes,    8994944 total
- age   7:       6640 bytes,    9001584 total
- age   8:       3440 bytes,    9005024 total
: 96114K->11313K(109248K), 0.0300170 secs] 109706K->24913K(502464K), 0.0300800 secs] [Times: user=0.02 sys=0.00, real=0.03 secs] 
Heap after GC invocations=116 (full 1):
 par new generation   total 109248K, used 11313K [0x00000000e0000000, 0x00000000e8000000, 0x00000000e8000000)
  eden space 87424K,   0% used [0x00000000e0000000, 0x00000000e0000000, 0x00000000e5560000)
  from space 21824K,  51% used [0x00000000e5560000, 0x00000000e606c7e0, 0x00000000e6ab0000)
  to   space 21824K,   0% used [0x00000000e6ab0000, 0x00000000e6ab0000, 0x00000000e8000000)
 concurrent mark-sweep generation total 393216K, used 13599K [0x00000000e8000000, 0x0000000100000000, 0x0000000100000000)
 Metaspace       used 34580K, capacity 35108K, committed 35296K, reserved 1081344K
  class space    used 3622K, capacity 3782K, committed 3836K, reserved 1048576K
}
2017-03-31T04:57:25.023+0200: 305.750: Total time for which application threads were stopped: 0.0334634 seconds, Stopping threads took: 0.0032281 seconds
{Heap before GC invocations=116 (full 1):
 par new generation   total 109248K, used 98737K [0x00000000e0000000, 0x00000000e8000000, 0x00000000e8000000)
  eden space 87424K, 100% used [0x00000000e0000000, 0x00000000e5560000, 0x00000000e5560000)
  from space 21824K,  51% used [0x00000000e5560000, 0x00000000e606c7e0, 0x00000000e6ab0000)
  to   space 21824K,   0% used [0x00000000e6ab0000, 0x00000000e6ab0000, 0x00000000e8000000)
 concurrent mark-sweep generation total 393216K, used 13599K [0x00000000e8000000, 0x0000000100000000, 0x0000000100000000)
 Metaspace       used 34580K, capacity 35108K, committed 35296K, reserved 1081344K
  class space    used 3622K, capacity 3782K, committed 3836K, reserved 1048576K
2017-03-31T04:57:25.437+0200: 306.164: [GC (Allocation Failure) 2017-03-31T04:57:25.437+0200: 306.164: [ParNew
Desired survivor size 20112992 bytes, new threshold 8 (max 8)
- age   1:    4331272 bytes,    4331272 total
- age   2:    2410296 bytes,    6741568 total
- age   3:    1020224 bytes,    7761792 total
- age   4:       8184 bytes,    7769976 total
- age   5:       4536 bytes,    7774512 total
- age   6:       5320 bytes,    7779832 total
- age   7:      10032 bytes,    7789864 total
- age   8:       6640 bytes,    7796504 total
: 98737K->11291K(109248K), 0.0223379 secs] 112337K->24893K(502464K), 0.0224130 secs] [Times: user=0.02 sys=0.00, real=0.02 secs] 
Heap after GC invocations=117 (full 1):
 par new generation   total 109248K, used 11291K [0x00000000e0000000, 0x00000000e8000000, 0x00000000e8000000)
  eden space 87424K,   0% used [0x00000000e0000000, 0x00000000e0000000, 0x00000000e5560000)
  from space 21824K,  51% used [0x00000000e6ab0000, 0x00000000e75b6ca0, 0x00000000e8000000)
  to   space 21824K,   0% used [0x00000000e5560000, 0x00000000e5560000, 0x00000000e6ab0000)
 concurrent mark-sweep generation total 393216K, used 13602K [0x00000000e8000000, 0x0000000100000000, 0x0000000100000000)
 Metaspace       used 34580K, capacity 35108K, committed 35296K, reserved 1081344K
  class space    used 3622K, capacity 3782K, committed 3836K, reserved 1048576K
}
2017-03-31T04:57:25.460+0200: 306.186: Total time for which application threads were stopped: 0.0225909 seconds, Stopping threads took: 0.0000293 seconds
{Heap before GC invocations=117 (full 1):
 par new generation   total 109248K, used 98707K [0x00000000e0000000, 0x00000000e8000000, 0x00000000e8000000)
  eden space 87424K,  99% used [0x00000000e0000000, 0x00000000e555df70, 0x00000000e5560000)
  from space 21824K,  51% used [0x00000000e6ab0000, 0x00000000e75b6ca0, 0x00000000e8000000)
  to   space 21824K,   0% used [0x00000000e5560000, 0x00000000e5560000, 0x00000000e6ab0000)
 concurrent mark-sweep generation total 393216K, used 13602K [0x00000000e8000000, 0x0000000100000000, 0x0000000100000000)
 Metaspace       used 34580K, capacity 35108K, committed 35296K, reserved 1081344K
  class space    used 3622K, capacity 3782K, committed 3836K, reserved 1048576K
2017-03-31T04:57:25.932+0200: 306.659: [GC (Allocation Failure) 2017-03-31T04:57:25.932+0200: 306.659: [ParNew
Desired survivor size 20112992 bytes, new threshold 8 (max 8)
- age   1:    4569224 bytes,    4569224 total
- age   2:    2414752 bytes,    6983976 total
- age   3:       3736 bytes,    6987712 total
- age   4:       7592 bytes,    6995304 total
- age   5:       7992 bytes,    7003296 total
- age   6:       4536 bytes,    7007832 total
- age   7:       5320 bytes,    7013152 total
- age   8:      10032 bytes,    7023184 total
: 98707K->9704K(109248K), 0.0209495 secs] 112309K->23312K(502464K), 0.0210138 secs] [Times: user=0.02 sys=0.00, real=0.02 secs] 
Heap after GC invocations=118 (full 1):
 par new generation   total 109248K, used 9704K [0x00000000e0000000, 0x00000000e8000000, 0x00000000e8000000)
  eden space 87424K,   0% used [0x00000000e0000000, 0x00000000e0000000, 0x00000000e5560000)
  from space 21824K,  44% used [0x00000000e5560000, 0x00000000e5eda040, 0x00000000e6ab0000)
  to   space 21824K,   0% used [0x00000000e6ab0000, 0x00000000e6ab0000, 0x00000000e8000000)
 concurrent mark-sweep generation total 393216K, used 13608K [0x00000000e8000000, 0x0000000100000000, 0x0000000100000000)
 Metaspace       used 34580K, capacity 35108K, committed 35296K, reserved 1081344K
  class space    used 3622K, capacity 3782K, committed 3836K, reserved 1048576K
}
2017-03-31T04:57:25.953+0200: 306.680: Total time for which application threads were stopped: 0.0211838 seconds, Stopping threads took: 0.0000288 seconds
{Heap before GC invocations=118 (full 1):
 par new generation   total 109248K, used 97117K [0x00000000e0000000, 0x00000000e8000000, 0x00000000e8000000)
  eden space 87424K,  99% used [0x00000000e0000000, 0x00000000e555d600, 0x00000000e5560000)
  from space 21824K,  44% used [0x00000000e5560000, 0x00000000e5eda040, 0x00000000e6ab0000)
  to   space 21824K,   0% used [0x00000000e6ab0000, 0x00000000e6ab0000, 0x00000000e8000000)
 concurrent mark-sweep generation total 393216K, used 13608K [0x00000000e8000000, 0x0000000100000000, 0x0000000100000000)
 Metaspace       used 34580K, capacity 35108K, committed 35296K, reserved 1081344K
  class space    used 3622K, capacity 3782K, committed 3836K, reserved 1048576K
2017-03-31T04:57:26.310+0200: 307.037: [GC (Allocation Failure) 2017-03-31T04:57:26.310+0200: 307.037: [ParNew
Desired survivor size 20112992 bytes, new threshold 8 (max 8)
- age   1:    3103624 bytes,    3103624 total
- age   2:    3994080 bytes,    7097704 total
- age   3:    2257520 bytes,    9355224 total
- age   4:       3736 bytes,    9358960 total
- age   5:       7592 bytes,    9366552 total
- age   6:       7992 bytes,    9374544 total
- age   7:       4536 bytes,    9379080 total
- age   8:       5320 bytes,    9384400 total
: 97117K->12398K(109248K), 0.0341184 secs] 110726K->26017K(502464K), 0.0341951 secs] [Times: user=0.03 sys=0.01, real=0.04 secs] 
Heap after GC invocations=119 (full 1):
 par new generation   total 109248K, used 12398K [0x00000000e0000000, 0x00000000e8000000, 0x00000000e8000000)
  eden space 87424K,   0% used [0x00000000e0000000, 0x00000000e0000000, 0x00000000e5560000)
  from space 21824K,  56% used [0x00000000e6ab0000, 0x00000000e76cb940, 0x00000000e8000000)
  to   space 21824K,   0% used [0x00000000e5560000, 0x00000000e5560000, 0x00000000e6ab0000)
 concurrent mark-sweep generation total 393216K, used 13618K [0x00000000e8000000, 0x0000000100000000, 0x0000000100000000)
 Metaspace       used 34580K, capacity 35108K, committed 35296K, reserved 1081344K
  class space    used 3622K, capacity 3782K, committed 3836K, reserved 1048576K
}
2017-03-31T04:57:26.345+0200: 307.071: Total time for which application threads were stopped: 0.0343804 seconds, Stopping threads took: 0.0000298 seconds
{Heap before GC invocations=119 (full 1):
 par new generation   total 109248K, used 99822K [0x00000000e0000000, 0x00000000e8000000, 0x00000000e8000000)
  eden space 87424K, 100% used [0x00000000e0000000, 0x00000000e5560000, 0x00000000e5560000)
  from space 21824K,  56% used [0x00000000e6ab0000, 0x00000000e76cb940, 0x00000000e8000000)
  to   space 21824K,   0% used [0x00000000e5560000, 0x00000000e5560000, 0x00000000e6ab0000)
 concurrent mark-sweep generation total 393216K, used 13618K [0x00000000e8000000, 0x0000000100000000, 0x0000000100000000)
 Metaspace       used 34580K, capacity 35108K, committed 35296K, reserved 1081344K
  class space    used 3622K, capacity 3782K, committed 3836K, reserved 1048576K
2017-03-31T04:57:26.827+0200: 307.553: [GC (Allocation Failure) 2017-03-31T04:57:26.827+0200: 307.553: [ParNew
Desired survivor size 20112992 bytes, new threshold 8 (max 8)
- age   1:    3678984 bytes,    3678984 total
- age   2:    2619784 bytes,    6298768 total
- age   3:    1595688 bytes,    7894456 total
- age   4:      17968 bytes,    7912424 total
- age   5:       3736 bytes,    7916160 total
- age   6:       7592 bytes,    7923752 total
- age   7:       7992 bytes,    7931744 total
- age   8:       4536 bytes,    7936280 total
: 99822K->10805K(109248K), 0.0439041 secs] 113441K->24429K(502464K), 0.0439709 secs] [Times: user=0.04 sys=0.00, real=0.04 secs] 
Heap after GC invocations=120 (full 1):
 par new generation   total 109248K, used 10805K [0x00000000e0000000, 0x00000000e8000000, 0x00000000e8000000)
  eden space 87424K,   0% used [0x00000000e0000000, 0x00000000e0000000, 0x00000000e5560000)
  from space 21824K,  49% used [0x00000000e5560000, 0x00000000e5fed6d0, 0x00000000e6ab0000)
  to   space 21824K,   0% used [0x00000000e6ab0000, 0x00000000e6ab0000, 0x00000000e8000000)
 concurrent mark-sweep generation total 393216K, used 13624K [0x00000000e8000000, 0x0000000100000000, 0x0000000100000000)
 Metaspace       used 34580K, capacity 35108K, committed 35296K, reserved 1081344K
  class space    used 3622K, capacity 3782K, committed 3836K, reserved 1048576K
}
2017-03-31T04:57:26.871+0200: 307.597: Total time for which application threads were stopped: 0.0441276 seconds, Stopping threads took: 0.0000308 seconds
{Heap before GC invocations=120 (full 1):
 par new generation   total 109248K, used 98229K [0x00000000e0000000, 0x00000000e8000000, 0x00000000e8000000)
  eden space 87424K, 100% used [0x00000000e0000000, 0x00000000e5560000, 0x00000000e5560000)
  from space 21824K,  49% used [0x00000000e5560000, 0x00000000e5fed6d0, 0x00000000e6ab0000)
  to   space 21824K,   0% used [0x00000000e6ab0000, 0x00000000e6ab0000, 0x00000000e8000000)
 concurrent mark-sweep generation total 393216K, used 13624K [0x00000000e8000000, 0x0000000100000000, 0x0000000100000000)
 Metaspace       used 34580K, capacity 35108K, committed 35296K, reserved 1081344K
  class space    used 3622K, capacity 3782K, committed 3836K, reserved 1048576K
2017-03-31T04:57:27.359+0200: 308.086: [GC (Allocation Failure) 2017-03-31T04:57:27.359+0200: 308.086: [ParNew
Desired survivor size 20112992 bytes, new threshold 8 (max 8)
- age   1:    4874976 bytes,    4874976 total
- age   2:    2772632 bytes,    7647608 total
- age   3:       4472 bytes,    7652080 total
- age   4:       8288 bytes,    7660368 total
- age   5:      12320 bytes,    7672688 total
- age   6:       3736 bytes,    7676424 total
- age   7:       7592 bytes,    7684016 total
- age   8:       7992 bytes,    7692008 total
: 98229K->10964K(109248K), 0.0210676 secs] 111853K->24592K(502464K), 0.0211357 secs] [Times: user=0.02 sys=0.00, real=0.02 secs] 
Heap after GC invocations=121 (full 1):
 par new generation   total 109248K, used 10964K [0x00000000e0000000, 0x00000000e8000000, 0x00000000e8000000)
  eden space 87424K,   0% used [0x00000000e0000000, 0x00000000e0000000, 0x00000000e5560000)
  from space 21824K,  50% used [0x00000000e6ab0000, 0x00000000e7565050, 0x00000000e8000000)
  to   space 21824K,   0% used [0x00000000e5560000, 0x00000000e5560000, 0x00000000e6ab0000)
 concurrent mark-sweep generation total 393216K, used 13628K [0x00000000e8000000, 0x0000000100000000, 0x0000000100000000)
 Metaspace       used 34580K, capacity 35108K, committed 35296K, reserved 1081344K
  class space    used 3622K, capacity 3782K, committed 3836K, reserved 1048576K
}
2017-03-31T04:57:27.380+0200: 308.107: Total time for which application threads were stopped: 0.0281586 seconds, Stopping threads took: 0.0068764 seconds
{Heap before GC invocations=121 (full 1):
 par new generation   total 109248K, used 98388K [0x00000000e0000000, 0x00000000e8000000, 0x00000000e8000000)
  eden space 87424K, 100% used [0x00000000e0000000, 0x00000000e5560000, 0x00000000e5560000)
  from space 21824K,  50% used [0x00000000e6ab0000, 0x00000000e7565050, 0x00000000e8000000)
  to   space 21824K,   0% used [0x00000000e5560000, 0x00000000e5560000, 0x00000000e6ab0000)
 concurrent mark-sweep generation total 393216K, used 13628K [0x00000000e8000000, 0x0000000100000000, 0x0000000100000000)
 Metaspace       used 34580K, capacity 35108K, committed 35296K, reserved 1081344K
  class space    used 3622K, capacity 3782K, committed 3836K, reserved 1048576K
2017-03-31T04:57:27.756+0200: 308.482: [GC (Allocation Failure) 2017-03-31T04:57:27.756+0200: 308.482: [ParNew
Desired survivor size 20112992 bytes, new threshold 8 (max 8)
- age   1:    3020216 bytes,    3020216 total
- age   2:    2185480 bytes,    5205696 total
- age   3:      12024 bytes,    5217720 total
- age   4:       4472 bytes,    5222192 total
- age   5:       7904 bytes,    5230096 total
- age   6:      12320 bytes,    5242416 total
- age   7:       3736 bytes,    5246152 total
- age   8:       7592 bytes,    5253744 total
: 98388K->8580K(109248K), 0.0399301 secs] 112016K->22216K(502464K), 0.0399935 secs] [Times: user=0.04 sys=0.00, real=0.04 secs] 
Heap after GC invocations=122 (full 1):
 par new generation   total 109248K, used 8580K [0x00000000e0000000, 0x00000000e8000000, 0x00000000e8000000)
  eden space 87424K,   0% used [0x00000000e0000000, 0x00000000e0000000, 0x00000000e5560000)
  from space 21824K,  39% used [0x00000000e5560000, 0x00000000e5dc12a0, 0x00000000e6ab0000)
  to   space 21824K,   0% used [0x00000000e6ab0000, 0x00000000e6ab0000, 0x00000000e8000000)
 concurrent mark-sweep generation total 393216K, used 13636K [0x00000000e8000000, 0x0000000100000000, 0x0000000100000000)
 Metaspace       used 34580K, capacity 35108K, committed 35296K, reserved 1081344K
  class space    used 3622K, capacity 3782K, committed 3836K, reserved 1048576K
}
2017-03-31T04:57:27.796+0200: 308.522: Total time for which application threads were stopped: 0.0422010 seconds, Stopping threads took: 0.0020242 seconds
{Heap before GC invocations=122 (full 1):
 par new generation   total 109248K, used 96004K [0x00000000e0000000, 0x00000000e8000000, 0x00000000e8000000)
  eden space 87424K, 100% used [0x00000000e0000000, 0x00000000e5560000, 0x00000000e5560000)
  from space 21824K,  39% used [0x00000000e5560000, 0x00000000e5dc12a0, 0x00000000e6ab0000)
  to   space 21824K,   0% used [0x00000000e6ab0000, 0x00000000e6ab0000, 0x00000000e8000000)
 concurrent mark-sweep generation total 393216K, used 13636K [0x00000000e8000000, 0x0000000100000000, 0x0000000100000000)
 Metaspace       used 34580K, capacity 35108K, committed 35296K, reserved 1081344K
  class space    used 3622K, capacity 3782K, committed 3836K, reserved 1048576K
2017-03-31T04:57:28.107+0200: 308.833: [GC (Allocation Failure) 2017-03-31T04:57:28.107+0200: 308.833: [ParNew
Desired survivor size 20112992 bytes, new threshold 8 (max 8)
- age   1:    3671088 bytes,    3671088 total
- age   2:    2831672 bytes,    6502760 total
- age   3:    1801272 bytes,    8304032 total
- age   4:      12024 bytes,    8316056 total
- age   5:       4472 bytes,    8320528 total
- age   6:       7904 bytes,    8328432 total
- age   7:      12320 bytes,    8340752 total
- age   8:       3712 bytes,    8344464 total
: 96004K->9631K(109248K), 0.0232639 secs] 109640K->23275K(502464K), 0.0233307 secs] [Times: user=0.03 sys=0.00, real=0.02 secs] 
Heap after GC invocations=123 (full 1):
 par new generation   total 109248K, used 9631K [0x00000000e0000000, 0x00000000e8000000, 0x00000000e8000000)
  eden space 87424K,   0% used [0x00000000e0000000, 0x00000000e0000000, 0x00000000e5560000)
  from space 21824K,  44% used [0x00000000e6ab0000, 0x00000000e7417d30, 0x00000000e8000000)
  to   space 21824K,   0% used [0x00000000e5560000, 0x00000000e5560000, 0x00000000e6ab0000)
 concurrent mark-sweep generation total 393216K, used 13643K [0x00000000e8000000, 0x0000000100000000, 0x0000000100000000)
 Metaspace       used 34580K, capacity 35108K, committed 35296K, reserved 1081344K
  class space    used 3622K, capacity 3782K, committed 3836K, reserved 1048576K
}
2017-03-31T04:57:28.130+0200: 308.857: Total time for which application threads were stopped: 0.0254980 seconds, Stopping threads took: 0.0020137 seconds
{Heap before GC invocations=123 (full 1):
 par new generation   total 109248K, used 97055K [0x00000000e0000000, 0x00000000e8000000, 0x00000000e8000000)
  eden space 87424K, 100% used [0x00000000e0000000, 0x00000000e5560000, 0x00000000e5560000)
  from space 21824K,  44% used [0x00000000e6ab0000, 0x00000000e7417d30, 0x00000000e8000000)
  to   space 21824K,   0% used [0x00000000e5560000, 0x00000000e5560000, 0x00000000e6ab0000)
 concurrent mark-sweep generation total 393216K, used 13643K [0x00000000e8000000, 0x0000000100000000, 0x0000000100000000)
 Metaspace       used 34583K, capacity 35108K, committed 35296K, reserved 1081344K
  class space    used 3622K, capacity 3782K, committed 3836K, reserved 1048576K
2017-03-31T04:57:28.545+0200: 309.271: [GC (Allocation Failure) 2017-03-31T04:57:28.545+0200: 309.271: [ParNew
Desired survivor size 20112992 bytes, new threshold 8 (max 8)
- age   1:    4440048 bytes,    4440048 total
- age   2:    2955456 bytes,    7395504 total
- age   3:       5232 bytes,    7400736 total
- age   4:       6704 bytes,    7407440 total
- age   5:      11816 bytes,    7419256 total
- age   6:       4472 bytes,    7423728 total
- age   7:       7904 bytes,    7431632 total
- age   8:      12320 bytes,    7443952 total
: 97055K->13149K(109248K), 0.0377266 secs] 110699K->26796K(502464K), 0.0378128 secs] [Times: user=0.03 sys=0.01, real=0.04 secs] 
Heap after GC invocations=124 (full 1):
 par new generation   total 109248K, used 13149K [0x00000000e0000000, 0x00000000e8000000, 0x00000000e8000000)
  eden space 87424K,   0% used [0x00000000e0000000, 0x00000000e0000000, 0x00000000e5560000)
  from space 21824K,  60% used [0x00000000e5560000, 0x00000000e6237580, 0x00000000e6ab0000)
  to   space 21824K,   0% used [0x00000000e6ab0000, 0x00000000e6ab0000, 0x00000000e8000000)
 concurrent mark-sweep generation total 393216K, used 13647K [0x00000000e8000000, 0x0000000100000000, 0x0000000100000000)
 Metaspace       used 34583K, capacity 35108K, committed 35296K, reserved 1081344K
  class space    used 3622K, capacity 3782K, committed 3836K, reserved 1048576K
}
2017-03-31T04:57:28.583+0200: 309.309: Total time for which application threads were stopped: 0.0379785 seconds, Stopping threads took: 0.0000354 seconds
{Heap before GC invocations=124 (full 1):
 par new generation   total 109248K, used 100573K [0x00000000e0000000, 0x00000000e8000000, 0x00000000e8000000)
  eden space 87424K, 100% used [0x00000000e0000000, 0x00000000e5560000, 0x00000000e5560000)
  from space 21824K,  60% used [0x00000000e5560000, 0x00000000e6237580, 0x00000000e6ab0000)
  to   space 21824K,   0% used [0x00000000e6ab0000, 0x00000000e6ab0000, 0x00000000e8000000)
 concurrent mark-sweep generation total 393216K, used 13647K [0x00000000e8000000, 0x0000000100000000, 0x0000000100000000)
 Metaspace       used 34583K, capacity 35108K, committed 35296K, reserved 1081344K
  class space    used 3622K, capacity 3782K, committed 3836K, reserved 1048576K
2017-03-31T04:57:29.006+0200: 309.733: [GC (Allocation Failure) 2017-03-31T04:57:29.006+0200: 309.733: [ParNew
Desired survivor size 20112992 bytes, new threshold 8 (max 8)
- age   1:    4421456 bytes,    4421456 total
- age   2:    2235472 bytes,    6656928 total
- age   3:       4784 bytes,    6661712 total
- age   4:       5040 bytes,    6666752 total
- age   5:       6512 bytes,    6673264 total
- age   6:      10936 bytes,    6684200 total
- age   7:       4472 bytes,    6688672 total
- age   8:       7904 bytes,    6696576 total
: 100573K->8268K(109248K), 0.0366614 secs] 114220K->21928K(502464K), 0.0367296 secs] [Times: user=0.04 sys=0.00, real=0.04 secs] 
Heap after GC invocations=125 (full 1):
 par new generation   total 109248K, used 8268K [0x00000000e0000000, 0x00000000e8000000, 0x00000000e8000000)
  eden space 87424K,   0% used [0x00000000e0000000, 0x00000000e0000000, 0x00000000e5560000)
  from space 21824K,  37% used [0x00000000e6ab0000, 0x00000000e72c3190, 0x00000000e8000000)
  to   space 21824K,   0% used [0x00000000e5560000, 0x00000000e5560000, 0x00000000e6ab0000)
 concurrent mark-sweep generation total 393216K, used 13659K [0x00000000e8000000, 0x0000000100000000, 0x0000000100000000)
 Metaspace       used 34583K, capacity 35108K, committed 35296K, reserved 1081344K
  class space    used 3622K, capacity 3782K, committed 3836K, reserved 1048576K
}
2017-03-31T04:57:29.043+0200: 309.770: Total time for which application threads were stopped: 0.0369198 seconds, Stopping threads took: 0.0000327 seconds
{Heap before GC invocations=125 (full 1):
 par new generation   total 109248K, used 95692K [0x00000000e0000000, 0x00000000e8000000, 0x00000000e8000000)
  eden space 87424K, 100% used [0x00000000e0000000, 0x00000000e5560000, 0x00000000e5560000)
  from space 21824K,  37% used [0x00000000e6ab0000, 0x00000000e72c3190, 0x00000000e8000000)
  to   space 21824K,   0% used [0x00000000e5560000, 0x00000000e5560000, 0x00000000e6ab0000)
 concurrent mark-sweep generation total 393216K, used 13659K [0x00000000e8000000, 0x0000000100000000, 0x0000000100000000)
 Metaspace       used 34583K, capacity 35108K, committed 35296K, reserved 1081344K
  class space    used 3622K, capacity 3782K, committed 3836K, reserved 1048576K
2017-03-31T04:57:29.296+0200: 310.022: [GC (Allocation Failure) 2017-03-31T04:57:29.296+0200: 310.022: [ParNew
Desired survivor size 20112992 bytes, new threshold 8 (max 8)
- age   1:    3179760 bytes,    3179760 total
- age   2:    3985144 bytes,    7164904 total
- age   3:    2008280 bytes,    9173184 total
- age   4:       4784 bytes,    9177968 total
- age   5:       5040 bytes,    9183008 total
- age   6:       6512 bytes,    9189520 total
- age   7:       5672 bytes,    9195192 total
- age   8:       4472 bytes,    9199664 total
: 95692K->14140K(109248K), 0.0200058 secs] 109352K->27808K(502464K), 0.0200801 secs] [Times: user=0.02 sys=0.00, real=0.02 secs] 
Heap after GC invocations=126 (full 1):
 par new generation   total 109248K, used 14140K [0x00000000e0000000, 0x00000000e8000000, 0x00000000e8000000)
  eden space 87424K,   0% used [0x00000000e0000000, 0x00000000e0000000, 0x00000000e5560000)
  from space 21824K,  64% used [0x00000000e5560000, 0x00000000e632f3c0, 0x00000000e6ab0000)
  to   space 21824K,   0% used [0x00000000e6ab0000, 0x00000000e6ab0000, 0x00000000e8000000)
 concurrent mark-sweep generation total 393216K, used 13667K [0x00000000e8000000, 0x0000000100000000, 0x0000000100000000)
 Metaspace       used 34583K, capacity 35108K, committed 35296K, reserved 1081344K
  class space    used 3622K, capacity 3782K, committed 3836K, reserved 1048576K
}
2017-03-31T04:57:29.316+0200: 310.043: Total time for which application threads were stopped: 0.0202725 seconds, Stopping threads took: 0.0000323 seconds
{Heap before GC invocations=126 (full 1):
 par new generation   total 109248K, used 101564K [0x00000000e0000000, 0x00000000e8000000, 0x00000000e8000000)
  eden space 87424K, 100% used [0x00000000e0000000, 0x00000000e5560000, 0x00000000e5560000)
  from space 21824K,  64% used [0x00000000e5560000, 0x00000000e632f3c0, 0x00000000e6ab0000)
  to   space 21824K,   0% used [0x00000000e6ab0000, 0x00000000e6ab0000, 0x00000000e8000000)
 concurrent mark-sweep generation total 393216K, used 13667K [0x00000000e8000000, 0x0000000100000000, 0x0000000100000000)
 Metaspace       used 34583K, capacity 35108K, committed 35296K, reserved 1081344K
  class space    used 3622K, capacity 3782K, committed 3836K, reserved 1048576K
2017-03-31T04:57:29.722+0200: 310.448: [GC (Allocation Failure) 2017-03-31T04:57:29.722+0200: 310.448: [ParNew
Desired survivor size 20112992 bytes, new threshold 8 (max 8)
- age   1:    3763232 bytes,    3763232 total
- age   2:    2784880 bytes,    6548112 total
- age   3:    1270560 bytes,    7818672 total
- age   4:       7800 bytes,    7826472 total
- age   5:       4784 bytes,    7831256 total
- age   6:       4848 bytes,    7836104 total
- age   7:       6512 bytes,    7842616 total
- age   8:       5672 bytes,    7848288 total
: 101564K->10980K(109248K), 0.0184750 secs] 115232K->24652K(502464K), 0.0186069 secs] [Times: user=0.01 sys=0.00, real=0.02 secs] 
Heap after GC invocations=127 (full 1):
 par new generation   total 109248K, used 10980K [0x00000000e0000000, 0x00000000e8000000, 0x00000000e8000000)
  eden space 87424K,   0% used [0x00000000e0000000, 0x00000000e0000000, 0x00000000e5560000)
  from space 21824K,  50% used [0x00000000e6ab0000, 0x00000000e7569120, 0x00000000e8000000)
  to   space 21824K,   0% used [0x00000000e5560000, 0x00000000e5560000, 0x00000000e6ab0000)
 concurrent mark-sweep generation total 393216K, used 13671K [0x00000000e8000000, 0x0000000100000000, 0x0000000100000000)
 Metaspace       used 34583K, capacity 35108K, committed 35296K, reserved 1081344K
  class space    used 3622K, capacity 3782K, committed 3836K, reserved 1048576K
}
2017-03-31T04:57:29.741+0200: 310.467: Total time for which application threads were stopped: 0.0191001 seconds, Stopping threads took: 0.0002901 seconds
{Heap before GC invocations=127 (full 1):
 par new generation   total 109248K, used 98404K [0x00000000e0000000, 0x00000000e8000000, 0x00000000e8000000)
  eden space 87424K, 100% used [0x00000000e0000000, 0x00000000e5560000, 0x00000000e5560000)
  from space 21824K,  50% used [0x00000000e6ab0000, 0x00000000e7569120, 0x00000000e8000000)
  to   space 21824K,   0% used [0x00000000e5560000, 0x00000000e5560000, 0x00000000e6ab0000)
 concurrent mark-sweep generation total 393216K, used 13671K [0x00000000e8000000, 0x0000000100000000, 0x0000000100000000)
 Metaspace       used 34583K, capacity 35108K, committed 35296K, reserved 1081344K
  class space    used 3622K, capacity 3782K, committed 3836K, reserved 1048576K
2017-03-31T04:57:30.175+0200: 310.902: [GC (Allocation Failure) 2017-03-31T04:57:30.175+0200: 310.902: [ParNew
Desired survivor size 20112992 bytes, new threshold 8 (max 8)
- age   1:    4698240 bytes,    4698240 total
- age   2:    2469200 bytes,    7167440 total
- age   3:       3616 bytes,    7171056 total
- age   4:      13440 bytes,    7184496 total
- age   5:       7416 bytes,    7191912 total
- age   6:       4784 bytes,    7196696 total
- age   7:       4848 bytes,    7201544 total
- age   8:       6512 bytes,    7208056 total
: 98404K->9472K(109248K), 0.0213682 secs] 112076K->23150K(502464K), 0.0214364 secs] [Times: user=0.02 sys=0.00, real=0.03 secs] 
Heap after GC invocations=128 (full 1):
 par new generation   total 109248K, used 9472K [0x00000000e0000000, 0x00000000e8000000, 0x00000000e8000000)
  eden space 87424K,   0% used [0x00000000e0000000, 0x00000000e0000000, 0x00000000e5560000)
  from space 21824K,  43% used [0x00000000e5560000, 0x00000000e5ea0390, 0x00000000e6ab0000)
  to   space 21824K,   0% used [0x00000000e6ab0000, 0x00000000e6ab0000, 0x00000000e8000000)
 concurrent mark-sweep generation total 393216K, used 13677K [0x00000000e8000000, 0x0000000100000000, 0x0000000100000000)
 Metaspace       used 34583K, capacity 35108K, committed 35296K, reserved 1081344K
  class space    used 3622K, capacity 3782K, committed 3836K, reserved 1048576K
}
2017-03-31T04:57:30.197+0200: 310.923: Total time for which application threads were stopped: 0.0216011 seconds, Stopping threads took: 0.0000311 seconds
{Heap before GC invocations=128 (full 1):
 par new generation   total 109248K, used 96896K [0x00000000e0000000, 0x00000000e8000000, 0x00000000e8000000)
  eden space 87424K, 100% used [0x00000000e0000000, 0x00000000e5560000, 0x00000000e5560000)
  from space 21824K,  43% used [0x00000000e5560000, 0x00000000e5ea0390, 0x00000000e6ab0000)
  to   space 21824K,   0% used [0x00000000e6ab0000, 0x00000000e6ab0000, 0x00000000e8000000)
 concurrent mark-sweep generation total 393216K, used 13677K [0x00000000e8000000, 0x0000000100000000, 0x0000000100000000)
 Metaspace       used 34583K, capacity 35108K, committed 35296K, reserved 1081344K
  class space    used 3622K, capacity 3782K, committed 3836K, reserved 1048576K
2017-03-31T04:57:30.565+0200: 311.292: [GC (Allocation Failure) 2017-03-31T04:57:30.565+0200: 311.292: [ParNew
Desired survivor size 20112992 bytes, new threshold 8 (max 8)
- age   1:    3450624 bytes,    3450624 total
- age   2:    2034928 bytes,    5485552 total
- age   3:      15152 bytes,    5500704 total
- age   4:       3592 bytes,    5504296 total
- age   5:      13120 bytes,    5517416 total
- age   6:       7416 bytes,    5524832 total
- age   7:       4784 bytes,    5529616 total
- age   8:       4824 bytes,    5534440 total
: 96896K->8070K(109248K), 0.0250339 secs] 110574K->21754K(502464K), 0.0251034 secs] [Times: user=0.03 sys=0.00, real=0.03 secs] 
Heap after GC invocations=129 (full 1):
 par new generation   total 109248K, used 8070K [0x00000000e0000000, 0x00000000e8000000, 0x00000000e8000000)
  eden space 87424K,   0% used [0x00000000e0000000, 0x00000000e0000000, 0x00000000e5560000)
  from space 21824K,  36% used [0x00000000e6ab0000, 0x00000000e7291a70, 0x00000000e8000000)
  to   space 21824K,   0% used [0x00000000e5560000, 0x00000000e5560000, 0x00000000e6ab0000)
 concurrent mark-sweep generation total 393216K, used 13683K [0x00000000e8000000, 0x0000000100000000, 0x0000000100000000)
 Metaspace       used 34583K, capacity 35108K, committed 35296K, reserved 1081344K
  class space    used 3622K, capacity 3782K, committed 3836K, reserved 1048576K
}
2017-03-31T04:57:30.591+0200: 311.317: Total time for which application threads were stopped: 0.0252882 seconds, Stopping threads took: 0.0000321 seconds
{Heap before GC invocations=129 (full 1):
 par new generation   total 109248K, used 95494K [0x00000000e0000000, 0x00000000e8000000, 0x00000000e8000000)
  eden space 87424K, 100% used [0x00000000e0000000, 0x00000000e5560000, 0x00000000e5560000)
  from space 21824K,  36% used [0x00000000e6ab0000, 0x00000000e7291a70, 0x00000000e8000000)
  to   space 21824K,   0% used [0x00000000e5560000, 0x00000000e5560000, 0x00000000e6ab0000)
 concurrent mark-sweep generation total 393216K, used 13683K [0x00000000e8000000, 0x0000000100000000, 0x0000000100000000)
 Metaspace       used 34583K, capacity 35108K, committed 35296K, reserved 1081344K
  class space    used 3622K, capacity 3782K, committed 3836K, reserved 1048576K
2017-03-31T04:57:30.932+0200: 311.659: [GC (Allocation Failure) 2017-03-31T04:57:30.932+0200: 311.659: [ParNew
Desired survivor size 20112992 bytes, new threshold 8 (max 8)
- age   1:    3590256 bytes,    3590256 total
- age   2:    2795712 bytes,    6385968 total
- age   3:    1721984 bytes,    8107952 total
- age   4:       6064 bytes,    8114016 total
- age   5:       3592 bytes,    8117608 total
- age   6:      12464 bytes,    8130072 total
- age   7:       7416 bytes,    8137488 total
- age   8:       4784 bytes,    8142272 total
: 95494K->10232K(109248K), 0.0295769 secs] 109178K->23920K(502464K), 0.0296423 secs] [Times: user=0.03 sys=0.00, real=0.03 secs] 
Heap after GC invocations=130 (full 1):
 par new generation   total 109248K, used 10232K [0x00000000e0000000, 0x00000000e8000000, 0x00000000e8000000)
  eden space 87424K,   0% used [0x00000000e0000000, 0x00000000e0000000, 0x00000000e5560000)
  from space 21824K,  46% used [0x00000000e5560000, 0x00000000e5f5e100, 0x00000000e6ab0000)
  to   space 21824K,   0% used [0x00000000e6ab0000, 0x00000000e6ab0000, 0x00000000e8000000)
 concurrent mark-sweep generation total 393216K, used 13688K [0x00000000e8000000, 0x0000000100000000, 0x0000000100000000)
 Metaspace       used 34583K, capacity 35108K, committed 35296K, reserved 1081344K
  class space    used 3622K, capacity 3782K, committed 3836K, reserved 1048576K
}
2017-03-31T04:57:30.962+0200: 311.688: Total time for which application threads were stopped: 0.0297969 seconds, Stopping threads took: 0.0000288 seconds
{Heap before GC invocations=130 (full 1):
 par new generation   total 109248K, used 97655K [0x00000000e0000000, 0x00000000e8000000, 0x00000000e8000000)
  eden space 87424K,  99% used [0x00000000e0000000, 0x00000000e555fb58, 0x00000000e5560000)
  from space 21824K,  46% used [0x00000000e5560000, 0x00000000e5f5e100, 0x00000000e6ab0000)
  to   space 21824K,   0% used [0x00000000e6ab0000, 0x00000000e6ab0000, 0x00000000e8000000)
 concurrent mark-sweep generation total 393216K, used 13688K [0x00000000e8000000, 0x0000000100000000, 0x0000000100000000)
 Metaspace       used 34583K, capacity 35108K, committed 35296K, reserved 1081344K
  class space    used 3622K, capacity 3782K, committed 3836K, reserved 1048576K
2017-03-31T04:57:31.425+0200: 312.151: [GC (Allocation Failure) 2017-03-31T04:57:31.425+0200: 312.151: [ParNew
Desired survivor size 20112992 bytes, new threshold 8 (max 8)
- age   1:    4552736 bytes,    4552736 total
- age   2:    2874808 bytes,    7427544 total
- age   3:       5352 bytes,    7432896 total
- age   4:       7632 bytes,    7440528 total
- age   5:       6064 bytes,    7446592 total
- age   6:       3592 bytes,    7450184 total
- age   7:      12464 bytes,    7462648 total
- age   8:       7416 bytes,    7470064 total
: 97655K->11715K(109248K), 0.0268765 secs] 111343K->25408K(502464K), 0.0269369 secs] [Times: user=0.03 sys=0.00, real=0.02 secs] 
Heap after GC invocations=131 (full 1):
 par new generation   total 109248K, used 11715K [0x00000000e0000000, 0x00000000e8000000, 0x00000000e8000000)
  eden space 87424K,   0% used [0x00000000e0000000, 0x00000000e0000000, 0x00000000e5560000)
  from space 21824K,  53% used [0x00000000e6ab0000, 0x00000000e7620d80, 0x00000000e8000000)
  to   space 21824K,   0% used [0x00000000e5560000, 0x00000000e5560000, 0x00000000e6ab0000)
 concurrent mark-sweep generation total 393216K, used 13693K [0x00000000e8000000, 0x0000000100000000, 0x0000000100000000)
 Metaspace       used 34583K, capacity 35108K, committed 35296K, reserved 1081344K
  class space    used 3622K, capacity 3782K, committed 3836K, reserved 1048576K
}
2017-03-31T04:57:31.452+0200: 312.178: Total time for which application threads were stopped: 0.0291160 seconds, Stopping threads took: 0.0020250 seconds
{Heap before GC invocations=131 (full 1):
 par new generation   total 109248K, used 99139K [0x00000000e0000000, 0x00000000e8000000, 0x00000000e8000000)
  eden space 87424K, 100% used [0x00000000e0000000, 0x00000000e5560000, 0x00000000e5560000)
  from space 21824K,  53% used [0x00000000e6ab0000, 0x00000000e7620d80, 0x00000000e8000000)
  to   space 21824K,   0% used [0x00000000e5560000, 0x00000000e5560000, 0x00000000e6ab0000)
 concurrent mark-sweep generation total 393216K, used 13693K [0x00000000e8000000, 0x0000000100000000, 0x0000000100000000)
 Metaspace       used 34583K, capacity 35108K, committed 35296K, reserved 1081344K
  class space    used 3622K, capacity 3782K, committed 3836K, reserved 1048576K
2017-03-31T04:57:31.886+0200: 312.612: [GC (Allocation Failure) 2017-03-31T04:57:31.886+0200: 312.612: [ParNew
Desired survivor size 20112992 bytes, new threshold 8 (max 8)
- age   1:    4497008 bytes,    4497008 total
- age   2:    2340112 bytes,    6837120 total
- age   3:      10712 bytes,    6847832 total
- age   4:       5160 bytes,    6852992 total
- age   5:       7224 bytes,    6860216 total
- age   6:       6016 bytes,    6866232 total
- age   7:       3592 bytes,    6869824 total
- age   8:       7016 bytes,    6876840 total
: 99139K->9617K(109248K), 0.0256543 secs] 112832K->23318K(502464K), 0.0257202 secs] [Times: user=0.03 sys=0.00, real=0.02 secs] 
Heap after GC invocations=132 (full 1):
 par new generation   total 109248K, used 9617K [0x00000000e0000000, 0x00000000e8000000, 0x00000000e8000000)
  eden space 87424K,   0% used [0x00000000e0000000, 0x00000000e0000000, 0x00000000e5560000)
  from space 21824K,  44% used [0x00000000e5560000, 0x00000000e5ec46c8, 0x00000000e6ab0000)
  to   space 21824K,   0% used [0x00000000e6ab0000, 0x00000000e6ab0000, 0x00000000e8000000)
 concurrent mark-sweep generation total 393216K, used 13700K [0x00000000e8000000, 0x0000000100000000, 0x0000000100000000)
 Metaspace       used 34583K, capacity 35108K, committed 35296K, reserved 1081344K
  class space    used 3622K, capacity 3782K, committed 3836K, reserved 1048576K
}
2017-03-31T04:57:31.912+0200: 312.638: Total time for which application threads were stopped: 0.0259089 seconds, Stopping threads took: 0.0000281 seconds
{Heap before GC invocations=132 (full 1):
 par new generation   total 109248K, used 97041K [0x00000000e0000000, 0x00000000e8000000, 0x00000000e8000000)
  eden space 87424K, 100% used [0x00000000e0000000, 0x00000000e5560000, 0x00000000e5560000)
  from space 21824K,  44% used [0x00000000e5560000, 0x00000000e5ec46c8, 0x00000000e6ab0000)
  to   space 21824K,   0% used [0x00000000e6ab0000, 0x00000000e6ab0000, 0x00000000e8000000)
 concurrent mark-sweep generation total 393216K, used 13700K [0x00000000e8000000, 0x0000000100000000, 0x0000000100000000)
 Metaspace       used 34583K, capacity 35108K, committed 35296K, reserved 1081344K
  class space    used 3622K, capacity 3782K, committed 3836K, reserved 1048576K
2017-03-31T04:57:32.196+0200: 312.923: [GC (Allocation Failure) 2017-03-31T04:57:32.196+0200: 312.923: [ParNew
Desired survivor size 20112992 bytes, new threshold 8 (max 8)
- age   1:    3347048 bytes,    3347048 total
- age   2:    3812168 bytes,    7159216 total
- age   3:    2037248 bytes,    9196464 total
- age   4:      10712 bytes,    9207176 total
- age   5:       5160 bytes,    9212336 total
- age   6:       7224 bytes,    9219560 total
- age   7:       6016 bytes,    9225576 total
- age   8:       3592 bytes,    9229168 total
: 97041K->11026K(109248K), 0.0379032 secs] 110742K->24733K(502464K), 0.0379767 secs] [Times: user=0.03 sys=0.00, real=0.02 secs] 
Heap after GC invocations=133 (full 1):
 par new generation   total 109248K, used 11026K [0x00000000e0000000, 0x00000000e8000000, 0x00000000e8000000)
  eden space 87424K,   0% used [0x00000000e0000000, 0x00000000e0000000, 0x00000000e5560000)
  from space 21824K,  50% used [0x00000000e6ab0000, 0x00000000e7574958, 0x00000000e8000000)
  to   space 21824K,   0% used [0x00000000e5560000, 0x00000000e5560000, 0x00000000e6ab0000)
 concurrent mark-sweep generation total 393216K, used 13707K [0x00000000e8000000, 0x0000000100000000, 0x0000000100000000)
 Metaspace       used 34583K, capacity 35108K, committed 35296K, reserved 1081344K
  class space    used 3622K, capacity 3782K, committed 3836K, reserved 1048576K
}
2017-03-31T04:57:32.234+0200: 312.961: Total time for which application threads were stopped: 0.0382024 seconds, Stopping threads took: 0.0000361 seconds
{Heap before GC invocations=133 (full 1):
 par new generation   total 109248K, used 98450K [0x00000000e0000000, 0x00000000e8000000, 0x00000000e8000000)
  eden space 87424K, 100% used [0x00000000e0000000, 0x00000000e5560000, 0x00000000e5560000)
  from space 21824K,  50% used [0x00000000e6ab0000, 0x00000000e7574958, 0x00000000e8000000)
  to   space 21824K,   0% used [0x00000000e5560000, 0x00000000e5560000, 0x00000000e6ab0000)
 concurrent mark-sweep generation total 393216K, used 13707K [0x00000000e8000000, 0x0000000100000000, 0x0000000100000000)
 Metaspace       used 34583K, capacity 35108K, committed 35296K, reserved 1081344K
  class space    used 3622K, capacity 3782K, committed 3836K, reserved 1048576K
2017-03-31T04:57:32.788+0200: 313.514: [GC (Allocation Failure) 2017-03-31T04:57:32.788+0200: 313.514: [ParNew
Desired survivor size 20112992 bytes, new threshold 8 (max 8)
- age   1:    3727472 bytes,    3727472 total
- age   2:    2890784 bytes,    6618256 total
- age   3:    1080760 bytes,    7699016 total
- age   4:       8216 bytes,    7707232 total
- age   5:      10712 bytes,    7717944 total
- age   6:       5096 bytes,    7723040 total
- age   7:       7224 bytes,    7730264 total
- age   8:       6016 bytes,    7736280 total
: 98450K->13229K(109248K), 0.0382267 secs] 112157K->26940K(502464K), 0.0383129 secs] [Times: user=0.03 sys=0.00, real=0.03 secs] 
Heap after GC invocations=134 (full 1):
 par new generation   total 109248K, used 13229K [0x00000000e0000000, 0x00000000e8000000, 0x00000000e8000000)
  eden space 87424K,   0% used [0x00000000e0000000, 0x00000000e0000000, 0x00000000e5560000)
  from space 21824K,  60% used [0x00000000e5560000, 0x00000000e624b6e8, 0x00000000e6ab0000)
  to   space 21824K,   0% used [0x00000000e6ab0000, 0x00000000e6ab0000, 0x00000000e8000000)
 concurrent mark-sweep generation total 393216K, used 13711K [0x00000000e8000000, 0x0000000100000000, 0x0000000100000000)
 Metaspace       used 34583K, capacity 35108K, committed 35296K, reserved 1081344K
  class space    used 3622K, capacity 3782K, committed 3836K, reserved 1048576K
}
2017-03-31T04:57:32.826+0200: 313.553: Total time for which application threads were stopped: 0.0385767 seconds, Stopping threads took: 0.0001154 seconds
{Heap before GC invocations=134 (full 1):
 par new generation   total 109248K, used 100635K [0x00000000e0000000, 0x00000000e8000000, 0x00000000e8000000)
  eden space 87424K,  99% used [0x00000000e0000000, 0x00000000e555b7e8, 0x00000000e5560000)
  from space 21824K,  60% used [0x00000000e5560000, 0x00000000e624b6e8, 0x00000000e6ab0000)
  to   space 21824K,   0% used [0x00000000e6ab0000, 0x00000000e6ab0000, 0x00000000e8000000)
 concurrent mark-sweep generation total 393216K, used 13711K [0x00000000e8000000, 0x0000000100000000, 0x0000000100000000)
 Metaspace       used 34583K, capacity 35108K, committed 35296K, reserved 1081344K
  class space    used 3622K, capacity 3782K, committed 3836K, reserved 1048576K
2017-03-31T04:57:33.323+0200: 314.049: [GC (Allocation Failure) 2017-03-31T04:57:33.323+0200: 314.049: [ParNew
Desired survivor size 20112992 bytes, new threshold 8 (max 8)
- age   1:    4509952 bytes,    4509952 total
- age   2:    2534800 bytes,    7044752 total
- age   3:       3896 bytes,    7048648 total
- age   4:       7488 bytes,    7056136 total
- age   5:       7832 bytes,    7063968 total
- age   6:      10712 bytes,    7074680 total
- age   7:       5096 bytes,    7079776 total
- age   8:       7200 bytes,    7086976 total
: 100635K->9446K(109248K), 0.0347927 secs] 114346K->23163K(502464K), 0.0348696 secs] [Times: user=0.03 sys=0.00, real=0.04 secs] 
Heap after GC invocations=135 (full 1):
 par new generation   total 109248K, used 9446K [0x00000000e0000000, 0x00000000e8000000, 0x00000000e8000000)
  eden space 87424K,   0% used [0x00000000e0000000, 0x00000000e0000000, 0x00000000e5560000)
  from space 21824K,  43% used [0x00000000e6ab0000, 0x00000000e73e9ae0, 0x00000000e8000000)
  to   space 21824K,   0% used [0x00000000e5560000, 0x00000000e5560000, 0x00000000e6ab0000)
 concurrent mark-sweep generation total 393216K, used 13716K [0x00000000e8000000, 0x0000000100000000, 0x0000000100000000)
 Metaspace       used 34583K, capacity 35108K, committed 35296K, reserved 1081344K
  class space    used 3622K, capacity 3782K, committed 3836K, reserved 1048576K
}
2017-03-31T04:57:33.357+0200: 314.084: Total time for which application threads were stopped: 0.0351368 seconds, Stopping threads took: 0.0000405 seconds
{Heap before GC invocations=135 (full 1):
 par new generation   total 109248K, used 96870K [0x00000000e0000000, 0x00000000e8000000, 0x00000000e8000000)
  eden space 87424K, 100% used [0x00000000e0000000, 0x00000000e5560000, 0x00000000e5560000)
  from space 21824K,  43% used [0x00000000e6ab0000, 0x00000000e73e9ae0, 0x00000000e8000000)
  to   space 21824K,   0% used [0x00000000e5560000, 0x00000000e5560000, 0x00000000e6ab0000)
 concurrent mark-sweep generation total 393216K, used 13716K [0x00000000e8000000, 0x0000000100000000, 0x0000000100000000)
 Metaspace       used 34583K, capacity 35108K, committed 35296K, reserved 1081344K
  class space    used 3622K, capacity 3782K, committed 3836K, reserved 1048576K
2017-03-31T04:57:33.703+0200: 314.430: [GC (Allocation Failure) 2017-03-31T04:57:33.703+0200: 314.430: [ParNew
Desired survivor size 20112992 bytes, new threshold 8 (max 8)
- age   1:    3196736 bytes,    3196736 total
- age   2:    1985760 bytes,    5182496 total
- age   3:       6488 bytes,    5188984 total
- age   4:       3896 bytes,    5192880 total
- age   5:       7160 bytes,    5200040 total
- age   6:       7192 bytes,    5207232 total
- age   7:      10712 bytes,    5217944 total
- age   8:       4968 bytes,    5222912 total
: 96870K->7080K(109248K), 0.0208168 secs] 110587K->20804K(502464K), 0.0208875 secs] [Times: user=0.02 sys=0.00, real=0.02 secs] 
Heap after GC invocations=136 (full 1):
 par new generation   total 109248K, used 7080K [0x00000000e0000000, 0x00000000e8000000, 0x00000000e8000000)
  eden space 87424K,   0% used [0x00000000e0000000, 0x00000000e0000000, 0x00000000e5560000)
  from space 21824K,  32% used [0x00000000e5560000, 0x00000000e5c4a000, 0x00000000e6ab0000)
  to   space 21824K,   0% used [0x00000000e6ab0000, 0x00000000e6ab0000, 0x00000000e8000000)
 concurrent mark-sweep generation total 393216K, used 13724K [0x00000000e8000000, 0x0000000100000000, 0x0000000100000000)
 Metaspace       used 34583K, capacity 35108K, committed 35296K, reserved 1081344K
  class space    used 3622K, capacity 3782K, committed 3836K, reserved 1048576K
}
2017-03-31T04:57:33.724+0200: 314.451: Total time for which application threads were stopped: 0.0212535 seconds, Stopping threads took: 0.0000917 seconds
{Heap before GC invocations=136 (full 1):
 par new generation   total 109248K, used 94504K [0x00000000e0000000, 0x00000000e8000000, 0x00000000e8000000)
  eden space 87424K, 100% used [0x00000000e0000000, 0x00000000e5560000, 0x00000000e5560000)
  from space 21824K,  32% used [0x00000000e5560000, 0x00000000e5c4a000, 0x00000000e6ab0000)
  to   space 21824K,   0% used [0x00000000e6ab0000, 0x00000000e6ab0000, 0x00000000e8000000)
 concurrent mark-sweep generation total 393216K, used 13724K [0x00000000e8000000, 0x0000000100000000, 0x0000000100000000)
 Metaspace       used 34583K, capacity 35108K, committed 35296K, reserved 1081344K
  class space    used 3622K, capacity 3782K, committed 3836K, reserved 1048576K
2017-03-31T04:57:34.051+0200: 314.778: [GC (Allocation Failure) 2017-03-31T04:57:34.051+0200: 314.778: [ParNew
Desired survivor size 20112992 bytes, new threshold 8 (max 8)
- age   1:    4286784 bytes,    4286784 total
- age   2:     478768 bytes,    4765552 total
- age   3:      89120 bytes,    4854672 total
- age   4:       6296 bytes,    4860968 total
- age   5:       3896 bytes,    4864864 total
- age   6:       7032 bytes,    4871896 total
- age   7:       7168 bytes,    4879064 total
- age   8:      10496 bytes,    4889560 total
: 94504K->6994K(109248K), 0.0280901 secs] 108228K->20723K(502464K), 0.0281663 secs] [Times: user=0.02 sys=0.00, real=0.03 secs] 
Heap after GC invocations=137 (full 1):
 par new generation   total 109248K, used 6994K [0x00000000e0000000, 0x00000000e8000000, 0x00000000e8000000)
  eden space 87424K,   0% used [0x00000000e0000000, 0x00000000e0000000, 0x00000000e5560000)
  from space 21824K,  32% used [0x00000000e6ab0000, 0x00000000e71848e0, 0x00000000e8000000)
  to   space 21824K,   0% used [0x00000000e5560000, 0x00000000e5560000, 0x00000000e6ab0000)
 concurrent mark-sweep generation total 393216K, used 13728K [0x00000000e8000000, 0x0000000100000000, 0x0000000100000000)
 Metaspace       used 34583K, capacity 35108K, committed 35296K, reserved 1081344K
  class space    used 3622K, capacity 3782K, committed 3836K, reserved 1048576K
}
2017-03-31T04:57:34.079+0200: 314.806: Total time for which application threads were stopped: 0.0283415 seconds, Stopping threads took: 0.0000218 seconds
{Heap before GC invocations=137 (full 1):
 par new generation   total 109248K, used 94418K [0x00000000e0000000, 0x00000000e8000000, 0x00000000e8000000)
  eden space 87424K, 100% used [0x00000000e0000000, 0x00000000e5560000, 0x00000000e5560000)
  from space 21824K,  32% used [0x00000000e6ab0000, 0x00000000e71848e0, 0x00000000e8000000)
  to   space 21824K,   0% used [0x00000000e5560000, 0x00000000e5560000, 0x00000000e6ab0000)
 concurrent mark-sweep generation total 393216K, used 13728K [0x00000000e8000000, 0x0000000100000000, 0x0000000100000000)
 Metaspace       used 34583K, capacity 35108K, committed 35296K, reserved 1081344K
  class space    used 3622K, capacity 3782K, committed 3836K, reserved 1048576K
2017-03-31T04:57:34.508+0200: 315.234: [GC (Allocation Failure) 2017-03-31T04:57:34.508+0200: 315.234: [ParNew
Desired survivor size 20112992 bytes, new threshold 8 (max 8)
- age   1:    3734312 bytes,    3734312 total
- age   2:    3675576 bytes,    7409888 total
- age   3:      11464 bytes,    7421352 total
- age   4:       8160 bytes,    7429512 total
- age   5:       6232 bytes,    7435744 total
- age   6:       3896 bytes,    7439640 total
- age   7:       7032 bytes,    7446672 total
- age   8:       7168 bytes,    7453840 total
: 94418K->8843K(109248K), 0.0274160 secs] 108147K->22582K(502464K), 0.0274882 secs] [Times: user=0.03 sys=0.00, real=0.03 secs] 
Heap after GC invocations=138 (full 1):
 par new generation   total 109248K, used 8843K [0x00000000e0000000, 0x00000000e8000000, 0x00000000e8000000)
  eden space 87424K,   0% used [0x00000000e0000000, 0x00000000e0000000, 0x00000000e5560000)
  from space 21824K,  40% used [0x00000000e5560000, 0x00000000e5e02c90, 0x00000000e6ab0000)
  to   space 21824K,   0% used [0x00000000e6ab0000, 0x00000000e6ab0000, 0x00000000e8000000)
 concurrent mark-sweep generation total 393216K, used 13739K [0x00000000e8000000, 0x0000000100000000, 0x0000000100000000)
 Metaspace       used 34583K, capacity 35108K, committed 35296K, reserved 1081344K
  class space    used 3622K, capacity 3782K, committed 3836K, reserved 1048576K
}
2017-03-31T04:57:34.535+0200: 315.262: Total time for which application threads were stopped: 0.0276603 seconds, Stopping threads took: 0.0000341 seconds
{Heap before GC invocations=138 (full 1):
 par new generation   total 109248K, used 96267K [0x00000000e0000000, 0x00000000e8000000, 0x00000000e8000000)
  eden space 87424K, 100% used [0x00000000e0000000, 0x00000000e5560000, 0x00000000e5560000)
  from space 21824K,  40% used [0x00000000e5560000, 0x00000000e5e02c90, 0x00000000e6ab0000)
  to   space 21824K,   0% used [0x00000000e6ab0000, 0x00000000e6ab0000, 0x00000000e8000000)
 concurrent mark-sweep generation total 393216K, used 13739K [0x00000000e8000000, 0x0000000100000000, 0x0000000100000000)
 Metaspace       used 34583K, capacity 35108K, committed 35296K, reserved 1081344K
  class space    used 3622K, capacity 3782K, committed 3836K, reserved 1048576K
2017-03-31T04:57:34.936+0200: 315.663: [GC (Allocation Failure) 2017-03-31T04:57:34.937+0200: 315.663: [ParNew
Desired survivor size 20112992 bytes, new threshold 8 (max 8)
- age   1:    4148928 bytes,    4148928 total
- age   2:    2248440 bytes,    6397368 total
- age   3:       4208 bytes,    6401576 total
- age   4:      11464 bytes,    6413040 total
- age   5:       7968 bytes,    6421008 total
- age   6:       6232 bytes,    6427240 total
- age   7:       3872 bytes,    6431112 total
- age   8:       7032 bytes,    6438144 total
: 96267K->11971K(109248K), 0.0393511 secs] 110006K->25718K(502464K), 0.0394312 secs] [Times: user=0.04 sys=0.00, real=0.04 secs] 
Heap after GC invocations=139 (full 1):
 par new generation   total 109248K, used 11971K [0x00000000e0000000, 0x00000000e8000000, 0x00000000e8000000)
  eden space 87424K,   0% used [0x00000000e0000000, 0x00000000e0000000, 0x00000000e5560000)
  from space 21824K,  54% used [0x00000000e6ab0000, 0x00000000e7660f00, 0x00000000e8000000)
  to   space 21824K,   0% used [0x00000000e5560000, 0x00000000e5560000, 0x00000000e6ab0000)
 concurrent mark-sweep generation total 393216K, used 13746K [0x00000000e8000000, 0x0000000100000000, 0x0000000100000000)
 Metaspace       used 34583K, capacity 35108K, committed 35296K, reserved 1081344K
  class space    used 3622K, capacity 3782K, committed 3836K, reserved 1048576K
}
2017-03-31T04:57:34.976+0200: 315.702: Total time for which application threads were stopped: 0.0395987 seconds, Stopping threads took: 0.0000339 seconds
{Heap before GC invocations=139 (full 1):
 par new generation   total 109248K, used 99395K [0x00000000e0000000, 0x00000000e8000000, 0x00000000e8000000)
  eden space 87424K, 100% used [0x00000000e0000000, 0x00000000e5560000, 0x00000000e5560000)
  from space 21824K,  54% used [0x00000000e6ab0000, 0x00000000e7660f00, 0x00000000e8000000)
  to   space 21824K,   0% used [0x00000000e5560000, 0x00000000e5560000, 0x00000000e6ab0000)
 concurrent mark-sweep generation total 393216K, used 13746K [0x00000000e8000000, 0x0000000100000000, 0x0000000100000000)
 Metaspace       used 34583K, capacity 35108K, committed 35296K, reserved 1081344K
  class space    used 3622K, capacity 3782K, committed 3836K, reserved 1048576K
2017-03-31T04:57:35.230+0200: 315.956: [GC (Allocation Failure) 2017-03-31T04:57:35.230+0200: 315.956: [ParNew
Desired survivor size 20112992 bytes, new threshold 8 (max 8)
- age   1:    3239840 bytes,    3239840 total
- age   2:    3816320 bytes,    7056160 total
- age   3:    2021864 bytes,    9078024 total
- age   4:       4208 bytes,    9082232 total
- age   5:      11464 bytes,    9093696 total
- age   6:       7944 bytes,    9101640 total
- age   7:       6232 bytes,    9107872 total
- age   8:       3872 bytes,    9111744 total
: 99395K->10701K(109248K), 0.0272280 secs] 113142K->24454K(502464K), 0.0272901 secs] [Times: user=0.02 sys=0.00, real=0.03 secs] 
Heap after GC invocations=140 (full 1):
 par new generation   total 109248K, used 10701K [0x00000000e0000000, 0x00000000e8000000, 0x00000000e8000000)
  eden space 87424K,   0% used [0x00000000e0000000, 0x00000000e0000000, 0x00000000e5560000)
  from space 21824K,  49% used [0x00000000e5560000, 0x00000000e5fd3500, 0x00000000e6ab0000)
  to   space 21824K,   0% used [0x00000000e6ab0000, 0x00000000e6ab0000, 0x00000000e8000000)
 concurrent mark-sweep generation total 393216K, used 13753K [0x00000000e8000000, 0x0000000100000000, 0x0000000100000000)
 Metaspace       used 34583K, capacity 35108K, committed 35296K, reserved 1081344K
  class space    used 3622K, capacity 3782K, committed 3836K, reserved 1048576K
}
2017-03-31T04:57:35.257+0200: 315.984: Total time for which application threads were stopped: 0.0274701 seconds, Stopping threads took: 0.0000285 seconds
{Heap before GC invocations=140 (full 1):
 par new generation   total 109248K, used 98125K [0x00000000e0000000, 0x00000000e8000000, 0x00000000e8000000)
  eden space 87424K, 100% used [0x00000000e0000000, 0x00000000e5560000, 0x00000000e5560000)
  from space 21824K,  49% used [0x00000000e5560000, 0x00000000e5fd3500, 0x00000000e6ab0000)
  to   space 21824K,   0% used [0x00000000e6ab0000, 0x00000000e6ab0000, 0x00000000e8000000)
 concurrent mark-sweep generation total 393216K, used 13753K [0x00000000e8000000, 0x0000000100000000, 0x0000000100000000)
 Metaspace       used 34583K, capacity 35108K, committed 35296K, reserved 1081344K
  class space    used 3622K, capacity 3782K, committed 3836K, reserved 1048576K
2017-03-31T04:57:35.670+0200: 316.396: [GC (Allocation Failure) 2017-03-31T04:57:35.670+0200: 316.396: [ParNew
Desired survivor size 20112992 bytes, new threshold 8 (max 8)
- age   1:    3710728 bytes,    3710728 total
- age   2:    2934728 bytes,    6645456 total
- age   3:    1218288 bytes,    7863744 total
- age   4:       6832 bytes,    7870576 total
- age   5:       4144 bytes,    7874720 total
- age   6:       5888 bytes,    7880608 total
- age   7:       7272 bytes,    7887880 total
- age   8:       6232 bytes,    7894112 total
: 98125K->12849K(109248K), 0.0276663 secs] 111878K->26606K(502464K), 0.0277447 secs] [Times: user=0.03 sys=0.00, real=0.03 secs] 
Heap after GC invocations=141 (full 1):
 par new generation   total 109248K, used 12849K [0x00000000e0000000, 0x00000000e8000000, 0x00000000e8000000)
  eden space 87424K,   0% used [0x00000000e0000000, 0x00000000e0000000, 0x00000000e5560000)
  from space 21824K,  58% used [0x00000000e6ab0000, 0x00000000e773c580, 0x00000000e8000000)
  to   space 21824K,   0% used [0x00000000e5560000, 0x00000000e5560000, 0x00000000e6ab0000)
 concurrent mark-sweep generation total 393216K, used 13757K [0x00000000e8000000, 0x0000000100000000, 0x0000000100000000)
 Metaspace       used 34583K, capacity 35108K, committed 35296K, reserved 1081344K
  class space    used 3622K, capacity 3782K, committed 3836K, reserved 1048576K
}
2017-03-31T04:57:35.698+0200: 316.424: Total time for which application threads were stopped: 0.0280121 seconds, Stopping threads took: 0.0001018 seconds
{Heap before GC invocations=141 (full 1):
 par new generation   total 109248K, used 100273K [0x00000000e0000000, 0x00000000e8000000, 0x00000000e8000000)
  eden space 87424K, 100% used [0x00000000e0000000, 0x00000000e5560000, 0x00000000e5560000)
  from space 21824K,  58% used [0x00000000e6ab0000, 0x00000000e773c580, 0x00000000e8000000)
  to   space 21824K,   0% used [0x00000000e5560000, 0x00000000e5560000, 0x00000000e6ab0000)
 concurrent mark-sweep generation total 393216K, used 13757K [0x00000000e8000000, 0x0000000100000000, 0x0000000100000000)
 Metaspace       used 34583K, capacity 35108K, committed 35296K, reserved 1081344K
  class space    used 3622K, capacity 3782K, committed 3836K, reserved 1048576K
2017-03-31T04:57:36.277+0200: 317.003: [GC (Allocation Failure) 2017-03-31T04:57:36.277+0200: 317.003: [ParNew
Desired survivor size 20112992 bytes, new threshold 8 (max 8)
- age   1:    4623600 bytes,    4623600 total
- age   2:    2373192 bytes,    6996792 total
- age   3:       3576 bytes,    7000368 total
- age   4:       7272 bytes,    7007640 total
- age   5:       6832 bytes,    7014472 total
- age   6:       4144 bytes,    7018616 total
- age   7:       5888 bytes,    7024504 total
- age   8:       7144 bytes,    7031648 total
: 100273K->10347K(109248K), 0.0317374 secs] 114030K->24111K(502464K), 0.0318038 secs] [Times: user=0.03 sys=0.00, real=0.04 secs] 
Heap after GC invocations=142 (full 1):
 par new generation   total 109248K, used 10347K [0x00000000e0000000, 0x00000000e8000000, 0x00000000e8000000)
  eden space 87424K,   0% used [0x00000000e0000000, 0x00000000e0000000, 0x00000000e5560000)
  from space 21824K,  47% used [0x00000000e5560000, 0x00000000e5f7aff8, 0x00000000e6ab0000)
  to   space 21824K,   0% used [0x00000000e6ab0000, 0x00000000e6ab0000, 0x00000000e8000000)
 concurrent mark-sweep generation total 393216K, used 13763K [0x00000000e8000000, 0x0000000100000000, 0x0000000100000000)
 Metaspace       used 34583K, capacity 35108K, committed 35296K, reserved 1081344K
  class space    used 3622K, capacity 3782K, committed 3836K, reserved 1048576K
}
2017-03-31T04:57:36.309+0200: 317.035: Total time for which application threads were stopped: 0.0319594 seconds, Stopping threads took: 0.0000298 seconds
{Heap before GC invocations=142 (full 1):
 par new generation   total 109248K, used 97771K [0x00000000e0000000, 0x00000000e8000000, 0x00000000e8000000)
  eden space 87424K, 100% used [0x00000000e0000000, 0x00000000e5560000, 0x00000000e5560000)
  from space 21824K,  47% used [0x00000000e5560000, 0x00000000e5f7aff8, 0x00000000e6ab0000)
  to   space 21824K,   0% used [0x00000000e6ab0000, 0x00000000e6ab0000, 0x00000000e8000000)
 concurrent mark-sweep generation total 393216K, used 13763K [0x00000000e8000000, 0x0000000100000000, 0x0000000100000000)
 Metaspace       used 34586K, capacity 35108K, committed 35296K, reserved 1081344K
  class space    used 3623K, capacity 3782K, committed 3836K, reserved 1048576K
2017-03-31T04:57:36.622+0200: 317.348: [GC (Allocation Failure) 2017-03-31T04:57:36.622+0200: 317.348: [ParNew
Desired survivor size 20112992 bytes, new threshold 8 (max 8)
- age   1:    3322384 bytes,    3322384 total
- age   2:    2015344 bytes,    5337728 total
- age   3:      15648 bytes,    5353376 total
- age   4:       3576 bytes,    5356952 total
- age   5:       7144 bytes,    5364096 total
- age   6:       6768 bytes,    5370864 total
- age   7:       4080 bytes,    5374944 total
- age   8:       5864 bytes,    5380808 total
: 97771K->7910K(109248K), 0.0223996 secs] 111535K->21681K(502464K), 0.0224738 secs] [Times: user=0.02 sys=0.00, real=0.02 secs] 
Heap after GC invocations=143 (full 1):
 par new generation   total 109248K, used 7910K [0x00000000e0000000, 0x00000000e8000000, 0x00000000e8000000)
  eden space 87424K,   0% used [0x00000000e0000000, 0x00000000e0000000, 0x00000000e5560000)
  from space 21824K,  36% used [0x00000000e6ab0000, 0x00000000e7269a08, 0x00000000e8000000)
  to   space 21824K,   0% used [0x00000000e5560000, 0x00000000e5560000, 0x00000000e6ab0000)
 concurrent mark-sweep generation total 393216K, used 13770K [0x00000000e8000000, 0x0000000100000000, 0x0000000100000000)
 Metaspace       used 34586K, capacity 35108K, committed 35296K, reserved 1081344K
  class space    used 3623K, capacity 3782K, committed 3836K, reserved 1048576K
}
2017-03-31T04:57:36.644+0200: 317.371: Total time for which application threads were stopped: 0.0226639 seconds, Stopping threads took: 0.0000331 seconds
{Heap before GC invocations=143 (full 1):
 par new generation   total 109248K, used 95334K [0x00000000e0000000, 0x00000000e8000000, 0x00000000e8000000)
  eden space 87424K, 100% used [0x00000000e0000000, 0x00000000e5560000, 0x00000000e5560000)
  from space 21824K,  36% used [0x00000000e6ab0000, 0x00000000e7269a08, 0x00000000e8000000)
  to   space 21824K,   0% used [0x00000000e5560000, 0x00000000e5560000, 0x00000000e6ab0000)
 concurrent mark-sweep generation total 393216K, used 13770K [0x00000000e8000000, 0x0000000100000000, 0x0000000100000000)
 Metaspace       used 34586K, capacity 35108K, committed 35296K, reserved 1081344K
  class space    used 3623K, capacity 3782K, committed 3836K, reserved 1048576K
2017-03-31T04:57:36.988+0200: 317.715: [GC (Allocation Failure) 2017-03-31T04:57:36.988+0200: 317.715: [ParNew
Desired survivor size 20112992 bytes, new threshold 8 (max 8)
- age   1:    3942008 bytes,    3942008 total
- age   2:    2759160 bytes,    6701168 total
- age   3:    1621544 bytes,    8322712 total
- age   4:      11104 bytes,    8333816 total
- age   5:       3576 bytes,    8337392 total
- age   6:       7080 bytes,    8344472 total
- age   7:       6768 bytes,    8351240 total
- age   8:       4016 bytes,    8355256 total
: 95334K->9973K(109248K), 0.0248316 secs] 109105K->23749K(502464K), 0.0249050 secs] [Times: user=0.02 sys=0.00, real=0.02 secs] 
Heap after GC invocations=144 (full 1):
 par new generation   total 109248K, used 9973K [0x00000000e0000000, 0x00000000e8000000, 0x00000000e8000000)
  eden space 87424K,   0% used [0x00000000e0000000, 0x00000000e0000000, 0x00000000e5560000)
  from space 21824K,  45% used [0x00000000e5560000, 0x00000000e5f1d490, 0x00000000e6ab0000)
  to   space 21824K,   0% used [0x00000000e6ab0000, 0x00000000e6ab0000, 0x00000000e8000000)
 concurrent mark-sweep generation total 393216K, used 13776K [0x00000000e8000000, 0x0000000100000000, 0x0000000100000000)
 Metaspace       used 34586K, capacity 35108K, committed 35296K, reserved 1081344K
  class space    used 3623K, capacity 3782K, committed 3836K, reserved 1048576K
}
2017-03-31T04:57:37.013+0200: 317.740: Total time for which application threads were stopped: 0.0276271 seconds, Stopping threads took: 0.0025567 seconds
{Heap before GC invocations=144 (full 1):
 par new generation   total 109248K, used 97397K [0x00000000e0000000, 0x00000000e8000000, 0x00000000e8000000)
  eden space 87424K, 100% used [0x00000000e0000000, 0x00000000e5560000, 0x00000000e5560000)
  from space 21824K,  45% used [0x00000000e5560000, 0x00000000e5f1d490, 0x00000000e6ab0000)
  to   space 21824K,   0% used [0x00000000e6ab0000, 0x00000000e6ab0000, 0x00000000e8000000)
 concurrent mark-sweep generation total 393216K, used 13776K [0x00000000e8000000, 0x0000000100000000, 0x0000000100000000)
 Metaspace       used 34586K, capacity 35108K, committed 35296K, reserved 1081344K
  class space    used 3623K, capacity 3782K, committed 3836K, reserved 1048576K
2017-03-31T04:57:37.451+0200: 318.177: [GC (Allocation Failure) 2017-03-31T04:57:37.451+0200: 318.177: [ParNew
Desired survivor size 20112992 bytes, new threshold 8 (max 8)
- age   1:    4508640 bytes,    4508640 total
- age   2:    2751552 bytes,    7260192 total
- age   3:       4824 bytes,    7265016 total
- age   4:       9816 bytes,    7274832 total
- age   5:      10064 bytes,    7284896 total
- age   6:       3552 bytes,    7288448 total
- age   7:       7080 bytes,    7295528 total
- age   8:       6768 bytes,    7302296 total
: 97397K->11955K(109248K), 0.0279192 secs] 111173K->25736K(502464K), 0.0279837 secs] [Times: user=0.02 sys=0.00, real=0.03 secs] 
Heap after GC invocations=145 (full 1):
 par new generation   total 109248K, used 11955K [0x00000000e0000000, 0x00000000e8000000, 0x00000000e8000000)
  eden space 87424K,   0% used [0x00000000e0000000, 0x00000000e0000000, 0x00000000e5560000)
  from space 21824K,  54% used [0x00000000e6ab0000, 0x00000000e765cfc8, 0x00000000e8000000)
  to   space 21824K,   0% used [0x00000000e5560000, 0x00000000e5560000, 0x00000000e6ab0000)
 concurrent mark-sweep generation total 393216K, used 13780K [0x00000000e8000000, 0x0000000100000000, 0x0000000100000000)
 Metaspace       used 34586K, capacity 35108K, committed 35296K, reserved 1081344K
  class space    used 3623K, capacity 3782K, committed 3836K, reserved 1048576K
}
2017-03-31T04:57:37.479+0200: 318.205: Total time for which application threads were stopped: 0.0281473 seconds, Stopping threads took: 0.0000361 seconds
{Heap before GC invocations=145 (full 1):
 par new generation   total 109248K, used 99379K [0x00000000e0000000, 0x00000000e8000000, 0x00000000e8000000)
  eden space 87424K, 100% used [0x00000000e0000000, 0x00000000e5560000, 0x00000000e5560000)
  from space 21824K,  54% used [0x00000000e6ab0000, 0x00000000e765cfc8, 0x00000000e8000000)
  to   space 21824K,   0% used [0x00000000e5560000, 0x00000000e5560000, 0x00000000e6ab0000)
 concurrent mark-sweep generation total 393216K, used 13780K [0x00000000e8000000, 0x0000000100000000, 0x0000000100000000)
 Metaspace       used 34586K, capacity 35108K, committed 35296K, reserved 1081344K
  class space    used 3623K, capacity 3782K, committed 3836K, reserved 1048576K
2017-03-31T04:57:37.874+0200: 318.601: [GC (Allocation Failure) 2017-03-31T04:57:37.874+0200: 318.601: [ParNew
Desired survivor size 20112992 bytes, new threshold 8 (max 8)
- age   1:    4119888 bytes,    4119888 total
- age   2:    2155776 bytes,    6275664 total
- age   3:      10648 bytes,    6286312 total
- age   4:       4800 bytes,    6291112 total
- age   5:       9816 bytes,    6300928 total
- age   6:      10064 bytes,    6310992 total
- age   7:       3552 bytes,    6314544 total
- age   8:       7080 bytes,    6321624 total
: 99379K->8726K(109248K), 0.0207870 secs] 113160K->22513K(502464K), 0.0208521 secs] [Times: user=0.02 sys=0.00, real=0.02 secs] 
Heap after GC invocations=146 (full 1):
 par new generation   total 109248K, used 8726K [0x00000000e0000000, 0x00000000e8000000, 0x00000000e8000000)
  eden space 87424K,   0% used [0x00000000e0000000, 0x00000000e0000000, 0x00000000e5560000)
  from space 21824K,  39% used [0x00000000e5560000, 0x00000000e5de5bd0, 0x00000000e6ab0000)
  to   space 21824K,   0% used [0x00000000e6ab0000, 0x00000000e6ab0000, 0x00000000e8000000)
 concurrent mark-sweep generation total 393216K, used 13787K [0x00000000e8000000, 0x0000000100000000, 0x0000000100000000)
 Metaspace       used 34586K, capacity 35108K, committed 35296K, reserved 1081344K
  class space    used 3623K, capacity 3782K, committed 3836K, reserved 1048576K
}
2017-03-31T04:57:37.895+0200: 318.622: Total time for which application threads were stopped: 0.0210298 seconds, Stopping threads took: 0.0000317 seconds
{Heap before GC invocations=146 (full 1):
 par new generation   total 109248K, used 96150K [0x00000000e0000000, 0x00000000e8000000, 0x00000000e8000000)
  eden space 87424K, 100% used [0x00000000e0000000, 0x00000000e5560000, 0x00000000e5560000)
  from space 21824K,  39% used [0x00000000e5560000, 0x00000000e5de5bd0, 0x00000000e6ab0000)
  to   space 21824K,   0% used [0x00000000e6ab0000, 0x00000000e6ab0000, 0x00000000e8000000)
 concurrent mark-sweep generation total 393216K, used 13787K [0x00000000e8000000, 0x0000000100000000, 0x0000000100000000)
 Metaspace       used 34586K, capacity 35108K, committed 35296K, reserved 1081344K
  class space    used 3623K, capacity 3782K, committed 3836K, reserved 1048576K
2017-03-31T04:57:38.170+0200: 318.896: [GC (Allocation Failure) 2017-03-31T04:57:38.170+0200: 318.896: [ParNew
Desired survivor size 20112992 bytes, new threshold 8 (max 8)
- age   1:    3548984 bytes,    3548984 total
- age   2:    3688496 bytes,    7237480 total
- age   3:    1927280 bytes,    9164760 total
- age   4:      10648 bytes,    9175408 total
- age   5:       4800 bytes,    9180208 total
- age   6:       9816 bytes,    9190024 total
- age   7:      10064 bytes,    9200088 total
- age   8:       3552 bytes,    9203640 total
: 96150K->11157K(109248K), 0.0338974 secs] 109937K->24951K(502464K), 0.0339545 secs] [Times: user=0.03 sys=0.00, real=0.03 secs] 
Heap after GC invocations=147 (full 1):
 par new generation   total 109248K, used 11157K [0x00000000e0000000, 0x00000000e8000000, 0x00000000e8000000)
  eden space 87424K,   0% used [0x00000000e0000000, 0x00000000e0000000, 0x00000000e5560000)
  from space 21824K,  51% used [0x00000000e6ab0000, 0x00000000e7595480, 0x00000000e8000000)
  to   space 21824K,   0% used [0x00000000e5560000, 0x00000000e5560000, 0x00000000e6ab0000)
 concurrent mark-sweep generation total 393216K, used 13794K [0x00000000e8000000, 0x0000000100000000, 0x0000000100000000)
 Metaspace       used 34586K, capacity 35108K, committed 35296K, reserved 1081344K
  class space    used 3623K, capacity 3782K, committed 3836K, reserved 1048576K
}
2017-03-31T04:57:38.204+0200: 318.930: Total time for which application threads were stopped: 0.0341170 seconds, Stopping threads took: 0.0000204 seconds
{Heap before GC invocations=147 (full 1):
 par new generation   total 109248K, used 98581K [0x00000000e0000000, 0x00000000e8000000, 0x00000000e8000000)
  eden space 87424K, 100% used [0x00000000e0000000, 0x00000000e5560000, 0x00000000e5560000)
  from space 21824K,  51% used [0x00000000e6ab0000, 0x00000000e7595480, 0x00000000e8000000)
  to   space 21824K,   0% used [0x00000000e5560000, 0x00000000e5560000, 0x00000000e6ab0000)
 concurrent mark-sweep generation total 393216K, used 13794K [0x00000000e8000000, 0x0000000100000000, 0x0000000100000000)
 Metaspace       used 34586K, capacity 35108K, committed 35296K, reserved 1081344K
  class space    used 3623K, capacity 3782K, committed 3836K, reserved 1048576K
2017-03-31T04:57:38.577+0200: 319.303: [GC (Allocation Failure) 2017-03-31T04:57:38.577+0200: 319.303: [ParNew
Desired survivor size 20112992 bytes, new threshold 8 (max 8)
- age   1:    3798736 bytes,    3798736 total
- age   2:    2810824 bytes,    6609560 total
- age   3:    1080376 bytes,    7689936 total
- age   4:       7520 bytes,    7697456 total
- age   5:      10584 bytes,    7708040 total
- age   6:       4672 bytes,    7712712 total
- age   7:       9624 bytes,    7722336 total
- age   8:      10064 bytes,    7732400 total
: 98581K->13191K(109248K), 0.0383324 secs] 112375K->26988K(502464K), 0.0384148 secs] [Times: user=0.03 sys=0.00, real=0.03 secs] 
Heap after GC invocations=148 (full 1):
 par new generation   total 109248K, used 13191K [0x00000000e0000000, 0x00000000e8000000, 0x00000000e8000000)
  eden space 87424K,   0% used [0x00000000e0000000, 0x00000000e0000000, 0x00000000e5560000)
  from space 21824K,  60% used [0x00000000e5560000, 0x00000000e6241d58, 0x00000000e6ab0000)
  to   space 21824K,   0% used [0x00000000e6ab0000, 0x00000000e6ab0000, 0x00000000e8000000)
 concurrent mark-sweep generation total 393216K, used 13797K [0x00000000e8000000, 0x0000000100000000, 0x0000000100000000)
 Metaspace       used 34586K, capacity 35108K, committed 35296K, reserved 1081344K
  class space    used 3623K, capacity 3782K, committed 3836K, reserved 1048576K
}
2017-03-31T04:57:38.615+0200: 319.342: Total time for which application threads were stopped: 0.0387806 seconds, Stopping threads took: 0.0002068 seconds
{Heap before GC invocations=148 (full 1):
 par new generation   total 109248K, used 100615K [0x00000000e0000000, 0x00000000e8000000, 0x00000000e8000000)
  eden space 87424K, 100% used [0x00000000e0000000, 0x00000000e5560000, 0x00000000e5560000)
  from space 21824K,  60% used [0x00000000e5560000, 0x00000000e6241d58, 0x00000000e6ab0000)
  to   space 21824K,   0% used [0x00000000e6ab0000, 0x00000000e6ab0000, 0x00000000e8000000)
 concurrent mark-sweep generation total 393216K, used 13797K [0x00000000e8000000, 0x0000000100000000, 0x0000000100000000)
 Metaspace       used 34586K, capacity 35108K, committed 35296K, reserved 1081344K
  class space    used 3623K, capacity 3782K, committed 3836K, reserved 1048576K
2017-03-31T04:57:39.091+0200: 319.817: [GC (Allocation Failure) 2017-03-31T04:57:39.091+0200: 319.817: [ParNew
Desired survivor size 20112992 bytes, new threshold 8 (max 8)
- age   1:    4502832 bytes,    4502832 total
- age   2:    2550120 bytes,    7052952 total
- age   3:       4008 bytes,    7056960 total
- age   4:       7240 bytes,    7064200 total
- age   5:       7392 bytes,    7071592 total
- age   6:      10584 bytes,    7082176 total
- age   7:       4672 bytes,    7086848 total
- age   8:       9624 bytes,    7096472 total
: 100615K->9390K(109248K), 0.0225122 secs] 114412K->23198K(502464K), 0.0225831 secs] [Times: user=0.02 sys=0.00, real=0.02 secs] 
Heap after GC invocations=149 (full 1):
 par new generation   total 109248K, used 9390K [0x00000000e0000000, 0x00000000e8000000, 0x00000000e8000000)
  eden space 87424K,   0% used [0x00000000e0000000, 0x00000000e0000000, 0x00000000e5560000)
  from space 21824K,  43% used [0x00000000e6ab0000, 0x00000000e73dba80, 0x00000000e8000000)
  to   space 21824K,   0% used [0x00000000e5560000, 0x00000000e5560000, 0x00000000e6ab0000)
 concurrent mark-sweep generation total 393216K, used 13807K [0x00000000e8000000, 0x0000000100000000, 0x0000000100000000)
 Metaspace       used 34586K, capacity 35108K, committed 35296K, reserved 1081344K
  class space    used 3623K, capacity 3782K, committed 3836K, reserved 1048576K
}
2017-03-31T04:57:39.113+0200: 319.839: Total time for which application threads were stopped: 0.0227494 seconds, Stopping threads took: 0.0000327 seconds
{Heap before GC invocations=149 (full 1):
 par new generation   total 109248K, used 96814K [0x00000000e0000000, 0x00000000e8000000, 0x00000000e8000000)
  eden space 87424K, 100% used [0x00000000e0000000, 0x00000000e5560000, 0x00000000e5560000)
  from space 21824K,  43% used [0x00000000e6ab0000, 0x00000000e73dba80, 0x00000000e8000000)
  to   space 21824K,   0% used [0x00000000e5560000, 0x00000000e5560000, 0x00000000e6ab0000)
 concurrent mark-sweep generation total 393216K, used 13807K [0x00000000e8000000, 0x0000000100000000, 0x0000000100000000)
 Metaspace       used 34586K, capacity 35108K, committed 35296K, reserved 1081344K
  class space    used 3623K, capacity 3782K, committed 3836K, reserved 1048576K
2017-03-31T04:57:39.506+0200: 320.232: [GC (Allocation Failure) 2017-03-31T04:57:39.506+0200: 320.232: [ParNew
Desired survivor size 20112992 bytes, new threshold 8 (max 8)
- age   1:    3677240 bytes,    3677240 total
- age   2:    2045288 bytes,    5722528 total
- age   3:       5624 bytes,    5728152 total
- age   4:       4008 bytes,    5732160 total
- age   5:       7048 bytes,    5739208 total
- age   6:       7392 bytes,    5746600 total
- age   7:      10584 bytes,    5757184 total
- age   8:       4672 bytes,    5761856 total
: 96814K->8844K(109248K), 0.0279725 secs] 110622K->22661K(502464K), 0.0280355 secs] [Times: user=0.02 sys=0.00, real=0.03 secs] 
Heap after GC invocations=150 (full 1):
 par new generation   total 109248K, used 8844K [0x00000000e0000000, 0x00000000e8000000, 0x00000000e8000000)
  eden space 87424K,   0% used [0x00000000e0000000, 0x00000000e0000000, 0x00000000e5560000)
  from space 21824K,  40% used [0x00000000e5560000, 0x00000000e5e032c0, 0x00000000e6ab0000)
  to   space 21824K,   0% used [0x00000000e6ab0000, 0x00000000e6ab0000, 0x00000000e8000000)
 concurrent mark-sweep generation total 393216K, used 13817K [0x00000000e8000000, 0x0000000100000000, 0x0000000100000000)
 Metaspace       used 34586K, capacity 35108K, committed 35296K, reserved 1081344K
  class space    used 3623K, capacity 3782K, committed 3836K, reserved 1048576K
}
2017-03-31T04:57:39.534+0200: 320.260: Total time for which application threads were stopped: 0.0304368 seconds, Stopping threads took: 0.0021665 seconds
{Heap before GC invocations=150 (full 1):
 par new generation   total 109248K, used 96268K [0x00000000e0000000, 0x00000000e8000000, 0x00000000e8000000)
  eden space 87424K, 100% used [0x00000000e0000000, 0x00000000e5560000, 0x00000000e5560000)
  from space 21824K,  40% used [0x00000000e5560000, 0x00000000e5e032c0, 0x00000000e6ab0000)
  to   space 21824K,   0% used [0x00000000e6ab0000, 0x00000000e6ab0000, 0x00000000e8000000)
 concurrent mark-sweep generation total 393216K, used 13817K [0x00000000e8000000, 0x0000000100000000, 0x0000000100000000)
 Metaspace       used 34586K, capacity 35108K, committed 35296K, reserved 1081344K
  class space    used 3623K, capacity 3782K, committed 3836K, reserved 1048576K
2017-03-31T04:57:39.874+0200: 320.600: [GC (Allocation Failure) 2017-03-31T04:57:39.874+0200: 320.600: [ParNew
Desired survivor size 20112992 bytes, new threshold 8 (max 8)
- age   1:    3058080 bytes,    3058080 total
- age   2:    3223176 bytes,    6281256 total
- age   3:    1821304 bytes,    8102560 total
- age   4:       5624 bytes,    8108184 total
- age   5:       4008 bytes,    8112192 total
- age   6:       7048 bytes,    8119240 total
- age   7:       7392 bytes,    8126632 total
- age   8:      10584 bytes,    8137216 total
: 96268K->9356K(109248K), 0.0210801 secs] 110085K->23178K(502464K), 0.0211472 secs] [Times: user=0.02 sys=0.00, real=0.02 secs] 
Heap after GC invocations=151 (full 1):
 par new generation   total 109248K, used 9356K [0x00000000e0000000, 0x00000000e8000000, 0x00000000e8000000)
  eden space 87424K,   0% used [0x00000000e0000000, 0x00000000e0000000, 0x00000000e5560000)
  from space 21824K,  42% used [0x00000000e6ab0000, 0x00000000e73d3330, 0x00000000e8000000)
  to   space 21824K,   0% used [0x00000000e5560000, 0x00000000e5560000, 0x00000000e6ab0000)
 concurrent mark-sweep generation total 393216K, used 13821K [0x00000000e8000000, 0x0000000100000000, 0x0000000100000000)
 Metaspace       used 34586K, capacity 35108K, committed 35296K, reserved 1081344K
  class space    used 3623K, capacity 3782K, committed 3836K, reserved 1048576K
}
2017-03-31T04:57:39.895+0200: 320.621: Total time for which application threads were stopped: 0.0253263 seconds, Stopping threads took: 0.0040123 seconds
{Heap before GC invocations=151 (full 1):
 par new generation   total 109248K, used 96780K [0x00000000e0000000, 0x00000000e8000000, 0x00000000e8000000)
  eden space 87424K, 100% used [0x00000000e0000000, 0x00000000e5560000, 0x00000000e5560000)
  from space 21824K,  42% used [0x00000000e6ab0000, 0x00000000e73d3330, 0x00000000e8000000)
  to   space 21824K,   0% used [0x00000000e5560000, 0x00000000e5560000, 0x00000000e6ab0000)
 concurrent mark-sweep generation total 393216K, used 13821K [0x00000000e8000000, 0x0000000100000000, 0x0000000100000000)
 Metaspace       used 34586K, capacity 35108K, committed 35296K, reserved 1081344K
  class space    used 3623K, capacity 3782K, committed 3836K, reserved 1048576K
2017-03-31T04:57:40.377+0200: 321.104: [GC (Allocation Failure) 2017-03-31T04:57:40.378+0200: 321.104: [ParNew
Desired survivor size 20112992 bytes, new threshold 8 (max 8)
- age   1:    4514928 bytes,    4514928 total
- age   2:    2591312 bytes,    7106240 total
- age   3:     411528 bytes,    7517768 total
- age   4:       7176 bytes,    7524944 total
- age   5:       5240 bytes,    7530184 total
- age   6:       4008 bytes,    7534192 total
- age   7:       7024 bytes,    7541216 total
- age   8:       7328 bytes,    7548544 total
: 96780K->11180K(109248K), 0.0227051 secs] 110602K->25012K(502464K), 0.0228418 secs] [Times: user=0.02 sys=0.00, real=0.02 secs] 
Heap after GC invocations=152 (full 1):
 par new generation   total 109248K, used 11180K [0x00000000e0000000, 0x00000000e8000000, 0x00000000e8000000)
  eden space 87424K,   0% used [0x00000000e0000000, 0x00000000e0000000, 0x00000000e5560000)
  from space 21824K,  51% used [0x00000000e5560000, 0x00000000e604b098, 0x00000000e6ab0000)
  to   space 21824K,   0% used [0x00000000e6ab0000, 0x00000000e6ab0000, 0x00000000e8000000)
 concurrent mark-sweep generation total 393216K, used 13832K [0x00000000e8000000, 0x0000000100000000, 0x0000000100000000)
 Metaspace       used 34586K, capacity 35108K, committed 35296K, reserved 1081344K
  class space    used 3623K, capacity 3782K, committed 3836K, reserved 1048576K
}
2017-03-31T04:57:40.400+0200: 321.127: Total time for which application threads were stopped: 0.0230198 seconds, Stopping threads took: 0.0000333 seconds
{Heap before GC invocations=152 (full 1):
 par new generation   total 109248K, used 98604K [0x00000000e0000000, 0x00000000e8000000, 0x00000000e8000000)
  eden space 87424K, 100% used [0x00000000e0000000, 0x00000000e5560000, 0x00000000e5560000)
  from space 21824K,  51% used [0x00000000e5560000, 0x00000000e604b098, 0x00000000e6ab0000)
  to   space 21824K,   0% used [0x00000000e6ab0000, 0x00000000e6ab0000, 0x00000000e8000000)
 concurrent mark-sweep generation total 393216K, used 13832K [0x00000000e8000000, 0x0000000100000000, 0x0000000100000000)
 Metaspace       used 34586K, capacity 35108K, committed 35296K, reserved 1081344K
  class space    used 3623K, capacity 3782K, committed 3836K, reserved 1048576K
2017-03-31T04:57:40.816+0200: 321.543: [GC (Allocation Failure) 2017-03-31T04:57:40.816+0200: 321.543: [ParNew
Desired survivor size 20112992 bytes, new threshold 8 (max 8)
- age   1:    4436816 bytes,    4436816 total
- age   2:    2442992 bytes,    6879808 total
- age   3:       3632 bytes,    6883440 total
- age   4:       6800 bytes,    6890240 total
- age   5:       6792 bytes,    6897032 total
- age   6:       5240 bytes,    6902272 total
- age   7:       4008 bytes,    6906280 total
- age   8:       7024 bytes,    6913304 total
: 98604K->9460K(109248K), 0.0276737 secs] 112436K->23299K(502464K), 0.0277386 secs] [Times: user=0.03 sys=0.00, real=0.03 secs] 
Heap after GC invocations=153 (full 1):
 par new generation   total 109248K, used 9460K [0x00000000e0000000, 0x00000000e8000000, 0x00000000e8000000)
  eden space 87424K,   0% used [0x00000000e0000000, 0x00000000e0000000, 0x00000000e5560000)
  from space 21824K,  43% used [0x00000000e6ab0000, 0x00000000e73ed0b0, 0x00000000e8000000)
  to   space 21824K,   0% used [0x00000000e5560000, 0x00000000e5560000, 0x00000000e6ab0000)
 concurrent mark-sweep generation total 393216K, used 13839K [0x00000000e8000000, 0x0000000100000000, 0x0000000100000000)
 Metaspace       used 34586K, capacity 35108K, committed 35296K, reserved 1081344K
  class space    used 3623K, capacity 3782K, committed 3836K, reserved 1048576K
}
2017-03-31T04:57:40.844+0200: 321.570: Total time for which application threads were stopped: 0.0278902 seconds, Stopping threads took: 0.0000279 seconds
{Heap before GC invocations=153 (full 1):
 par new generation   total 109248K, used 96884K [0x00000000e0000000, 0x00000000e8000000, 0x00000000e8000000)
  eden space 87424K, 100% used [0x00000000e0000000, 0x00000000e5560000, 0x00000000e5560000)
  from space 21824K,  43% used [0x00000000e6ab0000, 0x00000000e73ed0b0, 0x00000000e8000000)
  to   space 21824K,   0% used [0x00000000e5560000, 0x00000000e5560000, 0x00000000e6ab0000)
 concurrent mark-sweep generation total 393216K, used 13839K [0x00000000e8000000, 0x0000000100000000, 0x0000000100000000)
 Metaspace       used 34586K, capacity 35108K, committed 35296K, reserved 1081344K
  class space    used 3623K, capacity 3782K, committed 3836K, reserved 1048576K
2017-03-31T04:57:41.173+0200: 321.899: [GC (Allocation Failure) 2017-03-31T04:57:41.173+0200: 321.899: [ParNew
Desired survivor size 20112992 bytes, new threshold 8 (max 8)
- age   1:    3179520 bytes,    3179520 total
- age   2:    1937272 bytes,    5116792 total
- age   3:       7792 bytes,    5124584 total
- age   4:       3632 bytes,    5128216 total
- age   5:       6608 bytes,    5134824 total
- age   6:       6792 bytes,    5141616 total
- age   7:       5240 bytes,    5146856 total
- age   8:       4008 bytes,    5150864 total
: 96884K->7631K(109248K), 0.0140002 secs] 110723K->21478K(502464K), 0.0141256 secs] [Times: user=0.02 sys=0.00, real=0.01 secs] 
Heap after GC invocations=154 (full 1):
 par new generation   total 109248K, used 7631K [0x00000000e0000000, 0x00000000e8000000, 0x00000000e8000000)
  eden space 87424K,   0% used [0x00000000e0000000, 0x00000000e0000000, 0x00000000e5560000)
  from space 21824K,  34% used [0x00000000e5560000, 0x00000000e5cd3dc0, 0x00000000e6ab0000)
  to   space 21824K,   0% used [0x00000000e6ab0000, 0x00000000e6ab0000, 0x00000000e8000000)
 concurrent mark-sweep generation total 393216K, used 13846K [0x00000000e8000000, 0x0000000100000000, 0x0000000100000000)
 Metaspace       used 34586K, capacity 35108K, committed 35296K, reserved 1081344K
  class space    used 3623K, capacity 3782K, committed 3836K, reserved 1048576K
}
2017-03-31T04:57:41.187+0200: 321.913: Total time for which application threads were stopped: 0.0144943 seconds, Stopping threads took: 0.0000483 seconds
{Heap before GC invocations=154 (full 1):
 par new generation   total 109248K, used 95050K [0x00000000e0000000, 0x00000000e8000000, 0x00000000e8000000)
  eden space 87424K,  99% used [0x00000000e0000000, 0x00000000e555eda0, 0x00000000e5560000)
  from space 21824K,  34% used [0x00000000e5560000, 0x00000000e5cd3dc0, 0x00000000e6ab0000)
  to   space 21824K,   0% used [0x00000000e6ab0000, 0x00000000e6ab0000, 0x00000000e8000000)
 concurrent mark-sweep generation total 393216K, used 13846K [0x00000000e8000000, 0x0000000100000000, 0x0000000100000000)
 Metaspace       used 34587K, capacity 35108K, committed 35296K, reserved 1081344K
  class space    used 3623K, capacity 3782K, committed 3836K, reserved 1048576K
2017-03-31T04:57:41.502+0200: 322.228: [GC (Allocation Failure) 2017-03-31T04:57:41.502+0200: 322.228: [ParNew
Desired survivor size 20112992 bytes, new threshold 8 (max 8)
- age   1:    3452456 bytes,    3452456 total
- age   2:    2849440 bytes,    6301896 total
- age   3:    1639352 bytes,    7941248 total
- age   4:       7792 bytes,    7949040 total
- age   5:       3632 bytes,    7952672 total
- age   6:       6608 bytes,    7959280 total
- age   7:       6792 bytes,    7966072 total
- age   8:       5240 bytes,    7971312 total
: 95050K->9538K(109248K), 0.0385393 secs] 108897K->23389K(502464K), 0.0386133 secs] [Times: user=0.04 sys=0.00, real=0.04 secs] 
Heap after GC invocations=155 (full 1):
 par new generation   total 109248K, used 9538K [0x00000000e0000000, 0x00000000e8000000, 0x00000000e8000000)
  eden space 87424K,   0% used [0x00000000e0000000, 0x00000000e0000000, 0x00000000e5560000)
  from space 21824K,  43% used [0x00000000e6ab0000, 0x00000000e7400a80, 0x00000000e8000000)
  to   space 21824K,   0% used [0x00000000e5560000, 0x00000000e5560000, 0x00000000e6ab0000)
 concurrent mark-sweep generation total 393216K, used 13850K [0x00000000e8000000, 0x0000000100000000, 0x0000000100000000)
 Metaspace       used 34587K, capacity 35108K, committed 35296K, reserved 1081344K
  class space    used 3623K, capacity 3782K, committed 3836K, reserved 1048576K
}
2017-03-31T04:57:41.540+0200: 322.267: Total time for which application threads were stopped: 0.0388252 seconds, Stopping threads took: 0.0000820 seconds
{Heap before GC invocations=155 (full 1):
 par new generation   total 109248K, used 96962K [0x00000000e0000000, 0x00000000e8000000, 0x00000000e8000000)
  eden space 87424K, 100% used [0x00000000e0000000, 0x00000000e5560000, 0x00000000e5560000)
  from space 21824K,  43% used [0x00000000e6ab0000, 0x00000000e7400a80, 0x00000000e8000000)
  to   space 21824K,   0% used [0x00000000e5560000, 0x00000000e5560000, 0x00000000e6ab0000)
 concurrent mark-sweep generation total 393216K, used 13850K [0x00000000e8000000, 0x0000000100000000, 0x0000000100000000)
 Metaspace       used 34588K, capacity 35108K, committed 35296K, reserved 1081344K
  class space    used 3623K, capacity 3782K, committed 3836K, reserved 1048576K
2017-03-31T04:57:41.946+0200: 322.673: [GC (Allocation Failure) 2017-03-31T04:57:41.946+0200: 322.673: [ParNew
Desired survivor size 20112992 bytes, new threshold 8 (max 8)
- age   1:    4497032 bytes,    4497032 total
- age   2:    2933392 bytes,    7430424 total
- age   3:       6448 bytes,    7436872 total
- age   4:       7384 bytes,    7444256 total
- age   5:       7408 bytes,    7451664 total
- age   6:       3632 bytes,    7455296 total
- age   7:       6608 bytes,    7461904 total
- age   8:       6792 bytes,    7468696 total
: 96962K->11054K(109248K), 0.0210722 secs] 110813K->24910K(502464K), 0.0211383 secs] [Times: user=0.02 sys=0.00, real=0.02 secs] 
Heap after GC invocations=156 (full 1):
 par new generation   total 109248K, used 11054K [0x00000000e0000000, 0x00000000e8000000, 0x00000000e8000000)
  eden space 87424K,   0% used [0x00000000e0000000, 0x00000000e0000000, 0x00000000e5560000)
  from space 21824K,  50% used [0x00000000e5560000, 0x00000000e602b940, 0x00000000e6ab0000)
  to   space 21824K,   0% used [0x00000000e6ab0000, 0x00000000e6ab0000, 0x00000000e8000000)
 concurrent mark-sweep generation total 393216K, used 13855K [0x00000000e8000000, 0x0000000100000000, 0x0000000100000000)
 Metaspace       used 34588K, capacity 35108K, committed 35296K, reserved 1081344K
  class space    used 3623K, capacity 3782K, committed 3836K, reserved 1048576K
}
2017-03-31T04:57:41.967+0200: 322.694: Total time for which application threads were stopped: 0.0214605 seconds, Stopping threads took: 0.0000864 seconds
{Heap before GC invocations=156 (full 1):
 par new generation   total 109248K, used 98478K [0x00000000e0000000, 0x00000000e8000000, 0x00000000e8000000)
  eden space 87424K, 100% used [0x00000000e0000000, 0x00000000e5560000, 0x00000000e5560000)
  from space 21824K,  50% used [0x00000000e5560000, 0x00000000e602b940, 0x00000000e6ab0000)
  to   space 21824K,   0% used [0x00000000e6ab0000, 0x00000000e6ab0000, 0x00000000e8000000)
 concurrent mark-sweep generation total 393216K, used 13855K [0x00000000e8000000, 0x0000000100000000, 0x0000000100000000)
 Metaspace       used 34590K, capacity 35108K, committed 35296K, reserved 1081344K
  class space    used 3623K, capacity 3782K, committed 3836K, reserved 1048576K
2017-03-31T04:57:42.432+0200: 323.158: [GC (Allocation Failure) 2017-03-31T04:57:42.432+0200: 323.158: [ParNew
Desired survivor size 20112992 bytes, new threshold 8 (max 8)
- age   1:    4492728 bytes,    4492728 total
- age   2:    2341608 bytes,    6834336 total
- age   3:       4128 bytes,    6838464 total
- age   4:       6384 bytes,    6844848 total
- age   5:       6976 bytes,    6851824 total
- age   6:       7408 bytes,    6859232 total
- age   7:       3632 bytes,    6862864 total
- age   8:       6608 bytes,    6869472 total
: 98478K->8506K(109248K), 0.0188181 secs] 112334K->22369K(502464K), 0.0189031 secs] [Times: user=0.02 sys=0.00, real=0.02 secs] 
Heap after GC invocations=157 (full 1):
 par new generation   total 109248K, used 8506K [0x00000000e0000000, 0x00000000e8000000, 0x00000000e8000000)
  eden space 87424K,   0% used [0x00000000e0000000, 0x00000000e0000000, 0x00000000e5560000)
  from space 21824K,  38% used [0x00000000e6ab0000, 0x00000000e72fe9f0, 0x00000000e8000000)
  to   space 21824K,   0% used [0x00000000e5560000, 0x00000000e5560000, 0x00000000e6ab0000)
 concurrent mark-sweep generation total 393216K, used 13862K [0x00000000e8000000, 0x0000000100000000, 0x0000000100000000)
 Metaspace       used 34590K, capacity 35108K, committed 35296K, reserved 1081344K
  class space    used 3623K, capacity 3782K, committed 3836K, reserved 1048576K
}
2017-03-31T04:57:42.451+0200: 323.177: Total time for which application threads were stopped: 0.0192683 seconds, Stopping threads took: 0.0000288 seconds
{Heap before GC invocations=157 (full 1):
 par new generation   total 109248K, used 95930K [0x00000000e0000000, 0x00000000e8000000, 0x00000000e8000000)
  eden space 87424K, 100% used [0x00000000e0000000, 0x00000000e5560000, 0x00000000e5560000)
  from space 21824K,  38% used [0x00000000e6ab0000, 0x00000000e72fe9f0, 0x00000000e8000000)
  to   space 21824K,   0% used [0x00000000e5560000, 0x00000000e5560000, 0x00000000e6ab0000)
 concurrent mark-sweep generation total 393216K, used 13862K [0x00000000e8000000, 0x0000000100000000, 0x0000000100000000)
 Metaspace       used 34593K, capacity 35108K, committed 35296K, reserved 1081344K
  class space    used 3623K, capacity 3782K, committed 3836K, reserved 1048576K
2017-03-31T04:57:42.765+0200: 323.492: [GC (Allocation Failure) 2017-03-31T04:57:42.765+0200: 323.492: [ParNew
Desired survivor size 20112992 bytes, new threshold 8 (max 8)
- age   1:    3047168 bytes,    3047168 total
- age   2:    1927264 bytes,    4974432 total
- age   3:      17272 bytes,    4991704 total
- age   4:       4128 bytes,    4995832 total
- age   5:       6256 bytes,    5002088 total
- age   6:       6976 bytes,    5009064 total
- age   7:       7408 bytes,    5016472 total
- age   8:       3632 bytes,    5020104 total
: 95930K->10293K(109248K), 0.0198048 secs] 109793K->24162K(502464K), 0.0198627 secs] [Times: user=0.02 sys=0.00, real=0.02 secs] 
Heap after GC invocations=158 (full 1):
 par new generation   total 109248K, used 10293K [0x00000000e0000000, 0x00000000e8000000, 0x00000000e8000000)
  eden space 87424K,   0% used [0x00000000e0000000, 0x00000000e0000000, 0x00000000e5560000)
  from space 21824K,  47% used [0x00000000e5560000, 0x00000000e5f6d638, 0x00000000e6ab0000)
  to   space 21824K,   0% used [0x00000000e6ab0000, 0x00000000e6ab0000, 0x00000000e8000000)
 concurrent mark-sweep generation total 393216K, used 13869K [0x00000000e8000000, 0x0000000100000000, 0x0000000100000000)
 Metaspace       used 34593K, capacity 35108K, committed 35296K, reserved 1081344K
  class space    used 3623K, capacity 3782K, committed 3836K, reserved 1048576K
}
2017-03-31T04:57:42.785+0200: 323.512: Total time for which application threads were stopped: 0.0200405 seconds, Stopping threads took: 0.0000226 seconds
{Heap before GC invocations=158 (full 1):
 par new generation   total 109248K, used 97717K [0x00000000e0000000, 0x00000000e8000000, 0x00000000e8000000)
  eden space 87424K, 100% used [0x00000000e0000000, 0x00000000e5560000, 0x00000000e5560000)
  from space 21824K,  47% used [0x00000000e5560000, 0x00000000e5f6d638, 0x00000000e6ab0000)
  to   space 21824K,   0% used [0x00000000e6ab0000, 0x00000000e6ab0000, 0x00000000e8000000)
 concurrent mark-sweep generation total 393216K, used 13869K [0x00000000e8000000, 0x0000000100000000, 0x0000000100000000)
 Metaspace       used 34594K, capacity 35108K, committed 35296K, reserved 1081344K
  class space    used 3624K, capacity 3782K, committed 3836K, reserved 1048576K
2017-03-31T04:57:43.183+0200: 323.909: [GC (Allocation Failure) 2017-03-31T04:57:43.183+0200: 323.909: [ParNew
Desired survivor size 20112992 bytes, new threshold 8 (max 8)
- age   1:    3586288 bytes,    3586288 total
- age   2:    2810048 bytes,    6396336 total
- age   3:    1457360 bytes,    7853696 total
- age   4:       7544 bytes,    7861240 total
- age   5:       4128 bytes,    7865368 total
- age   6:       5976 bytes,    7871344 total
- age   7:       6976 bytes,    7878320 total
- age   8:       7408 bytes,    7885728 total
: 97717K->9153K(109248K), 0.0197294 secs] 111586K->23026K(502464K), 0.0198050 secs] [Times: user=0.01 sys=0.00, real=0.02 secs] 
Heap after GC invocations=159 (full 1):
 par new generation   total 109248K, used 9153K [0x00000000e0000000, 0x00000000e8000000, 0x00000000e8000000)
  eden space 87424K,   0% used [0x00000000e0000000, 0x00000000e0000000, 0x00000000e5560000)
  from space 21824K,  41% used [0x00000000e6ab0000, 0x00000000e73a05f8, 0x00000000e8000000)
  to   space 21824K,   0% used [0x00000000e5560000, 0x00000000e5560000, 0x00000000e6ab0000)
 concurrent mark-sweep generation total 393216K, used 13872K [0x00000000e8000000, 0x0000000100000000, 0x0000000100000000)
 Metaspace       used 34594K, capacity 35108K, committed 35296K, reserved 1081344K
  class space    used 3624K, capacity 3782K, committed 3836K, reserved 1048576K
}
2017-03-31T04:57:43.203+0200: 323.929: Total time for which application threads were stopped: 0.0202354 seconds, Stopping threads took: 0.0000533 seconds
{Heap before GC invocations=159 (full 1):
 par new generation   total 109248K, used 96577K [0x00000000e0000000, 0x00000000e8000000, 0x00000000e8000000)
  eden space 87424K, 100% used [0x00000000e0000000, 0x00000000e5560000, 0x00000000e5560000)
  from space 21824K,  41% used [0x00000000e6ab0000, 0x00000000e73a05f8, 0x00000000e8000000)
  to   space 21824K,   0% used [0x00000000e5560000, 0x00000000e5560000, 0x00000000e6ab0000)
 concurrent mark-sweep generation total 393216K, used 13872K [0x00000000e8000000, 0x0000000100000000, 0x0000000100000000)
 Metaspace       used 34594K, capacity 35108K, committed 35296K, reserved 1081344K
  class space    used 3624K, capacity 3782K, committed 3836K, reserved 1048576K
2017-03-31T04:57:43.602+0200: 324.329: [GC (Allocation Failure) 2017-03-31T04:57:43.602+0200: 324.329: [ParNew
Desired survivor size 20112992 bytes, new threshold 8 (max 8)
- age   1:    4657120 bytes,    4657120 total
- age   2:    2587720 bytes,    7244840 total
- age   3:       4208 bytes,    7249048 total
- age   4:       6952 bytes,    7256000 total
- age   5:       7160 bytes,    7263160 total
- age   6:       4128 bytes,    7267288 total
- age   7:       5952 bytes,    7273240 total
- age   8:       6976 bytes,    7280216 total
: 96577K->10900K(109248K), 0.0332149 secs] 110450K->24780K(502464K), 0.0333244 secs] [Times: user=0.02 sys=0.00, real=0.03 secs] 
Heap after GC invocations=160 (full 1):
 par new generation   total 109248K, used 10900K [0x00000000e0000000, 0x00000000e8000000, 0x00000000e8000000)
  eden space 87424K,   0% used [0x00000000e0000000, 0x00000000e0000000, 0x00000000e5560000)
  from space 21824K,  49% used [0x00000000e5560000, 0x00000000e60053a8, 0x00000000e6ab0000)
  to   space 21824K,   0% used [0x00000000e6ab0000, 0x00000000e6ab0000, 0x00000000e8000000)
 concurrent mark-sweep generation total 393216K, used 13879K [0x00000000e8000000, 0x0000000100000000, 0x0000000100000000)
 Metaspace       used 34594K, capacity 35108K, committed 35296K, reserved 1081344K
  class space    used 3624K, capacity 3782K, committed 3836K, reserved 1048576K
}
2017-03-31T04:57:43.636+0200: 324.362: Total time for which application threads were stopped: 0.0337698 seconds, Stopping threads took: 0.0001319 seconds
{Heap before GC invocations=160 (full 1):
 par new generation   total 109248K, used 98324K [0x00000000e0000000, 0x00000000e8000000, 0x00000000e8000000)
  eden space 87424K, 100% used [0x00000000e0000000, 0x00000000e5560000, 0x00000000e5560000)
  from space 21824K,  49% used [0x00000000e5560000, 0x00000000e60053a8, 0x00000000e6ab0000)
  to   space 21824K,   0% used [0x00000000e6ab0000, 0x00000000e6ab0000, 0x00000000e8000000)
 concurrent mark-sweep generation total 393216K, used 13879K [0x00000000e8000000, 0x0000000100000000, 0x0000000100000000)
 Metaspace       used 34594K, capacity 35108K, committed 35296K, reserved 1081344K
  class space    used 3624K, capacity 3782K, committed 3836K, reserved 1048576K
2017-03-31T04:57:43.993+0200: 324.719: [GC (Allocation Failure) 2017-03-31T04:57:43.993+0200: 324.719: [ParNew
Desired survivor size 20112992 bytes, new threshold 8 (max 8)
- age   1:    4023528 bytes,    4023528 total
- age   2:    2131616 bytes,    6155144 total
- age   3:      11808 bytes,    6166952 total
- age   4:       4208 bytes,    6171160 total
- age   5:       6864 bytes,    6178024 total
- age   6:       7160 bytes,    6185184 total
- age   7:       4128 bytes,    6189312 total
- age   8:       5952 bytes,    6195264 total
: 98324K->8336K(109248K), 0.0270805 secs] 112204K->22223K(502464K), 0.0271487 secs] [Times: user=0.02 sys=0.00, real=0.03 secs] 
Heap after GC invocations=161 (full 1):
 par new generation   total 109248K, used 8336K [0x00000000e0000000, 0x00000000e8000000, 0x00000000e8000000)
  eden space 87424K,   0% used [0x00000000e0000000, 0x00000000e0000000, 0x00000000e5560000)
  from space 21824K,  38% used [0x00000000e6ab0000, 0x00000000e72d4290, 0x00000000e8000000)
  to   space 21824K,   0% used [0x00000000e5560000, 0x00000000e5560000, 0x00000000e6ab0000)
 concurrent mark-sweep generation total 393216K, used 13886K [0x00000000e8000000, 0x0000000100000000, 0x0000000100000000)
 Metaspace       used 34594K, capacity 35108K, committed 35296K, reserved 1081344K
  class space    used 3624K, capacity 3782K, committed 3836K, reserved 1048576K
}
2017-03-31T04:57:44.020+0200: 324.747: Total time for which application threads were stopped: 0.0293248 seconds, Stopping threads took: 0.0020231 seconds
{Heap before GC invocations=161 (full 1):
 par new generation   total 109248K, used 95760K [0x00000000e0000000, 0x00000000e8000000, 0x00000000e8000000)
  eden space 87424K, 100% used [0x00000000e0000000, 0x00000000e5560000, 0x00000000e5560000)
  from space 21824K,  38% used [0x00000000e6ab0000, 0x00000000e72d4290, 0x00000000e8000000)
  to   space 21824K,   0% used [0x00000000e5560000, 0x00000000e5560000, 0x00000000e6ab0000)
 concurrent mark-sweep generation total 393216K, used 13886K [0x00000000e8000000, 0x0000000100000000, 0x0000000100000000)
 Metaspace       used 34595K, capacity 35108K, committed 35296K, reserved 1081344K
  class space    used 3624K, capacity 3782K, committed 3836K, reserved 1048576K
2017-03-31T04:57:44.276+0200: 325.003: [GC (Allocation Failure) 2017-03-31T04:57:44.276+0200: 325.003: [ParNew
Desired survivor size 20112992 bytes, new threshold 8 (max 8)
- age   1:    3369848 bytes,    3369848 total
- age   2:    3661704 bytes,    7031552 total
- age   3:    1830928 bytes,    8862480 total
- age   4:      11808 bytes,    8874288 total
- age   5:       4208 bytes,    8878496 total
- age   6:       6864 bytes,    8885360 total
- age   7:       7160 bytes,    8892520 total
- age   8:       4128 bytes,    8896648 total
: 95760K->10082K(109248K), 0.0194107 secs] 109647K->23975K(502464K), 0.0194711 secs] [Times: user=0.01 sys=0.00, real=0.01 secs] 
Heap after GC invocations=162 (full 1):
 par new generation   total 109248K, used 10082K [0x00000000e0000000, 0x00000000e8000000, 0x00000000e8000000)
  eden space 87424K,   0% used [0x00000000e0000000, 0x00000000e0000000, 0x00000000e5560000)
  from space 21824K,  46% used [0x00000000e5560000, 0x00000000e5f38bb0, 0x00000000e6ab0000)
  to   space 21824K,   0% used [0x00000000e6ab0000, 0x00000000e6ab0000, 0x00000000e8000000)
 concurrent mark-sweep generation total 393216K, used 13892K [0x00000000e8000000, 0x0000000100000000, 0x0000000100000000)
 Metaspace       used 34595K, capacity 35108K, committed 35296K, reserved 1081344K
  class space    used 3624K, capacity 3782K, committed 3836K, reserved 1048576K
}
2017-03-31T04:57:44.296+0200: 325.022: Total time for which application threads were stopped: 0.0196113 seconds, Stopping threads took: 0.0000269 seconds
{Heap before GC invocations=162 (full 1):
 par new generation   total 109248K, used 97506K [0x00000000e0000000, 0x00000000e8000000, 0x00000000e8000000)
  eden space 87424K, 100% used [0x00000000e0000000, 0x00000000e5560000, 0x00000000e5560000)
  from space 21824K,  46% used [0x00000000e5560000, 0x00000000e5f38bb0, 0x00000000e6ab0000)
  to   space 21824K,   0% used [0x00000000e6ab0000, 0x00000000e6ab0000, 0x00000000e8000000)
 concurrent mark-sweep generation total 393216K, used 13892K [0x00000000e8000000, 0x0000000100000000, 0x0000000100000000)
 Metaspace       used 34595K, capacity 35108K, committed 35296K, reserved 1081344K
  class space    used 3624K, capacity 3782K, committed 3836K, reserved 1048576K
2017-03-31T04:57:44.741+0200: 325.467: [GC (Allocation Failure) 2017-03-31T04:57:44.741+0200: 325.467: [ParNew
Desired survivor size 20112992 bytes, new threshold 8 (max 8)
- age   1:    4203008 bytes,    4203008 total
- age   2:    2972840 bytes,    7175848 total
- age   3:     789064 bytes,    7964912 total
- age   4:       7288 bytes,    7972200 total
- age   5:      11552 bytes,    7983752 total
- age   6:       4080 bytes,    7987832 total
- age   7:       6864 bytes,    7994696 total
- age   8:       7136 bytes,    8001832 total
: 97506K->12760K(109248K), 0.0248537 secs] 111399K->26657K(502464K), 0.0249305 secs] [Times: user=0.03 sys=0.00, real=0.03 secs] 
Heap after GC invocations=163 (full 1):
 par new generation   total 109248K, used 12760K [0x00000000e0000000, 0x00000000e8000000, 0x00000000e8000000)
  eden space 87424K,   0% used [0x00000000e0000000, 0x00000000e0000000, 0x00000000e5560000)
  from space 21824K,  58% used [0x00000000e6ab0000, 0x00000000e7726240, 0x00000000e8000000)
  to   space 21824K,   0% used [0x00000000e5560000, 0x00000000e5560000, 0x00000000e6ab0000)
 concurrent mark-sweep generation total 393216K, used 13896K [0x00000000e8000000, 0x0000000100000000, 0x0000000100000000)
 Metaspace       used 34595K, capacity 35108K, committed 35296K, reserved 1081344K
  class space    used 3624K, capacity 3782K, committed 3836K, reserved 1048576K
}
2017-03-31T04:57:44.765+0200: 325.492: Total time for which application threads were stopped: 0.0336841 seconds, Stopping threads took: 0.0085840 seconds
{Heap before GC invocations=163 (full 1):
 par new generation   total 109248K, used 100184K [0x00000000e0000000, 0x00000000e8000000, 0x00000000e8000000)
  eden space 87424K, 100% used [0x00000000e0000000, 0x00000000e5560000, 0x00000000e5560000)
  from space 21824K,  58% used [0x00000000e6ab0000, 0x00000000e7726240, 0x00000000e8000000)
  to   space 21824K,   0% used [0x00000000e5560000, 0x00000000e5560000, 0x00000000e6ab0000)
 concurrent mark-sweep generation total 393216K, used 13896K [0x00000000e8000000, 0x0000000100000000, 0x0000000100000000)
 Metaspace       used 34595K, capacity 35108K, committed 35296K, reserved 1081344K
  class space    used 3624K, capacity 3782K, committed 3836K, reserved 1048576K
2017-03-31T04:57:45.236+0200: 325.962: [GC (Allocation Failure) 2017-03-31T04:57:45.236+0200: 325.962: [ParNew
Desired survivor size 20112992 bytes, new threshold 8 (max 8)
- age   1:    4348304 bytes,    4348304 total
- age   2:    2474104 bytes,    6822408 total
- age   3:       3984 bytes,    6826392 total
- age   4:       6600 bytes,    6832992 total
- age   5:       6968 bytes,    6839960 total
- age   6:      11552 bytes,    6851512 total
- age   7:       4080 bytes,    6855592 total
- age   8:       6864 bytes,    6862456 total
: 100184K->9441K(109248K), 0.0355986 secs] 114081K->23345K(502464K), 0.0356756 secs] [Times: user=0.04 sys=0.00, real=0.04 secs] 
Heap after GC invocations=164 (full 1):
 par new generation   total 109248K, used 9441K [0x00000000e0000000, 0x00000000e8000000, 0x00000000e8000000)
  eden space 87424K,   0% used [0x00000000e0000000, 0x00000000e0000000, 0x00000000e5560000)
  from space 21824K,  43% used [0x00000000e5560000, 0x00000000e5e98500, 0x00000000e6ab0000)
  to   space 21824K,   0% used [0x00000000e6ab0000, 0x00000000e6ab0000, 0x00000000e8000000)
 concurrent mark-sweep generation total 393216K, used 13903K [0x00000000e8000000, 0x0000000100000000, 0x0000000100000000)
 Metaspace       used 34595K, capacity 35108K, committed 35296K, reserved 1081344K
  class space    used 3624K, capacity 3782K, committed 3836K, reserved 1048576K
}
2017-03-31T04:57:45.272+0200: 325.998: Total time for which application threads were stopped: 0.0398107 seconds, Stopping threads took: 0.0039670 seconds
{Heap before GC invocations=164 (full 1):
 par new generation   total 109248K, used 96865K [0x00000000e0000000, 0x00000000e8000000, 0x00000000e8000000)
  eden space 87424K, 100% used [0x00000000e0000000, 0x00000000e5560000, 0x00000000e5560000)
  from space 21824K,  43% used [0x00000000e5560000, 0x00000000e5e98500, 0x00000000e6ab0000)
  to   space 21824K,   0% used [0x00000000e6ab0000, 0x00000000e6ab0000, 0x00000000e8000000)
 concurrent mark-sweep generation total 393216K, used 13903K [0x00000000e8000000, 0x0000000100000000, 0x0000000100000000)
 Metaspace       used 34595K, capacity 35108K, committed 35296K, reserved 1081344K
  class space    used 3624K, capacity 3782K, committed 3836K, reserved 1048576K
2017-03-31T04:57:45.591+0200: 326.318: [GC (Allocation Failure) 2017-03-31T04:57:45.591+0200: 326.318: [ParNew
Desired survivor size 20112992 bytes, new threshold 8 (max 8)
- age   1:    3346104 bytes,    3346104 total
- age   2:    3714808 bytes,    7060912 total
- age   3:    2168136 bytes,    9229048 total
- age   4:       3960 bytes,    9233008 total
- age   5:       6600 bytes,    9239608 total
- age   6:       6968 bytes,    9246576 total
- age   7:      11552 bytes,    9258128 total
- age   8:       4080 bytes,    9262208 total
: 96865K->9507K(109248K), 0.0330756 secs] 110769K->23417K(502464K), 0.0331321 secs] [Times: user=0.03 sys=0.00, real=0.03 secs] 
Heap after GC invocations=165 (full 1):
 par new generation   total 109248K, used 9507K [0x00000000e0000000, 0x00000000e8000000, 0x00000000e8000000)
  eden space 87424K,   0% used [0x00000000e0000000, 0x00000000e0000000, 0x00000000e5560000)
  from space 21824K,  43% used [0x00000000e6ab0000, 0x00000000e73f8d68, 0x00000000e8000000)
  to   space 21824K,   0% used [0x00000000e5560000, 0x00000000e5560000, 0x00000000e6ab0000)
 concurrent mark-sweep generation total 393216K, used 13910K [0x00000000e8000000, 0x0000000100000000, 0x0000000100000000)
 Metaspace       used 34595K, capacity 35108K, committed 35296K, reserved 1081344K
  class space    used 3624K, capacity 3782K, committed 3836K, reserved 1048576K
}
2017-03-31T04:57:45.624+0200: 326.351: Total time for which application threads were stopped: 0.0333047 seconds, Stopping threads took: 0.0000235 seconds
{Heap before GC invocations=165 (full 1):
 par new generation   total 109248K, used 96931K [0x00000000e0000000, 0x00000000e8000000, 0x00000000e8000000)
  eden space 87424K, 100% used [0x00000000e0000000, 0x00000000e5560000, 0x00000000e5560000)
  from space 21824K,  43% used [0x00000000e6ab0000, 0x00000000e73f8d68, 0x00000000e8000000)
  to   space 21824K,   0% used [0x00000000e5560000, 0x00000000e5560000, 0x00000000e6ab0000)
 concurrent mark-sweep generation total 393216K, used 13910K [0x00000000e8000000, 0x0000000100000000, 0x0000000100000000)
 Metaspace       used 34595K, capacity 35108K, committed 35296K, reserved 1081344K
  class space    used 3624K, capacity 3782K, committed 3836K, reserved 1048576K
2017-03-31T04:57:46.005+0200: 326.731: [GC (Allocation Failure) 2017-03-31T04:57:46.005+0200: 326.731: [ParNew
Desired survivor size 20112992 bytes, new threshold 8 (max 8)
- age   1:    3712568 bytes,    3712568 total
- age   2:    3054256 bytes,    6766824 total
- age   3:    1111328 bytes,    7878152 total
- age   4:       6672 bytes,    7884824 total
- age   5:       3960 bytes,    7888784 total
- age   6:       6344 bytes,    7895128 total
- age   7:       6944 bytes,    7902072 total
- age   8:      11528 bytes,    7913600 total
: 96931K->11472K(109248K), 0.0197163 secs] 110841K->25386K(502464K), 0.0197863 secs] [Times: user=0.01 sys=0.01, real=0.02 secs] 
Heap after GC invocations=166 (full 1):
 par new generation   total 109248K, used 11472K [0x00000000e0000000, 0x00000000e8000000, 0x00000000e8000000)
  eden space 87424K,   0% used [0x00000000e0000000, 0x00000000e0000000, 0x00000000e5560000)
  from space 21824K,  52% used [0x00000000e5560000, 0x00000000e6094120, 0x00000000e6ab0000)
  to   space 21824K,   0% used [0x00000000e6ab0000, 0x00000000e6ab0000, 0x00000000e8000000)
 concurrent mark-sweep generation total 393216K, used 13914K [0x00000000e8000000, 0x0000000100000000, 0x0000000100000000)
 Metaspace       used 34595K, capacity 35108K, committed 35296K, reserved 1081344K
  class space    used 3624K, capacity 3782K, committed 3836K, reserved 1048576K
}
2017-03-31T04:57:46.025+0200: 326.751: Total time for which application threads were stopped: 0.0219798 seconds, Stopping threads took: 0.0020281 seconds
{Heap before GC invocations=166 (full 1):
 par new generation   total 109248K, used 98896K [0x00000000e0000000, 0x00000000e8000000, 0x00000000e8000000)
  eden space 87424K, 100% used [0x00000000e0000000, 0x00000000e5560000, 0x00000000e5560000)
  from space 21824K,  52% used [0x00000000e5560000, 0x00000000e6094120, 0x00000000e6ab0000)
  to   space 21824K,   0% used [0x00000000e6ab0000, 0x00000000e6ab0000, 0x00000000e8000000)
 concurrent mark-sweep generation total 393216K, used 13914K [0x00000000e8000000, 0x0000000100000000, 0x0000000100000000)
 Metaspace       used 34595K, capacity 35108K, committed 35296K, reserved 1081344K
  class space    used 3624K, capacity 3782K, committed 3836K, reserved 1048576K
2017-03-31T04:57:46.472+0200: 327.199: [GC (Allocation Failure) 2017-03-31T04:57:46.472+0200: 327.199: [ParNew
Desired survivor size 20112992 bytes, new threshold 8 (max 8)
- age   1:    4384432 bytes,    4384432 total
- age   2:    2541064 bytes,    6925496 total
- age   3:       3480 bytes,    6928976 total
- age   4:       6984 bytes,    6935960 total
- age   5:       6288 bytes,    6942248 total
- age   6:       3960 bytes,    6946208 total
- age   7:       6344 bytes,    6952552 total
- age   8:       6944 bytes,    6959496 total
: 98896K->9620K(109248K), 0.0281346 secs] 112810K->23546K(502464K), 0.0281972 secs] [Times: user=0.02 sys=0.01, real=0.03 secs] 
Heap after GC invocations=167 (full 1):
 par new generation   total 109248K, used 9620K [0x00000000e0000000, 0x00000000e8000000, 0x00000000e8000000)
  eden space 87424K,   0% used [0x00000000e0000000, 0x00000000e0000000, 0x00000000e5560000)
  from space 21824K,  44% used [0x00000000e6ab0000, 0x00000000e74150c0, 0x00000000e8000000)
  to   space 21824K,   0% used [0x00000000e5560000, 0x00000000e5560000, 0x00000000e6ab0000)
 concurrent mark-sweep generation total 393216K, used 13926K [0x00000000e8000000, 0x0000000100000000, 0x0000000100000000)
 Metaspace       used 34595K, capacity 35108K, committed 35296K, reserved 1081344K
  class space    used 3624K, capacity 3782K, committed 3836K, reserved 1048576K
}
2017-03-31T04:57:46.501+0200: 327.227: Total time for which application threads were stopped: 0.0283593 seconds, Stopping threads took: 0.0000315 seconds
{Heap before GC invocations=167 (full 1):
 par new generation   total 109248K, used 97044K [0x00000000e0000000, 0x00000000e8000000, 0x00000000e8000000)
  eden space 87424K, 100% used [0x00000000e0000000, 0x00000000e5560000, 0x00000000e5560000)
  from space 21824K,  44% used [0x00000000e6ab0000, 0x00000000e74150c0, 0x00000000e8000000)
  to   space 21824K,   0% used [0x00000000e5560000, 0x00000000e5560000, 0x00000000e6ab0000)
 concurrent mark-sweep generation total 393216K, used 13926K [0x00000000e8000000, 0x0000000100000000, 0x0000000100000000)
 Metaspace       used 34595K, capacity 35108K, committed 35296K, reserved 1081344K
  class space    used 3624K, capacity 3782K, committed 3836K, reserved 1048576K
2017-03-31T04:57:46.892+0200: 327.619: [GC (Allocation Failure) 2017-03-31T04:57:46.892+0200: 327.619: [ParNew
Desired survivor size 20112992 bytes, new threshold 8 (max 8)
- age   1:    3545288 bytes,    3545288 total
- age   2:    1919800 bytes,    5465088 total
- age   3:      15296 bytes,    5480384 total
- age   4:       3480 bytes,    5483864 total
- age   5:       6984 bytes,    5490848 total
- age   6:       6288 bytes,    5497136 total
- age   7:       3960 bytes,    5501096 total
- age   8:       6344 bytes,    5507440 total
: 97044K->8440K(109248K), 0.0345472 secs] 110970K->22373K(502464K), 0.0346261 secs] [Times: user=0.04 sys=0.00, real=0.03 secs] 
Heap after GC invocations=168 (full 1):
 par new generation   total 109248K, used 8440K [0x00000000e0000000, 0x00000000e8000000, 0x00000000e8000000)
  eden space 87424K,   0% used [0x00000000e0000000, 0x00000000e0000000, 0x00000000e5560000)
  from space 21824K,  38% used [0x00000000e5560000, 0x00000000e5d9e0b0, 0x00000000e6ab0000)
  to   space 21824K,   0% used [0x00000000e6ab0000, 0x00000000e6ab0000, 0x00000000e8000000)
 concurrent mark-sweep generation total 393216K, used 13933K [0x00000000e8000000, 0x0000000100000000, 0x0000000100000000)
 Metaspace       used 34595K, capacity 35108K, committed 35296K, reserved 1081344K
  class space    used 3624K, capacity 3782K, committed 3836K, reserved 1048576K
}
2017-03-31T04:57:46.927+0200: 327.653: Total time for which application threads were stopped: 0.0348016 seconds, Stopping threads took: 0.0000205 seconds
{Heap before GC invocations=168 (full 1):
 par new generation   total 109248K, used 95864K [0x00000000e0000000, 0x00000000e8000000, 0x00000000e8000000)
  eden space 87424K, 100% used [0x00000000e0000000, 0x00000000e5560000, 0x00000000e5560000)
  from space 21824K,  38% used [0x00000000e5560000, 0x00000000e5d9e0b0, 0x00000000e6ab0000)
  to   space 21824K,   0% used [0x00000000e6ab0000, 0x00000000e6ab0000, 0x00000000e8000000)
 concurrent mark-sweep generation total 393216K, used 13933K [0x00000000e8000000, 0x0000000100000000, 0x0000000100000000)
 Metaspace       used 34595K, capacity 35108K, committed 35296K, reserved 1081344K
  class space    used 3624K, capacity 3782K, committed 3836K, reserved 1048576K
2017-03-31T04:57:47.334+0200: 328.060: [GC (Allocation Failure) 2017-03-31T04:57:47.334+0200: 328.060: [ParNew
Desired survivor size 20112992 bytes, new threshold 8 (max 8)
- age   1:    3521992 bytes,    3521992 total
- age   2:    2892648 bytes,    6414640 total
- age   3:    1606880 bytes,    8021520 total
- age   4:       6208 bytes,    8027728 total
- age   5:       3480 bytes,    8031208 total
- age   6:       6984 bytes,    8038192 total
- age   7:       6288 bytes,    8044480 total
- age   8:       3960 bytes,    8048440 total
: 95864K->9892K(109248K), 0.0385017 secs] 109797K->23831K(502464K), 0.0385730 secs] [Times: user=0.03 sys=0.00, real=0.04 secs] 
Heap after GC invocations=169 (full 1):
 par new generation   total 109248K, used 9892K [0x00000000e0000000, 0x00000000e8000000, 0x00000000e8000000)
  eden space 87424K,   0% used [0x00000000e0000000, 0x00000000e0000000, 0x00000000e5560000)
  from space 21824K,  45% used [0x00000000e6ab0000, 0x00000000e7459090, 0x00000000e8000000)
  to   space 21824K,   0% used [0x00000000e5560000, 0x00000000e5560000, 0x00000000e6ab0000)
 concurrent mark-sweep generation total 393216K, used 13939K [0x00000000e8000000, 0x0000000100000000, 0x0000000100000000)
 Metaspace       used 34595K, capacity 35108K, committed 35296K, reserved 1081344K
  class space    used 3624K, capacity 3782K, committed 3836K, reserved 1048576K
}
2017-03-31T04:57:47.373+0200: 328.099: Total time for which application threads were stopped: 0.0387426 seconds, Stopping threads took: 0.0000354 seconds
{Heap before GC invocations=169 (full 1):
 par new generation   total 109248K, used 97316K [0x00000000e0000000, 0x00000000e8000000, 0x00000000e8000000)
  eden space 87424K, 100% used [0x00000000e0000000, 0x00000000e5560000, 0x00000000e5560000)
  from space 21824K,  45% used [0x00000000e6ab0000, 0x00000000e7459090, 0x00000000e8000000)
  to   space 21824K,   0% used [0x00000000e5560000, 0x00000000e5560000, 0x00000000e6ab0000)
 concurrent mark-sweep generation total 393216K, used 13939K [0x00000000e8000000, 0x0000000100000000, 0x0000000100000000)
 Metaspace       used 34595K, capacity 35108K, committed 35296K, reserved 1081344K
  class space    used 3624K, capacity 3782K, committed 3836K, reserved 1048576K
2017-03-31T04:57:47.777+0200: 328.503: [GC (Allocation Failure) 2017-03-31T04:57:47.777+0200: 328.503: [ParNew
Desired survivor size 20112992 bytes, new threshold 8 (max 8)
- age   1:    4331272 bytes,    4331272 total
- age   2:    2901224 bytes,    7232496 total
- age   3:       5104 bytes,    7237600 total
- age   4:      12520 bytes,    7250120 total
- age   5:       6208 bytes,    7256328 total
- age   6:       3480 bytes,    7259808 total
- age   7:       6984 bytes,    7266792 total
- age   8:       6288 bytes,    7273080 total
: 97316K->11062K(109248K), 0.0232973 secs] 111255K->25005K(502464K), 0.0233763 secs] [Times: user=0.02 sys=0.00, real=0.02 secs] 
Heap after GC invocations=170 (full 1):
 par new generation   total 109248K, used 11062K [0x00000000e0000000, 0x00000000e8000000, 0x00000000e8000000)
  eden space 87424K,   0% used [0x00000000e0000000, 0x00000000e0000000, 0x00000000e5560000)
  from space 21824K,  50% used [0x00000000e5560000, 0x00000000e602da10, 0x00000000e6ab0000)
  to   space 21824K,   0% used [0x00000000e6ab0000, 0x00000000e6ab0000, 0x00000000e8000000)
 concurrent mark-sweep generation total 393216K, used 13943K [0x00000000e8000000, 0x0000000100000000, 0x0000000100000000)
 Metaspace       used 34595K, capacity 35108K, committed 35296K, reserved 1081344K
  class space    used 3624K, capacity 3782K, committed 3836K, reserved 1048576K
}
2017-03-31T04:57:47.800+0200: 328.527: Total time for which application threads were stopped: 0.0235697 seconds, Stopping threads took: 0.0000332 seconds
{Heap before GC invocations=170 (full 1):
 par new generation   total 109248K, used 98486K [0x00000000e0000000, 0x00000000e8000000, 0x00000000e8000000)
  eden space 87424K, 100% used [0x00000000e0000000, 0x00000000e5560000, 0x00000000e5560000)
  from space 21824K,  50% used [0x00000000e5560000, 0x00000000e602da10, 0x00000000e6ab0000)
  to   space 21824K,   0% used [0x00000000e6ab0000, 0x00000000e6ab0000, 0x00000000e8000000)
 concurrent mark-sweep generation total 393216K, used 13943K [0x00000000e8000000, 0x0000000100000000, 0x0000000100000000)
 Metaspace       used 34600K, capacity 35108K, committed 35296K, reserved 1081344K
  class space    used 3625K, capacity 3782K, committed 3836K, reserved 1048576K
2017-03-31T04:57:48.204+0200: 328.931: [GC (Allocation Failure) 2017-03-31T04:57:48.205+0200: 328.931: [ParNew
Desired survivor size 20112992 bytes, new threshold 8 (max 8)
- age   1:    3051592 bytes,    3051592 total
- age   2:    2204912 bytes,    5256504 total
- age   3:       4704 bytes,    5261208 total
- age   4:       5104 bytes,    5266312 total
- age   5:      12304 bytes,    5278616 total
- age   6:       6184 bytes,    5284800 total
- age   7:       3480 bytes,    5288280 total
- age   8:       6984 bytes,    5295264 total
: 98486K->7551K(109248K), 0.0200496 secs] 112429K->21500K(502464K), 0.0202319 secs] [Times: user=0.02 sys=0.00, real=0.02 secs] 
Heap after GC invocations=171 (full 1):
 par new generation   total 109248K, used 7551K [0x00000000e0000000, 0x00000000e8000000, 0x00000000e8000000)
  eden space 87424K,   0% used [0x00000000e0000000, 0x00000000e0000000, 0x00000000e5560000)
  from space 21824K,  34% used [0x00000000e6ab0000, 0x00000000e720fc00, 0x00000000e8000000)
  to   space 21824K,   0% used [0x00000000e5560000, 0x00000000e5560000, 0x00000000e6ab0000)
 concurrent mark-sweep generation total 393216K, used 13949K [0x00000000e8000000, 0x0000000100000000, 0x0000000100000000)
 Metaspace       used 34600K, capacity 35108K, committed 35296K, reserved 1081344K
  class space    used 3625K, capacity 3782K, committed 3836K, reserved 1048576K
}
2017-03-31T04:57:48.225+0200: 328.951: Total time for which application threads were stopped: 0.0207031 seconds, Stopping threads took: 0.0001372 seconds
{Heap before GC invocations=171 (full 1):
 par new generation   total 109248K, used 94975K [0x00000000e0000000, 0x00000000e8000000, 0x00000000e8000000)
  eden space 87424K, 100% used [0x00000000e0000000, 0x00000000e5560000, 0x00000000e5560000)
  from space 21824K,  34% used [0x00000000e6ab0000, 0x00000000e720fc00, 0x00000000e8000000)
  to   space 21824K,   0% used [0x00000000e5560000, 0x00000000e5560000, 0x00000000e6ab0000)
 concurrent mark-sweep generation total 393216K, used 13949K [0x00000000e8000000, 0x0000000100000000, 0x0000000100000000)
 Metaspace       used 34600K, capacity 35108K, committed 35296K, reserved 1081344K
  class space    used 3625K, capacity 3782K, committed 3836K, reserved 1048576K
2017-03-31T04:57:48.559+0200: 329.285: [GC (Allocation Failure) 2017-03-31T04:57:48.559+0200: 329.285: [ParNew
Desired survivor size 20112992 bytes, new threshold 8 (max 8)
- age   1:    3634936 bytes,    3634936 total
- age   2:    2791824 bytes,    6426760 total
- age   3:    1895960 bytes,    8322720 total
- age   4:       4704 bytes,    8327424 total
- age   5:       5104 bytes,    8332528 total
- age   6:      12304 bytes,    8344832 total
- age   7:       6184 bytes,    8351016 total
- age   8:       3480 bytes,    8354496 total
: 94975K->9723K(109248K), 0.0199908 secs] 108924K->23679K(502464K), 0.0200554 secs] [Times: user=0.01 sys=0.00, real=0.02 secs] 
Heap after GC invocations=172 (full 1):
 par new generation   total 109248K, used 9723K [0x00000000e0000000, 0x00000000e8000000, 0x00000000e8000000)
  eden space 87424K,   0% used [0x00000000e0000000, 0x00000000e0000000, 0x00000000e5560000)
  from space 21824K,  44% used [0x00000000e5560000, 0x00000000e5edeea0, 0x00000000e6ab0000)
  to   space 21824K,   0% used [0x00000000e6ab0000, 0x00000000e6ab0000, 0x00000000e8000000)
 concurrent mark-sweep generation total 393216K, used 13956K [0x00000000e8000000, 0x0000000100000000, 0x0000000100000000)
 Metaspace       used 34600K, capacity 35108K, committed 35296K, reserved 1081344K
  class space    used 3625K, capacity 3782K, committed 3836K, reserved 1048576K
}
2017-03-31T04:57:48.579+0200: 329.305: Total time for which application threads were stopped: 0.0222399 seconds, Stopping threads took: 0.0020221 seconds
{Heap before GC invocations=172 (full 1):
 par new generation   total 109248K, used 97147K [0x00000000e0000000, 0x00000000e8000000, 0x00000000e8000000)
  eden space 87424K, 100% used [0x00000000e0000000, 0x00000000e5560000, 0x00000000e5560000)
  from space 21824K,  44% used [0x00000000e5560000, 0x00000000e5edeea0, 0x00000000e6ab0000)
  to   space 21824K,   0% used [0x00000000e6ab0000, 0x00000000e6ab0000, 0x00000000e8000000)
 concurrent mark-sweep generation total 393216K, used 13956K [0x00000000e8000000, 0x0000000100000000, 0x0000000100000000)
 Metaspace       used 34600K, capacity 35108K, committed 35296K, reserved 1081344K
  class space    used 3625K, capacity 3782K, committed 3836K, reserved 1048576K
2017-03-31T04:57:49.123+0200: 329.849: [GC (Allocation Failure) 2017-03-31T04:57:49.123+0200: 329.849: [ParNew
Desired survivor size 20112992 bytes, new threshold 8 (max 8)
- age   1:    4437472 bytes,    4437472 total
- age   2:    2970936 bytes,    7408408 total
- age   3:       6720 bytes,    7415128 total
- age   4:      11920 bytes,    7427048 total
- age   5:       4704 bytes,    7431752 total
- age   6:       4912 bytes,    7436664 total
- age   7:       6856 bytes,    7443520 total
- age   8:       6184 bytes,    7449704 total
: 97147K->11923K(109248K), 0.0307134 secs] 111103K->25883K(502464K), 0.0308009 secs] [Times: user=0.03 sys=0.00, real=0.03 secs] 
Heap after GC invocations=173 (full 1):
 par new generation   total 109248K, used 11923K [0x00000000e0000000, 0x00000000e8000000, 0x00000000e8000000)
  eden space 87424K,   0% used [0x00000000e0000000, 0x00000000e0000000, 0x00000000e5560000)
  from space 21824K,  54% used [0x00000000e6ab0000, 0x00000000e7654f28, 0x00000000e8000000)
  to   space 21824K,   0% used [0x00000000e5560000, 0x00000000e5560000, 0x00000000e6ab0000)
 concurrent mark-sweep generation total 393216K, used 13959K [0x00000000e8000000, 0x0000000100000000, 0x0000000100000000)
 Metaspace       used 34600K, capacity 35108K, committed 35296K, reserved 1081344K
  class space    used 3625K, capacity 3782K, committed 3836K, reserved 1048576K
}
2017-03-31T04:57:49.153+0200: 329.880: Total time for which application threads were stopped: 0.0311968 seconds, Stopping threads took: 0.0000367 seconds
{Heap before GC invocations=173 (full 1):
 par new generation   total 109248K, used 99347K [0x00000000e0000000, 0x00000000e8000000, 0x00000000e8000000)
  eden space 87424K, 100% used [0x00000000e0000000, 0x00000000e5560000, 0x00000000e5560000)
  from space 21824K,  54% used [0x00000000e6ab0000, 0x00000000e7654f28, 0x00000000e8000000)
  to   space 21824K,   0% used [0x00000000e5560000, 0x00000000e5560000, 0x00000000e6ab0000)
 concurrent mark-sweep generation total 393216K, used 13959K [0x00000000e8000000, 0x0000000100000000, 0x0000000100000000)
 Metaspace       used 34600K, capacity 35108K, committed 35296K, reserved 1081344K
  class space    used 3625K, capacity 3782K, committed 3836K, reserved 1048576K
2017-03-31T04:57:49.532+0200: 330.258: [GC (Allocation Failure) 2017-03-31T04:57:49.532+0200: 330.258: [ParNew
Desired survivor size 20112992 bytes, new threshold 8 (max 8)
- age   1:    3729688 bytes,    3729688 total
- age   2:    2349200 bytes,    6078888 total
- age   3:      10048 bytes,    6088936 total
- age   4:       6272 bytes,    6095208 total
- age   5:      11728 bytes,    6106936 total
- age   6:       4704 bytes,    6111640 total
- age   7:       4720 bytes,    6116360 total
- age   8:       6856 bytes,    6123216 total
: 99347K->7044K(109248K), 0.0223157 secs] 113307K->21010K(502464K), 0.0223912 secs] [Times: user=0.03 sys=0.00, real=0.02 secs] 
Heap after GC invocations=174 (full 1):
 par new generation   total 109248K, used 7044K [0x00000000e0000000, 0x00000000e8000000, 0x00000000e8000000)
  eden space 87424K,   0% used [0x00000000e0000000, 0x00000000e0000000, 0x00000000e5560000)
  from space 21824K,  32% used [0x00000000e5560000, 0x00000000e5c41140, 0x00000000e6ab0000)
  to   space 21824K,   0% used [0x00000000e6ab0000, 0x00000000e6ab0000, 0x00000000e8000000)
 concurrent mark-sweep generation total 393216K, used 13965K [0x00000000e8000000, 0x0000000100000000, 0x0000000100000000)
 Metaspace       used 34600K, capacity 35108K, committed 35296K, reserved 1081344K
  class space    used 3625K, capacity 3782K, committed 3836K, reserved 1048576K
}
2017-03-31T04:57:49.554+0200: 330.281: Total time for which application threads were stopped: 0.0225819 seconds, Stopping threads took: 0.0000318 seconds
{Heap before GC invocations=174 (full 1):
 par new generation   total 109248K, used 94457K [0x00000000e0000000, 0x00000000e8000000, 0x00000000e8000000)
  eden space 87424K,  99% used [0x00000000e0000000, 0x00000000e555d5d0, 0x00000000e5560000)
  from space 21824K,  32% used [0x00000000e5560000, 0x00000000e5c41140, 0x00000000e6ab0000)
  to   space 21824K,   0% used [0x00000000e6ab0000, 0x00000000e6ab0000, 0x00000000e8000000)
 concurrent mark-sweep generation total 393216K, used 13965K [0x00000000e8000000, 0x0000000100000000, 0x0000000100000000)
 Metaspace       used 34600K, capacity 35108K, committed 35296K, reserved 1081344K
  class space    used 3625K, capacity 3782K, committed 3836K, reserved 1048576K
2017-03-31T04:57:49.842+0200: 330.568: [GC (Allocation Failure) 2017-03-31T04:57:49.842+0200: 330.568: [ParNew
Desired survivor size 20112992 bytes, new threshold 8 (max 8)
- age   1:    2584880 bytes,    2584880 total
- age   2:    3505264 bytes,    6090144 total
- age   3:    2044000 bytes,    8134144 total
- age   4:      10048 bytes,    8144192 total
- age   5:       6272 bytes,    8150464 total
- age   6:      11728 bytes,    8162192 total
- age   7:       4704 bytes,    8166896 total
- age   8:       4720 bytes,    8171616 total
: 94457K->10730K(109248K), 0.0419893 secs] 108423K->24703K(502464K), 0.0420618 secs] [Times: user=0.04 sys=0.00, real=0.04 secs] 
Heap after GC invocations=175 (full 1):
 par new generation   total 109248K, used 10730K [0x00000000e0000000, 0x00000000e8000000, 0x00000000e8000000)
  eden space 87424K,   0% used [0x00000000e0000000, 0x00000000e0000000, 0x00000000e5560000)
  from space 21824K,  49% used [0x00000000e6ab0000, 0x00000000e752aac0, 0x00000000e8000000)
  to   space 21824K,   0% used [0x00000000e5560000, 0x00000000e5560000, 0x00000000e6ab0000)
 concurrent mark-sweep generation total 393216K, used 13972K [0x00000000e8000000, 0x0000000100000000, 0x0000000100000000)
 Metaspace       used 34600K, capacity 35108K, committed 35296K, reserved 1081344K
  class space    used 3625K, capacity 3782K, committed 3836K, reserved 1048576K
}
2017-03-31T04:57:49.884+0200: 330.610: Total time for which application threads were stopped: 0.0443488 seconds, Stopping threads took: 0.0021223 seconds
{Heap before GC invocations=175 (full 1):
 par new generation   total 109248K, used 98154K [0x00000000e0000000, 0x00000000e8000000, 0x00000000e8000000)
  eden space 87424K, 100% used [0x00000000e0000000, 0x00000000e5560000, 0x00000000e5560000)
  from space 21824K,  49% used [0x00000000e6ab0000, 0x00000000e752aac0, 0x00000000e8000000)
  to   space 21824K,   0% used [0x00000000e5560000, 0x00000000e5560000, 0x00000000e6ab0000)
 concurrent mark-sweep generation total 393216K, used 13972K [0x00000000e8000000, 0x0000000100000000, 0x0000000100000000)
 Metaspace       used 34601K, capacity 35108K, committed 35296K, reserved 1081344K
  class space    used 3625K, capacity 3782K, committed 3836K, reserved 1048576K
2017-03-31T04:57:50.360+0200: 331.087: [GC (Allocation Failure) 2017-03-31T04:57:50.360+0200: 331.087: [ParNew
Desired survivor size 20112992 bytes, new threshold 8 (max 8)
- age   1:    4191400 bytes,    4191400 total
- age   2:    2150144 bytes,    6341544 total
- age   3:     853992 bytes,    7195536 total
- age   4:       8384 bytes,    7203920 total
- age   5:      10048 bytes,    7213968 total
- age   6:       6272 bytes,    7220240 total
- age   7:      11728 bytes,    7231968 total
- age   8:       4704 bytes,    7236672 total
: 98154K->10834K(109248K), 0.0421769 secs] 112127K->24811K(502464K), 0.0422457 secs] [Times: user=0.04 sys=0.00, real=0.04 secs] 
Heap after GC invocations=176 (full 1):
 par new generation   total 109248K, used 10834K [0x00000000e0000000, 0x00000000e8000000, 0x00000000e8000000)
  eden space 87424K,   0% used [0x00000000e0000000, 0x00000000e0000000, 0x00000000e5560000)
  from space 21824K,  49% used [0x00000000e5560000, 0x00000000e5ff4ac0, 0x00000000e6ab0000)
  to   space 21824K,   0% used [0x00000000e6ab0000, 0x00000000e6ab0000, 0x00000000e8000000)
 concurrent mark-sweep generation total 393216K, used 13977K [0x00000000e8000000, 0x0000000100000000, 0x0000000100000000)
 Metaspace       used 34601K, capacity 35108K, committed 35296K, reserved 1081344K
  class space    used 3625K, capacity 3782K, committed 3836K, reserved 1048576K
}
2017-03-31T04:57:50.403+0200: 331.129: Total time for which application threads were stopped: 0.0425567 seconds, Stopping threads took: 0.0000356 seconds
{Heap before GC invocations=176 (full 1):
 par new generation   total 109248K, used 98258K [0x00000000e0000000, 0x00000000e8000000, 0x00000000e8000000)
  eden space 87424K, 100% used [0x00000000e0000000, 0x00000000e5560000, 0x00000000e5560000)
  from space 21824K,  49% used [0x00000000e5560000, 0x00000000e5ff4ac0, 0x00000000e6ab0000)
  to   space 21824K,   0% used [0x00000000e6ab0000, 0x00000000e6ab0000, 0x00000000e8000000)
 concurrent mark-sweep generation total 393216K, used 13977K [0x00000000e8000000, 0x0000000100000000, 0x0000000100000000)
 Metaspace       used 34601K, capacity 35108K, committed 35296K, reserved 1081344K
  class space    used 3625K, capacity 3782K, committed 3836K, reserved 1048576K
2017-03-31T04:57:50.811+0200: 331.538: [GC (Allocation Failure) 2017-03-31T04:57:50.811+0200: 331.538: [ParNew
Desired survivor size 20112992 bytes, new threshold 8 (max 8)
- age   1:    4299224 bytes,    4299224 total
- age   2:    2120224 bytes,    6419448 total
- age   3:       2912 bytes,    6422360 total
- age   4:       5880 bytes,    6428240 total
- age   5:       8256 bytes,    6436496 total
- age   6:       9832 bytes,    6446328 total
- age   7:       6272 bytes,    6452600 total
- age   8:       6280 bytes,    6458880 total
: 98258K->8550K(109248K), 0.0202612 secs] 112235K->22532K(502464K), 0.0203335 secs] [Times: user=0.02 sys=0.00, real=0.01 secs] 
Heap after GC invocations=177 (full 1):
 par new generation   total 109248K, used 8550K [0x00000000e0000000, 0x00000000e8000000, 0x00000000e8000000)
  eden space 87424K,   0% used [0x00000000e0000000, 0x00000000e0000000, 0x00000000e5560000)
  from space 21824K,  39% used [0x00000000e6ab0000, 0x00000000e7309aa0, 0x00000000e8000000)
  to   space 21824K,   0% used [0x00000000e5560000, 0x00000000e5560000, 0x00000000e6ab0000)
 concurrent mark-sweep generation total 393216K, used 13981K [0x00000000e8000000, 0x0000000100000000, 0x0000000100000000)
 Metaspace       used 34601K, capacity 35108K, committed 35296K, reserved 1081344K
  class space    used 3625K, capacity 3782K, committed 3836K, reserved 1048576K
}
2017-03-31T04:57:50.832+0200: 331.558: Total time for which application threads were stopped: 0.0225082 seconds, Stopping threads took: 0.0020196 seconds
{Heap before GC invocations=177 (full 1):
 par new generation   total 109248K, used 95972K [0x00000000e0000000, 0x00000000e8000000, 0x00000000e8000000)
  eden space 87424K,  99% used [0x00000000e0000000, 0x00000000e555f5d0, 0x00000000e5560000)
  from space 21824K,  39% used [0x00000000e6ab0000, 0x00000000e7309aa0, 0x00000000e8000000)
  to   space 21824K,   0% used [0x00000000e5560000, 0x00000000e5560000, 0x00000000e6ab0000)
 concurrent mark-sweep generation total 393216K, used 13981K [0x00000000e8000000, 0x0000000100000000, 0x0000000100000000)
 Metaspace       used 34601K, capacity 35108K, committed 35296K, reserved 1081344K
  class space    used 3625K, capacity 3782K, committed 3836K, reserved 1048576K
2017-03-31T04:57:51.157+0200: 331.883: [GC (Allocation Failure) 2017-03-31T04:57:51.157+0200: 331.883: [ParNew
Desired survivor size 20112992 bytes, new threshold 8 (max 8)
- age   1:    3370424 bytes,    3370424 total
- age   2:    3818600 bytes,    7189024 total
- age   3:    1884376 bytes,    9073400 total
- age   4:       2912 bytes,    9076312 total
- age   5:       5880 bytes,    9082192 total
- age   6:       8256 bytes,    9090448 total
- age   7:       9832 bytes,    9100280 total
- age   8:       6272 bytes,    9106552 total
: 95972K->10772K(109248K), 0.0253938 secs] 109953K->24760K(502464K), 0.0254739 secs] [Times: user=0.02 sys=0.00, real=0.03 secs] 
Heap after GC invocations=178 (full 1):
 par new generation   total 109248K, used 10772K [0x00000000e0000000, 0x00000000e8000000, 0x00000000e8000000)
  eden space 87424K,   0% used [0x00000000e0000000, 0x00000000e0000000, 0x00000000e5560000)
  from space 21824K,  49% used [0x00000000e5560000, 0x00000000e5fe5240, 0x00000000e6ab0000)
  to   space 21824K,   0% used [0x00000000e6ab0000, 0x00000000e6ab0000, 0x00000000e8000000)
 concurrent mark-sweep generation total 393216K, used 13988K [0x00000000e8000000, 0x0000000100000000, 0x0000000100000000)
 Metaspace       used 34601K, capacity 35108K, committed 35296K, reserved 1081344K
  class space    used 3625K, capacity 3782K, committed 3836K, reserved 1048576K
}
2017-03-31T04:57:51.183+0200: 331.909: Total time for which application threads were stopped: 0.0282869 seconds, Stopping threads took: 0.0026447 seconds
{Heap before GC invocations=178 (full 1):
 par new generation   total 109248K, used 98196K [0x00000000e0000000, 0x00000000e8000000, 0x00000000e8000000)
  eden space 87424K, 100% used [0x00000000e0000000, 0x00000000e5560000, 0x00000000e5560000)
  from space 21824K,  49% used [0x00000000e5560000, 0x00000000e5fe5240, 0x00000000e6ab0000)
  to   space 21824K,   0% used [0x00000000e6ab0000, 0x00000000e6ab0000, 0x00000000e8000000)
 concurrent mark-sweep generation total 393216K, used 13988K [0x00000000e8000000, 0x0000000100000000, 0x0000000100000000)
 Metaspace       used 34601K, capacity 35108K, committed 35296K, reserved 1081344K
  class space    used 3625K, capacity 3782K, committed 3836K, reserved 1048576K
2017-03-31T04:57:51.570+0200: 332.297: [GC (Allocation Failure) 2017-03-31T04:57:51.570+0200: 332.297: [ParNew
Desired survivor size 20112992 bytes, new threshold 8 (max 8)
- age   1:    4164704 bytes,    4164704 total
- age   2:    2416616 bytes,    6581320 total
- age   3:     970632 bytes,    7551952 total
- age   4:      12696 bytes,    7564648 total
- age   5:       2912 bytes,    7567560 total
- age   6:       5752 bytes,    7573312 total
- age   7:       8192 bytes,    7581504 total
- age   8:       9832 bytes,    7591336 total
: 98196K->13018K(109248K), 0.0321172 secs] 112184K->27013K(502464K), 0.0322047 secs] [Times: user=0.03 sys=0.00, real=0.03 secs] 
Heap after GC invocations=179 (full 1):
 par new generation   total 109248K, used 13018K [0x00000000e0000000, 0x00000000e8000000, 0x00000000e8000000)
  eden space 87424K,   0% used [0x00000000e0000000, 0x00000000e0000000, 0x00000000e5560000)
  from space 21824K,  59% used [0x00000000e6ab0000, 0x00000000e7766b30, 0x00000000e8000000)
  to   space 21824K,   0% used [0x00000000e5560000, 0x00000000e5560000, 0x00000000e6ab0000)
 concurrent mark-sweep generation total 393216K, used 13994K [0x00000000e8000000, 0x0000000100000000, 0x0000000100000000)
 Metaspace       used 34601K, capacity 35108K, committed 35296K, reserved 1081344K
  class space    used 3625K, capacity 3782K, committed 3836K, reserved 1048576K
}
2017-03-31T04:57:51.603+0200: 332.329: Total time for which application threads were stopped: 0.0324298 seconds, Stopping threads took: 0.0000359 seconds
{Heap before GC invocations=179 (full 1):
 par new generation   total 109248K, used 100442K [0x00000000e0000000, 0x00000000e8000000, 0x00000000e8000000)
  eden space 87424K, 100% used [0x00000000e0000000, 0x00000000e5560000, 0x00000000e5560000)
  from space 21824K,  59% used [0x00000000e6ab0000, 0x00000000e7766b30, 0x00000000e8000000)
  to   space 21824K,   0% used [0x00000000e5560000, 0x00000000e5560000, 0x00000000e6ab0000)
 concurrent mark-sweep generation total 393216K, used 13994K [0x00000000e8000000, 0x0000000100000000, 0x0000000100000000)
 Metaspace       used 34601K, capacity 35108K, committed 35296K, reserved 1081344K
  class space    used 3625K, capacity 3782K, committed 3836K, reserved 1048576K
2017-03-31T04:57:51.987+0200: 332.714: [GC (Allocation Failure) 2017-03-31T04:57:51.987+0200: 332.714: [ParNew
Desired survivor size 20112992 bytes, new threshold 8 (max 8)
- age   1:    3826696 bytes,    3826696 total
- age   2:    2354824 bytes,    6181520 total
- age   3:       3120 bytes,    6184640 total
- age   4:       6576 bytes,    6191216 total
- age   5:      12440 bytes,    6203656 total
- age   6:       2784 bytes,    6206440 total
- age   7:       5624 bytes,    6212064 total
- age   8:       8192 bytes,    6220256 total
: 100442K->8354K(109248K), 0.0260000 secs] 114437K->22358K(502464K), 0.0260696 secs] [Times: user=0.02 sys=0.00, real=0.03 secs] 
Heap after GC invocations=180 (full 1):
 par new generation   total 109248K, used 8354K [0x00000000e0000000, 0x00000000e8000000, 0x00000000e8000000)
  eden space 87424K,   0% used [0x00000000e0000000, 0x00000000e0000000, 0x00000000e5560000)
  from space 21824K,  38% used [0x00000000e5560000, 0x00000000e5d88ab0, 0x00000000e6ab0000)
  to   space 21824K,   0% used [0x00000000e6ab0000, 0x00000000e6ab0000, 0x00000000e8000000)
 concurrent mark-sweep generation total 393216K, used 14004K [0x00000000e8000000, 0x0000000100000000, 0x0000000100000000)
 Metaspace       used 34601K, capacity 35108K, committed 35296K, reserved 1081344K
  class space    used 3625K, capacity 3782K, committed 3836K, reserved 1048576K
}
2017-03-31T04:57:52.013+0200: 332.740: Total time for which application threads were stopped: 0.0262322 seconds, Stopping threads took: 0.0000325 seconds
{Heap before GC invocations=180 (full 1):
 par new generation   total 109248K, used 95778K [0x00000000e0000000, 0x00000000e8000000, 0x00000000e8000000)
  eden space 87424K,  99% used [0x00000000e0000000, 0x00000000e555fe50, 0x00000000e5560000)
  from space 21824K,  38% used [0x00000000e5560000, 0x00000000e5d88ab0, 0x00000000e6ab0000)
  to   space 21824K,   0% used [0x00000000e6ab0000, 0x00000000e6ab0000, 0x00000000e8000000)
 concurrent mark-sweep generation total 393216K, used 14004K [0x00000000e8000000, 0x0000000100000000, 0x0000000100000000)
 Metaspace       used 34601K, capacity 35108K, committed 35296K, reserved 1081344K
  class space    used 3625K, capacity 3782K, committed 3836K, reserved 1048576K
2017-03-31T04:57:52.267+0200: 332.994: [GC (Allocation Failure) 2017-03-31T04:57:52.267+0200: 332.994: [ParNew
Desired survivor size 20112992 bytes, new threshold 8 (max 8)
- age   1:    3533752 bytes,    3533752 total
- age   2:    3549784 bytes,    7083536 total
- age   3:    2123976 bytes,    9207512 total
- age   4:       3120 bytes,    9210632 total
- age   5:       6576 bytes,    9217208 total
- age   6:      12440 bytes,    9229648 total
- age   7:       2760 bytes,    9232408 total
- age   8:       5624 bytes,    9238032 total
: 95778K->11221K(109248K), 0.0236850 secs] 109782K->25234K(502464K), 0.0237569 secs] [Times: user=0.02 sys=0.01, real=0.03 secs] 
Heap after GC invocations=181 (full 1):
 par new generation   total 109248K, used 11221K [0x00000000e0000000, 0x00000000e8000000, 0x00000000e8000000)
  eden space 87424K,   0% used [0x00000000e0000000, 0x00000000e0000000, 0x00000000e5560000)
  from space 21824K,  51% used [0x00000000e6ab0000, 0x00000000e75a5710, 0x00000000e8000000)
  to   space 21824K,   0% used [0x00000000e5560000, 0x00000000e5560000, 0x00000000e6ab0000)
 concurrent mark-sweep generation total 393216K, used 14012K [0x00000000e8000000, 0x0000000100000000, 0x0000000100000000)
 Metaspace       used 34601K, capacity 35108K, committed 35296K, reserved 1081344K
  class space    used 3625K, capacity 3782K, committed 3836K, reserved 1048576K
}
2017-03-31T04:57:52.291+0200: 333.017: Total time for which application threads were stopped: 0.0239438 seconds, Stopping threads took: 0.0000326 seconds
{Heap before GC invocations=181 (full 1):
 par new generation   total 109248K, used 98634K [0x00000000e0000000, 0x00000000e8000000, 0x00000000e8000000)
  eden space 87424K,  99% used [0x00000000e0000000, 0x00000000e555d1b0, 0x00000000e5560000)
  from space 21824K,  51% used [0x00000000e6ab0000, 0x00000000e75a5710, 0x00000000e8000000)
  to   space 21824K,   0% used [0x00000000e5560000, 0x00000000e5560000, 0x00000000e6ab0000)
 concurrent mark-sweep generation total 393216K, used 14012K [0x00000000e8000000, 0x0000000100000000, 0x0000000100000000)
 Metaspace       used 34601K, capacity 35108K, committed 35296K, reserved 1081344K
  class space    used 3625K, capacity 3782K, committed 3836K, reserved 1048576K
2017-03-31T04:57:52.683+0200: 333.409: [GC (Allocation Failure) 2017-03-31T04:57:52.683+0200: 333.409: [ParNew
Desired survivor size 20112992 bytes, new threshold 8 (max 8)
- age   1:    3795056 bytes,    3795056 total
- age   2:    2833784 bytes,    6628840 total
- age   3:     977008 bytes,    7605848 total
- age   4:       7192 bytes,    7613040 total
- age   5:       3120 bytes,    7616160 total
- age   6:       6512 bytes,    7622672 total
- age   7:      11784 bytes,    7634456 total
- age   8:       2760 bytes,    7637216 total
: 98634K->13243K(109248K), 0.0426033 secs] 112646K->27261K(502464K), 0.0427349 secs] [Times: user=0.03 sys=0.01, real=0.04 secs] 
Heap after GC invocations=182 (full 1):
 par new generation   total 109248K, used 13243K [0x00000000e0000000, 0x00000000e8000000, 0x00000000e8000000)
  eden space 87424K,   0% used [0x00000000e0000000, 0x00000000e0000000, 0x00000000e5560000)
  from space 21824K,  60% used [0x00000000e5560000, 0x00000000e624ee08, 0x00000000e6ab0000)
  to   space 21824K,   0% used [0x00000000e6ab0000, 0x00000000e6ab0000, 0x00000000e8000000)
 concurrent mark-sweep generation total 393216K, used 14017K [0x00000000e8000000, 0x0000000100000000, 0x0000000100000000)
 Metaspace       used 34601K, capacity 35108K, committed 35296K, reserved 1081344K
  class space    used 3625K, capacity 3782K, committed 3836K, reserved 1048576K
}
2017-03-31T04:57:52.725+0200: 333.452: Total time for which application threads were stopped: 0.0429047 seconds, Stopping threads took: 0.0000359 seconds
{Heap before GC invocations=182 (full 1):
 par new generation   total 109248K, used 100667K [0x00000000e0000000, 0x00000000e8000000, 0x00000000e8000000)
  eden space 87424K, 100% used [0x00000000e0000000, 0x00000000e5560000, 0x00000000e5560000)
  from space 21824K,  60% used [0x00000000e5560000, 0x00000000e624ee08, 0x00000000e6ab0000)
  to   space 21824K,   0% used [0x00000000e6ab0000, 0x00000000e6ab0000, 0x00000000e8000000)
 concurrent mark-sweep generation total 393216K, used 14017K [0x00000000e8000000, 0x0000000100000000, 0x0000000100000000)
 Metaspace       used 34601K, capacity 35108K, committed 35296K, reserved 1081344K
  class space    used 3625K, capacity 3782K, committed 3836K, reserved 1048576K
2017-03-31T04:57:53.110+0200: 333.837: [GC (Allocation Failure) 2017-03-31T04:57:53.111+0200: 333.837: [ParNew
Desired survivor size 20112992 bytes, new threshold 8 (max 8)
- age   1:    4320808 bytes,    4320808 total
- age   2:    2460584 bytes,    6781392 total
- age   3:       9288 bytes,    6790680 total
- age   4:       6824 bytes,    6797504 total
- age   5:       6808 bytes,    6804312 total
- age   6:       3120 bytes,    6807432 total
- age   7:       6448 bytes,    6813880 total
- age   8:      11784 bytes,    6825664 total
: 100667K->8452K(109248K), 0.0201745 secs] 114685K->22472K(502464K), 0.0203888 secs] [Times: user=0.01 sys=0.01, real=0.01 secs] 
Heap after GC invocations=183 (full 1):
 par new generation   total 109248K, used 8452K [0x00000000e0000000, 0x00000000e8000000, 0x00000000e8000000)
  eden space 87424K,   0% used [0x00000000e0000000, 0x00000000e0000000, 0x00000000e5560000)
  from space 21824K,  38% used [0x00000000e6ab0000, 0x00000000e72f1080, 0x00000000e8000000)
  to   space 21824K,   0% used [0x00000000e5560000, 0x00000000e5560000, 0x00000000e6ab0000)
 concurrent mark-sweep generation total 393216K, used 14020K [0x00000000e8000000, 0x0000000100000000, 0x0000000100000000)
 Metaspace       used 34601K, capacity 35108K, committed 35296K, reserved 1081344K
  class space    used 3625K, capacity 3782K, committed 3836K, reserved 1048576K
}
2017-03-31T04:57:53.131+0200: 333.857: Total time for which application threads were stopped: 0.0208214 seconds, Stopping threads took: 0.0000491 seconds
{Heap before GC invocations=183 (full 1):
 par new generation   total 109248K, used 95875K [0x00000000e0000000, 0x00000000e8000000, 0x00000000e8000000)
  eden space 87424K,  99% used [0x00000000e0000000, 0x00000000e555fd10, 0x00000000e5560000)
  from space 21824K,  38% used [0x00000000e6ab0000, 0x00000000e72f1080, 0x00000000e8000000)
  to   space 21824K,   0% used [0x00000000e5560000, 0x00000000e5560000, 0x00000000e6ab0000)
 concurrent mark-sweep generation total 393216K, used 14020K [0x00000000e8000000, 0x0000000100000000, 0x0000000100000000)
 Metaspace       used 34602K, capacity 35108K, committed 35296K, reserved 1081344K
  class space    used 3625K, capacity 3782K, committed 3836K, reserved 1048576K
2017-03-31T04:57:53.406+0200: 334.132: [GC (Allocation Failure) 2017-03-31T04:57:53.406+0200: 334.133: [ParNew
Desired survivor size 20112992 bytes, new threshold 8 (max 8)
- age   1:    2947816 bytes,    2947816 total
- age   2:    3816872 bytes,    6764688 total
- age   3:    2227848 bytes,    8992536 total
- age   4:       9288 bytes,    9001824 total
- age   5:       6800 bytes,    9008624 total
- age   6:       6808 bytes,    9015432 total
- age   7:       3120 bytes,    9018552 total
- age   8:       6448 bytes,    9025000 total
: 95875K->11876K(109248K), 0.0244306 secs] 109896K->25903K(502464K), 0.0244937 secs] [Times: user=0.03 sys=0.00, real=0.02 secs] 
Heap after GC invocations=184 (full 1):
 par new generation   total 109248K, used 11876K [0x00000000e0000000, 0x00000000e8000000, 0x00000000e8000000)
  eden space 87424K,   0% used [0x00000000e0000000, 0x00000000e0000000, 0x00000000e5560000)
  from space 21824K,  54% used [0x00000000e5560000, 0x00000000e60f9380, 0x00000000e6ab0000)
  to   space 21824K,   0% used [0x00000000e6ab0000, 0x00000000e6ab0000, 0x00000000e8000000)
 concurrent mark-sweep generation total 393216K, used 14026K [0x00000000e8000000, 0x0000000100000000, 0x0000000100000000)
 Metaspace       used 34602K, capacity 35108K, committed 35296K, reserved 1081344K
  class space    used 3625K, capacity 3782K, committed 3836K, reserved 1048576K
}
2017-03-31T04:57:53.431+0200: 334.157: Total time for which application threads were stopped: 0.0246655 seconds, Stopping threads took: 0.0000185 seconds
{Heap before GC invocations=184 (full 1):
 par new generation   total 109248K, used 99300K [0x00000000e0000000, 0x00000000e8000000, 0x00000000e8000000)
  eden space 87424K, 100% used [0x00000000e0000000, 0x00000000e5560000, 0x00000000e5560000)
  from space 21824K,  54% used [0x00000000e5560000, 0x00000000e60f9380, 0x00000000e6ab0000)
  to   space 21824K,   0% used [0x00000000e6ab0000, 0x00000000e6ab0000, 0x00000000e8000000)
 concurrent mark-sweep generation total 393216K, used 14026K [0x00000000e8000000, 0x0000000100000000, 0x0000000100000000)
 Metaspace       used 34602K, capacity 35108K, committed 35296K, reserved 1081344K
  class space    used 3625K, capacity 3782K, committed 3836K, reserved 1048576K
2017-03-31T04:57:53.874+0200: 334.600: [GC (Allocation Failure) 2017-03-31T04:57:53.874+0200: 334.600: [ParNew
Desired survivor size 20112992 bytes, new threshold 8 (max 8)
- age   1:    3829968 bytes,    3829968 total
- age   2:    2594568 bytes,    6424536 total
- age   3:    1355560 bytes,    7780096 total
- age   4:       5800 bytes,    7785896 total
- age   5:       9288 bytes,    7795184 total
- age   6:       6416 bytes,    7801600 total
- age   7:       6808 bytes,    7808408 total
- age   8:       3120 bytes,    7811528 total
: 99300K->10776K(109248K), 0.0376549 secs] 113327K->24809K(502464K), 0.0377109 secs] [Times: user=0.04 sys=0.00, real=0.03 secs] 
Heap after GC invocations=185 (full 1):
 par new generation   total 109248K, used 10776K [0x00000000e0000000, 0x00000000e8000000, 0x00000000e8000000)
  eden space 87424K,   0% used [0x00000000e0000000, 0x00000000e0000000, 0x00000000e5560000)
  from space 21824K,  49% used [0x00000000e6ab0000, 0x00000000e75362e8, 0x00000000e8000000)
  to   space 21824K,   0% used [0x00000000e5560000, 0x00000000e5560000, 0x00000000e6ab0000)
 concurrent mark-sweep generation total 393216K, used 14033K [0x00000000e8000000, 0x0000000100000000, 0x0000000100000000)
 Metaspace       used 34602K, capacity 35108K, committed 35296K, reserved 1081344K
  class space    used 3625K, capacity 3782K, committed 3836K, reserved 1048576K
}
2017-03-31T04:57:53.912+0200: 334.638: Total time for which application threads were stopped: 0.0398788 seconds, Stopping threads took: 0.0020166 seconds
{Heap before GC invocations=185 (full 1):
 par new generation   total 109248K, used 98200K [0x00000000e0000000, 0x00000000e8000000, 0x00000000e8000000)
  eden space 87424K, 100% used [0x00000000e0000000, 0x00000000e5560000, 0x00000000e5560000)
  from space 21824K,  49% used [0x00000000e6ab0000, 0x00000000e75362e8, 0x00000000e8000000)
  to   space 21824K,   0% used [0x00000000e5560000, 0x00000000e5560000, 0x00000000e6ab0000)
 concurrent mark-sweep generation total 393216K, used 14033K [0x00000000e8000000, 0x0000000100000000, 0x0000000100000000)
 Metaspace       used 34602K, capacity 35108K, committed 35296K, reserved 1081344K
  class space    used 3625K, capacity 3782K, committed 3836K, reserved 1048576K
2017-03-31T04:57:54.444+0200: 335.171: [GC (Allocation Failure) 2017-03-31T04:57:54.444+0200: 335.171: [ParNew
Desired survivor size 20112992 bytes, new threshold 8 (max 8)
- age   1:    4309696 bytes,    4309696 total
- age   2:    2507808 bytes,    6817504 total
- age   3:       3816 bytes,    6821320 total
- age   4:      12264 bytes,    6833584 total
- age   5:       5560 bytes,    6839144 total
- age   6:       3840 bytes,    6842984 total
- age   7:       6416 bytes,    6849400 total
- age   8:       6760 bytes,    6856160 total
: 98200K->10145K(109248K), 0.0367313 secs] 112233K->24181K(502464K), 0.0368066 secs] [Times: user=0.03 sys=0.00, real=0.04 secs] 
Heap after GC invocations=186 (full 1):
 par new generation   total 109248K, used 10145K [0x00000000e0000000, 0x00000000e8000000, 0x00000000e8000000)
  eden space 87424K,   0% used [0x00000000e0000000, 0x00000000e0000000, 0x00000000e5560000)
  from space 21824K,  46% used [0x00000000e5560000, 0x00000000e5f484f0, 0x00000000e6ab0000)
  to   space 21824K,   0% used [0x00000000e6ab0000, 0x00000000e6ab0000, 0x00000000e8000000)
 concurrent mark-sweep generation total 393216K, used 14036K [0x00000000e8000000, 0x0000000100000000, 0x0000000100000000)
 Metaspace       used 34602K, capacity 35108K, committed 35296K, reserved 1081344K
  class space    used 3625K, capacity 3782K, committed 3836K, reserved 1048576K
}
2017-03-31T04:57:54.481+0200: 335.207: Total time for which application threads were stopped: 0.0369604 seconds, Stopping threads took: 0.0000306 seconds
{Heap before GC invocations=186 (full 1):
 par new generation   total 109248K, used 97569K [0x00000000e0000000, 0x00000000e8000000, 0x00000000e8000000)
  eden space 87424K, 100% used [0x00000000e0000000, 0x00000000e5560000, 0x00000000e5560000)
  from space 21824K,  46% used [0x00000000e5560000, 0x00000000e5f484f0, 0x00000000e6ab0000)
  to   space 21824K,   0% used [0x00000000e6ab0000, 0x00000000e6ab0000, 0x00000000e8000000)
 concurrent mark-sweep generation total 393216K, used 14036K [0x00000000e8000000, 0x0000000100000000, 0x0000000100000000)
 Metaspace       used 34602K, capacity 35108K, committed 35296K, reserved 1081344K
  class space    used 3625K, capacity 3782K, committed 3836K, reserved 1048576K
2017-03-31T04:57:54.744+0200: 335.471: [GC (Allocation Failure) 2017-03-31T04:57:54.744+0200: 335.471: [ParNew
Desired survivor size 20112992 bytes, new threshold 8 (max 8)
- age   1:    3162056 bytes,    3162056 total
- age   2:    2029888 bytes,    5191944 total
- age   3:      23040 bytes,    5214984 total
- age   4:       3816 bytes,    5218800 total
- age   5:      12200 bytes,    5231000 total
- age   6:       5560 bytes,    5236560 total
- age   7:       3840 bytes,    5240400 total
- age   8:       6416 bytes,    5246816 total
: 97569K->7393K(109248K), 0.0202440 secs] 111605K->21436K(502464K), 0.0203126 secs] [Times: user=0.02 sys=0.00, real=0.02 secs] 
Heap after GC invocations=187 (full 1):
 par new generation   total 109248K, used 7393K [0x00000000e0000000, 0x00000000e8000000, 0x00000000e8000000)
  eden space 87424K,   0% used [0x00000000e0000000, 0x00000000e0000000, 0x00000000e5560000)
  from space 21824K,  33% used [0x00000000e6ab0000, 0x00000000e71e8478, 0x00000000e8000000)
  to   space 21824K,   0% used [0x00000000e5560000, 0x00000000e5560000, 0x00000000e6ab0000)
 concurrent mark-sweep generation total 393216K, used 14042K [0x00000000e8000000, 0x0000000100000000, 0x0000000100000000)
 Metaspace       used 34602K, capacity 35108K, committed 35296K, reserved 1081344K
  class space    used 3625K, capacity 3782K, committed 3836K, reserved 1048576K
}
2017-03-31T04:57:54.765+0200: 335.491: Total time for which application threads were stopped: 0.0205030 seconds, Stopping threads took: 0.0000220 seconds
{Heap before GC invocations=187 (full 1):
 par new generation   total 109248K, used 94817K [0x00000000e0000000, 0x00000000e8000000, 0x00000000e8000000)
  eden space 87424K, 100% used [0x00000000e0000000, 0x00000000e5560000, 0x00000000e5560000)
  from space 21824K,  33% used [0x00000000e6ab0000, 0x00000000e71e8478, 0x00000000e8000000)
  to   space 21824K,   0% used [0x00000000e5560000, 0x00000000e5560000, 0x00000000e6ab0000)
 concurrent mark-sweep generation total 393216K, used 14042K [0x00000000e8000000, 0x0000000100000000, 0x0000000100000000)
 Metaspace       used 34602K, capacity 35108K, committed 35296K, reserved 1081344K
  class space    used 3625K, capacity 3782K, committed 3836K, reserved 1048576K
2017-03-31T04:57:55.152+0200: 335.878: [GC (Allocation Failure) 2017-03-31T04:57:55.152+0200: 335.878: [ParNew
Desired survivor size 20112992 bytes, new threshold 8 (max 8)
- age   1:    3594176 bytes,    3594176 total
- age   2:    2610928 bytes,    6205104 total
- age   3:    1550496 bytes,    7755600 total
- age   4:      11048 bytes,    7766648 total
- age   5:       3816 bytes,    7770464 total
- age   6:       6624 bytes,    7777088 total
- age   7:       5536 bytes,    7782624 total
- age   8:       3840 bytes,    7786464 total
: 94817K->9725K(109248K), 0.0427710 secs] 108860K->23775K(502464K), 0.0428555 secs] [Times: user=0.04 sys=0.00, real=0.04 secs] 
Heap after GC invocations=188 (full 1):
 par new generation   total 109248K, used 9725K [0x00000000e0000000, 0x00000000e8000000, 0x00000000e8000000)
  eden space 87424K,   0% used [0x00000000e0000000, 0x00000000e0000000, 0x00000000e5560000)
  from space 21824K,  44% used [0x00000000e5560000, 0x00000000e5edf6f8, 0x00000000e6ab0000)
  to   space 21824K,   0% used [0x00000000e6ab0000, 0x00000000e6ab0000, 0x00000000e8000000)
 concurrent mark-sweep generation total 393216K, used 14049K [0x00000000e8000000, 0x0000000100000000, 0x0000000100000000)
 Metaspace       used 34602K, capacity 35108K, committed 35296K, reserved 1081344K
  class space    used 3625K, capacity 3782K, committed 3836K, reserved 1048576K
}
2017-03-31T04:57:55.195+0200: 335.921: Total time for which application threads were stopped: 0.0430567 seconds, Stopping threads took: 0.0000390 seconds
{Heap before GC invocations=188 (full 1):
 par new generation   total 109248K, used 97149K [0x00000000e0000000, 0x00000000e8000000, 0x00000000e8000000)
  eden space 87424K, 100% used [0x00000000e0000000, 0x00000000e5560000, 0x00000000e5560000)
  from space 21824K,  44% used [0x00000000e5560000, 0x00000000e5edf6f8, 0x00000000e6ab0000)
  to   space 21824K,   0% used [0x00000000e6ab0000, 0x00000000e6ab0000, 0x00000000e8000000)
 concurrent mark-sweep generation total 393216K, used 14049K [0x00000000e8000000, 0x0000000100000000, 0x0000000100000000)
 Metaspace       used 34602K, capacity 35108K, committed 35296K, reserved 1081344K
  class space    used 3625K, capacity 3782K, committed 3836K, reserved 1048576K
2017-03-31T04:57:55.642+0200: 336.369: [GC (Allocation Failure) 2017-03-31T04:57:55.642+0200: 336.369: [ParNew
Desired survivor size 20112992 bytes, new threshold 8 (max 8)
- age   1:    4622016 bytes,    4622016 total
- age   2:    2591688 bytes,    7213704 total
- age   3:       3704 bytes,    7217408 total
- age   4:       7160 bytes,    7224568 total
- age   5:      10856 bytes,    7235424 total
- age   6:       3816 bytes,    7239240 total
- age   7:       6624 bytes,    7245864 total
- age   8:       5536 bytes,    7251400 total
: 97149K->11114K(109248K), 0.0198175 secs] 111199K->25168K(502464K), 0.0198731 secs] [Times: user=0.02 sys=0.00, real=0.02 secs] 
Heap after GC invocations=189 (full 1):
 par new generation   total 109248K, used 11114K [0x00000000e0000000, 0x00000000e8000000, 0x00000000e8000000)
  eden space 87424K,   0% used [0x00000000e0000000, 0x00000000e0000000, 0x00000000e5560000)
  from space 21824K,  50% used [0x00000000e6ab0000, 0x00000000e758abd8, 0x00000000e8000000)
  to   space 21824K,   0% used [0x00000000e5560000, 0x00000000e5560000, 0x00000000e6ab0000)
 concurrent mark-sweep generation total 393216K, used 14053K [0x00000000e8000000, 0x0000000100000000, 0x0000000100000000)
 Metaspace       used 34602K, capacity 35108K, committed 35296K, reserved 1081344K
  class space    used 3625K, capacity 3782K, committed 3836K, reserved 1048576K
}
2017-03-31T04:57:55.662+0200: 336.388: Total time for which application threads were stopped: 0.0220415 seconds, Stopping threads took: 0.0020175 seconds
{Heap before GC invocations=189 (full 1):
 par new generation   total 109248K, used 98538K [0x00000000e0000000, 0x00000000e8000000, 0x00000000e8000000)
  eden space 87424K, 100% used [0x00000000e0000000, 0x00000000e5560000, 0x00000000e5560000)
  from space 21824K,  50% used [0x00000000e6ab0000, 0x00000000e758abd8, 0x00000000e8000000)
  to   space 21824K,   0% used [0x00000000e5560000, 0x00000000e5560000, 0x00000000e6ab0000)
 concurrent mark-sweep generation total 393216K, used 14053K [0x00000000e8000000, 0x0000000100000000, 0x0000000100000000)
 Metaspace       used 34602K, capacity 35108K, committed 35296K, reserved 1081344K
  class space    used 3625K, capacity 3782K, committed 3836K, reserved 1048576K
2017-03-31T04:57:56.034+0200: 336.760: [GC (Allocation Failure) 2017-03-31T04:57:56.034+0200: 336.760: [ParNew
Desired survivor size 20112992 bytes, new threshold 8 (max 8)
- age   1:    3860320 bytes,    3860320 total
- age   2:    2106568 bytes,    5966888 total
- age   3:      11392 bytes,    5978280 total
- age   4:       3704 bytes,    5981984 total
- age   5:       6968 bytes,    5988952 total
- age   6:      10728 bytes,    5999680 total
- age   7:       3816 bytes,    6003496 total
- age   8:       6624 bytes,    6010120 total
: 98538K->8395K(109248K), 0.0259024 secs] 112592K->22454K(502464K), 0.0259757 secs] [Times: user=0.02 sys=0.00, real=0.02 secs] 
Heap after GC invocations=190 (full 1):
 par new generation   total 109248K, used 8395K [0x00000000e0000000, 0x00000000e8000000, 0x00000000e8000000)
  eden space 87424K,   0% used [0x00000000e0000000, 0x00000000e0000000, 0x00000000e5560000)
  from space 21824K,  38% used [0x00000000e5560000, 0x00000000e5d92e30, 0x00000000e6ab0000)
  to   space 21824K,   0% used [0x00000000e6ab0000, 0x00000000e6ab0000, 0x00000000e8000000)
 concurrent mark-sweep generation total 393216K, used 14058K [0x00000000e8000000, 0x0000000100000000, 0x0000000100000000)
 Metaspace       used 34602K, capacity 35108K, committed 35296K, reserved 1081344K
  class space    used 3625K, capacity 3782K, committed 3836K, reserved 1048576K
}
2017-03-31T04:57:56.060+0200: 336.786: Total time for which application threads were stopped: 0.0262402 seconds, Stopping threads took: 0.0000367 seconds
{Heap before GC invocations=190 (full 1):
 par new generation   total 109248K, used 95806K [0x00000000e0000000, 0x00000000e8000000, 0x00000000e8000000)
  eden space 87424K,  99% used [0x00000000e0000000, 0x00000000e555cc70, 0x00000000e5560000)
  from space 21824K,  38% used [0x00000000e5560000, 0x00000000e5d92e30, 0x00000000e6ab0000)
  to   space 21824K,   0% used [0x00000000e6ab0000, 0x00000000e6ab0000, 0x00000000e8000000)
 concurrent mark-sweep generation total 393216K, used 14058K [0x00000000e8000000, 0x0000000100000000, 0x0000000100000000)
 Metaspace       used 34602K, capacity 35108K, committed 35296K, reserved 1081344K
  class space    used 3625K, capacity 3782K, committed 3836K, reserved 1048576K
2017-03-31T04:57:56.326+0200: 337.052: [GC (Allocation Failure) 2017-03-31T04:57:56.326+0200: 337.052: [ParNew
Desired survivor size 20112992 bytes, new threshold 8 (max 8)
- age   1:    3534864 bytes,    3534864 total
- age   2:    3557624 bytes,    7092488 total
- age   3:    1801152 bytes,    8893640 total
- age   4:      11392 bytes,    8905032 total
- age   5:       3704 bytes,    8908736 total
- age   6:       6968 bytes,    8915704 total
- age   7:       5296 bytes,    8921000 total
- age   8:       3816 bytes,    8924816 total
: 95806K->10641K(109248K), 0.0197323 secs] 109865K->24706K(502464K), 0.0197885 secs] [Times: user=0.02 sys=0.00, real=0.02 secs] 
Heap after GC invocations=191 (full 1):
 par new generation   total 109248K, used 10641K [0x00000000e0000000, 0x00000000e8000000, 0x00000000e8000000)
  eden space 87424K,   0% used [0x00000000e0000000, 0x00000000e0000000, 0x00000000e5560000)
  from space 21824K,  48% used [0x00000000e6ab0000, 0x00000000e7514770, 0x00000000e8000000)
  to   space 21824K,   0% used [0x00000000e5560000, 0x00000000e5560000, 0x00000000e6ab0000)
 concurrent mark-sweep generation total 393216K, used 14065K [0x00000000e8000000, 0x0000000100000000, 0x0000000100000000)
 Metaspace       used 34602K, capacity 35108K, committed 35296K, reserved 1081344K
  class space    used 3625K, capacity 3782K, committed 3836K, reserved 1048576K
}
2017-03-31T04:57:56.346+0200: 337.072: Total time for which application threads were stopped: 0.0199561 seconds, Stopping threads took: 0.0000272 seconds
{Heap before GC invocations=191 (full 1):
 par new generation   total 109248K, used 98065K [0x00000000e0000000, 0x00000000e8000000, 0x00000000e8000000)
  eden space 87424K, 100% used [0x00000000e0000000, 0x00000000e5560000, 0x00000000e5560000)
  from space 21824K,  48% used [0x00000000e6ab0000, 0x00000000e7514770, 0x00000000e8000000)
  to   space 21824K,   0% used [0x00000000e5560000, 0x00000000e5560000, 0x00000000e6ab0000)
 concurrent mark-sweep generation total 393216K, used 14065K [0x00000000e8000000, 0x0000000100000000, 0x0000000100000000)
 Metaspace       used 34602K, capacity 35108K, committed 35296K, reserved 1081344K
  class space    used 3625K, capacity 3782K, committed 3836K, reserved 1048576K
2017-03-31T04:57:56.806+0200: 337.533: [GC (Allocation Failure) 2017-03-31T04:57:56.806+0200: 337.533: [ParNew
Desired survivor size 20112992 bytes, new threshold 8 (max 8)
- age   1:    3846264 bytes,    3846264 total
- age   2:    3070512 bytes,    6916776 total
- age   3:     622816 bytes,    7539592 total
- age   4:       8608 bytes,    7548200 total
- age   5:      11264 bytes,    7559464 total
- age   6:       3616 bytes,    7563080 total
- age   7:       6968 bytes,    7570048 total
- age   8:       5232 bytes,    7575280 total
: 98065K->10945K(109248K), 0.0180069 secs] 112130K->25014K(502464K), 0.0180740 secs] [Times: user=0.01 sys=0.00, real=0.02 secs] 
Heap after GC invocations=192 (full 1):
 par new generation   total 109248K, used 10945K [0x00000000e0000000, 0x00000000e8000000, 0x00000000e8000000)
  eden space 87424K,   0% used [0x00000000e0000000, 0x00000000e0000000, 0x00000000e5560000)
  from space 21824K,  50% used [0x00000000e5560000, 0x00000000e6010540, 0x00000000e6ab0000)
  to   space 21824K,   0% used [0x00000000e6ab0000, 0x00000000e6ab0000, 0x00000000e8000000)
 concurrent mark-sweep generation total 393216K, used 14068K [0x00000000e8000000, 0x0000000100000000, 0x0000000100000000)
 Metaspace       used 34602K, capacity 35108K, committed 35296K, reserved 1081344K
  class space    used 3625K, capacity 3782K, committed 3836K, reserved 1048576K
}
2017-03-31T04:57:56.825+0200: 337.551: Total time for which application threads were stopped: 0.0239551 seconds, Stopping threads took: 0.0057439 seconds
{Heap before GC invocations=192 (full 1):
 par new generation   total 109248K, used 98351K [0x00000000e0000000, 0x00000000e8000000, 0x00000000e8000000)
  eden space 87424K,  99% used [0x00000000e0000000, 0x00000000e555b910, 0x00000000e5560000)
  from space 21824K,  50% used [0x00000000e5560000, 0x00000000e6010540, 0x00000000e6ab0000)
  to   space 21824K,   0% used [0x00000000e6ab0000, 0x00000000e6ab0000, 0x00000000e8000000)
 concurrent mark-sweep generation total 393216K, used 14068K [0x00000000e8000000, 0x0000000100000000, 0x0000000100000000)
 Metaspace       used 34602K, capacity 35108K, committed 35296K, reserved 1081344K
  class space    used 3625K, capacity 3782K, committed 3836K, reserved 1048576K
2017-03-31T04:57:57.223+0200: 337.949: [GC (Allocation Failure) 2017-03-31T04:57:57.223+0200: 337.949: [ParNew
Desired survivor size 20112992 bytes, new threshold 8 (max 8)
- age   1:    4656656 bytes,    4656656 total
- age   2:    2442536 bytes,    7099192 total
- age   3:       3856 bytes,    7103048 total
- age   4:       6592 bytes,    7109640 total
- age   5:       8416 bytes,    7118056 total
- age   6:      11264 bytes,    7129320 total
- age   7:       3616 bytes,    7132936 total
- age   8:       6944 bytes,    7139880 total
: 98351K->9196K(109248K), 0.0224223 secs] 112420K->23270K(502464K), 0.0224864 secs] [Times: user=0.02 sys=0.00, real=0.02 secs] 
Heap after GC invocations=193 (full 1):
 par new generation   total 109248K, used 9196K [0x00000000e0000000, 0x00000000e8000000, 0x00000000e8000000)
  eden space 87424K,   0% used [0x00000000e0000000, 0x00000000e0000000, 0x00000000e5560000)
  from space 21824K,  42% used [0x00000000e6ab0000, 0x00000000e73ab300, 0x00000000e8000000)
  to   space 21824K,   0% used [0x00000000e5560000, 0x00000000e5560000, 0x00000000e6ab0000)
 concurrent mark-sweep generation total 393216K, used 14073K [0x00000000e8000000, 0x0000000100000000, 0x0000000100000000)
 Metaspace       used 34602K, capacity 35108K, committed 35296K, reserved 1081344K
  class space    used 3625K, capacity 3782K, committed 3836K, reserved 1048576K
}
2017-03-31T04:57:57.245+0200: 337.972: Total time for which application threads were stopped: 0.0247325 seconds, Stopping threads took: 0.0020905 seconds
{Heap before GC invocations=193 (full 1):
 par new generation   total 109248K, used 96620K [0x00000000e0000000, 0x00000000e8000000, 0x00000000e8000000)
  eden space 87424K, 100% used [0x00000000e0000000, 0x00000000e5560000, 0x00000000e5560000)
  from space 21824K,  42% used [0x00000000e6ab0000, 0x00000000e73ab300, 0x00000000e8000000)
  to   space 21824K,   0% used [0x00000000e5560000, 0x00000000e5560000, 0x00000000e6ab0000)
 concurrent mark-sweep generation total 393216K, used 14073K [0x00000000e8000000, 0x0000000100000000, 0x0000000100000000)
 Metaspace       used 34602K, capacity 35108K, committed 35296K, reserved 1081344K
  class space    used 3625K, capacity 3782K, committed 3836K, reserved 1048576K
2017-03-31T04:57:57.538+0200: 338.265: [GC (Allocation Failure) 2017-03-31T04:57:57.538+0200: 338.265: [ParNew
Desired survivor size 20112992 bytes, new threshold 8 (max 8)
- age   1:    3339432 bytes,    3339432 total
- age   2:    1966832 bytes,    5306264 total
- age   3:      15864 bytes,    5322128 total
- age   4:       3856 bytes,    5325984 total
- age   5:       6464 bytes,    5332448 total
- age   6:       8416 bytes,    5340864 total
- age   7:      11264 bytes,    5352128 total
- age   8:       3616 bytes,    5355744 total
: 96620K->7528K(109248K), 0.0224439 secs] 110694K->21609K(502464K), 0.0225191 secs] [Times: user=0.02 sys=0.00, real=0.03 secs] 
Heap after GC invocations=194 (full 1):
 par new generation   total 109248K, used 7528K [0x00000000e0000000, 0x00000000e8000000, 0x00000000e8000000)
  eden space 87424K,   0% used [0x00000000e0000000, 0x00000000e0000000, 0x00000000e5560000)
  from space 21824K,  34% used [0x00000000e5560000, 0x00000000e5cba240, 0x00000000e6ab0000)
  to   space 21824K,   0% used [0x00000000e6ab0000, 0x00000000e6ab0000, 0x00000000e8000000)
 concurrent mark-sweep generation total 393216K, used 14080K [0x00000000e8000000, 0x0000000100000000, 0x0000000100000000)
 Metaspace       used 34602K, capacity 35108K, committed 35296K, reserved 1081344K
  class space    used 3625K, capacity 3782K, committed 3836K, reserved 1048576K
}
2017-03-31T04:57:57.561+0200: 338.287: Total time for which application threads were stopped: 0.0227272 seconds, Stopping threads took: 0.0000367 seconds
{Heap before GC invocations=194 (full 1):
 par new generation   total 109248K, used 94952K [0x00000000e0000000, 0x00000000e8000000, 0x00000000e8000000)
  eden space 87424K, 100% used [0x00000000e0000000, 0x00000000e5560000, 0x00000000e5560000)
  from space 21824K,  34% used [0x00000000e5560000, 0x00000000e5cba240, 0x00000000e6ab0000)
  to   space 21824K,   0% used [0x00000000e6ab0000, 0x00000000e6ab0000, 0x00000000e8000000)
 concurrent mark-sweep generation total 393216K, used 14080K [0x00000000e8000000, 0x0000000100000000, 0x0000000100000000)
 Metaspace       used 34604K, capacity 35108K, committed 35296K, reserved 1081344K
  class space    used 3625K, capacity 3782K, committed 3836K, reserved 1048576K
2017-03-31T04:57:57.922+0200: 338.649: [GC (Allocation Failure) 2017-03-31T04:57:57.922+0200: 338.649: [ParNew
Desired survivor size 20112992 bytes, new threshold 8 (max 8)
- age   1:    3592848 bytes,    3592848 total
- age   2:    2784440 bytes,    6377288 total
- age   3:    1433408 bytes,    7810696 total
- age   4:       6776 bytes,    7817472 total
- age   5:       3856 bytes,    7821328 total
- age   6:       6400 bytes,    7827728 total
- age   7:       8416 bytes,    7836144 total
- age   8:      11264 bytes,    7847408 total
: 94952K->9354K(109248K), 0.0220597 secs] 109033K->23439K(502464K), 0.0221439 secs] [Times: user=0.02 sys=0.00, real=0.02 secs] 
Heap after GC invocations=195 (full 1):
 par new generation   total 109248K, used 9354K [0x00000000e0000000, 0x00000000e8000000, 0x00000000e8000000)
  eden space 87424K,   0% used [0x00000000e0000000, 0x00000000e0000000, 0x00000000e5560000)
  from space 21824K,  42% used [0x00000000e6ab0000, 0x00000000e73d2b48, 0x00000000e8000000)
  to   space 21824K,   0% used [0x00000000e5560000, 0x00000000e5560000, 0x00000000e6ab0000)
 concurrent mark-sweep generation total 393216K, used 14084K [0x00000000e8000000, 0x0000000100000000, 0x0000000100000000)
 Metaspace       used 34604K, capacity 35108K, committed 35296K, reserved 1081344K
  class space    used 3625K, capacity 3782K, committed 3836K, reserved 1048576K
}
2017-03-31T04:57:57.944+0200: 338.671: Total time for which application threads were stopped: 0.0223315 seconds, Stopping threads took: 0.0000306 seconds
{Heap before GC invocations=195 (full 1):
 par new generation   total 109248K, used 96778K [0x00000000e0000000, 0x00000000e8000000, 0x00000000e8000000)
  eden space 87424K, 100% used [0x00000000e0000000, 0x00000000e5560000, 0x00000000e5560000)
  from space 21824K,  42% used [0x00000000e6ab0000, 0x00000000e73d2b48, 0x00000000e8000000)
  to   space 21824K,   0% used [0x00000000e5560000, 0x00000000e5560000, 0x00000000e6ab0000)
 concurrent mark-sweep generation total 393216K, used 14084K [0x00000000e8000000, 0x0000000100000000, 0x0000000100000000)
 Metaspace       used 34606K, capacity 35108K, committed 35296K, reserved 1081344K
  class space    used 3625K, capacity 3782K, committed 3836K, reserved 1048576K
2017-03-31T04:57:58.364+0200: 339.090: [GC (Allocation Failure) 2017-03-31T04:57:58.364+0200: 339.090: [ParNew
Desired survivor size 20112992 bytes, new threshold 8 (max 8)
- age   1:    4555480 bytes,    4555480 total
- age   2:    2608312 bytes,    7163792 total
- age   3:       4280 bytes,    7168072 total
- age   4:      13272 bytes,    7181344 total
- age   5:       6456 bytes,    7187800 total
- age   6:       3856 bytes,    7191656 total
- age   7:       6272 bytes,    7197928 total
- age   8:       8416 bytes,    7206344 total
: 96778K->11317K(109248K), 0.0316200 secs] 110863K->25413K(502464K), 0.0316771 secs] [Times: user=0.03 sys=0.00, real=0.03 secs] 
Heap after GC invocations=196 (full 1):
 par new generation   total 109248K, used 11317K [0x00000000e0000000, 0x00000000e8000000, 0x00000000e8000000)
  eden space 87424K,   0% used [0x00000000e0000000, 0x00000000e0000000, 0x00000000e5560000)
  from space 21824K,  51% used [0x00000000e5560000, 0x00000000e606d618, 0x00000000e6ab0000)
  to   space 21824K,   0% used [0x00000000e6ab0000, 0x00000000e6ab0000, 0x00000000e8000000)
 concurrent mark-sweep generation total 393216K, used 14095K [0x00000000e8000000, 0x0000000100000000, 0x0000000100000000)
 Metaspace       used 34606K, capacity 35108K, committed 35296K, reserved 1081344K
  class space    used 3625K, capacity 3782K, committed 3836K, reserved 1048576K
}
2017-03-31T04:57:58.396+0200: 339.122: Total time for which application threads were stopped: 0.0338440 seconds, Stopping threads took: 0.0020243 seconds
{Heap before GC invocations=196 (full 1):
 par new generation   total 109248K, used 98741K [0x00000000e0000000, 0x00000000e8000000, 0x00000000e8000000)
  eden space 87424K, 100% used [0x00000000e0000000, 0x00000000e5560000, 0x00000000e5560000)
  from space 21824K,  51% used [0x00000000e5560000, 0x00000000e606d618, 0x00000000e6ab0000)
  to   space 21824K,   0% used [0x00000000e6ab0000, 0x00000000e6ab0000, 0x00000000e8000000)
 concurrent mark-sweep generation total 393216K, used 14095K [0x00000000e8000000, 0x0000000100000000, 0x0000000100000000)
 Metaspace       used 34606K, capacity 35108K, committed 35296K, reserved 1081344K
  class space    used 3625K, capacity 3782K, committed 3836K, reserved 1048576K
2017-03-31T04:57:58.875+0200: 339.602: [GC (Allocation Failure) 2017-03-31T04:57:58.876+0200: 339.602: [ParNew
Desired survivor size 20112992 bytes, new threshold 8 (max 8)
- age   1:    4149672 bytes,    4149672 total
- age   2:    2033880 bytes,    6183552 total
- age   3:       5152 bytes,    6188704 total
- age   4:       4256 bytes,    6192960 total
- age   5:      12496 bytes,    6205456 total
- age   6:       6456 bytes,    6211912 total
- age   7:       3856 bytes,    6215768 total
- age   8:       6272 bytes,    6222040 total
: 98741K->8440K(109248K), 0.0321539 secs] 112837K->22544K(502464K), 0.0322263 secs] [Times: user=0.03 sys=0.00, real=0.03 secs] 
Heap after GC invocations=197 (full 1):
 par new generation   total 109248K, used 8440K [0x00000000e0000000, 0x00000000e8000000, 0x00000000e8000000)
  eden space 87424K,   0% used [0x00000000e0000000, 0x00000000e0000000, 0x00000000e5560000)
  from space 21824K,  38% used [0x00000000e6ab0000, 0x00000000e72ee140, 0x00000000e8000000)
  to   space 21824K,   0% used [0x00000000e5560000, 0x00000000e5560000, 0x00000000e6ab0000)
 concurrent mark-sweep generation total 393216K, used 14103K [0x00000000e8000000, 0x0000000100000000, 0x0000000100000000)
 Metaspace       used 34606K, capacity 35108K, committed 35296K, reserved 1081344K
  class space    used 3625K, capacity 3782K, committed 3836K, reserved 1048576K
}
2017-03-31T04:57:58.908+0200: 339.634: Total time for which application threads were stopped: 0.0350793 seconds, Stopping threads took: 0.0026981 seconds
{Heap before GC invocations=197 (full 1):
 par new generation   total 109248K, used 95846K [0x00000000e0000000, 0x00000000e8000000, 0x00000000e8000000)
  eden space 87424K,  99% used [0x00000000e0000000, 0x00000000e555b718, 0x00000000e5560000)
  from space 21824K,  38% used [0x00000000e6ab0000, 0x00000000e72ee140, 0x00000000e8000000)
  to   space 21824K,   0% used [0x00000000e5560000, 0x00000000e5560000, 0x00000000e6ab0000)
 concurrent mark-sweep generation total 393216K, used 14103K [0x00000000e8000000, 0x0000000100000000, 0x0000000100000000)
 Metaspace       used 34606K, capacity 35108K, committed 35296K, reserved 1081344K
  class space    used 3625K, capacity 3782K, committed 3836K, reserved 1048576K
2017-03-31T04:57:59.181+0200: 339.907: [GC (Allocation Failure) 2017-03-31T04:57:59.181+0200: 339.907: [ParNew
Desired survivor size 20112992 bytes, new threshold 8 (max 8)
- age   1:    2866456 bytes,    2866456 total
- age   2:    3520120 bytes,    6386576 total
- age   3:    1728384 bytes,    8114960 total
- age   4:       5152 bytes,    8120112 total
- age   5:       4256 bytes,    8124368 total
- age   6:       7048 bytes,    8131416 total
- age   7:       6432 bytes,    8137848 total
- age   8:       3856 bytes,    8141704 total
: 95846K->10929K(109248K), 0.0378354 secs] 109949K->25039K(502464K), 0.0379222 secs] [Times: user=0.03 sys=0.00, real=0.04 secs] 
Heap after GC invocations=198 (full 1):
 par new generation   total 109248K, used 10929K [0x00000000e0000000, 0x00000000e8000000, 0x00000000e8000000)
  eden space 87424K,   0% used [0x00000000e0000000, 0x00000000e0000000, 0x00000000e5560000)
  from space 21824K,  50% used [0x00000000e5560000, 0x00000000e600c4c0, 0x00000000e6ab0000)
  to   space 21824K,   0% used [0x00000000e6ab0000, 0x00000000e6ab0000, 0x00000000e8000000)
 concurrent mark-sweep generation total 393216K, used 14110K [0x00000000e8000000, 0x0000000100000000, 0x0000000100000000)
 Metaspace       used 34606K, capacity 35108K, committed 35296K, reserved 1081344K
  class space    used 3625K, capacity 3782K, committed 3836K, reserved 1048576K
}
2017-03-31T04:57:59.219+0200: 339.945: Total time for which application threads were stopped: 0.0381429 seconds, Stopping threads took: 0.0000356 seconds
{Heap before GC invocations=198 (full 1):
 par new generation   total 109248K, used 98353K [0x00000000e0000000, 0x00000000e8000000, 0x00000000e8000000)
  eden space 87424K, 100% used [0x00000000e0000000, 0x00000000e5560000, 0x00000000e5560000)
  from space 21824K,  50% used [0x00000000e5560000, 0x00000000e600c4c0, 0x00000000e6ab0000)
  to   space 21824K,   0% used [0x00000000e6ab0000, 0x00000000e6ab0000, 0x00000000e8000000)
 concurrent mark-sweep generation total 393216K, used 14110K [0x00000000e8000000, 0x0000000100000000, 0x0000000100000000)
 Metaspace       used 34606K, capacity 35108K, committed 35296K, reserved 1081344K
  class space    used 3625K, capacity 3782K, committed 3836K, reserved 1048576K
2017-03-31T04:57:59.644+0200: 340.370: [GC (Allocation Failure) 2017-03-31T04:57:59.644+0200: 340.370: [ParNew
Desired survivor size 20112992 bytes, new threshold 8 (max 8)
- age   1:    4501824 bytes,    4501824 total
- age   2:    2474440 bytes,    6976264 total
- age   3:     539016 bytes,    7515280 total
- age   4:       7536 bytes,    7522816 total
- age   5:       5088 bytes,    7527904 total
- age   6:       4128 bytes,    7532032 total
- age   7:       7048 bytes,    7539080 total
- age   8:       6432 bytes,    7545512 total
: 98353K->10346K(109248K), 0.0181138 secs] 112463K->24460K(502464K), 0.0181968 secs] [Times: user=0.01 sys=0.00, real=0.01 secs] 
Heap after GC invocations=199 (full 1):
 par new generation   total 109248K, used 10346K [0x00000000e0000000, 0x00000000e8000000, 0x00000000e8000000)
  eden space 87424K,   0% used [0x00000000e0000000, 0x00000000e0000000, 0x00000000e5560000)
  from space 21824K,  47% used [0x00000000e6ab0000, 0x00000000e74ca8c0, 0x00000000e8000000)
  to   space 21824K,   0% used [0x00000000e5560000, 0x00000000e5560000, 0x00000000e6ab0000)
 concurrent mark-sweep generation total 393216K, used 14113K [0x00000000e8000000, 0x0000000100000000, 0x0000000100000000)
 Metaspace       used 34606K, capacity 35108K, committed 35296K, reserved 1081344K
  class space    used 3625K, capacity 3782K, committed 3836K, reserved 1048576K
}
2017-03-31T04:57:59.662+0200: 340.388: Total time for which application threads were stopped: 0.0183668 seconds, Stopping threads took: 0.0000350 seconds
{Heap before GC invocations=199 (full 1):
 par new generation   total 109248K, used 97770K [0x00000000e0000000, 0x00000000e8000000, 0x00000000e8000000)
  eden space 87424K, 100% used [0x00000000e0000000, 0x00000000e5560000, 0x00000000e5560000)
  from space 21824K,  47% used [0x00000000e6ab0000, 0x00000000e74ca8c0, 0x00000000e8000000)
  to   space 21824K,   0% used [0x00000000e5560000, 0x00000000e5560000, 0x00000000e6ab0000)
 concurrent mark-sweep generation total 393216K, used 14113K [0x00000000e8000000, 0x0000000100000000, 0x0000000100000000)
 Metaspace       used 34607K, capacity 35108K, committed 35296K, reserved 1081344K
  class space    used 3625K, capacity 3782K, committed 3836K, reserved 1048576K
2017-03-31T04:58:00.061+0200: 340.787: [GC (Allocation Failure) 2017-03-31T04:58:00.061+0200: 340.787: [ParNew
Desired survivor size 20112992 bytes, new threshold 8 (max 8)
- age   1:    4506896 bytes,    4506896 total
- age   2:    2439776 bytes,    6946672 total
- age   3:       3184 bytes,    6949856 total
- age   4:      12088 bytes,    6961944 total
- age   5:       7152 bytes,    6969096 total
- age   6:       5088 bytes,    6974184 total
- age   7:       4128 bytes,    6978312 total
- age   8:       7048 bytes,    6985360 total
: 97770K->9259K(109248K), 0.0209656 secs] 111884K->23379K(502464K), 0.0210352 secs] [Times: user=0.02 sys=0.00, real=0.02 secs] 
Heap after GC invocations=200 (full 1):
 par new generation   total 109248K, used 9259K [0x00000000e0000000, 0x00000000e8000000, 0x00000000e8000000)
  eden space 87424K,   0% used [0x00000000e0000000, 0x00000000e0000000, 0x00000000e5560000)
  from space 21824K,  42% used [0x00000000e5560000, 0x00000000e5e6ae20, 0x00000000e6ab0000)
  to   space 21824K,   0% used [0x00000000e6ab0000, 0x00000000e6ab0000, 0x00000000e8000000)
 concurrent mark-sweep generation total 393216K, used 14120K [0x00000000e8000000, 0x0000000100000000, 0x0000000100000000)
 Metaspace       used 34607K, capacity 35108K, committed 35296K, reserved 1081344K
  class space    used 3625K, capacity 3782K, committed 3836K, reserved 1048576K
}
2017-03-31T04:58:00.082+0200: 340.808: Total time for which application threads were stopped: 0.0212439 seconds, Stopping threads took: 0.0000372 seconds
{Heap before GC invocations=200 (full 1):
 par new generation   total 109248K, used 96683K [0x00000000e0000000, 0x00000000e8000000, 0x00000000e8000000)
  eden space 87424K, 100% used [0x00000000e0000000, 0x00000000e5560000, 0x00000000e5560000)
  from space 21824K,  42% used [0x00000000e5560000, 0x00000000e5e6ae20, 0x00000000e6ab0000)
  to   space 21824K,   0% used [0x00000000e6ab0000, 0x00000000e6ab0000, 0x00000000e8000000)
 concurrent mark-sweep generation total 393216K, used 14120K [0x00000000e8000000, 0x0000000100000000, 0x0000000100000000)
 Metaspace       used 34607K, capacity 35108K, committed 35296K, reserved 1081344K
  class space    used 3625K, capacity 3782K, committed 3836K, reserved 1048576K
2017-03-31T04:58:00.456+0200: 341.182: [GC (Allocation Failure) 2017-03-31T04:58:00.456+0200: 341.182: [ParNew
Desired survivor size 20112992 bytes, new threshold 8 (max 8)
- age   1:    3299784 bytes,    3299784 total
- age   2:    1934032 bytes,    5233816 total
- age   3:      15088 bytes,    5248904 total
- age   4:       3184 bytes,    5252088 total
- age   5:       6640 bytes,    5258728 total
- age   6:       7128 bytes,    5265856 total
- age   7:       5088 bytes,    5270944 total
- age   8:       4104 bytes,    5275048 total
: 96683K->7839K(109248K), 0.0193550 secs] 110803K->21966K(502464K), 0.0194310 secs] [Times: user=0.02 sys=0.00, real=0.02 secs] 
Heap after GC invocations=201 (full 1):
 par new generation   total 109248K, used 7839K [0x00000000e0000000, 0x00000000e8000000, 0x00000000e8000000)
  eden space 87424K,   0% used [0x00000000e0000000, 0x00000000e0000000, 0x00000000e5560000)
  from space 21824K,  35% used [0x00000000e6ab0000, 0x00000000e7257c90, 0x00000000e8000000)
  to   space 21824K,   0% used [0x00000000e5560000, 0x00000000e5560000, 0x00000000e6ab0000)
 concurrent mark-sweep generation total 393216K, used 14127K [0x00000000e8000000, 0x0000000100000000, 0x0000000100000000)
 Metaspace       used 34607K, capacity 35108K, committed 35296K, reserved 1081344K
  class space    used 3625K, capacity 3782K, committed 3836K, reserved 1048576K
}
2017-03-31T04:58:00.475+0200: 341.202: Total time for which application threads were stopped: 0.0196220 seconds, Stopping threads took: 0.0000330 seconds
{Heap before GC invocations=201 (full 1):
 par new generation   total 109248K, used 95263K [0x00000000e0000000, 0x00000000e8000000, 0x00000000e8000000)
  eden space 87424K, 100% used [0x00000000e0000000, 0x00000000e5560000, 0x00000000e5560000)
  from space 21824K,  35% used [0x00000000e6ab0000, 0x00000000e7257c90, 0x00000000e8000000)
  to   space 21824K,   0% used [0x00000000e5560000, 0x00000000e5560000, 0x00000000e6ab0000)
 concurrent mark-sweep generation total 393216K, used 14127K [0x00000000e8000000, 0x0000000100000000, 0x0000000100000000)
 Metaspace       used 34607K, capacity 35108K, committed 35296K, reserved 1081344K
  class space    used 3625K, capacity 3782K, committed 3836K, reserved 1048576K
2017-03-31T04:58:00.938+0200: 341.664: [GC (Allocation Failure) 2017-03-31T04:58:00.938+0200: 341.664: [ParNew
Desired survivor size 20112992 bytes, new threshold 8 (max 8)
- age   1:    3599344 bytes,    3599344 total
- age   2:    2594576 bytes,    6193920 total
- age   3:    1609592 bytes,    7803512 total
- age   4:       8272 bytes,    7811784 total
- age   5:       3184 bytes,    7814968 total
- age   6:       6640 bytes,    7821608 total
- age   7:       7104 bytes,    7828712 total
- age   8:       5088 bytes,    7833800 total
: 95263K->8763K(109248K), 0.0249164 secs] 109390K->22894K(502464K), 0.0249854 secs] [Times: user=0.02 sys=0.00, real=0.02 secs] 
Heap after GC invocations=202 (full 1):
 par new generation   total 109248K, used 8763K [0x00000000e0000000, 0x00000000e8000000, 0x00000000e8000000)
  eden space 87424K,   0% used [0x00000000e0000000, 0x00000000e0000000, 0x00000000e5560000)
  from space 21824K,  40% used [0x00000000e5560000, 0x00000000e5deee20, 0x00000000e6ab0000)
  to   space 21824K,   0% used [0x00000000e6ab0000, 0x00000000e6ab0000, 0x00000000e8000000)
 concurrent mark-sweep generation total 393216K, used 14131K [0x00000000e8000000, 0x0000000100000000, 0x0000000100000000)
 Metaspace       used 34607K, capacity 35108K, committed 35296K, reserved 1081344K
  class space    used 3625K, capacity 3782K, committed 3836K, reserved 1048576K
}
2017-03-31T04:58:00.963+0200: 341.689: Total time for which application threads were stopped: 0.0253529 seconds, Stopping threads took: 0.0000868 seconds
{Heap before GC invocations=202 (full 1):
 par new generation   total 109248K, used 96172K [0x00000000e0000000, 0x00000000e8000000, 0x00000000e8000000)
  eden space 87424K,  99% used [0x00000000e0000000, 0x00000000e555c2e8, 0x00000000e5560000)
  from space 21824K,  40% used [0x00000000e5560000, 0x00000000e5deee20, 0x00000000e6ab0000)
  to   space 21824K,   0% used [0x00000000e6ab0000, 0x00000000e6ab0000, 0x00000000e8000000)
 concurrent mark-sweep generation total 393216K, used 14131K [0x00000000e8000000, 0x0000000100000000, 0x0000000100000000)
 Metaspace       used 34607K, capacity 35108K, committed 35296K, reserved 1081344K
  class space    used 3625K, capacity 3782K, committed 3836K, reserved 1048576K
2017-03-31T04:58:01.418+0200: 342.144: [GC (Allocation Failure) 2017-03-31T04:58:01.418+0200: 342.144: [ParNew
Desired survivor size 20112992 bytes, new threshold 8 (max 8)
- age   1:    4561576 bytes,    4561576 total
- age   2:    2620736 bytes,    7182312 total
- age   3:       5000 bytes,    7187312 total
- age   4:       6304 bytes,    7193616 total
- age   5:       7376 bytes,    7200992 total
- age   6:       3184 bytes,    7204176 total
- age   7:       6640 bytes,    7210816 total
- age   8:       7104 bytes,    7217920 total
: 96172K->10817K(109248K), 0.0173887 secs] 110303K->24953K(502464K), 0.0174641 secs] [Times: user=0.01 sys=0.00, real=0.02 secs] 
Heap after GC invocations=203 (full 1):
 par new generation   total 109248K, used 10817K [0x00000000e0000000, 0x00000000e8000000, 0x00000000e8000000)
  eden space 87424K,   0% used [0x00000000e0000000, 0x00000000e0000000, 0x00000000e5560000)
  from space 21824K,  49% used [0x00000000e6ab0000, 0x00000000e75405a0, 0x00000000e8000000)
  to   space 21824K,   0% used [0x00000000e5560000, 0x00000000e5560000, 0x00000000e6ab0000)
 concurrent mark-sweep generation total 393216K, used 14136K [0x00000000e8000000, 0x0000000100000000, 0x0000000100000000)
 Metaspace       used 34607K, capacity 35108K, committed 35296K, reserved 1081344K
  class space    used 3625K, capacity 3782K, committed 3836K, reserved 1048576K
}
2017-03-31T04:58:01.435+0200: 342.162: Total time for which application threads were stopped: 0.0270305 seconds, Stopping threads took: 0.0094057 seconds
{Heap before GC invocations=203 (full 1):
 par new generation   total 109248K, used 98241K [0x00000000e0000000, 0x00000000e8000000, 0x00000000e8000000)
  eden space 87424K, 100% used [0x00000000e0000000, 0x00000000e5560000, 0x00000000e5560000)
  from space 21824K,  49% used [0x00000000e6ab0000, 0x00000000e75405a0, 0x00000000e8000000)
  to   space 21824K,   0% used [0x00000000e5560000, 0x00000000e5560000, 0x00000000e6ab0000)
 concurrent mark-sweep generation total 393216K, used 14136K [0x00000000e8000000, 0x0000000100000000, 0x0000000100000000)
 Metaspace       used 34607K, capacity 35108K, committed 35296K, reserved 1081344K
  class space    used 3625K, capacity 3782K, committed 3836K, reserved 1048576K
2017-03-31T04:58:01.791+0200: 342.518: [GC (Allocation Failure) 2017-03-31T04:58:01.791+0200: 342.518: [ParNew
Desired survivor size 20112992 bytes, new threshold 8 (max 8)
- age   1:    3468096 bytes,    3468096 total
- age   2:    2048960 bytes,    5517056 total
- age   3:      11768 bytes,    5528824 total
- age   4:       4744 bytes,    5533568 total
- age   5:       5920 bytes,    5539488 total
- age   6:       7376 bytes,    5546864 total
- age   7:       3184 bytes,    5550048 total
- age   8:       6640 bytes,    5556688 total
: 98241K->7441K(109248K), 0.0274781 secs] 112377K->21585K(502464K), 0.0275409 secs] [Times: user=0.01 sys=0.01, real=0.03 secs] 
Heap after GC invocations=204 (full 1):
 par new generation   total 109248K, used 7441K [0x00000000e0000000, 0x00000000e8000000, 0x00000000e8000000)
  eden space 87424K,   0% used [0x00000000e0000000, 0x00000000e0000000, 0x00000000e5560000)
  from space 21824K,  34% used [0x00000000e5560000, 0x00000000e5ca47c8, 0x00000000e6ab0000)
  to   space 21824K,   0% used [0x00000000e6ab0000, 0x00000000e6ab0000, 0x00000000e8000000)
 concurrent mark-sweep generation total 393216K, used 14143K [0x00000000e8000000, 0x0000000100000000, 0x0000000100000000)
 Metaspace       used 34607K, capacity 35108K, committed 35296K, reserved 1081344K
  class space    used 3625K, capacity 3782K, committed 3836K, reserved 1048576K
}
2017-03-31T04:58:01.819+0200: 342.545: Total time for which application threads were stopped: 0.0277070 seconds, Stopping threads took: 0.0000306 seconds
{Heap before GC invocations=204 (full 1):
 par new generation   total 109248K, used 94850K [0x00000000e0000000, 0x00000000e8000000, 0x00000000e8000000)
  eden space 87424K,  99% used [0x00000000e0000000, 0x00000000e555c3d0, 0x00000000e5560000)
  from space 21824K,  34% used [0x00000000e5560000, 0x00000000e5ca47c8, 0x00000000e6ab0000)
  to   space 21824K,   0% used [0x00000000e6ab0000, 0x00000000e6ab0000, 0x00000000e8000000)
 concurrent mark-sweep generation total 393216K, used 14143K [0x00000000e8000000, 0x0000000100000000, 0x0000000100000000)
 Metaspace       used 34607K, capacity 35108K, committed 35296K, reserved 1081344K
  class space    used 3625K, capacity 3782K, committed 3836K, reserved 1048576K
2017-03-31T04:58:02.109+0200: 342.836: [GC (Allocation Failure) 2017-03-31T04:58:02.109+0200: 342.836: [ParNew
Desired survivor size 20112992 bytes, new threshold 8 (max 8)
- age   1:    3205560 bytes,    3205560 total
- age   2:    3156320 bytes,    6361880 total
- age   3:    1813016 bytes,    8174896 total
- age   4:      11768 bytes,    8186664 total
- age   5:       4744 bytes,    8191408 total
- age   6:       5920 bytes,    8197328 total
- age   7:       7352 bytes,    8204680 total
- age   8:       3184 bytes,    8207864 total
: 94850K->9300K(109248K), 0.0175448 secs] 108994K->23450K(502464K), 0.0176047 secs] [Times: user=0.02 sys=0.00, real=0.01 secs] 
Heap after GC invocations=205 (full 1):
 par new generation   total 109248K, used 9300K [0x00000000e0000000, 0x00000000e8000000, 0x00000000e8000000)
  eden space 87424K,   0% used [0x00000000e0000000, 0x00000000e0000000, 0x00000000e5560000)
  from space 21824K,  42% used [0x00000000e6ab0000, 0x00000000e73c5390, 0x00000000e8000000)
  to   space 21824K,   0% used [0x00000000e5560000, 0x00000000e5560000, 0x00000000e6ab0000)
 concurrent mark-sweep generation total 393216K, used 14149K [0x00000000e8000000, 0x0000000100000000, 0x0000000100000000)
 Metaspace       used 34607K, capacity 35108K, committed 35296K, reserved 1081344K
  class space    used 3625K, capacity 3782K, committed 3836K, reserved 1048576K
}
2017-03-31T04:58:02.127+0200: 342.853: Total time for which application threads were stopped: 0.0198109 seconds, Stopping threads took: 0.0020558 seconds
{Heap before GC invocations=205 (full 1):
 par new generation   total 109248K, used 96724K [0x00000000e0000000, 0x00000000e8000000, 0x00000000e8000000)
  eden space 87424K, 100% used [0x00000000e0000000, 0x00000000e5560000, 0x00000000e5560000)
  from space 21824K,  42% used [0x00000000e6ab0000, 0x00000000e73c5390, 0x00000000e8000000)
  to   space 21824K,   0% used [0x00000000e5560000, 0x00000000e5560000, 0x00000000e6ab0000)
 concurrent mark-sweep generation total 393216K, used 14149K [0x00000000e8000000, 0x0000000100000000, 0x0000000100000000)
 Metaspace       used 34607K, capacity 35108K, committed 35296K, reserved 1081344K
  class space    used 3625K, capacity 3782K, committed 3836K, reserved 1048576K
2017-03-31T04:58:02.470+0200: 343.197: [GC (Allocation Failure) 2017-03-31T04:58:02.470+0200: 343.197: [ParNew
Desired survivor size 20112992 bytes, new threshold 8 (max 8)
- age   1:    4811328 bytes,    4811328 total
- age   2:    2839800 bytes,    7651128 total
- age   3:     356432 bytes,    8007560 total
- age   4:       6904 bytes,    8014464 total
- age   5:       5704 bytes,    8020168 total
- age   6:       4744 bytes,    8024912 total
- age   7:       5920 bytes,    8030832 total
- age   8:       7352 bytes,    8038184 total
: 96724K->13454K(109248K), 0.0291401 secs] 110874K->27607K(502464K), 0.0292150 secs] [Times: user=0.03 sys=0.00, real=0.04 secs] 
Heap after GC invocations=206 (full 1):
 par new generation   total 109248K, used 13454K [0x00000000e0000000, 0x00000000e8000000, 0x00000000e8000000)
  eden space 87424K,   0% used [0x00000000e0000000, 0x00000000e0000000, 0x00000000e5560000)
  from space 21824K,  61% used [0x00000000e5560000, 0x00000000e62838c0, 0x00000000e6ab0000)
  to   space 21824K,   0% used [0x00000000e6ab0000, 0x00000000e6ab0000, 0x00000000e8000000)
 concurrent mark-sweep generation total 393216K, used 14152K [0x00000000e8000000, 0x0000000100000000, 0x0000000100000000)
 Metaspace       used 34607K, capacity 35108K, committed 35296K, reserved 1081344K
  class space    used 3625K, capacity 3782K, committed 3836K, reserved 1048576K
}
2017-03-31T04:58:02.499+0200: 343.226: Total time for which application threads were stopped: 0.0314093 seconds, Stopping threads took: 0.0020354 seconds
{Heap before GC invocations=206 (full 1):
 par new generation   total 109248K, used 100878K [0x00000000e0000000, 0x00000000e8000000, 0x00000000e8000000)
  eden space 87424K, 100% used [0x00000000e0000000, 0x00000000e5560000, 0x00000000e5560000)
  from space 21824K,  61% used [0x00000000e5560000, 0x00000000e62838c0, 0x00000000e6ab0000)
  to   space 21824K,   0% used [0x00000000e6ab0000, 0x00000000e6ab0000, 0x00000000e8000000)
 concurrent mark-sweep generation total 393216K, used 14152K [0x00000000e8000000, 0x0000000100000000, 0x0000000100000000)
 Metaspace       used 34607K, capacity 35108K, committed 35296K, reserved 1081344K
  class space    used 3625K, capacity 3782K, committed 3836K, reserved 1048576K
2017-03-31T04:58:03.057+0200: 343.783: [GC (Allocation Failure) 2017-03-31T04:58:03.057+0200: 343.783: [ParNew
Desired survivor size 20112992 bytes, new threshold 8 (max 8)
- age   1:    4722328 bytes,    4722328 total
- age   2:    2211080 bytes,    6933408 total
- age   3:      10088 bytes,    6943496 total
- age   4:       6536 bytes,    6950032 total
- age   5:       6712 bytes,    6956744 total
- age   6:       5704 bytes,    6962448 total
- age   7:       4744 bytes,    6967192 total
- age   8:       5920 bytes,    6973112 total
: 100878K->10021K(109248K), 0.0319108 secs] 115031K->24181K(502464K), 0.0319751 secs] [Times: user=0.03 sys=0.00, real=0.03 secs] 
Heap after GC invocations=207 (full 1):
 par new generation   total 109248K, used 10021K [0x00000000e0000000, 0x00000000e8000000, 0x00000000e8000000)
  eden space 87424K,   0% used [0x00000000e0000000, 0x00000000e0000000, 0x00000000e5560000)
  from space 21824K,  45% used [0x00000000e6ab0000, 0x00000000e7479668, 0x00000000e8000000)
  to   space 21824K,   0% used [0x00000000e5560000, 0x00000000e5560000, 0x00000000e6ab0000)
 concurrent mark-sweep generation total 393216K, used 14160K [0x00000000e8000000, 0x0000000100000000, 0x0000000100000000)
 Metaspace       used 34607K, capacity 35108K, committed 35296K, reserved 1081344K
  class space    used 3625K, capacity 3782K, committed 3836K, reserved 1048576K
}
2017-03-31T04:58:03.089+0200: 343.815: Total time for which application threads were stopped: 0.0355369 seconds, Stopping threads took: 0.0034126 seconds
{Heap before GC invocations=207 (full 1):
 par new generation   total 109248K, used 97445K [0x00000000e0000000, 0x00000000e8000000, 0x00000000e8000000)
  eden space 87424K, 100% used [0x00000000e0000000, 0x00000000e5560000, 0x00000000e5560000)
  from space 21824K,  45% used [0x00000000e6ab0000, 0x00000000e7479668, 0x00000000e8000000)
  to   space 21824K,   0% used [0x00000000e5560000, 0x00000000e5560000, 0x00000000e6ab0000)
 concurrent mark-sweep generation total 393216K, used 14160K [0x00000000e8000000, 0x0000000100000000, 0x0000000100000000)
 Metaspace       used 34607K, capacity 35108K, committed 35296K, reserved 1081344K
  class space    used 3625K, capacity 3782K, committed 3836K, reserved 1048576K
2017-03-31T04:58:03.402+0200: 344.129: [GC (Allocation Failure) 2017-03-31T04:58:03.402+0200: 344.129: [ParNew
Desired survivor size 20112992 bytes, new threshold 8 (max 8)
- age   1:    3145344 bytes,    3145344 total
- age   2:    1906480 bytes,    5051824 total
- age   3:       6248 bytes,    5058072 total
- age   4:      10088 bytes,    5068160 total
- age   5:       6408 bytes,    5074568 total
- age   6:       6712 bytes,    5081280 total
- age   7:       5704 bytes,    5086984 total
- age   8:       4744 bytes,    5091728 total
: 97445K->7795K(109248K), 0.0197978 secs] 111605K->21961K(502464K), 0.0198598 secs] [Times: user=0.02 sys=0.00, real=0.02 secs] 
Heap after GC invocations=208 (full 1):
 par new generation   total 109248K, used 7795K [0x00000000e0000000, 0x00000000e8000000, 0x00000000e8000000)
  eden space 87424K,   0% used [0x00000000e0000000, 0x00000000e0000000, 0x00000000e5560000)
  from space 21824K,  35% used [0x00000000e5560000, 0x00000000e5cfce30, 0x00000000e6ab0000)
  to   space 21824K,   0% used [0x00000000e6ab0000, 0x00000000e6ab0000, 0x00000000e8000000)
 concurrent mark-sweep generation total 393216K, used 14165K [0x00000000e8000000, 0x0000000100000000, 0x0000000100000000)
 Metaspace       used 34607K, capacity 35108K, committed 35296K, reserved 1081344K
  class space    used 3625K, capacity 3782K, committed 3836K, reserved 1048576K
}
2017-03-31T04:58:03.422+0200: 344.149: Total time for which application threads were stopped: 0.0200255 seconds, Stopping threads took: 0.0000232 seconds
{Heap before GC invocations=208 (full 1):
 par new generation   total 109248K, used 95219K [0x00000000e0000000, 0x00000000e8000000, 0x00000000e8000000)
  eden space 87424K, 100% used [0x00000000e0000000, 0x00000000e5560000, 0x00000000e5560000)
  from space 21824K,  35% used [0x00000000e5560000, 0x00000000e5cfce30, 0x00000000e6ab0000)
  to   space 21824K,   0% used [0x00000000e6ab0000, 0x00000000e6ab0000, 0x00000000e8000000)
 concurrent mark-sweep generation total 393216K, used 14165K [0x00000000e8000000, 0x0000000100000000, 0x0000000100000000)
 Metaspace       used 34607K, capacity 35108K, committed 35296K, reserved 1081344K
  class space    used 3625K, capacity 3782K, committed 3836K, reserved 1048576K
2017-03-31T04:58:03.778+0200: 344.504: [GC (Allocation Failure) 2017-03-31T04:58:03.778+0200: 344.504: [ParNew
Desired survivor size 20112992 bytes, new threshold 8 (max 8)
- age   1:    3541064 bytes,    3541064 total
- age   2:    2875520 bytes,    6416584 total
- age   3:    1429784 bytes,    7846368 total
- age   4:       5432 bytes,    7851800 total
- age   5:      10088 bytes,    7861888 total
- age   6:       6344 bytes,    7868232 total
- age   7:       6712 bytes,    7874944 total
- age   8:       5704 bytes,    7880648 total
: 95219K->9028K(109248K), 0.0189385 secs] 109385K->23198K(502464K), 0.0190173 secs] [Times: user=0.02 sys=0.00, real=0.02 secs] 
Heap after GC invocations=209 (full 1):
 par new generation   total 109248K, used 9028K [0x00000000e0000000, 0x00000000e8000000, 0x00000000e8000000)
  eden space 87424K,   0% used [0x00000000e0000000, 0x00000000e0000000, 0x00000000e5560000)
  from space 21824K,  41% used [0x00000000e6ab0000, 0x00000000e7381150, 0x00000000e8000000)
  to   space 21824K,   0% used [0x00000000e5560000, 0x00000000e5560000, 0x00000000e6ab0000)
 concurrent mark-sweep generation total 393216K, used 14170K [0x00000000e8000000, 0x0000000100000000, 0x0000000100000000)
 Metaspace       used 34607K, capacity 35108K, committed 35296K, reserved 1081344K
  class space    used 3625K, capacity 3782K, committed 3836K, reserved 1048576K
}
2017-03-31T04:58:03.797+0200: 344.523: Total time for which application threads were stopped: 0.0232377 seconds, Stopping threads took: 0.0040805 seconds
{Heap before GC invocations=209 (full 1):
 par new generation   total 109248K, used 96452K [0x00000000e0000000, 0x00000000e8000000, 0x00000000e8000000)
  eden space 87424K, 100% used [0x00000000e0000000, 0x00000000e5560000, 0x00000000e5560000)
  from space 21824K,  41% used [0x00000000e6ab0000, 0x00000000e7381150, 0x00000000e8000000)
  to   space 21824K,   0% used [0x00000000e5560000, 0x00000000e5560000, 0x00000000e6ab0000)
 concurrent mark-sweep generation total 393216K, used 14170K [0x00000000e8000000, 0x0000000100000000, 0x0000000100000000)
 Metaspace       used 34607K, capacity 35108K, committed 35296K, reserved 1081344K
  class space    used 3625K, capacity 3782K, committed 3836K, reserved 1048576K
2017-03-31T04:58:04.209+0200: 344.935: [GC (Allocation Failure) 2017-03-31T04:58:04.209+0200: 344.935: [ParNew
Desired survivor size 20112992 bytes, new threshold 8 (max 8)
- age   1:    4668336 bytes,    4668336 total
- age   2:    2765224 bytes,    7433560 total
- age   3:       3912 bytes,    7437472 total
- age   4:       8776 bytes,    7446248 total
- age   5:       5304 bytes,    7451552 total
- age   6:       9384 bytes,    7460936 total
- age   7:       6344 bytes,    7467280 total
- age   8:       6688 bytes,    7473968 total
: 96452K->10939K(109248K), 0.0257451 secs] 110622K->25115K(502464K), 0.0258259 secs] [Times: user=0.03 sys=0.00, real=0.03 secs] 
Heap after GC invocations=210 (full 1):
 par new generation   total 109248K, used 10939K [0x00000000e0000000, 0x00000000e8000000, 0x00000000e8000000)
  eden space 87424K,   0% used [0x00000000e0000000, 0x00000000e0000000, 0x00000000e5560000)
  from space 21824K,  50% used [0x00000000e5560000, 0x00000000e600eef8, 0x00000000e6ab0000)
  to   space 21824K,   0% used [0x00000000e6ab0000, 0x00000000e6ab0000, 0x00000000e8000000)
 concurrent mark-sweep generation total 393216K, used 14176K [0x00000000e8000000, 0x0000000100000000, 0x0000000100000000)
 Metaspace       used 34607K, capacity 35108K, committed 35296K, reserved 1081344K
  class space    used 3625K, capacity 3782K, committed 3836K, reserved 1048576K
}
2017-03-31T04:58:04.235+0200: 344.961: Total time for which application threads were stopped: 0.0260282 seconds, Stopping threads took: 0.0000380 seconds
{Heap before GC invocations=210 (full 1):
 par new generation   total 109248K, used 98363K [0x00000000e0000000, 0x00000000e8000000, 0x00000000e8000000)
  eden space 87424K, 100% used [0x00000000e0000000, 0x00000000e5560000, 0x00000000e5560000)
  from space 21824K,  50% used [0x00000000e5560000, 0x00000000e600eef8, 0x00000000e6ab0000)
  to   space 21824K,   0% used [0x00000000e6ab0000, 0x00000000e6ab0000, 0x00000000e8000000)
 concurrent mark-sweep generation total 393216K, used 14176K [0x00000000e8000000, 0x0000000100000000, 0x0000000100000000)
 Metaspace       used 34610K, capacity 35108K, committed 35296K, reserved 1081344K
  class space    used 3625K, capacity 3782K, committed 3836K, reserved 1048576K
2017-03-31T04:58:04.692+0200: 345.418: [GC (Allocation Failure) 2017-03-31T04:58:04.692+0200: 345.418: [ParNew
Desired survivor size 20112992 bytes, new threshold 8 (max 8)
- age   1:    4283584 bytes,    4283584 total
- age   2:    1992800 bytes,    6276384 total
- age   3:       5256 bytes,    6281640 total
- age   4:       3760 bytes,    6285400 total
- age   5:       8648 bytes,    6294048 total
- age   6:       5304 bytes,    6299352 total
- age   7:       3936 bytes,    6303288 total
- age   8:       6152 bytes,    6309440 total
: 98363K->9674K(109248K), 0.0267654 secs] 112539K->23857K(502464K), 0.0268366 secs] [Times: user=0.03 sys=0.00, real=0.03 secs] 
Heap after GC invocations=211 (full 1):
 par new generation   total 109248K, used 9674K [0x00000000e0000000, 0x00000000e8000000, 0x00000000e8000000)
  eden space 87424K,   0% used [0x00000000e0000000, 0x00000000e0000000, 0x00000000e5560000)
  from space 21824K,  44% used [0x00000000e6ab0000, 0x00000000e7422ae0, 0x00000000e8000000)
  to   space 21824K,   0% used [0x00000000e5560000, 0x00000000e5560000, 0x00000000e6ab0000)
 concurrent mark-sweep generation total 393216K, used 14182K [0x00000000e8000000, 0x0000000100000000, 0x0000000100000000)
 Metaspace       used 34610K, capacity 35108K, committed 35296K, reserved 1081344K
  class space    used 3625K, capacity 3782K, committed 3836K, reserved 1048576K
}
2017-03-31T04:58:04.719+0200: 345.445: Total time for which application threads were stopped: 0.0269989 seconds, Stopping threads took: 0.0000336 seconds
{Heap before GC invocations=211 (full 1):
 par new generation   total 109248K, used 97098K [0x00000000e0000000, 0x00000000e8000000, 0x00000000e8000000)
  eden space 87424K, 100% used [0x00000000e0000000, 0x00000000e5560000, 0x00000000e5560000)
  from space 21824K,  44% used [0x00000000e6ab0000, 0x00000000e7422ae0, 0x00000000e8000000)
  to   space 21824K,   0% used [0x00000000e5560000, 0x00000000e5560000, 0x00000000e6ab0000)
 concurrent mark-sweep generation total 393216K, used 14182K [0x00000000e8000000, 0x0000000100000000, 0x0000000100000000)
 Metaspace       used 34610K, capacity 35108K, committed 35296K, reserved 1081344K
  class space    used 3625K, capacity 3782K, committed 3836K, reserved 1048576K
2017-03-31T04:58:04.997+0200: 345.724: [GC (Allocation Failure) 2017-03-31T04:58:04.997+0200: 345.724: [ParNew
Desired survivor size 20112992 bytes, new threshold 8 (max 8)
- age   1:    3213840 bytes,    3213840 total
- age   2:    3803528 bytes,    7017368 total
- age   3:    1904024 bytes,    8921392 total
- age   4:       5256 bytes,    8926648 total
- age   5:       3760 bytes,    8930408 total
- age   6:       8648 bytes,    8939056 total
- age   7:       5304 bytes,    8944360 total
- age   8:       3936 bytes,    8948296 total
: 97098K->10461K(109248K), 0.0232030 secs] 111281K->24650K(502464K), 0.0232872 secs] [Times: user=0.02 sys=0.00, real=0.02 secs] 
Heap after GC invocations=212 (full 1):
 par new generation   total 109248K, used 10461K [0x00000000e0000000, 0x00000000e8000000, 0x00000000e8000000)
  eden space 87424K,   0% used [0x00000000e0000000, 0x00000000e0000000, 0x00000000e5560000)
  from space 21824K,  47% used [0x00000000e5560000, 0x00000000e5f97600, 0x00000000e6ab0000)
  to   space 21824K,   0% used [0x00000000e6ab0000, 0x00000000e6ab0000, 0x00000000e8000000)
 concurrent mark-sweep generation total 393216K, used 14188K [0x00000000e8000000, 0x0000000100000000, 0x0000000100000000)
 Metaspace       used 34610K, capacity 35108K, committed 35296K, reserved 1081344K
  class space    used 3625K, capacity 3782K, committed 3836K, reserved 1048576K
}
2017-03-31T04:58:05.021+0200: 345.747: Total time for which application threads were stopped: 0.0235039 seconds, Stopping threads took: 0.0000239 seconds
{Heap before GC invocations=212 (full 1):
 par new generation   total 109248K, used 97885K [0x00000000e0000000, 0x00000000e8000000, 0x00000000e8000000)
  eden space 87424K, 100% used [0x00000000e0000000, 0x00000000e5560000, 0x00000000e5560000)
  from space 21824K,  47% used [0x00000000e5560000, 0x00000000e5f97600, 0x00000000e6ab0000)
  to   space 21824K,   0% used [0x00000000e6ab0000, 0x00000000e6ab0000, 0x00000000e8000000)
 concurrent mark-sweep generation total 393216K, used 14188K [0x00000000e8000000, 0x0000000100000000, 0x0000000100000000)
 Metaspace       used 34610K, capacity 35108K, committed 35296K, reserved 1081344K
  class space    used 3625K, capacity 3782K, committed 3836K, reserved 1048576K
2017-03-31T04:58:05.497+0200: 346.223: [GC (Allocation Failure) 2017-03-31T04:58:05.497+0200: 346.224: [ParNew
Desired survivor size 20112992 bytes, new threshold 8 (max 8)
- age   1:    3927520 bytes,    3927520 total
- age   2:    2773216 bytes,    6700736 total
- age   3:     960216 bytes,    7660952 total
- age   4:      11848 bytes,    7672800 total
- age   5:       5232 bytes,    7678032 total
- age   6:       3760 bytes,    7681792 total
- age   7:       8648 bytes,    7690440 total
- age   8:       5304 bytes,    7695744 total
: 97885K->12529K(109248K), 0.0222562 secs] 112074K->26722K(502464K), 0.0223221 secs] [Times: user=0.03 sys=0.00, real=0.02 secs] 
Heap after GC invocations=213 (full 1):
 par new generation   total 109248K, used 12529K [0x00000000e0000000, 0x00000000e8000000, 0x00000000e8000000)
  eden space 87424K,   0% used [0x00000000e0000000, 0x00000000e0000000, 0x00000000e5560000)
  from space 21824K,  57% used [0x00000000e6ab0000, 0x00000000e76ec678, 0x00000000e8000000)
  to   space 21824K,   0% used [0x00000000e5560000, 0x00000000e5560000, 0x00000000e6ab0000)
 concurrent mark-sweep generation total 393216K, used 14192K [0x00000000e8000000, 0x0000000100000000, 0x0000000100000000)
 Metaspace       used 34610K, capacity 35108K, committed 35296K, reserved 1081344K
  class space    used 3625K, capacity 3782K, committed 3836K, reserved 1048576K
}
2017-03-31T04:58:05.519+0200: 346.246: Total time for which application threads were stopped: 0.0253129 seconds, Stopping threads took: 0.0027981 seconds
{Heap before GC invocations=213 (full 1):
 par new generation   total 109248K, used 99933K [0x00000000e0000000, 0x00000000e8000000, 0x00000000e8000000)
  eden space 87424K,  99% used [0x00000000e0000000, 0x00000000e555ad98, 0x00000000e5560000)
  from space 21824K,  57% used [0x00000000e6ab0000, 0x00000000e76ec678, 0x00000000e8000000)
  to   space 21824K,   0% used [0x00000000e5560000, 0x00000000e5560000, 0x00000000e6ab0000)
 concurrent mark-sweep generation total 393216K, used 14192K [0x00000000e8000000, 0x0000000100000000, 0x0000000100000000)
 Metaspace       used 34610K, capacity 35108K, committed 35296K, reserved 1081344K
  class space    used 3625K, capacity 3782K, committed 3836K, reserved 1048576K
2017-03-31T04:58:05.966+0200: 346.692: [GC (Allocation Failure) 2017-03-31T04:58:05.966+0200: 346.692: [ParNew
Desired survivor size 20112992 bytes, new threshold 8 (max 8)
- age   1:    4476088 bytes,    4476088 total
- age   2:    2349992 bytes,    6826080 total
- age   3:       9448 bytes,    6835528 total
- age   4:       7912 bytes,    6843440 total
- age   5:      11464 bytes,    6854904 total
- age   6:       5232 bytes,    6860136 total
- age   7:       3760 bytes,    6863896 total
- age   8:       8624 bytes,    6872520 total
: 99933K->9171K(109248K), 0.0259907 secs] 114125K->23369K(502464K), 0.0260825 secs] [Times: user=0.03 sys=0.00, real=0.03 secs] 
Heap after GC invocations=214 (full 1):
 par new generation   total 109248K, used 9171K [0x00000000e0000000, 0x00000000e8000000, 0x00000000e8000000)
  eden space 87424K,   0% used [0x00000000e0000000, 0x00000000e0000000, 0x00000000e5560000)
  from space 21824K,  42% used [0x00000000e5560000, 0x00000000e5e54fd0, 0x00000000e6ab0000)
  to   space 21824K,   0% used [0x00000000e6ab0000, 0x00000000e6ab0000, 0x00000000e8000000)
 concurrent mark-sweep generation total 393216K, used 14197K [0x00000000e8000000, 0x0000000100000000, 0x0000000100000000)
 Metaspace       used 34610K, capacity 35108K, committed 35296K, reserved 1081344K
  class space    used 3625K, capacity 3782K, committed 3836K, reserved 1048576K
}
2017-03-31T04:58:05.992+0200: 346.718: Total time for which application threads were stopped: 0.0262688 seconds, Stopping threads took: 0.0000362 seconds
{Heap before GC invocations=214 (full 1):
 par new generation   total 109248K, used 96595K [0x00000000e0000000, 0x00000000e8000000, 0x00000000e8000000)
  eden space 87424K, 100% used [0x00000000e0000000, 0x00000000e5560000, 0x00000000e5560000)
  from space 21824K,  42% used [0x00000000e5560000, 0x00000000e5e54fd0, 0x00000000e6ab0000)
  to   space 21824K,   0% used [0x00000000e6ab0000, 0x00000000e6ab0000, 0x00000000e8000000)
 concurrent mark-sweep generation total 393216K, used 14197K [0x00000000e8000000, 0x0000000100000000, 0x0000000100000000)
 Metaspace       used 34610K, capacity 35108K, committed 35296K, reserved 1081344K
  class space    used 3625K, capacity 3782K, committed 3836K, reserved 1048576K
2017-03-31T04:58:06.297+0200: 347.023: [GC (Allocation Failure) 2017-03-31T04:58:06.297+0200: 347.024: [ParNew
Desired survivor size 20112992 bytes, new threshold 8 (max 8)
- age   1:    3349984 bytes,    3349984 total
- age   2:    1924640 bytes,    5274624 total
- age   3:      15192 bytes,    5289816 total
- age   4:       8816 bytes,    5298632 total
- age   5:       7720 bytes,    5306352 total
- age   6:      11464 bytes,    5317816 total
- age   7:       5232 bytes,    5323048 total
- age   8:       3696 bytes,    5326744 total
: 96595K->7726K(109248K), 0.0338546 secs] 110793K->21932K(502464K), 0.0339285 secs] [Times: user=0.03 sys=0.00, real=0.02 secs] 
Heap after GC invocations=215 (full 1):
 par new generation   total 109248K, used 7726K [0x00000000e0000000, 0x00000000e8000000, 0x00000000e8000000)
  eden space 87424K,   0% used [0x00000000e0000000, 0x00000000e0000000, 0x00000000e5560000)
  from space 21824K,  35% used [0x00000000e6ab0000, 0x00000000e723ba00, 0x00000000e8000000)
  to   space 21824K,   0% used [0x00000000e5560000, 0x00000000e5560000, 0x00000000e6ab0000)
 concurrent mark-sweep generation total 393216K, used 14206K [0x00000000e8000000, 0x0000000100000000, 0x0000000100000000)
 Metaspace       used 34610K, capacity 35108K, committed 35296K, reserved 1081344K
  class space    used 3625K, capacity 3782K, committed 3836K, reserved 1048576K
}
2017-03-31T04:58:06.331+0200: 347.057: Total time for which application threads were stopped: 0.0341166 seconds, Stopping threads took: 0.0000332 seconds
{Heap before GC invocations=215 (full 1):
 par new generation   total 109248K, used 95150K [0x00000000e0000000, 0x00000000e8000000, 0x00000000e8000000)
  eden space 87424K, 100% used [0x00000000e0000000, 0x00000000e5560000, 0x00000000e5560000)
  from space 21824K,  35% used [0x00000000e6ab0000, 0x00000000e723ba00, 0x00000000e8000000)
  to   space 21824K,   0% used [0x00000000e5560000, 0x00000000e5560000, 0x00000000e6ab0000)
 concurrent mark-sweep generation total 393216K, used 14206K [0x00000000e8000000, 0x0000000100000000, 0x0000000100000000)
 Metaspace       used 34610K, capacity 35108K, committed 35296K, reserved 1081344K
  class space    used 3625K, capacity 3782K, committed 3836K, reserved 1048576K
2017-03-31T04:58:06.631+0200: 347.357: [GC (Allocation Failure) 2017-03-31T04:58:06.631+0200: 347.357: [ParNew
Desired survivor size 20112992 bytes, new threshold 8 (max 8)
- age   1:    4427024 bytes,    4427024 total
- age   2:    2866176 bytes,    7293200 total
- age   3:    1611968 bytes,    8905168 total
- age   4:       6104 bytes,    8911272 total
- age   5:       8816 bytes,    8920088 total
- age   6:       7696 bytes,    8927784 total
- age   7:      11464 bytes,    8939248 total
- age   8:       5232 bytes,    8944480 total
: 95150K->10534K(109248K), 0.0185816 secs] 109356K->24744K(502464K), 0.0186527 secs] [Times: user=0.02 sys=0.00, real=0.02 secs] 
Heap after GC invocations=216 (full 1):
 par new generation   total 109248K, used 10534K [0x00000000e0000000, 0x00000000e8000000, 0x00000000e8000000)
  eden space 87424K,   0% used [0x00000000e0000000, 0x00000000e0000000, 0x00000000e5560000)
  from space 21824K,  48% used [0x00000000e5560000, 0x00000000e5fa9a48, 0x00000000e6ab0000)
  to   space 21824K,   0% used [0x00000000e6ab0000, 0x00000000e6ab0000, 0x00000000e8000000)
 concurrent mark-sweep generation total 393216K, used 14209K [0x00000000e8000000, 0x0000000100000000, 0x0000000100000000)
 Metaspace       used 34610K, capacity 35108K, committed 35296K, reserved 1081344K
  class space    used 3625K, capacity 3782K, committed 3836K, reserved 1048576K
}
2017-03-31T04:58:06.649+0200: 347.376: Total time for which application threads were stopped: 0.0188717 seconds, Stopping threads took: 0.0000351 seconds
{Heap before GC invocations=216 (full 1):
 par new generation   total 109248K, used 97958K [0x00000000e0000000, 0x00000000e8000000, 0x00000000e8000000)
  eden space 87424K, 100% used [0x00000000e0000000, 0x00000000e5560000, 0x00000000e5560000)
  from space 21824K,  48% used [0x00000000e5560000, 0x00000000e5fa9a48, 0x00000000e6ab0000)
  to   space 21824K,   0% used [0x00000000e6ab0000, 0x00000000e6ab0000, 0x00000000e8000000)
 concurrent mark-sweep generation total 393216K, used 14209K [0x00000000e8000000, 0x0000000100000000, 0x0000000100000000)
 Metaspace       used 34610K, capacity 35108K, committed 35296K, reserved 1081344K
  class space    used 3625K, capacity 3782K, committed 3836K, reserved 1048576K
2017-03-31T04:58:07.133+0200: 347.859: [GC (Allocation Failure) 2017-03-31T04:58:07.133+0200: 347.859: [ParNew
Desired survivor size 20112992 bytes, new threshold 8 (max 8)
- age   1:    4080600 bytes,    4080600 total
- age   2:    3328888 bytes,    7409488 total
- age   3:       5344 bytes,    7414832 total
- age   4:       7168 bytes,    7422000 total
- age   5:       6104 bytes,    7428104 total
- age   6:       8816 bytes,    7436920 total
- age   7:       7672 bytes,    7444592 total
- age   8:      11464 bytes,    7456056 total
: 97958K->10880K(109248K), 0.0187056 secs] 112168K->25095K(502464K), 0.0187610 secs] [Times: user=0.02 sys=0.00, real=0.02 secs] 
Heap after GC invocations=217 (full 1):
 par new generation   total 109248K, used 10880K [0x00000000e0000000, 0x00000000e8000000, 0x00000000e8000000)
  eden space 87424K,   0% used [0x00000000e0000000, 0x00000000e0000000, 0x00000000e5560000)
  from space 21824K,  49% used [0x00000000e6ab0000, 0x00000000e75500d0, 0x00000000e8000000)
  to   space 21824K,   0% used [0x00000000e5560000, 0x00000000e5560000, 0x00000000e6ab0000)
 concurrent mark-sweep generation total 393216K, used 14214K [0x00000000e8000000, 0x0000000100000000, 0x0000000100000000)
 Metaspace       used 34610K, capacity 35108K, committed 35296K, reserved 1081344K
  class space    used 3625K, capacity 3782K, committed 3836K, reserved 1048576K
}
2017-03-31T04:58:07.151+0200: 347.878: Total time for which application threads were stopped: 0.0209370 seconds, Stopping threads took: 0.0020178 seconds
2017-03-31T04:58:07.540+0200: 348.267: Total time for which application threads were stopped: 0.0021586 seconds, Stopping threads took: 0.0020275 seconds
{Heap before GC invocations=217 (full 1):
 par new generation   total 109248K, used 98304K [0x00000000e0000000, 0x00000000e8000000, 0x00000000e8000000)
  eden space 87424K, 100% used [0x00000000e0000000, 0x00000000e5560000, 0x00000000e5560000)
  from space 21824K,  49% used [0x00000000e6ab0000, 0x00000000e75500d0, 0x00000000e8000000)
  to   space 21824K,   0% used [0x00000000e5560000, 0x00000000e5560000, 0x00000000e6ab0000)
 concurrent mark-sweep generation total 393216K, used 14214K [0x00000000e8000000, 0x0000000100000000, 0x0000000100000000)
 Metaspace       used 34610K, capacity 35108K, committed 35296K, reserved 1081344K
  class space    used 3625K, capacity 3782K, committed 3836K, reserved 1048576K
2017-03-31T04:58:07.593+0200: 348.319: [GC (Allocation Failure) 2017-03-31T04:58:07.593+0200: 348.319: [ParNew
Desired survivor size 20112992 bytes, new threshold 8 (max 8)
- age   1:    4056120 bytes,    4056120 total
- age   2:    2214384 bytes,    6270504 total
- age   3:       4544 bytes,    6275048 total
- age   4:       4504 bytes,    6279552 total
- age   5:       6760 bytes,    6286312 total
- age   6:       6104 bytes,    6292416 total
- age   7:       8816 bytes,    6301232 total
- age   8:       7672 bytes,    6308904 total
: 98304K->10223K(109248K), 0.0200323 secs] 112519K->24444K(502464K), 0.0200970 secs] [Times: user=0.02 sys=0.00, real=0.02 secs] 
Heap after GC invocations=218 (full 1):
 par new generation   total 109248K, used 10223K [0x00000000e0000000, 0x00000000e8000000, 0x00000000e8000000)
  eden space 87424K,   0% used [0x00000000e0000000, 0x00000000e0000000, 0x00000000e5560000)
  from space 21824K,  46% used [0x00000000e5560000, 0x00000000e5f5be98, 0x00000000e6ab0000)
  to   space 21824K,   0% used [0x00000000e6ab0000, 0x00000000e6ab0000, 0x00000000e8000000)
 concurrent mark-sweep generation total 393216K, used 14220K [0x00000000e8000000, 0x0000000100000000, 0x0000000100000000)
 Metaspace       used 34610K, capacity 35108K, committed 35296K, reserved 1081344K
  class space    used 3625K, capacity 3782K, committed 3836K, reserved 1048576K
}
2017-03-31T04:58:07.613+0200: 348.339: Total time for which application threads were stopped: 0.0203485 seconds, Stopping threads took: 0.0000649 seconds
{Heap before GC invocations=218 (full 1):
 par new generation   total 109248K, used 97615K [0x00000000e0000000, 0x00000000e8000000, 0x00000000e8000000)
  eden space 87424K,  99% used [0x00000000e0000000, 0x00000000e5558040, 0x00000000e5560000)
  from space 21824K,  46% used [0x00000000e5560000, 0x00000000e5f5be98, 0x00000000e6ab0000)
  to   space 21824K,   0% used [0x00000000e6ab0000, 0x00000000e6ab0000, 0x00000000e8000000)
 concurrent mark-sweep generation total 393216K, used 14220K [0x00000000e8000000, 0x0000000100000000, 0x0000000100000000)
 Metaspace       used 34610K, capacity 35108K, committed 35296K, reserved 1081344K
  class space    used 3625K, capacity 3782K, committed 3836K, reserved 1048576K
2017-03-31T04:58:07.891+0200: 348.618: [GC (Allocation Failure) 2017-03-31T04:58:07.891+0200: 348.618: [ParNew
Desired survivor size 20112992 bytes, new threshold 8 (max 8)
- age   1:    3613680 bytes,    3613680 total
- age   2:    3672848 bytes,    7286528 total
- age   3:    1905928 bytes,    9192456 total
- age   4:       4544 bytes,    9197000 total
- age   5:       4504 bytes,    9201504 total
- age   6:       6760 bytes,    9208264 total
- age   7:       6104 bytes,    9214368 total
- age   8:       8816 bytes,    9223184 total
: 97615K->10704K(109248K), 0.0183929 secs] 111836K->24933K(502464K), 0.0184646 secs] [Times: user=0.02 sys=0.00, real=0.03 secs] 
Heap after GC invocations=219 (full 1):
 par new generation   total 109248K, used 10704K [0x00000000e0000000, 0x00000000e8000000, 0x00000000e8000000)
  eden space 87424K,   0% used [0x00000000e0000000, 0x00000000e0000000, 0x00000000e5560000)
  from space 21824K,  49% used [0x00000000e6ab0000, 0x00000000e7524380, 0x00000000e8000000)
  to   space 21824K,   0% used [0x00000000e5560000, 0x00000000e5560000, 0x00000000e6ab0000)
 concurrent mark-sweep generation total 393216K, used 14228K [0x00000000e8000000, 0x0000000100000000, 0x0000000100000000)
 Metaspace       used 34610K, capacity 35108K, committed 35296K, reserved 1081344K
  class space    used 3625K, capacity 3782K, committed 3836K, reserved 1048576K
}
2017-03-31T04:58:07.910+0200: 348.636: Total time for which application threads were stopped: 0.0186398 seconds, Stopping threads took: 0.0000234 seconds
{Heap before GC invocations=219 (full 1):
 par new generation   total 109248K, used 98128K [0x00000000e0000000, 0x00000000e8000000, 0x00000000e8000000)
  eden space 87424K, 100% used [0x00000000e0000000, 0x00000000e5560000, 0x00000000e5560000)
  from space 21824K,  49% used [0x00000000e6ab0000, 0x00000000e7524380, 0x00000000e8000000)
  to   space 21824K,   0% used [0x00000000e5560000, 0x00000000e5560000, 0x00000000e6ab0000)
 concurrent mark-sweep generation total 393216K, used 14228K [0x00000000e8000000, 0x0000000100000000, 0x0000000100000000)
 Metaspace       used 34610K, capacity 35108K, committed 35296K, reserved 1081344K
  class space    used 3625K, capacity 3782K, committed 3836K, reserved 1048576K
2017-03-31T04:58:08.303+0200: 349.029: [GC (Allocation Failure) 2017-03-31T04:58:08.303+0200: 349.029: [ParNew
Desired survivor size 20112992 bytes, new threshold 8 (max 8)
- age   1:    3942424 bytes,    3942424 total
- age   2:    2866728 bytes,    6809152 total
- age   3:     897312 bytes,    7706464 total
- age   4:      13296 bytes,    7719760 total
- age   5:       4520 bytes,    7724280 total
- age   6:       4312 bytes,    7728592 total
- age   7:       6760 bytes,    7735352 total
- age   8:       6104 bytes,    7741456 total
: 98128K->11136K(109248K), 0.0243250 secs] 112357K->25374K(502464K), 0.0243906 secs] [Times: user=0.01 sys=0.00, real=0.02 secs] 
Heap after GC invocations=220 (full 1):
 par new generation   total 109248K, used 11136K [0x00000000e0000000, 0x00000000e8000000, 0x00000000e8000000)
  eden space 87424K,   0% used [0x00000000e0000000, 0x00000000e0000000, 0x00000000e5560000)
  from space 21824K,  51% used [0x00000000e5560000, 0x00000000e6040210, 0x00000000e6ab0000)
  to   space 21824K,   0% used [0x00000000e6ab0000, 0x00000000e6ab0000, 0x00000000e8000000)
 concurrent mark-sweep generation total 393216K, used 14237K [0x00000000e8000000, 0x0000000100000000, 0x0000000100000000)
 Metaspace       used 34610K, capacity 35108K, committed 35296K, reserved 1081344K
  class space    used 3625K, capacity 3782K, committed 3836K, reserved 1048576K
}
2017-03-31T04:58:08.327+0200: 349.054: Total time for which application threads were stopped: 0.0247449 seconds, Stopping threads took: 0.0000847 seconds
{Heap before GC invocations=220 (full 1):
 par new generation   total 109248K, used 98560K [0x00000000e0000000, 0x00000000e8000000, 0x00000000e8000000)
  eden space 87424K, 100% used [0x00000000e0000000, 0x00000000e5560000, 0x00000000e5560000)
  from space 21824K,  51% used [0x00000000e5560000, 0x00000000e6040210, 0x00000000e6ab0000)
  to   space 21824K,   0% used [0x00000000e6ab0000, 0x00000000e6ab0000, 0x00000000e8000000)
 concurrent mark-sweep generation total 393216K, used 14237K [0x00000000e8000000, 0x0000000100000000, 0x0000000100000000)
 Metaspace       used 34610K, capacity 35108K, committed 35296K, reserved 1081344K
  class space    used 3625K, capacity 3782K, committed 3836K, reserved 1048576K
2017-03-31T04:58:08.746+0200: 349.472: [GC (Allocation Failure) 2017-03-31T04:58:08.746+0200: 349.472: [ParNew
Desired survivor size 20112992 bytes, new threshold 8 (max 8)
- age   1:    4397184 bytes,    4397184 total
- age   2:    2450760 bytes,    6847944 total
- age   3:       3784 bytes,    6851728 total
- age   4:      16160 bytes,    6867888 total
- age   5:      12640 bytes,    6880528 total
- age   6:       4520 bytes,    6885048 total
- age   7:       4312 bytes,    6889360 total
- age   8:       6760 bytes,    6896120 total
: 98560K->10554K(109248K), 0.0281773 secs] 112798K->24798K(502464K), 0.0282503 secs] [Times: user=0.02 sys=0.01, real=0.03 secs] 
Heap after GC invocations=221 (full 1):
 par new generation   total 109248K, used 10554K [0x00000000e0000000, 0x00000000e8000000, 0x00000000e8000000)
  eden space 87424K,   0% used [0x00000000e0000000, 0x00000000e0000000, 0x00000000e5560000)
  from space 21824K,  48% used [0x00000000e6ab0000, 0x00000000e74febd8, 0x00000000e8000000)
  to   space 21824K,   0% used [0x00000000e5560000, 0x00000000e5560000, 0x00000000e6ab0000)
 concurrent mark-sweep generation total 393216K, used 14243K [0x00000000e8000000, 0x0000000100000000, 0x0000000100000000)
 Metaspace       used 34610K, capacity 35108K, committed 35296K, reserved 1081344K
  class space    used 3625K, capacity 3782K, committed 3836K, reserved 1048576K
}
2017-03-31T04:58:08.774+0200: 349.500: Total time for which application threads were stopped: 0.0284206 seconds, Stopping threads took: 0.0000318 seconds
{Heap before GC invocations=221 (full 1):
 par new generation   total 109248K, used 97978K [0x00000000e0000000, 0x00000000e8000000, 0x00000000e8000000)
  eden space 87424K, 100% used [0x00000000e0000000, 0x00000000e5560000, 0x00000000e5560000)
  from space 21824K,  48% used [0x00000000e6ab0000, 0x00000000e74febd8, 0x00000000e8000000)
  to   space 21824K,   0% used [0x00000000e5560000, 0x00000000e5560000, 0x00000000e6ab0000)
 concurrent mark-sweep generation total 393216K, used 14243K [0x00000000e8000000, 0x0000000100000000, 0x0000000100000000)
 Metaspace       used 34610K, capacity 35108K, committed 35296K, reserved 1081344K
  class space    used 3625K, capacity 3782K, committed 3836K, reserved 1048576K
2017-03-31T04:58:09.070+0200: 349.796: [GC (Allocation Failure) 2017-03-31T04:58:09.070+0200: 349.796: [ParNew
Desired survivor size 20112992 bytes, new threshold 8 (max 8)
- age   1:    3357616 bytes,    3357616 total
- age   2:    1990032 bytes,    5347648 total
- age   3:      15512 bytes,    5363160 total
- age   4:       3784 bytes,    5366944 total
- age   5:      15904 bytes,    5382848 total
- age   6:      12384 bytes,    5395232 total
- age   7:       4520 bytes,    5399752 total
- age   8:       4312 bytes,    5404064 total
: 97978K->7141K(109248K), 0.0319308 secs] 112222K->21391K(502464K), 0.0319934 secs] [Times: user=0.04 sys=0.00, real=0.03 secs] 
Heap after GC invocations=222 (full 1):
 par new generation   total 109248K, used 7141K [0x00000000e0000000, 0x00000000e8000000, 0x00000000e8000000)
  eden space 87424K,   0% used [0x00000000e0000000, 0x00000000e0000000, 0x00000000e5560000)
  from space 21824K,  32% used [0x00000000e5560000, 0x00000000e5c59410, 0x00000000e6ab0000)
  to   space 21824K,   0% used [0x00000000e6ab0000, 0x00000000e6ab0000, 0x00000000e8000000)
 concurrent mark-sweep generation total 393216K, used 14250K [0x00000000e8000000, 0x0000000100000000, 0x0000000100000000)
 Metaspace       used 34610K, capacity 35108K, committed 35296K, reserved 1081344K
  class space    used 3625K, capacity 3782K, committed 3836K, reserved 1048576K
}
2017-03-31T04:58:09.102+0200: 349.828: Total time for which application threads were stopped: 0.0321751 seconds, Stopping threads took: 0.0000304 seconds
{Heap before GC invocations=222 (full 1):
 par new generation   total 109248K, used 94565K [0x00000000e0000000, 0x00000000e8000000, 0x00000000e8000000)
  eden space 87424K, 100% used [0x00000000e0000000, 0x00000000e5560000, 0x00000000e5560000)
  from space 21824K,  32% used [0x00000000e5560000, 0x00000000e5c59410, 0x00000000e6ab0000)
  to   space 21824K,   0% used [0x00000000e6ab0000, 0x00000000e6ab0000, 0x00000000e8000000)
 concurrent mark-sweep generation total 393216K, used 14250K [0x00000000e8000000, 0x0000000100000000, 0x0000000100000000)
 Metaspace       used 34610K, capacity 35108K, committed 35296K, reserved 1081344K
  class space    used 3625K, capacity 3782K, committed 3836K, reserved 1048576K
2017-03-31T04:58:09.412+0200: 350.139: [GC (Allocation Failure) 2017-03-31T04:58:09.412+0200: 350.139: [ParNew
Desired survivor size 20112992 bytes, new threshold 8 (max 8)
- age   1:    3554608 bytes,    3554608 total
- age   2:    2790616 bytes,    6345224 total
- age   3:    1598512 bytes,    7943736 total
- age   4:       6424 bytes,    7950160 total
- age   5:       3784 bytes,    7953944 total
- age   6:      15776 bytes,    7969720 total
- age   7:      12256 bytes,    7981976 total
- age   8:       4520 bytes,    7986496 total
: 94565K->9425K(109248K), 0.0298291 secs] 108815K->23680K(502464K), 0.0299047 secs] [Times: user=0.03 sys=0.00, real=0.03 secs] 
Heap after GC invocations=223 (full 1):
 par new generation   total 109248K, used 9425K [0x00000000e0000000, 0x00000000e8000000, 0x00000000e8000000)
  eden space 87424K,   0% used [0x00000000e0000000, 0x00000000e0000000, 0x00000000e5560000)
  from space 21824K,  43% used [0x00000000e6ab0000, 0x00000000e73e47c0, 0x00000000e8000000)
  to   space 21824K,   0% used [0x00000000e5560000, 0x00000000e5560000, 0x00000000e6ab0000)
 concurrent mark-sweep generation total 393216K, used 14254K [0x00000000e8000000, 0x0000000100000000, 0x0000000100000000)
 Metaspace       used 34610K, capacity 35108K, committed 35296K, reserved 1081344K
  class space    used 3625K, capacity 3782K, committed 3836K, reserved 1048576K
}
2017-03-31T04:58:09.442+0200: 350.169: Total time for which application threads were stopped: 0.0300609 seconds, Stopping threads took: 0.0000313 seconds
{Heap before GC invocations=223 (full 1):
 par new generation   total 109248K, used 96829K [0x00000000e0000000, 0x00000000e8000000, 0x00000000e8000000)
  eden space 87424K,  99% used [0x00000000e0000000, 0x00000000e555ae68, 0x00000000e5560000)
  from space 21824K,  43% used [0x00000000e6ab0000, 0x00000000e73e47c0, 0x00000000e8000000)
  to   space 21824K,   0% used [0x00000000e5560000, 0x00000000e5560000, 0x00000000e6ab0000)
 concurrent mark-sweep generation total 393216K, used 14254K [0x00000000e8000000, 0x0000000100000000, 0x0000000100000000)
 Metaspace       used 34610K, capacity 35108K, committed 35296K, reserved 1081344K
  class space    used 3625K, capacity 3782K, committed 3836K, reserved 1048576K
2017-03-31T04:58:09.834+0200: 350.560: [GC (Allocation Failure) 2017-03-31T04:58:09.834+0200: 350.560: [ParNew
Desired survivor size 20112992 bytes, new threshold 8 (max 8)
- age   1:    4497592 bytes,    4497592 total
- age   2:    2772808 bytes,    7270400 total
- age   3:       4112 bytes,    7274512 total
- age   4:      13288 bytes,    7287800 total
- age   5:       6040 bytes,    7293840 total
- age   6:       3784 bytes,    7297624 total
- age   7:      15776 bytes,    7313400 total
- age   8:      12256 bytes,    7325656 total
: 96829K->11414K(109248K), 0.0185250 secs] 111084K->25673K(502464K), 0.0186049 secs] [Times: user=0.02 sys=0.00, real=0.02 secs] 
Heap after GC invocations=224 (full 1):
 par new generation   total 109248K, used 11414K [0x00000000e0000000, 0x00000000e8000000, 0x00000000e8000000)
  eden space 87424K,   0% used [0x00000000e0000000, 0x00000000e0000000, 0x00000000e5560000)
  from space 21824K,  52% used [0x00000000e5560000, 0x00000000e6085bb0, 0x00000000e6ab0000)
  to   space 21824K,   0% used [0x00000000e6ab0000, 0x00000000e6ab0000, 0x00000000e8000000)
 concurrent mark-sweep generation total 393216K, used 14258K [0x00000000e8000000, 0x0000000100000000, 0x0000000100000000)
 Metaspace       used 34610K, capacity 35108K, committed 35296K, reserved 1081344K
  class space    used 3625K, capacity 3782K, committed 3836K, reserved 1048576K
}
2017-03-31T04:58:09.852+0200: 350.579: Total time for which application threads were stopped: 0.0189204 seconds, Stopping threads took: 0.0000413 seconds
{Heap before GC invocations=224 (full 1):
 par new generation   total 109248K, used 98838K [0x00000000e0000000, 0x00000000e8000000, 0x00000000e8000000)
  eden space 87424K, 100% used [0x00000000e0000000, 0x00000000e5560000, 0x00000000e5560000)
  from space 21824K,  52% used [0x00000000e5560000, 0x00000000e6085bb0, 0x00000000e6ab0000)
  to   space 21824K,   0% used [0x00000000e6ab0000, 0x00000000e6ab0000, 0x00000000e8000000)
 concurrent mark-sweep generation total 393216K, used 14258K [0x00000000e8000000, 0x0000000100000000, 0x0000000100000000)
 Metaspace       used 34611K, capacity 35108K, committed 35296K, reserved 1081344K
  class space    used 3625K, capacity 3782K, committed 3836K, reserved 1048576K
2017-03-31T04:58:10.324+0200: 351.050: [GC (Allocation Failure) 2017-03-31T04:58:10.324+0200: 351.050: [ParNew
Desired survivor size 20112992 bytes, new threshold 8 (max 8)
- age   1:    4110624 bytes,    4110624 total
- age   2:    2167248 bytes,    6277872 total
- age   3:       4688 bytes,    6282560 total
- age   4:       4112 bytes,    6286672 total
- age   5:      12504 bytes,    6299176 total
- age   6:       6040 bytes,    6305216 total
- age   7:       3784 bytes,    6309000 total
- age   8:      15776 bytes,    6324776 total
: 98838K->8547K(109248K), 0.0205231 secs] 113097K->22813K(502464K), 0.0205765 secs] [Times: user=0.01 sys=0.01, real=0.02 secs] 
Heap after GC invocations=225 (full 1):
 par new generation   total 109248K, used 8547K [0x00000000e0000000, 0x00000000e8000000, 0x00000000e8000000)
  eden space 87424K,   0% used [0x00000000e0000000, 0x00000000e0000000, 0x00000000e5560000)
  from space 21824K,  39% used [0x00000000e6ab0000, 0x00000000e7308fe0, 0x00000000e8000000)
  to   space 21824K,   0% used [0x00000000e5560000, 0x00000000e5560000, 0x00000000e6ab0000)
 concurrent mark-sweep generation total 393216K, used 14265K [0x00000000e8000000, 0x0000000100000000, 0x0000000100000000)
 Metaspace       used 34611K, capacity 35108K, committed 35296K, reserved 1081344K
  class space    used 3625K, capacity 3782K, committed 3836K, reserved 1048576K
}
2017-03-31T04:58:10.345+0200: 351.071: Total time for which application threads were stopped: 0.0227474 seconds, Stopping threads took: 0.0020238 seconds
{Heap before GC invocations=225 (full 1):
 par new generation   total 109248K, used 95971K [0x00000000e0000000, 0x00000000e8000000, 0x00000000e8000000)
  eden space 87424K, 100% used [0x00000000e0000000, 0x00000000e5560000, 0x00000000e5560000)
  from space 21824K,  39% used [0x00000000e6ab0000, 0x00000000e7308fe0, 0x00000000e8000000)
  to   space 21824K,   0% used [0x00000000e5560000, 0x00000000e5560000, 0x00000000e6ab0000)
 concurrent mark-sweep generation total 393216K, used 14265K [0x00000000e8000000, 0x0000000100000000, 0x0000000100000000)
 Metaspace       used 34611K, capacity 35108K, committed 35296K, reserved 1081344K
  class space    used 3625K, capacity 3782K, committed 3836K, reserved 1048576K
2017-03-31T04:58:10.613+0200: 351.339: [GC (Allocation Failure) 2017-03-31T04:58:10.613+0200: 351.339: [ParNew
Desired survivor size 20112992 bytes, new threshold 8 (max 8)
- age   1:    3237352 bytes,    3237352 total
- age   2:    3721360 bytes,    6958712 total
- age   3:    1861792 bytes,    8820504 total
- age   4:       4688 bytes,    8825192 total
- age   5:       4112 bytes,    8829304 total
- age   6:      12504 bytes,    8841808 total
- age   7:       6040 bytes,    8847848 total
- age   8:       3784 bytes,    8851632 total
: 95971K->11098K(109248K), 0.0247461 secs] 110237K->25379K(502464K), 0.0248215 secs] [Times: user=0.02 sys=0.01, real=0.02 secs] 
Heap after GC invocations=226 (full 1):
 par new generation   total 109248K, used 11098K [0x00000000e0000000, 0x00000000e8000000, 0x00000000e8000000)
  eden space 87424K,   0% used [0x00000000e0000000, 0x00000000e0000000, 0x00000000e5560000)
  from space 21824K,  50% used [0x00000000e5560000, 0x00000000e6036a00, 0x00000000e6ab0000)
  to   space 21824K,   0% used [0x00000000e6ab0000, 0x00000000e6ab0000, 0x00000000e8000000)
 concurrent mark-sweep generation total 393216K, used 14281K [0x00000000e8000000, 0x0000000100000000, 0x0000000100000000)
 Metaspace       used 34611K, capacity 35108K, committed 35296K, reserved 1081344K
  class space    used 3625K, capacity 3782K, committed 3836K, reserved 1048576K
}
2017-03-31T04:58:10.638+0200: 351.364: Total time for which application threads were stopped: 0.0275357 seconds, Stopping threads took: 0.0025565 seconds
{Heap before GC invocations=226 (full 1):
 par new generation   total 109248K, used 98522K [0x00000000e0000000, 0x00000000e8000000, 0x00000000e8000000)
  eden space 87424K, 100% used [0x00000000e0000000, 0x00000000e5560000, 0x00000000e5560000)
  from space 21824K,  50% used [0x00000000e5560000, 0x00000000e6036a00, 0x00000000e6ab0000)
  to   space 21824K,   0% used [0x00000000e6ab0000, 0x00000000e6ab0000, 0x00000000e8000000)
 concurrent mark-sweep generation total 393216K, used 14281K [0x00000000e8000000, 0x0000000100000000, 0x0000000100000000)
 Metaspace       used 34611K, capacity 35108K, committed 35296K, reserved 1081344K
  class space    used 3625K, capacity 3782K, committed 3836K, reserved 1048576K
2017-03-31T04:58:11.036+0200: 351.763: [GC (Allocation Failure) 2017-03-31T04:58:11.036+0200: 351.763: [ParNew
Desired survivor size 20112992 bytes, new threshold 8 (max 8)
- age   1:    4337816 bytes,    4337816 total
- age   2:    2421880 bytes,    6759696 total
- age   3:     854008 bytes,    7613704 total
- age   4:      13176 bytes,    7626880 total
- age   5:       4560 bytes,    7631440 total
- age   6:       3856 bytes,    7635296 total
- age   7:      12376 bytes,    7647672 total
- age   8:       6040 bytes,    7653712 total
: 98522K->12732K(109248K), 0.0404280 secs] 112803K->27017K(502464K), 0.0404949 secs] [Times: user=0.04 sys=0.00, real=0.03 secs] 
Heap after GC invocations=227 (full 1):
 par new generation   total 109248K, used 12732K [0x00000000e0000000, 0x00000000e8000000, 0x00000000e8000000)
  eden space 87424K,   0% used [0x00000000e0000000, 0x00000000e0000000, 0x00000000e5560000)
  from space 21824K,  58% used [0x00000000e6ab0000, 0x00000000e771f358, 0x00000000e8000000)
  to   space 21824K,   0% used [0x00000000e5560000, 0x00000000e5560000, 0x00000000e6ab0000)
 concurrent mark-sweep generation total 393216K, used 14284K [0x00000000e8000000, 0x0000000100000000, 0x0000000100000000)
 Metaspace       used 34611K, capacity 35108K, committed 35296K, reserved 1081344K
  class space    used 3625K, capacity 3782K, committed 3836K, reserved 1048576K
}
2017-03-31T04:58:11.077+0200: 351.803: Total time for which application threads were stopped: 0.0408540 seconds, Stopping threads took: 0.0000962 seconds
{Heap before GC invocations=227 (full 1):
 par new generation   total 109248K, used 100156K [0x00000000e0000000, 0x00000000e8000000, 0x00000000e8000000)
  eden space 87424K, 100% used [0x00000000e0000000, 0x00000000e5560000, 0x00000000e5560000)
  from space 21824K,  58% used [0x00000000e6ab0000, 0x00000000e771f358, 0x00000000e8000000)
  to   space 21824K,   0% used [0x00000000e5560000, 0x00000000e5560000, 0x00000000e6ab0000)
 concurrent mark-sweep generation total 393216K, used 14284K [0x00000000e8000000, 0x0000000100000000, 0x0000000100000000)
 Metaspace       used 34612K, capacity 35108K, committed 35296K, reserved 1081344K
  class space    used 3625K, capacity 3782K, committed 3836K, reserved 1048576K
2017-03-31T04:58:11.498+0200: 352.224: [GC (Allocation Failure) 2017-03-31T04:58:11.498+0200: 352.224: [ParNew
Desired survivor size 20112992 bytes, new threshold 8 (max 8)
- age   1:    4491440 bytes,    4491440 total
- age   2:    2359208 bytes,    6850648 total
- age   3:       3376 bytes,    6854024 total
- age   4:       6280 bytes,    6860304 total
- age   5:      12792 bytes,    6873096 total
- age   6:       4560 bytes,    6877656 total
- age   7:       3856 bytes,    6881512 total
- age   8:      12376 bytes,    6893888 total
: 100156K->8296K(109248K), 0.0251031 secs] 114441K->22587K(502464K), 0.0251875 secs] [Times: user=0.02 sys=0.00, real=0.02 secs] 
Heap after GC invocations=228 (full 1):
 par new generation   total 109248K, used 8296K [0x00000000e0000000, 0x00000000e8000000, 0x00000000e8000000)
  eden space 87424K,   0% used [0x00000000e0000000, 0x00000000e0000000, 0x00000000e5560000)
  from space 21824K,  38% used [0x00000000e5560000, 0x00000000e5d7a3c8, 0x00000000e6ab0000)
  to   space 21824K,   0% used [0x00000000e6ab0000, 0x00000000e6ab0000, 0x00000000e8000000)
 concurrent mark-sweep generation total 393216K, used 14290K [0x00000000e8000000, 0x0000000100000000, 0x0000000100000000)
 Metaspace       used 34612K, capacity 35108K, committed 35296K, reserved 1081344K
  class space    used 3625K, capacity 3782K, committed 3836K, reserved 1048576K
}
2017-03-31T04:58:11.523+0200: 352.250: Total time for which application threads were stopped: 0.0253762 seconds, Stopping threads took: 0.0000339 seconds
{Heap before GC invocations=228 (full 1):
 par new generation   total 109248K, used 95720K [0x00000000e0000000, 0x00000000e8000000, 0x00000000e8000000)
  eden space 87424K, 100% used [0x00000000e0000000, 0x00000000e5560000, 0x00000000e5560000)
  from space 21824K,  38% used [0x00000000e5560000, 0x00000000e5d7a3c8, 0x00000000e6ab0000)
  to   space 21824K,   0% used [0x00000000e6ab0000, 0x00000000e6ab0000, 0x00000000e8000000)
 concurrent mark-sweep generation total 393216K, used 14290K [0x00000000e8000000, 0x0000000100000000, 0x0000000100000000)
 Metaspace       used 34612K, capacity 35108K, committed 35296K, reserved 1081344K
  class space    used 3625K, capacity 3782K, committed 3836K, reserved 1048576K
2017-03-31T04:58:11.853+0200: 352.579: [GC (Allocation Failure) 2017-03-31T04:58:11.853+0200: 352.579: [ParNew
Desired survivor size 20112992 bytes, new threshold 8 (max 8)
- age   1:    3117920 bytes,    3117920 total
- age   2:    1946720 bytes,    5064640 total
- age   3:      16144 bytes,    5080784 total
- age   4:       3376 bytes,    5084160 total
- age   5:       6024 bytes,    5090184 total
- age   6:      12144 bytes,    5102328 total
- age   7:       4560 bytes,    5106888 total
- age   8:       3856 bytes,    5110744 total
: 95720K->10449K(109248K), 0.0200573 secs] 110011K->24752K(502464K), 0.0201117 secs] [Times: user=0.02 sys=0.00, real=0.02 secs] 
Heap after GC invocations=229 (full 1):
 par new generation   total 109248K, used 10449K [0x00000000e0000000, 0x00000000e8000000, 0x00000000e8000000)
  eden space 87424K,   0% used [0x00000000e0000000, 0x00000000e0000000, 0x00000000e5560000)
  from space 21824K,  47% used [0x00000000e6ab0000, 0x00000000e74e4618, 0x00000000e8000000)
  to   space 21824K,   0% used [0x00000000e5560000, 0x00000000e5560000, 0x00000000e6ab0000)
 concurrent mark-sweep generation total 393216K, used 14303K [0x00000000e8000000, 0x0000000100000000, 0x0000000100000000)
 Metaspace       used 34612K, capacity 35108K, committed 35296K, reserved 1081344K
  class space    used 3625K, capacity 3782K, committed 3836K, reserved 1048576K
}
2017-03-31T04:58:11.873+0200: 352.600: Total time for which application threads were stopped: 0.0202908 seconds, Stopping threads took: 0.0000321 seconds
{Heap before GC invocations=229 (full 1):
 par new generation   total 109248K, used 97852K [0x00000000e0000000, 0x00000000e8000000, 0x00000000e8000000)
  eden space 87424K,  99% used [0x00000000e0000000, 0x00000000e555ab98, 0x00000000e5560000)
  from space 21824K,  47% used [0x00000000e6ab0000, 0x00000000e74e4618, 0x00000000e8000000)
  to   space 21824K,   0% used [0x00000000e5560000, 0x00000000e5560000, 0x00000000e6ab0000)
 concurrent mark-sweep generation total 393216K, used 14303K [0x00000000e8000000, 0x0000000100000000, 0x0000000100000000)
 Metaspace       used 34612K, capacity 35108K, committed 35296K, reserved 1081344K
  class space    used 3625K, capacity 3782K, committed 3836K, reserved 1048576K
2017-03-31T04:58:12.199+0200: 352.926: [GC (Allocation Failure) 2017-03-31T04:58:12.199+0200: 352.926: [ParNew
Desired survivor size 20112992 bytes, new threshold 8 (max 8)
- age   1:    3589456 bytes,    3589456 total
- age   2:    2870520 bytes,    6459976 total
- age   3:    1559344 bytes,    8019320 total
- age   4:       7056 bytes,    8026376 total
- age   5:       3376 bytes,    8029752 total
- age   6:       5896 bytes,    8035648 total
- age   7:       6712 bytes,    8042360 total
- age   8:       4560 bytes,    8046920 total
: 97852K->9714K(109248K), 0.0432990 secs] 112155K->24021K(502464K), 0.0433823 secs] [Times: user=0.03 sys=0.00, real=0.04 secs] 
Heap after GC invocations=230 (full 1):
 par new generation   total 109248K, used 9714K [0x00000000e0000000, 0x00000000e8000000, 0x00000000e8000000)
  eden space 87424K,   0% used [0x00000000e0000000, 0x00000000e0000000, 0x00000000e5560000)
  from space 21824K,  44% used [0x00000000e5560000, 0x00000000e5edc980, 0x00000000e6ab0000)
  to   space 21824K,   0% used [0x00000000e6ab0000, 0x00000000e6ab0000, 0x00000000e8000000)
 concurrent mark-sweep generation total 393216K, used 14307K [0x00000000e8000000, 0x0000000100000000, 0x0000000100000000)
 Metaspace       used 34612K, capacity 35108K, committed 35296K, reserved 1081344K
  class space    used 3625K, capacity 3782K, committed 3836K, reserved 1048576K
}
2017-03-31T04:58:12.243+0200: 352.969: Total time for which application threads were stopped: 0.0435705 seconds, Stopping threads took: 0.0000391 seconds
{Heap before GC invocations=230 (full 1):
 par new generation   total 109248K, used 97138K [0x00000000e0000000, 0x00000000e8000000, 0x00000000e8000000)
  eden space 87424K, 100% used [0x00000000e0000000, 0x00000000e5560000, 0x00000000e5560000)
  from space 21824K,  44% used [0x00000000e5560000, 0x00000000e5edc980, 0x00000000e6ab0000)
  to   space 21824K,   0% used [0x00000000e6ab0000, 0x00000000e6ab0000, 0x00000000e8000000)
 concurrent mark-sweep generation total 393216K, used 14307K [0x00000000e8000000, 0x0000000100000000, 0x0000000100000000)
 Metaspace       used 34612K, capacity 35108K, committed 35296K, reserved 1081344K
  class space    used 3625K, capacity 3782K, committed 3836K, reserved 1048576K
2017-03-31T04:58:12.666+0200: 353.392: [GC (Allocation Failure) 2017-03-31T04:58:12.666+0200: 353.392: [ParNew
Desired survivor size 20112992 bytes, new threshold 8 (max 8)
- age   1:    4832728 bytes,    4832728 total
- age   2:    2846368 bytes,    7679096 total
- age   3:      10128 bytes,    7689224 total
- age   4:       7672 bytes,    7696896 total
- age   5:       6672 bytes,    7703568 total
- age   6:       3376 bytes,    7706944 total
- age   7:       5896 bytes,    7712840 total
- age   8:       6712 bytes,    7719552 total
: 97138K->11376K(109248K), 0.0191017 secs] 111445K->25688K(502464K), 0.0191654 secs] [Times: user=0.02 sys=0.00, real=0.02 secs] 
Heap after GC invocations=231 (full 1):
 par new generation   total 109248K, used 11376K [0x00000000e0000000, 0x00000000e8000000, 0x00000000e8000000)
  eden space 87424K,   0% used [0x00000000e0000000, 0x00000000e0000000, 0x00000000e5560000)
  from space 21824K,  52% used [0x00000000e6ab0000, 0x00000000e75cc258, 0x00000000e8000000)
  to   space 21824K,   0% used [0x00000000e5560000, 0x00000000e5560000, 0x00000000e6ab0000)
 concurrent mark-sweep generation total 393216K, used 14311K [0x00000000e8000000, 0x0000000100000000, 0x0000000100000000)
 Metaspace       used 34612K, capacity 35108K, committed 35296K, reserved 1081344K
  class space    used 3625K, capacity 3782K, committed 3836K, reserved 1048576K
}
2017-03-31T04:58:12.685+0200: 353.412: Total time for which application threads were stopped: 0.0225878 seconds, Stopping threads took: 0.0032651 seconds
{Heap before GC invocations=231 (full 1):
 par new generation   total 109248K, used 98800K [0x00000000e0000000, 0x00000000e8000000, 0x00000000e8000000)
  eden space 87424K, 100% used [0x00000000e0000000, 0x00000000e5560000, 0x00000000e5560000)
  from space 21824K,  52% used [0x00000000e6ab0000, 0x00000000e75cc258, 0x00000000e8000000)
  to   space 21824K,   0% used [0x00000000e5560000, 0x00000000e5560000, 0x00000000e6ab0000)
 concurrent mark-sweep generation total 393216K, used 14311K [0x00000000e8000000, 0x0000000100000000, 0x0000000100000000)
 Metaspace       used 34612K, capacity 35108K, committed 35296K, reserved 1081344K
  class space    used 3625K, capacity 3782K, committed 3836K, reserved 1048576K
2017-03-31T04:58:13.092+0200: 353.819: [GC (Allocation Failure) 2017-03-31T04:58:13.092+0200: 353.819: [ParNew
Desired survivor size 20112992 bytes, new threshold 8 (max 8)
- age   1:    4126392 bytes,    4126392 total
- age   2:    2180128 bytes,    6306520 total
- age   3:       5064 bytes,    6311584 total
- age   4:       4472 bytes,    6316056 total
- age   5:       7480 bytes,    6323536 total
- age   6:       6672 bytes,    6330208 total
- age   7:       3376 bytes,    6333584 total
- age   8:       5896 bytes,    6339480 total
: 98800K->8774K(109248K), 0.0160231 secs] 113112K->23092K(502464K), 0.0160853 secs] [Times: user=0.02 sys=0.00, real=0.01 secs] 
Heap after GC invocations=232 (full 1):
 par new generation   total 109248K, used 8774K [0x00000000e0000000, 0x00000000e8000000, 0x00000000e8000000)
  eden space 87424K,   0% used [0x00000000e0000000, 0x00000000e0000000, 0x00000000e5560000)
  from space 21824K,  40% used [0x00000000e5560000, 0x00000000e5df1ac0, 0x00000000e6ab0000)
  to   space 21824K,   0% used [0x00000000e6ab0000, 0x00000000e6ab0000, 0x00000000e8000000)
 concurrent mark-sweep generation total 393216K, used 14318K [0x00000000e8000000, 0x0000000100000000, 0x0000000100000000)
 Metaspace       used 34612K, capacity 35108K, committed 35296K, reserved 1081344K
  class space    used 3625K, capacity 3782K, committed 3836K, reserved 1048576K
}
2017-03-31T04:58:13.108+0200: 353.835: Total time for which application threads were stopped: 0.0182568 seconds, Stopping threads took: 0.0020221 seconds
{Heap before GC invocations=232 (full 1):
 par new generation   total 109248K, used 96198K [0x00000000e0000000, 0x00000000e8000000, 0x00000000e8000000)
  eden space 87424K, 100% used [0x00000000e0000000, 0x00000000e5560000, 0x00000000e5560000)
  from space 21824K,  40% used [0x00000000e5560000, 0x00000000e5df1ac0, 0x00000000e6ab0000)
  to   space 21824K,   0% used [0x00000000e6ab0000, 0x00000000e6ab0000, 0x00000000e8000000)
 concurrent mark-sweep generation total 393216K, used 14318K [0x00000000e8000000, 0x0000000100000000, 0x0000000100000000)
 Metaspace       used 34612K, capacity 35108K, committed 35296K, reserved 1081344K
  class space    used 3625K, capacity 3782K, committed 3836K, reserved 1048576K
2017-03-31T04:58:13.372+0200: 354.099: [GC (Allocation Failure) 2017-03-31T04:58:13.372+0200: 354.099: [ParNew
Desired survivor size 20112992 bytes, new threshold 8 (max 8)
- age   1:    2798048 bytes,    2798048 total
- age   2:    3760536 bytes,    6558584 total
- age   3:    1872784 bytes,    8431368 total
- age   4:       5064 bytes,    8436432 total
- age   5:       4472 bytes,    8440904 total
- age   6:       7480 bytes,    8448384 total
- age   7:       6672 bytes,    8455056 total
- age   8:       3376 bytes,    8458432 total
: 96198K->10396K(109248K), 0.0250495 secs] 110516K->24721K(502464K), 0.0251166 secs] [Times: user=0.03 sys=0.00, real=0.03 secs] 
Heap after GC invocations=233 (full 1):
 par new generation   total 109248K, used 10396K [0x00000000e0000000, 0x00000000e8000000, 0x00000000e8000000)
  eden space 87424K,   0% used [0x00000000e0000000, 0x00000000e0000000, 0x00000000e5560000)
  from space 21824K,  47% used [0x00000000e6ab0000, 0x00000000e74d73d0, 0x00000000e8000000)
  to   space 21824K,   0% used [0x00000000e5560000, 0x00000000e5560000, 0x00000000e6ab0000)
 concurrent mark-sweep generation total 393216K, used 14324K [0x00000000e8000000, 0x0000000100000000, 0x0000000100000000)
 Metaspace       used 34612K, capacity 35108K, committed 35296K, reserved 1081344K
  class space    used 3625K, capacity 3782K, committed 3836K, reserved 1048576K
}
2017-03-31T04:58:13.397+0200: 354.124: Total time for which application threads were stopped: 0.0252765 seconds, Stopping threads took: 0.0000343 seconds
{Heap before GC invocations=233 (full 1):
 par new generation   total 109248K, used 97820K [0x00000000e0000000, 0x00000000e8000000, 0x00000000e8000000)
  eden space 87424K, 100% used [0x00000000e0000000, 0x00000000e5560000, 0x00000000e5560000)
  from space 21824K,  47% used [0x00000000e6ab0000, 0x00000000e74d73d0, 0x00000000e8000000)
  to   space 21824K,   0% used [0x00000000e5560000, 0x00000000e5560000, 0x00000000e6ab0000)
 concurrent mark-sweep generation total 393216K, used 14324K [0x00000000e8000000, 0x0000000100000000, 0x0000000100000000)
 Metaspace       used 34613K, capacity 35108K, committed 35296K, reserved 1081344K
  class space    used 3625K, capacity 3782K, committed 3836K, reserved 1048576K
2017-03-31T04:58:13.766+0200: 354.492: [GC (Allocation Failure) 2017-03-31T04:58:13.766+0200: 354.492: [ParNew
Desired survivor size 20112992 bytes, new threshold 8 (max 8)
- age   1:    4327216 bytes,    4327216 total
- age   2:    2421232 bytes,    6748448 total
- age   3:     890360 bytes,    7638808 total
- age   4:       7104 bytes,    7645912 total
- age   5:       4936 bytes,    7650848 total
- age   6:       4216 bytes,    7655064 total
- age   7:       7480 bytes,    7662544 total
- age   8:       6672 bytes,    7669216 total
: 97820K->12241K(109248K), 0.0200418 secs] 112145K->26568K(502464K), 0.0201106 secs] [Times: user=0.02 sys=0.00, real=0.02 secs] 
Heap after GC invocations=234 (full 1):
 par new generation   total 109248K, used 12241K [0x00000000e0000000, 0x00000000e8000000, 0x00000000e8000000)
  eden space 87424K,   0% used [0x00000000e0000000, 0x00000000e0000000, 0x00000000e5560000)
  from space 21824K,  56% used [0x00000000e5560000, 0x00000000e6154490, 0x00000000e6ab0000)
  to   space 21824K,   0% used [0x00000000e6ab0000, 0x00000000e6ab0000, 0x00000000e8000000)
 concurrent mark-sweep generation total 393216K, used 14327K [0x00000000e8000000, 0x0000000100000000, 0x0000000100000000)
 Metaspace       used 34613K, capacity 35108K, committed 35296K, reserved 1081344K
  class space    used 3625K, capacity 3782K, committed 3836K, reserved 1048576K
}
2017-03-31T04:58:13.786+0200: 354.513: Total time for which application threads were stopped: 0.0223062 seconds, Stopping threads took: 0.0020315 seconds
{Heap before GC invocations=234 (full 1):
 par new generation   total 109248K, used 99665K [0x00000000e0000000, 0x00000000e8000000, 0x00000000e8000000)
  eden space 87424K, 100% used [0x00000000e0000000, 0x00000000e5560000, 0x00000000e5560000)
  from space 21824K,  56% used [0x00000000e5560000, 0x00000000e6154490, 0x00000000e6ab0000)
  to   space 21824K,   0% used [0x00000000e6ab0000, 0x00000000e6ab0000, 0x00000000e8000000)
 concurrent mark-sweep generation total 393216K, used 14327K [0x00000000e8000000, 0x0000000100000000, 0x0000000100000000)
 Metaspace       used 34613K, capacity 35108K, committed 35296K, reserved 1081344K
  class space    used 3625K, capacity 3782K, committed 3836K, reserved 1048576K
2017-03-31T04:58:14.203+0200: 354.929: [GC (Allocation Failure) 2017-03-31T04:58:14.203+0200: 354.929: [ParNew
Desired survivor size 20112992 bytes, new threshold 8 (max 8)
- age   1:    4396992 bytes,    4396992 total
- age   2:    2402328 bytes,    6799320 total
- age   3:       3096 bytes,    6802416 total
- age   4:       6488 bytes,    6808904 total
- age   5:       6720 bytes,    6815624 total
- age   6:       4936 bytes,    6820560 total
- age   7:       4192 bytes,    6824752 total
- age   8:       7480 bytes,    6832232 total
: 99665K->9052K(109248K), 0.0332325 secs] 113992K->23386K(502464K), 0.0333051 secs] [Times: user=0.03 sys=0.00, real=0.03 secs] 
Heap after GC invocations=235 (full 1):
 par new generation   total 109248K, used 9052K [0x00000000e0000000, 0x00000000e8000000, 0x00000000e8000000)
  eden space 87424K,   0% used [0x00000000e0000000, 0x00000000e0000000, 0x00000000e5560000)
  from space 21824K,  41% used [0x00000000e6ab0000, 0x00000000e73872f0, 0x00000000e8000000)
  to   space 21824K,   0% used [0x00000000e5560000, 0x00000000e5560000, 0x00000000e6ab0000)
 concurrent mark-sweep generation total 393216K, used 14333K [0x00000000e8000000, 0x0000000100000000, 0x0000000100000000)
 Metaspace       used 34613K, capacity 35108K, committed 35296K, reserved 1081344K
  class space    used 3625K, capacity 3782K, committed 3836K, reserved 1048576K
}
2017-03-31T04:58:14.236+0200: 354.962: Total time for which application threads were stopped: 0.0354870 seconds, Stopping threads took: 0.0020127 seconds
{Heap before GC invocations=235 (full 1):
 par new generation   total 109248K, used 96475K [0x00000000e0000000, 0x00000000e8000000, 0x00000000e8000000)
  eden space 87424K,  99% used [0x00000000e0000000, 0x00000000e555fb00, 0x00000000e5560000)
  from space 21824K,  41% used [0x00000000e6ab0000, 0x00000000e73872f0, 0x00000000e8000000)
  to   space 21824K,   0% used [0x00000000e5560000, 0x00000000e5560000, 0x00000000e6ab0000)
 concurrent mark-sweep generation total 393216K, used 14333K [0x00000000e8000000, 0x0000000100000000, 0x0000000100000000)
 Metaspace       used 34613K, capacity 35108K, committed 35296K, reserved 1081344K
  class space    used 3625K, capacity 3782K, committed 3836K, reserved 1048576K
2017-03-31T04:58:14.546+0200: 355.272: [GC (Allocation Failure) 2017-03-31T04:58:14.546+0200: 355.272: [ParNew
Desired survivor size 20112992 bytes, new threshold 8 (max 8)
- age   1:    3122320 bytes,    3122320 total
- age   2:    1737496 bytes,    4859816 total
- age   3:      19392 bytes,    4879208 total
- age   4:       3096 bytes,    4882304 total
- age   5:       6424 bytes,    4888728 total
- age   6:       6720 bytes,    4895448 total
- age   7:       4936 bytes,    4900384 total
- age   8:       4192 bytes,    4904576 total
: 96475K->7666K(109248K), 0.0242678 secs] 110809K->22007K(502464K), 0.0243373 secs] [Times: user=0.03 sys=0.00, real=0.03 secs] 
Heap after GC invocations=236 (full 1):
 par new generation   total 109248K, used 7666K [0x00000000e0000000, 0x00000000e8000000, 0x00000000e8000000)
  eden space 87424K,   0% used [0x00000000e0000000, 0x00000000e0000000, 0x00000000e5560000)
  from space 21824K,  35% used [0x00000000e5560000, 0x00000000e5cdc9d0, 0x00000000e6ab0000)
  to   space 21824K,   0% used [0x00000000e6ab0000, 0x00000000e6ab0000, 0x00000000e8000000)
 concurrent mark-sweep generation total 393216K, used 14341K [0x00000000e8000000, 0x0000000100000000, 0x0000000100000000)
 Metaspace       used 34613K, capacity 35108K, committed 35296K, reserved 1081344K
  class space    used 3625K, capacity 3782K, committed 3836K, reserved 1048576K
}
2017-03-31T04:58:14.570+0200: 355.297: Total time for which application threads were stopped: 0.0245128 seconds, Stopping threads took: 0.0000215 seconds
{Heap before GC invocations=236 (full 1):
 par new generation   total 109248K, used 95064K [0x00000000e0000000, 0x00000000e8000000, 0x00000000e8000000)
  eden space 87424K,  99% used [0x00000000e0000000, 0x00000000e5559a20, 0x00000000e5560000)
  from space 21824K,  35% used [0x00000000e5560000, 0x00000000e5cdc9d0, 0x00000000e6ab0000)
  to   space 21824K,   0% used [0x00000000e6ab0000, 0x00000000e6ab0000, 0x00000000e8000000)
 concurrent mark-sweep generation total 393216K, used 14341K [0x00000000e8000000, 0x0000000100000000, 0x0000000100000000)
 Metaspace       used 34613K, capacity 35108K, committed 35296K, reserved 1081344K
  class space    used 3625K, capacity 3782K, committed 3836K, reserved 1048576K
2017-03-31T04:58:14.901+0200: 355.627: [GC (Allocation Failure) 2017-03-31T04:58:14.901+0200: 355.627: [ParNew
Desired survivor size 20112992 bytes, new threshold 8 (max 8)
- age   1:    3571408 bytes,    3571408 total
- age   2:    2909568 bytes,    6480976 total
- age   3:    1340736 bytes,    7821712 total
- age   4:      11896 bytes,    7833608 total
- age   5:       3096 bytes,    7836704 total
- age   6:       6296 bytes,    7843000 total
- age   7:       6720 bytes,    7849720 total
- age   8:       4936 bytes,    7854656 total
: 95064K->8453K(109248K), 0.0238806 secs] 109406K->22798K(502464K), 0.0239645 secs] [Times: user=0.02 sys=0.00, real=0.02 secs] 
Heap after GC invocations=237 (full 1):
 par new generation   total 109248K, used 8453K [0x00000000e0000000, 0x00000000e8000000, 0x00000000e8000000)
  eden space 87424K,   0% used [0x00000000e0000000, 0x00000000e0000000, 0x00000000e5560000)
  from space 21824K,  38% used [0x00000000e6ab0000, 0x00000000e72f1440, 0x00000000e8000000)
  to   space 21824K,   0% used [0x00000000e5560000, 0x00000000e5560000, 0x00000000e6ab0000)
 concurrent mark-sweep generation total 393216K, used 14345K [0x00000000e8000000, 0x0000000100000000, 0x0000000100000000)
 Metaspace       used 34613K, capacity 35108K, committed 35296K, reserved 1081344K
  class space    used 3625K, capacity 3782K, committed 3836K, reserved 1048576K
}
2017-03-31T04:58:14.925+0200: 355.651: Total time for which application threads were stopped: 0.0241403 seconds, Stopping threads took: 0.0000372 seconds
{Heap before GC invocations=237 (full 1):
 par new generation   total 109248K, used 95877K [0x00000000e0000000, 0x00000000e8000000, 0x00000000e8000000)
  eden space 87424K, 100% used [0x00000000e0000000, 0x00000000e5560000, 0x00000000e5560000)
  from space 21824K,  38% used [0x00000000e6ab0000, 0x00000000e72f1440, 0x00000000e8000000)
  to   space 21824K,   0% used [0x00000000e5560000, 0x00000000e5560000, 0x00000000e6ab0000)
 concurrent mark-sweep generation total 393216K, used 14345K [0x00000000e8000000, 0x0000000100000000, 0x0000000100000000)
 Metaspace       used 34613K, capacity 35108K, committed 35296K, reserved 1081344K
  class space    used 3625K, capacity 3782K, committed 3836K, reserved 1048576K
2017-03-31T04:58:15.327+0200: 356.053: [GC (Allocation Failure) 2017-03-31T04:58:15.327+0200: 356.053: [ParNew
Desired survivor size 20112992 bytes, new threshold 8 (max 8)
- age   1:    4488368 bytes,    4488368 total
- age   2:    2674496 bytes,    7162864 total
- age   3:       4592 bytes,    7167456 total
- age   4:       7464 bytes,    7174920 total
- age   5:       6056 bytes,    7180976 total
- age   6:       3096 bytes,    7184072 total
- age   7:       6272 bytes,    7190344 total
- age   8:       6696 bytes,    7197040 total
: 95877K->10628K(109248K), 0.0195488 secs] 110222K->24978K(502464K), 0.0196197 secs] [Times: user=0.02 sys=0.00, real=0.02 secs] 
Heap after GC invocations=238 (full 1):
 par new generation   total 109248K, used 10628K [0x00000000e0000000, 0x00000000e8000000, 0x00000000e8000000)
  eden space 87424K,   0% used [0x00000000e0000000, 0x00000000e0000000, 0x00000000e5560000)
  from space 21824K,  48% used [0x00000000e5560000, 0x00000000e5fc1088, 0x00000000e6ab0000)
  to   space 21824K,   0% used [0x00000000e6ab0000, 0x00000000e6ab0000, 0x00000000e8000000)
 concurrent mark-sweep generation total 393216K, used 14350K [0x00000000e8000000, 0x0000000100000000, 0x0000000100000000)
 Metaspace       used 34613K, capacity 35108K, committed 35296K, reserved 1081344K
  class space    used 3625K, capacity 3782K, committed 3836K, reserved 1048576K
}
2017-03-31T04:58:15.347+0200: 356.073: Total time for which application threads were stopped: 0.0197830 seconds, Stopping threads took: 0.0000346 seconds
{Heap before GC invocations=238 (full 1):
 par new generation   total 109248K, used 98052K [0x00000000e0000000, 0x00000000e8000000, 0x00000000e8000000)
  eden space 87424K, 100% used [0x00000000e0000000, 0x00000000e5560000, 0x00000000e5560000)
  from space 21824K,  48% used [0x00000000e5560000, 0x00000000e5fc1088, 0x00000000e6ab0000)
  to   space 21824K,   0% used [0x00000000e6ab0000, 0x00000000e6ab0000, 0x00000000e8000000)
 concurrent mark-sweep generation total 393216K, used 14350K [0x00000000e8000000, 0x0000000100000000, 0x0000000100000000)
 Metaspace       used 34613K, capacity 35108K, committed 35296K, reserved 1081344K
  class space    used 3625K, capacity 3782K, committed 3836K, reserved 1048576K
2017-03-31T04:58:15.765+0200: 356.491: [GC (Allocation Failure) 2017-03-31T04:58:15.765+0200: 356.491: [ParNew
Desired survivor size 20112992 bytes, new threshold 8 (max 8)
- age   1:    4371232 bytes,    4371232 total
- age   2:    2052608 bytes,    6423840 total
- age   3:      10672 bytes,    6434512 total
- age   4:       4592 bytes,    6439104 total
- age   5:       7272 bytes,    6446376 total
- age   6:       6056 bytes,    6452432 total
- age   7:       3096 bytes,    6455528 total
- age   8:       6272 bytes,    6461800 total
: 98052K->9007K(109248K), 0.0256641 secs] 112402K->23364K(502464K), 0.0257384 secs] [Times: user=0.02 sys=0.00, real=0.03 secs] 
Heap after GC invocations=239 (full 1):
 par new generation   total 109248K, used 9007K [0x00000000e0000000, 0x00000000e8000000, 0x00000000e8000000)
  eden space 87424K,   0% used [0x00000000e0000000, 0x00000000e0000000, 0x00000000e5560000)
  from space 21824K,  41% used [0x00000000e6ab0000, 0x00000000e737bd20, 0x00000000e8000000)
  to   space 21824K,   0% used [0x00000000e5560000, 0x00000000e5560000, 0x00000000e6ab0000)
 concurrent mark-sweep generation total 393216K, used 14356K [0x00000000e8000000, 0x0000000100000000, 0x0000000100000000)
 Metaspace       used 34613K, capacity 35108K, committed 35296K, reserved 1081344K
  class space    used 3625K, capacity 3782K, committed 3836K, reserved 1048576K
}
2017-03-31T04:58:15.790+0200: 356.517: Total time for which application threads were stopped: 0.0303484 seconds, Stopping threads took: 0.0044484 seconds
{Heap before GC invocations=239 (full 1):
 par new generation   total 109248K, used 96431K [0x00000000e0000000, 0x00000000e8000000, 0x00000000e8000000)
  eden space 87424K, 100% used [0x00000000e0000000, 0x00000000e5560000, 0x00000000e5560000)
  from space 21824K,  41% used [0x00000000e6ab0000, 0x00000000e737bd20, 0x00000000e8000000)
  to   space 21824K,   0% used [0x00000000e5560000, 0x00000000e5560000, 0x00000000e6ab0000)
 concurrent mark-sweep generation total 393216K, used 14356K [0x00000000e8000000, 0x0000000100000000, 0x0000000100000000)
 Metaspace       used 34613K, capacity 35108K, committed 35296K, reserved 1081344K
  class space    used 3625K, capacity 3782K, committed 3836K, reserved 1048576K
2017-03-31T04:58:16.095+0200: 356.821: [GC (Allocation Failure) 2017-03-31T04:58:16.095+0200: 356.821: [ParNew
Desired survivor size 20112992 bytes, new threshold 8 (max 8)
- age   1:    2885008 bytes,    2885008 total
- age   2:    3608464 bytes,    6493472 total
- age   3:    1825888 bytes,    8319360 total
- age   4:      10672 bytes,    8330032 total
- age   5:       4592 bytes,    8334624 total
- age   6:       7272 bytes,    8341896 total
- age   7:       6056 bytes,    8347952 total
- age   8:       3096 bytes,    8351048 total
: 96431K->10351K(109248K), 0.0293310 secs] 110788K->24715K(502464K), 0.0293944 secs] [Times: user=0.03 sys=0.00, real=0.03 secs] 
Heap after GC invocations=240 (full 1):
 par new generation   total 109248K, used 10351K [0x00000000e0000000, 0x00000000e8000000, 0x00000000e8000000)
  eden space 87424K,   0% used [0x00000000e0000000, 0x00000000e0000000, 0x00000000e5560000)
  from space 21824K,  47% used [0x00000000e5560000, 0x00000000e5f7bfd8, 0x00000000e6ab0000)
  to   space 21824K,   0% used [0x00000000e6ab0000, 0x00000000e6ab0000, 0x00000000e8000000)
 concurrent mark-sweep generation total 393216K, used 14363K [0x00000000e8000000, 0x0000000100000000, 0x0000000100000000)
 Metaspace       used 34613K, capacity 35108K, committed 35296K, reserved 1081344K
  class space    used 3625K, capacity 3782K, committed 3836K, reserved 1048576K
}
2017-03-31T04:58:16.124+0200: 356.851: Total time for which application threads were stopped: 0.0295540 seconds, Stopping threads took: 0.0000314 seconds
{Heap before GC invocations=240 (full 1):
 par new generation   total 109248K, used 97775K [0x00000000e0000000, 0x00000000e8000000, 0x00000000e8000000)
  eden space 87424K, 100% used [0x00000000e0000000, 0x00000000e5560000, 0x00000000e5560000)
  from space 21824K,  47% used [0x00000000e5560000, 0x00000000e5f7bfd8, 0x00000000e6ab0000)
  to   space 21824K,   0% used [0x00000000e6ab0000, 0x00000000e6ab0000, 0x00000000e8000000)
 concurrent mark-sweep generation total 393216K, used 14363K [0x00000000e8000000, 0x0000000100000000, 0x0000000100000000)
 Metaspace       used 34613K, capacity 35108K, committed 35296K, reserved 1081344K
  class space    used 3625K, capacity 3782K, committed 3836K, reserved 1048576K
2017-03-31T04:58:16.651+0200: 357.378: [GC (Allocation Failure) 2017-03-31T04:58:16.651+0200: 357.378: [ParNew
Desired survivor size 20112992 bytes, new threshold 8 (max 8)
- age   1:    4414976 bytes,    4414976 total
- age   2:    2426984 bytes,    6841960 total
- age   3:     740552 bytes,    7582512 total
- age   4:       6936 bytes,    7589448 total
- age   5:      10416 bytes,    7599864 total
- age   6:       4464 bytes,    7604328 total
- age   7:       7272 bytes,    7611600 total
- age   8:       6032 bytes,    7617632 total
: 97775K->12097K(109248K), 0.0292972 secs] 112139K->26463K(502464K), 0.0293635 secs] [Times: user=0.02 sys=0.00, real=0.03 secs] 
Heap after GC invocations=241 (full 1):
 par new generation   total 109248K, used 12097K [0x00000000e0000000, 0x00000000e8000000, 0x00000000e8000000)
  eden space 87424K,   0% used [0x00000000e0000000, 0x00000000e0000000, 0x00000000e5560000)
  from space 21824K,  55% used [0x00000000e6ab0000, 0x00000000e76805b0, 0x00000000e8000000)
  to   space 21824K,   0% used [0x00000000e5560000, 0x00000000e5560000, 0x00000000e6ab0000)
 concurrent mark-sweep generation total 393216K, used 14366K [0x00000000e8000000, 0x0000000100000000, 0x0000000100000000)
 Metaspace       used 34613K, capacity 35108K, committed 35296K, reserved 1081344K
  class space    used 3625K, capacity 3782K, committed 3836K, reserved 1048576K
}
2017-03-31T04:58:16.681+0200: 357.407: Total time for which application threads were stopped: 0.0315434 seconds, Stopping threads took: 0.0020305 seconds
{Heap before GC invocations=241 (full 1):
 par new generation   total 109248K, used 99521K [0x00000000e0000000, 0x00000000e8000000, 0x00000000e8000000)
  eden space 87424K, 100% used [0x00000000e0000000, 0x00000000e5560000, 0x00000000e5560000)
  from space 21824K,  55% used [0x00000000e6ab0000, 0x00000000e76805b0, 0x00000000e8000000)
  to   space 21824K,   0% used [0x00000000e5560000, 0x00000000e5560000, 0x00000000e6ab0000)
 concurrent mark-sweep generation total 393216K, used 14366K [0x00000000e8000000, 0x0000000100000000, 0x0000000100000000)
 Metaspace       used 34613K, capacity 35108K, committed 35296K, reserved 1081344K
  class space    used 3625K, capacity 3782K, committed 3836K, reserved 1048576K
2017-03-31T04:58:17.104+0200: 357.830: [GC (Allocation Failure) 2017-03-31T04:58:17.104+0200: 357.830: [ParNew
Desired survivor size 20112992 bytes, new threshold 8 (max 8)
- age   1:    4301656 bytes,    4301656 total
- age   2:    2325016 bytes,    6626672 total
- age   3:       9136 bytes,    6635808 total
- age   4:       6088 bytes,    6641896 total
- age   5:       6552 bytes,    6648448 total
- age   6:      10416 bytes,    6658864 total
- age   7:       4464 bytes,    6663328 total
- age   8:       7208 bytes,    6670536 total
: 99521K->8969K(109248K), 0.0322439 secs] 113887K->23341K(502464K), 0.0323096 secs] [Times: user=0.03 sys=0.00, real=0.03 secs] 
Heap after GC invocations=242 (full 1):
 par new generation   total 109248K, used 8969K [0x00000000e0000000, 0x00000000e8000000, 0x00000000e8000000)
  eden space 87424K,   0% used [0x00000000e0000000, 0x00000000e0000000, 0x00000000e5560000)
  from space 21824K,  41% used [0x00000000e5560000, 0x00000000e5e227b0, 0x00000000e6ab0000)
  to   space 21824K,   0% used [0x00000000e6ab0000, 0x00000000e6ab0000, 0x00000000e8000000)
 concurrent mark-sweep generation total 393216K, used 14372K [0x00000000e8000000, 0x0000000100000000, 0x0000000100000000)
 Metaspace       used 34613K, capacity 35108K, committed 35296K, reserved 1081344K
  class space    used 3625K, capacity 3782K, committed 3836K, reserved 1048576K
}
2017-03-31T04:58:17.136+0200: 357.862: Total time for which application threads were stopped: 0.0324783 seconds, Stopping threads took: 0.0000300 seconds
{Heap before GC invocations=242 (full 1):
 par new generation   total 109248K, used 96393K [0x00000000e0000000, 0x00000000e8000000, 0x00000000e8000000)
  eden space 87424K, 100% used [0x00000000e0000000, 0x00000000e5560000, 0x00000000e5560000)
  from space 21824K,  41% used [0x00000000e5560000, 0x00000000e5e227b0, 0x00000000e6ab0000)
  to   space 21824K,   0% used [0x00000000e6ab0000, 0x00000000e6ab0000, 0x00000000e8000000)
 concurrent mark-sweep generation total 393216K, used 14372K [0x00000000e8000000, 0x0000000100000000, 0x0000000100000000)
 Metaspace       used 34613K, capacity 35108K, committed 35296K, reserved 1081344K
  class space    used 3625K, capacity 3782K, committed 3836K, reserved 1048576K
2017-03-31T04:58:17.449+0200: 358.175: [GC (Allocation Failure) 2017-03-31T04:58:17.449+0200: 358.175: [ParNew
Desired survivor size 20112992 bytes, new threshold 8 (max 8)
- age   1:    3420040 bytes,    3420040 total
- age   2:    1763592 bytes,    5183632 total
- age   3:      15896 bytes,    5199528 total
- age   4:       8496 bytes,    5208024 total
- age   5:       6088 bytes,    5214112 total
- age   6:       6552 bytes,    5220664 total
- age   7:      10416 bytes,    5231080 total
- age   8:       4464 bytes,    5235544 total
: 96393K->8349K(109248K), 0.0201789 secs] 110765K->22728K(502464K), 0.0202473 secs] [Times: user=0.02 sys=0.00, real=0.01 secs] 
Heap after GC invocations=243 (full 1):
 par new generation   total 109248K, used 8349K [0x00000000e0000000, 0x00000000e8000000, 0x00000000e8000000)
  eden space 87424K,   0% used [0x00000000e0000000, 0x00000000e0000000, 0x00000000e5560000)
  from space 21824K,  38% used [0x00000000e6ab0000, 0x00000000e72d7620, 0x00000000e8000000)
  to   space 21824K,   0% used [0x00000000e5560000, 0x00000000e5560000, 0x00000000e6ab0000)
 concurrent mark-sweep generation total 393216K, used 14379K [0x00000000e8000000, 0x0000000100000000, 0x0000000100000000)
 Metaspace       used 34613K, capacity 35108K, committed 35296K, reserved 1081344K
  class space    used 3625K, capacity 3782K, committed 3836K, reserved 1048576K
}
2017-03-31T04:58:17.469+0200: 358.196: Total time for which application threads were stopped: 0.0204090 seconds, Stopping threads took: 0.0000214 seconds
{Heap before GC invocations=243 (full 1):
 par new generation   total 109248K, used 95773K [0x00000000e0000000, 0x00000000e8000000, 0x00000000e8000000)
  eden space 87424K, 100% used [0x00000000e0000000, 0x00000000e5560000, 0x00000000e5560000)
  from space 21824K,  38% used [0x00000000e6ab0000, 0x00000000e72d7620, 0x00000000e8000000)
  to   space 21824K,   0% used [0x00000000e5560000, 0x00000000e5560000, 0x00000000e6ab0000)
 concurrent mark-sweep generation total 393216K, used 14379K [0x00000000e8000000, 0x0000000100000000, 0x0000000100000000)
 Metaspace       used 34613K, capacity 35108K, committed 35296K, reserved 1081344K
  class space    used 3625K, capacity 3782K, committed 3836K, reserved 1048576K
2017-03-31T04:58:17.735+0200: 358.461: [GC (Allocation Failure) 2017-03-31T04:58:17.735+0200: 358.461: [ParNew
Desired survivor size 20112992 bytes, new threshold 8 (max 8)
- age   1:    4066496 bytes,    4066496 total
- age   2:    2977560 bytes,    7044056 total
- age   3:    1525088 bytes,    8569144 total
- age   4:       6808 bytes,    8575952 total
- age   5:       3048 bytes,    8579000 total
- age   6:       6088 bytes,    8585088 total
- age   7:       6552 bytes,    8591640 total
- age   8:      10416 bytes,    8602056 total
: 95773K->10293K(109248K), 0.0216049 secs] 110152K->24677K(502464K), 0.0216742 secs] [Times: user=0.03 sys=0.00, real=0.02 secs] 
Heap after GC invocations=244 (full 1):
 par new generation   total 109248K, used 10293K [0x00000000e0000000, 0x00000000e8000000, 0x00000000e8000000)
  eden space 87424K,   0% used [0x00000000e0000000, 0x00000000e0000000, 0x00000000e5560000)
  from space 21824K,  47% used [0x00000000e5560000, 0x00000000e5f6d638, 0x00000000e6ab0000)
  to   space 21824K,   0% used [0x00000000e6ab0000, 0x00000000e6ab0000, 0x00000000e8000000)
 concurrent mark-sweep generation total 393216K, used 14383K [0x00000000e8000000, 0x0000000100000000, 0x0000000100000000)
 Metaspace       used 34613K, capacity 35108K, committed 35296K, reserved 1081344K
  class space    used 3625K, capacity 3782K, committed 3836K, reserved 1048576K
}
2017-03-31T04:58:17.756+0200: 358.483: Total time for which application threads were stopped: 0.0218894 seconds, Stopping threads took: 0.0000315 seconds
{Heap before GC invocations=244 (full 1):
 par new generation   total 109248K, used 97717K [0x00000000e0000000, 0x00000000e8000000, 0x00000000e8000000)
  eden space 87424K, 100% used [0x00000000e0000000, 0x00000000e5560000, 0x00000000e5560000)
  from space 21824K,  47% used [0x00000000e5560000, 0x00000000e5f6d638, 0x00000000e6ab0000)
  to   space 21824K,   0% used [0x00000000e6ab0000, 0x00000000e6ab0000, 0x00000000e8000000)
 concurrent mark-sweep generation total 393216K, used 14383K [0x00000000e8000000, 0x0000000100000000, 0x0000000100000000)
 Metaspace       used 34613K, capacity 35108K, committed 35296K, reserved 1081344K
  class space    used 3625K, capacity 3782K, committed 3836K, reserved 1048576K
2017-03-31T04:58:18.268+0200: 358.994: [GC (Allocation Failure) 2017-03-31T04:58:18.268+0200: 358.994: [ParNew
Desired survivor size 20112992 bytes, new threshold 8 (max 8)
- age   1:    3816904 bytes,    3816904 total
- age   2:    3371696 bytes,    7188600 total
- age   3:       9936 bytes,    7198536 total
- age   4:       6712 bytes,    7205248 total
- age   5:       6808 bytes,    7212056 total
- age   6:       3048 bytes,    7215104 total
- age   7:       6088 bytes,    7221192 total
- age   8:       6552 bytes,    7227744 total
: 97717K->9954K(109248K), 0.0220107 secs] 112101K->24349K(502464K), 0.0220763 secs] [Times: user=0.03 sys=0.00, real=0.02 secs] 
Heap after GC invocations=245 (full 1):
 par new generation   total 109248K, used 9954K [0x00000000e0000000, 0x00000000e8000000, 0x00000000e8000000)
  eden space 87424K,   0% used [0x00000000e0000000, 0x00000000e0000000, 0x00000000e5560000)
  from space 21824K,  45% used [0x00000000e6ab0000, 0x00000000e7468b90, 0x00000000e8000000)
  to   space 21824K,   0% used [0x00000000e5560000, 0x00000000e5560000, 0x00000000e6ab0000)
 concurrent mark-sweep generation total 393216K, used 14394K [0x00000000e8000000, 0x0000000100000000, 0x0000000100000000)
 Metaspace       used 34613K, capacity 35108K, committed 35296K, reserved 1081344K
  class space    used 3625K, capacity 3782K, committed 3836K, reserved 1048576K
}
2017-03-31T04:58:18.290+0200: 359.017: Total time for which application threads were stopped: 0.0222611 seconds, Stopping threads took: 0.0000307 seconds
{Heap before GC invocations=245 (full 1):
 par new generation   total 109248K, used 97378K [0x00000000e0000000, 0x00000000e8000000, 0x00000000e8000000)
  eden space 87424K, 100% used [0x00000000e0000000, 0x00000000e5560000, 0x00000000e5560000)
  from space 21824K,  45% used [0x00000000e6ab0000, 0x00000000e7468b90, 0x00000000e8000000)
  to   space 21824K,   0% used [0x00000000e5560000, 0x00000000e5560000, 0x00000000e6ab0000)
 concurrent mark-sweep generation total 393216K, used 14394K [0x00000000e8000000, 0x0000000100000000, 0x0000000100000000)
 Metaspace       used 34613K, capacity 35108K, committed 35296K, reserved 1081344K
  class space    used 3625K, capacity 3782K, committed 3836K, reserved 1048576K
2017-03-31T04:58:18.717+0200: 359.444: [GC (Allocation Failure) 2017-03-31T04:58:18.717+0200: 359.444: [ParNew
Desired survivor size 20112992 bytes, new threshold 8 (max 8)
- age   1:    4204176 bytes,    4204176 total
- age   2:    2096200 bytes,    6300376 total
- age   3:       4072 bytes,    6304448 total
- age   4:       9848 bytes,    6314296 total
- age   5:       6712 bytes,    6321008 total
- age   6:       6808 bytes,    6327816 total
- age   7:       3048 bytes,    6330864 total
- age   8:       6088 bytes,    6336952 total
: 97378K->8612K(109248K), 0.0178331 secs] 111773K->23012K(502464K), 0.0179006 secs] [Times: user=0.01 sys=0.00, real=0.01 secs] 
Heap after GC invocations=246 (full 1):
 par new generation   total 109248K, used 8612K [0x00000000e0000000, 0x00000000e8000000, 0x00000000e8000000)
  eden space 87424K,   0% used [0x00000000e0000000, 0x00000000e0000000, 0x00000000e5560000)
  from space 21824K,  39% used [0x00000000e5560000, 0x00000000e5dc9040, 0x00000000e6ab0000)
  to   space 21824K,   0% used [0x00000000e6ab0000, 0x00000000e6ab0000, 0x00000000e8000000)
 concurrent mark-sweep generation total 393216K, used 14400K [0x00000000e8000000, 0x0000000100000000, 0x0000000100000000)
 Metaspace       used 34613K, capacity 35108K, committed 35296K, reserved 1081344K
  class space    used 3625K, capacity 3782K, committed 3836K, reserved 1048576K
}
2017-03-31T04:58:18.735+0200: 359.462: Total time for which application threads were stopped: 0.0200751 seconds, Stopping threads took: 0.0020212 seconds
{Heap before GC invocations=246 (full 1):
 par new generation   total 109248K, used 96036K [0x00000000e0000000, 0x00000000e8000000, 0x00000000e8000000)
  eden space 87424K, 100% used [0x00000000e0000000, 0x00000000e5560000, 0x00000000e5560000)
  from space 21824K,  39% used [0x00000000e5560000, 0x00000000e5dc9040, 0x00000000e6ab0000)
  to   space 21824K,   0% used [0x00000000e6ab0000, 0x00000000e6ab0000, 0x00000000e8000000)
 concurrent mark-sweep generation total 393216K, used 14400K [0x00000000e8000000, 0x0000000100000000, 0x0000000100000000)
 Metaspace       used 34613K, capacity 35108K, committed 35296K, reserved 1081344K
  class space    used 3625K, capacity 3782K, committed 3836K, reserved 1048576K
2017-03-31T04:58:19.006+0200: 359.733: [GC (Allocation Failure) 2017-03-31T04:58:19.007+0200: 359.733: [ParNew
Desired survivor size 20112992 bytes, new threshold 8 (max 8)
- age   1:    3542880 bytes,    3542880 total
- age   2:    3722304 bytes,    7265184 total
- age   3:    1864832 bytes,    9130016 total
- age   4:       4072 bytes,    9134088 total
- age   5:       9848 bytes,    9143936 total
- age   6:       6712 bytes,    9150648 total
- age   7:       6808 bytes,    9157456 total
- age   8:       3048 bytes,    9160504 total
: 96036K->11040K(109248K), 0.0198946 secs] 110436K->25447K(502464K), 0.0199563 secs] [Times: user=0.02 sys=0.00, real=0.02 secs] 
Heap after GC invocations=247 (full 1):
 par new generation   total 109248K, used 11040K [0x00000000e0000000, 0x00000000e8000000, 0x00000000e8000000)
  eden space 87424K,   0% used [0x00000000e0000000, 0x00000000e0000000, 0x00000000e5560000)
  from space 21824K,  50% used [0x00000000e6ab0000, 0x00000000e7578308, 0x00000000e8000000)
  to   space 21824K,   0% used [0x00000000e5560000, 0x00000000e5560000, 0x00000000e6ab0000)
 concurrent mark-sweep generation total 393216K, used 14406K [0x00000000e8000000, 0x0000000100000000, 0x0000000100000000)
 Metaspace       used 34613K, capacity 35108K, committed 35296K, reserved 1081344K
  class space    used 3625K, capacity 3782K, committed 3836K, reserved 1048576K
}
2017-03-31T04:58:19.026+0200: 359.753: Total time for which application threads were stopped: 0.0201367 seconds, Stopping threads took: 0.0000211 seconds
{Heap before GC invocations=247 (full 1):
 par new generation   total 109248K, used 98464K [0x00000000e0000000, 0x00000000e8000000, 0x00000000e8000000)
  eden space 87424K, 100% used [0x00000000e0000000, 0x00000000e5560000, 0x00000000e5560000)
  from space 21824K,  50% used [0x00000000e6ab0000, 0x00000000e7578308, 0x00000000e8000000)
  to   space 21824K,   0% used [0x00000000e5560000, 0x00000000e5560000, 0x00000000e6ab0000)
 concurrent mark-sweep generation total 393216K, used 14406K [0x00000000e8000000, 0x0000000100000000, 0x0000000100000000)
 Metaspace       used 34613K, capacity 35108K, committed 35296K, reserved 1081344K
  class space    used 3625K, capacity 3782K, committed 3836K, reserved 1048576K
2017-03-31T04:58:19.425+0200: 360.152: [GC (Allocation Failure) 2017-03-31T04:58:19.425+0200: 360.152: [ParNew
Desired survivor size 20112992 bytes, new threshold 8 (max 8)
- age   1:    4088424 bytes,    4088424 total
- age   2:    2870712 bytes,    6959136 total
- age   3:     940792 bytes,    7899928 total
- age   4:       7648 bytes,    7907576 total
- age   5:       3944 bytes,    7911520 total
- age   6:       4352 bytes,    7915872 total
- age   7:       6456 bytes,    7922328 total
- age   8:       6808 bytes,    7929136 total
: 98464K->13227K(109248K), 0.0275938 secs] 112871K->27637K(502464K), 0.0276660 secs] [Times: user=0.03 sys=0.00, real=0.03 secs] 
Heap after GC invocations=248 (full 1):
 par new generation   total 109248K, used 13227K [0x00000000e0000000, 0x00000000e8000000, 0x00000000e8000000)
  eden space 87424K,   0% used [0x00000000e0000000, 0x00000000e0000000, 0x00000000e5560000)
  from space 21824K,  60% used [0x00000000e5560000, 0x00000000e624ae98, 0x00000000e6ab0000)
  to   space 21824K,   0% used [0x00000000e6ab0000, 0x00000000e6ab0000, 0x00000000e8000000)
 concurrent mark-sweep generation total 393216K, used 14409K [0x00000000e8000000, 0x0000000100000000, 0x0000000100000000)
 Metaspace       used 34613K, capacity 35108K, committed 35296K, reserved 1081344K
  class space    used 3625K, capacity 3782K, committed 3836K, reserved 1048576K
}
2017-03-31T04:58:19.453+0200: 360.179: Total time for which application threads were stopped: 0.0329234 seconds, Stopping threads took: 0.0051046 seconds
{Heap before GC invocations=248 (full 1):
 par new generation   total 109248K, used 100632K [0x00000000e0000000, 0x00000000e8000000, 0x00000000e8000000)
  eden space 87424K,  99% used [0x00000000e0000000, 0x00000000e555b2e8, 0x00000000e5560000)
  from space 21824K,  60% used [0x00000000e5560000, 0x00000000e624ae98, 0x00000000e6ab0000)
  to   space 21824K,   0% used [0x00000000e6ab0000, 0x00000000e6ab0000, 0x00000000e8000000)
 concurrent mark-sweep generation total 393216K, used 14409K [0x00000000e8000000, 0x0000000100000000, 0x0000000100000000)
 Metaspace       used 34613K, capacity 35108K, committed 35296K, reserved 1081344K
  class space    used 3625K, capacity 3782K, committed 3836K, reserved 1048576K
2017-03-31T04:58:19.881+0200: 360.607: [GC (Allocation Failure) 2017-03-31T04:58:19.881+0200: 360.607: [ParNew
Desired survivor size 20112992 bytes, new threshold 8 (max 8)
- age   1:    4886272 bytes,    4886272 total
- age   2:    2378872 bytes,    7265144 total
- age   3:       3928 bytes,    7269072 total
- age   4:      12096 bytes,    7281168 total
- age   5:       7264 bytes,    7288432 total
- age   6:       3944 bytes,    7292376 total
- age   7:       4328 bytes,    7296704 total
- age   8:       6456 bytes,    7303160 total
: 100632K->9563K(109248K), 0.0246167 secs] 115042K->23979K(502464K), 0.0246839 secs] [Times: user=0.02 sys=0.00, real=0.02 secs] 
Heap after GC invocations=249 (full 1):
 par new generation   total 109248K, used 9563K [0x00000000e0000000, 0x00000000e8000000, 0x00000000e8000000)
  eden space 87424K,   0% used [0x00000000e0000000, 0x00000000e0000000, 0x00000000e5560000)
  from space 21824K,  43% used [0x00000000e6ab0000, 0x00000000e7406eb0, 0x00000000e8000000)
  to   space 21824K,   0% used [0x00000000e5560000, 0x00000000e5560000, 0x00000000e6ab0000)
 concurrent mark-sweep generation total 393216K, used 14415K [0x00000000e8000000, 0x0000000100000000, 0x0000000100000000)
 Metaspace       used 34613K, capacity 35108K, committed 35296K, reserved 1081344K
  class space    used 3625K, capacity 3782K, committed 3836K, reserved 1048576K
}
2017-03-31T04:58:19.906+0200: 360.632: Total time for which application threads were stopped: 0.0270549 seconds, Stopping threads took: 0.0022056 seconds
{Heap before GC invocations=249 (full 1):
 par new generation   total 109248K, used 96987K [0x00000000e0000000, 0x00000000e8000000, 0x00000000e8000000)
  eden space 87424K, 100% used [0x00000000e0000000, 0x00000000e5560000, 0x00000000e5560000)
  from space 21824K,  43% used [0x00000000e6ab0000, 0x00000000e7406eb0, 0x00000000e8000000)
  to   space 21824K,   0% used [0x00000000e5560000, 0x00000000e5560000, 0x00000000e6ab0000)
 concurrent mark-sweep generation total 393216K, used 14415K [0x00000000e8000000, 0x0000000100000000, 0x0000000100000000)
 Metaspace       used 34613K, capacity 35108K, committed 35296K, reserved 1081344K
  class space    used 3625K, capacity 3782K, committed 3836K, reserved 1048576K
2017-03-31T04:58:20.223+0200: 360.949: [GC (Allocation Failure) 2017-03-31T04:58:20.223+0200: 360.950: [ParNew
Desired survivor size 20112992 bytes, new threshold 8 (max 8)
- age   1:    3408592 bytes,    3408592 total
- age   2:    1948016 bytes,    5356608 total
- age   3:      19088 bytes,    5375696 total
- age   4:       3928 bytes,    5379624 total
- age   5:      12096 bytes,    5391720 total
- age   6:       7264 bytes,    5398984 total
- age   7:       3944 bytes,    5402928 total
- age   8:       4328 bytes,    5407256 total
: 96987K->8169K(109248K), 0.0331124 secs] 111403K->22591K(502464K), 0.0331764 secs] [Times: user=0.03 sys=0.00, real=0.03 secs] 
Heap after GC invocations=250 (full 1):
 par new generation   total 109248K, used 8169K [0x00000000e0000000, 0x00000000e8000000, 0x00000000e8000000)
  eden space 87424K,   0% used [0x00000000e0000000, 0x00000000e0000000, 0x00000000e5560000)
  from space 21824K,  37% used [0x00000000e5560000, 0x00000000e5d5a598, 0x00000000e6ab0000)
  to   space 21824K,   0% used [0x00000000e6ab0000, 0x00000000e6ab0000, 0x00000000e8000000)
 concurrent mark-sweep generation total 393216K, used 14422K [0x00000000e8000000, 0x0000000100000000, 0x0000000100000000)
 Metaspace       used 34613K, capacity 35108K, committed 35296K, reserved 1081344K
  class space    used 3625K, capacity 3782K, committed 3836K, reserved 1048576K
}
2017-03-31T04:58:20.256+0200: 360.983: Total time for which application threads were stopped: 0.0333314 seconds, Stopping threads took: 0.0000185 seconds
{Heap before GC invocations=250 (full 1):
 par new generation   total 109248K, used 95593K [0x00000000e0000000, 0x00000000e8000000, 0x00000000e8000000)
  eden space 87424K, 100% used [0x00000000e0000000, 0x00000000e5560000, 0x00000000e5560000)
  from space 21824K,  37% used [0x00000000e5560000, 0x00000000e5d5a598, 0x00000000e6ab0000)
  to   space 21824K,   0% used [0x00000000e6ab0000, 0x00000000e6ab0000, 0x00000000e8000000)
 concurrent mark-sweep generation total 393216K, used 14422K [0x00000000e8000000, 0x0000000100000000, 0x0000000100000000)
 Metaspace       used 34613K, capacity 35108K, committed 35296K, reserved 1081344K
  class space    used 3625K, capacity 3782K, committed 3836K, reserved 1048576K
2017-03-31T04:58:20.528+0200: 361.254: [GC (Allocation Failure) 2017-03-31T04:58:20.528+0200: 361.254: [ParNew
Desired survivor size 20112992 bytes, new threshold 8 (max 8)
- age   1:    3366296 bytes,    3366296 total
- age   2:    2979120 bytes,    6345416 total
- age   3:    1552816 bytes,    7898232 total
- age   4:      11520 bytes,    7909752 total
- age   5:       3928 bytes,    7913680 total
- age   6:       6648 bytes,    7920328 total
- age   7:       7264 bytes,    7927592 total
- age   8:       3944 bytes,    7931536 total
: 95593K->9660K(109248K), 0.0260200 secs] 110015K->24086K(502464K), 0.0260912 secs] [Times: user=0.02 sys=0.00, real=0.03 secs] 
Heap after GC invocations=251 (full 1):
 par new generation   total 109248K, used 9660K [0x00000000e0000000, 0x00000000e8000000, 0x00000000e8000000)
  eden space 87424K,   0% used [0x00000000e0000000, 0x00000000e0000000, 0x00000000e5560000)
  from space 21824K,  44% used [0x00000000e6ab0000, 0x00000000e741f188, 0x00000000e8000000)
  to   space 21824K,   0% used [0x00000000e5560000, 0x00000000e5560000, 0x00000000e6ab0000)
 concurrent mark-sweep generation total 393216K, used 14426K [0x00000000e8000000, 0x0000000100000000, 0x0000000100000000)
 Metaspace       used 34613K, capacity 35108K, committed 35296K, reserved 1081344K
  class space    used 3625K, capacity 3782K, committed 3836K, reserved 1048576K
}
2017-03-31T04:58:20.554+0200: 361.280: Total time for which application threads were stopped: 0.0262519 seconds, Stopping threads took: 0.0000342 seconds
{Heap before GC invocations=251 (full 1):
 par new generation   total 109248K, used 97084K [0x00000000e0000000, 0x00000000e8000000, 0x00000000e8000000)
  eden space 87424K, 100% used [0x00000000e0000000, 0x00000000e5560000, 0x00000000e5560000)
  from space 21824K,  44% used [0x00000000e6ab0000, 0x00000000e741f188, 0x00000000e8000000)
  to   space 21824K,   0% used [0x00000000e5560000, 0x00000000e5560000, 0x00000000e6ab0000)
 concurrent mark-sweep generation total 393216K, used 14426K [0x00000000e8000000, 0x0000000100000000, 0x0000000100000000)
 Metaspace       used 34613K, capacity 35108K, committed 35296K, reserved 1081344K
  class space    used 3625K, capacity 3782K, committed 3836K, reserved 1048576K
2017-03-31T04:58:20.981+0200: 361.707: [GC (Allocation Failure) 2017-03-31T04:58:20.981+0200: 361.707: [ParNew
Desired survivor size 20112992 bytes, new threshold 8 (max 8)
- age   1:    4545336 bytes,    4545336 total
- age   2:    2798192 bytes,    7343528 total
- age   3:      10584 bytes,    7354112 total
- age   4:       7512 bytes,    7361624 total
- age   5:       5688 bytes,    7367312 total
- age   6:       3928 bytes,    7371240 total
- age   7:       6648 bytes,    7377888 total
- age   8:       7240 bytes,    7385128 total
: 97084K->12444K(109248K), 0.0222058 secs] 111510K->26874K(502464K), 0.0222982 secs] [Times: user=0.02 sys=0.00, real=0.02 secs] 
Heap after GC invocations=252 (full 1):
 par new generation   total 109248K, used 12444K [0x00000000e0000000, 0x00000000e8000000, 0x00000000e8000000)
  eden space 87424K,   0% used [0x00000000e0000000, 0x00000000e0000000, 0x00000000e5560000)
  from space 21824K,  57% used [0x00000000e5560000, 0x00000000e6187180, 0x00000000e6ab0000)
  to   space 21824K,   0% used [0x00000000e6ab0000, 0x00000000e6ab0000, 0x00000000e8000000)
 concurrent mark-sweep generation total 393216K, used 14430K [0x00000000e8000000, 0x0000000100000000, 0x0000000100000000)
 Metaspace       used 34613K, capacity 35108K, committed 35296K, reserved 1081344K
  class space    used 3625K, capacity 3782K, committed 3836K, reserved 1048576K
}
2017-03-31T04:58:21.003+0200: 361.729: Total time for which application threads were stopped: 0.0225108 seconds, Stopping threads took: 0.0000565 seconds
{Heap before GC invocations=252 (full 1):
 par new generation   total 109248K, used 99868K [0x00000000e0000000, 0x00000000e8000000, 0x00000000e8000000)
  eden space 87424K, 100% used [0x00000000e0000000, 0x00000000e5560000, 0x00000000e5560000)
  from space 21824K,  57% used [0x00000000e5560000, 0x00000000e6187180, 0x00000000e6ab0000)
  to   space 21824K,   0% used [0x00000000e6ab0000, 0x00000000e6ab0000, 0x00000000e8000000)
 concurrent mark-sweep generation total 393216K, used 14430K [0x00000000e8000000, 0x0000000100000000, 0x0000000100000000)
 Metaspace       used 34613K, capacity 35108K, committed 35296K, reserved 1081344K
  class space    used 3625K, capacity 3782K, committed 3836K, reserved 1048576K
2017-03-31T04:58:21.396+0200: 362.123: [GC (Allocation Failure) 2017-03-31T04:58:21.396+0200: 362.123: [ParNew
Desired survivor size 20112992 bytes, new threshold 8 (max 8)
- age   1:    4523256 bytes,    4523256 total
- age   2:    2212136 bytes,    6735392 total
- age   3:       9432 bytes,    6744824 total
- age   4:      10392 bytes,    6755216 total
- age   5:       7128 bytes,    6762344 total
- age   6:       5688 bytes,    6768032 total
- age   7:       3928 bytes,    6771960 total
- age   8:       6648 bytes,    6778608 total
: 99868K->9236K(109248K), 0.0192677 secs] 114298K->23673K(502464K), 0.0193316 secs] [Times: user=0.02 sys=0.00, real=0.02 secs] 
Heap after GC invocations=253 (full 1):
 par new generation   total 109248K, used 9236K [0x00000000e0000000, 0x00000000e8000000, 0x00000000e8000000)
  eden space 87424K,   0% used [0x00000000e0000000, 0x00000000e0000000, 0x00000000e5560000)
  from space 21824K,  42% used [0x00000000e6ab0000, 0x00000000e73b5030, 0x00000000e8000000)
  to   space 21824K,   0% used [0x00000000e5560000, 0x00000000e5560000, 0x00000000e6ab0000)
 concurrent mark-sweep generation total 393216K, used 14437K [0x00000000e8000000, 0x0000000100000000, 0x0000000100000000)
 Metaspace       used 34613K, capacity 35108K, committed 35296K, reserved 1081344K
  class space    used 3625K, capacity 3782K, committed 3836K, reserved 1048576K
}
2017-03-31T04:58:21.416+0200: 362.142: Total time for which application threads were stopped: 0.0230229 seconds, Stopping threads took: 0.0035307 seconds
{Heap before GC invocations=253 (full 1):
 par new generation   total 109248K, used 96660K [0x00000000e0000000, 0x00000000e8000000, 0x00000000e8000000)
  eden space 87424K, 100% used [0x00000000e0000000, 0x00000000e5560000, 0x00000000e5560000)
  from space 21824K,  42% used [0x00000000e6ab0000, 0x00000000e73b5030, 0x00000000e8000000)
  to   space 21824K,   0% used [0x00000000e5560000, 0x00000000e5560000, 0x00000000e6ab0000)
 concurrent mark-sweep generation total 393216K, used 14437K [0x00000000e8000000, 0x0000000100000000, 0x0000000100000000)
 Metaspace       used 34613K, capacity 35108K, committed 35296K, reserved 1081344K
  class space    used 3625K, capacity 3782K, committed 3836K, reserved 1048576K
2017-03-31T04:58:21.692+0200: 362.418: [GC (Allocation Failure) 2017-03-31T04:58:21.692+0200: 362.418: [ParNew
Desired survivor size 20112992 bytes, new threshold 8 (max 8)
- age   1:    3621104 bytes,    3621104 total
- age   2:    1555992 bytes,    5177096 total
- age   3:      16408 bytes,    5193504 total
- age   4:       9432 bytes,    5202936 total
- age   5:      10256 bytes,    5213192 total
- age   6:       7128 bytes,    5220320 total
- age   7:       5688 bytes,    5226008 total
- age   8:       3928 bytes,    5229936 total
: 96660K->8305K(109248K), 0.0331230 secs] 111097K->22749K(502464K), 0.0331936 secs] [Times: user=0.03 sys=0.00, real=0.03 secs] 
Heap after GC invocations=254 (full 1):
 par new generation   total 109248K, used 8305K [0x00000000e0000000, 0x00000000e8000000, 0x00000000e8000000)
  eden space 87424K,   0% used [0x00000000e0000000, 0x00000000e0000000, 0x00000000e5560000)
  from space 21824K,  38% used [0x00000000e5560000, 0x00000000e5d7c450, 0x00000000e6ab0000)
  to   space 21824K,   0% used [0x00000000e6ab0000, 0x00000000e6ab0000, 0x00000000e8000000)
 concurrent mark-sweep generation total 393216K, used 14444K [0x00000000e8000000, 0x0000000100000000, 0x0000000100000000)
 Metaspace       used 34613K, capacity 35108K, committed 35296K, reserved 1081344K
  class space    used 3625K, capacity 3782K, committed 3836K, reserved 1048576K
}
2017-03-31T04:58:21.725+0200: 362.451: Total time for which application threads were stopped: 0.0333587 seconds, Stopping threads took: 0.0000196 seconds
{Heap before GC invocations=254 (full 1):
 par new generation   total 109248K, used 95729K [0x00000000e0000000, 0x00000000e8000000, 0x00000000e8000000)
  eden space 87424K, 100% used [0x00000000e0000000, 0x00000000e5560000, 0x00000000e5560000)
  from space 21824K,  38% used [0x00000000e5560000, 0x00000000e5d7c450, 0x00000000e6ab0000)
  to   space 21824K,   0% used [0x00000000e6ab0000, 0x00000000e6ab0000, 0x00000000e8000000)
 concurrent mark-sweep generation total 393216K, used 14444K [0x00000000e8000000, 0x0000000100000000, 0x0000000100000000)
 Metaspace       used 34613K, capacity 35108K, committed 35296K, reserved 1081344K
  class space    used 3625K, capacity 3782K, committed 3836K, reserved 1048576K
2017-03-31T04:58:22.093+0200: 362.819: [GC (Allocation Failure) 2017-03-31T04:58:22.093+0200: 362.819: [ParNew
Desired survivor size 20112992 bytes, new threshold 8 (max 8)
- age   1:    3534792 bytes,    3534792 total
- age   2:    3066352 bytes,    6601144 total
- age   3:    1077632 bytes,    7678776 total
- age   4:       7576 bytes,    7686352 total
- age   5:       9432 bytes,    7695784 total
- age   6:       4680 bytes,    7700464 total
- age   7:       7128 bytes,    7707592 total
- age   8:       5688 bytes,    7713280 total
: 95729K->9276K(109248K), 0.0317141 secs] 110173K->23724K(502464K), 0.0317896 secs] [Times: user=0.03 sys=0.00, real=0.03 secs] 
Heap after GC invocations=255 (full 1):
 par new generation   total 109248K, used 9276K [0x00000000e0000000, 0x00000000e8000000, 0x00000000e8000000)
  eden space 87424K,   0% used [0x00000000e0000000, 0x00000000e0000000, 0x00000000e5560000)
  from space 21824K,  42% used [0x00000000e6ab0000, 0x00000000e73bf128, 0x00000000e8000000)
  to   space 21824K,   0% used [0x00000000e5560000, 0x00000000e5560000, 0x00000000e6ab0000)
 concurrent mark-sweep generation total 393216K, used 14448K [0x00000000e8000000, 0x0000000100000000, 0x0000000100000000)
 Metaspace       used 34613K, capacity 35108K, committed 35296K, reserved 1081344K
  class space    used 3625K, capacity 3782K, committed 3836K, reserved 1048576K
}
2017-03-31T04:58:22.125+0200: 362.851: Total time for which application threads were stopped: 0.0319480 seconds, Stopping threads took: 0.0000305 seconds
{Heap before GC invocations=255 (full 1):
 par new generation   total 109248K, used 96700K [0x00000000e0000000, 0x00000000e8000000, 0x00000000e8000000)
  eden space 87424K, 100% used [0x00000000e0000000, 0x00000000e5560000, 0x00000000e5560000)
  from space 21824K,  42% used [0x00000000e6ab0000, 0x00000000e73bf128, 0x00000000e8000000)
  to   space 21824K,   0% used [0x00000000e5560000, 0x00000000e5560000, 0x00000000e6ab0000)
 concurrent mark-sweep generation total 393216K, used 14448K [0x00000000e8000000, 0x0000000100000000, 0x0000000100000000)
 Metaspace       used 34613K, capacity 35108K, committed 35296K, reserved 1081344K
  class space    used 3625K, capacity 3782K, committed 3836K, reserved 1048576K
2017-03-31T04:58:22.490+0200: 363.216: [GC (Allocation Failure) 2017-03-31T04:58:22.490+0200: 363.216: [ParNew
Desired survivor size 20112992 bytes, new threshold 8 (max 8)
- age   1:    4477784 bytes,    4477784 total
- age   2:    2714632 bytes,    7192416 total
- age   3:       3912 bytes,    7196328 total
- age   4:       7144 bytes,    7203472 total
- age   5:       7192 bytes,    7210664 total
- age   6:       9432 bytes,    7220096 total
- age   7:       4680 bytes,    7224776 total
- age   8:       7128 bytes,    7231904 total
: 96700K->10388K(109248K), 0.0244719 secs] 111148K->24841K(502464K), 0.0245446 secs] [Times: user=0.02 sys=0.00, real=0.02 secs] 
Heap after GC invocations=256 (full 1):
 par new generation   total 109248K, used 10388K [0x00000000e0000000, 0x00000000e8000000, 0x00000000e8000000)
  eden space 87424K,   0% used [0x00000000e0000000, 0x00000000e0000000, 0x00000000e5560000)
  from space 21824K,  47% used [0x00000000e5560000, 0x00000000e5f85150, 0x00000000e6ab0000)
  to   space 21824K,   0% used [0x00000000e6ab0000, 0x00000000e6ab0000, 0x00000000e8000000)
 concurrent mark-sweep generation total 393216K, used 14453K [0x00000000e8000000, 0x0000000100000000, 0x0000000100000000)
 Metaspace       used 34613K, capacity 35108K, committed 35296K, reserved 1081344K
  class space    used 3625K, capacity 3782K, committed 3836K, reserved 1048576K
}
2017-03-31T04:58:22.515+0200: 363.241: Total time for which application threads were stopped: 0.0247555 seconds, Stopping threads took: 0.0000382 seconds
{Heap before GC invocations=256 (full 1):
 par new generation   total 109248K, used 97812K [0x00000000e0000000, 0x00000000e8000000, 0x00000000e8000000)
  eden space 87424K, 100% used [0x00000000e0000000, 0x00000000e5560000, 0x00000000e5560000)
  from space 21824K,  47% used [0x00000000e5560000, 0x00000000e5f85150, 0x00000000e6ab0000)
  to   space 21824K,   0% used [0x00000000e6ab0000, 0x00000000e6ab0000, 0x00000000e8000000)
 concurrent mark-sweep generation total 393216K, used 14453K [0x00000000e8000000, 0x0000000100000000, 0x0000000100000000)
 Metaspace       used 34613K, capacity 35108K, committed 35296K, reserved 1081344K
  class space    used 3625K, capacity 3782K, committed 3836K, reserved 1048576K
2017-03-31T04:58:22.980+0200: 363.706: [GC (Allocation Failure) 2017-03-31T04:58:22.980+0200: 363.706: [ParNew
Desired survivor size 20112992 bytes, new threshold 8 (max 8)
- age   1:    4404496 bytes,    4404496 total
- age   2:    1903592 bytes,    6308088 total
- age   3:      10392 bytes,    6318480 total
- age   4:       3848 bytes,    6322328 total
- age   5:       7144 bytes,    6329472 total
- age   6:       7192 bytes,    6336664 total
- age   7:       3984 bytes,    6340648 total
- age   8:       4680 bytes,    6345328 total
: 97812K->9297K(109248K), 0.0290367 secs] 112265K->23758K(502464K), 0.0291104 secs] [Times: user=0.02 sys=0.01, real=0.03 secs] 
Heap after GC invocations=257 (full 1):
 par new generation   total 109248K, used 9297K [0x00000000e0000000, 0x00000000e8000000, 0x00000000e8000000)
  eden space 87424K,   0% used [0x00000000e0000000, 0x00000000e0000000, 0x00000000e5560000)
  from space 21824K,  42% used [0x00000000e6ab0000, 0x00000000e73c47f0, 0x00000000e8000000)
  to   space 21824K,   0% used [0x00000000e5560000, 0x00000000e5560000, 0x00000000e6ab0000)
 concurrent mark-sweep generation total 393216K, used 14460K [0x00000000e8000000, 0x0000000100000000, 0x0000000100000000)
 Metaspace       used 34613K, capacity 35108K, committed 35296K, reserved 1081344K
  class space    used 3625K, capacity 3782K, committed 3836K, reserved 1048576K
}
2017-03-31T04:58:23.009+0200: 363.735: Total time for which application threads were stopped: 0.0327259 seconds, Stopping threads took: 0.0034637 seconds
{Heap before GC invocations=257 (full 1):
 par new generation   total 109248K, used 96721K [0x00000000e0000000, 0x00000000e8000000, 0x00000000e8000000)
  eden space 87424K, 100% used [0x00000000e0000000, 0x00000000e5560000, 0x00000000e5560000)
  from space 21824K,  42% used [0x00000000e6ab0000, 0x00000000e73c47f0, 0x00000000e8000000)
  to   space 21824K,   0% used [0x00000000e5560000, 0x00000000e5560000, 0x00000000e6ab0000)
 concurrent mark-sweep generation total 393216K, used 14460K [0x00000000e8000000, 0x0000000100000000, 0x0000000100000000)
 Metaspace       used 34613K, capacity 35108K, committed 35296K, reserved 1081344K
  class space    used 3625K, capacity 3782K, committed 3836K, reserved 1048576K
2017-03-31T04:58:23.301+0200: 364.027: [GC (Allocation Failure) 2017-03-31T04:58:23.301+0200: 364.027: [ParNew
Desired survivor size 20112992 bytes, new threshold 8 (max 8)
- age   1:    2822912 bytes,    2822912 total
- age   2:    3482880 bytes,    6305792 total
- age   3:    1815632 bytes,    8121424 total
- age   4:      10392 bytes,    8131816 total
- age   5:       3848 bytes,    8135664 total
- age   6:       7144 bytes,    8142808 total
- age   7:       7192 bytes,    8150000 total
- age   8:       3984 bytes,    8153984 total
: 96721K->10070K(109248K), 0.0280027 secs] 111182K->24535K(502464K), 0.0280684 secs] [Times: user=0.03 sys=0.00, real=0.02 secs] 
Heap after GC invocations=258 (full 1):
 par new generation   total 109248K, used 10070K [0x00000000e0000000, 0x00000000e8000000, 0x00000000e8000000)
  eden space 87424K,   0% used [0x00000000e0000000, 0x00000000e0000000, 0x00000000e5560000)
  from space 21824K,  46% used [0x00000000e5560000, 0x00000000e5f35a20, 0x00000000e6ab0000)
  to   space 21824K,   0% used [0x00000000e6ab0000, 0x00000000e6ab0000, 0x00000000e8000000)
 concurrent mark-sweep generation total 393216K, used 14465K [0x00000000e8000000, 0x0000000100000000, 0x0000000100000000)
 Metaspace       used 34613K, capacity 35108K, committed 35296K, reserved 1081344K
  class space    used 3625K, capacity 3782K, committed 3836K, reserved 1048576K
}
2017-03-31T04:58:23.329+0200: 364.055: Total time for which application threads were stopped: 0.0282307 seconds, Stopping threads took: 0.0000329 seconds
{Heap before GC invocations=258 (full 1):
 par new generation   total 109248K, used 97467K [0x00000000e0000000, 0x00000000e8000000, 0x00000000e8000000)
  eden space 87424K,  99% used [0x00000000e0000000, 0x00000000e5559530, 0x00000000e5560000)
  from space 21824K,  46% used [0x00000000e5560000, 0x00000000e5f35a20, 0x00000000e6ab0000)
  to   space 21824K,   0% used [0x00000000e6ab0000, 0x00000000e6ab0000, 0x00000000e8000000)
 concurrent mark-sweep generation total 393216K, used 14465K [0x00000000e8000000, 0x0000000100000000, 0x0000000100000000)
 Metaspace       used 34613K, capacity 35108K, committed 35296K, reserved 1081344K
  class space    used 3625K, capacity 3782K, committed 3836K, reserved 1048576K
2017-03-31T04:58:23.702+0200: 364.428: [GC (Allocation Failure) 2017-03-31T04:58:23.702+0200: 364.428: [ParNew
Desired survivor size 20112992 bytes, new threshold 8 (max 8)
- age   1:    4459200 bytes,    4459200 total
- age   2:    2448544 bytes,    6907744 total
- age   3:     592192 bytes,    7499936 total
- age   4:      11216 bytes,    7511152 total
- age   5:      10264 bytes,    7521416 total
- age   6:       3784 bytes,    7525200 total
- age   7:       6952 bytes,    7532152 total
- age   8:       7192 bytes,    7539344 total
: 97467K->13622K(109248K), 0.0262433 secs] 111933K->28092K(502464K), 0.0263181 secs] [Times: user=0.03 sys=0.00, real=0.02 secs] 
Heap after GC invocations=259 (full 1):
 par new generation   total 109248K, used 13622K [0x00000000e0000000, 0x00000000e8000000, 0x00000000e8000000)
  eden space 87424K,   0% used [0x00000000e0000000, 0x00000000e0000000, 0x00000000e5560000)
  from space 21824K,  62% used [0x00000000e6ab0000, 0x00000000e77fdb40, 0x00000000e8000000)
  to   space 21824K,   0% used [0x00000000e5560000, 0x00000000e5560000, 0x00000000e6ab0000)
 concurrent mark-sweep generation total 393216K, used 14469K [0x00000000e8000000, 0x0000000100000000, 0x0000000100000000)
 Metaspace       used 34613K, capacity 35108K, committed 35296K, reserved 1081344K
  class space    used 3625K, capacity 3782K, committed 3836K, reserved 1048576K
}
2017-03-31T04:58:23.728+0200: 364.455: Total time for which application threads were stopped: 0.0264789 seconds, Stopping threads took: 0.0000298 seconds
{Heap before GC invocations=259 (full 1):
 par new generation   total 109248K, used 101046K [0x00000000e0000000, 0x00000000e8000000, 0x00000000e8000000)
  eden space 87424K, 100% used [0x00000000e0000000, 0x00000000e5560000, 0x00000000e5560000)
  from space 21824K,  62% used [0x00000000e6ab0000, 0x00000000e77fdb40, 0x00000000e8000000)
  to   space 21824K,   0% used [0x00000000e5560000, 0x00000000e5560000, 0x00000000e6ab0000)
 concurrent mark-sweep generation total 393216K, used 14469K [0x00000000e8000000, 0x0000000100000000, 0x0000000100000000)
 Metaspace       used 34613K, capacity 35108K, committed 35296K, reserved 1081344K
  class space    used 3625K, capacity 3782K, committed 3836K, reserved 1048576K
2017-03-31T04:58:24.138+0200: 364.865: [GC (Allocation Failure) 2017-03-31T04:58:24.139+0200: 364.865: [ParNew
Desired survivor size 20112992 bytes, new threshold 8 (max 8)
- age   1:    4499960 bytes,    4499960 total
- age   2:    2298872 bytes,    6798832 total
- age   3:       3096 bytes,    6801928 total
- age   4:       7680 bytes,    6809608 total
- age   5:      11024 bytes,    6820632 total
- age   6:       4816 bytes,    6825448 total
- age   7:       3784 bytes,    6829232 total
- age   8:       6952 bytes,    6836184 total
: 101046K->9250K(109248K), 0.0201692 secs] 115516K->23726K(502464K), 0.0202314 secs] [Times: user=0.02 sys=0.00, real=0.01 secs] 
Heap after GC invocations=260 (full 1):
 par new generation   total 109248K, used 9250K [0x00000000e0000000, 0x00000000e8000000, 0x00000000e8000000)
  eden space 87424K,   0% used [0x00000000e0000000, 0x00000000e0000000, 0x00000000e5560000)
  from space 21824K,  42% used [0x00000000e5560000, 0x00000000e5e68820, 0x00000000e6ab0000)
  to   space 21824K,   0% used [0x00000000e6ab0000, 0x00000000e6ab0000, 0x00000000e8000000)
 concurrent mark-sweep generation total 393216K, used 14476K [0x00000000e8000000, 0x0000000100000000, 0x0000000100000000)
 Metaspace       used 34613K, capacity 35108K, committed 35296K, reserved 1081344K
  class space    used 3625K, capacity 3782K, committed 3836K, reserved 1048576K
}
2017-03-31T04:58:24.159+0200: 364.885: Total time for which application threads were stopped: 0.0203787 seconds, Stopping threads took: 0.0000280 seconds
{Heap before GC invocations=260 (full 1):
 par new generation   total 109248K, used 96674K [0x00000000e0000000, 0x00000000e8000000, 0x00000000e8000000)
  eden space 87424K, 100% used [0x00000000e0000000, 0x00000000e5560000, 0x00000000e5560000)
  from space 21824K,  42% used [0x00000000e5560000, 0x00000000e5e68820, 0x00000000e6ab0000)
  to   space 21824K,   0% used [0x00000000e6ab0000, 0x00000000e6ab0000, 0x00000000e8000000)
 concurrent mark-sweep generation total 393216K, used 14476K [0x00000000e8000000, 0x0000000100000000, 0x0000000100000000)
 Metaspace       used 34613K, capacity 35108K, committed 35296K, reserved 1081344K
  class space    used 3625K, capacity 3782K, committed 3836K, reserved 1048576K
2017-03-31T04:58:24.453+0200: 365.179: [GC (Allocation Failure) 2017-03-31T04:58:24.453+0200: 365.179: [ParNew
Desired survivor size 20112992 bytes, new threshold 8 (max 8)
- age   1:    3356040 bytes,    3356040 total
- age   2:    1944040 bytes,    5300080 total
- age   3:      19408 bytes,    5319488 total
- age   4:       3096 bytes,    5322584 total
- age   5:       7680 bytes,    5330264 total
- age   6:      10896 bytes,    5341160 total
- age   7:       4816 bytes,    5345976 total
- age   8:       3784 bytes,    5349760 total
: 96674K->7367K(109248K), 0.0147876 secs] 111150K->21850K(502464K), 0.0148647 secs] [Times: user=0.01 sys=0.01, real=0.01 secs] 
Heap after GC invocations=261 (full 1):
 par new generation   total 109248K, used 7367K [0x00000000e0000000, 0x00000000e8000000, 0x00000000e8000000)
  eden space 87424K,   0% used [0x00000000e0000000, 0x00000000e0000000, 0x00000000e5560000)
  from space 21824K,  33% used [0x00000000e6ab0000, 0x00000000e71e1cd0, 0x00000000e8000000)
  to   space 21824K,   0% used [0x00000000e5560000, 0x00000000e5560000, 0x00000000e6ab0000)
 concurrent mark-sweep generation total 393216K, used 14483K [0x00000000e8000000, 0x0000000100000000, 0x0000000100000000)
 Metaspace       used 34613K, capacity 35108K, committed 35296K, reserved 1081344K
  class space    used 3625K, capacity 3782K, committed 3836K, reserved 1048576K
}
2017-03-31T04:58:24.468+0200: 365.194: Total time for which application threads were stopped: 0.0150777 seconds, Stopping threads took: 0.0000559 seconds
{Heap before GC invocations=261 (full 1):
 par new generation   total 109248K, used 94791K [0x00000000e0000000, 0x00000000e8000000, 0x00000000e8000000)
  eden space 87424K, 100% used [0x00000000e0000000, 0x00000000e5560000, 0x00000000e5560000)
  from space 21824K,  33% used [0x00000000e6ab0000, 0x00000000e71e1cd0, 0x00000000e8000000)
  to   space 21824K,   0% used [0x00000000e5560000, 0x00000000e5560000, 0x00000000e6ab0000)
 concurrent mark-sweep generation total 393216K, used 14483K [0x00000000e8000000, 0x0000000100000000, 0x0000000100000000)
 Metaspace       used 34613K, capacity 35108K, committed 35296K, reserved 1081344K
  class space    used 3625K, capacity 3782K, committed 3836K, reserved 1048576K
2017-03-31T04:58:24.782+0200: 365.508: [GC (Allocation Failure) 2017-03-31T04:58:24.782+0200: 365.508: [ParNew
Desired survivor size 20112992 bytes, new threshold 8 (max 8)
- age   1:    3633088 bytes,    3633088 total
- age   2:    2797496 bytes,    6430584 total
- age   3:    1552576 bytes,    7983160 total
- age   4:      11920 bytes,    7995080 total
- age   5:       3096 bytes,    7998176 total
- age   6:       7680 bytes,    8005856 total
- age   7:       5384 bytes,    8011240 total
- age   8:       4816 bytes,    8016056 total
: 94791K->9722K(109248K), 0.0401459 secs] 109274K->24208K(502464K), 0.0402212 secs] [Times: user=0.03 sys=0.00, real=0.04 secs] 
Heap after GC invocations=262 (full 1):
 par new generation   total 109248K, used 9722K [0x00000000e0000000, 0x00000000e8000000, 0x00000000e8000000)
  eden space 87424K,   0% used [0x00000000e0000000, 0x00000000e0000000, 0x00000000e5560000)
  from space 21824K,  44% used [0x00000000e5560000, 0x00000000e5ede810, 0x00000000e6ab0000)
  to   space 21824K,   0% used [0x00000000e6ab0000, 0x00000000e6ab0000, 0x00000000e8000000)
 concurrent mark-sweep generation total 393216K, used 14486K [0x00000000e8000000, 0x0000000100000000, 0x0000000100000000)
 Metaspace       used 34613K, capacity 35108K, committed 35296K, reserved 1081344K
  class space    used 3625K, capacity 3782K, committed 3836K, reserved 1048576K
}
2017-03-31T04:58:24.822+0200: 365.548: Total time for which application threads were stopped: 0.0403962 seconds, Stopping threads took: 0.0000335 seconds
{Heap before GC invocations=262 (full 1):
 par new generation   total 109248K, used 97146K [0x00000000e0000000, 0x00000000e8000000, 0x00000000e8000000)
  eden space 87424K, 100% used [0x00000000e0000000, 0x00000000e5560000, 0x00000000e5560000)
  from space 21824K,  44% used [0x00000000e5560000, 0x00000000e5ede810, 0x00000000e6ab0000)
  to   space 21824K,   0% used [0x00000000e6ab0000, 0x00000000e6ab0000, 0x00000000e8000000)
 concurrent mark-sweep generation total 393216K, used 14486K [0x00000000e8000000, 0x0000000100000000, 0x0000000100000000)
 Metaspace       used 34613K, capacity 35108K, committed 35296K, reserved 1081344K
  class space    used 3625K, capacity 3782K, committed 3836K, reserved 1048576K
2017-03-31T04:58:25.237+0200: 365.963: [GC (Allocation Failure) 2017-03-31T04:58:25.237+0200: 365.963: [ParNew
Desired survivor size 20112992 bytes, new threshold 8 (max 8)
- age   1:    4526968 bytes,    4526968 total
- age   2:    2732416 bytes,    7259384 total
- age   3:       9656 bytes,    7269040 total
- age   4:       7376 bytes,    7276416 total
- age   5:       6088 bytes,    7282504 total
- age   6:       3096 bytes,    7285600 total
- age   7:       7296 bytes,    7292896 total
- age   8:       5384 bytes,    7298280 total
: 97146K->9848K(109248K), 0.0245112 secs] 111632K->24339K(502464K), 0.0245819 secs] [Times: user=0.02 sys=0.00, real=0.02 secs] 
Heap after GC invocations=263 (full 1):
 par new generation   total 109248K, used 9848K [0x00000000e0000000, 0x00000000e8000000, 0x00000000e8000000)
  eden space 87424K,   0% used [0x00000000e0000000, 0x00000000e0000000, 0x00000000e5560000)
  from space 21824K,  45% used [0x00000000e6ab0000, 0x00000000e744e190, 0x00000000e8000000)
  to   space 21824K,   0% used [0x00000000e5560000, 0x00000000e5560000, 0x00000000e6ab0000)
 concurrent mark-sweep generation total 393216K, used 14491K [0x00000000e8000000, 0x0000000100000000, 0x0000000100000000)
 Metaspace       used 34613K, capacity 35108K, committed 35296K, reserved 1081344K
  class space    used 3625K, capacity 3782K, committed 3836K, reserved 1048576K
}
2017-03-31T04:58:25.262+0200: 365.988: Total time for which application threads were stopped: 0.0247326 seconds, Stopping threads took: 0.0000273 seconds
{Heap before GC invocations=263 (full 1):
 par new generation   total 109248K, used 97272K [0x00000000e0000000, 0x00000000e8000000, 0x00000000e8000000)
  eden space 87424K, 100% used [0x00000000e0000000, 0x00000000e5560000, 0x00000000e5560000)
  from space 21824K,  45% used [0x00000000e6ab0000, 0x00000000e744e190, 0x00000000e8000000)
  to   space 21824K,   0% used [0x00000000e5560000, 0x00000000e5560000, 0x00000000e6ab0000)
 concurrent mark-sweep generation total 393216K, used 14491K [0x00000000e8000000, 0x0000000100000000, 0x0000000100000000)
 Metaspace       used 34613K, capacity 35108K, committed 35296K, reserved 1081344K
  class space    used 3625K, capacity 3782K, committed 3836K, reserved 1048576K
2017-03-31T04:58:25.688+0200: 366.414: [GC (Allocation Failure) 2017-03-31T04:58:25.688+0200: 366.414: [ParNew
Desired survivor size 20112992 bytes, new threshold 8 (max 8)
- age   1:    4052528 bytes,    4052528 total
- age   2:    2171232 bytes,    6223760 total
- age   3:       4360 bytes,    6228120 total
- age   4:       9528 bytes,    6237648 total
- age   5:       7376 bytes,    6245024 total
- age   6:       6088 bytes,    6251112 total
- age   7:       3096 bytes,    6254208 total
- age   8:       7272 bytes,    6261480 total
: 97272K->8628K(109248K), 0.0206944 secs] 111763K->23125K(502464K), 0.0207539 secs] [Times: user=0.01 sys=0.00, real=0.01 secs] 
Heap after GC invocations=264 (full 1):
 par new generation   total 109248K, used 8628K [0x00000000e0000000, 0x00000000e8000000, 0x00000000e8000000)
  eden space 87424K,   0% used [0x00000000e0000000, 0x00000000e0000000, 0x00000000e5560000)
  from space 21824K,  39% used [0x00000000e5560000, 0x00000000e5dcd0c0, 0x00000000e6ab0000)
  to   space 21824K,   0% used [0x00000000e6ab0000, 0x00000000e6ab0000, 0x00000000e8000000)
 concurrent mark-sweep generation total 393216K, used 14496K [0x00000000e8000000, 0x0000000100000000, 0x0000000100000000)
 Metaspace       used 34613K, capacity 35108K, committed 35296K, reserved 1081344K
  class space    used 3625K, capacity 3782K, committed 3836K, reserved 1048576K
}
2017-03-31T04:58:25.708+0200: 366.435: Total time for which application threads were stopped: 0.0209661 seconds, Stopping threads took: 0.0000288 seconds
{Heap before GC invocations=264 (full 1):
 par new generation   total 109248K, used 96052K [0x00000000e0000000, 0x00000000e8000000, 0x00000000e8000000)
  eden space 87424K, 100% used [0x00000000e0000000, 0x00000000e5560000, 0x00000000e5560000)
  from space 21824K,  39% used [0x00000000e5560000, 0x00000000e5dcd0c0, 0x00000000e6ab0000)
  to   space 21824K,   0% used [0x00000000e6ab0000, 0x00000000e6ab0000, 0x00000000e8000000)
 concurrent mark-sweep generation total 393216K, used 14496K [0x00000000e8000000, 0x0000000100000000, 0x0000000100000000)
 Metaspace       used 34613K, capacity 35108K, committed 35296K, reserved 1081344K
  class space    used 3625K, capacity 3782K, committed 3836K, reserved 1048576K
2017-03-31T04:58:25.970+0200: 366.696: [GC (Allocation Failure) 2017-03-31T04:58:25.970+0200: 366.696: [ParNew
Desired survivor size 20112992 bytes, new threshold 8 (max 8)
- age   1:    3489352 bytes,    3489352 total
- age   2:    3696688 bytes,    7186040 total
- age   3:    1944712 bytes,    9130752 total
- age   4:       4360 bytes,    9135112 total
- age   5:       9528 bytes,    9144640 total
- age   6:       7376 bytes,    9152016 total
- age   7:       6088 bytes,    9158104 total
- age   8:       3096 bytes,    9161200 total
: 96052K->11800K(109248K), 0.0294730 secs] 110549K->26304K(502464K), 0.0295442 secs] [Times: user=0.03 sys=0.00, real=0.03 secs] 
Heap after GC invocations=265 (full 1):
 par new generation   total 109248K, used 11800K [0x00000000e0000000, 0x00000000e8000000, 0x00000000e8000000)
  eden space 87424K,   0% used [0x00000000e0000000, 0x00000000e0000000, 0x00000000e5560000)
  from space 21824K,  54% used [0x00000000e6ab0000, 0x00000000e7636170, 0x00000000e8000000)
  to   space 21824K,   0% used [0x00000000e5560000, 0x00000000e5560000, 0x00000000e6ab0000)
 concurrent mark-sweep generation total 393216K, used 14503K [0x00000000e8000000, 0x0000000100000000, 0x0000000100000000)
 Metaspace       used 34613K, capacity 35108K, committed 35296K, reserved 1081344K
  class space    used 3625K, capacity 3782K, committed 3836K, reserved 1048576K
}
2017-03-31T04:58:26.000+0200: 366.726: Total time for which application threads were stopped: 0.0297043 seconds, Stopping threads took: 0.0000200 seconds
{Heap before GC invocations=265 (full 1):
 par new generation   total 109248K, used 99224K [0x00000000e0000000, 0x00000000e8000000, 0x00000000e8000000)
  eden space 87424K, 100% used [0x00000000e0000000, 0x00000000e5560000, 0x00000000e5560000)
  from space 21824K,  54% used [0x00000000e6ab0000, 0x00000000e7636170, 0x00000000e8000000)
  to   space 21824K,   0% used [0x00000000e5560000, 0x00000000e5560000, 0x00000000e6ab0000)
 concurrent mark-sweep generation total 393216K, used 14503K [0x00000000e8000000, 0x0000000100000000, 0x0000000100000000)
 Metaspace       used 34613K, capacity 35108K, committed 35296K, reserved 1081344K
  class space    used 3625K, capacity 3782K, committed 3836K, reserved 1048576K
2017-03-31T04:58:26.504+0200: 367.230: [GC (Allocation Failure) 2017-03-31T04:58:26.504+0200: 367.230: [ParNew
Desired survivor size 20112992 bytes, new threshold 8 (max 8)
- age   1:    3876216 bytes,    3876216 total
- age   2:    2748120 bytes,    6624336 total
- age   3:     985080 bytes,    7609416 total
- age   4:      13112 bytes,    7622528 total
- age   5:       4296 bytes,    7626824 total
- age   6:       9400 bytes,    7636224 total
- age   7:       7376 bytes,    7643600 total
- age   8:       6088 bytes,    7649688 total
: 99224K->10494K(109248K), 0.0324906 secs] 113728K->25001K(502464K), 0.0325715 secs] [Times: user=0.03 sys=0.01, real=0.03 secs] 
Heap after GC invocations=266 (full 1):
 par new generation   total 109248K, used 10494K [0x00000000e0000000, 0x00000000e8000000, 0x00000000e8000000)
  eden space 87424K,   0% used [0x00000000e0000000, 0x00000000e0000000, 0x00000000e5560000)
  from space 21824K,  48% used [0x00000000e5560000, 0x00000000e5f9fa20, 0x00000000e6ab0000)
  to   space 21824K,   0% used [0x00000000e6ab0000, 0x00000000e6ab0000, 0x00000000e8000000)
 concurrent mark-sweep generation total 393216K, used 14507K [0x00000000e8000000, 0x0000000100000000, 0x0000000100000000)
 Metaspace       used 34613K, capacity 35108K, committed 35296K, reserved 1081344K
  class space    used 3625K, capacity 3782K, committed 3836K, reserved 1048576K
}
2017-03-31T04:58:26.536+0200: 367.263: Total time for which application threads were stopped: 0.0327432 seconds, Stopping threads took: 0.0000351 seconds
{Heap before GC invocations=266 (full 1):
 par new generation   total 109248K, used 97918K [0x00000000e0000000, 0x00000000e8000000, 0x00000000e8000000)
  eden space 87424K, 100% used [0x00000000e0000000, 0x00000000e5560000, 0x00000000e5560000)
  from space 21824K,  48% used [0x00000000e5560000, 0x00000000e5f9fa20, 0x00000000e6ab0000)
  to   space 21824K,   0% used [0x00000000e6ab0000, 0x00000000e6ab0000, 0x00000000e8000000)
 concurrent mark-sweep generation total 393216K, used 14507K [0x00000000e8000000, 0x0000000100000000, 0x0000000100000000)
 Metaspace       used 34613K, capacity 35108K, committed 35296K, reserved 1081344K
  class space    used 3625K, capacity 3782K, committed 3836K, reserved 1048576K
2017-03-31T04:58:27.141+0200: 367.868: [GC (Allocation Failure) 2017-03-31T04:58:27.141+0200: 367.868: [ParNew
Desired survivor size 20112992 bytes, new threshold 8 (max 8)
- age   1:    4481424 bytes,    4481424 total
- age   2:    2449280 bytes,    6930704 total
- age   3:       3384 bytes,    6934088 total
- age   4:       6816 bytes,    6940904 total
- age   5:       7280 bytes,    6948184 total
- age   6:       4296 bytes,    6952480 total
- age   7:       9400 bytes,    6961880 total
- age   8:       7352 bytes,    6969232 total
: 97918K->9627K(109248K), 0.0362186 secs] 112425K->24140K(502464K), 0.0362898 secs] [Times: user=0.03 sys=0.00, real=0.03 secs] 
Heap after GC invocations=267 (full 1):
 par new generation   total 109248K, used 9627K [0x00000000e0000000, 0x00000000e8000000, 0x00000000e8000000)
  eden space 87424K,   0% used [0x00000000e0000000, 0x00000000e0000000, 0x00000000e5560000)
  from space 21824K,  44% used [0x00000000e6ab0000, 0x00000000e7416c70, 0x00000000e8000000)
  to   space 21824K,   0% used [0x00000000e5560000, 0x00000000e5560000, 0x00000000e6ab0000)
 concurrent mark-sweep generation total 393216K, used 14513K [0x00000000e8000000, 0x0000000100000000, 0x0000000100000000)
 Metaspace       used 34613K, capacity 35108K, committed 35296K, reserved 1081344K
  class space    used 3625K, capacity 3782K, committed 3836K, reserved 1048576K
}
2017-03-31T04:58:27.178+0200: 367.904: Total time for which application threads were stopped: 0.0365039 seconds, Stopping threads took: 0.0000500 seconds
{Heap before GC invocations=267 (full 1):
 par new generation   total 109248K, used 97051K [0x00000000e0000000, 0x00000000e8000000, 0x00000000e8000000)
  eden space 87424K, 100% used [0x00000000e0000000, 0x00000000e5560000, 0x00000000e5560000)
  from space 21824K,  44% used [0x00000000e6ab0000, 0x00000000e7416c70, 0x00000000e8000000)
  to   space 21824K,   0% used [0x00000000e5560000, 0x00000000e5560000, 0x00000000e6ab0000)
 concurrent mark-sweep generation total 393216K, used 14513K [0x00000000e8000000, 0x0000000100000000, 0x0000000100000000)
 Metaspace       used 34613K, capacity 35108K, committed 35296K, reserved 1081344K
  class space    used 3625K, capacity 3782K, committed 3836K, reserved 1048576K
2017-03-31T04:58:27.523+0200: 368.249: [GC (Allocation Failure) 2017-03-31T04:58:27.523+0200: 368.250: [ParNew
Desired survivor size 20112992 bytes, new threshold 8 (max 8)
- age   1:    3175424 bytes,    3175424 total
- age   2:    3972448 bytes,    7147872 total
- age   3:    2220792 bytes,    9368664 total
- age   4:       3384 bytes,    9372048 total
- age   5:       6816 bytes,    9378864 total
- age   6:       7280 bytes,    9386144 total
- age   7:       4296 bytes,    9390440 total
- age   8:       9400 bytes,    9399840 total
: 97051K->12302K(109248K), 0.0248592 secs] 111564K->26822K(502464K), 0.0249385 secs] [Times: user=0.02 sys=0.00, real=0.03 secs] 
Heap after GC invocations=268 (full 1):
 par new generation   total 109248K, used 12302K [0x00000000e0000000, 0x00000000e8000000, 0x00000000e8000000)
  eden space 87424K,   0% used [0x00000000e0000000, 0x00000000e0000000, 0x00000000e5560000)
  from space 21824K,  56% used [0x00000000e5560000, 0x00000000e6163920, 0x00000000e6ab0000)
  to   space 21824K,   0% used [0x00000000e6ab0000, 0x00000000e6ab0000, 0x00000000e8000000)
 concurrent mark-sweep generation total 393216K, used 14520K [0x00000000e8000000, 0x0000000100000000, 0x0000000100000000)
 Metaspace       used 34613K, capacity 35108K, committed 35296K, reserved 1081344K
  class space    used 3625K, capacity 3782K, committed 3836K, reserved 1048576K
}
2017-03-31T04:58:27.548+0200: 368.274: Total time for which application threads were stopped: 0.0251373 seconds, Stopping threads took: 0.0000280 seconds
{Heap before GC invocations=268 (full 1):
 par new generation   total 109248K, used 99726K [0x00000000e0000000, 0x00000000e8000000, 0x00000000e8000000)
  eden space 87424K, 100% used [0x00000000e0000000, 0x00000000e5560000, 0x00000000e5560000)
  from space 21824K,  56% used [0x00000000e5560000, 0x00000000e6163920, 0x00000000e6ab0000)
  to   space 21824K,   0% used [0x00000000e6ab0000, 0x00000000e6ab0000, 0x00000000e8000000)
 concurrent mark-sweep generation total 393216K, used 14520K [0x00000000e8000000, 0x0000000100000000, 0x0000000100000000)
 Metaspace       used 34613K, capacity 35108K, committed 35296K, reserved 1081344K
  class space    used 3625K, capacity 3782K, committed 3836K, reserved 1048576K
2017-03-31T04:58:27.935+0200: 368.661: [GC (Allocation Failure) 2017-03-31T04:58:27.935+0200: 368.661: [ParNew
Desired survivor size 20112992 bytes, new threshold 8 (max 8)
- age   1:    4005224 bytes,    4005224 total
- age   2:    2508184 bytes,    6513408 total
- age   3:    1571896 bytes,    8085304 total
- age   4:      17288 bytes,    8102592 total
- age   5:       3384 bytes,    8105976 total
- age   6:       6624 bytes,    8112600 total
- age   7:       7256 bytes,    8119856 total
- age   8:       4296 bytes,    8124152 total
: 99726K->10802K(109248K), 0.0205951 secs] 114246K->25332K(502464K), 0.0206576 secs] [Times: user=0.02 sys=0.00, real=0.02 secs] 
Heap after GC invocations=269 (full 1):
 par new generation   total 109248K, used 10802K [0x00000000e0000000, 0x00000000e8000000, 0x00000000e8000000)
  eden space 87424K,   0% used [0x00000000e0000000, 0x00000000e0000000, 0x00000000e5560000)
  from space 21824K,  49% used [0x00000000e6ab0000, 0x00000000e753caa0, 0x00000000e8000000)
  to   space 21824K,   0% used [0x00000000e5560000, 0x00000000e5560000, 0x00000000e6ab0000)
 concurrent mark-sweep generation total 393216K, used 14529K [0x00000000e8000000, 0x0000000100000000, 0x0000000100000000)
 Metaspace       used 34613K, capacity 35108K, committed 35296K, reserved 1081344K
  class space    used 3625K, capacity 3782K, committed 3836K, reserved 1048576K
}
2017-03-31T04:58:27.956+0200: 368.682: Total time for which application threads were stopped: 0.0252704 seconds, Stopping threads took: 0.0044423 seconds
{Heap before GC invocations=269 (full 1):
 par new generation   total 109248K, used 98226K [0x00000000e0000000, 0x00000000e8000000, 0x00000000e8000000)
  eden space 87424K, 100% used [0x00000000e0000000, 0x00000000e5560000, 0x00000000e5560000)
  from space 21824K,  49% used [0x00000000e6ab0000, 0x00000000e753caa0, 0x00000000e8000000)
  to   space 21824K,   0% used [0x00000000e5560000, 0x00000000e5560000, 0x00000000e6ab0000)
 concurrent mark-sweep generation total 393216K, used 14529K [0x00000000e8000000, 0x0000000100000000, 0x0000000100000000)
 Metaspace       used 34613K, capacity 35108K, committed 35296K, reserved 1081344K
  class space    used 3625K, capacity 3782K, committed 3836K, reserved 1048576K
2017-03-31T04:58:28.349+0200: 369.075: [GC (Allocation Failure) 2017-03-31T04:58:28.349+0200: 369.075: [ParNew
Desired survivor size 20112992 bytes, new threshold 8 (max 8)
- age   1:    4562864 bytes,    4562864 total
- age   2:    2647064 bytes,    7209928 total
- age   3:       3576 bytes,    7213504 total
- age   4:       7320 bytes,    7220824 total
- age   5:      17096 bytes,    7237920 total
- age   6:       3384 bytes,    7241304 total
- age   7:       6432 bytes,    7247736 total
- age   8:       7256 bytes,    7254992 total
: 98226K->10138K(109248K), 0.0171221 secs] 112756K->24672K(502464K), 0.0171880 secs] [Times: user=0.02 sys=0.00, real=0.01 secs] 
Heap after GC invocations=270 (full 1):
 par new generation   total 109248K, used 10138K [0x00000000e0000000, 0x00000000e8000000, 0x00000000e8000000)
  eden space 87424K,   0% used [0x00000000e0000000, 0x00000000e0000000, 0x00000000e5560000)
  from space 21824K,  46% used [0x00000000e5560000, 0x00000000e5f46a10, 0x00000000e6ab0000)
  to   space 21824K,   0% used [0x00000000e6ab0000, 0x00000000e6ab0000, 0x00000000e8000000)
 concurrent mark-sweep generation total 393216K, used 14534K [0x00000000e8000000, 0x0000000100000000, 0x0000000100000000)
 Metaspace       used 34613K, capacity 35108K, committed 35296K, reserved 1081344K
  class space    used 3625K, capacity 3782K, committed 3836K, reserved 1048576K
}
2017-03-31T04:58:28.366+0200: 369.093: Total time for which application threads were stopped: 0.0193594 seconds, Stopping threads took: 0.0020201 seconds
{Heap before GC invocations=270 (full 1):
 par new generation   total 109248K, used 97562K [0x00000000e0000000, 0x00000000e8000000, 0x00000000e8000000)
  eden space 87424K, 100% used [0x00000000e0000000, 0x00000000e5560000, 0x00000000e5560000)
  from space 21824K,  46% used [0x00000000e5560000, 0x00000000e5f46a10, 0x00000000e6ab0000)
  to   space 21824K,   0% used [0x00000000e6ab0000, 0x00000000e6ab0000, 0x00000000e8000000)
 concurrent mark-sweep generation total 393216K, used 14534K [0x00000000e8000000, 0x0000000100000000, 0x0000000100000000)
 Metaspace       used 34613K, capacity 35108K, committed 35296K, reserved 1081344K
  class space    used 3625K, capacity 3782K, committed 3836K, reserved 1048576K
2017-03-31T04:58:28.860+0200: 369.587: [GC (Allocation Failure) 2017-03-31T04:58:28.860+0200: 369.587: [ParNew
Desired survivor size 20112992 bytes, new threshold 8 (max 8)
- age   1:    3899928 bytes,    3899928 total
- age   2:    2113096 bytes,    6013024 total
- age   3:       4888 bytes,    6017912 total
- age   4:       3552 bytes,    6021464 total
- age   5:       6936 bytes,    6028400 total
- age   6:      16248 bytes,    6044648 total
- age   7:       3384 bytes,    6048032 total
- age   8:       6432 bytes,    6054464 total
: 97562K->9176K(109248K), 0.0244580 secs] 112096K->23718K(502464K), 0.0245116 secs] [Times: user=0.03 sys=0.00, real=0.03 secs] 
Heap after GC invocations=271 (full 1):
 par new generation   total 109248K, used 9176K [0x00000000e0000000, 0x00000000e8000000, 0x00000000e8000000)
  eden space 87424K,   0% used [0x00000000e0000000, 0x00000000e0000000, 0x00000000e5560000)
  from space 21824K,  42% used [0x00000000e6ab0000, 0x00000000e73a6330, 0x00000000e8000000)
  to   space 21824K,   0% used [0x00000000e5560000, 0x00000000e5560000, 0x00000000e6ab0000)
 concurrent mark-sweep generation total 393216K, used 14541K [0x00000000e8000000, 0x0000000100000000, 0x0000000100000000)
 Metaspace       used 34613K, capacity 35108K, committed 35296K, reserved 1081344K
  class space    used 3625K, capacity 3782K, committed 3836K, reserved 1048576K
}
2017-03-31T04:58:28.885+0200: 369.611: Total time for which application threads were stopped: 0.0287119 seconds, Stopping threads took: 0.0040596 seconds
{Heap before GC invocations=271 (full 1):
 par new generation   total 109248K, used 96600K [0x00000000e0000000, 0x00000000e8000000, 0x00000000e8000000)
  eden space 87424K, 100% used [0x00000000e0000000, 0x00000000e5560000, 0x00000000e5560000)
  from space 21824K,  42% used [0x00000000e6ab0000, 0x00000000e73a6330, 0x00000000e8000000)
  to   space 21824K,   0% used [0x00000000e5560000, 0x00000000e5560000, 0x00000000e6ab0000)
 concurrent mark-sweep generation total 393216K, used 14541K [0x00000000e8000000, 0x0000000100000000, 0x0000000100000000)
 Metaspace       used 34613K, capacity 35108K, committed 35296K, reserved 1081344K
  class space    used 3625K, capacity 3782K, committed 3836K, reserved 1048576K
2017-03-31T04:58:29.197+0200: 369.924: [GC (Allocation Failure) 2017-03-31T04:58:29.197+0200: 369.924: [ParNew
Desired survivor size 20112992 bytes, new threshold 8 (max 8)
- age   1:    2880768 bytes,    2880768 total
- age   2:    3530480 bytes,    6411248 total
- age   3:    1805584 bytes,    8216832 total
- age   4:       4888 bytes,    8221720 total
- age   5:       3552 bytes,    8225272 total
- age   6:       6936 bytes,    8232208 total
- age   7:      16224 bytes,    8248432 total
- age   8:       3384 bytes,    8251816 total
: 96600K->10246K(109248K), 0.0296434 secs] 111142K->24793K(502464K), 0.0297193 secs] [Times: user=0.03 sys=0.00, real=0.02 secs] 
Heap after GC invocations=272 (full 1):
 par new generation   total 109248K, used 10246K [0x00000000e0000000, 0x00000000e8000000, 0x00000000e8000000)
  eden space 87424K,   0% used [0x00000000e0000000, 0x00000000e0000000, 0x00000000e5560000)
  from space 21824K,  46% used [0x00000000e5560000, 0x00000000e5f618e0, 0x00000000e6ab0000)
  to   space 21824K,   0% used [0x00000000e6ab0000, 0x00000000e6ab0000, 0x00000000e8000000)
 concurrent mark-sweep generation total 393216K, used 14547K [0x00000000e8000000, 0x0000000100000000, 0x0000000100000000)
 Metaspace       used 34613K, capacity 35108K, committed 35296K, reserved 1081344K
  class space    used 3625K, capacity 3782K, committed 3836K, reserved 1048576K
}
2017-03-31T04:58:29.227+0200: 369.953: Total time for which application threads were stopped: 0.0298649 seconds, Stopping threads took: 0.0000287 seconds
{Heap before GC invocations=272 (full 1):
 par new generation   total 109248K, used 97669K [0x00000000e0000000, 0x00000000e8000000, 0x00000000e8000000)
  eden space 87424K,  99% used [0x00000000e0000000, 0x00000000e555fe68, 0x00000000e5560000)
  from space 21824K,  46% used [0x00000000e5560000, 0x00000000e5f618e0, 0x00000000e6ab0000)
  to   space 21824K,   0% used [0x00000000e6ab0000, 0x00000000e6ab0000, 0x00000000e8000000)
 concurrent mark-sweep generation total 393216K, used 14547K [0x00000000e8000000, 0x0000000100000000, 0x0000000100000000)
 Metaspace       used 34613K, capacity 35108K, committed 35296K, reserved 1081344K
  class space    used 3625K, capacity 3782K, committed 3836K, reserved 1048576K
2017-03-31T04:58:29.657+0200: 370.383: [GC (Allocation Failure) 2017-03-31T04:58:29.657+0200: 370.383: [ParNew
Desired survivor size 20112992 bytes, new threshold 8 (max 8)
- age   1:    4742552 bytes,    4742552 total
- age   2:    2416816 bytes,    7159368 total
- age   3:     642880 bytes,    7802248 total
- age   4:       6424 bytes,    7808672 total
- age   5:       4888 bytes,    7813560 total
- age   6:       3552 bytes,    7817112 total
- age   7:       6936 bytes,    7824048 total
- age   8:      16224 bytes,    7840272 total
: 97669K->11540K(109248K), 0.0219667 secs] 112217K->26091K(502464K), 0.0220316 secs] [Times: user=0.02 sys=0.00, real=0.02 secs] 
Heap after GC invocations=273 (full 1):
 par new generation   total 109248K, used 11540K [0x00000000e0000000, 0x00000000e8000000, 0x00000000e8000000)
  eden space 87424K,   0% used [0x00000000e0000000, 0x00000000e0000000, 0x00000000e5560000)
  from space 21824K,  52% used [0x00000000e6ab0000, 0x00000000e75f5378, 0x00000000e8000000)
  to   space 21824K,   0% used [0x00000000e5560000, 0x00000000e5560000, 0x00000000e6ab0000)
 concurrent mark-sweep generation total 393216K, used 14550K [0x00000000e8000000, 0x0000000100000000, 0x0000000100000000)
 Metaspace       used 34613K, capacity 35108K, committed 35296K, reserved 1081344K
  class space    used 3625K, capacity 3782K, committed 3836K, reserved 1048576K
}
2017-03-31T04:58:29.679+0200: 370.405: Total time for which application threads were stopped: 0.0222475 seconds, Stopping threads took: 0.0000526 seconds
{Heap before GC invocations=273 (full 1):
 par new generation   total 109248K, used 98964K [0x00000000e0000000, 0x00000000e8000000, 0x00000000e8000000)
  eden space 87424K, 100% used [0x00000000e0000000, 0x00000000e5560000, 0x00000000e5560000)
  from space 21824K,  52% used [0x00000000e6ab0000, 0x00000000e75f5378, 0x00000000e8000000)
  to   space 21824K,   0% used [0x00000000e5560000, 0x00000000e5560000, 0x00000000e6ab0000)
 concurrent mark-sweep generation total 393216K, used 14550K [0x00000000e8000000, 0x0000000100000000, 0x0000000100000000)
 Metaspace       used 34613K, capacity 35108K, committed 35296K, reserved 1081344K
  class space    used 3625K, capacity 3782K, committed 3836K, reserved 1048576K
2017-03-31T04:58:30.040+0200: 370.767: [GC (Allocation Failure) 2017-03-31T04:58:30.041+0200: 370.767: [ParNew
Desired survivor size 20112992 bytes, new threshold 8 (max 8)
- age   1:    3901312 bytes,    3901312 total
- age   2:    2384072 bytes,    6285384 total
- age   3:       3272 bytes,    6288656 total
- age   4:       6464 bytes,    6295120 total
- age   5:       6424 bytes,    6301544 total
- age   6:       4888 bytes,    6306432 total
- age   7:       3552 bytes,    6309984 total
- age   8:       6912 bytes,    6316896 total
: 98964K->8016K(109248K), 0.0199308 secs] 113515K->22578K(502464K), 0.0199957 secs] [Times: user=0.02 sys=0.00, real=0.02 secs] 
Heap after GC invocations=274 (full 1):
 par new generation   total 109248K, used 8016K [0x00000000e0000000, 0x00000000e8000000, 0x00000000e8000000)
  eden space 87424K,   0% used [0x00000000e0000000, 0x00000000e0000000, 0x00000000e5560000)
  from space 21824K,  36% used [0x00000000e5560000, 0x00000000e5d34150, 0x00000000e6ab0000)
  to   space 21824K,   0% used [0x00000000e6ab0000, 0x00000000e6ab0000, 0x00000000e8000000)
 concurrent mark-sweep generation total 393216K, used 14561K [0x00000000e8000000, 0x0000000100000000, 0x0000000100000000)
 Metaspace       used 34613K, capacity 35108K, committed 35296K, reserved 1081344K
  class space    used 3625K, capacity 3782K, committed 3836K, reserved 1048576K
}
2017-03-31T04:58:30.061+0200: 370.787: Total time for which application threads were stopped: 0.0221644 seconds, Stopping threads took: 0.0020186 seconds
{Heap before GC invocations=274 (full 1):
 par new generation   total 109248K, used 95440K [0x00000000e0000000, 0x00000000e8000000, 0x00000000e8000000)
  eden space 87424K, 100% used [0x00000000e0000000, 0x00000000e5560000, 0x00000000e5560000)
  from space 21824K,  36% used [0x00000000e5560000, 0x00000000e5d34150, 0x00000000e6ab0000)
  to   space 21824K,   0% used [0x00000000e6ab0000, 0x00000000e6ab0000, 0x00000000e8000000)
 concurrent mark-sweep generation total 393216K, used 14561K [0x00000000e8000000, 0x0000000100000000, 0x0000000100000000)
 Metaspace       used 34613K, capacity 35108K, committed 35296K, reserved 1081344K
  class space    used 3625K, capacity 3782K, committed 3836K, reserved 1048576K
2017-03-31T04:58:30.337+0200: 371.063: [GC (Allocation Failure) 2017-03-31T04:58:30.337+0200: 371.063: [ParNew
Desired survivor size 20112992 bytes, new threshold 8 (max 8)
- age   1:    3064592 bytes,    3064592 total
- age   2:    3559992 bytes,    6624584 total
- age   3:    2001456 bytes,    8626040 total
- age   4:       3272 bytes,    8629312 total
- age   5:       6464 bytes,    8635776 total
- age   6:       6360 bytes,    8642136 total
- age   7:       4888 bytes,    8647024 total
- age   8:       3552 bytes,    8650576 total
: 95440K->9612K(109248K), 0.0235097 secs] 110002K->24180K(502464K), 0.0235794 secs] [Times: user=0.02 sys=0.01, real=0.02 secs] 
Heap after GC invocations=275 (full 1):
 par new generation   total 109248K, used 9612K [0x00000000e0000000, 0x00000000e8000000, 0x00000000e8000000)
  eden space 87424K,   0% used [0x00000000e0000000, 0x00000000e0000000, 0x00000000e5560000)
  from space 21824K,  44% used [0x00000000e6ab0000, 0x00000000e7413060, 0x00000000e8000000)
  to   space 21824K,   0% used [0x00000000e5560000, 0x00000000e5560000, 0x00000000e6ab0000)
 concurrent mark-sweep generation total 393216K, used 14568K [0x00000000e8000000, 0x0000000100000000, 0x0000000100000000)
 Metaspace       used 34613K, capacity 35108K, committed 35296K, reserved 1081344K
  class space    used 3625K, capacity 3782K, committed 3836K, reserved 1048576K
}
2017-03-31T04:58:30.360+0200: 371.087: Total time for which application threads were stopped: 0.0259738 seconds, Stopping threads took: 0.0022506 seconds
{Heap before GC invocations=275 (full 1):
 par new generation   total 109248K, used 97009K [0x00000000e0000000, 0x00000000e8000000, 0x00000000e8000000)
  eden space 87424K,  99% used [0x00000000e0000000, 0x00000000e5559440, 0x00000000e5560000)
  from space 21824K,  44% used [0x00000000e6ab0000, 0x00000000e7413060, 0x00000000e8000000)
  to   space 21824K,   0% used [0x00000000e5560000, 0x00000000e5560000, 0x00000000e6ab0000)
 concurrent mark-sweep generation total 393216K, used 14568K [0x00000000e8000000, 0x0000000100000000, 0x0000000100000000)
 Metaspace       used 34613K, capacity 35108K, committed 35296K, reserved 1081344K
  class space    used 3625K, capacity 3782K, committed 3836K, reserved 1048576K
2017-03-31T04:58:30.755+0200: 371.481: [GC (Allocation Failure) 2017-03-31T04:58:30.755+0200: 371.481: [ParNew
Desired survivor size 20112992 bytes, new threshold 8 (max 8)
- age   1:    4165448 bytes,    4165448 total
- age   2:    2218088 bytes,    6383536 total
- age   3:     939776 bytes,    7323312 total
- age   4:       8600 bytes,    7331912 total
- age   5:       3272 bytes,    7335184 total
- age   6:       6272 bytes,    7341456 total
- age   7:       6360 bytes,    7347816 total
- age   8:       4888 bytes,    7352704 total
: 97009K->12489K(109248K), 0.0346696 secs] 111577K->27061K(502464K), 0.0347352 secs] [Times: user=0.03 sys=0.00, real=0.03 secs] 
Heap after GC invocations=276 (full 1):
 par new generation   total 109248K, used 12489K [0x00000000e0000000, 0x00000000e8000000, 0x00000000e8000000)
  eden space 87424K,   0% used [0x00000000e0000000, 0x00000000e0000000, 0x00000000e5560000)
  from space 21824K,  57% used [0x00000000e5560000, 0x00000000e6192658, 0x00000000e6ab0000)
  to   space 21824K,   0% used [0x00000000e6ab0000, 0x00000000e6ab0000, 0x00000000e8000000)
 concurrent mark-sweep generation total 393216K, used 14572K [0x00000000e8000000, 0x0000000100000000, 0x0000000100000000)
 Metaspace       used 34613K, capacity 35108K, committed 35296K, reserved 1081344K
  class space    used 3625K, capacity 3782K, committed 3836K, reserved 1048576K
}
2017-03-31T04:58:30.790+0200: 371.516: Total time for which application threads were stopped: 0.0348966 seconds, Stopping threads took: 0.0000304 seconds
{Heap before GC invocations=276 (full 1):
 par new generation   total 109248K, used 99913K [0x00000000e0000000, 0x00000000e8000000, 0x00000000e8000000)
  eden space 87424K, 100% used [0x00000000e0000000, 0x00000000e5560000, 0x00000000e5560000)
  from space 21824K,  57% used [0x00000000e5560000, 0x00000000e6192658, 0x00000000e6ab0000)
  to   space 21824K,   0% used [0x00000000e6ab0000, 0x00000000e6ab0000, 0x00000000e8000000)
 concurrent mark-sweep generation total 393216K, used 14572K [0x00000000e8000000, 0x0000000100000000, 0x0000000100000000)
 Metaspace       used 34613K, capacity 35108K, committed 35296K, reserved 1081344K
  class space    used 3625K, capacity 3782K, committed 3836K, reserved 1048576K
2017-03-31T04:58:31.242+0200: 371.969: [GC (Allocation Failure) 2017-03-31T04:58:31.242+0200: 371.969: [ParNew
Desired survivor size 20112992 bytes, new threshold 8 (max 8)
- age   1:    4024464 bytes,    4024464 total
- age   2:    2205752 bytes,    6230216 total
- age   3:       2744 bytes,    6232960 total
- age   4:      11824 bytes,    6244784 total
- age   5:       8600 bytes,    6253384 total
- age   6:       3272 bytes,    6256656 total
- age   7:       6272 bytes,    6262928 total
- age   8:       6360 bytes,    6269288 total
: 99913K->8053K(109248K), 0.0280608 secs] 114485K->22630K(502464K), 0.0281427 secs] [Times: user=0.02 sys=0.00, real=0.03 secs] 
Heap after GC invocations=277 (full 1):
 par new generation   total 109248K, used 8053K [0x00000000e0000000, 0x00000000e8000000, 0x00000000e8000000)
  eden space 87424K,   0% used [0x00000000e0000000, 0x00000000e0000000, 0x00000000e5560000)
  from space 21824K,  36% used [0x00000000e6ab0000, 0x00000000e728d5d0, 0x00000000e8000000)
  to   space 21824K,   0% used [0x00000000e5560000, 0x00000000e5560000, 0x00000000e6ab0000)
 concurrent mark-sweep generation total 393216K, used 14576K [0x00000000e8000000, 0x0000000100000000, 0x0000000100000000)
 Metaspace       used 34613K, capacity 35108K, committed 35296K, reserved 1081344K
  class space    used 3625K, capacity 3782K, committed 3836K, reserved 1048576K
}
2017-03-31T04:58:31.271+0200: 371.997: Total time for which application threads were stopped: 0.0283127 seconds, Stopping threads took: 0.0000299 seconds
{Heap before GC invocations=277 (full 1):
 par new generation   total 109248K, used 95477K [0x00000000e0000000, 0x00000000e8000000, 0x00000000e8000000)
  eden space 87424K, 100% used [0x00000000e0000000, 0x00000000e5560000, 0x00000000e5560000)
  from space 21824K,  36% used [0x00000000e6ab0000, 0x00000000e728d5d0, 0x00000000e8000000)
  to   space 21824K,   0% used [0x00000000e5560000, 0x00000000e5560000, 0x00000000e6ab0000)
 concurrent mark-sweep generation total 393216K, used 14576K [0x00000000e8000000, 0x0000000100000000, 0x0000000100000000)
 Metaspace       used 34613K, capacity 35108K, committed 35296K, reserved 1081344K
  class space    used 3625K, capacity 3782K, committed 3836K, reserved 1048576K
2017-03-31T04:58:31.532+0200: 372.258: [GC (Allocation Failure) 2017-03-31T04:58:31.532+0200: 372.258: [ParNew
Desired survivor size 20112992 bytes, new threshold 8 (max 8)
- age   1:    2955800 bytes,    2955800 total
- age   2:    3715264 bytes,    6671064 total
- age   3:    1979320 bytes,    8650384 total
- age   4:       2744 bytes,    8653128 total
- age   5:      11824 bytes,    8664952 total
- age   6:       8576 bytes,    8673528 total
- age   7:       3272 bytes,    8676800 total
- age   8:       6272 bytes,    8683072 total
: 95477K->11167K(109248K), 0.0431104 secs] 110054K->25750K(502464K), 0.0431690 secs] [Times: user=0.04 sys=0.01, real=0.05 secs] 
Heap after GC invocations=278 (full 1):
 par new generation   total 109248K, used 11167K [0x00000000e0000000, 0x00000000e8000000, 0x00000000e8000000)
  eden space 87424K,   0% used [0x00000000e0000000, 0x00000000e0000000, 0x00000000e5560000)
  from space 21824K,  51% used [0x00000000e5560000, 0x00000000e6047e10, 0x00000000e6ab0000)
  to   space 21824K,   0% used [0x00000000e6ab0000, 0x00000000e6ab0000, 0x00000000e8000000)
 concurrent mark-sweep generation total 393216K, used 14583K [0x00000000e8000000, 0x0000000100000000, 0x0000000100000000)
 Metaspace       used 34613K, capacity 35108K, committed 35296K, reserved 1081344K
  class space    used 3625K, capacity 3782K, committed 3836K, reserved 1048576K
}
2017-03-31T04:58:31.575+0200: 372.302: Total time for which application threads were stopped: 0.0478485 seconds, Stopping threads took: 0.0045267 seconds
{Heap before GC invocations=278 (full 1):
 par new generation   total 109248K, used 98591K [0x00000000e0000000, 0x00000000e8000000, 0x00000000e8000000)
  eden space 87424K, 100% used [0x00000000e0000000, 0x00000000e5560000, 0x00000000e5560000)
  from space 21824K,  51% used [0x00000000e5560000, 0x00000000e6047e10, 0x00000000e6ab0000)
  to   space 21824K,   0% used [0x00000000e6ab0000, 0x00000000e6ab0000, 0x00000000e8000000)
 concurrent mark-sweep generation total 393216K, used 14583K [0x00000000e8000000, 0x0000000100000000, 0x0000000100000000)
 Metaspace       used 34613K, capacity 35108K, committed 35296K, reserved 1081344K
  class space    used 3625K, capacity 3782K, committed 3836K, reserved 1048576K
2017-03-31T04:58:31.955+0200: 372.681: [GC (Allocation Failure) 2017-03-31T04:58:31.955+0200: 372.681: [ParNew
Desired survivor size 20112992 bytes, new threshold 8 (max 8)
- age   1:    4331520 bytes,    4331520 total
- age   2:    2197520 bytes,    6529040 total
- age   3:     969600 bytes,    7498640 total
- age   4:       6392 bytes,    7505032 total
- age   5:       2680 bytes,    7507712 total
- age   6:      11696 bytes,    7519408 total
- age   7:       8576 bytes,    7527984 total
- age   8:       3272 bytes,    7531256 total
: 98591K->9943K(109248K), 0.0247780 secs] 113174K->24533K(502464K), 0.0248584 secs] [Times: user=0.03 sys=0.00, real=0.03 secs] 
Heap after GC invocations=279 (full 1):
 par new generation   total 109248K, used 9943K [0x00000000e0000000, 0x00000000e8000000, 0x00000000e8000000)
  eden space 87424K,   0% used [0x00000000e0000000, 0x00000000e0000000, 0x00000000e5560000)
  from space 21824K,  45% used [0x00000000e6ab0000, 0x00000000e7465f50, 0x00000000e8000000)
  to   space 21824K,   0% used [0x00000000e5560000, 0x00000000e5560000, 0x00000000e6ab0000)
 concurrent mark-sweep generation total 393216K, used 14589K [0x00000000e8000000, 0x0000000100000000, 0x0000000100000000)
 Metaspace       used 34613K, capacity 35108K, committed 35296K, reserved 1081344K
  class space    used 3625K, capacity 3782K, committed 3836K, reserved 1048576K
}
2017-03-31T04:58:31.979+0200: 372.706: Total time for which application threads were stopped: 0.0251263 seconds, Stopping threads took: 0.0000340 seconds
{Heap before GC invocations=279 (full 1):
 par new generation   total 109248K, used 97367K [0x00000000e0000000, 0x00000000e8000000, 0x00000000e8000000)
  eden space 87424K, 100% used [0x00000000e0000000, 0x00000000e5560000, 0x00000000e5560000)
  from space 21824K,  45% used [0x00000000e6ab0000, 0x00000000e7465f50, 0x00000000e8000000)
  to   space 21824K,   0% used [0x00000000e5560000, 0x00000000e5560000, 0x00000000e6ab0000)
 concurrent mark-sweep generation total 393216K, used 14589K [0x00000000e8000000, 0x0000000100000000, 0x0000000100000000)
 Metaspace       used 34613K, capacity 35108K, committed 35296K, reserved 1081344K
  class space    used 3625K, capacity 3782K, committed 3836K, reserved 1048576K
2017-03-31T04:58:32.381+0200: 373.107: [GC (Allocation Failure) 2017-03-31T04:58:32.381+0200: 373.107: [ParNew
Desired survivor size 20112992 bytes, new threshold 8 (max 8)
- age   1:    4203208 bytes,    4203208 total
- age   2:    2346424 bytes,    6549632 total
- age   3:       8968 bytes,    6558600 total
- age   4:       8608 bytes,    6567208 total
- age   5:       6200 bytes,    6573408 total
- age   6:       2680 bytes,    6576088 total
- age   7:      11696 bytes,    6587784 total
- age   8:       8576 bytes,    6596360 total
: 97367K->8442K(109248K), 0.0221417 secs] 111957K->23035K(502464K), 0.0222106 secs] [Times: user=0.02 sys=0.00, real=0.01 secs] 
Heap after GC invocations=280 (full 1):
 par new generation   total 109248K, used 8442K [0x00000000e0000000, 0x00000000e8000000, 0x00000000e8000000)
  eden space 87424K,   0% used [0x00000000e0000000, 0x00000000e0000000, 0x00000000e5560000)
  from space 21824K,  38% used [0x00000000e5560000, 0x00000000e5d9eba8, 0x00000000e6ab0000)
  to   space 21824K,   0% used [0x00000000e6ab0000, 0x00000000e6ab0000, 0x00000000e8000000)
 concurrent mark-sweep generation total 393216K, used 14592K [0x00000000e8000000, 0x0000000100000000, 0x0000000100000000)
 Metaspace       used 34613K, capacity 35108K, committed 35296K, reserved 1081344K
  class space    used 3625K, capacity 3782K, committed 3836K, reserved 1048576K
}
2017-03-31T04:58:32.403+0200: 373.130: Total time for which application threads were stopped: 0.0223684 seconds, Stopping threads took: 0.0000341 seconds
{Heap before GC invocations=280 (full 1):
 par new generation   total 109248K, used 95866K [0x00000000e0000000, 0x00000000e8000000, 0x00000000e8000000)
  eden space 87424K, 100% used [0x00000000e0000000, 0x00000000e5560000, 0x00000000e5560000)
  from space 21824K,  38% used [0x00000000e5560000, 0x00000000e5d9eba8, 0x00000000e6ab0000)
  to   space 21824K,   0% used [0x00000000e6ab0000, 0x00000000e6ab0000, 0x00000000e8000000)
 concurrent mark-sweep generation total 393216K, used 14592K [0x00000000e8000000, 0x0000000100000000, 0x0000000100000000)
 Metaspace       used 34613K, capacity 35108K, committed 35296K, reserved 1081344K
  class space    used 3625K, capacity 3782K, committed 3836K, reserved 1048576K
2017-03-31T04:58:32.650+0200: 373.377: [GC (Allocation Failure) 2017-03-31T04:58:32.650+0200: 373.377: [ParNew
Desired survivor size 20112992 bytes, new threshold 8 (max 8)
- age   1:    3107752 bytes,    3107752 total
- age   2:    3789984 bytes,    6897736 total
- age   3:    2117344 bytes,    9015080 total
- age   4:       8296 bytes,    9023376 total
- age   5:       8608 bytes,    9031984 total
- age   6:       6200 bytes,    9038184 total
- age   7:       2680 bytes,    9040864 total
- age   8:       6264 bytes,    9047128 total
: 95866K->11738K(109248K), 0.0191790 secs] 110459K->26339K(502464K), 0.0192571 secs] [Times: user=0.02 sys=0.00, real=0.02 secs] 
Heap after GC invocations=281 (full 1):
 par new generation   total 109248K, used 11738K [0x00000000e0000000, 0x00000000e8000000, 0x00000000e8000000)
  eden space 87424K,   0% used [0x00000000e0000000, 0x00000000e0000000, 0x00000000e5560000)
  from space 21824K,  53% used [0x00000000e6ab0000, 0x00000000e76268f0, 0x00000000e8000000)
  to   space 21824K,   0% used [0x00000000e5560000, 0x00000000e5560000, 0x00000000e6ab0000)
 concurrent mark-sweep generation total 393216K, used 14600K [0x00000000e8000000, 0x0000000100000000, 0x0000000100000000)
 Metaspace       used 34613K, capacity 35108K, committed 35296K, reserved 1081344K
  class space    used 3625K, capacity 3782K, committed 3836K, reserved 1048576K
}
2017-03-31T04:58:32.669+0200: 373.396: Total time for which application threads were stopped: 0.0194400 seconds, Stopping threads took: 0.0000324 seconds
{Heap before GC invocations=281 (full 1):
 par new generation   total 109248K, used 99162K [0x00000000e0000000, 0x00000000e8000000, 0x00000000e8000000)
  eden space 87424K, 100% used [0x00000000e0000000, 0x00000000e5560000, 0x00000000e5560000)
  from space 21824K,  53% used [0x00000000e6ab0000, 0x00000000e76268f0, 0x00000000e8000000)
  to   space 21824K,   0% used [0x00000000e5560000, 0x00000000e5560000, 0x00000000e6ab0000)
 concurrent mark-sweep generation total 393216K, used 14600K [0x00000000e8000000, 0x0000000100000000, 0x0000000100000000)
 Metaspace       used 34613K, capacity 35108K, committed 35296K, reserved 1081344K
  class space    used 3625K, capacity 3782K, committed 3836K, reserved 1048576K
2017-03-31T04:58:33.064+0200: 373.791: [GC (Allocation Failure) 2017-03-31T04:58:33.064+0200: 373.791: [ParNew
Desired survivor size 20112992 bytes, new threshold 8 (max 8)
- age   1:    3768968 bytes,    3768968 total
- age   2:    2706616 bytes,    6475584 total
- age   3:    1216872 bytes,    7692456 total
- age   4:       6704 bytes,    7699160 total
- age   5:       8296 bytes,    7707456 total
- age   6:       8416 bytes,    7715872 total
- age   7:       6072 bytes,    7721944 total
- age   8:       2616 bytes,    7724560 total
: 99162K->10378K(109248K), 0.0186579 secs] 113763K->24986K(502464K), 0.0188258 secs] [Times: user=0.02 sys=0.00, real=0.02 secs] 
Heap after GC invocations=282 (full 1):
 par new generation   total 109248K, used 10378K [0x00000000e0000000, 0x00000000e8000000, 0x00000000e8000000)
  eden space 87424K,   0% used [0x00000000e0000000, 0x00000000e0000000, 0x00000000e5560000)
  from space 21824K,  47% used [0x00000000e5560000, 0x00000000e5f82bf0, 0x00000000e6ab0000)
  to   space 21824K,   0% used [0x00000000e6ab0000, 0x00000000e6ab0000, 0x00000000e8000000)
 concurrent mark-sweep generation total 393216K, used 14607K [0x00000000e8000000, 0x0000000100000000, 0x0000000100000000)
 Metaspace       used 34613K, capacity 35108K, committed 35296K, reserved 1081344K
  class space    used 3625K, capacity 3782K, committed 3836K, reserved 1048576K
}
2017-03-31T04:58:33.083+0200: 373.809: Total time for which application threads were stopped: 0.0190846 seconds, Stopping threads took: 0.0000822 seconds
{Heap before GC invocations=282 (full 1):
 par new generation   total 109248K, used 97802K [0x00000000e0000000, 0x00000000e8000000, 0x00000000e8000000)
  eden space 87424K, 100% used [0x00000000e0000000, 0x00000000e5560000, 0x00000000e5560000)
  from space 21824K,  47% used [0x00000000e5560000, 0x00000000e5f82bf0, 0x00000000e6ab0000)
  to   space 21824K,   0% used [0x00000000e6ab0000, 0x00000000e6ab0000, 0x00000000e8000000)
 concurrent mark-sweep generation total 393216K, used 14607K [0x00000000e8000000, 0x0000000100000000, 0x0000000100000000)
 Metaspace       used 34613K, capacity 35108K, committed 35296K, reserved 1081344K
  class space    used 3625K, capacity 3782K, committed 3836K, reserved 1048576K
2017-03-31T04:58:33.495+0200: 374.222: [GC (Allocation Failure) 2017-03-31T04:58:33.495+0200: 374.222: [ParNew
Desired survivor size 20112992 bytes, new threshold 8 (max 8)
- age   1:    4573296 bytes,    4573296 total
- age   2:    2407216 bytes,    6980512 total
- age   3:       3192 bytes,    6983704 total
- age   4:      12632 bytes,    6996336 total
- age   5:       6512 bytes,    7002848 total
- age   6:       8296 bytes,    7011144 total
- age   7:       8416 bytes,    7019560 total
- age   8:       6072 bytes,    7025632 total
: 97802K->8700K(109248K), 0.0275939 secs] 112410K->23309K(502464K), 0.0276737 secs] [Times: user=0.03 sys=0.00, real=0.03 secs] 
Heap after GC invocations=283 (full 1):
 par new generation   total 109248K, used 8700K [0x00000000e0000000, 0x00000000e8000000, 0x00000000e8000000)
  eden space 87424K,   0% used [0x00000000e0000000, 0x00000000e0000000, 0x00000000e5560000)
  from space 21824K,  39% used [0x00000000e6ab0000, 0x00000000e732f078, 0x00000000e8000000)
  to   space 21824K,   0% used [0x00000000e5560000, 0x00000000e5560000, 0x00000000e6ab0000)
 concurrent mark-sweep generation total 393216K, used 14609K [0x00000000e8000000, 0x0000000100000000, 0x0000000100000000)
 Metaspace       used 34613K, capacity 35108K, committed 35296K, reserved 1081344K
  class space    used 3625K, capacity 3782K, committed 3836K, reserved 1048576K
}
2017-03-31T04:58:33.523+0200: 374.249: Total time for which application threads were stopped: 0.0278637 seconds, Stopping threads took: 0.0000323 seconds
{Heap before GC invocations=283 (full 1):
 par new generation   total 109248K, used 96098K [0x00000000e0000000, 0x00000000e8000000, 0x00000000e8000000)
  eden space 87424K,  99% used [0x00000000e0000000, 0x00000000e5559908, 0x00000000e5560000)
  from space 21824K,  39% used [0x00000000e6ab0000, 0x00000000e732f078, 0x00000000e8000000)
  to   space 21824K,   0% used [0x00000000e5560000, 0x00000000e5560000, 0x00000000e6ab0000)
 concurrent mark-sweep generation total 393216K, used 14609K [0x00000000e8000000, 0x0000000100000000, 0x0000000100000000)
 Metaspace       used 34613K, capacity 35108K, committed 35296K, reserved 1081344K
  class space    used 3625K, capacity 3782K, committed 3836K, reserved 1048576K
2017-03-31T04:58:33.936+0200: 374.662: [GC (Allocation Failure) 2017-03-31T04:58:33.936+0200: 374.662: [ParNew
Desired survivor size 20112992 bytes, new threshold 8 (max 8)
- age   1:    3464888 bytes,    3464888 total
- age   2:    1958968 bytes,    5423856 total
- age   3:      14568 bytes,    5438424 total
- age   4:       3192 bytes,    5441616 total
- age   5:       7200 bytes,    5448816 total
- age   6:       6512 bytes,    5455328 total
- age   7:       8296 bytes,    5463624 total
- age   8:       8416 bytes,    5472040 total
: 96098K->9168K(109248K), 0.0146044 secs] 110707K->23784K(502464K), 0.0146667 secs] [Times: user=0.01 sys=0.00, real=0.01 secs] 
Heap after GC invocations=284 (full 1):
 par new generation   total 109248K, used 9168K [0x00000000e0000000, 0x00000000e8000000, 0x00000000e8000000)
  eden space 87424K,   0% used [0x00000000e0000000, 0x00000000e0000000, 0x00000000e5560000)
  from space 21824K,  42% used [0x00000000e5560000, 0x00000000e5e542a0, 0x00000000e6ab0000)
  to   space 21824K,   0% used [0x00000000e6ab0000, 0x00000000e6ab0000, 0x00000000e8000000)
 concurrent mark-sweep generation total 393216K, used 14615K [0x00000000e8000000, 0x0000000100000000, 0x0000000100000000)
 Metaspace       used 34613K, capacity 35108K, committed 35296K, reserved 1081344K
  class space    used 3625K, capacity 3782K, committed 3836K, reserved 1048576K
}
2017-03-31T04:58:33.951+0200: 374.677: Total time for which application threads were stopped: 0.0148455 seconds, Stopping threads took: 0.0000296 seconds
{Heap before GC invocations=284 (full 1):
 par new generation   total 109248K, used 96592K [0x00000000e0000000, 0x00000000e8000000, 0x00000000e8000000)
  eden space 87424K, 100% used [0x00000000e0000000, 0x00000000e5560000, 0x00000000e5560000)
  from space 21824K,  42% used [0x00000000e5560000, 0x00000000e5e542a0, 0x00000000e6ab0000)
  to   space 21824K,   0% used [0x00000000e6ab0000, 0x00000000e6ab0000, 0x00000000e8000000)
 concurrent mark-sweep generation total 393216K, used 14615K [0x00000000e8000000, 0x0000000100000000, 0x0000000100000000)
 Metaspace       used 34613K, capacity 35108K, committed 35296K, reserved 1081344K
  class space    used 3625K, capacity 3782K, committed 3836K, reserved 1048576K
2017-03-31T04:58:34.237+0200: 374.963: [GC (Allocation Failure) 2017-03-31T04:58:34.237+0200: 374.963: [ParNew
Desired survivor size 20112992 bytes, new threshold 8 (max 8)
- age   1:    3397112 bytes,    3397112 total
- age   2:    2932384 bytes,    6329496 total
- age   3:    1640232 bytes,    7969728 total
- age   4:       5480 bytes,    7975208 total
- age   5:       3192 bytes,    7978400 total
- age   6:       7200 bytes,    7985600 total
- age   7:       6512 bytes,    7992112 total
- age   8:       8296 bytes,    8000408 total
: 96592K->10024K(109248K), 0.0276342 secs] 111208K->24648K(502464K), 0.0277157 secs] [Times: user=0.02 sys=0.00, real=0.03 secs] 
Heap after GC invocations=285 (full 1):
 par new generation   total 109248K, used 10024K [0x00000000e0000000, 0x00000000e8000000, 0x00000000e8000000)
  eden space 87424K,   0% used [0x00000000e0000000, 0x00000000e0000000, 0x00000000e5560000)
  from space 21824K,  45% used [0x00000000e6ab0000, 0x00000000e747a0e0, 0x00000000e8000000)
  to   space 21824K,   0% used [0x00000000e5560000, 0x00000000e5560000, 0x00000000e6ab0000)
 concurrent mark-sweep generation total 393216K, used 14623K [0x00000000e8000000, 0x0000000100000000, 0x0000000100000000)
 Metaspace       used 34613K, capacity 35108K, committed 35296K, reserved 1081344K
  class space    used 3625K, capacity 3782K, committed 3836K, reserved 1048576K
}
2017-03-31T04:58:34.264+0200: 374.991: Total time for which application threads were stopped: 0.0278962 seconds, Stopping threads took: 0.0000345 seconds
{Heap before GC invocations=285 (full 1):
 par new generation   total 109248K, used 97448K [0x00000000e0000000, 0x00000000e8000000, 0x00000000e8000000)
  eden space 87424K, 100% used [0x00000000e0000000, 0x00000000e5560000, 0x00000000e5560000)
  from space 21824K,  45% used [0x00000000e6ab0000, 0x00000000e747a0e0, 0x00000000e8000000)
  to   space 21824K,   0% used [0x00000000e5560000, 0x00000000e5560000, 0x00000000e6ab0000)
 concurrent mark-sweep generation total 393216K, used 14623K [0x00000000e8000000, 0x0000000100000000, 0x0000000100000000)
 Metaspace       used 34613K, capacity 35108K, committed 35296K, reserved 1081344K
  class space    used 3625K, capacity 3782K, committed 3836K, reserved 1048576K
2017-03-31T04:58:34.694+0200: 375.420: [GC (Allocation Failure) 2017-03-31T04:58:34.694+0200: 375.420: [ParNew
Desired survivor size 20112992 bytes, new threshold 8 (max 8)
- age   1:    4460200 bytes,    4460200 total
- age   2:    2888176 bytes,    7348376 total
- age   3:       5720 bytes,    7354096 total
- age   4:      12608 bytes,    7366704 total
- age   5:       5288 bytes,    7371992 total
- age   6:       3192 bytes,    7375184 total
- age   7:       7176 bytes,    7382360 total
- age   8:       6488 bytes,    7388848 total
: 97448K->11507K(109248K), 0.0193060 secs] 112072K->26134K(502464K), 0.0194543 secs] [Times: user=0.02 sys=0.00, real=0.02 secs] 
Heap after GC invocations=286 (full 1):
 par new generation   total 109248K, used 11507K [0x00000000e0000000, 0x00000000e8000000, 0x00000000e8000000)
  eden space 87424K,   0% used [0x00000000e0000000, 0x00000000e0000000, 0x00000000e5560000)
  from space 21824K,  52% used [0x00000000e5560000, 0x00000000e609ce08, 0x00000000e6ab0000)
  to   space 21824K,   0% used [0x00000000e6ab0000, 0x00000000e6ab0000, 0x00000000e8000000)
 concurrent mark-sweep generation total 393216K, used 14626K [0x00000000e8000000, 0x0000000100000000, 0x0000000100000000)
 Metaspace       used 34613K, capacity 35108K, committed 35296K, reserved 1081344K
  class space    used 3625K, capacity 3782K, committed 3836K, reserved 1048576K
}
2017-03-31T04:58:34.713+0200: 375.439: Total time for which application threads were stopped: 0.0198125 seconds, Stopping threads took: 0.0000556 seconds
{Heap before GC invocations=286 (full 1):
 par new generation   total 109248K, used 98931K [0x00000000e0000000, 0x00000000e8000000, 0x00000000e8000000)
  eden space 87424K, 100% used [0x00000000e0000000, 0x00000000e5560000, 0x00000000e5560000)
  from space 21824K,  52% used [0x00000000e5560000, 0x00000000e609ce08, 0x00000000e6ab0000)
  to   space 21824K,   0% used [0x00000000e6ab0000, 0x00000000e6ab0000, 0x00000000e8000000)
 concurrent mark-sweep generation total 393216K, used 14626K [0x00000000e8000000, 0x0000000100000000, 0x0000000100000000)
 Metaspace       used 34613K, capacity 35108K, committed 35296K, reserved 1081344K
  class space    used 3625K, capacity 3782K, committed 3836K, reserved 1048576K
2017-03-31T04:58:35.274+0200: 376.000: [GC (Allocation Failure) 2017-03-31T04:58:35.274+0200: 376.000: [ParNew
Desired survivor size 20112992 bytes, new threshold 8 (max 8)
- age   1:    4188712 bytes,    4188712 total
- age   2:    2123352 bytes,    6312064 total
- age   3:      10288 bytes,    6322352 total
- age   4:       5528 bytes,    6327880 total
- age   5:      12608 bytes,    6340488 total
- age   6:       5288 bytes,    6345776 total
- age   7:       3192 bytes,    6348968 total
- age   8:       7152 bytes,    6356120 total
: 98931K->8619K(109248K), 0.0187052 secs] 113558K->23252K(502464K), 0.0187746 secs] [Times: user=0.02 sys=0.00, real=0.02 secs] 
Heap after GC invocations=287 (full 1):
 par new generation   total 109248K, used 8619K [0x00000000e0000000, 0x00000000e8000000, 0x00000000e8000000)
  eden space 87424K,   0% used [0x00000000e0000000, 0x00000000e0000000, 0x00000000e5560000)
  from space 21824K,  39% used [0x00000000e6ab0000, 0x00000000e731ae70, 0x00000000e8000000)
  to   space 21824K,   0% used [0x00000000e5560000, 0x00000000e5560000, 0x00000000e6ab0000)
 concurrent mark-sweep generation total 393216K, used 14633K [0x00000000e8000000, 0x0000000100000000, 0x0000000100000000)
 Metaspace       used 34613K, capacity 35108K, committed 35296K, reserved 1081344K
  class space    used 3625K, capacity 3782K, committed 3836K, reserved 1048576K
}
2017-03-31T04:58:35.293+0200: 376.019: Total time for which application threads were stopped: 0.0189443 seconds, Stopping threads took: 0.0000422 seconds
{Heap before GC invocations=287 (full 1):
 par new generation   total 109248K, used 96043K [0x00000000e0000000, 0x00000000e8000000, 0x00000000e8000000)
  eden space 87424K, 100% used [0x00000000e0000000, 0x00000000e5560000, 0x00000000e5560000)
  from space 21824K,  39% used [0x00000000e6ab0000, 0x00000000e731ae70, 0x00000000e8000000)
  to   space 21824K,   0% used [0x00000000e5560000, 0x00000000e5560000, 0x00000000e6ab0000)
 concurrent mark-sweep generation total 393216K, used 14633K [0x00000000e8000000, 0x0000000100000000, 0x0000000100000000)
 Metaspace       used 34613K, capacity 35108K, committed 35296K, reserved 1081344K
  class space    used 3625K, capacity 3782K, committed 3836K, reserved 1048576K
2017-03-31T04:58:35.619+0200: 376.345: [GC (Allocation Failure) 2017-03-31T04:58:35.619+0200: 376.345: [ParNew
Desired survivor size 20112992 bytes, new threshold 8 (max 8)
- age   1:    3401512 bytes,    3401512 total
- age   2:    3812696 bytes,    7214208 total
- age   3:    1891776 bytes,    9105984 total
- age   4:       9600 bytes,    9115584 total
- age   5:       5528 bytes,    9121112 total
- age   6:       7176 bytes,    9128288 total
- age   7:       5288 bytes,    9133576 total
- age   8:       3192 bytes,    9136768 total
: 96043K->11163K(109248K), 0.0240313 secs] 110676K->25803K(502464K), 0.0241098 secs] [Times: user=0.03 sys=0.00, real=0.02 secs] 
Heap after GC invocations=288 (full 1):
 par new generation   total 109248K, used 11163K [0x00000000e0000000, 0x00000000e8000000, 0x00000000e8000000)
  eden space 87424K,   0% used [0x00000000e0000000, 0x00000000e0000000, 0x00000000e5560000)
  from space 21824K,  51% used [0x00000000e5560000, 0x00000000e6046f30, 0x00000000e6ab0000)
  to   space 21824K,   0% used [0x00000000e6ab0000, 0x00000000e6ab0000, 0x00000000e8000000)
 concurrent mark-sweep generation total 393216K, used 14640K [0x00000000e8000000, 0x0000000100000000, 0x0000000100000000)
 Metaspace       used 34613K, capacity 35108K, committed 35296K, reserved 1081344K
  class space    used 3625K, capacity 3782K, committed 3836K, reserved 1048576K
}
2017-03-31T04:58:35.643+0200: 376.369: Total time for which application threads were stopped: 0.0243109 seconds, Stopping threads took: 0.0000362 seconds
{Heap before GC invocations=288 (full 1):
 par new generation   total 109248K, used 98571K [0x00000000e0000000, 0x00000000e8000000, 0x00000000e8000000)
  eden space 87424K,  99% used [0x00000000e0000000, 0x00000000e555bf90, 0x00000000e5560000)
  from space 21824K,  51% used [0x00000000e5560000, 0x00000000e6046f30, 0x00000000e6ab0000)
  to   space 21824K,   0% used [0x00000000e6ab0000, 0x00000000e6ab0000, 0x00000000e8000000)
 concurrent mark-sweep generation total 393216K, used 14640K [0x00000000e8000000, 0x0000000100000000, 0x0000000100000000)
 Metaspace       used 34613K, capacity 35108K, committed 35296K, reserved 1081344K
  class space    used 3625K, capacity 3782K, committed 3836K, reserved 1048576K
2017-03-31T04:58:36.168+0200: 376.894: [GC (Allocation Failure) 2017-03-31T04:58:36.168+0200: 376.894: [ParNew
Desired survivor size 20112992 bytes, new threshold 8 (max 8)
- age   1:    3719360 bytes,    3719360 total
- age   2:    2871464 bytes,    6590824 total
- age   3:    1055168 bytes,    7645992 total
- age   4:       6784 bytes,    7652776 total
- age   5:       9600 bytes,    7662376 total
- age   6:       5528 bytes,    7667904 total
- age   7:       6984 bytes,    7674888 total
- age   8:       5288 bytes,    7680176 total
: 98571K->13106K(109248K), 0.0321514 secs] 113211K->27749K(502464K), 0.0322316 secs] [Times: user=0.03 sys=0.00, real=0.04 secs] 
Heap after GC invocations=289 (full 1):
 par new generation   total 109248K, used 13106K [0x00000000e0000000, 0x00000000e8000000, 0x00000000e8000000)
  eden space 87424K,   0% used [0x00000000e0000000, 0x00000000e0000000, 0x00000000e5560000)
  from space 21824K,  60% used [0x00000000e6ab0000, 0x00000000e777c9d8, 0x00000000e8000000)
  to   space 21824K,   0% used [0x00000000e5560000, 0x00000000e5560000, 0x00000000e6ab0000)
 concurrent mark-sweep generation total 393216K, used 14643K [0x00000000e8000000, 0x0000000100000000, 0x0000000100000000)
 Metaspace       used 34613K, capacity 35108K, committed 35296K, reserved 1081344K
  class space    used 3625K, capacity 3782K, committed 3836K, reserved 1048576K
}
2017-03-31T04:58:36.200+0200: 376.927: Total time for which application threads were stopped: 0.0324158 seconds, Stopping threads took: 0.0000328 seconds
{Heap before GC invocations=289 (full 1):
 par new generation   total 109248K, used 100530K [0x00000000e0000000, 0x00000000e8000000, 0x00000000e8000000)
  eden space 87424K, 100% used [0x00000000e0000000, 0x00000000e5560000, 0x00000000e5560000)
  from space 21824K,  60% used [0x00000000e6ab0000, 0x00000000e777c9d8, 0x00000000e8000000)
  to   space 21824K,   0% used [0x00000000e5560000, 0x00000000e5560000, 0x00000000e6ab0000)
 concurrent mark-sweep generation total 393216K, used 14643K [0x00000000e8000000, 0x0000000100000000, 0x0000000100000000)
 Metaspace       used 34613K, capacity 35108K, committed 35296K, reserved 1081344K
  class space    used 3625K, capacity 3782K, committed 3836K, reserved 1048576K
2017-03-31T04:58:36.715+0200: 377.442: [GC (Allocation Failure) 2017-03-31T04:58:36.715+0200: 377.442: [ParNew
Desired survivor size 20112992 bytes, new threshold 8 (max 8)
- age   1:    4243008 bytes,    4243008 total
- age   2:    2506936 bytes,    6749944 total
- age   3:       8616 bytes,    6758560 total
- age   4:       6440 bytes,    6765000 total
- age   5:       6400 bytes,    6771400 total
- age   6:       4152 bytes,    6775552 total
- age   7:       5336 bytes,    6780888 total
- age   8:       6960 bytes,    6787848 total
: 100530K->9368K(109248K), 0.0413479 secs] 115173K->24016K(502464K), 0.0414738 secs] [Times: user=0.04 sys=0.00, real=0.05 secs] 
Heap after GC invocations=290 (full 1):
 par new generation   total 109248K, used 9368K [0x00000000e0000000, 0x00000000e8000000, 0x00000000e8000000)
  eden space 87424K,   0% used [0x00000000e0000000, 0x00000000e0000000, 0x00000000e5560000)
  from space 21824K,  42% used [0x00000000e5560000, 0x00000000e5e861c0, 0x00000000e6ab0000)
  to   space 21824K,   0% used [0x00000000e6ab0000, 0x00000000e6ab0000, 0x00000000e8000000)
 concurrent mark-sweep generation total 393216K, used 14648K [0x00000000e8000000, 0x0000000100000000, 0x0000000100000000)
 Metaspace       used 34613K, capacity 35108K, committed 35296K, reserved 1081344K
  class space    used 3625K, capacity 3782K, committed 3836K, reserved 1048576K
}
2017-03-31T04:58:36.757+0200: 377.483: Total time for which application threads were stopped: 0.0416346 seconds, Stopping threads took: 0.0000343 seconds
{Heap before GC invocations=290 (full 1):
 par new generation   total 109248K, used 96792K [0x00000000e0000000, 0x00000000e8000000, 0x00000000e8000000)
  eden space 87424K, 100% used [0x00000000e0000000, 0x00000000e5560000, 0x00000000e5560000)
  from space 21824K,  42% used [0x00000000e5560000, 0x00000000e5e861c0, 0x00000000e6ab0000)
  to   space 21824K,   0% used [0x00000000e6ab0000, 0x00000000e6ab0000, 0x00000000e8000000)
 concurrent mark-sweep generation total 393216K, used 14648K [0x00000000e8000000, 0x0000000100000000, 0x0000000100000000)
 Metaspace       used 34613K, capacity 35108K, committed 35296K, reserved 1081344K
  class space    used 3625K, capacity 3782K, committed 3836K, reserved 1048576K
2017-03-31T04:58:37.082+0200: 377.808: [GC (Allocation Failure) 2017-03-31T04:58:37.082+0200: 377.808: [ParNew
Desired survivor size 20112992 bytes, new threshold 8 (max 8)
- age   1:    2314072 bytes,    2314072 total
- age   2:    3880032 bytes,    6194104 total
- age   3:    2280680 bytes,    8474784 total
- age   4:       8616 bytes,    8483400 total
- age   5:       6440 bytes,    8489840 total
- age   6:       6400 bytes,    8496240 total
- age   7:       4152 bytes,    8500392 total
- age   8:       5336 bytes,    8505728 total
: 96792K->11123K(109248K), 0.0229801 secs] 111440K->25778K(502464K), 0.0230425 secs] [Times: user=0.02 sys=0.01, real=0.02 secs] 
Heap after GC invocations=291 (full 1):
 par new generation   total 109248K, used 11123K [0x00000000e0000000, 0x00000000e8000000, 0x00000000e8000000)
  eden space 87424K,   0% used [0x00000000e0000000, 0x00000000e0000000, 0x00000000e5560000)
  from space 21824K,  50% used [0x00000000e6ab0000, 0x00000000e758ce20, 0x00000000e8000000)
  to   space 21824K,   0% used [0x00000000e5560000, 0x00000000e5560000, 0x00000000e6ab0000)
 concurrent mark-sweep generation total 393216K, used 14655K [0x00000000e8000000, 0x0000000100000000, 0x0000000100000000)
 Metaspace       used 34613K, capacity 35108K, committed 35296K, reserved 1081344K
  class space    used 3625K, capacity 3782K, committed 3836K, reserved 1048576K
}
2017-03-31T04:58:37.105+0200: 377.831: Total time for which application threads were stopped: 0.0305902 seconds, Stopping threads took: 0.0073913 seconds
{Heap before GC invocations=291 (full 1):
 par new generation   total 109248K, used 98547K [0x00000000e0000000, 0x00000000e8000000, 0x00000000e8000000)
  eden space 87424K, 100% used [0x00000000e0000000, 0x00000000e5560000, 0x00000000e5560000)
  from space 21824K,  50% used [0x00000000e6ab0000, 0x00000000e758ce20, 0x00000000e8000000)
  to   space 21824K,   0% used [0x00000000e5560000, 0x00000000e5560000, 0x00000000e6ab0000)
 concurrent mark-sweep generation total 393216K, used 14655K [0x00000000e8000000, 0x0000000100000000, 0x0000000100000000)
 Metaspace       used 34613K, capacity 35108K, committed 35296K, reserved 1081344K
  class space    used 3625K, capacity 3782K, committed 3836K, reserved 1048576K
2017-03-31T04:58:37.586+0200: 378.313: [GC (Allocation Failure) 2017-03-31T04:58:37.586+0200: 378.313: [ParNew
Desired survivor size 20112992 bytes, new threshold 8 (max 8)
- age   1:    4305232 bytes,    4305232 total
- age   2:    1848408 bytes,    6153640 total
- age   3:    1507016 bytes,    7660656 total
- age   4:      11392 bytes,    7672048 total
- age   5:       8616 bytes,    7680664 total
- age   6:       6440 bytes,    7687104 total
- age   7:       6400 bytes,    7693504 total
- age   8:       4152 bytes,    7697656 total
: 98547K->9926K(109248K), 0.0482583 secs] 113202K->24586K(502464K), 0.0483469 secs] [Times: user=0.04 sys=0.00, real=0.05 secs] 
Heap after GC invocations=292 (full 1):
 par new generation   total 109248K, used 9926K [0x00000000e0000000, 0x00000000e8000000, 0x00000000e8000000)
  eden space 87424K,   0% used [0x00000000e0000000, 0x00000000e0000000, 0x00000000e5560000)
  from space 21824K,  45% used [0x00000000e5560000, 0x00000000e5f119a0, 0x00000000e6ab0000)
  to   space 21824K,   0% used [0x00000000e6ab0000, 0x00000000e6ab0000, 0x00000000e8000000)
 concurrent mark-sweep generation total 393216K, used 14660K [0x00000000e8000000, 0x0000000100000000, 0x0000000100000000)
 Metaspace       used 34613K, capacity 35108K, committed 35296K, reserved 1081344K
  class space    used 3625K, capacity 3782K, committed 3836K, reserved 1048576K
}
2017-03-31T04:58:37.635+0200: 378.361: Total time for which application threads were stopped: 0.0485281 seconds, Stopping threads took: 0.0000372 seconds
{Heap before GC invocations=292 (full 1):
 par new generation   total 109248K, used 97350K [0x00000000e0000000, 0x00000000e8000000, 0x00000000e8000000)
  eden space 87424K, 100% used [0x00000000e0000000, 0x00000000e5560000, 0x00000000e5560000)
  from space 21824K,  45% used [0x00000000e5560000, 0x00000000e5f119a0, 0x00000000e6ab0000)
  to   space 21824K,   0% used [0x00000000e6ab0000, 0x00000000e6ab0000, 0x00000000e8000000)
 concurrent mark-sweep generation total 393216K, used 14660K [0x00000000e8000000, 0x0000000100000000, 0x0000000100000000)
 Metaspace       used 34613K, capacity 35108K, committed 35296K, reserved 1081344K
  class space    used 3625K, capacity 3782K, committed 3836K, reserved 1048576K
2017-03-31T04:58:38.147+0200: 378.873: [GC (Allocation Failure) 2017-03-31T04:58:38.147+0200: 378.873: [ParNew
Desired survivor size 20112992 bytes, new threshold 8 (max 8)
- age   1:    4355912 bytes,    4355912 total
- age   2:    2512552 bytes,    6868464 total
- age   3:       2296 bytes,    6870760 total
- age   4:       6808 bytes,    6877568 total
- age   5:      11200 bytes,    6888768 total
- age   6:       3168 bytes,    6891936 total
- age   7:       6440 bytes,    6898376 total
- age   8:       6400 bytes,    6904776 total
: 97350K->9528K(109248K), 0.0314247 secs] 112010K->24193K(502464K), 0.0314955 secs] [Times: user=0.03 sys=0.00, real=0.04 secs] 
Heap after GC invocations=293 (full 1):
 par new generation   total 109248K, used 9528K [0x00000000e0000000, 0x00000000e8000000, 0x00000000e8000000)
  eden space 87424K,   0% used [0x00000000e0000000, 0x00000000e0000000, 0x00000000e5560000)
  from space 21824K,  43% used [0x00000000e6ab0000, 0x00000000e73fe3f0, 0x00000000e8000000)
  to   space 21824K,   0% used [0x00000000e5560000, 0x00000000e5560000, 0x00000000e6ab0000)
 concurrent mark-sweep generation total 393216K, used 14664K [0x00000000e8000000, 0x0000000100000000, 0x0000000100000000)
 Metaspace       used 34613K, capacity 35108K, committed 35296K, reserved 1081344K
  class space    used 3625K, capacity 3782K, committed 3836K, reserved 1048576K
}
2017-03-31T04:58:38.178+0200: 378.905: Total time for which application threads were stopped: 0.0316639 seconds, Stopping threads took: 0.0000375 seconds
{Heap before GC invocations=293 (full 1):
 par new generation   total 109248K, used 96952K [0x00000000e0000000, 0x00000000e8000000, 0x00000000e8000000)
  eden space 87424K, 100% used [0x00000000e0000000, 0x00000000e5560000, 0x00000000e5560000)
  from space 21824K,  43% used [0x00000000e6ab0000, 0x00000000e73fe3f0, 0x00000000e8000000)
  to   space 21824K,   0% used [0x00000000e5560000, 0x00000000e5560000, 0x00000000e6ab0000)
 concurrent mark-sweep generation total 393216K, used 14664K [0x00000000e8000000, 0x0000000100000000, 0x0000000100000000)
 Metaspace       used 34613K, capacity 35108K, committed 35296K, reserved 1081344K
  class space    used 3625K, capacity 3782K, committed 3836K, reserved 1048576K
2017-03-31T04:58:38.574+0200: 379.300: [GC (Allocation Failure) 2017-03-31T04:58:38.574+0200: 379.300: [ParNew
Desired survivor size 20112992 bytes, new threshold 8 (max 8)
- age   1:    3359880 bytes,    3359880 total
- age   2:    1972784 bytes,    5332664 total
- age   3:      15168 bytes,    5347832 total
- age   4:       2296 bytes,    5350128 total
- age   5:       6808 bytes,    5356936 total
- age   6:      11200 bytes,    5368136 total
- age   7:       3168 bytes,    5371304 total
- age   8:       6440 bytes,    5377744 total
: 96952K->7833K(109248K), 0.0246588 secs] 111617K->22504K(502464K), 0.0247351 secs] [Times: user=0.03 sys=0.00, real=0.03 secs] 
Heap after GC invocations=294 (full 1):
 par new generation   total 109248K, used 7833K [0x00000000e0000000, 0x00000000e8000000, 0x00000000e8000000)
  eden space 87424K,   0% used [0x00000000e0000000, 0x00000000e0000000, 0x00000000e5560000)
  from space 21824K,  35% used [0x00000000e5560000, 0x00000000e5d06580, 0x00000000e6ab0000)
  to   space 21824K,   0% used [0x00000000e6ab0000, 0x00000000e6ab0000, 0x00000000e8000000)
 concurrent mark-sweep generation total 393216K, used 14670K [0x00000000e8000000, 0x0000000100000000, 0x0000000100000000)
 Metaspace       used 34613K, capacity 35108K, committed 35296K, reserved 1081344K
  class space    used 3625K, capacity 3782K, committed 3836K, reserved 1048576K
}
2017-03-31T04:58:38.598+0200: 379.325: Total time for which application threads were stopped: 0.0249224 seconds, Stopping threads took: 0.0000345 seconds
{Heap before GC invocations=294 (full 1):
 par new generation   total 109248K, used 95257K [0x00000000e0000000, 0x00000000e8000000, 0x00000000e8000000)
  eden space 87424K, 100% used [0x00000000e0000000, 0x00000000e5560000, 0x00000000e5560000)
  from space 21824K,  35% used [0x00000000e5560000, 0x00000000e5d06580, 0x00000000e6ab0000)
  to   space 21824K,   0% used [0x00000000e6ab0000, 0x00000000e6ab0000, 0x00000000e8000000)
 concurrent mark-sweep generation total 393216K, used 14670K [0x00000000e8000000, 0x0000000100000000, 0x0000000100000000)
 Metaspace       used 34613K, capacity 35108K, committed 35296K, reserved 1081344K
  class space    used 3625K, capacity 3782K, committed 3836K, reserved 1048576K
2017-03-31T04:58:39.023+0200: 379.749: [GC (Allocation Failure) 2017-03-31T04:58:39.023+0200: 379.749: [ParNew
Desired survivor size 20112992 bytes, new threshold 8 (max 8)
- age   1:    3588368 bytes,    3588368 total
- age   2:    2792904 bytes,    6381272 total
- age   3:    1581392 bytes,    7962664 total
- age   4:       6016 bytes,    7968680 total
- age   5:       2296 bytes,    7970976 total
- age   6:       6808 bytes,    7977784 total
- age   7:      11200 bytes,    7988984 total
- age   8:       3168 bytes,    7992152 total
: 95257K->9939K(109248K), 0.0354325 secs] 109928K->24616K(502464K), 0.0355226 secs] [Times: user=0.03 sys=0.00, real=0.04 secs] 
Heap after GC invocations=295 (full 1):
 par new generation   total 109248K, used 9939K [0x00000000e0000000, 0x00000000e8000000, 0x00000000e8000000)
  eden space 87424K,   0% used [0x00000000e0000000, 0x00000000e0000000, 0x00000000e5560000)
  from space 21824K,  45% used [0x00000000e6ab0000, 0x00000000e7464cf0, 0x00000000e8000000)
  to   space 21824K,   0% used [0x00000000e5560000, 0x00000000e5560000, 0x00000000e6ab0000)
 concurrent mark-sweep generation total 393216K, used 14677K [0x00000000e8000000, 0x0000000100000000, 0x0000000100000000)
 Metaspace       used 34613K, capacity 35108K, committed 35296K, reserved 1081344K
  class space    used 3625K, capacity 3782K, committed 3836K, reserved 1048576K
}
2017-03-31T04:58:39.058+0200: 379.785: Total time for which application threads were stopped: 0.0357039 seconds, Stopping threads took: 0.0000342 seconds
{Heap before GC invocations=295 (full 1):
 par new generation   total 109248K, used 97346K [0x00000000e0000000, 0x00000000e8000000, 0x00000000e8000000)
  eden space 87424K,  99% used [0x00000000e0000000, 0x00000000e555bd00, 0x00000000e5560000)
  from space 21824K,  45% used [0x00000000e6ab0000, 0x00000000e7464cf0, 0x00000000e8000000)
  to   space 21824K,   0% used [0x00000000e5560000, 0x00000000e5560000, 0x00000000e6ab0000)
 concurrent mark-sweep generation total 393216K, used 14677K [0x00000000e8000000, 0x0000000100000000, 0x0000000100000000)
 Metaspace       used 34613K, capacity 35108K, committed 35296K, reserved 1081344K
  class space    used 3625K, capacity 3782K, committed 3836K, reserved 1048576K
2017-03-31T04:58:39.594+0200: 380.320: [GC (Allocation Failure) 2017-03-31T04:58:39.594+0200: 380.320: [ParNew
Desired survivor size 20112992 bytes, new threshold 8 (max 8)
- age   1:    4548048 bytes,    4548048 total
- age   2:    2697416 bytes,    7245464 total
- age   3:       3904 bytes,    7249368 total
- age   4:      13144 bytes,    7262512 total
- age   5:       6016 bytes,    7268528 total
- age   6:       2296 bytes,    7270824 total
- age   7:       6784 bytes,    7277608 total
- age   8:      10992 bytes,    7288600 total
: 97346K->11486K(109248K), 0.0263777 secs] 112023K->26166K(502464K), 0.0264478 secs] [Times: user=0.02 sys=0.00, real=0.03 secs] 
Heap after GC invocations=296 (full 1):
 par new generation   total 109248K, used 11486K [0x00000000e0000000, 0x00000000e8000000, 0x00000000e8000000)
  eden space 87424K,   0% used [0x00000000e0000000, 0x00000000e0000000, 0x00000000e5560000)
  from space 21824K,  52% used [0x00000000e5560000, 0x00000000e6097928, 0x00000000e6ab0000)
  to   space 21824K,   0% used [0x00000000e6ab0000, 0x00000000e6ab0000, 0x00000000e8000000)
 concurrent mark-sweep generation total 393216K, used 14680K [0x00000000e8000000, 0x0000000100000000, 0x0000000100000000)
 Metaspace       used 34613K, capacity 35108K, committed 35296K, reserved 1081344K
  class space    used 3625K, capacity 3782K, committed 3836K, reserved 1048576K
}
2017-03-31T04:58:39.620+0200: 380.347: Total time for which application threads were stopped: 0.0266213 seconds, Stopping threads took: 0.0000353 seconds
{Heap before GC invocations=296 (full 1):
 par new generation   total 109248K, used 98910K [0x00000000e0000000, 0x00000000e8000000, 0x00000000e8000000)
  eden space 87424K, 100% used [0x00000000e0000000, 0x00000000e5560000, 0x00000000e5560000)
  from space 21824K,  52% used [0x00000000e5560000, 0x00000000e6097928, 0x00000000e6ab0000)
  to   space 21824K,   0% used [0x00000000e6ab0000, 0x00000000e6ab0000, 0x00000000e8000000)
 concurrent mark-sweep generation total 393216K, used 14680K [0x00000000e8000000, 0x0000000100000000, 0x0000000100000000)
 Metaspace       used 34613K, capacity 35108K, committed 35296K, reserved 1081344K
  class space    used 3625K, capacity 3782K, committed 3836K, reserved 1048576K
2017-03-31T04:58:40.084+0200: 380.810: [GC (Allocation Failure) 2017-03-31T04:58:40.084+0200: 380.810: [ParNew
Desired survivor size 20112992 bytes, new threshold 8 (max 8)
- age   1:    3772448 bytes,    3772448 total
- age   2:    2236840 bytes,    6009288 total
- age   3:       4808 bytes,    6014096 total
- age   4:       3776 bytes,    6017872 total
- age   5:      12128 bytes,    6030000 total
- age   6:       5888 bytes,    6035888 total
- age   7:       2296 bytes,    6038184 total
- age   8:       6632 bytes,    6044816 total
: 98910K->7695K(109248K), 0.0291810 secs] 113590K->22387K(502464K), 0.0292498 secs] [Times: user=0.02 sys=0.01, real=0.02 secs] 
Heap after GC invocations=297 (full 1):
 par new generation   total 109248K, used 7695K [0x00000000e0000000, 0x00000000e8000000, 0x00000000e8000000)
  eden space 87424K,   0% used [0x00000000e0000000, 0x00000000e0000000, 0x00000000e5560000)
  from space 21824K,  35% used [0x00000000e6ab0000, 0x00000000e7233f18, 0x00000000e8000000)
  to   space 21824K,   0% used [0x00000000e5560000, 0x00000000e5560000, 0x00000000e6ab0000)
 concurrent mark-sweep generation total 393216K, used 14691K [0x00000000e8000000, 0x0000000100000000, 0x0000000100000000)
 Metaspace       used 34613K, capacity 35108K, committed 35296K, reserved 1081344K
  class space    used 3625K, capacity 3782K, committed 3836K, reserved 1048576K
}
2017-03-31T04:58:40.113+0200: 380.840: Total time for which application threads were stopped: 0.0318885 seconds, Stopping threads took: 0.0024870 seconds
{Heap before GC invocations=297 (full 1):
 par new generation   total 109248K, used 95119K [0x00000000e0000000, 0x00000000e8000000, 0x00000000e8000000)
  eden space 87424K, 100% used [0x00000000e0000000, 0x00000000e5560000, 0x00000000e5560000)
  from space 21824K,  35% used [0x00000000e6ab0000, 0x00000000e7233f18, 0x00000000e8000000)
  to   space 21824K,   0% used [0x00000000e5560000, 0x00000000e5560000, 0x00000000e6ab0000)
 concurrent mark-sweep generation total 393216K, used 14691K [0x00000000e8000000, 0x0000000100000000, 0x0000000100000000)
 Metaspace       used 34613K, capacity 35108K, committed 35296K, reserved 1081344K
  class space    used 3625K, capacity 3782K, committed 3836K, reserved 1048576K
2017-03-31T04:58:40.476+0200: 381.203: [GC (Allocation Failure) 2017-03-31T04:58:40.476+0200: 381.203: [ParNew
Desired survivor size 20112992 bytes, new threshold 8 (max 8)
- age   1:    3296696 bytes,    3296696 total
- age   2:    3394520 bytes,    6691216 total
- age   3:    1935664 bytes,    8626880 total
- age   4:       4808 bytes,    8631688 total
- age   5:       3776 bytes,    8635464 total
- age   6:      12128 bytes,    8647592 total
- age   7:       5888 bytes,    8653480 total
- age   8:       2296 bytes,    8655776 total
: 95119K->10740K(109248K), 0.0368825 secs] 109811K->25438K(502464K), 0.0369511 secs] [Times: user=0.04 sys=0.00, real=0.04 secs] 
Heap after GC invocations=298 (full 1):
 par new generation   total 109248K, used 10740K [0x00000000e0000000, 0x00000000e8000000, 0x00000000e8000000)
  eden space 87424K,   0% used [0x00000000e0000000, 0x00000000e0000000, 0x00000000e5560000)
  from space 21824K,  49% used [0x00000000e5560000, 0x00000000e5fdd2f0, 0x00000000e6ab0000)
  to   space 21824K,   0% used [0x00000000e6ab0000, 0x00000000e6ab0000, 0x00000000e8000000)
 concurrent mark-sweep generation total 393216K, used 14698K [0x00000000e8000000, 0x0000000100000000, 0x0000000100000000)
 Metaspace       used 34613K, capacity 35108K, committed 35296K, reserved 1081344K
  class space    used 3625K, capacity 3782K, committed 3836K, reserved 1048576K
}
2017-03-31T04:58:40.513+0200: 381.240: Total time for which application threads were stopped: 0.0450343 seconds, Stopping threads took: 0.0079186 seconds
{Heap before GC invocations=298 (full 1):
 par new generation   total 109248K, used 98160K [0x00000000e0000000, 0x00000000e8000000, 0x00000000e8000000)
  eden space 87424K,  99% used [0x00000000e0000000, 0x00000000e555edb0, 0x00000000e5560000)
  from space 21824K,  49% used [0x00000000e5560000, 0x00000000e5fdd2f0, 0x00000000e6ab0000)
  to   space 21824K,   0% used [0x00000000e6ab0000, 0x00000000e6ab0000, 0x00000000e8000000)
 concurrent mark-sweep generation total 393216K, used 14698K [0x00000000e8000000, 0x0000000100000000, 0x0000000100000000)
 Metaspace       used 34613K, capacity 35108K, committed 35296K, reserved 1081344K
  class space    used 3625K, capacity 3782K, committed 3836K, reserved 1048576K
2017-03-31T04:58:41.019+0200: 381.745: [GC (Allocation Failure) 2017-03-31T04:58:41.019+0200: 381.745: [ParNew
Desired survivor size 20112992 bytes, new threshold 8 (max 8)
- age   1:    4562192 bytes,    4562192 total
- age   2:    2512832 bytes,    7075024 total
- age   3:     675808 bytes,    7750832 total
- age   4:       7200 bytes,    7758032 total
- age   5:       4744 bytes,    7762776 total
- age   6:       3648 bytes,    7766424 total
- age   7:      12128 bytes,    7778552 total
- age   8:       5888 bytes,    7784440 total
: 98160K->12437K(109248K), 0.0277315 secs] 112858K->27137K(502464K), 0.0278107 secs] [Times: user=0.03 sys=0.00, real=0.02 secs] 
Heap after GC invocations=299 (full 1):
 par new generation   total 109248K, used 12437K [0x00000000e0000000, 0x00000000e8000000, 0x00000000e8000000)
  eden space 87424K,   0% used [0x00000000e0000000, 0x00000000e0000000, 0x00000000e5560000)
  from space 21824K,  56% used [0x00000000e6ab0000, 0x00000000e76d5458, 0x00000000e8000000)
  to   space 21824K,   0% used [0x00000000e5560000, 0x00000000e5560000, 0x00000000e6ab0000)
 concurrent mark-sweep generation total 393216K, used 14700K [0x00000000e8000000, 0x0000000100000000, 0x0000000100000000)
 Metaspace       used 34613K, capacity 35108K, committed 35296K, reserved 1081344K
  class space    used 3625K, capacity 3782K, committed 3836K, reserved 1048576K
}
2017-03-31T04:58:41.047+0200: 381.773: Total time for which application threads were stopped: 0.0339571 seconds, Stopping threads took: 0.0059849 seconds
{Heap before GC invocations=299 (full 1):
 par new generation   total 109248K, used 99861K [0x00000000e0000000, 0x00000000e8000000, 0x00000000e8000000)
  eden space 87424K, 100% used [0x00000000e0000000, 0x00000000e5560000, 0x00000000e5560000)
  from space 21824K,  56% used [0x00000000e6ab0000, 0x00000000e76d5458, 0x00000000e8000000)
  to   space 21824K,   0% used [0x00000000e5560000, 0x00000000e5560000, 0x00000000e6ab0000)
 concurrent mark-sweep generation total 393216K, used 14700K [0x00000000e8000000, 0x0000000100000000, 0x0000000100000000)
 Metaspace       used 34613K, capacity 35108K, committed 35296K, reserved 1081344K
  class space    used 3625K, capacity 3782K, committed 3836K, reserved 1048576K
2017-03-31T04:58:41.592+0200: 382.318: [GC (Allocation Failure) 2017-03-31T04:58:41.592+0200: 382.318: [ParNew
Desired survivor size 20112992 bytes, new threshold 8 (max 8)
- age   1:    4715640 bytes,    4715640 total
- age   2:    2333352 bytes,    7048992 total
- age   3:       3560 bytes,    7052552 total
- age   4:       6256 bytes,    7058808 total
- age   5:       7008 bytes,    7065816 total
- age   6:       4744 bytes,    7070560 total
- age   7:       3648 bytes,    7074208 total
- age   8:      12128 bytes,    7086336 total
: 99861K->8273K(109248K), 0.0364375 secs] 114561K->22979K(502464K), 0.0365099 secs] [Times: user=0.04 sys=0.00, real=0.04 secs] 
Heap after GC invocations=300 (full 1):
 par new generation   total 109248K, used 8273K [0x00000000e0000000, 0x00000000e8000000, 0x00000000e8000000)
  eden space 87424K,   0% used [0x00000000e0000000, 0x00000000e0000000, 0x00000000e5560000)
  from space 21824K,  37% used [0x00000000e5560000, 0x00000000e5d746f8, 0x00000000e6ab0000)
  to   space 21824K,   0% used [0x00000000e6ab0000, 0x00000000e6ab0000, 0x00000000e8000000)
 concurrent mark-sweep generation total 393216K, used 14706K [0x00000000e8000000, 0x0000000100000000, 0x0000000100000000)
 Metaspace       used 34613K, capacity 35108K, committed 35296K, reserved 1081344K
  class space    used 3625K, capacity 3782K, committed 3836K, reserved 1048576K
}
2017-03-31T04:58:41.629+0200: 382.355: Total time for which application threads were stopped: 0.0434477 seconds, Stopping threads took: 0.0067653 seconds
{Heap before GC invocations=300 (full 1):
 par new generation   total 109248K, used 95697K [0x00000000e0000000, 0x00000000e8000000, 0x00000000e8000000)
  eden space 87424K, 100% used [0x00000000e0000000, 0x00000000e5560000, 0x00000000e5560000)
  from space 21824K,  37% used [0x00000000e5560000, 0x00000000e5d746f8, 0x00000000e6ab0000)
  to   space 21824K,   0% used [0x00000000e6ab0000, 0x00000000e6ab0000, 0x00000000e8000000)
 concurrent mark-sweep generation total 393216K, used 14706K [0x00000000e8000000, 0x0000000100000000, 0x0000000100000000)
 Metaspace       used 34613K, capacity 35108K, committed 35296K, reserved 1081344K
  class space    used 3625K, capacity 3782K, committed 3836K, reserved 1048576K
2017-03-31T04:58:42.131+0200: 382.857: [GC (Allocation Failure) 2017-03-31T04:58:42.131+0200: 382.857: [ParNew
Desired survivor size 20112992 bytes, new threshold 8 (max 8)
- age   1:    3352704 bytes,    3352704 total
- age   2:    1817664 bytes,    5170368 total
- age   3:      13712 bytes,    5184080 total
- age   4:       3344 bytes,    5187424 total
- age   5:       6256 bytes,    5193680 total
- age   6:       7008 bytes,    5200688 total
- age   7:       4744 bytes,    5205432 total
- age   8:       3648 bytes,    5209080 total
: 95697K->7636K(109248K), 0.0198117 secs] 110403K->22355K(502464K), 0.0198946 secs] [Times: user=0.01 sys=0.00, real=0.02 secs] 
Heap after GC invocations=301 (full 1):
 par new generation   total 109248K, used 7636K [0x00000000e0000000, 0x00000000e8000000, 0x00000000e8000000)
  eden space 87424K,   0% used [0x00000000e0000000, 0x00000000e0000000, 0x00000000e5560000)
  from space 21824K,  34% used [0x00000000e6ab0000, 0x00000000e72253a8, 0x00000000e8000000)
  to   space 21824K,   0% used [0x00000000e5560000, 0x00000000e5560000, 0x00000000e6ab0000)
 concurrent mark-sweep generation total 393216K, used 14718K [0x00000000e8000000, 0x0000000100000000, 0x0000000100000000)
 Metaspace       used 34613K, capacity 35108K, committed 35296K, reserved 1081344K
  class space    used 3625K, capacity 3782K, committed 3836K, reserved 1048576K
}
2017-03-31T04:58:42.151+0200: 382.877: Total time for which application threads were stopped: 0.0200944 seconds, Stopping threads took: 0.0000338 seconds
{Heap before GC invocations=301 (full 1):
 par new generation   total 109248K, used 95060K [0x00000000e0000000, 0x00000000e8000000, 0x00000000e8000000)
  eden space 87424K, 100% used [0x00000000e0000000, 0x00000000e5560000, 0x00000000e5560000)
  from space 21824K,  34% used [0x00000000e6ab0000, 0x00000000e72253a8, 0x00000000e8000000)
  to   space 21824K,   0% used [0x00000000e5560000, 0x00000000e5560000, 0x00000000e6ab0000)
 concurrent mark-sweep generation total 393216K, used 14718K [0x00000000e8000000, 0x0000000100000000, 0x0000000100000000)
 Metaspace       used 34613K, capacity 35108K, committed 35296K, reserved 1081344K
  class space    used 3625K, capacity 3782K, committed 3836K, reserved 1048576K
2017-03-31T04:58:42.679+0200: 383.405: [GC (Allocation Failure) 2017-03-31T04:58:42.679+0200: 383.405: [ParNew
Desired survivor size 20112992 bytes, new threshold 8 (max 8)
- age   1:    3609264 bytes,    3609264 total
- age   2:    2837848 bytes,    6447112 total
- age   3:    1348256 bytes,    7795368 total
- age   4:       6080 bytes,    7801448 total
- age   5:       3344 bytes,    7804792 total
- age   6:       6256 bytes,    7811048 total
- age   7:       7008 bytes,    7818056 total
- age   8:       4744 bytes,    7822800 total
: 95060K->9097K(109248K), 0.0239702 secs] 109779K->23819K(502464K), 0.0240508 secs] [Times: user=0.02 sys=0.00, real=0.02 secs] 
Heap after GC invocations=302 (full 1):
 par new generation   total 109248K, used 9097K [0x00000000e0000000, 0x00000000e8000000, 0x00000000e8000000)
  eden space 87424K,   0% used [0x00000000e0000000, 0x00000000e0000000, 0x00000000e5560000)
  from space 21824K,  41% used [0x00000000e5560000, 0x00000000e5e424a0, 0x00000000e6ab0000)
  to   space 21824K,   0% used [0x00000000e6ab0000, 0x00000000e6ab0000, 0x00000000e8000000)
 concurrent mark-sweep generation total 393216K, used 14722K [0x00000000e8000000, 0x0000000100000000, 0x0000000100000000)
 Metaspace       used 34613K, capacity 35108K, committed 35296K, reserved 1081344K
  class space    used 3625K, capacity 3782K, committed 3836K, reserved 1048576K
}
2017-03-31T04:58:42.703+0200: 383.429: Total time for which application threads were stopped: 0.0246208 seconds, Stopping threads took: 0.0000925 seconds
{Heap before GC invocations=302 (full 1):
 par new generation   total 109248K, used 96507K [0x00000000e0000000, 0x00000000e8000000, 0x00000000e8000000)
  eden space 87424K,  99% used [0x00000000e0000000, 0x00000000e555c908, 0x00000000e5560000)
  from space 21824K,  41% used [0x00000000e5560000, 0x00000000e5e424a0, 0x00000000e6ab0000)
  to   space 21824K,   0% used [0x00000000e6ab0000, 0x00000000e6ab0000, 0x00000000e8000000)
 concurrent mark-sweep generation total 393216K, used 14722K [0x00000000e8000000, 0x0000000100000000, 0x0000000100000000)
 Metaspace       used 34644K, capacity 35172K, committed 35552K, reserved 1081344K
  class space    used 3625K, capacity 3782K, committed 3836K, reserved 1048576K
2017-03-31T04:58:43.120+0200: 383.847: [GC (Allocation Failure) 2017-03-31T04:58:43.120+0200: 383.847: [ParNew
Desired survivor size 20112992 bytes, new threshold 8 (max 8)
- age   1:    4276384 bytes,    4276384 total
- age   2:    2612744 bytes,    6889128 total
- age   3:       4088 bytes,    6893216 total
- age   4:      12616 bytes,    6905832 total
- age   5:       6080 bytes,    6911912 total
- age   6:       3344 bytes,    6915256 total
- age   7:       6256 bytes,    6921512 total
- age   8:       7008 bytes,    6928520 total
: 96507K->11251K(109248K), 0.0284003 secs] 111229K->25978K(502464K), 0.0284787 secs] [Times: user=0.03 sys=0.00, real=0.03 secs] 
Heap after GC invocations=303 (full 1):
 par new generation   total 109248K, used 11251K [0x00000000e0000000, 0x00000000e8000000, 0x00000000e8000000)
  eden space 87424K,   0% used [0x00000000e0000000, 0x00000000e0000000, 0x00000000e5560000)
  from space 21824K,  51% used [0x00000000e6ab0000, 0x00000000e75acdd8, 0x00000000e8000000)
  to   space 21824K,   0% used [0x00000000e5560000, 0x00000000e5560000, 0x00000000e6ab0000)
 concurrent mark-sweep generation total 393216K, used 14726K [0x00000000e8000000, 0x0000000100000000, 0x0000000100000000)
 Metaspace       used 34644K, capacity 35172K, committed 35552K, reserved 1081344K
  class space    used 3625K, capacity 3782K, committed 3836K, reserved 1048576K
}
2017-03-31T04:58:43.149+0200: 383.875: Total time for which application threads were stopped: 0.0286648 seconds, Stopping threads took: 0.0000339 seconds
{Heap before GC invocations=303 (full 1):
 par new generation   total 109248K, used 98675K [0x00000000e0000000, 0x00000000e8000000, 0x00000000e8000000)
  eden space 87424K, 100% used [0x00000000e0000000, 0x00000000e5560000, 0x00000000e5560000)
  from space 21824K,  51% used [0x00000000e6ab0000, 0x00000000e75acdd8, 0x00000000e8000000)
  to   space 21824K,   0% used [0x00000000e5560000, 0x00000000e5560000, 0x00000000e6ab0000)
 concurrent mark-sweep generation total 393216K, used 14726K [0x00000000e8000000, 0x0000000100000000, 0x0000000100000000)
 Metaspace       used 34644K, capacity 35172K, committed 35552K, reserved 1081344K
  class space    used 3625K, capacity 3782K, committed 3836K, reserved 1048576K
2017-03-31T04:58:43.538+0200: 384.264: [GC (Allocation Failure) 2017-03-31T04:58:43.538+0200: 384.264: [ParNew
Desired survivor size 20112992 bytes, new threshold 8 (max 8)
- age   1:    3474816 bytes,    3474816 total
- age   2:    1900424 bytes,    5375240 total
- age   3:      17232 bytes,    5392472 total
- age   4:       3960 bytes,    5396432 total
- age   5:      11560 bytes,    5407992 total
- age   6:       6080 bytes,    5414072 total
- age   7:       3320 bytes,    5417392 total
- age   8:       6256 bytes,    5423648 total
: 98675K->8247K(109248K), 0.0250057 secs] 113402K->22980K(502464K), 0.0250674 secs] [Times: user=0.02 sys=0.00, real=0.03 secs] 
Heap after GC invocations=304 (full 1):
 par new generation   total 109248K, used 8247K [0x00000000e0000000, 0x00000000e8000000, 0x00000000e8000000)
  eden space 87424K,   0% used [0x00000000e0000000, 0x00000000e0000000, 0x00000000e5560000)
  from space 21824K,  37% used [0x00000000e5560000, 0x00000000e5d6dcc0, 0x00000000e6ab0000)
  to   space 21824K,   0% used [0x00000000e6ab0000, 0x00000000e6ab0000, 0x00000000e8000000)
 concurrent mark-sweep generation total 393216K, used 14733K [0x00000000e8000000, 0x0000000100000000, 0x0000000100000000)
 Metaspace       used 34644K, capacity 35172K, committed 35552K, reserved 1081344K
  class space    used 3625K, capacity 3782K, committed 3836K, reserved 1048576K
}
2017-03-31T04:58:43.563+0200: 384.289: Total time for which application threads were stopped: 0.0252344 seconds, Stopping threads took: 0.0000210 seconds
{Heap before GC invocations=304 (full 1):
 par new generation   total 109248K, used 95671K [0x00000000e0000000, 0x00000000e8000000, 0x00000000e8000000)
  eden space 87424K, 100% used [0x00000000e0000000, 0x00000000e5560000, 0x00000000e5560000)
  from space 21824K,  37% used [0x00000000e5560000, 0x00000000e5d6dcc0, 0x00000000e6ab0000)
  to   space 21824K,   0% used [0x00000000e6ab0000, 0x00000000e6ab0000, 0x00000000e8000000)
 concurrent mark-sweep generation total 393216K, used 14733K [0x00000000e8000000, 0x0000000100000000, 0x0000000100000000)
 Metaspace       used 34644K, capacity 35172K, committed 35552K, reserved 1081344K
  class space    used 3625K, capacity 3782K, committed 3836K, reserved 1048576K
2017-03-31T04:58:43.855+0200: 384.582: [GC (Allocation Failure) 2017-03-31T04:58:43.855+0200: 384.582: [ParNew
Desired survivor size 20112992 bytes, new threshold 8 (max 8)
- age   1:    3519384 bytes,    3519384 total
- age   2:    2946824 bytes,    6466208 total
- age   3:    1585600 bytes,    8051808 total
- age   4:       5872 bytes,    8057680 total
- age   5:       3960 bytes,    8061640 total
- age   6:      11560 bytes,    8073200 total
- age   7:       6080 bytes,    8079280 total
- age   8:       3320 bytes,    8082600 total
: 95671K->9669K(109248K), 0.0230292 secs] 110404K->24409K(502464K), 0.0232155 secs] [Times: user=0.02 sys=0.00, real=0.03 secs] 
Heap after GC invocations=305 (full 1):
 par new generation   total 109248K, used 9669K [0x00000000e0000000, 0x00000000e8000000, 0x00000000e8000000)
  eden space 87424K,   0% used [0x00000000e0000000, 0x00000000e0000000, 0x00000000e5560000)
  from space 21824K,  44% used [0x00000000e6ab0000, 0x00000000e7421730, 0x00000000e8000000)
  to   space 21824K,   0% used [0x00000000e5560000, 0x00000000e5560000, 0x00000000e6ab0000)
 concurrent mark-sweep generation total 393216K, used 14739K [0x00000000e8000000, 0x0000000100000000, 0x0000000100000000)
 Metaspace       used 34644K, capacity 35172K, committed 35552K, reserved 1081344K
  class space    used 3625K, capacity 3782K, committed 3836K, reserved 1048576K
}
2017-03-31T04:58:43.878+0200: 384.605: Total time for which application threads were stopped: 0.0234654 seconds, Stopping threads took: 0.0000358 seconds
{Heap before GC invocations=305 (full 1):
 par new generation   total 109248K, used 97093K [0x00000000e0000000, 0x00000000e8000000, 0x00000000e8000000)
  eden space 87424K, 100% used [0x00000000e0000000, 0x00000000e5560000, 0x00000000e5560000)
  from space 21824K,  44% used [0x00000000e6ab0000, 0x00000000e7421730, 0x00000000e8000000)
  to   space 21824K,   0% used [0x00000000e5560000, 0x00000000e5560000, 0x00000000e6ab0000)
 concurrent mark-sweep generation total 393216K, used 14739K [0x00000000e8000000, 0x0000000100000000, 0x0000000100000000)
 Metaspace       used 34644K, capacity 35172K, committed 35552K, reserved 1081344K
  class space    used 3625K, capacity 3782K, committed 3836K, reserved 1048576K
2017-03-31T04:58:44.300+0200: 385.026: [GC (Allocation Failure) 2017-03-31T04:58:44.300+0200: 385.026: [ParNew
Desired survivor size 20112992 bytes, new threshold 8 (max 8)
- age   1:    4391752 bytes,    4391752 total
- age   2:    2901736 bytes,    7293488 total
- age   3:      11240 bytes,    7304728 total
- age   4:       7104 bytes,    7311832 total
- age   5:       5872 bytes,    7317704 total
- age   6:       3960 bytes,    7321664 total
- age   7:      11560 bytes,    7333224 total
- age   8:       6080 bytes,    7339304 total
: 97093K->11299K(109248K), 0.0202545 secs] 111833K->26042K(502464K), 0.0203290 secs] [Times: user=0.02 sys=0.00, real=0.02 secs] 
Heap after GC invocations=306 (full 1):
 par new generation   total 109248K, used 11299K [0x00000000e0000000, 0x00000000e8000000, 0x00000000e8000000)
  eden space 87424K,   0% used [0x00000000e0000000, 0x00000000e0000000, 0x00000000e5560000)
  from space 21824K,  51% used [0x00000000e5560000, 0x00000000e6068fe0, 0x00000000e6ab0000)
  to   space 21824K,   0% used [0x00000000e6ab0000, 0x00000000e6ab0000, 0x00000000e8000000)
 concurrent mark-sweep generation total 393216K, used 14743K [0x00000000e8000000, 0x0000000100000000, 0x0000000100000000)
 Metaspace       used 34644K, capacity 35172K, committed 35552K, reserved 1081344K
  class space    used 3625K, capacity 3782K, committed 3836K, reserved 1048576K
}
2017-03-31T04:58:44.320+0200: 385.047: Total time for which application threads were stopped: 0.0238392 seconds, Stopping threads took: 0.0033471 seconds
{Heap before GC invocations=306 (full 1):
 par new generation   total 109248K, used 98723K [0x00000000e0000000, 0x00000000e8000000, 0x00000000e8000000)
  eden space 87424K, 100% used [0x00000000e0000000, 0x00000000e5560000, 0x00000000e5560000)
  from space 21824K,  51% used [0x00000000e5560000, 0x00000000e6068fe0, 0x00000000e6ab0000)
  to   space 21824K,   0% used [0x00000000e6ab0000, 0x00000000e6ab0000, 0x00000000e8000000)
 concurrent mark-sweep generation total 393216K, used 14743K [0x00000000e8000000, 0x0000000100000000, 0x0000000100000000)
 Metaspace       used 34644K, capacity 35172K, committed 35552K, reserved 1081344K
  class space    used 3625K, capacity 3782K, committed 3836K, reserved 1048576K
2017-03-31T04:58:44.683+0200: 385.410: [GC (Allocation Failure) 2017-03-31T04:58:44.683+0200: 385.410: [ParNew
Desired survivor size 20112992 bytes, new threshold 8 (max 8)
- age   1:    3123752 bytes,    3123752 total
- age   2:    2233128 bytes,    5356880 total
- age   3:      15352 bytes,    5372232 total
- age   4:      11176 bytes,    5383408 total
- age   5:       6976 bytes,    5390384 total
- age   6:       5872 bytes,    5396256 total
- age   7:       3896 bytes,    5400152 total
- age   8:      11560 bytes,    5411712 total
: 98723K->6812K(109248K), 0.0303220 secs] 113466K->21561K(502464K), 0.0303848 secs] [Times: user=0.03 sys=0.00, real=0.03 secs] 
Heap after GC invocations=307 (full 1):
 par new generation   total 109248K, used 6812K [0x00000000e0000000, 0x00000000e8000000, 0x00000000e8000000)
  eden space 87424K,   0% used [0x00000000e0000000, 0x00000000e0000000, 0x00000000e5560000)
  from space 21824K,  31% used [0x00000000e6ab0000, 0x00000000e71570c0, 0x00000000e8000000)
  to   space 21824K,   0% used [0x00000000e5560000, 0x00000000e5560000, 0x00000000e6ab0000)
 concurrent mark-sweep generation total 393216K, used 14749K [0x00000000e8000000, 0x0000000100000000, 0x0000000100000000)
 Metaspace       used 34644K, capacity 35172K, committed 35552K, reserved 1081344K
  class space    used 3625K, capacity 3782K, committed 3836K, reserved 1048576K
}
2017-03-31T04:58:44.714+0200: 385.440: Total time for which application threads were stopped: 0.0305662 seconds, Stopping threads took: 0.0000324 seconds
{Heap before GC invocations=307 (full 1):
 par new generation   total 109248K, used 94236K [0x00000000e0000000, 0x00000000e8000000, 0x00000000e8000000)
  eden space 87424K, 100% used [0x00000000e0000000, 0x00000000e5560000, 0x00000000e5560000)
  from space 21824K,  31% used [0x00000000e6ab0000, 0x00000000e71570c0, 0x00000000e8000000)
  to   space 21824K,   0% used [0x00000000e5560000, 0x00000000e5560000, 0x00000000e6ab0000)
 concurrent mark-sweep generation total 393216K, used 14749K [0x00000000e8000000, 0x0000000100000000, 0x0000000100000000)
 Metaspace       used 34644K, capacity 35172K, committed 35552K, reserved 1081344K
  class space    used 3625K, capacity 3782K, committed 3836K, reserved 1048576K
2017-03-31T04:58:45.122+0200: 385.848: [GC (Allocation Failure) 2017-03-31T04:58:45.122+0200: 385.848: [ParNew
Desired survivor size 20112992 bytes, new threshold 8 (max 8)
- age   1:    3580080 bytes,    3580080 total
- age   2:    2592224 bytes,    6172304 total
- age   3:    1844000 bytes,    8016304 total
- age   4:       3992 bytes,    8020296 total
- age   5:      11024 bytes,    8031320 total
- age   6:       6720 bytes,    8038040 total
- age   7:       5784 bytes,    8043824 total
- age   8:       3832 bytes,    8047656 total
: 94236K->9208K(109248K), 0.0329812 secs] 108985K->23969K(502464K), 0.0330578 secs] [Times: user=0.03 sys=0.00, real=0.03 secs] 
Heap after GC invocations=308 (full 1):
 par new generation   total 109248K, used 9208K [0x00000000e0000000, 0x00000000e8000000, 0x00000000e8000000)
  eden space 87424K,   0% used [0x00000000e0000000, 0x00000000e0000000, 0x00000000e5560000)
  from space 21824K,  42% used [0x00000000e5560000, 0x00000000e5e5e1e0, 0x00000000e6ab0000)
  to   space 21824K,   0% used [0x00000000e6ab0000, 0x00000000e6ab0000, 0x00000000e8000000)
 concurrent mark-sweep generation total 393216K, used 14760K [0x00000000e8000000, 0x0000000100000000, 0x0000000100000000)
 Metaspace       used 34644K, capacity 35172K, committed 35552K, reserved 1081344K
  class space    used 3625K, capacity 3782K, committed 3836K, reserved 1048576K
}
2017-03-31T04:58:45.155+0200: 385.881: Total time for which application threads were stopped: 0.0373123 seconds, Stopping threads took: 0.0041113 seconds
{Heap before GC invocations=308 (full 1):
 par new generation   total 109248K, used 96632K [0x00000000e0000000, 0x00000000e8000000, 0x00000000e8000000)
  eden space 87424K, 100% used [0x00000000e0000000, 0x00000000e5560000, 0x00000000e5560000)
  from space 21824K,  42% used [0x00000000e5560000, 0x00000000e5e5e1e0, 0x00000000e6ab0000)
  to   space 21824K,   0% used [0x00000000e6ab0000, 0x00000000e6ab0000, 0x00000000e8000000)
 concurrent mark-sweep generation total 393216K, used 14760K [0x00000000e8000000, 0x0000000100000000, 0x0000000100000000)
 Metaspace       used 34644K, capacity 35172K, committed 35552K, reserved 1081344K
  class space    used 3625K, capacity 3782K, committed 3836K, reserved 1048576K
2017-03-31T04:58:45.649+0200: 386.375: [GC (Allocation Failure) 2017-03-31T04:58:45.649+0200: 386.375: [ParNew
Desired survivor size 20112992 bytes, new threshold 8 (max 8)
- age   1:    4453664 bytes,    4453664 total
- age   2:    2889256 bytes,    7342920 total
- age   3:       4672 bytes,    7347592 total
- age   4:       6840 bytes,    7354432 total
- age   5:       3992 bytes,    7358424 total
- age   6:      10320 bytes,    7368744 total
- age   7:       6720 bytes,    7375464 total
- age   8:       5784 bytes,    7381248 total
: 96632K->11554K(109248K), 0.0331121 secs] 111393K->26319K(502464K), 0.0331824 secs] [Times: user=0.03 sys=0.00, real=0.03 secs] 
Heap after GC invocations=309 (full 1):
 par new generation   total 109248K, used 11554K [0x00000000e0000000, 0x00000000e8000000, 0x00000000e8000000)
  eden space 87424K,   0% used [0x00000000e0000000, 0x00000000e0000000, 0x00000000e5560000)
  from space 21824K,  52% used [0x00000000e6ab0000, 0x00000000e75f8a98, 0x00000000e8000000)
  to   space 21824K,   0% used [0x00000000e5560000, 0x00000000e5560000, 0x00000000e6ab0000)
 concurrent mark-sweep generation total 393216K, used 14764K [0x00000000e8000000, 0x0000000100000000, 0x0000000100000000)
 Metaspace       used 34644K, capacity 35172K, committed 35552K, reserved 1081344K
  class space    used 3625K, capacity 3782K, committed 3836K, reserved 1048576K
}
2017-03-31T04:58:45.682+0200: 386.409: Total time for which application threads were stopped: 0.0437570 seconds, Stopping threads took: 0.0104258 seconds
{Heap before GC invocations=309 (full 1):
 par new generation   total 109248K, used 98978K [0x00000000e0000000, 0x00000000e8000000, 0x00000000e8000000)
  eden space 87424K, 100% used [0x00000000e0000000, 0x00000000e5560000, 0x00000000e5560000)
  from space 21824K,  52% used [0x00000000e6ab0000, 0x00000000e75f8a98, 0x00000000e8000000)
  to   space 21824K,   0% used [0x00000000e5560000, 0x00000000e5560000, 0x00000000e6ab0000)
 concurrent mark-sweep generation total 393216K, used 14764K [0x00000000e8000000, 0x0000000100000000, 0x0000000100000000)
 Metaspace       used 34644K, capacity 35172K, committed 35552K, reserved 1081344K
  class space    used 3625K, capacity 3782K, committed 3836K, reserved 1048576K
2017-03-31T04:58:46.149+0200: 386.876: [GC (Allocation Failure) 2017-03-31T04:58:46.149+0200: 386.876: [ParNew
Desired survivor size 20112992 bytes, new threshold 8 (max 8)
- age   1:    3921152 bytes,    3921152 total
- age   2:    2210168 bytes,    6131320 total
- age   3:      10896 bytes,    6142216 total
- age   4:       4672 bytes,    6146888 total
- age   5:       6688 bytes,    6153576 total
- age   6:       3992 bytes,    6157568 total
- age   7:      10192 bytes,    6167760 total
- age   8:       6720 bytes,    6174480 total
: 98978K->8631K(109248K), 0.0459250 secs] 113743K->23402K(502464K), 0.0460016 secs] [Times: user=0.04 sys=0.00, real=0.04 secs] 
Heap after GC invocations=310 (full 1):
 par new generation   total 109248K, used 8631K [0x00000000e0000000, 0x00000000e8000000, 0x00000000e8000000)
  eden space 87424K,   0% used [0x00000000e0000000, 0x00000000e0000000, 0x00000000e5560000)
  from space 21824K,  39% used [0x00000000e5560000, 0x00000000e5dcdf30, 0x00000000e6ab0000)
  to   space 21824K,   0% used [0x00000000e6ab0000, 0x00000000e6ab0000, 0x00000000e8000000)
 concurrent mark-sweep generation total 393216K, used 14770K [0x00000000e8000000, 0x0000000100000000, 0x0000000100000000)
 Metaspace       used 34644K, capacity 35172K, committed 35552K, reserved 1081344K
  class space    used 3625K, capacity 3782K, committed 3836K, reserved 1048576K
}
2017-03-31T04:58:46.195+0200: 386.922: Total time for which application threads were stopped: 0.0461520 seconds, Stopping threads took: 0.0000314 seconds
{Heap before GC invocations=310 (full 1):
 par new generation   total 109248K, used 96055K [0x00000000e0000000, 0x00000000e8000000, 0x00000000e8000000)
  eden space 87424K, 100% used [0x00000000e0000000, 0x00000000e5560000, 0x00000000e5560000)
  from space 21824K,  39% used [0x00000000e5560000, 0x00000000e5dcdf30, 0x00000000e6ab0000)
  to   space 21824K,   0% used [0x00000000e6ab0000, 0x00000000e6ab0000, 0x00000000e8000000)
 concurrent mark-sweep generation total 393216K, used 14770K [0x00000000e8000000, 0x0000000100000000, 0x0000000100000000)
 Metaspace       used 34644K, capacity 35172K, committed 35552K, reserved 1081344K
  class space    used 3625K, capacity 3782K, committed 3836K, reserved 1048576K
2017-03-31T04:58:46.510+0200: 387.237: [GC (Allocation Failure) 2017-03-31T04:58:46.510+0200: 387.237: [ParNew
Desired survivor size 20112992 bytes, new threshold 8 (max 8)
- age   1:    3303448 bytes,    3303448 total
- age   2:    3621472 bytes,    6924920 total
- age   3:    1983528 bytes,    8908448 total
- age   4:      10896 bytes,    8919344 total
- age   5:       4672 bytes,    8924016 total
- age   6:       6624 bytes,    8930640 total
- age   7:       3992 bytes,    8934632 total
- age   8:      10128 bytes,    8944760 total
: 96055K->10154K(109248K), 0.0299843 secs] 110826K->24930K(502464K), 0.0300504 secs] [Times: user=0.03 sys=0.00, real=0.03 secs] 
Heap after GC invocations=311 (full 1):
 par new generation   total 109248K, used 10154K [0x00000000e0000000, 0x00000000e8000000, 0x00000000e8000000)
  eden space 87424K,   0% used [0x00000000e0000000, 0x00000000e0000000, 0x00000000e5560000)
  from space 21824K,  46% used [0x00000000e6ab0000, 0x00000000e749a878, 0x00000000e8000000)
  to   space 21824K,   0% used [0x00000000e5560000, 0x00000000e5560000, 0x00000000e6ab0000)
 concurrent mark-sweep generation total 393216K, used 14776K [0x00000000e8000000, 0x0000000100000000, 0x0000000100000000)
 Metaspace       used 34644K, capacity 35172K, committed 35552K, reserved 1081344K
  class space    used 3625K, capacity 3782K, committed 3836K, reserved 1048576K
}
2017-03-31T04:58:46.540+0200: 387.267: Total time for which application threads were stopped: 0.0424418 seconds, Stopping threads took: 0.0122286 seconds
{Heap before GC invocations=311 (full 1):
 par new generation   total 109248K, used 97578K [0x00000000e0000000, 0x00000000e8000000, 0x00000000e8000000)
  eden space 87424K, 100% used [0x00000000e0000000, 0x00000000e5560000, 0x00000000e5560000)
  from space 21824K,  46% used [0x00000000e6ab0000, 0x00000000e749a878, 0x00000000e8000000)
  to   space 21824K,   0% used [0x00000000e5560000, 0x00000000e5560000, 0x00000000e6ab0000)
 concurrent mark-sweep generation total 393216K, used 14776K [0x00000000e8000000, 0x0000000100000000, 0x0000000100000000)
 Metaspace       used 34646K, capacity 35172K, committed 35552K, reserved 1081344K
  class space    used 3625K, capacity 3782K, committed 3836K, reserved 1048576K
2017-03-31T04:58:47.088+0200: 387.814: [GC (Allocation Failure) 2017-03-31T04:58:47.088+0200: 387.814: [ParNew
Desired survivor size 20112992 bytes, new threshold 8 (max 8)
- age   1:    4148704 bytes,    4148704 total
- age   2:    2532232 bytes,    6680936 total
- age   3:     943264 bytes,    7624200 total
- age   4:       6440 bytes,    7630640 total
- age   5:      10224 bytes,    7640864 total
- age   6:       4672 bytes,    7645536 total
- age   7:       6624 bytes,    7652160 total
- age   8:       3992 bytes,    7656152 total
: 97578K->12831K(109248K), 0.0315101 secs] 112354K->27613K(502464K), 0.0316084 secs] [Times: user=0.03 sys=0.00, real=0.03 secs] 
Heap after GC invocations=312 (full 1):
 par new generation   total 109248K, used 12831K [0x00000000e0000000, 0x00000000e8000000, 0x00000000e8000000)
  eden space 87424K,   0% used [0x00000000e0000000, 0x00000000e0000000, 0x00000000e5560000)
  from space 21824K,  58% used [0x00000000e5560000, 0x00000000e61e7f10, 0x00000000e6ab0000)
  to   space 21824K,   0% used [0x00000000e6ab0000, 0x00000000e6ab0000, 0x00000000e8000000)
 concurrent mark-sweep generation total 393216K, used 14781K [0x00000000e8000000, 0x0000000100000000, 0x0000000100000000)
 Metaspace       used 34646K, capacity 35172K, committed 35552K, reserved 1081344K
  class space    used 3625K, capacity 3782K, committed 3836K, reserved 1048576K
}
2017-03-31T04:58:47.119+0200: 387.846: Total time for which application threads were stopped: 0.0320938 seconds, Stopping threads took: 0.0001133 seconds
{Heap before GC invocations=312 (full 1):
 par new generation   total 109248K, used 100255K [0x00000000e0000000, 0x00000000e8000000, 0x00000000e8000000)
  eden space 87424K, 100% used [0x00000000e0000000, 0x00000000e5560000, 0x00000000e5560000)
  from space 21824K,  58% used [0x00000000e5560000, 0x00000000e61e7f10, 0x00000000e6ab0000)
  to   space 21824K,   0% used [0x00000000e6ab0000, 0x00000000e6ab0000, 0x00000000e8000000)
 concurrent mark-sweep generation total 393216K, used 14781K [0x00000000e8000000, 0x0000000100000000, 0x0000000100000000)
 Metaspace       used 34646K, capacity 35172K, committed 35552K, reserved 1081344K
  class space    used 3625K, capacity 3782K, committed 3836K, reserved 1048576K
2017-03-31T04:58:47.606+0200: 388.333: [GC (Allocation Failure) 2017-03-31T04:58:47.606+0200: 388.333: [ParNew
Desired survivor size 20112992 bytes, new threshold 8 (max 8)
- age   1:    4806248 bytes,    4806248 total
- age   2:    2390160 bytes,    7196408 total
- age   3:       2728 bytes,    7199136 total
- age   4:       6424 bytes,    7205560 total
- age   5:       6248 bytes,    7211808 total
- age   6:      10096 bytes,    7221904 total
- age   7:       4608 bytes,    7226512 total
- age   8:       6624 bytes,    7233136 total
: 100255K->10181K(109248K), 0.0276312 secs] 115037K->24966K(502464K), 0.0277307 secs] [Times: user=0.03 sys=0.00, real=0.03 secs] 
Heap after GC invocations=313 (full 1):
 par new generation   total 109248K, used 10181K [0x00000000e0000000, 0x00000000e8000000, 0x00000000e8000000)
  eden space 87424K,   0% used [0x00000000e0000000, 0x00000000e0000000, 0x00000000e5560000)
  from space 21824K,  46% used [0x00000000e6ab0000, 0x00000000e74a1518, 0x00000000e8000000)
  to   space 21824K,   0% used [0x00000000e5560000, 0x00000000e5560000, 0x00000000e6ab0000)
 concurrent mark-sweep generation total 393216K, used 14785K [0x00000000e8000000, 0x0000000100000000, 0x0000000100000000)
 Metaspace       used 34646K, capacity 35172K, committed 35552K, reserved 1081344K
  class space    used 3625K, capacity 3782K, committed 3836K, reserved 1048576K
}
2017-03-31T04:58:47.634+0200: 388.361: Total time for which application threads were stopped: 0.0319168 seconds, Stopping threads took: 0.0039950 seconds
{Heap before GC invocations=313 (full 1):
 par new generation   total 109248K, used 97605K [0x00000000e0000000, 0x00000000e8000000, 0x00000000e8000000)
  eden space 87424K, 100% used [0x00000000e0000000, 0x00000000e5560000, 0x00000000e5560000)
  from space 21824K,  46% used [0x00000000e6ab0000, 0x00000000e74a1518, 0x00000000e8000000)
  to   space 21824K,   0% used [0x00000000e5560000, 0x00000000e5560000, 0x00000000e6ab0000)
 concurrent mark-sweep generation total 393216K, used 14785K [0x00000000e8000000, 0x0000000100000000, 0x0000000100000000)
 Metaspace       used 34646K, capacity 35172K, committed 35552K, reserved 1081344K
  class space    used 3625K, capacity 3782K, committed 3836K, reserved 1048576K
2017-03-31T04:58:47.957+0200: 388.683: [GC (Allocation Failure) 2017-03-31T04:58:47.957+0200: 388.683: [ParNew
Desired survivor size 20112992 bytes, new threshold 8 (max 8)
- age   1:    3470208 bytes,    3470208 total
- age   2:    1900584 bytes,    5370792 total
- age   3:      21120 bytes,    5391912 total
- age   4:       2728 bytes,    5394640 total
- age   5:       6424 bytes,    5401064 total
- age   6:       6248 bytes,    5407312 total
- age   7:       9968 bytes,    5417280 total
- age   8:       4544 bytes,    5421824 total
: 97605K->8042K(109248K), 0.0240848 secs] 112390K->22834K(502464K), 0.0241571 secs] [Times: user=0.02 sys=0.00, real=0.02 secs] 
Heap after GC invocations=314 (full 1):
 par new generation   total 109248K, used 8042K [0x00000000e0000000, 0x00000000e8000000, 0x00000000e8000000)
  eden space 87424K,   0% used [0x00000000e0000000, 0x00000000e0000000, 0x00000000e5560000)
  from space 21824K,  36% used [0x00000000e5560000, 0x00000000e5d3a9a8, 0x00000000e6ab0000)
  to   space 21824K,   0% used [0x00000000e6ab0000, 0x00000000e6ab0000, 0x00000000e8000000)
 concurrent mark-sweep generation total 393216K, used 14791K [0x00000000e8000000, 0x0000000100000000, 0x0000000100000000)
 Metaspace       used 34646K, capacity 35172K, committed 35552K, reserved 1081344K
  class space    used 3625K, capacity 3782K, committed 3836K, reserved 1048576K
}
2017-03-31T04:58:47.981+0200: 388.708: Total time for which application threads were stopped: 0.0243231 seconds, Stopping threads took: 0.0000220 seconds
{Heap before GC invocations=314 (full 1):
 par new generation   total 109248K, used 95466K [0x00000000e0000000, 0x00000000e8000000, 0x00000000e8000000)
  eden space 87424K, 100% used [0x00000000e0000000, 0x00000000e5560000, 0x00000000e5560000)
  from space 21824K,  36% used [0x00000000e5560000, 0x00000000e5d3a9a8, 0x00000000e6ab0000)
  to   space 21824K,   0% used [0x00000000e6ab0000, 0x00000000e6ab0000, 0x00000000e8000000)
 concurrent mark-sweep generation total 393216K, used 14791K [0x00000000e8000000, 0x0000000100000000, 0x0000000100000000)
 Metaspace       used 34646K, capacity 35172K, committed 35552K, reserved 1081344K
  class space    used 3625K, capacity 3782K, committed 3836K, reserved 1048576K
2017-03-31T04:58:48.281+0200: 389.007: [GC (Allocation Failure) 2017-03-31T04:58:48.281+0200: 389.008: [ParNew
Desired survivor size 20112992 bytes, new threshold 8 (max 8)
- age   1:    3451088 bytes,    3451088 total
- age   2:    2951984 bytes,    6403072 total
- age   3:    1576656 bytes,    7979728 total
- age   4:       6584 bytes,    7986312 total
- age   5:       2728 bytes,    7989040 total
- age   6:       6424 bytes,    7995464 total
- age   7:       6224 bytes,    8001688 total
- age   8:       9968 bytes,    8011656 total
: 95466K->9487K(109248K), 0.0176481 secs] 110258K->24283K(502464K), 0.0177111 secs] [Times: user=0.01 sys=0.00, real=0.01 secs] 
Heap after GC invocations=315 (full 1):
 par new generation   total 109248K, used 9487K [0x00000000e0000000, 0x00000000e8000000, 0x00000000e8000000)
  eden space 87424K,   0% used [0x00000000e0000000, 0x00000000e0000000, 0x00000000e5560000)
  from space 21824K,  43% used [0x00000000e6ab0000, 0x00000000e73f3dd8, 0x00000000e8000000)
  to   space 21824K,   0% used [0x00000000e5560000, 0x00000000e5560000, 0x00000000e6ab0000)
 concurrent mark-sweep generation total 393216K, used 14796K [0x00000000e8000000, 0x0000000100000000, 0x0000000100000000)
 Metaspace       used 34646K, capacity 35172K, committed 35552K, reserved 1081344K
  class space    used 3625K, capacity 3782K, committed 3836K, reserved 1048576K
}
2017-03-31T04:58:48.299+0200: 389.025: Total time for which application threads were stopped: 0.0179021 seconds, Stopping threads took: 0.0000293 seconds
{Heap before GC invocations=315 (full 1):
 par new generation   total 109248K, used 96905K [0x00000000e0000000, 0x00000000e8000000, 0x00000000e8000000)
  eden space 87424K,  99% used [0x00000000e0000000, 0x00000000e555ea18, 0x00000000e5560000)
  from space 21824K,  43% used [0x00000000e6ab0000, 0x00000000e73f3dd8, 0x00000000e8000000)
  to   space 21824K,   0% used [0x00000000e5560000, 0x00000000e5560000, 0x00000000e6ab0000)
 concurrent mark-sweep generation total 393216K, used 14796K [0x00000000e8000000, 0x0000000100000000, 0x0000000100000000)
 Metaspace       used 34646K, capacity 35172K, committed 35552K, reserved 1081344K
  class space    used 3625K, capacity 3782K, committed 3836K, reserved 1048576K
2017-03-31T04:58:48.680+0200: 389.406: [GC (Allocation Failure) 2017-03-31T04:58:48.680+0200: 389.406: [ParNew
Desired survivor size 20112992 bytes, new threshold 8 (max 8)
- age   1:    4263856 bytes,    4263856 total
- age   2:    2895392 bytes,    7159248 total
- age   3:      10520 bytes,    7169768 total
- age   4:       7272 bytes,    7177040 total
- age   5:       6584 bytes,    7183624 total
- age   6:       2728 bytes,    7186352 total
- age   7:       6424 bytes,    7192776 total
- age   8:       6224 bytes,    7199000 total
: 96905K->12748K(109248K), 0.0465983 secs] 111702K->27555K(502464K), 0.0466638 secs] [Times: user=0.04 sys=0.00, real=0.04 secs] 
Heap after GC invocations=316 (full 1):
 par new generation   total 109248K, used 12748K [0x00000000e0000000, 0x00000000e8000000, 0x00000000e8000000)
  eden space 87424K,   0% used [0x00000000e0000000, 0x00000000e0000000, 0x00000000e5560000)
  from space 21824K,  58% used [0x00000000e5560000, 0x00000000e61d3200, 0x00000000e6ab0000)
  to   space 21824K,   0% used [0x00000000e6ab0000, 0x00000000e6ab0000, 0x00000000e8000000)
 concurrent mark-sweep generation total 393216K, used 14806K [0x00000000e8000000, 0x0000000100000000, 0x0000000100000000)
 Metaspace       used 34646K, capacity 35172K, committed 35552K, reserved 1081344K
  class space    used 3625K, capacity 3782K, committed 3836K, reserved 1048576K
}
2017-03-31T04:58:48.727+0200: 389.453: Total time for which application threads were stopped: 0.0468322 seconds, Stopping threads took: 0.0000369 seconds
{Heap before GC invocations=316 (full 1):
 par new generation   total 109248K, used 100172K [0x00000000e0000000, 0x00000000e8000000, 0x00000000e8000000)
  eden space 87424K, 100% used [0x00000000e0000000, 0x00000000e5560000, 0x00000000e5560000)
  from space 21824K,  58% used [0x00000000e5560000, 0x00000000e61d3200, 0x00000000e6ab0000)
  to   space 21824K,   0% used [0x00000000e6ab0000, 0x00000000e6ab0000, 0x00000000e8000000)
 concurrent mark-sweep generation total 393216K, used 14806K [0x00000000e8000000, 0x0000000100000000, 0x0000000100000000)
 Metaspace       used 34646K, capacity 35172K, committed 35552K, reserved 1081344K
  class space    used 3625K, capacity 3782K, committed 3836K, reserved 1048576K
2017-03-31T04:58:49.130+0200: 389.857: [GC (Allocation Failure) 2017-03-31T04:58:49.131+0200: 389.857: [ParNew
Desired survivor size 20112992 bytes, new threshold 8 (max 8)
- age   1:    4184808 bytes,    4184808 total
- age   2:    2015752 bytes,    6200560 total
- age   3:       4368 bytes,    6204928 total
- age   4:      10520 bytes,    6215448 total
- age   5:       7080 bytes,    6222528 total
- age   6:       6584 bytes,    6229112 total
- age   7:       2728 bytes,    6231840 total
- age   8:       6424 bytes,    6238264 total
: 100172K->8735K(109248K), 0.0242780 secs] 114979K->23547K(502464K), 0.0243530 secs] [Times: user=0.02 sys=0.00, real=0.02 secs] 
Heap after GC invocations=317 (full 1):
 par new generation   total 109248K, used 8735K [0x00000000e0000000, 0x00000000e8000000, 0x00000000e8000000)
  eden space 87424K,   0% used [0x00000000e0000000, 0x00000000e0000000, 0x00000000e5560000)
  from space 21824K,  40% used [0x00000000e6ab0000, 0x00000000e7337ca0, 0x00000000e8000000)
  to   space 21824K,   0% used [0x00000000e5560000, 0x00000000e5560000, 0x00000000e6ab0000)
 concurrent mark-sweep generation total 393216K, used 14812K [0x00000000e8000000, 0x0000000100000000, 0x0000000100000000)
 Metaspace       used 34646K, capacity 35172K, committed 35552K, reserved 1081344K
  class space    used 3625K, capacity 3782K, committed 3836K, reserved 1048576K
}
2017-03-31T04:58:49.155+0200: 389.881: Total time for which application threads were stopped: 0.0244942 seconds, Stopping threads took: 0.0000282 seconds
{Heap before GC invocations=317 (full 1):
 par new generation   total 109248K, used 96159K [0x00000000e0000000, 0x00000000e8000000, 0x00000000e8000000)
  eden space 87424K, 100% used [0x00000000e0000000, 0x00000000e5560000, 0x00000000e5560000)
  from space 21824K,  40% used [0x00000000e6ab0000, 0x00000000e7337ca0, 0x00000000e8000000)
  to   space 21824K,   0% used [0x00000000e5560000, 0x00000000e5560000, 0x00000000e6ab0000)
 concurrent mark-sweep generation total 393216K, used 14812K [0x00000000e8000000, 0x0000000100000000, 0x0000000100000000)
 Metaspace       used 34646K, capacity 35172K, committed 35552K, reserved 1081344K
  class space    used 3625K, capacity 3782K, committed 3836K, reserved 1048576K
2017-03-31T04:58:49.402+0200: 390.129: [GC (Allocation Failure) 2017-03-31T04:58:49.402+0200: 390.129: [ParNew
Desired survivor size 20112992 bytes, new threshold 8 (max 8)
- age   1:    3573320 bytes,    3573320 total
- age   2:    3751040 bytes,    7324360 total
- age   3:    1863584 bytes,    9187944 total
- age   4:       4160 bytes,    9192104 total
- age   5:       4608 bytes,    9196712 total
- age   6:       7080 bytes,    9203792 total
- age   7:       6584 bytes,    9210376 total
- age   8:       2728 bytes,    9213104 total
: 96159K->11296K(109248K), 0.0301736 secs] 110971K->26115K(502464K), 0.0302399 secs] [Times: user=0.03 sys=0.00, real=0.03 secs] 
Heap after GC invocations=318 (full 1):
 par new generation   total 109248K, used 11296K [0x00000000e0000000, 0x00000000e8000000, 0x00000000e8000000)
  eden space 87424K,   0% used [0x00000000e0000000, 0x00000000e0000000, 0x00000000e5560000)
  from space 21824K,  51% used [0x00000000e5560000, 0x00000000e6068290, 0x00000000e6ab0000)
  to   space 21824K,   0% used [0x00000000e6ab0000, 0x00000000e6ab0000, 0x00000000e8000000)
 concurrent mark-sweep generation total 393216K, used 14819K [0x00000000e8000000, 0x0000000100000000, 0x0000000100000000)
 Metaspace       used 34646K, capacity 35172K, committed 35552K, reserved 1081344K
  class space    used 3625K, capacity 3782K, committed 3836K, reserved 1048576K
}
2017-03-31T04:58:49.433+0200: 390.159: Total time for which application threads were stopped: 0.0304300 seconds, Stopping threads took: 0.0000313 seconds
{Heap before GC invocations=318 (full 1):
 par new generation   total 109248K, used 98720K [0x00000000e0000000, 0x00000000e8000000, 0x00000000e8000000)
  eden space 87424K, 100% used [0x00000000e0000000, 0x00000000e5560000, 0x00000000e5560000)
  from space 21824K,  51% used [0x00000000e5560000, 0x00000000e6068290, 0x00000000e6ab0000)
  to   space 21824K,   0% used [0x00000000e6ab0000, 0x00000000e6ab0000, 0x00000000e8000000)
 concurrent mark-sweep generation total 393216K, used 14819K [0x00000000e8000000, 0x0000000100000000, 0x0000000100000000)
 Metaspace       used 34646K, capacity 35172K, committed 35552K, reserved 1081344K
  class space    used 3625K, capacity 3782K, committed 3836K, reserved 1048576K
2017-03-31T04:58:49.823+0200: 390.549: [GC (Allocation Failure) 2017-03-31T04:58:49.823+0200: 390.549: [ParNew
Desired survivor size 20112992 bytes, new threshold 8 (max 8)
- age   1:    3804280 bytes,    3804280 total
- age   2:    2825216 bytes,    6629496 total
- age   3:     966576 bytes,    7596072 total
- age   4:       6904 bytes,    7602976 total
- age   5:       4160 bytes,    7607136 total
- age   6:       4352 bytes,    7611488 total
- age   7:       6952 bytes,    7618440 total
- age   8:       6584 bytes,    7625024 total
: 98720K->13126K(109248K), 0.0199575 secs] 113539K->27948K(502464K), 0.0200881 secs] [Times: user=0.02 sys=0.00, real=0.02 secs] 
Heap after GC invocations=319 (full 1):
 par new generation   total 109248K, used 13126K [0x00000000e0000000, 0x00000000e8000000, 0x00000000e8000000)
  eden space 87424K,   0% used [0x00000000e0000000, 0x00000000e0000000, 0x00000000e5560000)
  from space 21824K,  60% used [0x00000000e6ab0000, 0x00000000e7781b00, 0x00000000e8000000)
  to   space 21824K,   0% used [0x00000000e5560000, 0x00000000e5560000, 0x00000000e6ab0000)
 concurrent mark-sweep generation total 393216K, used 14821K [0x00000000e8000000, 0x0000000100000000, 0x0000000100000000)
 Metaspace       used 34646K, capacity 35172K, committed 35552K, reserved 1081344K
  class space    used 3625K, capacity 3782K, committed 3836K, reserved 1048576K
}
2017-03-31T04:58:49.843+0200: 390.569: Total time for which application threads were stopped: 0.0204362 seconds, Stopping threads took: 0.0000316 seconds
{Heap before GC invocations=319 (full 1):
 par new generation   total 109248K, used 100550K [0x00000000e0000000, 0x00000000e8000000, 0x00000000e8000000)
  eden space 87424K, 100% used [0x00000000e0000000, 0x00000000e5560000, 0x00000000e5560000)
  from space 21824K,  60% used [0x00000000e6ab0000, 0x00000000e7781b00, 0x00000000e8000000)
  to   space 21824K,   0% used [0x00000000e5560000, 0x00000000e5560000, 0x00000000e6ab0000)
 concurrent mark-sweep generation total 393216K, used 14821K [0x00000000e8000000, 0x0000000100000000, 0x0000000100000000)
 Metaspace       used 34646K, capacity 35172K, committed 35552K, reserved 1081344K
  class space    used 3625K, capacity 3782K, committed 3836K, reserved 1048576K
2017-03-31T04:58:50.368+0200: 391.095: [GC (Allocation Failure) 2017-03-31T04:58:50.368+0200: 391.095: [ParNew
Desired survivor size 20112992 bytes, new threshold 8 (max 8)
- age   1:    4534352 bytes,    4534352 total
- age   2:    2366176 bytes,    6900528 total
- age   3:       9808 bytes,    6910336 total
- age   4:       6944 bytes,    6917280 total
- age   5:       6712 bytes,    6923992 total
- age   6:       4160 bytes,    6928152 total
- age   7:       4352 bytes,    6932504 total
- age   8:       6952 bytes,    6939456 total
: 100550K->10276K(109248K), 0.0284234 secs] 115372K->25104K(502464K), 0.0284947 secs] [Times: user=0.03 sys=0.00, real=0.02 secs] 
Heap after GC invocations=320 (full 1):
 par new generation   total 109248K, used 10276K [0x00000000e0000000, 0x00000000e8000000, 0x00000000e8000000)
  eden space 87424K,   0% used [0x00000000e0000000, 0x00000000e0000000, 0x00000000e5560000)
  from space 21824K,  47% used [0x00000000e5560000, 0x00000000e5f69148, 0x00000000e6ab0000)
  to   space 21824K,   0% used [0x00000000e6ab0000, 0x00000000e6ab0000, 0x00000000e8000000)
 concurrent mark-sweep generation total 393216K, used 14828K [0x00000000e8000000, 0x0000000100000000, 0x0000000100000000)
 Metaspace       used 34646K, capacity 35172K, committed 35552K, reserved 1081344K
  class space    used 3625K, capacity 3782K, committed 3836K, reserved 1048576K
}
2017-03-31T04:58:50.397+0200: 391.123: Total time for which application threads were stopped: 0.0286648 seconds, Stopping threads took: 0.0000390 seconds
{Heap before GC invocations=320 (full 1):
 par new generation   total 109248K, used 97700K [0x00000000e0000000, 0x00000000e8000000, 0x00000000e8000000)
  eden space 87424K, 100% used [0x00000000e0000000, 0x00000000e5560000, 0x00000000e5560000)
  from space 21824K,  47% used [0x00000000e5560000, 0x00000000e5f69148, 0x00000000e6ab0000)
  to   space 21824K,   0% used [0x00000000e6ab0000, 0x00000000e6ab0000, 0x00000000e8000000)
 concurrent mark-sweep generation total 393216K, used 14828K [0x00000000e8000000, 0x0000000100000000, 0x0000000100000000)
 Metaspace       used 34646K, capacity 35172K, committed 35552K, reserved 1081344K
  class space    used 3625K, capacity 3782K, committed 3836K, reserved 1048576K
2017-03-31T04:58:50.780+0200: 391.507: [GC (Allocation Failure) 2017-03-31T04:58:50.780+0200: 391.507: [ParNew
Desired survivor size 20112992 bytes, new threshold 8 (max 8)
- age   1:    3467200 bytes,    3467200 total
- age   2:    1914152 bytes,    5381352 total
- age   3:      14952 bytes,    5396304 total
- age   4:       9152 bytes,    5405456 total
- age   5:       6752 bytes,    5412208 total
- age   6:       6712 bytes,    5418920 total
- age   7:       4160 bytes,    5423080 total
- age   8:       4352 bytes,    5427432 total
: 97700K->7885K(109248K), 0.0202846 secs] 112528K->22720K(502464K), 0.0203574 secs] [Times: user=0.02 sys=0.00, real=0.02 secs] 
Heap after GC invocations=321 (full 1):
 par new generation   total 109248K, used 7885K [0x00000000e0000000, 0x00000000e8000000, 0x00000000e8000000)
  eden space 87424K,   0% used [0x00000000e0000000, 0x00000000e0000000, 0x00000000e5560000)
  from space 21824K,  36% used [0x00000000e6ab0000, 0x00000000e72634e0, 0x00000000e8000000)
  to   space 21824K,   0% used [0x00000000e5560000, 0x00000000e5560000, 0x00000000e6ab0000)
 concurrent mark-sweep generation total 393216K, used 14834K [0x00000000e8000000, 0x0000000100000000, 0x0000000100000000)
 Metaspace       used 34646K, capacity 35172K, committed 35552K, reserved 1081344K
  class space    used 3625K, capacity 3782K, committed 3836K, reserved 1048576K
}
2017-03-31T04:58:50.801+0200: 391.527: Total time for which application threads were stopped: 0.0206363 seconds, Stopping threads took: 0.0000329 seconds
{Heap before GC invocations=321 (full 1):
 par new generation   total 109248K, used 95309K [0x00000000e0000000, 0x00000000e8000000, 0x00000000e8000000)
  eden space 87424K, 100% used [0x00000000e0000000, 0x00000000e5560000, 0x00000000e5560000)
  from space 21824K,  36% used [0x00000000e6ab0000, 0x00000000e72634e0, 0x00000000e8000000)
  to   space 21824K,   0% used [0x00000000e5560000, 0x00000000e5560000, 0x00000000e6ab0000)
 concurrent mark-sweep generation total 393216K, used 14834K [0x00000000e8000000, 0x0000000100000000, 0x0000000100000000)
 Metaspace       used 34647K, capacity 35172K, committed 35552K, reserved 1081344K
  class space    used 3625K, capacity 3782K, committed 3836K, reserved 1048576K
2017-03-31T04:58:51.094+0200: 391.820: [GC (Allocation Failure) 2017-03-31T04:58:51.094+0200: 391.820: [ParNew
Desired survivor size 20112992 bytes, new threshold 8 (max 8)
- age   1:    3517520 bytes,    3517520 total
- age   2:    2931592 bytes,    6449112 total
- age   3:    1601648 bytes,    8050760 total
- age   4:       5864 bytes,    8056624 total
- age   5:       8944 bytes,    8065568 total
- age   6:       6752 bytes,    8072320 total
- age   7:       6712 bytes,    8079032 total
- age   8:       4136 bytes,    8083168 total
: 95309K->9917K(109248K), 0.0235293 secs] 110144K->24756K(502464K), 0.0236098 secs] [Times: user=0.03 sys=0.00, real=0.02 secs] 
Heap after GC invocations=322 (full 1):
 par new generation   total 109248K, used 9917K [0x00000000e0000000, 0x00000000e8000000, 0x00000000e8000000)
  eden space 87424K,   0% used [0x00000000e0000000, 0x00000000e0000000, 0x00000000e5560000)
  from space 21824K,  45% used [0x00000000e5560000, 0x00000000e5f0f650, 0x00000000e6ab0000)
  to   space 21824K,   0% used [0x00000000e6ab0000, 0x00000000e6ab0000, 0x00000000e8000000)
 concurrent mark-sweep generation total 393216K, used 14839K [0x00000000e8000000, 0x0000000100000000, 0x0000000100000000)
 Metaspace       used 34647K, capacity 35172K, committed 35552K, reserved 1081344K
  class space    used 3625K, capacity 3782K, committed 3836K, reserved 1048576K
}
2017-03-31T04:58:51.117+0200: 391.844: Total time for which application threads were stopped: 0.0241063 seconds, Stopping threads took: 0.0001835 seconds
{Heap before GC invocations=322 (full 1):
 par new generation   total 109248K, used 97341K [0x00000000e0000000, 0x00000000e8000000, 0x00000000e8000000)
  eden space 87424K, 100% used [0x00000000e0000000, 0x00000000e5560000, 0x00000000e5560000)
  from space 21824K,  45% used [0x00000000e5560000, 0x00000000e5f0f650, 0x00000000e6ab0000)
  to   space 21824K,   0% used [0x00000000e6ab0000, 0x00000000e6ab0000, 0x00000000e8000000)
 concurrent mark-sweep generation total 393216K, used 14839K [0x00000000e8000000, 0x0000000100000000, 0x0000000100000000)
 Metaspace       used 34648K, capacity 35172K, committed 35552K, reserved 1081344K
  class space    used 3625K, capacity 3782K, committed 3836K, reserved 1048576K
2017-03-31T04:58:51.532+0200: 392.259: [GC (Allocation Failure) 2017-03-31T04:58:51.532+0200: 392.259: [ParNew
Desired survivor size 20112992 bytes, new threshold 8 (max 8)
- age   1:    4560128 bytes,    4560128 total
- age   2:    2830664 bytes,    7390792 total
- age   3:      10944 bytes,    7401736 total
- age   4:       7616 bytes,    7409352 total
- age   5:       5480 bytes,    7414832 total
- age   6:       8944 bytes,    7423776 total
- age   7:       6752 bytes,    7430528 total
- age   8:       6648 bytes,    7437176 total
: 97341K->11517K(109248K), 0.0241608 secs] 112180K->26360K(502464K), 0.0242335 secs] [Times: user=0.03 sys=0.00, real=0.02 secs] 
Heap after GC invocations=323 (full 1):
 par new generation   total 109248K, used 11517K [0x00000000e0000000, 0x00000000e8000000, 0x00000000e8000000)
  eden space 87424K,   0% used [0x00000000e0000000, 0x00000000e0000000, 0x00000000e5560000)
  from space 21824K,  52% used [0x00000000e6ab0000, 0x00000000e75ef680, 0x00000000e8000000)
  to   space 21824K,   0% used [0x00000000e5560000, 0x00000000e5560000, 0x00000000e6ab0000)
 concurrent mark-sweep generation total 393216K, used 14843K [0x00000000e8000000, 0x0000000100000000, 0x0000000100000000)
 Metaspace       used 34648K, capacity 35172K, committed 35552K, reserved 1081344K
  class space    used 3625K, capacity 3782K, committed 3836K, reserved 1048576K
}
2017-03-31T04:58:51.557+0200: 392.283: Total time for which application threads were stopped: 0.0243991 seconds, Stopping threads took: 0.0000274 seconds
{Heap before GC invocations=323 (full 1):
 par new generation   total 109248K, used 98941K [0x00000000e0000000, 0x00000000e8000000, 0x00000000e8000000)
  eden space 87424K, 100% used [0x00000000e0000000, 0x00000000e5560000, 0x00000000e5560000)
  from space 21824K,  52% used [0x00000000e6ab0000, 0x00000000e75ef680, 0x00000000e8000000)
  to   space 21824K,   0% used [0x00000000e5560000, 0x00000000e5560000, 0x00000000e6ab0000)
 concurrent mark-sweep generation total 393216K, used 14843K [0x00000000e8000000, 0x0000000100000000, 0x0000000100000000)
 Metaspace       used 34648K, capacity 35172K, committed 35552K, reserved 1081344K
  class space    used 3625K, capacity 3782K, committed 3836K, reserved 1048576K
2017-03-31T04:58:51.965+0200: 392.691: [GC (Allocation Failure) 2017-03-31T04:58:51.965+0200: 392.691: [ParNew
Desired survivor size 20112992 bytes, new threshold 8 (max 8)
- age   1:    3953744 bytes,    3953744 total
- age   2:    2230696 bytes,    6184440 total
- age   3:       4232 bytes,    6188672 total
- age   4:      10752 bytes,    6199424 total
- age   5:       7232 bytes,    6206656 total
- age   6:       5480 bytes,    6212136 total
- age   7:       3496 bytes,    6215632 total
- age   8:       6752 bytes,    6222384 total
: 98941K->8652K(109248K), 0.0227308 secs] 113784K->23502K(502464K), 0.0228014 secs] [Times: user=0.02 sys=0.00, real=0.02 secs] 
Heap after GC invocations=324 (full 1):
 par new generation   total 109248K, used 8652K [0x00000000e0000000, 0x00000000e8000000, 0x00000000e8000000)
  eden space 87424K,   0% used [0x00000000e0000000, 0x00000000e0000000, 0x00000000e5560000)
  from space 21824K,  39% used [0x00000000e5560000, 0x00000000e5dd32f0, 0x00000000e6ab0000)
  to   space 21824K,   0% used [0x00000000e6ab0000, 0x00000000e6ab0000, 0x00000000e8000000)
 concurrent mark-sweep generation total 393216K, used 14849K [0x00000000e8000000, 0x0000000100000000, 0x0000000100000000)
 Metaspace       used 34648K, capacity 35172K, committed 35552K, reserved 1081344K
  class space    used 3625K, capacity 3782K, committed 3836K, reserved 1048576K
}
2017-03-31T04:58:51.988+0200: 392.714: Total time for which application threads were stopped: 0.0229900 seconds, Stopping threads took: 0.0000315 seconds
{Heap before GC invocations=324 (full 1):
 par new generation   total 109248K, used 96076K [0x00000000e0000000, 0x00000000e8000000, 0x00000000e8000000)
  eden space 87424K, 100% used [0x00000000e0000000, 0x00000000e5560000, 0x00000000e5560000)
  from space 21824K,  39% used [0x00000000e5560000, 0x00000000e5dd32f0, 0x00000000e6ab0000)
  to   space 21824K,   0% used [0x00000000e6ab0000, 0x00000000e6ab0000, 0x00000000e8000000)
 concurrent mark-sweep generation total 393216K, used 14849K [0x00000000e8000000, 0x0000000100000000, 0x0000000100000000)
 Metaspace       used 34648K, capacity 35172K, committed 35552K, reserved 1081344K
  class space    used 3625K, capacity 3782K, committed 3836K, reserved 1048576K
2017-03-31T04:58:52.239+0200: 392.965: [GC (Allocation Failure) 2017-03-31T04:58:52.239+0200: 392.965: [ParNew
Desired survivor size 20112992 bytes, new threshold 8 (max 8)
- age   1:    3504984 bytes,    3504984 total
- age   2:    3658288 bytes,    7163272 total
- age   3:    1995544 bytes,    9158816 total
- age   4:       4232 bytes,    9163048 total
- age   5:      10752 bytes,    9173800 total
- age   6:       7232 bytes,    9181032 total
- age   7:       5480 bytes,    9186512 total
- age   8:       3472 bytes,    9189984 total
: 96076K->11003K(109248K), 0.0317911 secs] 110926K->25860K(502464K), 0.0318624 secs] [Times: user=0.03 sys=0.00, real=0.03 secs] 
Heap after GC invocations=325 (full 1):
 par new generation   total 109248K, used 11003K [0x00000000e0000000, 0x00000000e8000000, 0x00000000e8000000)
  eden space 87424K,   0% used [0x00000000e0000000, 0x00000000e0000000, 0x00000000e5560000)
  from space 21824K,  50% used [0x00000000e6ab0000, 0x00000000e756ef90, 0x00000000e8000000)
  to   space 21824K,   0% used [0x00000000e5560000, 0x00000000e5560000, 0x00000000e6ab0000)
 concurrent mark-sweep generation total 393216K, used 14856K [0x00000000e8000000, 0x0000000100000000, 0x0000000100000000)
 Metaspace       used 34648K, capacity 35172K, committed 35552K, reserved 1081344K
  class space    used 3625K, capacity 3782K, committed 3836K, reserved 1048576K
}
2017-03-31T04:58:52.271+0200: 392.997: Total time for which application threads were stopped: 0.0320202 seconds, Stopping threads took: 0.0000210 seconds
{Heap before GC invocations=325 (full 1):
 par new generation   total 109248K, used 98427K [0x00000000e0000000, 0x00000000e8000000, 0x00000000e8000000)
  eden space 87424K, 100% used [0x00000000e0000000, 0x00000000e5560000, 0x00000000e5560000)
  from space 21824K,  50% used [0x00000000e6ab0000, 0x00000000e756ef90, 0x00000000e8000000)
  to   space 21824K,   0% used [0x00000000e5560000, 0x00000000e5560000, 0x00000000e6ab0000)
 concurrent mark-sweep generation total 393216K, used 14856K [0x00000000e8000000, 0x0000000100000000, 0x0000000100000000)
 Metaspace       used 34648K, capacity 35172K, committed 35552K, reserved 1081344K
  class space    used 3625K, capacity 3782K, committed 3836K, reserved 1048576K
2017-03-31T04:58:52.684+0200: 393.410: [GC (Allocation Failure) 2017-03-31T04:58:52.684+0200: 393.410: [ParNew
Desired survivor size 20112992 bytes, new threshold 8 (max 8)
- age   1:    3844152 bytes,    3844152 total
- age   2:    2832112 bytes,    6676264 total
- age   3:     976248 bytes,    7652512 total
- age   4:      13808 bytes,    7666320 total
- age   5:       4232 bytes,    7670552 total
- age   6:      10560 bytes,    7681112 total
- age   7:       7232 bytes,    7688344 total
- age   8:       5480 bytes,    7693824 total
: 98427K->13154K(109248K), 0.0194524 secs] 113284K->28014K(502464K), 0.0195236 secs] [Times: user=0.02 sys=0.00, real=0.02 secs] 
Heap after GC invocations=326 (full 1):
 par new generation   total 109248K, used 13154K [0x00000000e0000000, 0x00000000e8000000, 0x00000000e8000000)
  eden space 87424K,   0% used [0x00000000e0000000, 0x00000000e0000000, 0x00000000e5560000)
  from space 21824K,  60% used [0x00000000e5560000, 0x00000000e6238ac8, 0x00000000e6ab0000)
  to   space 21824K,   0% used [0x00000000e6ab0000, 0x00000000e6ab0000, 0x00000000e8000000)
 concurrent mark-sweep generation total 393216K, used 14859K [0x00000000e8000000, 0x0000000100000000, 0x0000000100000000)
 Metaspace       used 34648K, capacity 35172K, committed 35552K, reserved 1081344K
  class space    used 3625K, capacity 3782K, committed 3836K, reserved 1048576K
}
2017-03-31T04:58:52.703+0200: 393.429: Total time for which application threads were stopped: 0.0217006 seconds, Stopping threads took: 0.0020193 seconds
{Heap before GC invocations=326 (full 1):
 par new generation   total 109248K, used 100578K [0x00000000e0000000, 0x00000000e8000000, 0x00000000e8000000)
  eden space 87424K, 100% used [0x00000000e0000000, 0x00000000e5560000, 0x00000000e5560000)
  from space 21824K,  60% used [0x00000000e5560000, 0x00000000e6238ac8, 0x00000000e6ab0000)
  to   space 21824K,   0% used [0x00000000e6ab0000, 0x00000000e6ab0000, 0x00000000e8000000)
 concurrent mark-sweep generation total 393216K, used 14859K [0x00000000e8000000, 0x0000000100000000, 0x0000000100000000)
 Metaspace       used 34648K, capacity 35172K, committed 35552K, reserved 1081344K
  class space    used 3625K, capacity 3782K, committed 3836K, reserved 1048576K
2017-03-31T04:58:53.132+0200: 393.859: [GC (Allocation Failure) 2017-03-31T04:58:53.132+0200: 393.859: [ParNew
Desired survivor size 20112992 bytes, new threshold 8 (max 8)
- age   1:    4460712 bytes,    4460712 total
- age   2:    2422048 bytes,    6882760 total
- age   3:       3472 bytes,    6886232 total
- age   4:       6448 bytes,    6892680 total
- age   5:      12752 bytes,    6905432 total
- age   6:       4232 bytes,    6909664 total
- age   7:      10560 bytes,    6920224 total
- age   8:       7232 bytes,    6927456 total
: 100578K->8454K(109248K), 0.0283758 secs] 115438K->23319K(502464K), 0.0284370 secs] [Times: user=0.02 sys=0.00, real=0.03 secs] 
Heap after GC invocations=327 (full 1):
 par new generation   total 109248K, used 8454K [0x00000000e0000000, 0x00000000e8000000, 0x00000000e8000000)
  eden space 87424K,   0% used [0x00000000e0000000, 0x00000000e0000000, 0x00000000e5560000)
  from space 21824K,  38% used [0x00000000e6ab0000, 0x00000000e72f1a58, 0x00000000e8000000)
  to   space 21824K,   0% used [0x00000000e5560000, 0x00000000e5560000, 0x00000000e6ab0000)
 concurrent mark-sweep generation total 393216K, used 14865K [0x00000000e8000000, 0x0000000100000000, 0x0000000100000000)
 Metaspace       used 34648K, capacity 35172K, committed 35552K, reserved 1081344K
  class space    used 3625K, capacity 3782K, committed 3836K, reserved 1048576K
}
2017-03-31T04:58:53.161+0200: 393.887: Total time for which application threads were stopped: 0.0285964 seconds, Stopping threads took: 0.0000330 seconds
{Heap before GC invocations=327 (full 1):
 par new generation   total 109248K, used 95878K [0x00000000e0000000, 0x00000000e8000000, 0x00000000e8000000)
  eden space 87424K, 100% used [0x00000000e0000000, 0x00000000e5560000, 0x00000000e5560000)
  from space 21824K,  38% used [0x00000000e6ab0000, 0x00000000e72f1a58, 0x00000000e8000000)
  to   space 21824K,   0% used [0x00000000e5560000, 0x00000000e5560000, 0x00000000e6ab0000)
 concurrent mark-sweep generation total 393216K, used 14865K [0x00000000e8000000, 0x0000000100000000, 0x0000000100000000)
 Metaspace       used 34648K, capacity 35172K, committed 35552K, reserved 1081344K
  class space    used 3625K, capacity 3782K, committed 3836K, reserved 1048576K
2017-03-31T04:58:53.485+0200: 394.211: [GC (Allocation Failure) 2017-03-31T04:58:53.485+0200: 394.211: [ParNew
Desired survivor size 20112992 bytes, new threshold 8 (max 8)
- age   1:    3415272 bytes,    3415272 total
- age   2:    1898928 bytes,    5314200 total
- age   3:      14936 bytes,    5329136 total
- age   4:       3472 bytes,    5332608 total
- age   5:       6256 bytes,    5338864 total
- age   6:      12544 bytes,    5351408 total
- age   7:       4232 bytes,    5355640 total
- age   8:      10352 bytes,    5365992 total
: 95878K->9019K(109248K), 0.0290632 secs] 110743K->23892K(502464K), 0.0291372 secs] [Times: user=0.03 sys=0.00, real=0.03 secs] 
Heap after GC invocations=328 (full 1):
 par new generation   total 109248K, used 9019K [0x00000000e0000000, 0x00000000e8000000, 0x00000000e8000000)
  eden space 87424K,   0% used [0x00000000e0000000, 0x00000000e0000000, 0x00000000e5560000)
  from space 21824K,  41% used [0x00000000e5560000, 0x00000000e5e2ef80, 0x00000000e6ab0000)
  to   space 21824K,   0% used [0x00000000e6ab0000, 0x00000000e6ab0000, 0x00000000e8000000)
 concurrent mark-sweep generation total 393216K, used 14872K [0x00000000e8000000, 0x0000000100000000, 0x0000000100000000)
 Metaspace       used 34648K, capacity 35172K, committed 35552K, reserved 1081344K
  class space    used 3625K, capacity 3782K, committed 3836K, reserved 1048576K
}
2017-03-31T04:58:53.514+0200: 394.241: Total time for which application threads were stopped: 0.0293009 seconds, Stopping threads took: 0.0000216 seconds
{Heap before GC invocations=328 (full 1):
 par new generation   total 109248K, used 96443K [0x00000000e0000000, 0x00000000e8000000, 0x00000000e8000000)
  eden space 87424K, 100% used [0x00000000e0000000, 0x00000000e5560000, 0x00000000e5560000)
  from space 21824K,  41% used [0x00000000e5560000, 0x00000000e5e2ef80, 0x00000000e6ab0000)
  to   space 21824K,   0% used [0x00000000e6ab0000, 0x00000000e6ab0000, 0x00000000e8000000)
 concurrent mark-sweep generation total 393216K, used 14872K [0x00000000e8000000, 0x0000000100000000, 0x0000000100000000)
 Metaspace       used 34648K, capacity 35172K, committed 35552K, reserved 1081344K
  class space    used 3625K, capacity 3782K, committed 3836K, reserved 1048576K
2017-03-31T04:58:53.792+0200: 394.518: [GC (Allocation Failure) 2017-03-31T04:58:53.792+0200: 394.518: [ParNew
Desired survivor size 20112992 bytes, new threshold 8 (max 8)
- age   1:    3500808 bytes,    3500808 total
- age   2:    2888568 bytes,    6389376 total
- age   3:    1587304 bytes,    7976680 total
- age   4:       5848 bytes,    7982528 total
- age   5:       3448 bytes,    7985976 total
- age   6:       6256 bytes,    7992232 total
- age   7:      12544 bytes,    8004776 total
- age   8:       4208 bytes,    8008984 total
: 96443K->9846K(109248K), 0.0394323 secs] 111316K->24729K(502464K), 0.0394988 secs] [Times: user=0.04 sys=0.00, real=0.04 secs] 
Heap after GC invocations=329 (full 1):
 par new generation   total 109248K, used 9846K [0x00000000e0000000, 0x00000000e8000000, 0x00000000e8000000)
  eden space 87424K,   0% used [0x00000000e0000000, 0x00000000e0000000, 0x00000000e5560000)
  from space 21824K,  45% used [0x00000000e6ab0000, 0x00000000e744db40, 0x00000000e8000000)
  to   space 21824K,   0% used [0x00000000e5560000, 0x00000000e5560000, 0x00000000e6ab0000)
 concurrent mark-sweep generation total 393216K, used 14882K [0x00000000e8000000, 0x0000000100000000, 0x0000000100000000)
 Metaspace       used 34648K, capacity 35172K, committed 35552K, reserved 1081344K
  class space    used 3625K, capacity 3782K, committed 3836K, reserved 1048576K
}
2017-03-31T04:58:53.832+0200: 394.558: Total time for which application threads were stopped: 0.0396554 seconds, Stopping threads took: 0.0000275 seconds
{Heap before GC invocations=329 (full 1):
 par new generation   total 109248K, used 97270K [0x00000000e0000000, 0x00000000e8000000, 0x00000000e8000000)
  eden space 87424K, 100% used [0x00000000e0000000, 0x00000000e5560000, 0x00000000e5560000)
  from space 21824K,  45% used [0x00000000e6ab0000, 0x00000000e744db40, 0x00000000e8000000)
  to   space 21824K,   0% used [0x00000000e5560000, 0x00000000e5560000, 0x00000000e6ab0000)
 concurrent mark-sweep generation total 393216K, used 14882K [0x00000000e8000000, 0x0000000100000000, 0x0000000100000000)
 Metaspace       used 34649K, capacity 35172K, committed 35552K, reserved 1081344K
  class space    used 3625K, capacity 3782K, committed 3836K, reserved 1048576K
2017-03-31T04:58:54.269+0200: 394.996: [GC (Allocation Failure) 2017-03-31T04:58:54.269+0200: 394.996: [ParNew
Desired survivor size 20112992 bytes, new threshold 8 (max 8)
- age   1:    4378752 bytes,    4378752 total
- age   2:    2890832 bytes,    7269584 total
- age   3:       5088 bytes,    7274672 total
- age   4:      12384 bytes,    7287056 total
- age   5:       5464 bytes,    7292520 total
- age   6:       3448 bytes,    7295968 total
- age   7:       6064 bytes,    7302032 total
- age   8:      12336 bytes,    7314368 total
: 97270K->13138K(109248K), 0.0263430 secs] 112153K->28025K(502464K), 0.0264171 secs] [Times: user=0.02 sys=0.00, real=0.02 secs] 
Heap after GC invocations=330 (full 1):
 par new generation   total 109248K, used 13138K [0x00000000e0000000, 0x00000000e8000000, 0x00000000e8000000)
  eden space 87424K,   0% used [0x00000000e0000000, 0x00000000e0000000, 0x00000000e5560000)
  from space 21824K,  60% used [0x00000000e5560000, 0x00000000e6234a80, 0x00000000e6ab0000)
  to   space 21824K,   0% used [0x00000000e6ab0000, 0x00000000e6ab0000, 0x00000000e8000000)
 concurrent mark-sweep generation total 393216K, used 14887K [0x00000000e8000000, 0x0000000100000000, 0x0000000100000000)
 Metaspace       used 34649K, capacity 35172K, committed 35552K, reserved 1081344K
  class space    used 3625K, capacity 3782K, committed 3836K, reserved 1048576K
}
2017-03-31T04:58:54.296+0200: 395.022: Total time for which application threads were stopped: 0.0267347 seconds, Stopping threads took: 0.0000290 seconds
{Heap before GC invocations=330 (full 1):
 par new generation   total 109248K, used 100562K [0x00000000e0000000, 0x00000000e8000000, 0x00000000e8000000)
  eden space 87424K, 100% used [0x00000000e0000000, 0x00000000e5560000, 0x00000000e5560000)
  from space 21824K,  60% used [0x00000000e5560000, 0x00000000e6234a80, 0x00000000e6ab0000)
  to   space 21824K,   0% used [0x00000000e6ab0000, 0x00000000e6ab0000, 0x00000000e8000000)
 concurrent mark-sweep generation total 393216K, used 14887K [0x00000000e8000000, 0x0000000100000000, 0x0000000100000000)
 Metaspace       used 34649K, capacity 35172K, committed 35552K, reserved 1081344K
  class space    used 3625K, capacity 3782K, committed 3836K, reserved 1048576K
2017-03-31T04:58:54.707+0200: 395.433: [GC (Allocation Failure) 2017-03-31T04:58:54.707+0200: 395.433: [ParNew
Desired survivor size 20112992 bytes, new threshold 8 (max 8)
- age   1:    4113128 bytes,    4113128 total
- age   2:    2054728 bytes,    6167856 total
- age   3:       4016 bytes,    6171872 total
- age   4:       5088 bytes,    6176960 total
- age   5:      12000 bytes,    6188960 total
- age   6:       5464 bytes,    6194424 total
- age   7:       3448 bytes,    6197872 total
- age   8:       6040 bytes,    6203912 total
: 100562K->8199K(109248K), 0.0231934 secs] 115449K->23099K(502464K), 0.0232592 secs] [Times: user=0.01 sys=0.00, real=0.03 secs] 
Heap after GC invocations=331 (full 1):
 par new generation   total 109248K, used 8199K [0x00000000e0000000, 0x00000000e8000000, 0x00000000e8000000)
  eden space 87424K,   0% used [0x00000000e0000000, 0x00000000e0000000, 0x00000000e5560000)
  from space 21824K,  37% used [0x00000000e6ab0000, 0x00000000e72b1de0, 0x00000000e8000000)
  to   space 21824K,   0% used [0x00000000e5560000, 0x00000000e5560000, 0x00000000e6ab0000)
 concurrent mark-sweep generation total 393216K, used 14899K [0x00000000e8000000, 0x0000000100000000, 0x0000000100000000)
 Metaspace       used 34649K, capacity 35172K, committed 35552K, reserved 1081344K
  class space    used 3625K, capacity 3782K, committed 3836K, reserved 1048576K
}
2017-03-31T04:58:54.730+0200: 395.457: Total time for which application threads were stopped: 0.0234212 seconds, Stopping threads took: 0.0000365 seconds
{Heap before GC invocations=331 (full 1):
 par new generation   total 109248K, used 95623K [0x00000000e0000000, 0x00000000e8000000, 0x00000000e8000000)
  eden space 87424K, 100% used [0x00000000e0000000, 0x00000000e5560000, 0x00000000e5560000)
  from space 21824K,  37% used [0x00000000e6ab0000, 0x00000000e72b1de0, 0x00000000e8000000)
  to   space 21824K,   0% used [0x00000000e5560000, 0x00000000e5560000, 0x00000000e6ab0000)
 concurrent mark-sweep generation total 393216K, used 14899K [0x00000000e8000000, 0x0000000100000000, 0x0000000100000000)
 Metaspace       used 34649K, capacity 35172K, committed 35552K, reserved 1081344K
  class space    used 3625K, capacity 3782K, committed 3836K, reserved 1048576K
2017-03-31T04:58:54.990+0200: 395.717: [GC (Allocation Failure) 2017-03-31T04:58:54.990+0200: 395.717: [ParNew
Desired survivor size 20112992 bytes, new threshold 8 (max 8)
- age   1:    2719592 bytes,    2719592 total
- age   2:    3668424 bytes,    6388016 total
- age   3:    1899920 bytes,    8287936 total
- age   4:       4016 bytes,    8291952 total
- age   5:       5088 bytes,    8297040 total
- age   6:      12000 bytes,    8309040 total
- age   7:       5464 bytes,    8314504 total
- age   8:       3448 bytes,    8317952 total
: 95623K->9806K(109248K), 0.0280292 secs] 110523K->24711K(502464K), 0.0280941 secs] [Times: user=0.02 sys=0.00, real=0.03 secs] 
Heap after GC invocations=332 (full 1):
 par new generation   total 109248K, used 9806K [0x00000000e0000000, 0x00000000e8000000, 0x00000000e8000000)
  eden space 87424K,   0% used [0x00000000e0000000, 0x00000000e0000000, 0x00000000e5560000)
  from space 21824K,  44% used [0x00000000e5560000, 0x00000000e5ef3978, 0x00000000e6ab0000)
  to   space 21824K,   0% used [0x00000000e6ab0000, 0x00000000e6ab0000, 0x00000000e8000000)
 concurrent mark-sweep generation total 393216K, used 14905K [0x00000000e8000000, 0x0000000100000000, 0x0000000100000000)
 Metaspace       used 34649K, capacity 35172K, committed 35552K, reserved 1081344K
  class space    used 3625K, capacity 3782K, committed 3836K, reserved 1048576K
}
2017-03-31T04:58:55.018+0200: 395.745: Total time for which application threads were stopped: 0.0302638 seconds, Stopping threads took: 0.0020214 seconds
{Heap before GC invocations=332 (full 1):
 par new generation   total 109248K, used 97215K [0x00000000e0000000, 0x00000000e8000000, 0x00000000e8000000)
  eden space 87424K,  99% used [0x00000000e0000000, 0x00000000e555c2b8, 0x00000000e5560000)
  from space 21824K,  44% used [0x00000000e5560000, 0x00000000e5ef3978, 0x00000000e6ab0000)
  to   space 21824K,   0% used [0x00000000e6ab0000, 0x00000000e6ab0000, 0x00000000e8000000)
 concurrent mark-sweep generation total 393216K, used 14905K [0x00000000e8000000, 0x0000000100000000, 0x0000000100000000)
 Metaspace       used 34652K, capacity 35172K, committed 35552K, reserved 1081344K
  class space    used 3625K, capacity 3782K, committed 3836K, reserved 1048576K
2017-03-31T04:58:55.403+0200: 396.130: [GC (Allocation Failure) 2017-03-31T04:58:55.403+0200: 396.130: [ParNew
Desired survivor size 20112992 bytes, new threshold 8 (max 8)
- age   1:    4368936 bytes,    4368936 total
- age   2:    2133512 bytes,    6502448 total
- age   3:     990440 bytes,    7492888 total
- age   4:       6976 bytes,    7499864 total
- age   5:       4016 bytes,    7503880 total
- age   6:       4896 bytes,    7508776 total
- age   7:      12000 bytes,    7520776 total
- age   8:       5464 bytes,    7526240 total
: 97215K->11981K(109248K), 0.0288306 secs] 112120K->26890K(502464K), 0.0288970 secs] [Times: user=0.02 sys=0.00, real=0.03 secs] 
Heap after GC invocations=333 (full 1):
 par new generation   total 109248K, used 11981K [0x00000000e0000000, 0x00000000e8000000, 0x00000000e8000000)
  eden space 87424K,   0% used [0x00000000e0000000, 0x00000000e0000000, 0x00000000e5560000)
  from space 21824K,  54% used [0x00000000e6ab0000, 0x00000000e7663660, 0x00000000e8000000)
  to   space 21824K,   0% used [0x00000000e5560000, 0x00000000e5560000, 0x00000000e6ab0000)
 concurrent mark-sweep generation total 393216K, used 14908K [0x00000000e8000000, 0x0000000100000000, 0x0000000100000000)
 Metaspace       used 34652K, capacity 35172K, committed 35552K, reserved 1081344K
  class space    used 3625K, capacity 3782K, committed 3836K, reserved 1048576K
}
2017-03-31T04:58:55.432+0200: 396.159: Total time for which application threads were stopped: 0.0290560 seconds, Stopping threads took: 0.0000294 seconds
{Heap before GC invocations=333 (full 1):
 par new generation   total 109248K, used 99405K [0x00000000e0000000, 0x00000000e8000000, 0x00000000e8000000)
  eden space 87424K, 100% used [0x00000000e0000000, 0x00000000e5560000, 0x00000000e5560000)
  from space 21824K,  54% used [0x00000000e6ab0000, 0x00000000e7663660, 0x00000000e8000000)
  to   space 21824K,   0% used [0x00000000e5560000, 0x00000000e5560000, 0x00000000e6ab0000)
 concurrent mark-sweep generation total 393216K, used 14908K [0x00000000e8000000, 0x0000000100000000, 0x0000000100000000)
 Metaspace       used 34652K, capacity 35172K, committed 35552K, reserved 1081344K
  class space    used 3625K, capacity 3782K, committed 3836K, reserved 1048576K
2017-03-31T04:58:55.926+0200: 396.652: [GC (Allocation Failure) 2017-03-31T04:58:55.926+0200: 396.652: [ParNew
Desired survivor size 20112992 bytes, new threshold 8 (max 8)
- age   1:    4446168 bytes,    4446168 total
- age   2:    2457504 bytes,    6903672 total
- age   3:       2488 bytes,    6906160 total
- age   4:       6864 bytes,    6913024 total
- age   5:       6760 bytes,    6919784 total
- age   6:       4016 bytes,    6923800 total
- age   7:       4896 bytes,    6928696 total
- age   8:      11976 bytes,    6940672 total
: 99405K->8872K(109248K), 0.0408663 secs] 114314K->23787K(502464K), 0.0409365 secs] [Times: user=0.04 sys=0.00, real=0.04 secs] 
Heap after GC invocations=334 (full 1):
 par new generation   total 109248K, used 8872K [0x00000000e0000000, 0x00000000e8000000, 0x00000000e8000000)
  eden space 87424K,   0% used [0x00000000e0000000, 0x00000000e0000000, 0x00000000e5560000)
  from space 21824K,  40% used [0x00000000e5560000, 0x00000000e5e0a340, 0x00000000e6ab0000)
  to   space 21824K,   0% used [0x00000000e6ab0000, 0x00000000e6ab0000, 0x00000000e8000000)
 concurrent mark-sweep generation total 393216K, used 14914K [0x00000000e8000000, 0x0000000100000000, 0x0000000100000000)
 Metaspace       used 34652K, capacity 35172K, committed 35552K, reserved 1081344K
  class space    used 3625K, capacity 3782K, committed 3836K, reserved 1048576K
}
2017-03-31T04:58:55.967+0200: 396.693: Total time for which application threads were stopped: 0.0410917 seconds, Stopping threads took: 0.0000305 seconds
{Heap before GC invocations=334 (full 1):
 par new generation   total 109248K, used 96296K [0x00000000e0000000, 0x00000000e8000000, 0x00000000e8000000)
  eden space 87424K, 100% used [0x00000000e0000000, 0x00000000e5560000, 0x00000000e5560000)
  from space 21824K,  40% used [0x00000000e5560000, 0x00000000e5e0a340, 0x00000000e6ab0000)
  to   space 21824K,   0% used [0x00000000e6ab0000, 0x00000000e6ab0000, 0x00000000e8000000)
 concurrent mark-sweep generation total 393216K, used 14914K [0x00000000e8000000, 0x0000000100000000, 0x0000000100000000)
 Metaspace       used 34652K, capacity 35172K, committed 35552K, reserved 1081344K
  class space    used 3625K, capacity 3782K, committed 3836K, reserved 1048576K
2017-03-31T04:58:56.388+0200: 397.114: [GC (Allocation Failure) 2017-03-31T04:58:56.388+0200: 397.114: [ParNew
Desired survivor size 20112992 bytes, new threshold 8 (max 8)
- age   1:    3002128 bytes,    3002128 total
- age   2:    1983176 bytes,    4985304 total
- age   3:      17392 bytes,    5002696 total
- age   4:       2488 bytes,    5005184 total
- age   5:       6736 bytes,    5011920 total
- age   6:       6760 bytes,    5018680 total
- age   7:       4016 bytes,    5022696 total
- age   8:       4896 bytes,    5027592 total
: 96296K->6858K(109248K), 0.0202791 secs] 111211K->21784K(502464K), 0.0203417 secs] [Times: user=0.01 sys=0.01, real=0.02 secs] 
Heap after GC invocations=335 (full 1):
 par new generation   total 109248K, used 6858K [0x00000000e0000000, 0x00000000e8000000, 0x00000000e8000000)
  eden space 87424K,   0% used [0x00000000e0000000, 0x00000000e0000000, 0x00000000e5560000)
  from space 21824K,  31% used [0x00000000e6ab0000, 0x00000000e7162840, 0x00000000e8000000)
  to   space 21824K,   0% used [0x00000000e5560000, 0x00000000e5560000, 0x00000000e6ab0000)
 concurrent mark-sweep generation total 393216K, used 14926K [0x00000000e8000000, 0x0000000100000000, 0x0000000100000000)
 Metaspace       used 34652K, capacity 35172K, committed 35552K, reserved 1081344K
  class space    used 3625K, capacity 3782K, committed 3836K, reserved 1048576K
}
2017-03-31T04:58:56.408+0200: 397.134: Total time for which application threads were stopped: 0.0205222 seconds, Stopping threads took: 0.0000305 seconds
{Heap before GC invocations=335 (full 1):
 par new generation   total 109248K, used 94282K [0x00000000e0000000, 0x00000000e8000000, 0x00000000e8000000)
  eden space 87424K, 100% used [0x00000000e0000000, 0x00000000e5560000, 0x00000000e5560000)
  from space 21824K,  31% used [0x00000000e6ab0000, 0x00000000e7162840, 0x00000000e8000000)
  to   space 21824K,   0% used [0x00000000e5560000, 0x00000000e5560000, 0x00000000e6ab0000)
 concurrent mark-sweep generation total 393216K, used 14926K [0x00000000e8000000, 0x0000000100000000, 0x0000000100000000)
 Metaspace       used 34652K, capacity 35172K, committed 35552K, reserved 1081344K
  class space    used 3625K, capacity 3782K, committed 3836K, reserved 1048576K
2017-03-31T04:58:56.804+0200: 397.530: [GC (Allocation Failure) 2017-03-31T04:58:56.804+0200: 397.530: [ParNew
Desired survivor size 20112992 bytes, new threshold 8 (max 8)
- age   1:    3872088 bytes,    3872088 total
- age   2:    2663080 bytes,    6535168 total
- age   3:    1675456 bytes,    8210624 total
- age   4:       7664 bytes,    8218288 total
- age   5:       2488 bytes,    8220776 total
- age   6:       6672 bytes,    8227448 total
- age   7:       6760 bytes,    8234208 total
- age   8:       4016 bytes,    8238224 total
: 94282K->9444K(109248K), 0.0290842 secs] 109208K->24375K(502464K), 0.0291507 secs] [Times: user=0.03 sys=0.00, real=0.03 secs] 
Heap after GC invocations=336 (full 1):
 par new generation   total 109248K, used 9444K [0x00000000e0000000, 0x00000000e8000000, 0x00000000e8000000)
  eden space 87424K,   0% used [0x00000000e0000000, 0x00000000e0000000, 0x00000000e5560000)
  from space 21824K,  43% used [0x00000000e5560000, 0x00000000e5e99220, 0x00000000e6ab0000)
  to   space 21824K,   0% used [0x00000000e6ab0000, 0x00000000e6ab0000, 0x00000000e8000000)
 concurrent mark-sweep generation total 393216K, used 14931K [0x00000000e8000000, 0x0000000100000000, 0x0000000100000000)
 Metaspace       used 34652K, capacity 35172K, committed 35552K, reserved 1081344K
  class space    used 3625K, capacity 3782K, committed 3836K, reserved 1048576K
}
2017-03-31T04:58:56.833+0200: 397.559: Total time for which application threads were stopped: 0.0405284 seconds, Stopping threads took: 0.0112166 seconds
{Heap before GC invocations=336 (full 1):
 par new generation   total 109248K, used 96853K [0x00000000e0000000, 0x00000000e8000000, 0x00000000e8000000)
  eden space 87424K,  99% used [0x00000000e0000000, 0x00000000e555c458, 0x00000000e5560000)
  from space 21824K,  43% used [0x00000000e5560000, 0x00000000e5e99220, 0x00000000e6ab0000)
  to   space 21824K,   0% used [0x00000000e6ab0000, 0x00000000e6ab0000, 0x00000000e8000000)
 concurrent mark-sweep generation total 393216K, used 14931K [0x00000000e8000000, 0x0000000100000000, 0x0000000100000000)
 Metaspace       used 34652K, capacity 35172K, committed 35552K, reserved 1081344K
  class space    used 3625K, capacity 3782K, committed 3836K, reserved 1048576K
2017-03-31T04:58:57.344+0200: 398.070: [GC (Allocation Failure) 2017-03-31T04:58:57.344+0200: 398.070: [ParNew
Desired survivor size 20112992 bytes, new threshold 8 (max 8)
- age   1:    4379928 bytes,    4379928 total
- age   2:    2822440 bytes,    7202368 total
- age   3:       4712 bytes,    7207080 total
- age   4:       6576 bytes,    7213656 total
- age   5:       7472 bytes,    7221128 total
- age   6:       2488 bytes,    7223616 total
- age   7:       6480 bytes,    7230096 total
- age   8:       6760 bytes,    7236856 total
: 96853K->11739K(109248K), 0.0253489 secs] 111784K->26675K(502464K), 0.0254243 secs] [Times: user=0.02 sys=0.00, real=0.02 secs] 
Heap after GC invocations=337 (full 1):
 par new generation   total 109248K, used 11739K [0x00000000e0000000, 0x00000000e8000000, 0x00000000e8000000)
  eden space 87424K,   0% used [0x00000000e0000000, 0x00000000e0000000, 0x00000000e5560000)
  from space 21824K,  53% used [0x00000000e6ab0000, 0x00000000e7626f80, 0x00000000e8000000)
  to   space 21824K,   0% used [0x00000000e5560000, 0x00000000e5560000, 0x00000000e6ab0000)
 concurrent mark-sweep generation total 393216K, used 14935K [0x00000000e8000000, 0x0000000100000000, 0x0000000100000000)
 Metaspace       used 34652K, capacity 35172K, committed 35552K, reserved 1081344K
  class space    used 3625K, capacity 3782K, committed 3836K, reserved 1048576K
}
2017-03-31T04:58:57.369+0200: 398.096: Total time for which application threads were stopped: 0.0255793 seconds, Stopping threads took: 0.0000318 seconds
{Heap before GC invocations=337 (full 1):
 par new generation   total 109248K, used 99142K [0x00000000e0000000, 0x00000000e8000000, 0x00000000e8000000)
  eden space 87424K,  99% used [0x00000000e0000000, 0x00000000e555a9b0, 0x00000000e5560000)
  from space 21824K,  53% used [0x00000000e6ab0000, 0x00000000e7626f80, 0x00000000e8000000)
  to   space 21824K,   0% used [0x00000000e5560000, 0x00000000e5560000, 0x00000000e6ab0000)
 concurrent mark-sweep generation total 393216K, used 14935K [0x00000000e8000000, 0x0000000100000000, 0x0000000100000000)
 Metaspace       used 34652K, capacity 35172K, committed 35552K, reserved 1081344K
  class space    used 3625K, capacity 3782K, committed 3836K, reserved 1048576K
2017-03-31T04:58:57.828+0200: 398.555: [GC (Allocation Failure) 2017-03-31T04:58:57.828+0200: 398.555: [ParNew
Desired survivor size 20112992 bytes, new threshold 8 (max 8)
- age   1:    4227280 bytes,    4227280 total
- age   2:    2246952 bytes,    6474232 total
- age   3:       5328 bytes,    6479560 total
- age   4:       4584 bytes,    6484144 total
- age   5:       6448 bytes,    6490592 total
- age   6:       7472 bytes,    6498064 total
- age   7:       2488 bytes,    6500552 total
- age   8:       6480 bytes,    6507032 total
: 99142K->8609K(109248K), 0.0185866 secs] 114077K->23551K(502464K), 0.0186582 secs] [Times: user=0.02 sys=0.00, real=0.01 secs] 
Heap after GC invocations=338 (full 1):
 par new generation   total 109248K, used 8609K [0x00000000e0000000, 0x00000000e8000000, 0x00000000e8000000)
  eden space 87424K,   0% used [0x00000000e0000000, 0x00000000e0000000, 0x00000000e5560000)
  from space 21824K,  39% used [0x00000000e5560000, 0x00000000e5dc8760, 0x00000000e6ab0000)
  to   space 21824K,   0% used [0x00000000e6ab0000, 0x00000000e6ab0000, 0x00000000e8000000)
 concurrent mark-sweep generation total 393216K, used 14941K [0x00000000e8000000, 0x0000000100000000, 0x0000000100000000)
 Metaspace       used 34652K, capacity 35172K, committed 35552K, reserved 1081344K
  class space    used 3625K, capacity 3782K, committed 3836K, reserved 1048576K
}
2017-03-31T04:58:57.847+0200: 398.573: Total time for which application threads were stopped: 0.0188251 seconds, Stopping threads took: 0.0000350 seconds
{Heap before GC invocations=338 (full 1):
 par new generation   total 109248K, used 96033K [0x00000000e0000000, 0x00000000e8000000, 0x00000000e8000000)
  eden space 87424K, 100% used [0x00000000e0000000, 0x00000000e5560000, 0x00000000e5560000)
  from space 21824K,  39% used [0x00000000e5560000, 0x00000000e5dc8760, 0x00000000e6ab0000)
  to   space 21824K,   0% used [0x00000000e6ab0000, 0x00000000e6ab0000, 0x00000000e8000000)
 concurrent mark-sweep generation total 393216K, used 14941K [0x00000000e8000000, 0x0000000100000000, 0x0000000100000000)
 Metaspace       used 34652K, capacity 35172K, committed 35552K, reserved 1081344K
  class space    used 3625K, capacity 3782K, committed 3836K, reserved 1048576K
2017-03-31T04:58:58.127+0200: 398.854: [GC (Allocation Failure) 2017-03-31T04:58:58.127+0200: 398.854: [ParNew
Desired survivor size 20112992 bytes, new threshold 8 (max 8)
- age   1:    3355144 bytes,    3355144 total
- age   2:    3747544 bytes,    7102688 total
- age   3:    2024536 bytes,    9127224 total
- age   4:       4728 bytes,    9131952 total
- age   5:       4584 bytes,    9136536 total
- age   6:       6448 bytes,    9142984 total
- age   7:       7264 bytes,    9150248 total
- age   8:       2488 bytes,    9152736 total
: 96033K->11353K(109248K), 0.0247604 secs] 110975K->26302K(502464K), 0.0248304 secs] [Times: user=0.02 sys=0.00, real=0.03 secs] 
Heap after GC invocations=339 (full 1):
 par new generation   total 109248K, used 11353K [0x00000000e0000000, 0x00000000e8000000, 0x00000000e8000000)
  eden space 87424K,   0% used [0x00000000e0000000, 0x00000000e0000000, 0x00000000e5560000)
  from space 21824K,  52% used [0x00000000e6ab0000, 0x00000000e75c66b0, 0x00000000e8000000)
  to   space 21824K,   0% used [0x00000000e5560000, 0x00000000e5560000, 0x00000000e6ab0000)
 concurrent mark-sweep generation total 393216K, used 14948K [0x00000000e8000000, 0x0000000100000000, 0x0000000100000000)
 Metaspace       used 34652K, capacity 35172K, committed 35552K, reserved 1081344K
  class space    used 3625K, capacity 3782K, committed 3836K, reserved 1048576K
}
2017-03-31T04:58:58.152+0200: 398.878: Total time for which application threads were stopped: 0.0250106 seconds, Stopping threads took: 0.0000221 seconds
{Heap before GC invocations=339 (full 1):
 par new generation   total 109248K, used 98777K [0x00000000e0000000, 0x00000000e8000000, 0x00000000e8000000)
  eden space 87424K, 100% used [0x00000000e0000000, 0x00000000e5560000, 0x00000000e5560000)
  from space 21824K,  52% used [0x00000000e6ab0000, 0x00000000e75c66b0, 0x00000000e8000000)
  to   space 21824K,   0% used [0x00000000e5560000, 0x00000000e5560000, 0x00000000e6ab0000)
 concurrent mark-sweep generation total 393216K, used 14948K [0x00000000e8000000, 0x0000000100000000, 0x0000000100000000)
 Metaspace       used 34652K, capacity 35172K, committed 35552K, reserved 1081344K
  class space    used 3625K, capacity 3782K, committed 3836K, reserved 1048576K
2017-03-31T04:58:58.500+0200: 399.227: [GC (Allocation Failure) 2017-03-31T04:58:58.500+0200: 399.227: [ParNew
Desired survivor size 20112992 bytes, new threshold 8 (max 8)
- age   1:    3745336 bytes,    3745336 total
- age   2:    2529552 bytes,    6274888 total
- age   3:    1383344 bytes,    7658232 total
- age   4:       7128 bytes,    7665360 total
- age   5:       4664 bytes,    7670024 total
- age   6:       4456 bytes,    7674480 total
- age   7:       6448 bytes,    7680928 total
- age   8:       6640 bytes,    7687568 total
: 98777K->13150K(109248K), 0.0258732 secs] 113726K->28101K(502464K), 0.0259384 secs] [Times: user=0.02 sys=0.00, real=0.02 secs] 
Heap after GC invocations=340 (full 1):
 par new generation   total 109248K, used 13150K [0x00000000e0000000, 0x00000000e8000000, 0x00000000e8000000)
  eden space 87424K,   0% used [0x00000000e0000000, 0x00000000e0000000, 0x00000000e5560000)
  from space 21824K,  60% used [0x00000000e5560000, 0x00000000e6237ad0, 0x00000000e6ab0000)
  to   space 21824K,   0% used [0x00000000e6ab0000, 0x00000000e6ab0000, 0x00000000e8000000)
 concurrent mark-sweep generation total 393216K, used 14950K [0x00000000e8000000, 0x0000000100000000, 0x0000000100000000)
 Metaspace       used 34652K, capacity 35172K, committed 35552K, reserved 1081344K
  class space    used 3625K, capacity 3782K, committed 3836K, reserved 1048576K
}
2017-03-31T04:58:58.526+0200: 399.253: Total time for which application threads were stopped: 0.0261067 seconds, Stopping threads took: 0.0000303 seconds
{Heap before GC invocations=340 (full 1):
 par new generation   total 109248K, used 100574K [0x00000000e0000000, 0x00000000e8000000, 0x00000000e8000000)
  eden space 87424K, 100% used [0x00000000e0000000, 0x00000000e5560000, 0x00000000e5560000)
  from space 21824K,  60% used [0x00000000e5560000, 0x00000000e6237ad0, 0x00000000e6ab0000)
  to   space 21824K,   0% used [0x00000000e6ab0000, 0x00000000e6ab0000, 0x00000000e8000000)
 concurrent mark-sweep generation total 393216K, used 14950K [0x00000000e8000000, 0x0000000100000000, 0x0000000100000000)
 Metaspace       used 34652K, capacity 35172K, committed 35552K, reserved 1081344K
  class space    used 3625K, capacity 3782K, committed 3836K, reserved 1048576K
2017-03-31T04:58:58.899+0200: 399.626: [GC (Allocation Failure) 2017-03-31T04:58:58.899+0200: 399.626: [ParNew
Desired survivor size 20112992 bytes, new threshold 8 (max 8)
- age   1:    4455112 bytes,    4455112 total
- age   2:    2623864 bytes,    7078976 total
- age   3:       4168 bytes,    7083144 total
- age   4:       6840 bytes,    7089984 total
- age   5:       6744 bytes,    7096728 total
- age   6:       4664 bytes,    7101392 total
- age   7:       4456 bytes,    7105848 total
- age   8:       6448 bytes,    7112296 total
: 100574K->9388K(109248K), 0.0280301 secs] 115525K->24346K(502464K), 0.0281008 secs] [Times: user=0.02 sys=0.00, real=0.02 secs] 
Heap after GC invocations=341 (full 1):
 par new generation   total 109248K, used 9388K [0x00000000e0000000, 0x00000000e8000000, 0x00000000e8000000)
  eden space 87424K,   0% used [0x00000000e0000000, 0x00000000e0000000, 0x00000000e5560000)
  from space 21824K,  43% used [0x00000000e6ab0000, 0x00000000e73db300, 0x00000000e8000000)
  to   space 21824K,   0% used [0x00000000e5560000, 0x00000000e5560000, 0x00000000e6ab0000)
 concurrent mark-sweep generation total 393216K, used 14957K [0x00000000e8000000, 0x0000000100000000, 0x0000000100000000)
 Metaspace       used 34652K, capacity 35172K, committed 35552K, reserved 1081344K
  class space    used 3625K, capacity 3782K, committed 3836K, reserved 1048576K
}
2017-03-31T04:58:58.927+0200: 399.654: Total time for which application threads were stopped: 0.0282563 seconds, Stopping threads took: 0.0000299 seconds
{Heap before GC invocations=341 (full 1):
 par new generation   total 109248K, used 96812K [0x00000000e0000000, 0x00000000e8000000, 0x00000000e8000000)
  eden space 87424K, 100% used [0x00000000e0000000, 0x00000000e5560000, 0x00000000e5560000)
  from space 21824K,  43% used [0x00000000e6ab0000, 0x00000000e73db300, 0x00000000e8000000)
  to   space 21824K,   0% used [0x00000000e5560000, 0x00000000e5560000, 0x00000000e6ab0000)
 concurrent mark-sweep generation total 393216K, used 14957K [0x00000000e8000000, 0x0000000100000000, 0x0000000100000000)
 Metaspace       used 34652K, capacity 35172K, committed 35552K, reserved 1081344K
  class space    used 3625K, capacity 3782K, committed 3836K, reserved 1048576K
2017-03-31T04:58:59.303+0200: 400.029: [GC (Allocation Failure) 2017-03-31T04:58:59.303+0200: 400.029: [ParNew
Desired survivor size 20112992 bytes, new threshold 8 (max 8)
- age   1:    3923616 bytes,    3923616 total
- age   2:    2126960 bytes,    6050576 total
- age   3:       6296 bytes,    6056872 total
- age   4:       4168 bytes,    6061040 total
- age   5:       6624 bytes,    6067664 total
- age   6:       6744 bytes,    6074408 total
- age   7:       4664 bytes,    6079072 total
- age   8:       4456 bytes,    6083528 total
: 96812K->7972K(109248K), 0.0311799 secs] 111770K->22936K(502464K), 0.0312490 secs] [Times: user=0.03 sys=0.00, real=0.03 secs] 
Heap after GC invocations=342 (full 1):
 par new generation   total 109248K, used 7972K [0x00000000e0000000, 0x00000000e8000000, 0x00000000e8000000)
  eden space 87424K,   0% used [0x00000000e0000000, 0x00000000e0000000, 0x00000000e5560000)
  from space 21824K,  36% used [0x00000000e5560000, 0x00000000e5d29338, 0x00000000e6ab0000)
  to   space 21824K,   0% used [0x00000000e6ab0000, 0x00000000e6ab0000, 0x00000000e8000000)
 concurrent mark-sweep generation total 393216K, used 14963K [0x00000000e8000000, 0x0000000100000000, 0x0000000100000000)
 Metaspace       used 34652K, capacity 35172K, committed 35552K, reserved 1081344K
  class space    used 3625K, capacity 3782K, committed 3836K, reserved 1048576K
}
2017-03-31T04:58:59.334+0200: 400.061: Total time for which application threads were stopped: 0.0314107 seconds, Stopping threads took: 0.0000321 seconds
{Heap before GC invocations=342 (full 1):
 par new generation   total 109248K, used 95396K [0x00000000e0000000, 0x00000000e8000000, 0x00000000e8000000)
  eden space 87424K, 100% used [0x00000000e0000000, 0x00000000e5560000, 0x00000000e5560000)
  from space 21824K,  36% used [0x00000000e5560000, 0x00000000e5d29338, 0x00000000e6ab0000)
  to   space 21824K,   0% used [0x00000000e6ab0000, 0x00000000e6ab0000, 0x00000000e8000000)
 concurrent mark-sweep generation total 393216K, used 14963K [0x00000000e8000000, 0x0000000100000000, 0x0000000100000000)
 Metaspace       used 34652K, capacity 35172K, committed 35552K, reserved 1081344K
  class space    used 3625K, capacity 3782K, committed 3836K, reserved 1048576K
2017-03-31T04:58:59.574+0200: 400.300: [GC (Allocation Failure) 2017-03-31T04:58:59.574+0200: 400.300: [ParNew
Desired survivor size 20112992 bytes, new threshold 8 (max 8)
- age   1:    3374856 bytes,    3374856 total
- age   2:    3662712 bytes,    7037568 total
- age   3:    1903664 bytes,    8941232 total
- age   4:       5640 bytes,    8946872 total
- age   5:       3944 bytes,    8950816 total
- age   6:       6624 bytes,    8957440 total
- age   7:       6744 bytes,    8964184 total
- age   8:       4664 bytes,    8968848 total
: 95396K->11676K(109248K), 0.0225571 secs] 110360K->26644K(502464K), 0.0226319 secs] [Times: user=0.02 sys=0.00, real=0.02 secs] 
Heap after GC invocations=343 (full 1):
 par new generation   total 109248K, used 11676K [0x00000000e0000000, 0x00000000e8000000, 0x00000000e8000000)
  eden space 87424K,   0% used [0x00000000e0000000, 0x00000000e0000000, 0x00000000e5560000)
  from space 21824K,  53% used [0x00000000e6ab0000, 0x00000000e76171c8, 0x00000000e8000000)
  to   space 21824K,   0% used [0x00000000e5560000, 0x00000000e5560000, 0x00000000e6ab0000)
 concurrent mark-sweep generation total 393216K, used 14968K [0x00000000e8000000, 0x0000000100000000, 0x0000000100000000)
 Metaspace       used 34652K, capacity 35172K, committed 35552K, reserved 1081344K
  class space    used 3625K, capacity 3782K, committed 3836K, reserved 1048576K
}
2017-03-31T04:58:59.596+0200: 400.323: Total time for which application threads were stopped: 0.0228169 seconds, Stopping threads took: 0.0000294 seconds
{Heap before GC invocations=343 (full 1):
 par new generation   total 109248K, used 99100K [0x00000000e0000000, 0x00000000e8000000, 0x00000000e8000000)
  eden space 87424K, 100% used [0x00000000e0000000, 0x00000000e5560000, 0x00000000e5560000)
  from space 21824K,  53% used [0x00000000e6ab0000, 0x00000000e76171c8, 0x00000000e8000000)
  to   space 21824K,   0% used [0x00000000e5560000, 0x00000000e5560000, 0x00000000e6ab0000)
 concurrent mark-sweep generation total 393216K, used 14968K [0x00000000e8000000, 0x0000000100000000, 0x0000000100000000)
 Metaspace       used 34652K, capacity 35172K, committed 35552K, reserved 1081344K
  class space    used 3625K, capacity 3782K, committed 3836K, reserved 1048576K
2017-03-31T04:58:59.997+0200: 400.723: [GC (Allocation Failure) 2017-03-31T04:58:59.997+0200: 400.723: [ParNew
Desired survivor size 20112992 bytes, new threshold 8 (max 8)
- age   1:    3796240 bytes,    3796240 total
- age   2:    2676056 bytes,    6472296 total
- age   3:     973280 bytes,    7445576 total
- age   4:       6816 bytes,    7452392 total
- age   5:       5512 bytes,    7457904 total
- age   6:       3944 bytes,    7461848 total
- age   7:       6624 bytes,    7468472 total
- age   8:       6744 bytes,    7475216 total
: 99100K->10157K(109248K), 0.0230269 secs] 114068K->25130K(502464K), 0.0230935 secs] [Times: user=0.02 sys=0.01, real=0.02 secs] 
Heap after GC invocations=344 (full 1):
 par new generation   total 109248K, used 10157K [0x00000000e0000000, 0x00000000e8000000, 0x00000000e8000000)
  eden space 87424K,   0% used [0x00000000e0000000, 0x00000000e0000000, 0x00000000e5560000)
  from space 21824K,  46% used [0x00000000e5560000, 0x00000000e5f4b560, 0x00000000e6ab0000)
  to   space 21824K,   0% used [0x00000000e6ab0000, 0x00000000e6ab0000, 0x00000000e8000000)
 concurrent mark-sweep generation total 393216K, used 14972K [0x00000000e8000000, 0x0000000100000000, 0x0000000100000000)
 Metaspace       used 34652K, capacity 35172K, committed 35552K, reserved 1081344K
  class space    used 3625K, capacity 3782K, committed 3836K, reserved 1048576K
}
2017-03-31T04:59:00.020+0200: 400.747: Total time for which application threads were stopped: 0.0232542 seconds, Stopping threads took: 0.0000320 seconds
{Heap before GC invocations=344 (full 1):
 par new generation   total 109248K, used 97581K [0x00000000e0000000, 0x00000000e8000000, 0x00000000e8000000)
  eden space 87424K, 100% used [0x00000000e0000000, 0x00000000e5560000, 0x00000000e5560000)
  from space 21824K,  46% used [0x00000000e5560000, 0x00000000e5f4b560, 0x00000000e6ab0000)
  to   space 21824K,   0% used [0x00000000e6ab0000, 0x00000000e6ab0000, 0x00000000e8000000)
 concurrent mark-sweep generation total 393216K, used 14972K [0x00000000e8000000, 0x0000000100000000, 0x0000000100000000)
 Metaspace       used 34652K, capacity 35172K, committed 35552K, reserved 1081344K
  class space    used 3625K, capacity 3782K, committed 3836K, reserved 1048576K
2017-03-31T04:59:00.425+0200: 401.151: [GC (Allocation Failure) 2017-03-31T04:59:00.425+0200: 401.152: [ParNew
Desired survivor size 20112992 bytes, new threshold 8 (max 8)
- age   1:    4433576 bytes,    4433576 total
- age   2:    2314424 bytes,    6748000 total
- age   3:       5544 bytes,    6753544 total
- age   4:       6768 bytes,    6760312 total
- age   5:       6816 bytes,    6767128 total
- age   6:       5384 bytes,    6772512 total
- age   7:       3944 bytes,    6776456 total
- age   8:       6624 bytes,    6783080 total
: 97581K->8444K(109248K), 0.0253419 secs] 112554K->23424K(502464K), 0.0254653 secs] [Times: user=0.03 sys=0.00, real=0.02 secs] 
Heap after GC invocations=345 (full 1):
 par new generation   total 109248K, used 8444K [0x00000000e0000000, 0x00000000e8000000, 0x00000000e8000000)
  eden space 87424K,   0% used [0x00000000e0000000, 0x00000000e0000000, 0x00000000e5560000)
  from space 21824K,  38% used [0x00000000e6ab0000, 0x00000000e72ef340, 0x00000000e8000000)
  to   space 21824K,   0% used [0x00000000e5560000, 0x00000000e5560000, 0x00000000e6ab0000)
 concurrent mark-sweep generation total 393216K, used 14979K [0x00000000e8000000, 0x0000000100000000, 0x0000000100000000)
 Metaspace       used 34652K, capacity 35172K, committed 35552K, reserved 1081344K
  class space    used 3625K, capacity 3782K, committed 3836K, reserved 1048576K
}
2017-03-31T04:59:00.451+0200: 401.177: Total time for which application threads were stopped: 0.0256280 seconds, Stopping threads took: 0.0000336 seconds
{Heap before GC invocations=345 (full 1):
 par new generation   total 109248K, used 95868K [0x00000000e0000000, 0x00000000e8000000, 0x00000000e8000000)
  eden space 87424K, 100% used [0x00000000e0000000, 0x00000000e5560000, 0x00000000e5560000)
  from space 21824K,  38% used [0x00000000e6ab0000, 0x00000000e72ef340, 0x00000000e8000000)
  to   space 21824K,   0% used [0x00000000e5560000, 0x00000000e5560000, 0x00000000e6ab0000)
 concurrent mark-sweep generation total 393216K, used 14979K [0x00000000e8000000, 0x0000000100000000, 0x0000000100000000)
 Metaspace       used 34652K, capacity 35172K, committed 35552K, reserved 1081344K
  class space    used 3625K, capacity 3782K, committed 3836K, reserved 1048576K
2017-03-31T04:59:00.735+0200: 401.461: [GC (Allocation Failure) 2017-03-31T04:59:00.735+0200: 401.461: [ParNew
Desired survivor size 20112992 bytes, new threshold 8 (max 8)
- age   1:    3222424 bytes,    3222424 total
- age   2:    1930056 bytes,    5152480 total
- age   3:      12784 bytes,    5165264 total
- age   4:       5544 bytes,    5170808 total
- age   5:       6640 bytes,    5177448 total
- age   6:       6688 bytes,    5184136 total
- age   7:       5320 bytes,    5189456 total
- age   8:       3944 bytes,    5193400 total
: 95868K->10336K(109248K), 0.0198180 secs] 110848K->25322K(502464K), 0.0198879 secs] [Times: user=0.02 sys=0.00, real=0.02 secs] 
Heap after GC invocations=346 (full 1):
 par new generation   total 109248K, used 10336K [0x00000000e0000000, 0x00000000e8000000, 0x00000000e8000000)
  eden space 87424K,   0% used [0x00000000e0000000, 0x00000000e0000000, 0x00000000e5560000)
  from space 21824K,  47% used [0x00000000e5560000, 0x00000000e5f780d8, 0x00000000e6ab0000)
  to   space 21824K,   0% used [0x00000000e6ab0000, 0x00000000e6ab0000, 0x00000000e8000000)
 concurrent mark-sweep generation total 393216K, used 14985K [0x00000000e8000000, 0x0000000100000000, 0x0000000100000000)
 Metaspace       used 34652K, capacity 35172K, committed 35552K, reserved 1081344K
  class space    used 3625K, capacity 3782K, committed 3836K, reserved 1048576K
}
2017-03-31T04:59:00.755+0200: 401.481: Total time for which application threads were stopped: 0.0200767 seconds, Stopping threads took: 0.0000332 seconds
{Heap before GC invocations=346 (full 1):
 par new generation   total 109248K, used 97760K [0x00000000e0000000, 0x00000000e8000000, 0x00000000e8000000)
  eden space 87424K, 100% used [0x00000000e0000000, 0x00000000e5560000, 0x00000000e5560000)
  from space 21824K,  47% used [0x00000000e5560000, 0x00000000e5f780d8, 0x00000000e6ab0000)
  to   space 21824K,   0% used [0x00000000e6ab0000, 0x00000000e6ab0000, 0x00000000e8000000)
 concurrent mark-sweep generation total 393216K, used 14985K [0x00000000e8000000, 0x0000000100000000, 0x0000000100000000)
 Metaspace       used 34653K, capacity 35172K, committed 35552K, reserved 1081344K
  class space    used 3625K, capacity 3782K, committed 3836K, reserved 1048576K
2017-03-31T04:59:01.095+0200: 401.822: [GC (Allocation Failure) 2017-03-31T04:59:01.095+0200: 401.822: [ParNew
Desired survivor size 20112992 bytes, new threshold 8 (max 8)
- age   1:    3604584 bytes,    3604584 total
- age   2:    2708992 bytes,    6313576 total
- age   3:    1545072 bytes,    7858648 total
- age   4:       5712 bytes,    7864360 total
- age   5:       5544 bytes,    7869904 total
- age   6:       6360 bytes,    7876264 total
- age   7:       6432 bytes,    7882696 total
- age   8:       5256 bytes,    7887952 total
: 97760K->9103K(109248K), 0.0260155 secs] 112746K->24093K(502464K), 0.0260757 secs] [Times: user=0.03 sys=0.00, real=0.03 secs] 
Heap after GC invocations=347 (full 1):
 par new generation   total 109248K, used 9103K [0x00000000e0000000, 0x00000000e8000000, 0x00000000e8000000)
  eden space 87424K,   0% used [0x00000000e0000000, 0x00000000e0000000, 0x00000000e5560000)
  from space 21824K,  41% used [0x00000000e6ab0000, 0x00000000e7393cf8, 0x00000000e8000000)
  to   space 21824K,   0% used [0x00000000e5560000, 0x00000000e5560000, 0x00000000e6ab0000)
 concurrent mark-sweep generation total 393216K, used 14989K [0x00000000e8000000, 0x0000000100000000, 0x0000000100000000)
 Metaspace       used 34653K, capacity 35172K, committed 35552K, reserved 1081344K
  class space    used 3625K, capacity 3782K, committed 3836K, reserved 1048576K
}
2017-03-31T04:59:01.121+0200: 401.848: Total time for which application threads were stopped: 0.0283049 seconds, Stopping threads took: 0.0020669 seconds
{Heap before GC invocations=347 (full 1):
 par new generation   total 109248K, used 96527K [0x00000000e0000000, 0x00000000e8000000, 0x00000000e8000000)
  eden space 87424K, 100% used [0x00000000e0000000, 0x00000000e5560000, 0x00000000e5560000)
  from space 21824K,  41% used [0x00000000e6ab0000, 0x00000000e7393cf8, 0x00000000e8000000)
  to   space 21824K,   0% used [0x00000000e5560000, 0x00000000e5560000, 0x00000000e6ab0000)
 concurrent mark-sweep generation total 393216K, used 14989K [0x00000000e8000000, 0x0000000100000000, 0x0000000100000000)
 Metaspace       used 34653K, capacity 35172K, committed 35552K, reserved 1081344K
  class space    used 3625K, capacity 3782K, committed 3836K, reserved 1048576K
2017-03-31T04:59:01.484+0200: 402.211: [GC (Allocation Failure) 2017-03-31T04:59:01.484+0200: 402.211: [ParNew
Desired survivor size 20112992 bytes, new threshold 8 (max 8)
- age   1:    4367448 bytes,    4367448 total
- age   2:    2803744 bytes,    7171192 total
- age   3:       4192 bytes,    7175384 total
- age   4:       7208 bytes,    7182592 total
- age   5:       5712 bytes,    7188304 total
- age   6:       5544 bytes,    7193848 total
- age   7:       6360 bytes,    7200208 total
- age   8:       6432 bytes,    7206640 total
: 96527K->11172K(109248K), 0.0280881 secs] 111517K->26167K(502464K), 0.0281571 secs] [Times: user=0.02 sys=0.00, real=0.03 secs] 
Heap after GC invocations=348 (full 1):
 par new generation   total 109248K, used 11172K [0x00000000e0000000, 0x00000000e8000000, 0x00000000e8000000)
  eden space 87424K,   0% used [0x00000000e0000000, 0x00000000e0000000, 0x00000000e5560000)
  from space 21824K,  51% used [0x00000000e5560000, 0x00000000e6049188, 0x00000000e6ab0000)
  to   space 21824K,   0% used [0x00000000e6ab0000, 0x00000000e6ab0000, 0x00000000e8000000)
 concurrent mark-sweep generation total 393216K, used 14994K [0x00000000e8000000, 0x0000000100000000, 0x0000000100000000)
 Metaspace       used 34653K, capacity 35172K, committed 35552K, reserved 1081344K
  class space    used 3625K, capacity 3782K, committed 3836K, reserved 1048576K
}
2017-03-31T04:59:01.512+0200: 402.239: Total time for which application threads were stopped: 0.0283175 seconds, Stopping threads took: 0.0000342 seconds
{Heap before GC invocations=348 (full 1):
 par new generation   total 109248K, used 98594K [0x00000000e0000000, 0x00000000e8000000, 0x00000000e8000000)
  eden space 87424K,  99% used [0x00000000e0000000, 0x00000000e555f898, 0x00000000e5560000)
  from space 21824K,  51% used [0x00000000e5560000, 0x00000000e6049188, 0x00000000e6ab0000)
  to   space 21824K,   0% used [0x00000000e6ab0000, 0x00000000e6ab0000, 0x00000000e8000000)
 concurrent mark-sweep generation total 393216K, used 14994K [0x00000000e8000000, 0x0000000100000000, 0x0000000100000000)
 Metaspace       used 34654K, capacity 35172K, committed 35552K, reserved 1081344K
  class space    used 3625K, capacity 3782K, committed 3836K, reserved 1048576K
2017-03-31T04:59:01.917+0200: 402.644: [GC (Allocation Failure) 2017-03-31T04:59:01.917+0200: 402.644: [ParNew
Desired survivor size 20112992 bytes, new threshold 8 (max 8)
- age   1:    4503448 bytes,    4503448 total
- age   2:    2056952 bytes,    6560400 total
- age   3:       4968 bytes,    6565368 total
- age   4:       4192 bytes,    6569560 total
- age   5:       6888 bytes,    6576448 total
- age   6:       5712 bytes,    6582160 total
- age   7:       5544 bytes,    6587704 total
- age   8:       6360 bytes,    6594064 total
: 98594K->9227K(109248K), 0.0298843 secs] 113589K->24228K(502464K), 0.0299463 secs] [Times: user=0.04 sys=0.00, real=0.03 secs] 
Heap after GC invocations=349 (full 1):
 par new generation   total 109248K, used 9227K [0x00000000e0000000, 0x00000000e8000000, 0x00000000e8000000)
  eden space 87424K,   0% used [0x00000000e0000000, 0x00000000e0000000, 0x00000000e5560000)
  from space 21824K,  42% used [0x00000000e6ab0000, 0x00000000e73b2e28, 0x00000000e8000000)
  to   space 21824K,   0% used [0x00000000e5560000, 0x00000000e5560000, 0x00000000e6ab0000)
 concurrent mark-sweep generation total 393216K, used 15001K [0x00000000e8000000, 0x0000000100000000, 0x0000000100000000)
 Metaspace       used 34654K, capacity 35172K, committed 35552K, reserved 1081344K
  class space    used 3625K, capacity 3782K, committed 3836K, reserved 1048576K
}
2017-03-31T04:59:01.947+0200: 402.674: Total time for which application threads were stopped: 0.0325668 seconds, Stopping threads took: 0.0024518 seconds
{Heap before GC invocations=349 (full 1):
 par new generation   total 109248K, used 96651K [0x00000000e0000000, 0x00000000e8000000, 0x00000000e8000000)
  eden space 87424K, 100% used [0x00000000e0000000, 0x00000000e5560000, 0x00000000e5560000)
  from space 21824K,  42% used [0x00000000e6ab0000, 0x00000000e73b2e28, 0x00000000e8000000)
  to   space 21824K,   0% used [0x00000000e5560000, 0x00000000e5560000, 0x00000000e6ab0000)
 concurrent mark-sweep generation total 393216K, used 15001K [0x00000000e8000000, 0x0000000100000000, 0x0000000100000000)
 Metaspace       used 34654K, capacity 35172K, committed 35552K, reserved 1081344K
  class space    used 3625K, capacity 3782K, committed 3836K, reserved 1048576K
2017-03-31T04:59:02.212+0200: 402.939: [GC (Allocation Failure) 2017-03-31T04:59:02.212+0200: 402.939: [ParNew
Desired survivor size 20112992 bytes, new threshold 8 (max 8)
- age   1:    2543488 bytes,    2543488 total
- age   2:    3711728 bytes,    6255216 total
- age   3:    1903352 bytes,    8158568 total
- age   4:       4840 bytes,    8163408 total
- age   5:       4192 bytes,    8167600 total
- age   6:       6688 bytes,    8174288 total
- age   7:       5712 bytes,    8180000 total
- age   8:       5544 bytes,    8185544 total
: 96651K->10574K(109248K), 0.0415689 secs] 111652K->25582K(502464K), 0.0416431 secs] [Times: user=0.05 sys=0.00, real=0.04 secs] 
Heap after GC invocations=350 (full 1):
 par new generation   total 109248K, used 10574K [0x00000000e0000000, 0x00000000e8000000, 0x00000000e8000000)
  eden space 87424K,   0% used [0x00000000e0000000, 0x00000000e0000000, 0x00000000e5560000)
  from space 21824K,  48% used [0x00000000e5560000, 0x00000000e5fb39f0, 0x00000000e6ab0000)
  to   space 21824K,   0% used [0x00000000e6ab0000, 0x00000000e6ab0000, 0x00000000e8000000)
 concurrent mark-sweep generation total 393216K, used 15007K [0x00000000e8000000, 0x0000000100000000, 0x0000000100000000)
 Metaspace       used 34654K, capacity 35172K, committed 35552K, reserved 1081344K
  class space    used 3625K, capacity 3782K, committed 3836K, reserved 1048576K
}
2017-03-31T04:59:02.254+0200: 402.980: Total time for which application threads were stopped: 0.0417905 seconds, Stopping threads took: 0.0000286 seconds
{Heap before GC invocations=350 (full 1):
 par new generation   total 109248K, used 97998K [0x00000000e0000000, 0x00000000e8000000, 0x00000000e8000000)
  eden space 87424K, 100% used [0x00000000e0000000, 0x00000000e5560000, 0x00000000e5560000)
  from space 21824K,  48% used [0x00000000e5560000, 0x00000000e5fb39f0, 0x00000000e6ab0000)
  to   space 21824K,   0% used [0x00000000e6ab0000, 0x00000000e6ab0000, 0x00000000e8000000)
 concurrent mark-sweep generation total 393216K, used 15007K [0x00000000e8000000, 0x0000000100000000, 0x0000000100000000)
 Metaspace       used 34654K, capacity 35172K, committed 35552K, reserved 1081344K
  class space    used 3625K, capacity 3782K, committed 3836K, reserved 1048576K
2017-03-31T04:59:02.636+0200: 403.362: [GC (Allocation Failure) 2017-03-31T04:59:02.636+0200: 403.362: [ParNew
Desired survivor size 20112992 bytes, new threshold 8 (max 8)
- age   1:    4291960 bytes,    4291960 total
- age   2:    2132472 bytes,    6424432 total
- age   3:    1016872 bytes,    7441304 total
- age   4:       6592 bytes,    7447896 total
- age   5:       4712 bytes,    7452608 total
- age   6:       4040 bytes,    7456648 total
- age   7:       6688 bytes,    7463336 total
- age   8:       5712 bytes,    7469048 total
: 97998K->10480K(109248K), 0.0201118 secs] 113006K->25493K(502464K), 0.0201822 secs] [Times: user=0.02 sys=0.00, real=0.02 secs] 
Heap after GC invocations=351 (full 1):
 par new generation   total 109248K, used 10480K [0x00000000e0000000, 0x00000000e8000000, 0x00000000e8000000)
  eden space 87424K,   0% used [0x00000000e0000000, 0x00000000e0000000, 0x00000000e5560000)
  from space 21824K,  48% used [0x00000000e6ab0000, 0x00000000e74ec1b0, 0x00000000e8000000)
  to   space 21824K,   0% used [0x00000000e5560000, 0x00000000e5560000, 0x00000000e6ab0000)
 concurrent mark-sweep generation total 393216K, used 15013K [0x00000000e8000000, 0x0000000100000000, 0x0000000100000000)
 Metaspace       used 34654K, capacity 35172K, committed 35552K, reserved 1081344K
  class space    used 3625K, capacity 3782K, committed 3836K, reserved 1048576K
}
2017-03-31T04:59:02.656+0200: 403.382: Total time for which application threads were stopped: 0.0203492 seconds, Stopping threads took: 0.0000339 seconds
{Heap before GC invocations=351 (full 1):
 par new generation   total 109248K, used 97904K [0x00000000e0000000, 0x00000000e8000000, 0x00000000e8000000)
  eden space 87424K, 100% used [0x00000000e0000000, 0x00000000e5560000, 0x00000000e5560000)
  from space 21824K,  48% used [0x00000000e6ab0000, 0x00000000e74ec1b0, 0x00000000e8000000)
  to   space 21824K,   0% used [0x00000000e5560000, 0x00000000e5560000, 0x00000000e6ab0000)
 concurrent mark-sweep generation total 393216K, used 15013K [0x00000000e8000000, 0x0000000100000000, 0x0000000100000000)
 Metaspace       used 34654K, capacity 35172K, committed 35552K, reserved 1081344K
  class space    used 3625K, capacity 3782K, committed 3836K, reserved 1048576K
2017-03-31T04:59:03.050+0200: 403.777: [GC (Allocation Failure) 2017-03-31T04:59:03.051+0200: 403.777: [ParNew
Desired survivor size 20112992 bytes, new threshold 8 (max 8)
- age   1:    4787008 bytes,    4787008 total
- age   2:    2475912 bytes,    7262920 total
- age   3:       3000 bytes,    7265920 total
- age   4:       7472 bytes,    7273392 total
- age   5:       6376 bytes,    7279768 total
- age   6:       4712 bytes,    7284480 total
- age   7:       4040 bytes,    7288520 total
- age   8:       6688 bytes,    7295208 total
: 97904K->10142K(109248K), 0.0371179 secs] 112917K->25160K(502464K), 0.0371928 secs] [Times: user=0.04 sys=0.00, real=0.04 secs] 
Heap after GC invocations=352 (full 1):
 par new generation   total 109248K, used 10142K [0x00000000e0000000, 0x00000000e8000000, 0x00000000e8000000)
  eden space 87424K,   0% used [0x00000000e0000000, 0x00000000e0000000, 0x00000000e5560000)
  from space 21824K,  46% used [0x00000000e5560000, 0x00000000e5f47800, 0x00000000e6ab0000)
  to   space 21824K,   0% used [0x00000000e6ab0000, 0x00000000e6ab0000, 0x00000000e8000000)
 concurrent mark-sweep generation total 393216K, used 15018K [0x00000000e8000000, 0x0000000100000000, 0x0000000100000000)
 Metaspace       used 34654K, capacity 35172K, committed 35552K, reserved 1081344K
  class space    used 3625K, capacity 3782K, committed 3836K, reserved 1048576K
}
2017-03-31T04:59:03.088+0200: 403.814: Total time for which application threads were stopped: 0.0428354 seconds, Stopping threads took: 0.0054883 seconds
{Heap before GC invocations=352 (full 1):
 par new generation   total 109248K, used 97544K [0x00000000e0000000, 0x00000000e8000000, 0x00000000e8000000)
  eden space 87424K,  99% used [0x00000000e0000000, 0x00000000e555a878, 0x00000000e5560000)
  from space 21824K,  46% used [0x00000000e5560000, 0x00000000e5f47800, 0x00000000e6ab0000)
  to   space 21824K,   0% used [0x00000000e6ab0000, 0x00000000e6ab0000, 0x00000000e8000000)
 concurrent mark-sweep generation total 393216K, used 15018K [0x00000000e8000000, 0x0000000100000000, 0x0000000100000000)
 Metaspace       used 34654K, capacity 35172K, committed 35552K, reserved 1081344K
  class space    used 3625K, capacity 3782K, committed 3836K, reserved 1048576K
2017-03-31T04:59:03.400+0200: 404.126: [GC (Allocation Failure) 2017-03-31T04:59:03.400+0200: 404.127: [ParNew
Desired survivor size 20112992 bytes, new threshold 8 (max 8)
- age   1:    3292096 bytes,    3292096 total
- age   2:    2003640 bytes,    5295736 total
- age   3:      15472 bytes,    5311208 total
- age   4:       3000 bytes,    5314208 total
- age   5:       7280 bytes,    5321488 total
- age   6:       6352 bytes,    5327840 total
- age   7:       4712 bytes,    5332552 total
- age   8:       4040 bytes,    5336592 total
: 97544K->8085K(109248K), 0.0217016 secs] 112562K->23110K(502464K), 0.0217642 secs] [Times: user=0.02 sys=0.00, real=0.02 secs] 
Heap after GC invocations=353 (full 1):
 par new generation   total 109248K, used 8085K [0x00000000e0000000, 0x00000000e8000000, 0x00000000e8000000)
  eden space 87424K,   0% used [0x00000000e0000000, 0x00000000e0000000, 0x00000000e5560000)
  from space 21824K,  37% used [0x00000000e6ab0000, 0x00000000e7295658, 0x00000000e8000000)
  to   space 21824K,   0% used [0x00000000e5560000, 0x00000000e5560000, 0x00000000e6ab0000)
 concurrent mark-sweep generation total 393216K, used 15025K [0x00000000e8000000, 0x0000000100000000, 0x0000000100000000)
 Metaspace       used 34654K, capacity 35172K, committed 35552K, reserved 1081344K
  class space    used 3625K, capacity 3782K, committed 3836K, reserved 1048576K
}
2017-03-31T04:59:03.422+0200: 404.148: Total time for which application threads were stopped: 0.0219440 seconds, Stopping threads took: 0.0000315 seconds
{Heap before GC invocations=353 (full 1):
 par new generation   total 109248K, used 95509K [0x00000000e0000000, 0x00000000e8000000, 0x00000000e8000000)
  eden space 87424K, 100% used [0x00000000e0000000, 0x00000000e5560000, 0x00000000e5560000)
  from space 21824K,  37% used [0x00000000e6ab0000, 0x00000000e7295658, 0x00000000e8000000)
  to   space 21824K,   0% used [0x00000000e5560000, 0x00000000e5560000, 0x00000000e6ab0000)
 concurrent mark-sweep generation total 393216K, used 15025K [0x00000000e8000000, 0x0000000100000000, 0x0000000100000000)
 Metaspace       used 34654K, capacity 35236K, committed 35552K, reserved 1081344K
  class space    used 3625K, capacity 3782K, committed 3836K, reserved 1048576K
2017-03-31T04:59:03.712+0200: 404.438: [GC (Allocation Failure) 2017-03-31T04:59:03.712+0200: 404.438: [ParNew
Desired survivor size 20112992 bytes, new threshold 8 (max 8)
- age   1:    3502208 bytes,    3502208 total
- age   2:    2845040 bytes,    6347248 total
- age   3:    1616312 bytes,    7963560 total
- age   4:       6256 bytes,    7969816 total
- age   5:       3000 bytes,    7972816 total
- age   6:       7280 bytes,    7980096 total
- age   7:       6352 bytes,    7986448 total
- age   8:       4712 bytes,    7991160 total
: 95509K->9483K(109248K), 0.0274534 secs] 110534K->24512K(502464K), 0.0275190 secs] [Times: user=0.03 sys=0.00, real=0.03 secs] 
Heap after GC invocations=354 (full 1):
 par new generation   total 109248K, used 9483K [0x00000000e0000000, 0x00000000e8000000, 0x00000000e8000000)
  eden space 87424K,   0% used [0x00000000e0000000, 0x00000000e0000000, 0x00000000e5560000)
  from space 21824K,  43% used [0x00000000e5560000, 0x00000000e5ea2de8, 0x00000000e6ab0000)
  to   space 21824K,   0% used [0x00000000e6ab0000, 0x00000000e6ab0000, 0x00000000e8000000)
 concurrent mark-sweep generation total 393216K, used 15029K [0x00000000e8000000, 0x0000000100000000, 0x0000000100000000)
 Metaspace       used 34654K, capacity 35236K, committed 35552K, reserved 1081344K
  class space    used 3625K, capacity 3782K, committed 3836K, reserved 1048576K
}
2017-03-31T04:59:03.739+0200: 404.466: Total time for which application threads were stopped: 0.0296964 seconds, Stopping threads took: 0.0020241 seconds
{Heap before GC invocations=354 (full 1):
 par new generation   total 109248K, used 96907K [0x00000000e0000000, 0x00000000e8000000, 0x00000000e8000000)
  eden space 87424K, 100% used [0x00000000e0000000, 0x00000000e5560000, 0x00000000e5560000)
  from space 21824K,  43% used [0x00000000e5560000, 0x00000000e5ea2de8, 0x00000000e6ab0000)
  to   space 21824K,   0% used [0x00000000e6ab0000, 0x00000000e6ab0000, 0x00000000e8000000)
 concurrent mark-sweep generation total 393216K, used 15029K [0x00000000e8000000, 0x0000000100000000, 0x0000000100000000)
 Metaspace       used 34654K, capacity 35236K, committed 35552K, reserved 1081344K
  class space    used 3625K, capacity 3782K, committed 3836K, reserved 1048576K
2017-03-31T04:59:04.140+0200: 404.866: [GC (Allocation Failure) 2017-03-31T04:59:04.140+0200: 404.866: [ParNew
Desired survivor size 20112992 bytes, new threshold 8 (max 8)
- age   1:    4418808 bytes,    4418808 total
- age   2:    2881592 bytes,    7300400 total
- age   3:       4680 bytes,    7305080 total
- age   4:       6856 bytes,    7311936 total
- age   5:       6064 bytes,    7318000 total
- age   6:       3000 bytes,    7321000 total
- age   7:       7280 bytes,    7328280 total
- age   8:       6352 bytes,    7334632 total
: 96907K->11037K(109248K), 0.0195741 secs] 111936K->26071K(502464K), 0.0196395 secs] [Times: user=0.02 sys=0.00, real=0.02 secs] 
Heap after GC invocations=355 (full 1):
 par new generation   total 109248K, used 11037K [0x00000000e0000000, 0x00000000e8000000, 0x00000000e8000000)
  eden space 87424K,   0% used [0x00000000e0000000, 0x00000000e0000000, 0x00000000e5560000)
  from space 21824K,  50% used [0x00000000e6ab0000, 0x00000000e7577688, 0x00000000e8000000)
  to   space 21824K,   0% used [0x00000000e5560000, 0x00000000e5560000, 0x00000000e6ab0000)
 concurrent mark-sweep generation total 393216K, used 15033K [0x00000000e8000000, 0x0000000100000000, 0x0000000100000000)
 Metaspace       used 34654K, capacity 35236K, committed 35552K, reserved 1081344K
  class space    used 3625K, capacity 3782K, committed 3836K, reserved 1048576K
}
2017-03-31T04:59:04.160+0200: 404.886: Total time for which application threads were stopped: 0.0201471 seconds, Stopping threads took: 0.0000616 seconds
{Heap before GC invocations=355 (full 1):
 par new generation   total 109248K, used 98461K [0x00000000e0000000, 0x00000000e8000000, 0x00000000e8000000)
  eden space 87424K, 100% used [0x00000000e0000000, 0x00000000e5560000, 0x00000000e5560000)
  from space 21824K,  50% used [0x00000000e6ab0000, 0x00000000e7577688, 0x00000000e8000000)
  to   space 21824K,   0% used [0x00000000e5560000, 0x00000000e5560000, 0x00000000e6ab0000)
 concurrent mark-sweep generation total 393216K, used 15033K [0x00000000e8000000, 0x0000000100000000, 0x0000000100000000)
 Metaspace       used 34654K, capacity 35236K, committed 35552K, reserved 1081344K
  class space    used 3625K, capacity 3782K, committed 3836K, reserved 1048576K
2017-03-31T04:59:04.553+0200: 405.280: [GC (Allocation Failure) 2017-03-31T04:59:04.553+0200: 405.280: [ParNew
Desired survivor size 20112992 bytes, new threshold 8 (max 8)
- age   1:    4305824 bytes,    4305824 total
- age   2:    2257544 bytes,    6563368 total
- age   3:       4224 bytes,    6567592 total
- age   4:       4488 bytes,    6572080 total
- age   5:       6664 bytes,    6578744 total
- age   6:       6064 bytes,    6584808 total
- age   7:       3000 bytes,    6587808 total
- age   8:       7280 bytes,    6595088 total
: 98461K->9260K(109248K), 0.0195781 secs] 113495K->24300K(502464K), 0.0196805 secs] [Times: user=0.02 sys=0.00, real=0.02 secs] 
Heap after GC invocations=356 (full 1):
 par new generation   total 109248K, used 9260K [0x00000000e0000000, 0x00000000e8000000, 0x00000000e8000000)
  eden space 87424K,   0% used [0x00000000e0000000, 0x00000000e0000000, 0x00000000e5560000)
  from space 21824K,  42% used [0x00000000e5560000, 0x00000000e5e6b280, 0x00000000e6ab0000)
  to   space 21824K,   0% used [0x00000000e6ab0000, 0x00000000e6ab0000, 0x00000000e8000000)
 concurrent mark-sweep generation total 393216K, used 15040K [0x00000000e8000000, 0x0000000100000000, 0x0000000100000000)
 Metaspace       used 34654K, capacity 35236K, committed 35552K, reserved 1081344K
  class space    used 3625K, capacity 3782K, committed 3836K, reserved 1048576K
}
2017-03-31T04:59:04.573+0200: 405.299: Total time for which application threads were stopped: 0.0219307 seconds, Stopping threads took: 0.0020470 seconds
{Heap before GC invocations=356 (full 1):
 par new generation   total 109248K, used 96684K [0x00000000e0000000, 0x00000000e8000000, 0x00000000e8000000)
  eden space 87424K, 100% used [0x00000000e0000000, 0x00000000e5560000, 0x00000000e5560000)
  from space 21824K,  42% used [0x00000000e5560000, 0x00000000e5e6b280, 0x00000000e6ab0000)
  to   space 21824K,   0% used [0x00000000e6ab0000, 0x00000000e6ab0000, 0x00000000e8000000)
 concurrent mark-sweep generation total 393216K, used 15040K [0x00000000e8000000, 0x0000000100000000, 0x0000000100000000)
 Metaspace       used 34654K, capacity 35236K, committed 35552K, reserved 1081344K
  class space    used 3625K, capacity 3782K, committed 3836K, reserved 1048576K
2017-03-31T04:59:04.835+0200: 405.562: [GC (Allocation Failure) 2017-03-31T04:59:04.835+0200: 405.562: [ParNew
Desired survivor size 20112992 bytes, new threshold 8 (max 8)
- age   1:    3235656 bytes,    3235656 total
- age   2:    3832336 bytes,    7067992 total
- age   3:    1955824 bytes,    9023816 total
- age   4:       4224 bytes,    9028040 total
- age   5:       4488 bytes,    9032528 total
- age   6:       6664 bytes,    9039192 total
- age   7:       6064 bytes,    9045256 total
- age   8:       3000 bytes,    9048256 total
: 96684K->11399K(109248K), 0.0413424 secs] 111724K->26447K(502464K), 0.0414209 secs] [Times: user=0.04 sys=0.00, real=0.04 secs] 
Heap after GC invocations=357 (full 1):
 par new generation   total 109248K, used 11399K [0x00000000e0000000, 0x00000000e8000000, 0x00000000e8000000)
  eden space 87424K,   0% used [0x00000000e0000000, 0x00000000e0000000, 0x00000000e5560000)
  from space 21824K,  52% used [0x00000000e6ab0000, 0x00000000e75d1ee0, 0x00000000e8000000)
  to   space 21824K,   0% used [0x00000000e5560000, 0x00000000e5560000, 0x00000000e6ab0000)
 concurrent mark-sweep generation total 393216K, used 15047K [0x00000000e8000000, 0x0000000100000000, 0x0000000100000000)
 Metaspace       used 34654K, capacity 35236K, committed 35552K, reserved 1081344K
  class space    used 3625K, capacity 3782K, committed 3836K, reserved 1048576K
}
2017-03-31T04:59:04.877+0200: 405.603: Total time for which application threads were stopped: 0.0416113 seconds, Stopping threads took: 0.0000301 seconds
{Heap before GC invocations=357 (full 1):
 par new generation   total 109248K, used 98801K [0x00000000e0000000, 0x00000000e8000000, 0x00000000e8000000)
  eden space 87424K,  99% used [0x00000000e0000000, 0x00000000e555a588, 0x00000000e5560000)
  from space 21824K,  52% used [0x00000000e6ab0000, 0x00000000e75d1ee0, 0x00000000e8000000)
  to   space 21824K,   0% used [0x00000000e5560000, 0x00000000e5560000, 0x00000000e6ab0000)
 concurrent mark-sweep generation total 393216K, used 15047K [0x00000000e8000000, 0x0000000100000000, 0x0000000100000000)
 Metaspace       used 34654K, capacity 35236K, committed 35552K, reserved 1081344K
  class space    used 3625K, capacity 3782K, committed 3836K, reserved 1048576K
2017-03-31T04:59:05.277+0200: 406.003: [GC (Allocation Failure) 2017-03-31T04:59:05.277+0200: 406.004: [ParNew
Desired survivor size 20112992 bytes, new threshold 8 (max 8)
- age   1:    3741296 bytes,    3741296 total
- age   2:    2822752 bytes,    6564048 total
- age   3:    1234328 bytes,    7798376 total
- age   4:       7232 bytes,    7805608 total
- age   5:       4224 bytes,    7809832 total
- age   6:       4296 bytes,    7814128 total
- age   7:       6664 bytes,    7820792 total
- age   8:       6064 bytes,    7826856 total
: 98801K->13022K(109248K), 0.0279733 secs] 113848K->28072K(502464K), 0.0280394 secs] [Times: user=0.03 sys=0.00, real=0.03 secs] 
Heap after GC invocations=358 (full 1):
 par new generation   total 109248K, used 13022K [0x00000000e0000000, 0x00000000e8000000, 0x00000000e8000000)
  eden space 87424K,   0% used [0x00000000e0000000, 0x00000000e0000000, 0x00000000e5560000)
  from space 21824K,  59% used [0x00000000e5560000, 0x00000000e6217a10, 0x00000000e6ab0000)
  to   space 21824K,   0% used [0x00000000e6ab0000, 0x00000000e6ab0000, 0x00000000e8000000)
 concurrent mark-sweep generation total 393216K, used 15050K [0x00000000e8000000, 0x0000000100000000, 0x0000000100000000)
 Metaspace       used 34654K, capacity 35236K, committed 35552K, reserved 1081344K
  class space    used 3625K, capacity 3782K, committed 3836K, reserved 1048576K
}
2017-03-31T04:59:05.305+0200: 406.032: Total time for which application threads were stopped: 0.0310862 seconds, Stopping threads took: 0.0028912 seconds
2017-03-31T04:59:08.923+0200: 409.649: Total time for which application threads were stopped: 0.0001892 seconds, Stopping threads took: 0.0000845 seconds
2017-03-31T04:59:09.925+0200: 410.652: Total time for which application threads were stopped: 0.0001462 seconds, Stopping threads took: 0.0000351 seconds
2017-03-31T04:59:18.929+0200: 419.655: Total time for which application threads were stopped: 0.0000983 seconds, Stopping threads took: 0.0000267 seconds
{Heap before GC invocations=358 (full 1):
 par new generation   total 109248K, used 100446K [0x00000000e0000000, 0x00000000e8000000, 0x00000000e8000000)
  eden space 87424K, 100% used [0x00000000e0000000, 0x00000000e5560000, 0x00000000e5560000)
  from space 21824K,  59% used [0x00000000e5560000, 0x00000000e6217a10, 0x00000000e6ab0000)
  to   space 21824K,   0% used [0x00000000e6ab0000, 0x00000000e6ab0000, 0x00000000e8000000)
 concurrent mark-sweep generation total 393216K, used 15050K [0x00000000e8000000, 0x0000000100000000, 0x0000000100000000)
 Metaspace       used 34656K, capacity 35236K, committed 35552K, reserved 1081344K
  class space    used 3625K, capacity 3782K, committed 3836K, reserved 1048576K
2017-03-31T05:00:22.532+0200: 483.258: [GC (Allocation Failure) 2017-03-31T05:00:22.532+0200: 483.258: [ParNew
Desired survivor size 20112992 bytes, new threshold 8 (max 8)
- age   1:    4495936 bytes,    4495936 total
- age   2:    2644496 bytes,    7140432 total
- age   3:       3280 bytes,    7143712 total
- age   4:       6624 bytes,    7150336 total
- age   5:       6464 bytes,    7156800 total
- age   6:       3864 bytes,    7160664 total
- age   7:       3864 bytes,    7164528 total
- age   8:       6088 bytes,    7170616 total
: 100446K->8485K(109248K), 0.0259837 secs] 115496K->23540K(502464K), 0.0260596 secs] [Times: user=0.03 sys=0.00, real=0.02 secs] 
Heap after GC invocations=359 (full 1):
 par new generation   total 109248K, used 8485K [0x00000000e0000000, 0x00000000e8000000, 0x00000000e8000000)
  eden space 87424K,   0% used [0x00000000e0000000, 0x00000000e0000000, 0x00000000e5560000)
  from space 21824K,  38% used [0x00000000e6ab0000, 0x00000000e72f94f8, 0x00000000e8000000)
  to   space 21824K,   0% used [0x00000000e5560000, 0x00000000e5560000, 0x00000000e6ab0000)
 concurrent mark-sweep generation total 393216K, used 15055K [0x00000000e8000000, 0x0000000100000000, 0x0000000100000000)
 Metaspace       used 34656K, capacity 35236K, committed 35552K, reserved 1081344K
  class space    used 3625K, capacity 3782K, committed 3836K, reserved 1048576K
}
2017-03-31T05:00:22.558+0200: 483.284: Total time for which application threads were stopped: 0.0263877 seconds, Stopping threads took: 0.0000901 seconds
{Heap before GC invocations=359 (full 1):
 par new generation   total 109248K, used 95909K [0x00000000e0000000, 0x00000000e8000000, 0x00000000e8000000)
  eden space 87424K, 100% used [0x00000000e0000000, 0x00000000e5560000, 0x00000000e5560000)
  from space 21824K,  38% used [0x00000000e6ab0000, 0x00000000e72f94f8, 0x00000000e8000000)
  to   space 21824K,   0% used [0x00000000e5560000, 0x00000000e5560000, 0x00000000e6ab0000)
 concurrent mark-sweep generation total 393216K, used 15055K [0x00000000e8000000, 0x0000000100000000, 0x0000000100000000)
 Metaspace       used 34656K, capacity 35236K, committed 35552K, reserved 1081344K
  class space    used 3625K, capacity 3782K, committed 3836K, reserved 1048576K
2017-03-31T05:00:23.020+0200: 483.746: [GC (Allocation Failure) 2017-03-31T05:00:23.020+0200: 483.746: [ParNew
Desired survivor size 20112992 bytes, new threshold 8 (max 8)
- age   1:    4122960 bytes,    4122960 total
- age   2:    2126008 bytes,    6248968 total
- age   3:       7216 bytes,    6256184 total
- age   4:       3280 bytes,    6259464 total
- age   5:       6624 bytes,    6266088 total
- age   6:       6440 bytes,    6272528 total
- age   7:       3864 bytes,    6276392 total
- age   8:       3864 bytes,    6280256 total
: 95909K->10840K(109248K), 0.0229836 secs] 110964K->25902K(502464K), 0.0230465 secs] [Times: user=0.02 sys=0.00, real=0.02 secs] 
Heap after GC invocations=360 (full 1):
 par new generation   total 109248K, used 10840K [0x00000000e0000000, 0x00000000e8000000, 0x00000000e8000000)
  eden space 87424K,   0% used [0x00000000e0000000, 0x00000000e0000000, 0x00000000e5560000)
  from space 21824K,  49% used [0x00000000e5560000, 0x00000000e5ff6340, 0x00000000e6ab0000)
  to   space 21824K,   0% used [0x00000000e6ab0000, 0x00000000e6ab0000, 0x00000000e8000000)
 concurrent mark-sweep generation total 393216K, used 15061K [0x00000000e8000000, 0x0000000100000000, 0x0000000100000000)
 Metaspace       used 34656K, capacity 35236K, committed 35552K, reserved 1081344K
  class space    used 3625K, capacity 3782K, committed 3836K, reserved 1048576K
}
2017-03-31T05:00:23.043+0200: 483.770: Total time for which application threads were stopped: 0.0271019 seconds, Stopping threads took: 0.0038493 seconds
{Heap before GC invocations=360 (full 1):
 par new generation   total 109248K, used 98264K [0x00000000e0000000, 0x00000000e8000000, 0x00000000e8000000)
  eden space 87424K, 100% used [0x00000000e0000000, 0x00000000e5560000, 0x00000000e5560000)
  from space 21824K,  49% used [0x00000000e5560000, 0x00000000e5ff6340, 0x00000000e6ab0000)
  to   space 21824K,   0% used [0x00000000e6ab0000, 0x00000000e6ab0000, 0x00000000e8000000)
 concurrent mark-sweep generation total 393216K, used 15061K [0x00000000e8000000, 0x0000000100000000, 0x0000000100000000)
 Metaspace       used 34656K, capacity 35236K, committed 35552K, reserved 1081344K
  class space    used 3625K, capacity 3782K, committed 3836K, reserved 1048576K
2017-03-31T05:00:23.293+0200: 484.019: [GC (Allocation Failure) 2017-03-31T05:00:23.293+0200: 484.019: [ParNew
Desired survivor size 20112992 bytes, new threshold 8 (max 8)
- age   1:    2799184 bytes,    2799184 total
- age   2:    3573672 bytes,    6372856 total
- age   3:    1824592 bytes,    8197448 total
- age   4:       7216 bytes,    8204664 total
- age   5:       3280 bytes,    8207944 total
- age   6:       6624 bytes,    8214568 total
- age   7:       6440 bytes,    8221008 total
- age   8:       3864 bytes,    8224872 total
: 98264K->10016K(109248K), 0.0165201 secs] 113326K->25081K(502464K), 0.0166252 secs] [Times: user=0.01 sys=0.00, real=0.01 secs] 
Heap after GC invocations=361 (full 1):
 par new generation   total 109248K, used 10016K [0x00000000e0000000, 0x00000000e8000000, 0x00000000e8000000)
  eden space 87424K,   0% used [0x00000000e0000000, 0x00000000e0000000, 0x00000000e5560000)
  from space 21824K,  45% used [0x00000000e6ab0000, 0x00000000e7478198, 0x00000000e8000000)
  to   space 21824K,   0% used [0x00000000e5560000, 0x00000000e5560000, 0x00000000e6ab0000)
 concurrent mark-sweep generation total 393216K, used 15065K [0x00000000e8000000, 0x0000000100000000, 0x0000000100000000)
 Metaspace       used 34656K, capacity 35236K, committed 35552K, reserved 1081344K
  class space    used 3625K, capacity 3782K, committed 3836K, reserved 1048576K
}
2017-03-31T05:00:23.309+0200: 484.036: Total time for which application threads were stopped: 0.0170763 seconds, Stopping threads took: 0.0001585 seconds
{Heap before GC invocations=361 (full 1):
 par new generation   total 109248K, used 97430K [0x00000000e0000000, 0x00000000e8000000, 0x00000000e8000000)
  eden space 87424K,  99% used [0x00000000e0000000, 0x00000000e555d8f8, 0x00000000e5560000)
  from space 21824K,  45% used [0x00000000e6ab0000, 0x00000000e7478198, 0x00000000e8000000)
  to   space 21824K,   0% used [0x00000000e5560000, 0x00000000e5560000, 0x00000000e6ab0000)
 concurrent mark-sweep generation total 393216K, used 15065K [0x00000000e8000000, 0x0000000100000000, 0x0000000100000000)
 Metaspace       used 34656K, capacity 35236K, committed 35552K, reserved 1081344K
  class space    used 3625K, capacity 3782K, committed 3836K, reserved 1048576K
2017-03-31T05:00:23.836+0200: 484.562: [GC (Allocation Failure) 2017-03-31T05:00:23.836+0200: 484.562: [ParNew
Desired survivor size 20112992 bytes, new threshold 8 (max 8)
- age   1:    4504056 bytes,    4504056 total
- age   2:    2320704 bytes,    6824760 total
- age   3:     594984 bytes,    7419744 total
- age   4:      51600 bytes,    7471344 total
- age   5:       7216 bytes,    7478560 total
- age   6:       3280 bytes,    7481840 total
- age   7:       6600 bytes,    7488440 total
- age   8:       6440 bytes,    7494880 total
: 97430K->10191K(109248K), 0.0321014 secs] 112496K->25261K(502464K), 0.0321701 secs] [Times: user=0.03 sys=0.00, real=0.02 secs] 
Heap after GC invocations=362 (full 1):
 par new generation   total 109248K, used 10191K [0x00000000e0000000, 0x00000000e8000000, 0x00000000e8000000)
  eden space 87424K,   0% used [0x00000000e0000000, 0x00000000e0000000, 0x00000000e5560000)
  from space 21824K,  46% used [0x00000000e5560000, 0x00000000e5f53f90, 0x00000000e6ab0000)
  to   space 21824K,   0% used [0x00000000e6ab0000, 0x00000000e6ab0000, 0x00000000e8000000)
 concurrent mark-sweep generation total 393216K, used 15069K [0x00000000e8000000, 0x0000000100000000, 0x0000000100000000)
 Metaspace       used 34656K, capacity 35236K, committed 35552K, reserved 1081344K
  class space    used 3625K, capacity 3782K, committed 3836K, reserved 1048576K
}
2017-03-31T05:00:23.868+0200: 484.594: Total time for which application threads were stopped: 0.0325170 seconds, Stopping threads took: 0.0000332 seconds
{Heap before GC invocations=362 (full 1):
 par new generation   total 109248K, used 97615K [0x00000000e0000000, 0x00000000e8000000, 0x00000000e8000000)
  eden space 87424K, 100% used [0x00000000e0000000, 0x00000000e5560000, 0x00000000e5560000)
  from space 21824K,  46% used [0x00000000e5560000, 0x00000000e5f53f90, 0x00000000e6ab0000)
  to   space 21824K,   0% used [0x00000000e6ab0000, 0x00000000e6ab0000, 0x00000000e8000000)
 concurrent mark-sweep generation total 393216K, used 15069K [0x00000000e8000000, 0x0000000100000000, 0x0000000100000000)
 Metaspace       used 34656K, capacity 35236K, committed 35552K, reserved 1081344K
  class space    used 3625K, capacity 3782K, committed 3836K, reserved 1048576K
2017-03-31T05:00:24.269+0200: 484.996: [GC (Allocation Failure) 2017-03-31T05:00:24.269+0200: 484.996: [ParNew
Desired survivor size 20112992 bytes, new threshold 8 (max 8)
- age   1:    4049784 bytes,    4049784 total
- age   2:    2299056 bytes,    6348840 total
- age   3:       3288 bytes,    6352128 total
- age   4:       7224 bytes,    6359352 total
- age   5:      51376 bytes,    6410728 total
- age   6:       7192 bytes,    6417920 total
- age   7:       3280 bytes,    6421200 total
- age   8:       6600 bytes,    6427800 total
: 97615K->9997K(109248K), 0.0237670 secs] 112685K->25073K(502464K), 0.0238376 secs] [Times: user=0.01 sys=0.00, real=0.02 secs] 
Heap after GC invocations=363 (full 1):
 par new generation   total 109248K, used 9997K [0x00000000e0000000, 0x00000000e8000000, 0x00000000e8000000)
  eden space 87424K,   0% used [0x00000000e0000000, 0x00000000e0000000, 0x00000000e5560000)
  from space 21824K,  45% used [0x00000000e6ab0000, 0x00000000e7473618, 0x00000000e8000000)
  to   space 21824K,   0% used [0x00000000e5560000, 0x00000000e5560000, 0x00000000e6ab0000)
 concurrent mark-sweep generation total 393216K, used 15075K [0x00000000e8000000, 0x0000000100000000, 0x0000000100000000)
 Metaspace       used 34656K, capacity 35236K, committed 35552K, reserved 1081344K
  class space    used 3625K, capacity 3782K, committed 3836K, reserved 1048576K
}
2017-03-31T05:00:24.293+0200: 485.020: Total time for which application threads were stopped: 0.0239938 seconds, Stopping threads took: 0.0000305 seconds
{Heap before GC invocations=363 (full 1):
 par new generation   total 109248K, used 97421K [0x00000000e0000000, 0x00000000e8000000, 0x00000000e8000000)
  eden space 87424K, 100% used [0x00000000e0000000, 0x00000000e5560000, 0x00000000e5560000)
  from space 21824K,  45% used [0x00000000e6ab0000, 0x00000000e7473618, 0x00000000e8000000)
  to   space 21824K,   0% used [0x00000000e5560000, 0x00000000e5560000, 0x00000000e6ab0000)
 concurrent mark-sweep generation total 393216K, used 15075K [0x00000000e8000000, 0x0000000100000000, 0x0000000100000000)
 Metaspace       used 34656K, capacity 35236K, committed 35552K, reserved 1081344K
  class space    used 3625K, capacity 3782K, committed 3836K, reserved 1048576K
2017-03-31T05:00:24.544+0200: 485.271: [GC (Allocation Failure) 2017-03-31T05:00:24.544+0200: 485.271: [ParNew
Desired survivor size 20112992 bytes, new threshold 8 (max 8)
- age   1:    3403360 bytes,    3403360 total
- age   2:    3825592 bytes,    7228952 total
- age   3:    1928048 bytes,    9157000 total
- age   4:       3288 bytes,    9160288 total
- age   5:       7224 bytes,    9167512 total
- age   6:      51376 bytes,    9218888 total
- age   7:       7192 bytes,    9226080 total
- age   8:       3280 bytes,    9229360 total
: 97421K->10656K(109248K), 0.0319155 secs] 112497K->25738K(502464K), 0.0319941 secs] [Times: user=0.03 sys=0.00, real=0.03 secs] 
Heap after GC invocations=364 (full 1):
 par new generation   total 109248K, used 10656K [0x00000000e0000000, 0x00000000e8000000, 0x00000000e8000000)
  eden space 87424K,   0% used [0x00000000e0000000, 0x00000000e0000000, 0x00000000e5560000)
  from space 21824K,  48% used [0x00000000e5560000, 0x00000000e5fc8200, 0x00000000e6ab0000)
  to   space 21824K,   0% used [0x00000000e6ab0000, 0x00000000e6ab0000, 0x00000000e8000000)
 concurrent mark-sweep generation total 393216K, used 15082K [0x00000000e8000000, 0x0000000100000000, 0x0000000100000000)
 Metaspace       used 34656K, capacity 35236K, committed 35552K, reserved 1081344K
  class space    used 3625K, capacity 3782K, committed 3836K, reserved 1048576K
}
2017-03-31T05:00:24.576+0200: 485.303: Total time for which application threads were stopped: 0.0321759 seconds, Stopping threads took: 0.0000217 seconds
{Heap before GC invocations=364 (full 1):
 par new generation   total 109248K, used 98080K [0x00000000e0000000, 0x00000000e8000000, 0x00000000e8000000)
  eden space 87424K, 100% used [0x00000000e0000000, 0x00000000e5560000, 0x00000000e5560000)
  from space 21824K,  48% used [0x00000000e5560000, 0x00000000e5fc8200, 0x00000000e6ab0000)
  to   space 21824K,   0% used [0x00000000e6ab0000, 0x00000000e6ab0000, 0x00000000e8000000)
 concurrent mark-sweep generation total 393216K, used 15082K [0x00000000e8000000, 0x0000000100000000, 0x0000000100000000)
 Metaspace       used 34656K, capacity 35236K, committed 35552K, reserved 1081344K
  class space    used 3625K, capacity 3782K, committed 3836K, reserved 1048576K
2017-03-31T05:00:24.949+0200: 485.675: [GC (Allocation Failure) 2017-03-31T05:00:24.949+0200: 485.676: [ParNew
Desired survivor size 20112992 bytes, new threshold 8 (max 8)
- age   1:    3891256 bytes,    3891256 total
- age   2:    2815216 bytes,    6706472 total
- age   3:    1052712 bytes,    7759184 total
- age   4:       8184 bytes,    7767368 total
- age   5:       3288 bytes,    7770656 total
- age   6:       7224 bytes,    7777880 total
- age   7:      51376 bytes,    7829256 total
- age   8:       7192 bytes,    7836448 total
: 98080K->12995K(109248K), 0.0186045 secs] 113162K->28080K(502464K), 0.0186587 secs] [Times: user=0.01 sys=0.00, real=0.01 secs] 
Heap after GC invocations=365 (full 1):
 par new generation   total 109248K, used 12995K [0x00000000e0000000, 0x00000000e8000000, 0x00000000e8000000)
  eden space 87424K,   0% used [0x00000000e0000000, 0x00000000e0000000, 0x00000000e5560000)
  from space 21824K,  59% used [0x00000000e6ab0000, 0x00000000e7760ce8, 0x00000000e8000000)
  to   space 21824K,   0% used [0x00000000e5560000, 0x00000000e5560000, 0x00000000e6ab0000)
 concurrent mark-sweep generation total 393216K, used 15085K [0x00000000e8000000, 0x0000000100000000, 0x0000000100000000)
 Metaspace       used 34656K, capacity 35236K, committed 35552K, reserved 1081344K
  class space    used 3625K, capacity 3782K, committed 3836K, reserved 1048576K
}
2017-03-31T05:00:24.968+0200: 485.694: Total time for which application threads were stopped: 0.0208473 seconds, Stopping threads took: 0.0020246 seconds
{Heap before GC invocations=365 (full 1):
 par new generation   total 109248K, used 100419K [0x00000000e0000000, 0x00000000e8000000, 0x00000000e8000000)
  eden space 87424K, 100% used [0x00000000e0000000, 0x00000000e5560000, 0x00000000e5560000)
  from space 21824K,  59% used [0x00000000e6ab0000, 0x00000000e7760ce8, 0x00000000e8000000)
  to   space 21824K,   0% used [0x00000000e5560000, 0x00000000e5560000, 0x00000000e6ab0000)
 concurrent mark-sweep generation total 393216K, used 15085K [0x00000000e8000000, 0x0000000100000000, 0x0000000100000000)
 Metaspace       used 34656K, capacity 35236K, committed 35552K, reserved 1081344K
  class space    used 3625K, capacity 3782K, committed 3836K, reserved 1048576K
2017-03-31T05:00:25.377+0200: 486.103: [GC (Allocation Failure) 2017-03-31T05:00:25.377+0200: 486.104: [ParNew
Desired survivor size 20112992 bytes, new threshold 8 (max 8)
- age   1:    4775352 bytes,    4775352 total
- age   2:    2410696 bytes,    7186048 total
- age   3:       3576 bytes,    7189624 total
- age   4:       6880 bytes,    7196504 total
- age   5:       7864 bytes,    7204368 total
- age   6:       3288 bytes,    7207656 total
- age   7:       7160 bytes,    7214816 total
- age   8:      51376 bytes,    7266192 total
: 100419K->9424K(109248K), 0.0212483 secs] 115504K->24516K(502464K), 0.0213116 secs] [Times: user=0.02 sys=0.00, real=0.02 secs] 
Heap after GC invocations=366 (full 1):
 par new generation   total 109248K, used 9424K [0x00000000e0000000, 0x00000000e8000000, 0x00000000e8000000)
  eden space 87424K,   0% used [0x00000000e0000000, 0x00000000e0000000, 0x00000000e5560000)
  from space 21824K,  43% used [0x00000000e5560000, 0x00000000e5e94090, 0x00000000e6ab0000)
  to   space 21824K,   0% used [0x00000000e6ab0000, 0x00000000e6ab0000, 0x00000000e8000000)
 concurrent mark-sweep generation total 393216K, used 15092K [0x00000000e8000000, 0x0000000100000000, 0x0000000100000000)
 Metaspace       used 34656K, capacity 35236K, committed 35552K, reserved 1081344K
  class space    used 3625K, capacity 3782K, committed 3836K, reserved 1048576K
}
2017-03-31T05:00:25.399+0200: 486.125: Total time for which application threads were stopped: 0.0275058 seconds, Stopping threads took: 0.0060037 seconds
{Heap before GC invocations=366 (full 1):
 par new generation   total 109248K, used 96848K [0x00000000e0000000, 0x00000000e8000000, 0x00000000e8000000)
  eden space 87424K, 100% used [0x00000000e0000000, 0x00000000e5560000, 0x00000000e5560000)
  from space 21824K,  43% used [0x00000000e5560000, 0x00000000e5e94090, 0x00000000e6ab0000)
  to   space 21824K,   0% used [0x00000000e6ab0000, 0x00000000e6ab0000, 0x00000000e8000000)
 concurrent mark-sweep generation total 393216K, used 15092K [0x00000000e8000000, 0x0000000100000000, 0x0000000100000000)
 Metaspace       used 34656K, capacity 35236K, committed 35552K, reserved 1081344K
  class space    used 3625K, capacity 3782K, committed 3836K, reserved 1048576K
2017-03-31T05:00:25.656+0200: 486.382: [GC (Allocation Failure) 2017-03-31T05:00:25.656+0200: 486.382: [ParNew
Desired survivor size 20112992 bytes, new threshold 8 (max 8)
- age   1:    3117624 bytes,    3117624 total
- age   2:    4015128 bytes,    7132752 total
- age   3:    2173504 bytes,    9306256 total
- age   4:       3576 bytes,    9309832 total
- age   5:       6880 bytes,    9316712 total
- age   6:       7864 bytes,    9324576 total
- age   7:       3288 bytes,    9327864 total
- age   8:       7160 bytes,    9335024 total
: 96848K->10810K(109248K), 0.0193905 secs] 111940K->25953K(502464K), 0.0194543 secs] [Times: user=0.02 sys=0.00, real=0.01 secs] 
Heap after GC invocations=367 (full 1):
 par new generation   total 109248K, used 10810K [0x00000000e0000000, 0x00000000e8000000, 0x00000000e8000000)
  eden space 87424K,   0% used [0x00000000e0000000, 0x00000000e0000000, 0x00000000e5560000)
  from space 21824K,  49% used [0x00000000e6ab0000, 0x00000000e753e880, 0x00000000e8000000)
  to   space 21824K,   0% used [0x00000000e5560000, 0x00000000e5560000, 0x00000000e6ab0000)
 concurrent mark-sweep generation total 393216K, used 15143K [0x00000000e8000000, 0x0000000100000000, 0x0000000100000000)
 Metaspace       used 34656K, capacity 35236K, committed 35552K, reserved 1081344K
  class space    used 3625K, capacity 3782K, committed 3836K, reserved 1048576K
}
2017-03-31T05:00:25.675+0200: 486.402: Total time for which application threads were stopped: 0.0196935 seconds, Stopping threads took: 0.0000339 seconds
{Heap before GC invocations=367 (full 1):
 par new generation   total 109248K, used 98202K [0x00000000e0000000, 0x00000000e8000000, 0x00000000e8000000)
  eden space 87424K,  99% used [0x00000000e0000000, 0x00000000e5558198, 0x00000000e5560000)
  from space 21824K,  49% used [0x00000000e6ab0000, 0x00000000e753e880, 0x00000000e8000000)
  to   space 21824K,   0% used [0x00000000e5560000, 0x00000000e5560000, 0x00000000e6ab0000)
 concurrent mark-sweep generation total 393216K, used 15143K [0x00000000e8000000, 0x0000000100000000, 0x0000000100000000)
 Metaspace       used 34658K, capacity 35236K, committed 35552K, reserved 1081344K
  class space    used 3625K, capacity 3782K, committed 3836K, reserved 1048576K
2017-03-31T05:00:26.054+0200: 486.780: [GC (Allocation Failure) 2017-03-31T05:00:26.054+0200: 486.780: [ParNew
Desired survivor size 20112992 bytes, new threshold 8 (max 8)
- age   1:    3617176 bytes,    3617176 total
- age   2:    2812608 bytes,    6429784 total
- age   3:    1359928 bytes,    7789712 total
- age   4:       6248 bytes,    7795960 total
- age   5:       3576 bytes,    7799536 total
- age   6:       6688 bytes,    7806224 total
- age   7:       7864 bytes,    7814088 total
- age   8:       3288 bytes,    7817376 total
: 98202K->13541K(109248K), 0.0187507 secs] 113346K->28692K(502464K), 0.0188248 secs] [Times: user=0.01 sys=0.00, real=0.02 secs] 
Heap after GC invocations=368 (full 1):
 par new generation   total 109248K, used 13541K [0x00000000e0000000, 0x00000000e8000000, 0x00000000e8000000)
  eden space 87424K,   0% used [0x00000000e0000000, 0x00000000e0000000, 0x00000000e5560000)
  from space 21824K,  62% used [0x00000000e5560000, 0x00000000e6299638, 0x00000000e6ab0000)
  to   space 21824K,   0% used [0x00000000e6ab0000, 0x00000000e6ab0000, 0x00000000e8000000)
 concurrent mark-sweep generation total 393216K, used 15150K [0x00000000e8000000, 0x0000000100000000, 0x0000000100000000)
 Metaspace       used 34658K, capacity 35236K, committed 35552K, reserved 1081344K
  class space    used 3625K, capacity 3782K, committed 3836K, reserved 1048576K
}
2017-03-31T05:00:26.072+0200: 486.799: Total time for which application threads were stopped: 0.0191020 seconds, Stopping threads took: 0.0001053 seconds
{Heap before GC invocations=368 (full 1):
 par new generation   total 109248K, used 100965K [0x00000000e0000000, 0x00000000e8000000, 0x00000000e8000000)
  eden space 87424K, 100% used [0x00000000e0000000, 0x00000000e5560000, 0x00000000e5560000)
  from space 21824K,  62% used [0x00000000e5560000, 0x00000000e6299638, 0x00000000e6ab0000)
  to   space 21824K,   0% used [0x00000000e6ab0000, 0x00000000e6ab0000, 0x00000000e8000000)
 concurrent mark-sweep generation total 393216K, used 15150K [0x00000000e8000000, 0x0000000100000000, 0x0000000100000000)
 Metaspace       used 34658K, capacity 35236K, committed 35552K, reserved 1081344K
  class space    used 3625K, capacity 3782K, committed 3836K, reserved 1048576K
2017-03-31T05:00:26.497+0200: 487.223: [GC (Allocation Failure) 2017-03-31T05:00:26.497+0200: 487.223: [ParNew
Desired survivor size 20112992 bytes, new threshold 8 (max 8)
- age   1:    4573360 bytes,    4573360 total
- age   2:    2435272 bytes,    7008632 total
- age   3:       3896 bytes,    7012528 total
- age   4:       7696 bytes,    7020224 total
- age   5:       5864 bytes,    7026088 total
- age   6:       3576 bytes,    7029664 total
- age   7:       6688 bytes,    7036352 total
- age   8:       7864 bytes,    7044216 total
: 100965K->8646K(109248K), 0.0221241 secs] 116116K->23800K(502464K), 0.0221882 secs] [Times: user=0.02 sys=0.00, real=0.02 secs] 
Heap after GC invocations=369 (full 1):
 par new generation   total 109248K, used 8646K [0x00000000e0000000, 0x00000000e8000000, 0x00000000e8000000)
  eden space 87424K,   0% used [0x00000000e0000000, 0x00000000e0000000, 0x00000000e5560000)
  from space 21824K,  39% used [0x00000000e6ab0000, 0x00000000e7321b48, 0x00000000e8000000)
  to   space 21824K,   0% used [0x00000000e5560000, 0x00000000e5560000, 0x00000000e6ab0000)
 concurrent mark-sweep generation total 393216K, used 15153K [0x00000000e8000000, 0x0000000100000000, 0x0000000100000000)
 Metaspace       used 34658K, capacity 35236K, committed 35552K, reserved 1081344K
  class space    used 3625K, capacity 3782K, committed 3836K, reserved 1048576K
}
2017-03-31T05:00:26.519+0200: 487.246: Total time for which application threads were stopped: 0.0223448 seconds, Stopping threads took: 0.0000313 seconds
{Heap before GC invocations=369 (full 1):
 par new generation   total 109248K, used 96070K [0x00000000e0000000, 0x00000000e8000000, 0x00000000e8000000)
  eden space 87424K, 100% used [0x00000000e0000000, 0x00000000e5560000, 0x00000000e5560000)
  from space 21824K,  39% used [0x00000000e6ab0000, 0x00000000e7321b48, 0x00000000e8000000)
  to   space 21824K,   0% used [0x00000000e5560000, 0x00000000e5560000, 0x00000000e6ab0000)
 concurrent mark-sweep generation total 393216K, used 15153K [0x00000000e8000000, 0x0000000100000000, 0x0000000100000000)
 Metaspace       used 34658K, capacity 35236K, committed 35552K, reserved 1081344K
  class space    used 3625K, capacity 3782K, committed 3836K, reserved 1048576K
2017-03-31T05:00:26.825+0200: 487.551: [GC (Allocation Failure) 2017-03-31T05:00:26.825+0200: 487.551: [ParNew
Desired survivor size 20112992 bytes, new threshold 8 (max 8)
- age   1:    3276288 bytes,    3276288 total
- age   2:    1979368 bytes,    5255656 total
- age   3:      15120 bytes,    5270776 total
- age   4:       3896 bytes,    5274672 total
- age   5:       7504 bytes,    5282176 total
- age   6:       5864 bytes,    5288040 total
- age   7:       3576 bytes,    5291616 total
- age   8:       6688 bytes,    5298304 total
: 96070K->10710K(109248K), 0.0187137 secs] 111224K->25871K(502464K), 0.0187694 secs] [Times: user=0.02 sys=0.00, real=0.02 secs] 
Heap after GC invocations=370 (full 1):
 par new generation   total 109248K, used 10710K [0x00000000e0000000, 0x00000000e8000000, 0x00000000e8000000)
  eden space 87424K,   0% used [0x00000000e0000000, 0x00000000e0000000, 0x00000000e5560000)
  from space 21824K,  49% used [0x00000000e5560000, 0x00000000e5fd58e0, 0x00000000e6ab0000)
  to   space 21824K,   0% used [0x00000000e6ab0000, 0x00000000e6ab0000, 0x00000000e8000000)
 concurrent mark-sweep generation total 393216K, used 15161K [0x00000000e8000000, 0x0000000100000000, 0x0000000100000000)
 Metaspace       used 34658K, capacity 35236K, committed 35552K, reserved 1081344K
  class space    used 3625K, capacity 3782K, committed 3836K, reserved 1048576K
}
2017-03-31T05:00:26.844+0200: 487.570: Total time for which application threads were stopped: 0.0189333 seconds, Stopping threads took: 0.0000230 seconds
{Heap before GC invocations=370 (full 1):
 par new generation   total 109248K, used 98134K [0x00000000e0000000, 0x00000000e8000000, 0x00000000e8000000)
  eden space 87424K, 100% used [0x00000000e0000000, 0x00000000e5560000, 0x00000000e5560000)
  from space 21824K,  49% used [0x00000000e5560000, 0x00000000e5fd58e0, 0x00000000e6ab0000)
  to   space 21824K,   0% used [0x00000000e6ab0000, 0x00000000e6ab0000, 0x00000000e8000000)
 concurrent mark-sweep generation total 393216K, used 15161K [0x00000000e8000000, 0x0000000100000000, 0x0000000100000000)
 Metaspace       used 34658K, capacity 35236K, committed 35552K, reserved 1081344K
  class space    used 3625K, capacity 3782K, committed 3836K, reserved 1048576K
2017-03-31T05:00:27.140+0200: 487.867: [GC (Allocation Failure) 2017-03-31T05:00:27.140+0200: 487.867: [ParNew
Desired survivor size 20112992 bytes, new threshold 8 (max 8)
- age   1:    3551760 bytes,    3551760 total
- age   2:    2928272 bytes,    6480032 total
- age   3:    1588536 bytes,    8068568 total
- age   4:       6032 bytes,    8074600 total
- age   5:       3896 bytes,    8078496 total
- age   6:       7504 bytes,    8086000 total
- age   7:       5864 bytes,    8091864 total
- age   8:       3576 bytes,    8095440 total
: 98134K->9522K(109248K), 0.0375256 secs] 113295K->24690K(502464K), 0.0375912 secs] [Times: user=0.03 sys=0.00, real=0.03 secs] 
Heap after GC invocations=371 (full 1):
 par new generation   total 109248K, used 9522K [0x00000000e0000000, 0x00000000e8000000, 0x00000000e8000000)
  eden space 87424K,   0% used [0x00000000e0000000, 0x00000000e0000000, 0x00000000e5560000)
  from space 21824K,  43% used [0x00000000e6ab0000, 0x00000000e73fca88, 0x00000000e8000000)
  to   space 21824K,   0% used [0x00000000e5560000, 0x00000000e5560000, 0x00000000e6ab0000)
 concurrent mark-sweep generation total 393216K, used 15168K [0x00000000e8000000, 0x0000000100000000, 0x0000000100000000)
 Metaspace       used 34658K, capacity 35236K, committed 35552K, reserved 1081344K
  class space    used 3625K, capacity 3782K, committed 3836K, reserved 1048576K
}
2017-03-31T05:00:27.178+0200: 487.904: Total time for which application threads were stopped: 0.0377509 seconds, Stopping threads took: 0.0000318 seconds
{Heap before GC invocations=371 (full 1):
 par new generation   total 109248K, used 96946K [0x00000000e0000000, 0x00000000e8000000, 0x00000000e8000000)
  eden space 87424K, 100% used [0x00000000e0000000, 0x00000000e5560000, 0x00000000e5560000)
  from space 21824K,  43% used [0x00000000e6ab0000, 0x00000000e73fca88, 0x00000000e8000000)
  to   space 21824K,   0% used [0x00000000e5560000, 0x00000000e5560000, 0x00000000e6ab0000)
 concurrent mark-sweep generation total 393216K, used 15168K [0x00000000e8000000, 0x0000000100000000, 0x0000000100000000)
 Metaspace       used 34658K, capacity 35236K, committed 35552K, reserved 1081344K
  class space    used 3625K, capacity 3782K, committed 3836K, reserved 1048576K
2017-03-31T05:00:27.611+0200: 488.338: [GC (Allocation Failure) 2017-03-31T05:00:27.611+0200: 488.338: [ParNew
Desired survivor size 20112992 bytes, new threshold 8 (max 8)
- age   1:    4578200 bytes,    4578200 total
- age   2:    2832640 bytes,    7410840 total
- age   3:       4744 bytes,    7415584 total
- age   4:       7704 bytes,    7423288 total
- age   5:       5648 bytes,    7428936 total
- age   6:       3896 bytes,    7432832 total
- age   7:       7504 bytes,    7440336 total
- age   8:       5864 bytes,    7446200 total
: 96946K->12814K(109248K), 0.0262161 secs] 112114K->27986K(502464K), 0.0262807 secs] [Times: user=0.03 sys=0.00, real=0.02 secs] 
Heap after GC invocations=372 (full 1):
 par new generation   total 109248K, used 12814K [0x00000000e0000000, 0x00000000e8000000, 0x00000000e8000000)
  eden space 87424K,   0% used [0x00000000e0000000, 0x00000000e0000000, 0x00000000e5560000)
  from space 21824K,  58% used [0x00000000e5560000, 0x00000000e61e3a40, 0x00000000e6ab0000)
  to   space 21824K,   0% used [0x00000000e6ab0000, 0x00000000e6ab0000, 0x00000000e8000000)
 concurrent mark-sweep generation total 393216K, used 15171K [0x00000000e8000000, 0x0000000100000000, 0x0000000100000000)
 Metaspace       used 34658K, capacity 35236K, committed 35552K, reserved 1081344K
  class space    used 3625K, capacity 3782K, committed 3836K, reserved 1048576K
}
2017-03-31T05:00:27.638+0200: 488.364: Total time for which application threads were stopped: 0.0284482 seconds, Stopping threads took: 0.0020187 seconds
{Heap before GC invocations=372 (full 1):
 par new generation   total 109248K, used 100238K [0x00000000e0000000, 0x00000000e8000000, 0x00000000e8000000)
  eden space 87424K, 100% used [0x00000000e0000000, 0x00000000e5560000, 0x00000000e5560000)
  from space 21824K,  58% used [0x00000000e5560000, 0x00000000e61e3a40, 0x00000000e6ab0000)
  to   space 21824K,   0% used [0x00000000e6ab0000, 0x00000000e6ab0000, 0x00000000e8000000)
 concurrent mark-sweep generation total 393216K, used 15171K [0x00000000e8000000, 0x0000000100000000, 0x0000000100000000)
 Metaspace       used 34659K, capacity 35236K, committed 35552K, reserved 1081344K
  class space    used 3625K, capacity 3782K, committed 3836K, reserved 1048576K
2017-03-31T05:00:28.086+0200: 488.812: [GC (Allocation Failure) 2017-03-31T05:00:28.086+0200: 488.812: [ParNew
Desired survivor size 20112992 bytes, new threshold 8 (max 8)
- age   1:    4071456 bytes,    4071456 total
- age   2:    2198888 bytes,    6270344 total
- age   3:       4864 bytes,    6275208 total
- age   4:       4552 bytes,    6279760 total
- age   5:       7320 bytes,    6287080 total
- age   6:       5648 bytes,    6292728 total
- age   7:       3896 bytes,    6296624 total
- age   8:       7504 bytes,    6304128 total
: 100238K->8549K(109248K), 0.0270333 secs] 115410K->23726K(502464K), 0.0270945 secs] [Times: user=0.03 sys=0.00, real=0.03 secs] 
Heap after GC invocations=373 (full 1):
 par new generation   total 109248K, used 8549K [0x00000000e0000000, 0x00000000e8000000, 0x00000000e8000000)
  eden space 87424K,   0% used [0x00000000e0000000, 0x00000000e0000000, 0x00000000e5560000)
  from space 21824K,  39% used [0x00000000e6ab0000, 0x00000000e7309580, 0x00000000e8000000)
  to   space 21824K,   0% used [0x00000000e5560000, 0x00000000e5560000, 0x00000000e6ab0000)
 concurrent mark-sweep generation total 393216K, used 15177K [0x00000000e8000000, 0x0000000100000000, 0x0000000100000000)
 Metaspace       used 34659K, capacity 35236K, committed 35552K, reserved 1081344K
  class space    used 3625K, capacity 3782K, committed 3836K, reserved 1048576K
}
2017-03-31T05:00:28.113+0200: 488.839: Total time for which application threads were stopped: 0.0303836 seconds, Stopping threads took: 0.0031413 seconds
{Heap before GC invocations=373 (full 1):
 par new generation   total 109248K, used 95967K [0x00000000e0000000, 0x00000000e8000000, 0x00000000e8000000)
  eden space 87424K,  99% used [0x00000000e0000000, 0x00000000e555e8f0, 0x00000000e5560000)
  from space 21824K,  39% used [0x00000000e6ab0000, 0x00000000e7309580, 0x00000000e8000000)
  to   space 21824K,   0% used [0x00000000e5560000, 0x00000000e5560000, 0x00000000e6ab0000)
 concurrent mark-sweep generation total 393216K, used 15177K [0x00000000e8000000, 0x0000000100000000, 0x0000000100000000)
 Metaspace       used 34659K, capacity 35236K, committed 35552K, reserved 1081344K
  class space    used 3625K, capacity 3782K, committed 3836K, reserved 1048576K
2017-03-31T05:00:28.417+0200: 489.143: [GC (Allocation Failure) 2017-03-31T05:00:28.417+0200: 489.143: [ParNew
Desired survivor size 20112992 bytes, new threshold 8 (max 8)
- age   1:    3540336 bytes,    3540336 total
- age   2:    3494128 bytes,    7034464 total
- age   3:    1887528 bytes,    8921992 total
- age   4:       4864 bytes,    8926856 total
- age   5:       4552 bytes,    8931408 total
- age   6:       7320 bytes,    8938728 total
- age   7:       5648 bytes,    8944376 total
- age   8:       3896 bytes,    8948272 total
: 95967K->11072K(109248K), 0.0250140 secs] 111145K->26257K(502464K), 0.0250882 secs] [Times: user=0.02 sys=0.00, real=0.03 secs] 
Heap after GC invocations=374 (full 1):
 par new generation   total 109248K, used 11072K [0x00000000e0000000, 0x00000000e8000000, 0x00000000e8000000)
  eden space 87424K,   0% used [0x00000000e0000000, 0x00000000e0000000, 0x00000000e5560000)
  from space 21824K,  50% used [0x00000000e5560000, 0x00000000e6030250, 0x00000000e6ab0000)
  to   space 21824K,   0% used [0x00000000e6ab0000, 0x00000000e6ab0000, 0x00000000e8000000)
 concurrent mark-sweep generation total 393216K, used 15184K [0x00000000e8000000, 0x0000000100000000, 0x0000000100000000)
 Metaspace       used 34659K, capacity 35236K, committed 35552K, reserved 1081344K
  class space    used 3625K, capacity 3782K, committed 3836K, reserved 1048576K
}
2017-03-31T05:00:28.442+0200: 489.168: Total time for which application threads were stopped: 0.0252658 seconds, Stopping threads took: 0.0000319 seconds
{Heap before GC invocations=374 (full 1):
 par new generation   total 109248K, used 98496K [0x00000000e0000000, 0x00000000e8000000, 0x00000000e8000000)
  eden space 87424K, 100% used [0x00000000e0000000, 0x00000000e5560000, 0x00000000e5560000)
  from space 21824K,  50% used [0x00000000e5560000, 0x00000000e6030250, 0x00000000e6ab0000)
  to   space 21824K,   0% used [0x00000000e6ab0000, 0x00000000e6ab0000, 0x00000000e8000000)
 concurrent mark-sweep generation total 393216K, used 15184K [0x00000000e8000000, 0x0000000100000000, 0x0000000100000000)
 Metaspace       used 34669K, capacity 35236K, committed 35552K, reserved 1081344K
  class space    used 3625K, capacity 3782K, committed 3836K, reserved 1048576K
2017-03-31T05:00:28.890+0200: 489.616: [GC (Allocation Failure) 2017-03-31T05:00:28.890+0200: 489.616: [ParNew
Desired survivor size 20112992 bytes, new threshold 8 (max 8)
- age   1:    3756928 bytes,    3756928 total
- age   2:    3141776 bytes,    6898704 total
- age   3:     607528 bytes,    7506232 total
- age   4:       7576 bytes,    7513808 total
- age   5:       4864 bytes,    7518672 total
- age   6:       4360 bytes,    7523032 total
- age   7:       7320 bytes,    7530352 total
- age   8:       5648 bytes,    7536000 total
: 98496K->12853K(109248K), 0.0211432 secs] 113681K->28042K(502464K), 0.0212164 secs] [Times: user=0.02 sys=0.00, real=0.02 secs] 
Heap after GC invocations=375 (full 1):
 par new generation   total 109248K, used 12853K [0x00000000e0000000, 0x00000000e8000000, 0x00000000e8000000)
  eden space 87424K,   0% used [0x00000000e0000000, 0x00000000e0000000, 0x00000000e5560000)
  from space 21824K,  58% used [0x00000000e6ab0000, 0x00000000e773d5e8, 0x00000000e8000000)
  to   space 21824K,   0% used [0x00000000e5560000, 0x00000000e5560000, 0x00000000e6ab0000)
 concurrent mark-sweep generation total 393216K, used 15188K [0x00000000e8000000, 0x0000000100000000, 0x0000000100000000)
 Metaspace       used 34669K, capacity 35236K, committed 35552K, reserved 1081344K
  class space    used 3625K, capacity 3782K, committed 3836K, reserved 1048576K
}
2017-03-31T05:00:28.911+0200: 489.638: Total time for which application threads were stopped: 0.0217359 seconds, Stopping threads took: 0.0000689 seconds
{Heap before GC invocations=375 (full 1):
 par new generation   total 109248K, used 100277K [0x00000000e0000000, 0x00000000e8000000, 0x00000000e8000000)
  eden space 87424K, 100% used [0x00000000e0000000, 0x00000000e5560000, 0x00000000e5560000)
  from space 21824K,  58% used [0x00000000e6ab0000, 0x00000000e773d5e8, 0x00000000e8000000)
  to   space 21824K,   0% used [0x00000000e5560000, 0x00000000e5560000, 0x00000000e6ab0000)
 concurrent mark-sweep generation total 393216K, used 15188K [0x00000000e8000000, 0x0000000100000000, 0x0000000100000000)
 Metaspace       used 34670K, capacity 35236K, committed 35552K, reserved 1081344K
  class space    used 3625K, capacity 3782K, committed 3836K, reserved 1048576K
2017-03-31T05:00:29.387+0200: 490.113: [GC (Allocation Failure) 2017-03-31T05:00:29.387+0200: 490.113: [ParNew
Desired survivor size 20112992 bytes, new threshold 8 (max 8)
- age   1:    4446360 bytes,    4446360 total
- age   2:    2338656 bytes,    6785016 total
- age   3:       4248 bytes,    6789264 total
- age   4:      18688 bytes,    6807952 total
- age   5:       7192 bytes,    6815144 total
- age   6:       4864 bytes,    6820008 total
- age   7:       4360 bytes,    6824368 total
- age   8:       7320 bytes,    6831688 total
: 100277K->9150K(109248K), 0.0349908 secs] 115466K->24344K(502464K), 0.0350561 secs] [Times: user=0.03 sys=0.00, real=0.04 secs] 
Heap after GC invocations=376 (full 1):
 par new generation   total 109248K, used 9150K [0x00000000e0000000, 0x00000000e8000000, 0x00000000e8000000)
  eden space 87424K,   0% used [0x00000000e0000000, 0x00000000e0000000, 0x00000000e5560000)
  from space 21824K,  41% used [0x00000000e5560000, 0x00000000e5e4f850, 0x00000000e6ab0000)
  to   space 21824K,   0% used [0x00000000e6ab0000, 0x00000000e6ab0000, 0x00000000e8000000)
 concurrent mark-sweep generation total 393216K, used 15194K [0x00000000e8000000, 0x0000000100000000, 0x0000000100000000)
 Metaspace       used 34670K, capacity 35236K, committed 35552K, reserved 1081344K
  class space    used 3625K, capacity 3782K, committed 3836K, reserved 1048576K
}
2017-03-31T05:00:29.422+0200: 490.148: Total time for which application threads were stopped: 0.0352176 seconds, Stopping threads took: 0.0000312 seconds
{Heap before GC invocations=376 (full 1):
 par new generation   total 109248K, used 96574K [0x00000000e0000000, 0x00000000e8000000, 0x00000000e8000000)
  eden space 87424K, 100% used [0x00000000e0000000, 0x00000000e5560000, 0x00000000e5560000)
  from space 21824K,  41% used [0x00000000e5560000, 0x00000000e5e4f850, 0x00000000e6ab0000)
  to   space 21824K,   0% used [0x00000000e6ab0000, 0x00000000e6ab0000, 0x00000000e8000000)
 concurrent mark-sweep generation total 393216K, used 15194K [0x00000000e8000000, 0x0000000100000000, 0x0000000100000000)
 Metaspace       used 34676K, capacity 35236K, committed 35552K, reserved 1081344K
  class space    used 3625K, capacity 3782K, committed 3836K, reserved 1048576K
2017-03-31T05:00:29.726+0200: 490.452: [GC (Allocation Failure) 2017-03-31T05:00:29.726+0200: 490.452: [ParNew
Desired survivor size 20112992 bytes, new threshold 8 (max 8)
- age   1:    3422008 bytes,    3422008 total
- age   2:    2010864 bytes,    5432872 total
- age   3:      16464 bytes,    5449336 total
- age   4:       4248 bytes,    5453584 total
- age   5:       7568 bytes,    5461152 total
- age   6:       7192 bytes,    5468344 total
- age   7:       4864 bytes,    5473208 total
- age   8:       4360 bytes,    5477568 total
: 96574K->7687K(109248K), 0.0177434 secs] 111768K->22889K(502464K), 0.0178170 secs] [Times: user=0.02 sys=0.00, real=0.02 secs] 
Heap after GC invocations=377 (full 1):
 par new generation   total 109248K, used 7687K [0x00000000e0000000, 0x00000000e8000000, 0x00000000e8000000)
  eden space 87424K,   0% used [0x00000000e0000000, 0x00000000e0000000, 0x00000000e5560000)
  from space 21824K,  35% used [0x00000000e6ab0000, 0x00000000e7231f98, 0x00000000e8000000)
  to   space 21824K,   0% used [0x00000000e5560000, 0x00000000e5560000, 0x00000000e6ab0000)
 concurrent mark-sweep generation total 393216K, used 15201K [0x00000000e8000000, 0x0000000100000000, 0x0000000100000000)
 Metaspace       used 34676K, capacity 35236K, committed 35552K, reserved 1081344K
  class space    used 3625K, capacity 3782K, committed 3836K, reserved 1048576K
}
2017-03-31T05:00:29.744+0200: 490.470: Total time for which application threads were stopped: 0.0179975 seconds, Stopping threads took: 0.0000279 seconds
{Heap before GC invocations=377 (full 1):
 par new generation   total 109248K, used 95111K [0x00000000e0000000, 0x00000000e8000000, 0x00000000e8000000)
  eden space 87424K, 100% used [0x00000000e0000000, 0x00000000e5560000, 0x00000000e5560000)
  from space 21824K,  35% used [0x00000000e6ab0000, 0x00000000e7231f98, 0x00000000e8000000)
  to   space 21824K,   0% used [0x00000000e5560000, 0x00000000e5560000, 0x00000000e6ab0000)
 concurrent mark-sweep generation total 393216K, used 15201K [0x00000000e8000000, 0x0000000100000000, 0x0000000100000000)
 Metaspace       used 34676K, capacity 35236K, committed 35552K, reserved 1081344K
  class space    used 3625K, capacity 3782K, committed 3836K, reserved 1048576K
2017-03-31T05:00:30.049+0200: 490.775: [GC (Allocation Failure) 2017-03-31T05:00:30.049+0200: 490.775: [ParNew
Desired survivor size 20112992 bytes, new threshold 8 (max 8)
- age   1:    3466560 bytes,    3466560 total
- age   2:    2896152 bytes,    6362712 total
- age   3:    1612720 bytes,    7975432 total
- age   4:       7312 bytes,    7982744 total
- age   5:       4248 bytes,    7986992 total
- age   6:       7440 bytes,    7994432 total
- age   7:       7192 bytes,    8001624 total
- age   8:       4864 bytes,    8006488 total
: 95111K->10010K(109248K), 0.0167158 secs] 110313K->25216K(502464K), 0.0167950 secs] [Times: user=0.02 sys=0.00, real=0.01 secs] 
Heap after GC invocations=378 (full 1):
 par new generation   total 109248K, used 10010K [0x00000000e0000000, 0x00000000e8000000, 0x00000000e8000000)
  eden space 87424K,   0% used [0x00000000e0000000, 0x00000000e0000000, 0x00000000e5560000)
  from space 21824K,  45% used [0x00000000e5560000, 0x00000000e5f26a30, 0x00000000e6ab0000)
  to   space 21824K,   0% used [0x00000000e6ab0000, 0x00000000e6ab0000, 0x00000000e8000000)
 concurrent mark-sweep generation total 393216K, used 15205K [0x00000000e8000000, 0x0000000100000000, 0x0000000100000000)
 Metaspace       used 34676K, capacity 35236K, committed 35552K, reserved 1081344K
  class space    used 3625K, capacity 3782K, committed 3836K, reserved 1048576K
}
2017-03-31T05:00:30.066+0200: 490.792: Total time for which application threads were stopped: 0.0170966 seconds, Stopping threads took: 0.0000348 seconds
{Heap before GC invocations=378 (full 1):
 par new generation   total 109248K, used 97434K [0x00000000e0000000, 0x00000000e8000000, 0x00000000e8000000)
  eden space 87424K, 100% used [0x00000000e0000000, 0x00000000e5560000, 0x00000000e5560000)
  from space 21824K,  45% used [0x00000000e5560000, 0x00000000e5f26a30, 0x00000000e6ab0000)
  to   space 21824K,   0% used [0x00000000e6ab0000, 0x00000000e6ab0000, 0x00000000e8000000)
 concurrent mark-sweep generation total 393216K, used 15205K [0x00000000e8000000, 0x0000000100000000, 0x0000000100000000)
 Metaspace       used 34678K, capacity 35236K, committed 35552K, reserved 1081344K
  class space    used 3625K, capacity 3782K, committed 3836K, reserved 1048576K
2017-03-31T05:00:30.485+0200: 491.211: [GC (Allocation Failure) 2017-03-31T05:00:30.485+0200: 491.211: [ParNew
Desired survivor size 20112992 bytes, new threshold 8 (max 8)
- age   1:    4578048 bytes,    4578048 total
- age   2:    2720928 bytes,    7298976 total
- age   3:       5168 bytes,    7304144 total
- age   4:       7856 bytes,    7312000 total
- age   5:       7120 bytes,    7319120 total
- age   6:       4248 bytes,    7323368 total
- age   7:       7440 bytes,    7330808 total
- age   8:       7192 bytes,    7338000 total
: 97434K->11513K(109248K), 0.0210769 secs] 112640K->26724K(502464K), 0.0211506 secs] [Times: user=0.02 sys=0.00, real=0.02 secs] 
Heap after GC invocations=379 (full 1):
 par new generation   total 109248K, used 11513K [0x00000000e0000000, 0x00000000e8000000, 0x00000000e8000000)
  eden space 87424K,   0% used [0x00000000e0000000, 0x00000000e0000000, 0x00000000e5560000)
  from space 21824K,  52% used [0x00000000e6ab0000, 0x00000000e75ee650, 0x00000000e8000000)
  to   space 21824K,   0% used [0x00000000e5560000, 0x00000000e5560000, 0x00000000e6ab0000)
 concurrent mark-sweep generation total 393216K, used 15210K [0x00000000e8000000, 0x0000000100000000, 0x0000000100000000)
 Metaspace       used 34678K, capacity 35236K, committed 35552K, reserved 1081344K
  class space    used 3625K, capacity 3782K, committed 3836K, reserved 1048576K
}
2017-03-31T05:00:30.506+0200: 491.232: Total time for which application threads were stopped: 0.0215379 seconds, Stopping threads took: 0.0001533 seconds
{Heap before GC invocations=379 (full 1):
 par new generation   total 109248K, used 98937K [0x00000000e0000000, 0x00000000e8000000, 0x00000000e8000000)
  eden space 87424K, 100% used [0x00000000e0000000, 0x00000000e5560000, 0x00000000e5560000)
  from space 21824K,  52% used [0x00000000e6ab0000, 0x00000000e75ee650, 0x00000000e8000000)
  to   space 21824K,   0% used [0x00000000e5560000, 0x00000000e5560000, 0x00000000e6ab0000)
 concurrent mark-sweep generation total 393216K, used 15210K [0x00000000e8000000, 0x0000000100000000, 0x0000000100000000)
 Metaspace       used 34678K, capacity 35236K, committed 35552K, reserved 1081344K
  class space    used 3625K, capacity 3782K, committed 3836K, reserved 1048576K
2017-03-31T05:00:30.928+0200: 491.654: [GC (Allocation Failure) 2017-03-31T05:00:30.928+0200: 491.654: [ParNew
Desired survivor size 20112992 bytes, new threshold 8 (max 8)
- age   1:    4014704 bytes,    4014704 total
- age   2:    2005672 bytes,    6020376 total
- age   3:      10232 bytes,    6030608 total
- age   4:       5040 bytes,    6035648 total
- age   5:       7536 bytes,    6043184 total
- age   6:       7120 bytes,    6050304 total
- age   7:       4248 bytes,    6054552 total
- age   8:       7440 bytes,    6061992 total
: 98937K->8550K(109248K), 0.0250275 secs] 114148K->23768K(502464K), 0.0251113 secs] [Times: user=0.03 sys=0.00, real=0.02 secs] 
Heap after GC invocations=380 (full 1):
 par new generation   total 109248K, used 8550K [0x00000000e0000000, 0x00000000e8000000, 0x00000000e8000000)
  eden space 87424K,   0% used [0x00000000e0000000, 0x00000000e0000000, 0x00000000e5560000)
  from space 21824K,  39% used [0x00000000e5560000, 0x00000000e5db9ad0, 0x00000000e6ab0000)
  to   space 21824K,   0% used [0x00000000e6ab0000, 0x00000000e6ab0000, 0x00000000e8000000)
 concurrent mark-sweep generation total 393216K, used 15217K [0x00000000e8000000, 0x0000000100000000, 0x0000000100000000)
 Metaspace       used 34678K, capacity 35236K, committed 35552K, reserved 1081344K
  class space    used 3625K, capacity 3782K, committed 3836K, reserved 1048576K
}
2017-03-31T05:00:30.953+0200: 491.680: Total time for which application threads were stopped: 0.0278779 seconds, Stopping threads took: 0.0025719 seconds
{Heap before GC invocations=380 (full 1):
 par new generation   total 109248K, used 95974K [0x00000000e0000000, 0x00000000e8000000, 0x00000000e8000000)
  eden space 87424K, 100% used [0x00000000e0000000, 0x00000000e5560000, 0x00000000e5560000)
  from space 21824K,  39% used [0x00000000e5560000, 0x00000000e5db9ad0, 0x00000000e6ab0000)
  to   space 21824K,   0% used [0x00000000e6ab0000, 0x00000000e6ab0000, 0x00000000e8000000)
 concurrent mark-sweep generation total 393216K, used 15217K [0x00000000e8000000, 0x0000000100000000, 0x0000000100000000)
 Metaspace       used 34678K, capacity 35236K, committed 35552K, reserved 1081344K
  class space    used 3625K, capacity 3782K, committed 3836K, reserved 1048576K
2017-03-31T05:00:31.249+0200: 491.975: [GC (Allocation Failure) 2017-03-31T05:00:31.249+0200: 491.975: [ParNew
Desired survivor size 20112992 bytes, new threshold 8 (max 8)
- age   1:    3666312 bytes,    3666312 total
- age   2:    3626936 bytes,    7293248 total
- age   3:    1698552 bytes,    8991800 total
- age   4:      10232 bytes,    9002032 total
- age   5:       5040 bytes,    9007072 total
- age   6:       7536 bytes,    9014608 total
- age   7:       7120 bytes,    9021728 total
- age   8:       4248 bytes,    9025976 total
: 95974K->10762K(109248K), 0.0184163 secs] 111192K->25987K(502464K), 0.0184882 secs] [Times: user=0.02 sys=0.00, real=0.02 secs] 
Heap after GC invocations=381 (full 1):
 par new generation   total 109248K, used 10762K [0x00000000e0000000, 0x00000000e8000000, 0x00000000e8000000)
  eden space 87424K,   0% used [0x00000000e0000000, 0x00000000e0000000, 0x00000000e5560000)
  from space 21824K,  49% used [0x00000000e6ab0000, 0x00000000e7532a70, 0x00000000e8000000)
  to   space 21824K,   0% used [0x00000000e5560000, 0x00000000e5560000, 0x00000000e6ab0000)
 concurrent mark-sweep generation total 393216K, used 15224K [0x00000000e8000000, 0x0000000100000000, 0x0000000100000000)
 Metaspace       used 34678K, capacity 35236K, committed 35552K, reserved 1081344K
  class space    used 3625K, capacity 3782K, committed 3836K, reserved 1048576K
}
2017-03-31T05:00:31.267+0200: 491.994: Total time for which application threads were stopped: 0.0186541 seconds, Stopping threads took: 0.0000218 seconds
{Heap before GC invocations=381 (full 1):
 par new generation   total 109248K, used 98186K [0x00000000e0000000, 0x00000000e8000000, 0x00000000e8000000)
  eden space 87424K, 100% used [0x00000000e0000000, 0x00000000e5560000, 0x00000000e5560000)
  from space 21824K,  49% used [0x00000000e6ab0000, 0x00000000e7532a70, 0x00000000e8000000)
  to   space 21824K,   0% used [0x00000000e5560000, 0x00000000e5560000, 0x00000000e6ab0000)
 concurrent mark-sweep generation total 393216K, used 15224K [0x00000000e8000000, 0x0000000100000000, 0x0000000100000000)
 Metaspace       used 34678K, capacity 35236K, committed 35552K, reserved 1081344K
  class space    used 3625K, capacity 3782K, committed 3836K, reserved 1048576K
2017-03-31T05:00:31.661+0200: 492.387: [GC (Allocation Failure) 2017-03-31T05:00:31.661+0200: 492.387: [ParNew
Desired survivor size 20112992 bytes, new threshold 8 (max 8)
- age   1:    3836664 bytes,    3836664 total
- age   2:    2928296 bytes,    6764960 total
- age   3:     750776 bytes,    7515736 total
- age   4:      18768 bytes,    7534504 total
- age   5:      10168 bytes,    7544672 total
- age   6:       4912 bytes,    7549584 total
- age   7:       7536 bytes,    7557120 total
- age   8:       7120 bytes,    7564240 total
: 98186K->12914K(109248K), 0.0189424 secs] 113411K->28143K(502464K), 0.0190205 secs] [Times: user=0.02 sys=0.00, real=0.02 secs] 
Heap after GC invocations=382 (full 1):
 par new generation   total 109248K, used 12914K [0x00000000e0000000, 0x00000000e8000000, 0x00000000e8000000)
  eden space 87424K,   0% used [0x00000000e0000000, 0x00000000e0000000, 0x00000000e5560000)
  from space 21824K,  59% used [0x00000000e5560000, 0x00000000e61fc928, 0x00000000e6ab0000)
  to   space 21824K,   0% used [0x00000000e6ab0000, 0x00000000e6ab0000, 0x00000000e8000000)
 concurrent mark-sweep generation total 393216K, used 15229K [0x00000000e8000000, 0x0000000100000000, 0x0000000100000000)
 Metaspace       used 34678K, capacity 35236K, committed 35552K, reserved 1081344K
  class space    used 3625K, capacity 3782K, committed 3836K, reserved 1048576K
}
2017-03-31T05:00:31.680+0200: 492.407: Total time for which application threads were stopped: 0.0191901 seconds, Stopping threads took: 0.0000291 seconds
{Heap before GC invocations=382 (full 1):
 par new generation   total 109248K, used 100338K [0x00000000e0000000, 0x00000000e8000000, 0x00000000e8000000)
  eden space 87424K, 100% used [0x00000000e0000000, 0x00000000e5560000, 0x00000000e5560000)
  from space 21824K,  59% used [0x00000000e5560000, 0x00000000e61fc928, 0x00000000e6ab0000)
  to   space 21824K,   0% used [0x00000000e6ab0000, 0x00000000e6ab0000, 0x00000000e8000000)
 concurrent mark-sweep generation total 393216K, used 15229K [0x00000000e8000000, 0x0000000100000000, 0x0000000100000000)
 Metaspace       used 34678K, capacity 35236K, committed 35552K, reserved 1081344K
  class space    used 3625K, capacity 3782K, committed 3836K, reserved 1048576K
2017-03-31T05:00:32.123+0200: 492.850: [GC (Allocation Failure) 2017-03-31T05:00:32.123+0200: 492.850: [ParNew
Desired survivor size 20112992 bytes, new threshold 8 (max 8)
- age   1:    4477272 bytes,    4477272 total
- age   2:    2392808 bytes,    6870080 total
- age   3:       4840 bytes,    6874920 total
- age   4:       7096 bytes,    6882016 total
- age   5:      18576 bytes,    6900592 total
- age   6:      10168 bytes,    6910760 total
- age   7:       4912 bytes,    6915672 total
- age   8:       7536 bytes,    6923208 total
: 100338K->10151K(109248K), 0.0331618 secs] 115567K->25388K(502464K), 0.0332349 secs] [Times: user=0.02 sys=0.00, real=0.04 secs] 
Heap after GC invocations=383 (full 1):
 par new generation   total 109248K, used 10151K [0x00000000e0000000, 0x00000000e8000000, 0x00000000e8000000)
  eden space 87424K,   0% used [0x00000000e0000000, 0x00000000e0000000, 0x00000000e5560000)
  from space 21824K,  46% used [0x00000000e6ab0000, 0x00000000e7499fe0, 0x00000000e8000000)
  to   space 21824K,   0% used [0x00000000e5560000, 0x00000000e5560000, 0x00000000e6ab0000)
 concurrent mark-sweep generation total 393216K, used 15236K [0x00000000e8000000, 0x0000000100000000, 0x0000000100000000)
 Metaspace       used 34678K, capacity 35236K, committed 35552K, reserved 1081344K
  class space    used 3625K, capacity 3782K, committed 3836K, reserved 1048576K
}
2017-03-31T05:00:32.156+0200: 492.883: Total time for which application threads were stopped: 0.0333886 seconds, Stopping threads took: 0.0000294 seconds
{Heap before GC invocations=383 (full 1):
 par new generation   total 109248K, used 97575K [0x00000000e0000000, 0x00000000e8000000, 0x00000000e8000000)
  eden space 87424K, 100% used [0x00000000e0000000, 0x00000000e5560000, 0x00000000e5560000)
  from space 21824K,  46% used [0x00000000e6ab0000, 0x00000000e7499fe0, 0x00000000e8000000)
  to   space 21824K,   0% used [0x00000000e5560000, 0x00000000e5560000, 0x00000000e6ab0000)
 concurrent mark-sweep generation total 393216K, used 15236K [0x00000000e8000000, 0x0000000100000000, 0x0000000100000000)
 Metaspace       used 34678K, capacity 35236K, committed 35552K, reserved 1081344K
  class space    used 3625K, capacity 3782K, committed 3836K, reserved 1048576K
2017-03-31T05:00:32.449+0200: 493.176: [GC (Allocation Failure) 2017-03-31T05:00:32.449+0200: 493.176: [ParNew
Desired survivor size 20112992 bytes, new threshold 8 (max 8)
- age   1:    3058848 bytes,    3058848 total
- age   2:    2039632 bytes,    5098480 total
- age   3:       6640 bytes,    5105120 total
- age   4:       4840 bytes,    5109960 total
- age   5:       6904 bytes,    5116864 total
- age   6:      12976 bytes,    5129840 total
- age   7:      10144 bytes,    5139984 total
- age   8:       4912 bytes,    5144896 total
: 97575K->7186K(109248K), 0.0272338 secs] 112812K->22429K(502464K), 0.0274121 secs] [Times: user=0.02 sys=0.00, real=0.02 secs] 
Heap after GC invocations=384 (full 1):
 par new generation   total 109248K, used 7186K [0x00000000e0000000, 0x00000000e8000000, 0x00000000e8000000)
  eden space 87424K,   0% used [0x00000000e0000000, 0x00000000e0000000, 0x00000000e5560000)
  from space 21824K,  32% used [0x00000000e5560000, 0x00000000e5c64860, 0x00000000e6ab0000)
  to   space 21824K,   0% used [0x00000000e6ab0000, 0x00000000e6ab0000, 0x00000000e8000000)
 concurrent mark-sweep generation total 393216K, used 15243K [0x00000000e8000000, 0x0000000100000000, 0x0000000100000000)
 Metaspace       used 34678K, capacity 35236K, committed 35552K, reserved 1081344K
  class space    used 3625K, capacity 3782K, committed 3836K, reserved 1048576K
}
2017-03-31T05:00:32.477+0200: 493.203: Total time for which application threads were stopped: 0.0277550 seconds, Stopping threads took: 0.0000926 seconds
{Heap before GC invocations=384 (full 1):
 par new generation   total 109248K, used 94610K [0x00000000e0000000, 0x00000000e8000000, 0x00000000e8000000)
  eden space 87424K, 100% used [0x00000000e0000000, 0x00000000e5560000, 0x00000000e5560000)
  from space 21824K,  32% used [0x00000000e5560000, 0x00000000e5c64860, 0x00000000e6ab0000)
  to   space 21824K,   0% used [0x00000000e6ab0000, 0x00000000e6ab0000, 0x00000000e8000000)
 concurrent mark-sweep generation total 393216K, used 15243K [0x00000000e8000000, 0x0000000100000000, 0x0000000100000000)
 Metaspace       used 34678K, capacity 35236K, committed 35552K, reserved 1081344K
  class space    used 3625K, capacity 3782K, committed 3836K, reserved 1048576K
2017-03-31T05:00:32.749+0200: 493.475: [GC (Allocation Failure) 2017-03-31T05:00:32.749+0200: 493.475: [ParNew
Desired survivor size 20112992 bytes, new threshold 8 (max 8)
- age   1:    3582104 bytes,    3582104 total
- age   2:    2890416 bytes,    6472520 total
- age   3:    1742200 bytes,    8214720 total
- age   4:       6640 bytes,    8221360 total
- age   5:       4840 bytes,    8226200 total
- age   6:       6904 bytes,    8233104 total
- age   7:      12888 bytes,    8245992 total
- age   8:       4696 bytes,    8250688 total
: 94610K->10277K(109248K), 0.0246295 secs] 109853K->25526K(502464K), 0.0246836 secs] [Times: user=0.02 sys=0.00, real=0.02 secs] 
Heap after GC invocations=385 (full 1):
 par new generation   total 109248K, used 10277K [0x00000000e0000000, 0x00000000e8000000, 0x00000000e8000000)
  eden space 87424K,   0% used [0x00000000e0000000, 0x00000000e0000000, 0x00000000e5560000)
  from space 21824K,  47% used [0x00000000e6ab0000, 0x00000000e74b96a0, 0x00000000e8000000)
  to   space 21824K,   0% used [0x00000000e5560000, 0x00000000e5560000, 0x00000000e6ab0000)
 concurrent mark-sweep generation total 393216K, used 15248K [0x00000000e8000000, 0x0000000100000000, 0x0000000100000000)
 Metaspace       used 34678K, capacity 35236K, committed 35552K, reserved 1081344K
  class space    used 3625K, capacity 3782K, committed 3836K, reserved 1048576K
}
2017-03-31T05:00:32.774+0200: 493.500: Total time for which application threads were stopped: 0.0268601 seconds, Stopping threads took: 0.0020290 seconds
{Heap before GC invocations=385 (full 1):
 par new generation   total 109248K, used 97701K [0x00000000e0000000, 0x00000000e8000000, 0x00000000e8000000)
  eden space 87424K, 100% used [0x00000000e0000000, 0x00000000e5560000, 0x00000000e5560000)
  from space 21824K,  47% used [0x00000000e6ab0000, 0x00000000e74b96a0, 0x00000000e8000000)
  to   space 21824K,   0% used [0x00000000e5560000, 0x00000000e5560000, 0x00000000e6ab0000)
 concurrent mark-sweep generation total 393216K, used 15248K [0x00000000e8000000, 0x0000000100000000, 0x0000000100000000)
 Metaspace       used 34678K, capacity 35236K, committed 35552K, reserved 1081344K
  class space    used 3625K, capacity 3782K, committed 3836K, reserved 1048576K
2017-03-31T05:00:33.196+0200: 493.922: [GC (Allocation Failure) 2017-03-31T05:00:33.196+0200: 493.922: [ParNew
Desired survivor size 20112992 bytes, new threshold 8 (max 8)
- age   1:    4495320 bytes,    4495320 total
- age   2:    2937264 bytes,    7432584 total
- age   3:       4784 bytes,    7437368 total
- age   4:       7952 bytes,    7445320 total
- age   5:       6640 bytes,    7451960 total
- age   6:       4840 bytes,    7456800 total
- age   7:       6904 bytes,    7463704 total
- age   8:       7440 bytes,    7471144 total
: 97701K->11517K(109248K), 0.0191016 secs] 112950K->26770K(502464K), 0.0191803 secs] [Times: user=0.02 sys=0.00, real=0.01 secs] 
Heap after GC invocations=386 (full 1):
 par new generation   total 109248K, used 11517K [0x00000000e0000000, 0x00000000e8000000, 0x00000000e8000000)
  eden space 87424K,   0% used [0x00000000e0000000, 0x00000000e0000000, 0x00000000e5560000)
  from space 21824K,  52% used [0x00000000e5560000, 0x00000000e609f568, 0x00000000e6ab0000)
  to   space 21824K,   0% used [0x00000000e6ab0000, 0x00000000e6ab0000, 0x00000000e8000000)
 concurrent mark-sweep generation total 393216K, used 15253K [0x00000000e8000000, 0x0000000100000000, 0x0000000100000000)
 Metaspace       used 34678K, capacity 35236K, committed 35552K, reserved 1081344K
  class space    used 3625K, capacity 3782K, committed 3836K, reserved 1048576K
}
2017-03-31T05:00:33.215+0200: 493.942: Total time for which application threads were stopped: 0.0195241 seconds, Stopping threads took: 0.0000898 seconds
{Heap before GC invocations=386 (full 1):
 par new generation   total 109248K, used 98926K [0x00000000e0000000, 0x00000000e8000000, 0x00000000e8000000)
  eden space 87424K,  99% used [0x00000000e0000000, 0x00000000e555c588, 0x00000000e5560000)
  from space 21824K,  52% used [0x00000000e5560000, 0x00000000e609f568, 0x00000000e6ab0000)
  to   space 21824K,   0% used [0x00000000e6ab0000, 0x00000000e6ab0000, 0x00000000e8000000)
 concurrent mark-sweep generation total 393216K, used 15253K [0x00000000e8000000, 0x0000000100000000, 0x0000000100000000)
 Metaspace       used 34678K, capacity 35236K, committed 35552K, reserved 1081344K
  class space    used 3625K, capacity 3782K, committed 3836K, reserved 1048576K
2017-03-31T05:00:33.636+0200: 494.362: [GC (Allocation Failure) 2017-03-31T05:00:33.636+0200: 494.362: [ParNew
Desired survivor size 20112992 bytes, new threshold 8 (max 8)
- age   1:    4224488 bytes,    4224488 total
- age   2:    2089464 bytes,    6313952 total
- age   3:       4592 bytes,    6318544 total
- age   4:       4656 bytes,    6323200 total
- age   5:       7568 bytes,    6330768 total
- age   6:       6448 bytes,    6337216 total
- age   7:       4840 bytes,    6342056 total
- age   8:       6904 bytes,    6348960 total
: 98926K->7806K(109248K), 0.0178229 secs] 114179K->23066K(502464K), 0.0178861 secs] [Times: user=0.02 sys=0.00, real=0.02 secs] 
Heap after GC invocations=387 (full 1):
 par new generation   total 109248K, used 7806K [0x00000000e0000000, 0x00000000e8000000, 0x00000000e8000000)
  eden space 87424K,   0% used [0x00000000e0000000, 0x00000000e0000000, 0x00000000e5560000)
  from space 21824K,  35% used [0x00000000e6ab0000, 0x00000000e724f818, 0x00000000e8000000)
  to   space 21824K,   0% used [0x00000000e5560000, 0x00000000e5560000, 0x00000000e6ab0000)
 concurrent mark-sweep generation total 393216K, used 15260K [0x00000000e8000000, 0x0000000100000000, 0x0000000100000000)
 Metaspace       used 34678K, capacity 35236K, committed 35552K, reserved 1081344K
  class space    used 3625K, capacity 3782K, committed 3836K, reserved 1048576K
}
2017-03-31T05:00:33.654+0200: 494.380: Total time for which application threads were stopped: 0.0180591 seconds, Stopping threads took: 0.0000337 seconds
{Heap before GC invocations=387 (full 1):
 par new generation   total 109248K, used 95230K [0x00000000e0000000, 0x00000000e8000000, 0x00000000e8000000)
  eden space 87424K, 100% used [0x00000000e0000000, 0x00000000e5560000, 0x00000000e5560000)
  from space 21824K,  35% used [0x00000000e6ab0000, 0x00000000e724f818, 0x00000000e8000000)
  to   space 21824K,   0% used [0x00000000e5560000, 0x00000000e5560000, 0x00000000e6ab0000)
 concurrent mark-sweep generation total 393216K, used 15260K [0x00000000e8000000, 0x0000000100000000, 0x0000000100000000)
 Metaspace       used 34678K, capacity 35236K, committed 35552K, reserved 1081344K
  class space    used 3625K, capacity 3782K, committed 3836K, reserved 1048576K
2017-03-31T05:00:33.919+0200: 494.646: [GC (Allocation Failure) 2017-03-31T05:00:33.919+0200: 494.646: [ParNew
Desired survivor size 20112992 bytes, new threshold 8 (max 8)
- age   1:    3304208 bytes,    3304208 total
- age   2:    3898216 bytes,    7202424 total
- age   3:    1850512 bytes,    9052936 total
- age   4:       4528 bytes,    9057464 total
- age   5:       4528 bytes,    9061992 total
- age   6:       7568 bytes,    9069560 total
- age   7:       6448 bytes,    9076008 total
- age   8:       4840 bytes,    9080848 total
: 95230K->12414K(109248K), 0.0200231 secs] 110490K->27681K(502464K), 0.0200855 secs] [Times: user=0.02 sys=0.00, real=0.01 secs] 
Heap after GC invocations=388 (full 1):
 par new generation   total 109248K, used 12414K [0x00000000e0000000, 0x00000000e8000000, 0x00000000e8000000)
  eden space 87424K,   0% used [0x00000000e0000000, 0x00000000e0000000, 0x00000000e5560000)
  from space 21824K,  56% used [0x00000000e5560000, 0x00000000e617f980, 0x00000000e6ab0000)
  to   space 21824K,   0% used [0x00000000e6ab0000, 0x00000000e6ab0000, 0x00000000e8000000)
 concurrent mark-sweep generation total 393216K, used 15267K [0x00000000e8000000, 0x0000000100000000, 0x0000000100000000)
 Metaspace       used 34678K, capacity 35236K, committed 35552K, reserved 1081344K
  class space    used 3625K, capacity 3782K, committed 3836K, reserved 1048576K
}
2017-03-31T05:00:33.939+0200: 494.666: Total time for which application threads were stopped: 0.0202549 seconds, Stopping threads took: 0.0000231 seconds
{Heap before GC invocations=388 (full 1):
 par new generation   total 109248K, used 99838K [0x00000000e0000000, 0x00000000e8000000, 0x00000000e8000000)
  eden space 87424K, 100% used [0x00000000e0000000, 0x00000000e5560000, 0x00000000e5560000)
  from space 21824K,  56% used [0x00000000e5560000, 0x00000000e617f980, 0x00000000e6ab0000)
  to   space 21824K,   0% used [0x00000000e6ab0000, 0x00000000e6ab0000, 0x00000000e8000000)
 concurrent mark-sweep generation total 393216K, used 15267K [0x00000000e8000000, 0x0000000100000000, 0x0000000100000000)
 Metaspace       used 34678K, capacity 35236K, committed 35552K, reserved 1081344K
  class space    used 3625K, capacity 3782K, committed 3836K, reserved 1048576K
2017-03-31T05:00:34.411+0200: 495.138: [GC (Allocation Failure) 2017-03-31T05:00:34.411+0200: 495.138: [ParNew
Desired survivor size 20112992 bytes, new threshold 8 (max 8)
- age   1:    4053184 bytes,    4053184 total
- age   2:    2972840 bytes,    7026024 total
- age   3:     949616 bytes,    7975640 total
- age   4:       7256 bytes,    7982896 total
- age   5:       4528 bytes,    7987424 total
- age   6:       4528 bytes,    7991952 total
- age   7:       7568 bytes,    7999520 total
- age   8:       6448 bytes,    8005968 total
: 99838K->10585K(109248K), 0.0271486 secs] 115105K->25857K(502464K), 0.0272076 secs] [Times: user=0.03 sys=0.00, real=0.02 secs] 
Heap after GC invocations=389 (full 1):
 par new generation   total 109248K, used 10585K [0x00000000e0000000, 0x00000000e8000000, 0x00000000e8000000)
  eden space 87424K,   0% used [0x00000000e0000000, 0x00000000e0000000, 0x00000000e5560000)
  from space 21824K,  48% used [0x00000000e6ab0000, 0x00000000e75067e0, 0x00000000e8000000)
  to   space 21824K,   0% used [0x00000000e5560000, 0x00000000e5560000, 0x00000000e6ab0000)
 concurrent mark-sweep generation total 393216K, used 15271K [0x00000000e8000000, 0x0000000100000000, 0x0000000100000000)
 Metaspace       used 34678K, capacity 35236K, committed 35552K, reserved 1081344K
  class space    used 3625K, capacity 3782K, committed 3836K, reserved 1048576K
}
2017-03-31T05:00:34.439+0200: 495.165: Total time for which application threads were stopped: 0.0298238 seconds, Stopping threads took: 0.0024543 seconds
{Heap before GC invocations=389 (full 1):
 par new generation   total 109248K, used 98009K [0x00000000e0000000, 0x00000000e8000000, 0x00000000e8000000)
  eden space 87424K, 100% used [0x00000000e0000000, 0x00000000e5560000, 0x00000000e5560000)
  from space 21824K,  48% used [0x00000000e6ab0000, 0x00000000e75067e0, 0x00000000e8000000)
  to   space 21824K,   0% used [0x00000000e5560000, 0x00000000e5560000, 0x00000000e6ab0000)
 concurrent mark-sweep generation total 393216K, used 15271K [0x00000000e8000000, 0x0000000100000000, 0x0000000100000000)
 Metaspace       used 34681K, capacity 35236K, committed 35552K, reserved 1081344K
  class space    used 3625K, capacity 3782K, committed 3836K, reserved 1048576K
2017-03-31T05:00:34.822+0200: 495.548: [GC (Allocation Failure) 2017-03-31T05:00:34.822+0200: 495.548: [ParNew
Desired survivor size 20112992 bytes, new threshold 8 (max 8)
- age   1:    4291816 bytes,    4291816 total
- age   2:    2455616 bytes,    6747432 total
- age   3:       3096 bytes,    6750528 total
- age   4:       7760 bytes,    6758288 total
- age   5:       7256 bytes,    6765544 total
- age   6:       4528 bytes,    6770072 total
- age   7:       4528 bytes,    6774600 total
- age   8:       7568 bytes,    6782168 total
: 98009K->9243K(109248K), 0.0211790 secs] 113281K->24521K(502464K), 0.0212389 secs] [Times: user=0.02 sys=0.01, real=0.02 secs] 
Heap after GC invocations=390 (full 1):
 par new generation   total 109248K, used 9243K [0x00000000e0000000, 0x00000000e8000000, 0x00000000e8000000)
  eden space 87424K,   0% used [0x00000000e0000000, 0x00000000e0000000, 0x00000000e5560000)
  from space 21824K,  42% used [0x00000000e5560000, 0x00000000e5e66cd8, 0x00000000e6ab0000)
  to   space 21824K,   0% used [0x00000000e6ab0000, 0x00000000e6ab0000, 0x00000000e8000000)
 concurrent mark-sweep generation total 393216K, used 15278K [0x00000000e8000000, 0x0000000100000000, 0x0000000100000000)
 Metaspace       used 34681K, capacity 35236K, committed 35552K, reserved 1081344K
  class space    used 3625K, capacity 3782K, committed 3836K, reserved 1048576K
}
2017-03-31T05:00:34.843+0200: 495.569: Total time for which application threads were stopped: 0.0236539 seconds, Stopping threads took: 0.0022458 seconds
{Heap before GC invocations=390 (full 1):
 par new generation   total 109248K, used 96667K [0x00000000e0000000, 0x00000000e8000000, 0x00000000e8000000)
  eden space 87424K, 100% used [0x00000000e0000000, 0x00000000e5560000, 0x00000000e5560000)
  from space 21824K,  42% used [0x00000000e5560000, 0x00000000e5e66cd8, 0x00000000e6ab0000)
  to   space 21824K,   0% used [0x00000000e6ab0000, 0x00000000e6ab0000, 0x00000000e8000000)
 concurrent mark-sweep generation total 393216K, used 15278K [0x00000000e8000000, 0x0000000100000000, 0x0000000100000000)
 Metaspace       used 34681K, capacity 35236K, committed 35552K, reserved 1081344K
  class space    used 3625K, capacity 3782K, committed 3836K, reserved 1048576K
2017-03-31T05:00:35.167+0200: 495.893: [GC (Allocation Failure) 2017-03-31T05:00:35.167+0200: 495.893: [ParNew
Desired survivor size 20112992 bytes, new threshold 8 (max 8)
- age   1:    3110096 bytes,    3110096 total
- age   2:    1797224 bytes,    4907320 total
- age   3:      14728 bytes,    4922048 total
- age   4:       3096 bytes,    4925144 total
- age   5:       7632 bytes,    4932776 total
- age   6:       7256 bytes,    4940032 total
- age   7:       4528 bytes,    4944560 total
- age   8:       4528 bytes,    4949088 total
: 96667K->7899K(109248K), 0.0289595 secs] 111945K->23184K(502464K), 0.0290211 secs] [Times: user=0.03 sys=0.00, real=0.03 secs] 
Heap after GC invocations=391 (full 1):
 par new generation   total 109248K, used 7899K [0x00000000e0000000, 0x00000000e8000000, 0x00000000e8000000)
  eden space 87424K,   0% used [0x00000000e0000000, 0x00000000e0000000, 0x00000000e5560000)
  from space 21824K,  36% used [0x00000000e6ab0000, 0x00000000e7266c78, 0x00000000e8000000)
  to   space 21824K,   0% used [0x00000000e5560000, 0x00000000e5560000, 0x00000000e6ab0000)
 concurrent mark-sweep generation total 393216K, used 15285K [0x00000000e8000000, 0x0000000100000000, 0x0000000100000000)
 Metaspace       used 34681K, capacity 35236K, committed 35552K, reserved 1081344K
  class space    used 3625K, capacity 3782K, committed 3836K, reserved 1048576K
}
2017-03-31T05:00:35.196+0200: 495.922: Total time for which application threads were stopped: 0.0292281 seconds, Stopping threads took: 0.0000636 seconds
{Heap before GC invocations=391 (full 1):
 par new generation   total 109248K, used 95323K [0x00000000e0000000, 0x00000000e8000000, 0x00000000e8000000)
  eden space 87424K, 100% used [0x00000000e0000000, 0x00000000e5560000, 0x00000000e5560000)
  from space 21824K,  36% used [0x00000000e6ab0000, 0x00000000e7266c78, 0x00000000e8000000)
  to   space 21824K,   0% used [0x00000000e5560000, 0x00000000e5560000, 0x00000000e6ab0000)
 concurrent mark-sweep generation total 393216K, used 15285K [0x00000000e8000000, 0x0000000100000000, 0x0000000100000000)
 Metaspace       used 34681K, capacity 35236K, committed 35552K, reserved 1081344K
  class space    used 3625K, capacity 3782K, committed 3836K, reserved 1048576K
2017-03-31T05:00:35.603+0200: 496.329: [GC (Allocation Failure) 2017-03-31T05:00:35.603+0200: 496.329: [ParNew
Desired survivor size 20112992 bytes, new threshold 8 (max 8)
- age   1:    3642144 bytes,    3642144 total
- age   2:    2868896 bytes,    6511040 total
- age   3:    1315544 bytes,    7826584 total
- age   4:       7416 bytes,    7834000 total
- age   5:       3096 bytes,    7837096 total
- age   6:       7376 bytes,    7844472 total
- age   7:       7256 bytes,    7851728 total
- age   8:       4528 bytes,    7856256 total
: 95323K->9121K(109248K), 0.0219929 secs] 110608K->24411K(502464K), 0.0220690 secs] [Times: user=0.02 sys=0.00, real=0.02 secs] 
Heap after GC invocations=392 (full 1):
 par new generation   total 109248K, used 9121K [0x00000000e0000000, 0x00000000e8000000, 0x00000000e8000000)
  eden space 87424K,   0% used [0x00000000e0000000, 0x00000000e0000000, 0x00000000e5560000)
  from space 21824K,  41% used [0x00000000e5560000, 0x00000000e5e48530, 0x00000000e6ab0000)
  to   space 21824K,   0% used [0x00000000e6ab0000, 0x00000000e6ab0000, 0x00000000e8000000)
 concurrent mark-sweep generation total 393216K, used 15290K [0x00000000e8000000, 0x0000000100000000, 0x0000000100000000)
 Metaspace       used 34681K, capacity 35236K, committed 35552K, reserved 1081344K
  class space    used 3625K, capacity 3782K, committed 3836K, reserved 1048576K
}
2017-03-31T05:00:35.625+0200: 496.352: Total time for which application threads were stopped: 0.0222350 seconds, Stopping threads took: 0.0000321 seconds
{Heap before GC invocations=392 (full 1):
 par new generation   total 109248K, used 96545K [0x00000000e0000000, 0x00000000e8000000, 0x00000000e8000000)
  eden space 87424K, 100% used [0x00000000e0000000, 0x00000000e5560000, 0x00000000e5560000)
  from space 21824K,  41% used [0x00000000e5560000, 0x00000000e5e48530, 0x00000000e6ab0000)
  to   space 21824K,   0% used [0x00000000e6ab0000, 0x00000000e6ab0000, 0x00000000e8000000)
 concurrent mark-sweep generation total 393216K, used 15290K [0x00000000e8000000, 0x0000000100000000, 0x0000000100000000)
 Metaspace       used 34681K, capacity 35236K, committed 35552K, reserved 1081344K
  class space    used 3625K, capacity 3782K, committed 3836K, reserved 1048576K
2017-03-31T05:00:36.039+0200: 496.766: [GC (Allocation Failure) 2017-03-31T05:00:36.039+0200: 496.766: [ParNew
Desired survivor size 20112992 bytes, new threshold 8 (max 8)
- age   1:    4852040 bytes,    4852040 total
- age   2:    2600560 bytes,    7452600 total
- age   3:       4704 bytes,    7457304 total
- age   4:       7472 bytes,    7464776 total
- age   5:       7224 bytes,    7472000 total
- age   6:       3096 bytes,    7475096 total
- age   7:       7376 bytes,    7482472 total
- age   8:       7256 bytes,    7489728 total
: 96545K->12167K(109248K), 0.0301241 secs] 111835K->27461K(502464K), 0.0302081 secs] [Times: user=0.03 sys=0.00, real=0.04 secs] 
Heap after GC invocations=393 (full 1):
 par new generation   total 109248K, used 12167K [0x00000000e0000000, 0x00000000e8000000, 0x00000000e8000000)
  eden space 87424K,   0% used [0x00000000e0000000, 0x00000000e0000000, 0x00000000e5560000)
  from space 21824K,  55% used [0x00000000e6ab0000, 0x00000000e7691c80, 0x00000000e8000000)
  to   space 21824K,   0% used [0x00000000e5560000, 0x00000000e5560000, 0x00000000e6ab0000)
 concurrent mark-sweep generation total 393216K, used 15294K [0x00000000e8000000, 0x0000000100000000, 0x0000000100000000)
 Metaspace       used 34681K, capacity 35236K, committed 35552K, reserved 1081344K
  class space    used 3625K, capacity 3782K, committed 3836K, reserved 1048576K
}
2017-03-31T05:00:36.069+0200: 496.796: Total time for which application threads were stopped: 0.0328692 seconds, Stopping threads took: 0.0024375 seconds
{Heap before GC invocations=393 (full 1):
 par new generation   total 109248K, used 99591K [0x00000000e0000000, 0x00000000e8000000, 0x00000000e8000000)
  eden space 87424K, 100% used [0x00000000e0000000, 0x00000000e5560000, 0x00000000e5560000)
  from space 21824K,  55% used [0x00000000e6ab0000, 0x00000000e7691c80, 0x00000000e8000000)
  to   space 21824K,   0% used [0x00000000e5560000, 0x00000000e5560000, 0x00000000e6ab0000)
 concurrent mark-sweep generation total 393216K, used 15294K [0x00000000e8000000, 0x0000000100000000, 0x0000000100000000)
 Metaspace       used 34681K, capacity 35236K, committed 35552K, reserved 1081344K
  class space    used 3625K, capacity 3782K, committed 3836K, reserved 1048576K
2017-03-31T05:00:36.412+0200: 497.139: [GC (Allocation Failure) 2017-03-31T05:00:36.412+0200: 497.139: [ParNew
Desired survivor size 20112992 bytes, new threshold 8 (max 8)
- age   1:    3358928 bytes,    3358928 total
- age   2:    2088128 bytes,    5447056 total
- age   3:       5944 bytes,    5453000 total
- age   4:       4704 bytes,    5457704 total
- age   5:       7280 bytes,    5464984 total
- age   6:       7224 bytes,    5472208 total
- age   7:       3096 bytes,    5475304 total
- age   8:       7376 bytes,    5482680 total
: 99591K->8373K(109248K), 0.0234692 secs] 114885K->23675K(502464K), 0.0235405 secs] [Times: user=0.02 sys=0.00, real=0.02 secs] 
Heap after GC invocations=394 (full 1):
 par new generation   total 109248K, used 8373K [0x00000000e0000000, 0x00000000e8000000, 0x00000000e8000000)
  eden space 87424K,   0% used [0x00000000e0000000, 0x00000000e0000000, 0x00000000e5560000)
  from space 21824K,  38% used [0x00000000e5560000, 0x00000000e5d8d660, 0x00000000e6ab0000)
  to   space 21824K,   0% used [0x00000000e6ab0000, 0x00000000e6ab0000, 0x00000000e8000000)
 concurrent mark-sweep generation total 393216K, used 15301K [0x00000000e8000000, 0x0000000100000000, 0x0000000100000000)
 Metaspace       used 34681K, capacity 35236K, committed 35552K, reserved 1081344K
  class space    used 3625K, capacity 3782K, committed 3836K, reserved 1048576K
}
2017-03-31T05:00:36.436+0200: 497.162: Total time for which application threads were stopped: 0.0239399 seconds, Stopping threads took: 0.0001725 seconds
{Heap before GC invocations=394 (full 1):
 par new generation   total 109248K, used 95797K [0x00000000e0000000, 0x00000000e8000000, 0x00000000e8000000)
  eden space 87424K, 100% used [0x00000000e0000000, 0x00000000e5560000, 0x00000000e5560000)
  from space 21824K,  38% used [0x00000000e5560000, 0x00000000e5d8d660, 0x00000000e6ab0000)
  to   space 21824K,   0% used [0x00000000e6ab0000, 0x00000000e6ab0000, 0x00000000e8000000)
 concurrent mark-sweep generation total 393216K, used 15301K [0x00000000e8000000, 0x0000000100000000, 0x0000000100000000)
 Metaspace       used 34681K, capacity 35236K, committed 35552K, reserved 1081344K
  class space    used 3625K, capacity 3782K, committed 3836K, reserved 1048576K
2017-03-31T05:00:36.713+0200: 497.439: [GC (Allocation Failure) 2017-03-31T05:00:36.713+0200: 497.439: [ParNew
Desired survivor size 20112992 bytes, new threshold 8 (max 8)
- age   1:    3660328 bytes,    3660328 total
- age   2:    3101144 bytes,    6761472 total
- age   3:    1700272 bytes,    8461744 total
- age   4:       5944 bytes,    8467688 total
- age   5:       4704 bytes,    8472392 total
- age   6:       7280 bytes,    8479672 total
- age   7:       7224 bytes,    8486896 total
- age   8:       3096 bytes,    8489992 total
: 95797K->10111K(109248K), 0.0245115 secs] 111099K->25420K(502464K), 0.0245845 secs] [Times: user=0.02 sys=0.00, real=0.04 secs] 
Heap after GC invocations=395 (full 1):
 par new generation   total 109248K, used 10111K [0x00000000e0000000, 0x00000000e8000000, 0x00000000e8000000)
  eden space 87424K,   0% used [0x00000000e0000000, 0x00000000e0000000, 0x00000000e5560000)
  from space 21824K,  46% used [0x00000000e6ab0000, 0x00000000e748fe10, 0x00000000e8000000)
  to   space 21824K,   0% used [0x00000000e5560000, 0x00000000e5560000, 0x00000000e6ab0000)
 concurrent mark-sweep generation total 393216K, used 15308K [0x00000000e8000000, 0x0000000100000000, 0x0000000100000000)
 Metaspace       used 34681K, capacity 35236K, committed 35552K, reserved 1081344K
  class space    used 3625K, capacity 3782K, committed 3836K, reserved 1048576K
}
2017-03-31T05:00:36.737+0200: 497.464: Total time for which application threads were stopped: 0.0288170 seconds, Stopping threads took: 0.0040726 seconds
{Heap before GC invocations=395 (full 1):
 par new generation   total 109248K, used 97535K [0x00000000e0000000, 0x00000000e8000000, 0x00000000e8000000)
  eden space 87424K, 100% used [0x00000000e0000000, 0x00000000e5560000, 0x00000000e5560000)
  from space 21824K,  46% used [0x00000000e6ab0000, 0x00000000e748fe10, 0x00000000e8000000)
  to   space 21824K,   0% used [0x00000000e5560000, 0x00000000e5560000, 0x00000000e6ab0000)
 concurrent mark-sweep generation total 393216K, used 15308K [0x00000000e8000000, 0x0000000100000000, 0x0000000100000000)
 Metaspace       used 34681K, capacity 35236K, committed 35552K, reserved 1081344K
  class space    used 3625K, capacity 3782K, committed 3836K, reserved 1048576K
2017-03-31T05:00:37.131+0200: 497.858: [GC (Allocation Failure) 2017-03-31T05:00:37.131+0200: 497.858: [ParNew
Desired survivor size 20112992 bytes, new threshold 8 (max 8)
- age   1:    4523648 bytes,    4523648 total
- age   2:    2853648 bytes,    7377296 total
- age   3:     106328 bytes,    7483624 total
- age   4:       7624 bytes,    7491248 total
- age   5:       5688 bytes,    7496936 total
- age   6:       4576 bytes,    7501512 total
- age   7:       7280 bytes,    7508792 total
- age   8:       7224 bytes,    7516016 total
: 97535K->11413K(109248K), 0.0259416 secs] 112844K->26725K(502464K), 0.0260027 secs] [Times: user=0.02 sys=0.01, real=0.03 secs] 
Heap after GC invocations=396 (full 1):
 par new generation   total 109248K, used 11413K [0x00000000e0000000, 0x00000000e8000000, 0x00000000e8000000)
  eden space 87424K,   0% used [0x00000000e0000000, 0x00000000e0000000, 0x00000000e5560000)
  from space 21824K,  52% used [0x00000000e5560000, 0x00000000e6085750, 0x00000000e6ab0000)
  to   space 21824K,   0% used [0x00000000e6ab0000, 0x00000000e6ab0000, 0x00000000e8000000)
 concurrent mark-sweep generation total 393216K, used 15311K [0x00000000e8000000, 0x0000000100000000, 0x0000000100000000)
 Metaspace       used 34681K, capacity 35236K, committed 35552K, reserved 1081344K
  class space    used 3625K, capacity 3782K, committed 3836K, reserved 1048576K
}
2017-03-31T05:00:37.157+0200: 497.884: Total time for which application threads were stopped: 0.0281897 seconds, Stopping threads took: 0.0020209 seconds
{Heap before GC invocations=396 (full 1):
 par new generation   total 109248K, used 98829K [0x00000000e0000000, 0x00000000e8000000, 0x00000000e8000000)
  eden space 87424K,  99% used [0x00000000e0000000, 0x00000000e555dcd8, 0x00000000e5560000)
  from space 21824K,  52% used [0x00000000e5560000, 0x00000000e6085750, 0x00000000e6ab0000)
  to   space 21824K,   0% used [0x00000000e6ab0000, 0x00000000e6ab0000, 0x00000000e8000000)
 concurrent mark-sweep generation total 393216K, used 15311K [0x00000000e8000000, 0x0000000100000000, 0x0000000100000000)
 Metaspace       used 34681K, capacity 35236K, committed 35552K, reserved 1081344K
  class space    used 3625K, capacity 3782K, committed 3836K, reserved 1048576K
2017-03-31T05:00:37.576+0200: 498.303: [GC (Allocation Failure) 2017-03-31T05:00:37.576+0200: 498.303: [ParNew
Desired survivor size 20112992 bytes, new threshold 8 (max 8)
- age   1:    4776768 bytes,    4776768 total
- age   2:    2221536 bytes,    6998304 total
- age   3:       3400 bytes,    7001704 total
- age   4:       6360 bytes,    7008064 total
- age   5:       7432 bytes,    7015496 total
- age   6:       5688 bytes,    7021184 total
- age   7:       4576 bytes,    7025760 total
- age   8:       7280 bytes,    7033040 total
: 98829K->8663K(109248K), 0.0209324 secs] 114141K->23982K(502464K), 0.0210017 secs] [Times: user=0.02 sys=0.00, real=0.02 secs] 
Heap after GC invocations=397 (full 1):
 par new generation   total 109248K, used 8663K [0x00000000e0000000, 0x00000000e8000000, 0x00000000e8000000)
  eden space 87424K,   0% used [0x00000000e0000000, 0x00000000e0000000, 0x00000000e5560000)
  from space 21824K,  39% used [0x00000000e6ab0000, 0x00000000e7325f00, 0x00000000e8000000)
  to   space 21824K,   0% used [0x00000000e5560000, 0x00000000e5560000, 0x00000000e6ab0000)
 concurrent mark-sweep generation total 393216K, used 15318K [0x00000000e8000000, 0x0000000100000000, 0x0000000100000000)
 Metaspace       used 34681K, capacity 35236K, committed 35552K, reserved 1081344K
  class space    used 3625K, capacity 3782K, committed 3836K, reserved 1048576K
}
2017-03-31T05:00:37.597+0200: 498.324: Total time for which application threads were stopped: 0.0259094 seconds, Stopping threads took: 0.0047573 seconds
{Heap before GC invocations=397 (full 1):
 par new generation   total 109248K, used 96087K [0x00000000e0000000, 0x00000000e8000000, 0x00000000e8000000)
  eden space 87424K, 100% used [0x00000000e0000000, 0x00000000e5560000, 0x00000000e5560000)
  from space 21824K,  39% used [0x00000000e6ab0000, 0x00000000e7325f00, 0x00000000e8000000)
  to   space 21824K,   0% used [0x00000000e5560000, 0x00000000e5560000, 0x00000000e6ab0000)
 concurrent mark-sweep generation total 393216K, used 15318K [0x00000000e8000000, 0x0000000100000000, 0x0000000100000000)
 Metaspace       used 34681K, capacity 35236K, committed 35552K, reserved 1081344K
  class space    used 3625K, capacity 3782K, committed 3836K, reserved 1048576K
2017-03-31T05:00:37.826+0200: 498.552: [GC (Allocation Failure) 2017-03-31T05:00:37.826+0200: 498.552: [ParNew
Desired survivor size 20112992 bytes, new threshold 8 (max 8)
- age   1:    3123296 bytes,    3123296 total
- age   2:    4018504 bytes,    7141800 total
- age   3:    1981944 bytes,    9123744 total
- age   4:       3400 bytes,    9127144 total
- age   5:       6360 bytes,    9133504 total
- age   6:       7432 bytes,    9140936 total
- age   7:       5688 bytes,    9146624 total
- age   8:       4576 bytes,    9151200 total
: 96087K->12035K(109248K), 0.0300405 secs] 111406K->27361K(502464K), 0.0300963 secs] [Times: user=0.03 sys=0.00, real=0.03 secs] 
Heap after GC invocations=398 (full 1):
 par new generation   total 109248K, used 12035K [0x00000000e0000000, 0x00000000e8000000, 0x00000000e8000000)
  eden space 87424K,   0% used [0x00000000e0000000, 0x00000000e0000000, 0x00000000e5560000)
  from space 21824K,  55% used [0x00000000e5560000, 0x00000000e6120c80, 0x00000000e6ab0000)
  to   space 21824K,   0% used [0x00000000e6ab0000, 0x00000000e6ab0000, 0x00000000e8000000)
 concurrent mark-sweep generation total 393216K, used 15326K [0x00000000e8000000, 0x0000000100000000, 0x0000000100000000)
 Metaspace       used 34681K, capacity 35236K, committed 35552K, reserved 1081344K
  class space    used 3625K, capacity 3782K, committed 3836K, reserved 1048576K
}
2017-03-31T05:00:37.856+0200: 498.582: Total time for which application threads were stopped: 0.0302687 seconds, Stopping threads took: 0.0000300 seconds
{Heap before GC invocations=398 (full 1):
 par new generation   total 109248K, used 99457K [0x00000000e0000000, 0x00000000e8000000, 0x00000000e8000000)
  eden space 87424K,  99% used [0x00000000e0000000, 0x00000000e555fa78, 0x00000000e5560000)
  from space 21824K,  55% used [0x00000000e5560000, 0x00000000e6120c80, 0x00000000e6ab0000)
  to   space 21824K,   0% used [0x00000000e6ab0000, 0x00000000e6ab0000, 0x00000000e8000000)
 concurrent mark-sweep generation total 393216K, used 15326K [0x00000000e8000000, 0x0000000100000000, 0x0000000100000000)
 Metaspace       used 34681K, capacity 35236K, committed 35552K, reserved 1081344K
  class space    used 3625K, capacity 3782K, committed 3836K, reserved 1048576K
2017-03-31T05:00:38.246+0200: 498.972: [GC (Allocation Failure) 2017-03-31T05:00:38.246+0200: 498.972: [ParNew
Desired survivor size 20112992 bytes, new threshold 8 (max 8)
- age   1:    3826888 bytes,    3826888 total
- age   2:    2816912 bytes,    6643800 total
- age   3:    1221512 bytes,    7865312 total
- age   4:       7416 bytes,    7872728 total
- age   5:       3400 bytes,    7876128 total
- age   6:       6168 bytes,    7882296 total
- age   7:       7432 bytes,    7889728 total
- age   8:       5688 bytes,    7895416 total
: 99457K->9711K(109248K), 0.0282181 secs] 114783K->25042K(502464K), 0.0282878 secs] [Times: user=0.02 sys=0.00, real=0.03 secs] 
Heap after GC invocations=399 (full 1):
 par new generation   total 109248K, used 9711K [0x00000000e0000000, 0x00000000e8000000, 0x00000000e8000000)
  eden space 87424K,   0% used [0x00000000e0000000, 0x00000000e0000000, 0x00000000e5560000)
  from space 21824K,  44% used [0x00000000e6ab0000, 0x00000000e742bd40, 0x00000000e8000000)
  to   space 21824K,   0% used [0x00000000e5560000, 0x00000000e5560000, 0x00000000e6ab0000)
 concurrent mark-sweep generation total 393216K, used 15330K [0x00000000e8000000, 0x0000000100000000, 0x0000000100000000)
 Metaspace       used 34681K, capacity 35236K, committed 35552K, reserved 1081344K
  class space    used 3625K, capacity 3782K, committed 3836K, reserved 1048576K
}
2017-03-31T05:00:38.274+0200: 499.001: Total time for which application threads were stopped: 0.0304627 seconds, Stopping threads took: 0.0020192 seconds
{Heap before GC invocations=399 (full 1):
 par new generation   total 109248K, used 97135K [0x00000000e0000000, 0x00000000e8000000, 0x00000000e8000000)
  eden space 87424K, 100% used [0x00000000e0000000, 0x00000000e5560000, 0x00000000e5560000)
  from space 21824K,  44% used [0x00000000e6ab0000, 0x00000000e742bd40, 0x00000000e8000000)
  to   space 21824K,   0% used [0x00000000e5560000, 0x00000000e5560000, 0x00000000e6ab0000)
 concurrent mark-sweep generation total 393216K, used 15330K [0x00000000e8000000, 0x0000000100000000, 0x0000000100000000)
 Metaspace       used 34681K, capacity 35236K, committed 35552K, reserved 1081344K
  class space    used 3625K, capacity 3782K, committed 3836K, reserved 1048576K
2017-03-31T05:00:38.682+0200: 499.409: [GC (Allocation Failure) 2017-03-31T05:00:38.682+0200: 499.409: [ParNew
Desired survivor size 20112992 bytes, new threshold 8 (max 8)
- age   1:    4451120 bytes,    4451120 total
- age   2:    2496544 bytes,    6947664 total
- age   3:       3456 bytes,    6951120 total
- age   4:       8064 bytes,    6959184 total
- age   5:       7032 bytes,    6966216 total
- age   6:       3400 bytes,    6969616 total
- age   7:       6168 bytes,    6975784 total
- age   8:       7432 bytes,    6983216 total
: 97135K->12244K(109248K), 0.0346904 secs] 112466K->27580K(502464K), 0.0347568 secs] [Times: user=0.03 sys=0.00, real=0.03 secs] 
Heap after GC invocations=400 (full 1):
 par new generation   total 109248K, used 12244K [0x00000000e0000000, 0x00000000e8000000, 0x00000000e8000000)
  eden space 87424K,   0% used [0x00000000e0000000, 0x00000000e0000000, 0x00000000e5560000)
  from space 21824K,  56% used [0x00000000e5560000, 0x00000000e6155108, 0x00000000e6ab0000)
  to   space 21824K,   0% used [0x00000000e6ab0000, 0x00000000e6ab0000, 0x00000000e8000000)
 concurrent mark-sweep generation total 393216K, used 15336K [0x00000000e8000000, 0x0000000100000000, 0x0000000100000000)
 Metaspace       used 34681K, capacity 35236K, committed 35552K, reserved 1081344K
  class space    used 3625K, capacity 3782K, committed 3836K, reserved 1048576K
}
2017-03-31T05:00:38.717+0200: 499.444: Total time for which application threads were stopped: 0.0349185 seconds, Stopping threads took: 0.0000338 seconds
{Heap before GC invocations=400 (full 1):
 par new generation   total 109248K, used 99660K [0x00000000e0000000, 0x00000000e8000000, 0x00000000e8000000)
  eden space 87424K,  99% used [0x00000000e0000000, 0x00000000e555e240, 0x00000000e5560000)
  from space 21824K,  56% used [0x00000000e5560000, 0x00000000e6155108, 0x00000000e6ab0000)
  to   space 21824K,   0% used [0x00000000e6ab0000, 0x00000000e6ab0000, 0x00000000e8000000)
 concurrent mark-sweep generation total 393216K, used 15336K [0x00000000e8000000, 0x0000000100000000, 0x0000000100000000)
 Metaspace       used 34681K, capacity 35236K, committed 35552K, reserved 1081344K
  class space    used 3625K, capacity 3782K, committed 3836K, reserved 1048576K
2017-03-31T05:00:39.042+0200: 499.769: [GC (Allocation Failure) 2017-03-31T05:00:39.042+0200: 499.769: [ParNew
Desired survivor size 20112992 bytes, new threshold 8 (max 8)
- age   1:    3165744 bytes,    3165744 total
- age   2:    1976488 bytes,    5142232 total
- age   3:      15520 bytes,    5157752 total
- age   4:       3456 bytes,    5161208 total
- age   5:       7680 bytes,    5168888 total
- age   6:       7032 bytes,    5175920 total
- age   7:       3400 bytes,    5179320 total
- age   8:       6168 bytes,    5185488 total
: 99660K->7771K(109248K), 0.0140852 secs] 114997K->23115K(502464K), 0.0142192 secs] [Times: user=0.01 sys=0.00, real=0.01 secs] 
Heap after GC invocations=401 (full 1):
 par new generation   total 109248K, used 7771K [0x00000000e0000000, 0x00000000e8000000, 0x00000000e8000000)
  eden space 87424K,   0% used [0x00000000e0000000, 0x00000000e0000000, 0x00000000e5560000)
  from space 21824K,  35% used [0x00000000e6ab0000, 0x00000000e7246e90, 0x00000000e8000000)
  to   space 21824K,   0% used [0x00000000e5560000, 0x00000000e5560000, 0x00000000e6ab0000)
 concurrent mark-sweep generation total 393216K, used 15343K [0x00000000e8000000, 0x0000000100000000, 0x0000000100000000)
 Metaspace       used 34681K, capacity 35236K, committed 35552K, reserved 1081344K
  class space    used 3625K, capacity 3782K, committed 3836K, reserved 1048576K
}
2017-03-31T05:00:39.056+0200: 499.783: Total time for which application threads were stopped: 0.0143867 seconds, Stopping threads took: 0.0000231 seconds
{Heap before GC invocations=401 (full 1):
 par new generation   total 109248K, used 95166K [0x00000000e0000000, 0x00000000e8000000, 0x00000000e8000000)
  eden space 87424K,  99% used [0x00000000e0000000, 0x00000000e5558cc0, 0x00000000e5560000)
  from space 21824K,  35% used [0x00000000e6ab0000, 0x00000000e7246e90, 0x00000000e8000000)
  to   space 21824K,   0% used [0x00000000e5560000, 0x00000000e5560000, 0x00000000e6ab0000)
 concurrent mark-sweep generation total 393216K, used 15343K [0x00000000e8000000, 0x0000000100000000, 0x0000000100000000)
 Metaspace       used 34681K, capacity 35236K, committed 35552K, reserved 1081344K
  class space    used 3625K, capacity 3782K, committed 3836K, reserved 1048576K
2017-03-31T05:00:39.380+0200: 500.107: [GC (Allocation Failure) 2017-03-31T05:00:39.381+0200: 500.107: [ParNew
Desired survivor size 20112992 bytes, new threshold 8 (max 8)
- age   1:    3804232 bytes,    3804232 total
- age   2:    2904736 bytes,    6708968 total
- age   3:    1587024 bytes,    8295992 total
- age   4:       6432 bytes,    8302424 total
- age   5:       3456 bytes,    8305880 total
- age   6:       7680 bytes,    8313560 total
- age   7:       7032 bytes,    8320592 total
- age   8:       3400 bytes,    8323992 total
: 95166K->9774K(109248K), 0.0226605 secs] 110510K->25124K(502464K), 0.0227221 secs] [Times: user=0.02 sys=0.01, real=0.03 secs] 
Heap after GC invocations=402 (full 1):
 par new generation   total 109248K, used 9774K [0x00000000e0000000, 0x00000000e8000000, 0x00000000e8000000)
  eden space 87424K,   0% used [0x00000000e0000000, 0x00000000e0000000, 0x00000000e5560000)
  from space 21824K,  44% used [0x00000000e5560000, 0x00000000e5eebb30, 0x00000000e6ab0000)
  to   space 21824K,   0% used [0x00000000e6ab0000, 0x00000000e6ab0000, 0x00000000e8000000)
 concurrent mark-sweep generation total 393216K, used 15349K [0x00000000e8000000, 0x0000000100000000, 0x0000000100000000)
 Metaspace       used 34681K, capacity 35236K, committed 35552K, reserved 1081344K
  class space    used 3625K, capacity 3782K, committed 3836K, reserved 1048576K
}
2017-03-31T05:00:39.403+0200: 500.130: Total time for which application threads were stopped: 0.0262734 seconds, Stopping threads took: 0.0033747 seconds
{Heap before GC invocations=402 (full 1):
 par new generation   total 109248K, used 97198K [0x00000000e0000000, 0x00000000e8000000, 0x00000000e8000000)
  eden space 87424K, 100% used [0x00000000e0000000, 0x00000000e5560000, 0x00000000e5560000)
  from space 21824K,  44% used [0x00000000e5560000, 0x00000000e5eebb30, 0x00000000e6ab0000)
  to   space 21824K,   0% used [0x00000000e6ab0000, 0x00000000e6ab0000, 0x00000000e8000000)
 concurrent mark-sweep generation total 393216K, used 15349K [0x00000000e8000000, 0x0000000100000000, 0x0000000100000000)
 Metaspace       used 34686K, capacity 35268K, committed 35552K, reserved 1081344K
  class space    used 3627K, capacity 3814K, committed 3836K, reserved 1048576K
2017-03-31T05:00:39.819+0200: 500.545: [GC (Allocation Failure) 2017-03-31T05:00:39.819+0200: 500.545: [ParNew
Desired survivor size 20112992 bytes, new threshold 8 (max 8)
- age   1:    4464112 bytes,    4464112 total
- age   2:    2804440 bytes,    7268552 total
- age   3:       5056 bytes,    7273608 total
- age   4:       7640 bytes,    7281248 total
- age   5:       6048 bytes,    7287296 total
- age   6:       3456 bytes,    7290752 total
- age   7:       7680 bytes,    7298432 total
- age   8:       7032 bytes,    7305464 total
: 97198K->11348K(109248K), 0.0217282 secs] 112548K->26701K(502464K), 0.0218014 secs] [Times: user=0.02 sys=0.00, real=0.03 secs] 
Heap after GC invocations=403 (full 1):
 par new generation   total 109248K, used 11348K [0x00000000e0000000, 0x00000000e8000000, 0x00000000e8000000)
  eden space 87424K,   0% used [0x00000000e0000000, 0x00000000e0000000, 0x00000000e5560000)
  from space 21824K,  52% used [0x00000000e6ab0000, 0x00000000e75c5338, 0x00000000e8000000)
  to   space 21824K,   0% used [0x00000000e5560000, 0x00000000e5560000, 0x00000000e6ab0000)
 concurrent mark-sweep generation total 393216K, used 15353K [0x00000000e8000000, 0x0000000100000000, 0x0000000100000000)
 Metaspace       used 34686K, capacity 35268K, committed 35552K, reserved 1081344K
  class space    used 3627K, capacity 3814K, committed 3836K, reserved 1048576K
}
2017-03-31T05:00:39.841+0200: 500.567: Total time for which application threads were stopped: 0.0219564 seconds, Stopping threads took: 0.0000293 seconds
{Heap before GC invocations=403 (full 1):
 par new generation   total 109248K, used 98772K [0x00000000e0000000, 0x00000000e8000000, 0x00000000e8000000)
  eden space 87424K, 100% used [0x00000000e0000000, 0x00000000e5560000, 0x00000000e5560000)
  from space 21824K,  52% used [0x00000000e6ab0000, 0x00000000e75c5338, 0x00000000e8000000)
  to   space 21824K,   0% used [0x00000000e5560000, 0x00000000e5560000, 0x00000000e6ab0000)
 concurrent mark-sweep generation total 393216K, used 15353K [0x00000000e8000000, 0x0000000100000000, 0x0000000100000000)
 Metaspace       used 34686K, capacity 35268K, committed 35552K, reserved 1081344K
  class space    used 3627K, capacity 3814K, committed 3836K, reserved 1048576K
2017-03-31T05:00:40.346+0200: 501.072: [GC (Allocation Failure) 2017-03-31T05:00:40.346+0200: 501.072: [ParNew
Desired survivor size 20112992 bytes, new threshold 8 (max 8)
- age   1:    3971752 bytes,    3971752 total
- age   2:    2094992 bytes,    6066744 total
- age   3:       5352 bytes,    6072096 total
- age   4:       5056 bytes,    6077152 total
- age   5:       7448 bytes,    6084600 total
- age   6:       6048 bytes,    6090648 total
- age   7:       3456 bytes,    6094104 total
- age   8:       7680 bytes,    6101784 total
: 98772K->8512K(109248K), 0.0432519 secs] 114125K->23871K(502464K), 0.0433186 secs] [Times: user=0.04 sys=0.00, real=0.05 secs] 
Heap after GC invocations=404 (full 1):
 par new generation   total 109248K, used 8512K [0x00000000e0000000, 0x00000000e8000000, 0x00000000e8000000)
  eden space 87424K,   0% used [0x00000000e0000000, 0x00000000e0000000, 0x00000000e5560000)
  from space 21824K,  39% used [0x00000000e5560000, 0x00000000e5db0020, 0x00000000e6ab0000)
  to   space 21824K,   0% used [0x00000000e6ab0000, 0x00000000e6ab0000, 0x00000000e8000000)
 concurrent mark-sweep generation total 393216K, used 15359K [0x00000000e8000000, 0x0000000100000000, 0x0000000100000000)
 Metaspace       used 34686K, capacity 35268K, committed 35552K, reserved 1081344K
  class space    used 3627K, capacity 3814K, committed 3836K, reserved 1048576K
}
2017-03-31T05:00:40.389+0200: 501.115: Total time for which application threads were stopped: 0.0494451 seconds, Stopping threads took: 0.0059712 seconds
{Heap before GC invocations=404 (full 1):
 par new generation   total 109248K, used 95936K [0x00000000e0000000, 0x00000000e8000000, 0x00000000e8000000)
  eden space 87424K, 100% used [0x00000000e0000000, 0x00000000e5560000, 0x00000000e5560000)
  from space 21824K,  39% used [0x00000000e5560000, 0x00000000e5db0020, 0x00000000e6ab0000)
  to   space 21824K,   0% used [0x00000000e6ab0000, 0x00000000e6ab0000, 0x00000000e8000000)
 concurrent mark-sweep generation total 393216K, used 15359K [0x00000000e8000000, 0x0000000100000000, 0x0000000100000000)
 Metaspace       used 34686K, capacity 35268K, committed 35552K, reserved 1081344K
  class space    used 3627K, capacity 3814K, committed 3836K, reserved 1048576K
2017-03-31T05:00:40.740+0200: 501.466: [GC (Allocation Failure) 2017-03-31T05:00:40.740+0200: 501.466: [ParNew
Desired survivor size 20112992 bytes, new threshold 8 (max 8)
- age   1:    2859464 bytes,    2859464 total
- age   2:    3520376 bytes,    6379840 total
- age   3:    1868272 bytes,    8248112 total
- age   4:       5352 bytes,    8253464 total
- age   5:       5056 bytes,    8258520 total
- age   6:       7448 bytes,    8265968 total
- age   7:       6048 bytes,    8272016 total
- age   8:       3456 bytes,    8275472 total
: 95936K->10028K(109248K), 0.0244065 secs] 111295K->25396K(502464K), 0.0244764 secs] [Times: user=0.03 sys=0.00, real=0.03 secs] 
Heap after GC invocations=405 (full 1):
 par new generation   total 109248K, used 10028K [0x00000000e0000000, 0x00000000e8000000, 0x00000000e8000000)
  eden space 87424K,   0% used [0x00000000e0000000, 0x00000000e0000000, 0x00000000e5560000)
  from space 21824K,  45% used [0x00000000e6ab0000, 0x00000000e747b2c0, 0x00000000e8000000)
  to   space 21824K,   0% used [0x00000000e5560000, 0x00000000e5560000, 0x00000000e6ab0000)
 concurrent mark-sweep generation total 393216K, used 15367K [0x00000000e8000000, 0x0000000100000000, 0x0000000100000000)
 Metaspace       used 34686K, capacity 35268K, committed 35552K, reserved 1081344K
  class space    used 3627K, capacity 3814K, committed 3836K, reserved 1048576K
}
2017-03-31T05:00:40.764+0200: 501.491: Total time for which application threads were stopped: 0.0246419 seconds, Stopping threads took: 0.0000345 seconds
{Heap before GC invocations=405 (full 1):
 par new generation   total 109248K, used 97452K [0x00000000e0000000, 0x00000000e8000000, 0x00000000e8000000)
  eden space 87424K, 100% used [0x00000000e0000000, 0x00000000e5560000, 0x00000000e5560000)
  from space 21824K,  45% used [0x00000000e6ab0000, 0x00000000e747b2c0, 0x00000000e8000000)
  to   space 21824K,   0% used [0x00000000e5560000, 0x00000000e5560000, 0x00000000e6ab0000)
 concurrent mark-sweep generation total 393216K, used 15367K [0x00000000e8000000, 0x0000000100000000, 0x0000000100000000)
 Metaspace       used 34686K, capacity 35268K, committed 35552K, reserved 1081344K
  class space    used 3627K, capacity 3814K, committed 3836K, reserved 1048576K
2017-03-31T05:00:41.277+0200: 502.004: [GC (Allocation Failure) 2017-03-31T05:00:41.277+0200: 502.004: [ParNew
Desired survivor size 20112992 bytes, new threshold 8 (max 8)
- age   1:    4471136 bytes,    4471136 total
- age   2:    2398608 bytes,    6869744 total
- age   3:     671136 bytes,    7540880 total
- age   4:       7200 bytes,    7548080 total
- age   5:       5352 bytes,    7553432 total
- age   6:       4672 bytes,    7558104 total
- age   7:       7256 bytes,    7565360 total
- age   8:       6048 bytes,    7571408 total
: 97452K->11957K(109248K), 0.0235313 secs] 112820K->27327K(502464K), 0.0236034 secs] [Times: user=0.03 sys=0.00, real=0.03 secs] 
Heap after GC invocations=406 (full 1):
 par new generation   total 109248K, used 11957K [0x00000000e0000000, 0x00000000e8000000, 0x00000000e8000000)
  eden space 87424K,   0% used [0x00000000e0000000, 0x00000000e0000000, 0x00000000e5560000)
  from space 21824K,  54% used [0x00000000e5560000, 0x00000000e610d428, 0x00000000e6ab0000)
  to   space 21824K,   0% used [0x00000000e6ab0000, 0x00000000e6ab0000, 0x00000000e8000000)
 concurrent mark-sweep generation total 393216K, used 15370K [0x00000000e8000000, 0x0000000100000000, 0x0000000100000000)
 Metaspace       used 34686K, capacity 35268K, committed 35552K, reserved 1081344K
  class space    used 3627K, capacity 3814K, committed 3836K, reserved 1048576K
}
2017-03-31T05:00:41.301+0200: 502.027: Total time for which application threads were stopped: 0.0237736 seconds, Stopping threads took: 0.0000270 seconds
{Heap before GC invocations=406 (full 1):
 par new generation   total 109248K, used 99381K [0x00000000e0000000, 0x00000000e8000000, 0x00000000e8000000)
  eden space 87424K, 100% used [0x00000000e0000000, 0x00000000e5560000, 0x00000000e5560000)
  from space 21824K,  54% used [0x00000000e5560000, 0x00000000e610d428, 0x00000000e6ab0000)
  to   space 21824K,   0% used [0x00000000e6ab0000, 0x00000000e6ab0000, 0x00000000e8000000)
 concurrent mark-sweep generation total 393216K, used 15370K [0x00000000e8000000, 0x0000000100000000, 0x0000000100000000)
 Metaspace       used 34686K, capacity 35268K, committed 35552K, reserved 1081344K
  class space    used 3627K, capacity 3814K, committed 3836K, reserved 1048576K
2017-03-31T05:00:41.702+0200: 502.428: [GC (Allocation Failure) 2017-03-31T05:00:41.702+0200: 502.428: [ParNew
Desired survivor size 20112992 bytes, new threshold 8 (max 8)
- age   1:    4412144 bytes,    4412144 total
- age   2:    2362536 bytes,    6774680 total
- age   3:       3464 bytes,    6778144 total
- age   4:       6920 bytes,    6785064 total
- age   5:       6816 bytes,    6791880 total
- age   6:       5352 bytes,    6797232 total
- age   7:       4672 bytes,    6801904 total
- age   8:       7256 bytes,    6809160 total
: 99381K->8891K(109248K), 0.0172476 secs] 114751K->24268K(502464K), 0.0173044 secs] [Times: user=0.02 sys=0.00, real=0.02 secs] 
Heap after GC invocations=407 (full 1):
 par new generation   total 109248K, used 8891K [0x00000000e0000000, 0x00000000e8000000, 0x00000000e8000000)
  eden space 87424K,   0% used [0x00000000e0000000, 0x00000000e0000000, 0x00000000e5560000)
  from space 21824K,  40% used [0x00000000e6ab0000, 0x00000000e735ee40, 0x00000000e8000000)
  to   space 21824K,   0% used [0x00000000e5560000, 0x00000000e5560000, 0x00000000e6ab0000)
 concurrent mark-sweep generation total 393216K, used 15376K [0x00000000e8000000, 0x0000000100000000, 0x0000000100000000)
 Metaspace       used 34686K, capacity 35268K, committed 35552K, reserved 1081344K
  class space    used 3627K, capacity 3814K, committed 3836K, reserved 1048576K
}
2017-03-31T05:00:41.719+0200: 502.446: Total time for which application threads were stopped: 0.0194746 seconds, Stopping threads took: 0.0020159 seconds
{Heap before GC invocations=407 (full 1):
 par new generation   total 109248K, used 96315K [0x00000000e0000000, 0x00000000e8000000, 0x00000000e8000000)
  eden space 87424K, 100% used [0x00000000e0000000, 0x00000000e5560000, 0x00000000e5560000)
  from space 21824K,  40% used [0x00000000e6ab0000, 0x00000000e735ee40, 0x00000000e8000000)
  to   space 21824K,   0% used [0x00000000e5560000, 0x00000000e5560000, 0x00000000e6ab0000)
 concurrent mark-sweep generation total 393216K, used 15376K [0x00000000e8000000, 0x0000000100000000, 0x0000000100000000)
 Metaspace       used 34686K, capacity 35268K, committed 35552K, reserved 1081344K
  class space    used 3627K, capacity 3814K, committed 3836K, reserved 1048576K
2017-03-31T05:00:41.995+0200: 502.721: [GC (Allocation Failure) 2017-03-31T05:00:41.995+0200: 502.721: [ParNew
Desired survivor size 20112992 bytes, new threshold 8 (max 8)
- age   1:    3362392 bytes,    3362392 total
- age   2:    1791472 bytes,    5153864 total
- age   3:      14440 bytes,    5168304 total
- age   4:       3464 bytes,    5171768 total
- age   5:       6920 bytes,    5178688 total
- age   6:       6816 bytes,    5185504 total
- age   7:       5352 bytes,    5190856 total
- age   8:       4672 bytes,    5195528 total
: 96315K->7611K(109248K), 0.0205082 secs] 111692K->22995K(502464K), 0.0205830 secs] [Times: user=0.02 sys=0.00, real=0.02 secs] 
Heap after GC invocations=408 (full 1):
 par new generation   total 109248K, used 7611K [0x00000000e0000000, 0x00000000e8000000, 0x00000000e8000000)
  eden space 87424K,   0% used [0x00000000e0000000, 0x00000000e0000000, 0x00000000e5560000)
  from space 21824K,  34% used [0x00000000e5560000, 0x00000000e5ccecc0, 0x00000000e6ab0000)
  to   space 21824K,   0% used [0x00000000e6ab0000, 0x00000000e6ab0000, 0x00000000e8000000)
 concurrent mark-sweep generation total 393216K, used 15384K [0x00000000e8000000, 0x0000000100000000, 0x0000000100000000)
 Metaspace       used 34686K, capacity 35268K, committed 35552K, reserved 1081344K
  class space    used 3627K, capacity 3814K, committed 3836K, reserved 1048576K
}
2017-03-31T05:00:42.015+0200: 502.742: Total time for which application threads were stopped: 0.0207622 seconds, Stopping threads took: 0.0000302 seconds
{Heap before GC invocations=408 (full 1):
 par new generation   total 109248K, used 95035K [0x00000000e0000000, 0x00000000e8000000, 0x00000000e8000000)
  eden space 87424K, 100% used [0x00000000e0000000, 0x00000000e5560000, 0x00000000e5560000)
  from space 21824K,  34% used [0x00000000e5560000, 0x00000000e5ccecc0, 0x00000000e6ab0000)
  to   space 21824K,   0% used [0x00000000e6ab0000, 0x00000000e6ab0000, 0x00000000e8000000)
 concurrent mark-sweep generation total 393216K, used 15384K [0x00000000e8000000, 0x0000000100000000, 0x0000000100000000)
 Metaspace       used 34686K, capacity 35268K, committed 35552K, reserved 1081344K
  class space    used 3627K, capacity 3814K, committed 3836K, reserved 1048576K
2017-03-31T05:00:42.363+0200: 503.089: [GC (Allocation Failure) 2017-03-31T05:00:42.363+0200: 503.089: [ParNew
Desired survivor size 20112992 bytes, new threshold 8 (max 8)
- age   1:    3585136 bytes,    3585136 total
- age   2:    2845272 bytes,    6430408 total
- age   3:    1315136 bytes,    7745544 total
- age   4:       7624 bytes,    7753168 total
- age   5:       3464 bytes,    7756632 total
- age   6:       6856 bytes,    7763488 total
- age   7:       6816 bytes,    7770304 total
- age   8:       5352 bytes,    7775656 total
: 95035K->8932K(109248K), 0.0201229 secs] 110419K->24320K(502464K), 0.0201882 secs] [Times: user=0.02 sys=0.00, real=0.02 secs] 
Heap after GC invocations=409 (full 1):
 par new generation   total 109248K, used 8932K [0x00000000e0000000, 0x00000000e8000000, 0x00000000e8000000)
  eden space 87424K,   0% used [0x00000000e0000000, 0x00000000e0000000, 0x00000000e5560000)
  from space 21824K,  40% used [0x00000000e6ab0000, 0x00000000e7369078, 0x00000000e8000000)
  to   space 21824K,   0% used [0x00000000e5560000, 0x00000000e5560000, 0x00000000e6ab0000)
 concurrent mark-sweep generation total 393216K, used 15388K [0x00000000e8000000, 0x0000000100000000, 0x0000000100000000)
 Metaspace       used 34686K, capacity 35268K, committed 35552K, reserved 1081344K
  class space    used 3627K, capacity 3814K, committed 3836K, reserved 1048576K
}
2017-03-31T05:00:42.383+0200: 503.109: Total time for which application threads were stopped: 0.0203523 seconds, Stopping threads took: 0.0000311 seconds
{Heap before GC invocations=409 (full 1):
 par new generation   total 109248K, used 96356K [0x00000000e0000000, 0x00000000e8000000, 0x00000000e8000000)
  eden space 87424K, 100% used [0x00000000e0000000, 0x00000000e5560000, 0x00000000e5560000)
  from space 21824K,  40% used [0x00000000e6ab0000, 0x00000000e7369078, 0x00000000e8000000)
  to   space 21824K,   0% used [0x00000000e5560000, 0x00000000e5560000, 0x00000000e6ab0000)
 concurrent mark-sweep generation total 393216K, used 15388K [0x00000000e8000000, 0x0000000100000000, 0x0000000100000000)
 Metaspace       used 34686K, capacity 35268K, committed 35552K, reserved 1081344K
  class space    used 3627K, capacity 3814K, committed 3836K, reserved 1048576K
2017-03-31T05:00:42.780+0200: 503.506: [GC (Allocation Failure) 2017-03-31T05:00:42.780+0200: 503.506: [ParNew
Desired survivor size 20112992 bytes, new threshold 8 (max 8)
- age   1:    4890784 bytes,    4890784 total
- age   2:    2591944 bytes,    7482728 total
- age   3:       4680 bytes,    7487408 total
- age   4:       7552 bytes,    7494960 total
- age   5:       7240 bytes,    7502200 total
- age   6:       3464 bytes,    7505664 total
- age   7:       6856 bytes,    7512520 total
- age   8:       6816 bytes,    7519336 total
: 96356K->12764K(109248K), 0.0265228 secs] 111744K->28158K(502464K), 0.0266029 secs] [Times: user=0.02 sys=0.00, real=0.02 secs] 
Heap after GC invocations=410 (full 1):
 par new generation   total 109248K, used 12764K [0x00000000e0000000, 0x00000000e8000000, 0x00000000e8000000)
  eden space 87424K,   0% used [0x00000000e0000000, 0x00000000e0000000, 0x00000000e5560000)
  from space 21824K,  58% used [0x00000000e5560000, 0x00000000e61d7180, 0x00000000e6ab0000)
  to   space 21824K,   0% used [0x00000000e6ab0000, 0x00000000e6ab0000, 0x00000000e8000000)
 concurrent mark-sweep generation total 393216K, used 15393K [0x00000000e8000000, 0x0000000100000000, 0x0000000100000000)
 Metaspace       used 34686K, capacity 35268K, committed 35552K, reserved 1081344K
  class space    used 3627K, capacity 3814K, committed 3836K, reserved 1048576K
}
2017-03-31T05:00:42.806+0200: 503.533: Total time for which application threads were stopped: 0.0323467 seconds, Stopping threads took: 0.0055670 seconds
{Heap before GC invocations=410 (full 1):
 par new generation   total 109248K, used 100188K [0x00000000e0000000, 0x00000000e8000000, 0x00000000e8000000)
  eden space 87424K, 100% used [0x00000000e0000000, 0x00000000e5560000, 0x00000000e5560000)
  from space 21824K,  58% used [0x00000000e5560000, 0x00000000e61d7180, 0x00000000e6ab0000)
  to   space 21824K,   0% used [0x00000000e6ab0000, 0x00000000e6ab0000, 0x00000000e8000000)
 concurrent mark-sweep generation total 393216K, used 15393K [0x00000000e8000000, 0x0000000100000000, 0x0000000100000000)
 Metaspace       used 34686K, capacity 35268K, committed 35552K, reserved 1081344K
  class space    used 3627K, capacity 3814K, committed 3836K, reserved 1048576K
2017-03-31T05:00:43.168+0200: 503.894: [GC (Allocation Failure) 2017-03-31T05:00:43.168+0200: 503.894: [ParNew
Desired survivor size 20112992 bytes, new threshold 8 (max 8)
- age   1:    4166528 bytes,    4166528 total
- age   2:    2030808 bytes,    6197336 total
- age   3:       5904 bytes,    6203240 total
- age   4:       4680 bytes,    6207920 total
- age   5:       7232 bytes,    6215152 total
- age   6:       7240 bytes,    6222392 total
- age   7:       3464 bytes,    6225856 total
- age   8:       6856 bytes,    6232712 total
: 100188K->8578K(109248K), 0.0189700 secs] 115582K->23978K(502464K), 0.0190277 secs] [Times: user=0.02 sys=0.00, real=0.02 secs] 
Heap after GC invocations=411 (full 1):
 par new generation   total 109248K, used 8578K [0x00000000e0000000, 0x00000000e8000000, 0x00000000e8000000)
  eden space 87424K,   0% used [0x00000000e0000000, 0x00000000e0000000, 0x00000000e5560000)
  from space 21824K,  39% used [0x00000000e6ab0000, 0x00000000e7310920, 0x00000000e8000000)
  to   space 21824K,   0% used [0x00000000e5560000, 0x00000000e5560000, 0x00000000e6ab0000)
 concurrent mark-sweep generation total 393216K, used 15400K [0x00000000e8000000, 0x0000000100000000, 0x0000000100000000)
 Metaspace       used 34686K, capacity 35268K, committed 35552K, reserved 1081344K
  class space    used 3627K, capacity 3814K, committed 3836K, reserved 1048576K
}
2017-03-31T05:00:43.187+0200: 503.913: Total time for which application threads were stopped: 0.0223197 seconds, Stopping threads took: 0.0031481 seconds
{Heap before GC invocations=411 (full 1):
 par new generation   total 109248K, used 96002K [0x00000000e0000000, 0x00000000e8000000, 0x00000000e8000000)
  eden space 87424K, 100% used [0x00000000e0000000, 0x00000000e5560000, 0x00000000e5560000)
  from space 21824K,  39% used [0x00000000e6ab0000, 0x00000000e7310920, 0x00000000e8000000)
  to   space 21824K,   0% used [0x00000000e5560000, 0x00000000e5560000, 0x00000000e6ab0000)
 concurrent mark-sweep generation total 393216K, used 15400K [0x00000000e8000000, 0x0000000100000000, 0x0000000100000000)
 Metaspace       used 34686K, capacity 35268K, committed 35552K, reserved 1081344K
  class space    used 3627K, capacity 3814K, committed 3836K, reserved 1048576K
2017-03-31T05:00:43.424+0200: 504.150: [GC (Allocation Failure) 2017-03-31T05:00:43.424+0200: 504.150: [ParNew
Desired survivor size 20112992 bytes, new threshold 8 (max 8)
- age   1:    2869296 bytes,    2869296 total
- age   2:    3605752 bytes,    6475048 total
- age   3:    1717440 bytes,    8192488 total
- age   4:       5904 bytes,    8198392 total
- age   5:       4680 bytes,    8203072 total
- age   6:       7232 bytes,    8210304 total
- age   7:       7240 bytes,    8217544 total
- age   8:       3464 bytes,    8221008 total
: 96002K->9420K(109248K), 0.0195105 secs] 111402K->24828K(502464K), 0.0195857 secs] [Times: user=0.02 sys=0.00, real=0.02 secs] 
Heap after GC invocations=412 (full 1):
 par new generation   total 109248K, used 9420K [0x00000000e0000000, 0x00000000e8000000, 0x00000000e8000000)
  eden space 87424K,   0% used [0x00000000e0000000, 0x00000000e0000000, 0x00000000e5560000)
  from space 21824K,  43% used [0x00000000e5560000, 0x00000000e5e933c0, 0x00000000e6ab0000)
  to   space 21824K,   0% used [0x00000000e6ab0000, 0x00000000e6ab0000, 0x00000000e8000000)
 concurrent mark-sweep generation total 393216K, used 15407K [0x00000000e8000000, 0x0000000100000000, 0x0000000100000000)
 Metaspace       used 34686K, capacity 35268K, committed 35552K, reserved 1081344K
  class space    used 3627K, capacity 3814K, committed 3836K, reserved 1048576K
}
2017-03-31T05:00:43.443+0200: 504.170: Total time for which application threads were stopped: 0.0199259 seconds, Stopping threads took: 0.0001355 seconds
{Heap before GC invocations=412 (full 1):
 par new generation   total 109248K, used 96844K [0x00000000e0000000, 0x00000000e8000000, 0x00000000e8000000)
  eden space 87424K, 100% used [0x00000000e0000000, 0x00000000e5560000, 0x00000000e5560000)
  from space 21824K,  43% used [0x00000000e5560000, 0x00000000e5e933c0, 0x00000000e6ab0000)
  to   space 21824K,   0% used [0x00000000e6ab0000, 0x00000000e6ab0000, 0x00000000e8000000)
 concurrent mark-sweep generation total 393216K, used 15407K [0x00000000e8000000, 0x0000000100000000, 0x0000000100000000)
 Metaspace       used 34686K, capacity 35268K, committed 35552K, reserved 1081344K
  class space    used 3627K, capacity 3814K, committed 3836K, reserved 1048576K
2017-03-31T05:00:43.849+0200: 504.575: [GC (Allocation Failure) 2017-03-31T05:00:43.849+0200: 504.575: [ParNew
Desired survivor size 20112992 bytes, new threshold 8 (max 8)
- age   1:    4564016 bytes,    4564016 total
- age   2:    2391560 bytes,    6955576 total
- age   3:     520496 bytes,    7476072 total
- age   4:       7592 bytes,    7483664 total
- age   5:       5648 bytes,    7489312 total
- age   6:       4552 bytes,    7493864 total
- age   7:       7232 bytes,    7501096 total
- age   8:       7240 bytes,    7508336 total
: 96844K->13612K(109248K), 0.0348716 secs] 112252K->29023K(502464K), 0.0349362 secs] [Times: user=0.03 sys=0.00, real=0.04 secs] 
Heap after GC invocations=413 (full 1):
 par new generation   total 109248K, used 13612K [0x00000000e0000000, 0x00000000e8000000, 0x00000000e8000000)
  eden space 87424K,   0% used [0x00000000e0000000, 0x00000000e0000000, 0x00000000e5560000)
  from space 21824K,  62% used [0x00000000e6ab0000, 0x00000000e77fb2c0, 0x00000000e8000000)
  to   space 21824K,   0% used [0x00000000e5560000, 0x00000000e5560000, 0x00000000e6ab0000)
 concurrent mark-sweep generation total 393216K, used 15410K [0x00000000e8000000, 0x0000000100000000, 0x0000000100000000)
 Metaspace       used 34686K, capacity 35268K, committed 35552K, reserved 1081344K
  class space    used 3627K, capacity 3814K, committed 3836K, reserved 1048576K
}
2017-03-31T05:00:43.884+0200: 504.610: Total time for which application threads were stopped: 0.0350935 seconds, Stopping threads took: 0.0000287 seconds
{Heap before GC invocations=413 (full 1):
 par new generation   total 109248K, used 101036K [0x00000000e0000000, 0x00000000e8000000, 0x00000000e8000000)
  eden space 87424K, 100% used [0x00000000e0000000, 0x00000000e5560000, 0x00000000e5560000)
  from space 21824K,  62% used [0x00000000e6ab0000, 0x00000000e77fb2c0, 0x00000000e8000000)
  to   space 21824K,   0% used [0x00000000e5560000, 0x00000000e5560000, 0x00000000e6ab0000)
 concurrent mark-sweep generation total 393216K, used 15410K [0x00000000e8000000, 0x0000000100000000, 0x0000000100000000)
 Metaspace       used 34687K, capacity 35268K, committed 35552K, reserved 1081344K
  class space    used 3627K, capacity 3814K, committed 3836K, reserved 1048576K
2017-03-31T05:00:44.317+0200: 505.044: [GC (Allocation Failure) 2017-03-31T05:00:44.317+0200: 505.044: [ParNew
Desired survivor size 20112992 bytes, new threshold 8 (max 8)
- age   1:    4297488 bytes,    4297488 total
- age   2:    2264960 bytes,    6562448 total
- age   3:       2792 bytes,    6565240 total
- age   4:       6896 bytes,    6572136 total
- age   5:       7400 bytes,    6579536 total
- age   6:       5648 bytes,    6585184 total
- age   7:       4552 bytes,    6589736 total
- age   8:       7232 bytes,    6596968 total
: 101036K->9229K(109248K), 0.0461479 secs] 116447K->24647K(502464K), 0.0462100 secs] [Times: user=0.05 sys=0.01, real=0.04 secs] 
Heap after GC invocations=414 (full 1):
 par new generation   total 109248K, used 9229K [0x00000000e0000000, 0x00000000e8000000, 0x00000000e8000000)
  eden space 87424K,   0% used [0x00000000e0000000, 0x00000000e0000000, 0x00000000e5560000)
  from space 21824K,  42% used [0x00000000e5560000, 0x00000000e5e634e0, 0x00000000e6ab0000)
  to   space 21824K,   0% used [0x00000000e6ab0000, 0x00000000e6ab0000, 0x00000000e8000000)
 concurrent mark-sweep generation total 393216K, used 15417K [0x00000000e8000000, 0x0000000100000000, 0x0000000100000000)
 Metaspace       used 34687K, capacity 35268K, committed 35552K, reserved 1081344K
  class space    used 3627K, capacity 3814K, committed 3836K, reserved 1048576K
}
2017-03-31T05:00:44.364+0200: 505.090: Total time for which application threads were stopped: 0.0487005 seconds, Stopping threads took: 0.0023446 seconds
{Heap before GC invocations=414 (full 1):
 par new generation   total 109248K, used 96635K [0x00000000e0000000, 0x00000000e8000000, 0x00000000e8000000)
  eden space 87424K,  99% used [0x00000000e0000000, 0x00000000e555b9a8, 0x00000000e5560000)
  from space 21824K,  42% used [0x00000000e5560000, 0x00000000e5e634e0, 0x00000000e6ab0000)
  to   space 21824K,   0% used [0x00000000e6ab0000, 0x00000000e6ab0000, 0x00000000e8000000)
 concurrent mark-sweep generation total 393216K, used 15417K [0x00000000e8000000, 0x0000000100000000, 0x0000000100000000)
 Metaspace       used 34687K, capacity 35268K, committed 35552K, reserved 1081344K
  class space    used 3627K, capacity 3814K, committed 3836K, reserved 1048576K
2017-03-31T05:00:44.655+0200: 505.382: [GC (Allocation Failure) 2017-03-31T05:00:44.655+0200: 505.382: [ParNew
Desired survivor size 20112992 bytes, new threshold 8 (max 8)
- age   1:    3415080 bytes,    3415080 total
- age   2:    1695448 bytes,    5110528 total
- age   3:      16624 bytes,    5127152 total
- age   4:       2792 bytes,    5129944 total
- age   5:       6808 bytes,    5136752 total
- age   6:       7376 bytes,    5144128 total
- age   7:       5648 bytes,    5149776 total
- age   8:       4552 bytes,    5154328 total
: 96635K->7166K(109248K), 0.0204123 secs] 112053K->22591K(502464K), 0.0204811 secs] [Times: user=0.02 sys=0.00, real=0.02 secs] 
Heap after GC invocations=415 (full 1):
 par new generation   total 109248K, used 7166K [0x00000000e0000000, 0x00000000e8000000, 0x00000000e8000000)
  eden space 87424K,   0% used [0x00000000e0000000, 0x00000000e0000000, 0x00000000e5560000)
  from space 21824K,  32% used [0x00000000e6ab0000, 0x00000000e71af8b8, 0x00000000e8000000)
  to   space 21824K,   0% used [0x00000000e5560000, 0x00000000e5560000, 0x00000000e6ab0000)
 concurrent mark-sweep generation total 393216K, used 15425K [0x00000000e8000000, 0x0000000100000000, 0x0000000100000000)
 Metaspace       used 34687K, capacity 35268K, committed 35552K, reserved 1081344K
  class space    used 3627K, capacity 3814K, committed 3836K, reserved 1048576K
}
2017-03-31T05:00:44.676+0200: 505.402: Total time for which application threads were stopped: 0.0206515 seconds, Stopping threads took: 0.0000186 seconds
{Heap before GC invocations=415 (full 1):
 par new generation   total 109248K, used 94590K [0x00000000e0000000, 0x00000000e8000000, 0x00000000e8000000)
  eden space 87424K, 100% used [0x00000000e0000000, 0x00000000e5560000, 0x00000000e5560000)
  from space 21824K,  32% used [0x00000000e6ab0000, 0x00000000e71af8b8, 0x00000000e8000000)
  to   space 21824K,   0% used [0x00000000e5560000, 0x00000000e5560000, 0x00000000e6ab0000)
 concurrent mark-sweep generation total 393216K, used 15425K [0x00000000e8000000, 0x0000000100000000, 0x0000000100000000)
 Metaspace       used 34687K, capacity 35268K, committed 35552K, reserved 1081344K
  class space    used 3627K, capacity 3814K, committed 3836K, reserved 1048576K
2017-03-31T05:00:45.050+0200: 505.776: [GC (Allocation Failure) 2017-03-31T05:00:45.050+0200: 505.776: [ParNew
Desired survivor size 20112992 bytes, new threshold 8 (max 8)
- age   1:    3660072 bytes,    3660072 total
- age   2:    2950816 bytes,    6610888 total
- age   3:    1283816 bytes,    7894704 total
- age   4:       7792 bytes,    7902496 total
- age   5:       2792 bytes,    7905288 total
- age   6:       6680 bytes,    7911968 total
- age   7:       7376 bytes,    7919344 total
- age   8:       5624 bytes,    7924968 total
: 94590K->9393K(109248K), 0.0236995 secs] 110015K->24822K(502464K), 0.0237687 secs] [Times: user=0.02 sys=0.00, real=0.03 secs] 
Heap after GC invocations=416 (full 1):
 par new generation   total 109248K, used 9393K [0x00000000e0000000, 0x00000000e8000000, 0x00000000e8000000)
  eden space 87424K,   0% used [0x00000000e0000000, 0x00000000e0000000, 0x00000000e5560000)
  from space 21824K,  43% used [0x00000000e5560000, 0x00000000e5e8c560, 0x00000000e6ab0000)
  to   space 21824K,   0% used [0x00000000e6ab0000, 0x00000000e6ab0000, 0x00000000e8000000)
 concurrent mark-sweep generation total 393216K, used 15429K [0x00000000e8000000, 0x0000000100000000, 0x0000000100000000)
 Metaspace       used 34687K, capacity 35268K, committed 35552K, reserved 1081344K
  class space    used 3627K, capacity 3814K, committed 3836K, reserved 1048576K
}
2017-03-31T05:00:45.074+0200: 505.800: Total time for which application threads were stopped: 0.0239721 seconds, Stopping threads took: 0.0000334 seconds
{Heap before GC invocations=416 (full 1):
 par new generation   total 109248K, used 96817K [0x00000000e0000000, 0x00000000e8000000, 0x00000000e8000000)
  eden space 87424K, 100% used [0x00000000e0000000, 0x00000000e5560000, 0x00000000e5560000)
  from space 21824K,  43% used [0x00000000e5560000, 0x00000000e5e8c560, 0x00000000e6ab0000)
  to   space 21824K,   0% used [0x00000000e6ab0000, 0x00000000e6ab0000, 0x00000000e8000000)
 concurrent mark-sweep generation total 393216K, used 15429K [0x00000000e8000000, 0x0000000100000000, 0x0000000100000000)
 Metaspace       used 34687K, capacity 35268K, committed 35552K, reserved 1081344K
  class space    used 3627K, capacity 3814K, committed 3836K, reserved 1048576K
2017-03-31T05:00:45.534+0200: 506.260: [GC (Allocation Failure) 2017-03-31T05:00:45.534+0200: 506.260: [ParNew
Desired survivor size 20112992 bytes, new threshold 8 (max 8)
- age   1:    4420800 bytes,    4420800 total
- age   2:    2384296 bytes,    6805096 total
- age   3:       3712 bytes,    6808808 total
- age   4:       7320 bytes,    6816128 total
- age   5:       7792 bytes,    6823920 total
- age   6:       2792 bytes,    6826712 total
- age   7:       6680 bytes,    6833392 total
- age   8:       7160 bytes,    6840552 total
: 96817K->11331K(109248K), 0.0219584 secs] 112246K->26766K(502464K), 0.0220328 secs] [Times: user=0.02 sys=0.00, real=0.03 secs] 
Heap after GC invocations=417 (full 1):
 par new generation   total 109248K, used 11331K [0x00000000e0000000, 0x00000000e8000000, 0x00000000e8000000)
  eden space 87424K,   0% used [0x00000000e0000000, 0x00000000e0000000, 0x00000000e5560000)
  from space 21824K,  51% used [0x00000000e6ab0000, 0x00000000e75c0fd8, 0x00000000e8000000)
  to   space 21824K,   0% used [0x00000000e5560000, 0x00000000e5560000, 0x00000000e6ab0000)
 concurrent mark-sweep generation total 393216K, used 15435K [0x00000000e8000000, 0x0000000100000000, 0x0000000100000000)
 Metaspace       used 34687K, capacity 35268K, committed 35552K, reserved 1081344K
  class space    used 3627K, capacity 3814K, committed 3836K, reserved 1048576K
}
2017-03-31T05:00:45.556+0200: 506.282: Total time for which application threads were stopped: 0.0224404 seconds, Stopping threads took: 0.0001088 seconds
{Heap before GC invocations=417 (full 1):
 par new generation   total 109248K, used 98755K [0x00000000e0000000, 0x00000000e8000000, 0x00000000e8000000)
  eden space 87424K, 100% used [0x00000000e0000000, 0x00000000e5560000, 0x00000000e5560000)
  from space 21824K,  51% used [0x00000000e6ab0000, 0x00000000e75c0fd8, 0x00000000e8000000)
  to   space 21824K,   0% used [0x00000000e5560000, 0x00000000e5560000, 0x00000000e6ab0000)
 concurrent mark-sweep generation total 393216K, used 15435K [0x00000000e8000000, 0x0000000100000000, 0x0000000100000000)
 Metaspace       used 34687K, capacity 35268K, committed 35552K, reserved 1081344K
  class space    used 3627K, capacity 3814K, committed 3836K, reserved 1048576K
2017-03-31T05:00:45.822+0200: 506.548: [GC (Allocation Failure) 2017-03-31T05:00:45.822+0200: 506.548: [ParNew
Desired survivor size 20112992 bytes, new threshold 8 (max 8)
- age   1:    3302664 bytes,    3302664 total
- age   2:    1832016 bytes,    5134680 total
- age   3:      13096 bytes,    5147776 total
- age   4:       3648 bytes,    5151424 total
- age   5:       7320 bytes,    5158744 total
- age   6:       7792 bytes,    5166536 total
- age   7:       2792 bytes,    5169328 total
- age   8:       6656 bytes,    5175984 total
: 98755K->7400K(109248K), 0.0150926 secs] 114190K->22842K(502464K), 0.0151534 secs] [Times: user=0.01 sys=0.00, real=0.02 secs] 
Heap after GC invocations=418 (full 1):
 par new generation   total 109248K, used 7400K [0x00000000e0000000, 0x00000000e8000000, 0x00000000e8000000)
  eden space 87424K,   0% used [0x00000000e0000000, 0x00000000e0000000, 0x00000000e5560000)
  from space 21824K,  33% used [0x00000000e5560000, 0x00000000e5c9a028, 0x00000000e6ab0000)
  to   space 21824K,   0% used [0x00000000e6ab0000, 0x00000000e6ab0000, 0x00000000e8000000)
 concurrent mark-sweep generation total 393216K, used 15442K [0x00000000e8000000, 0x0000000100000000, 0x0000000100000000)
 Metaspace       used 34687K, capacity 35268K, committed 35552K, reserved 1081344K
  class space    used 3627K, capacity 3814K, committed 3836K, reserved 1048576K
}
2017-03-31T05:00:45.837+0200: 506.563: Total time for which application threads were stopped: 0.0153127 seconds, Stopping threads took: 0.0000208 seconds
{Heap before GC invocations=418 (full 1):
 par new generation   total 109248K, used 94816K [0x00000000e0000000, 0x00000000e8000000, 0x00000000e8000000)
  eden space 87424K,  99% used [0x00000000e0000000, 0x00000000e555e148, 0x00000000e5560000)
  from space 21824K,  33% used [0x00000000e5560000, 0x00000000e5c9a028, 0x00000000e6ab0000)
  to   space 21824K,   0% used [0x00000000e6ab0000, 0x00000000e6ab0000, 0x00000000e8000000)
 concurrent mark-sweep generation total 393216K, used 15442K [0x00000000e8000000, 0x0000000100000000, 0x0000000100000000)
 Metaspace       used 34687K, capacity 35268K, committed 35552K, reserved 1081344K
  class space    used 3627K, capacity 3814K, committed 3836K, reserved 1048576K
2017-03-31T05:00:46.199+0200: 506.926: [GC (Allocation Failure) 2017-03-31T05:00:46.199+0200: 506.926: [ParNew
Desired survivor size 20112992 bytes, new threshold 8 (max 8)
- age   1:    3520696 bytes,    3520696 total
- age   2:    2831808 bytes,    6352504 total
- age   3:    1344536 bytes,    7697040 total
- age   4:       4624 bytes,    7701664 total
- age   5:       3648 bytes,    7705312 total
- age   6:       7256 bytes,    7712568 total
- age   7:       7600 bytes,    7720168 total
- age   8:       2792 bytes,    7722960 total
: 94816K->9512K(109248K), 0.0248886 secs] 110258K->24960K(502464K), 0.0249651 secs] [Times: user=0.03 sys=0.00, real=0.02 secs] 
Heap after GC invocations=419 (full 1):
 par new generation   total 109248K, used 9512K [0x00000000e0000000, 0x00000000e8000000, 0x00000000e8000000)
  eden space 87424K,   0% used [0x00000000e0000000, 0x00000000e0000000, 0x00000000e5560000)
  from space 21824K,  43% used [0x00000000e6ab0000, 0x00000000e73fa010, 0x00000000e8000000)
  to   space 21824K,   0% used [0x00000000e5560000, 0x00000000e5560000, 0x00000000e6ab0000)
 concurrent mark-sweep generation total 393216K, used 15448K [0x00000000e8000000, 0x0000000100000000, 0x0000000100000000)
 Metaspace       used 34687K, capacity 35268K, committed 35552K, reserved 1081344K
  class space    used 3627K, capacity 3814K, committed 3836K, reserved 1048576K
}
2017-03-31T05:00:46.224+0200: 506.951: Total time for which application threads were stopped: 0.0252537 seconds, Stopping threads took: 0.0001030 seconds
{Heap before GC invocations=419 (full 1):
 par new generation   total 109248K, used 96936K [0x00000000e0000000, 0x00000000e8000000, 0x00000000e8000000)
  eden space 87424K, 100% used [0x00000000e0000000, 0x00000000e5560000, 0x00000000e5560000)
  from space 21824K,  43% used [0x00000000e6ab0000, 0x00000000e73fa010, 0x00000000e8000000)
  to   space 21824K,   0% used [0x00000000e5560000, 0x00000000e5560000, 0x00000000e6ab0000)
 concurrent mark-sweep generation total 393216K, used 15448K [0x00000000e8000000, 0x0000000100000000, 0x0000000100000000)
 Metaspace       used 34687K, capacity 35268K, committed 35552K, reserved 1081344K
  class space    used 3627K, capacity 3814K, committed 3836K, reserved 1048576K
2017-03-31T05:00:46.639+0200: 507.365: [GC (Allocation Failure) 2017-03-31T05:00:46.639+0200: 507.365: [ParNew
Desired survivor size 20112992 bytes, new threshold 8 (max 8)
- age   1:    4508640 bytes,    4508640 total
- age   2:    2497344 bytes,    7005984 total
- age   3:       4912 bytes,    7010896 total
- age   4:      19200 bytes,    7030096 total
- age   5:       4496 bytes,    7034592 total
- age   6:       3584 bytes,    7038176 total
- age   7:       7256 bytes,    7045432 total
- age   8:       7600 bytes,    7053032 total
: 96936K->9503K(109248K), 0.0231609 secs] 112384K->24955K(502464K), 0.0232257 secs] [Times: user=0.02 sys=0.00, real=0.02 secs] 
Heap after GC invocations=420 (full 1):
 par new generation   total 109248K, used 9503K [0x00000000e0000000, 0x00000000e8000000, 0x00000000e8000000)
  eden space 87424K,   0% used [0x00000000e0000000, 0x00000000e0000000, 0x00000000e5560000)
  from space 21824K,  43% used [0x00000000e5560000, 0x00000000e5ea7f70, 0x00000000e6ab0000)
  to   space 21824K,   0% used [0x00000000e6ab0000, 0x00000000e6ab0000, 0x00000000e8000000)
 concurrent mark-sweep generation total 393216K, used 15451K [0x00000000e8000000, 0x0000000100000000, 0x0000000100000000)
 Metaspace       used 34687K, capacity 35268K, committed 35552K, reserved 1081344K
  class space    used 3627K, capacity 3814K, committed 3836K, reserved 1048576K
}
2017-03-31T05:00:46.662+0200: 507.388: Total time for which application threads were stopped: 0.0233865 seconds, Stopping threads took: 0.0000322 seconds
{Heap before GC invocations=420 (full 1):
 par new generation   total 109248K, used 96927K [0x00000000e0000000, 0x00000000e8000000, 0x00000000e8000000)
  eden space 87424K, 100% used [0x00000000e0000000, 0x00000000e5560000, 0x00000000e5560000)
  from space 21824K,  43% used [0x00000000e5560000, 0x00000000e5ea7f70, 0x00000000e6ab0000)
  to   space 21824K,   0% used [0x00000000e6ab0000, 0x00000000e6ab0000, 0x00000000e8000000)
 concurrent mark-sweep generation total 393216K, used 15451K [0x00000000e8000000, 0x0000000100000000, 0x0000000100000000)
 Metaspace       used 34687K, capacity 35268K, committed 35552K, reserved 1081344K
  class space    used 3627K, capacity 3814K, committed 3836K, reserved 1048576K
2017-03-31T05:00:46.986+0200: 507.712: [GC (Allocation Failure) 2017-03-31T05:00:46.986+0200: 507.712: [ParNew
Desired survivor size 20112992 bytes, new threshold 8 (max 8)
- age   1:    3469416 bytes,    3469416 total
- age   2:    1940168 bytes,    5409584 total
- age   3:      14472 bytes,    5424056 total
- age   4:       4248 bytes,    5428304 total
- age   5:      18992 bytes,    5447296 total
- age   6:       4496 bytes,    5451792 total
- age   7:       3584 bytes,    5455376 total
- age   8:       7256 bytes,    5462632 total
: 96927K->9375K(109248K), 0.0202701 secs] 112379K->24834K(502464K), 0.0203389 secs] [Times: user=0.03 sys=0.00, real=0.02 secs] 
Heap after GC invocations=421 (full 1):
 par new generation   total 109248K, used 9375K [0x00000000e0000000, 0x00000000e8000000, 0x00000000e8000000)
  eden space 87424K,   0% used [0x00000000e0000000, 0x00000000e0000000, 0x00000000e5560000)
  from space 21824K,  42% used [0x00000000e6ab0000, 0x00000000e73d7de0, 0x00000000e8000000)
  to   space 21824K,   0% used [0x00000000e5560000, 0x00000000e5560000, 0x00000000e6ab0000)
 concurrent mark-sweep generation total 393216K, used 15458K [0x00000000e8000000, 0x0000000100000000, 0x0000000100000000)
 Metaspace       used 34687K, capacity 35268K, committed 35552K, reserved 1081344K
  class space    used 3627K, capacity 3814K, committed 3836K, reserved 1048576K
}
2017-03-31T05:00:47.006+0200: 507.733: Total time for which application threads were stopped: 0.0204983 seconds, Stopping threads took: 0.0000214 seconds
{Heap before GC invocations=421 (full 1):
 par new generation   total 109248K, used 96799K [0x00000000e0000000, 0x00000000e8000000, 0x00000000e8000000)
  eden space 87424K, 100% used [0x00000000e0000000, 0x00000000e5560000, 0x00000000e5560000)
  from space 21824K,  42% used [0x00000000e6ab0000, 0x00000000e73d7de0, 0x00000000e8000000)
  to   space 21824K,   0% used [0x00000000e5560000, 0x00000000e5560000, 0x00000000e6ab0000)
 concurrent mark-sweep generation total 393216K, used 15458K [0x00000000e8000000, 0x0000000100000000, 0x0000000100000000)
 Metaspace       used 34687K, capacity 35268K, committed 35552K, reserved 1081344K
  class space    used 3627K, capacity 3814K, committed 3836K, reserved 1048576K
2017-03-31T05:00:47.269+0200: 507.995: [GC (Allocation Failure) 2017-03-31T05:00:47.269+0200: 507.996: [ParNew
Desired survivor size 20112992 bytes, new threshold 8 (max 8)
- age   1:    3393608 bytes,    3393608 total
- age   2:    2932768 bytes,    6326376 total
- age   3:    1627864 bytes,    7954240 total
- age   4:       5384 bytes,    7959624 total
- age   5:       4248 bytes,    7963872 total
- age   6:      13704 bytes,    7977576 total
- age   7:       4496 bytes,    7982072 total
- age   8:       3584 bytes,    7985656 total
: 96799K->8505K(109248K), 0.0297325 secs] 112258K->23971K(502464K), 0.0297969 secs] [Times: user=0.03 sys=0.00, real=0.03 secs] 
Heap after GC invocations=422 (full 1):
 par new generation   total 109248K, used 8505K [0x00000000e0000000, 0x00000000e8000000, 0x00000000e8000000)
  eden space 87424K,   0% used [0x00000000e0000000, 0x00000000e0000000, 0x00000000e5560000)
  from space 21824K,  38% used [0x00000000e5560000, 0x00000000e5dae770, 0x00000000e6ab0000)
  to   space 21824K,   0% used [0x00000000e6ab0000, 0x00000000e6ab0000, 0x00000000e8000000)
 concurrent mark-sweep generation total 393216K, used 15465K [0x00000000e8000000, 0x0000000100000000, 0x0000000100000000)
 Metaspace       used 34687K, capacity 35268K, committed 35552K, reserved 1081344K
  class space    used 3627K, capacity 3814K, committed 3836K, reserved 1048576K
}
2017-03-31T05:00:47.299+0200: 508.025: Total time for which application threads were stopped: 0.0299579 seconds, Stopping threads took: 0.0000317 seconds
{Heap before GC invocations=422 (full 1):
 par new generation   total 109248K, used 95929K [0x00000000e0000000, 0x00000000e8000000, 0x00000000e8000000)
  eden space 87424K, 100% used [0x00000000e0000000, 0x00000000e5560000, 0x00000000e5560000)
  from space 21824K,  38% used [0x00000000e5560000, 0x00000000e5dae770, 0x00000000e6ab0000)
  to   space 21824K,   0% used [0x00000000e6ab0000, 0x00000000e6ab0000, 0x00000000e8000000)
 concurrent mark-sweep generation total 393216K, used 15465K [0x00000000e8000000, 0x0000000100000000, 0x0000000100000000)
 Metaspace       used 34687K, capacity 35268K, committed 35552K, reserved 1081344K
  class space    used 3627K, capacity 3814K, committed 3836K, reserved 1048576K
2017-03-31T05:00:47.723+0200: 508.450: [GC (Allocation Failure) 2017-03-31T05:00:47.723+0200: 508.450: [ParNew
Desired survivor size 20112992 bytes, new threshold 8 (max 8)
- age   1:    4979752 bytes,    4979752 total
- age   2:    2809224 bytes,    7788976 total
- age   3:       5688 bytes,    7794664 total
- age   4:       7672 bytes,    7802336 total
- age   5:       5208 bytes,    7807544 total
- age   6:       4184 bytes,    7811728 total
- age   7:       8208 bytes,    7819936 total
- age   8:       4472 bytes,    7824408 total
: 95929K->12597K(109248K), 0.0270110 secs] 111395K->28066K(502464K), 0.0270777 secs] [Times: user=0.03 sys=0.01, real=0.02 secs] 
Heap after GC invocations=423 (full 1):
 par new generation   total 109248K, used 12597K [0x00000000e0000000, 0x00000000e8000000, 0x00000000e8000000)
  eden space 87424K,   0% used [0x00000000e0000000, 0x00000000e0000000, 0x00000000e5560000)
  from space 21824K,  57% used [0x00000000e6ab0000, 0x00000000e76fd5c0, 0x00000000e8000000)
  to   space 21824K,   0% used [0x00000000e5560000, 0x00000000e5560000, 0x00000000e6ab0000)
 concurrent mark-sweep generation total 393216K, used 15469K [0x00000000e8000000, 0x0000000100000000, 0x0000000100000000)
 Metaspace       used 34687K, capacity 35268K, committed 35552K, reserved 1081344K
  class space    used 3627K, capacity 3814K, committed 3836K, reserved 1048576K
}
2017-03-31T05:00:47.750+0200: 508.477: Total time for which application threads were stopped: 0.0292567 seconds, Stopping threads took: 0.0020352 seconds
{Heap before GC invocations=423 (full 1):
 par new generation   total 109248K, used 100021K [0x00000000e0000000, 0x00000000e8000000, 0x00000000e8000000)
  eden space 87424K, 100% used [0x00000000e0000000, 0x00000000e5560000, 0x00000000e5560000)
  from space 21824K,  57% used [0x00000000e6ab0000, 0x00000000e76fd5c0, 0x00000000e8000000)
  to   space 21824K,   0% used [0x00000000e5560000, 0x00000000e5560000, 0x00000000e6ab0000)
 concurrent mark-sweep generation total 393216K, used 15469K [0x00000000e8000000, 0x0000000100000000, 0x0000000100000000)
 Metaspace       used 34687K, capacity 35268K, committed 35552K, reserved 1081344K
  class space    used 3627K, capacity 3814K, committed 3836K, reserved 1048576K
2017-03-31T05:00:48.097+0200: 508.823: [GC (Allocation Failure) 2017-03-31T05:00:48.097+0200: 508.823: [ParNew
Desired survivor size 20112992 bytes, new threshold 8 (max 8)
- age   1:    3783720 bytes,    3783720 total
- age   2:    2323856 bytes,    6107576 total
- age   3:       9912 bytes,    6117488 total
- age   4:       5688 bytes,    6123176 total
- age   5:       7456 bytes,    6130632 total
- age   6:       5208 bytes,    6135840 total
- age   7:       4184 bytes,    6140024 total
- age   8:       8208 bytes,    6148232 total
: 100021K->8712K(109248K), 0.0190451 secs] 115490K->24186K(502464K), 0.0191035 secs] [Times: user=0.01 sys=0.00, real=0.01 secs] 
Heap after GC invocations=424 (full 1):
 par new generation   total 109248K, used 8712K [0x00000000e0000000, 0x00000000e8000000, 0x00000000e8000000)
  eden space 87424K,   0% used [0x00000000e0000000, 0x00000000e0000000, 0x00000000e5560000)
  from space 21824K,  39% used [0x00000000e5560000, 0x00000000e5de2110, 0x00000000e6ab0000)
  to   space 21824K,   0% used [0x00000000e6ab0000, 0x00000000e6ab0000, 0x00000000e8000000)
 concurrent mark-sweep generation total 393216K, used 15473K [0x00000000e8000000, 0x0000000100000000, 0x0000000100000000)
 Metaspace       used 34687K, capacity 35268K, committed 35552K, reserved 1081344K
  class space    used 3627K, capacity 3814K, committed 3836K, reserved 1048576K
}
2017-03-31T05:00:48.116+0200: 508.842: Total time for which application threads were stopped: 0.0212922 seconds, Stopping threads took: 0.0020224 seconds
{Heap before GC invocations=424 (full 1):
 par new generation   total 109248K, used 96136K [0x00000000e0000000, 0x00000000e8000000, 0x00000000e8000000)
  eden space 87424K, 100% used [0x00000000e0000000, 0x00000000e5560000, 0x00000000e5560000)
  from space 21824K,  39% used [0x00000000e5560000, 0x00000000e5de2110, 0x00000000e6ab0000)
  to   space 21824K,   0% used [0x00000000e6ab0000, 0x00000000e6ab0000, 0x00000000e8000000)
 concurrent mark-sweep generation total 393216K, used 15473K [0x00000000e8000000, 0x0000000100000000, 0x0000000100000000)
 Metaspace       used 34687K, capacity 35268K, committed 35552K, reserved 1081344K
  class space    used 3627K, capacity 3814K, committed 3836K, reserved 1048576K
2017-03-31T05:00:48.385+0200: 509.111: [GC (Allocation Failure) 2017-03-31T05:00:48.385+0200: 509.111: [ParNew
Desired survivor size 20112992 bytes, new threshold 8 (max 8)
- age   1:    3752720 bytes,    3752720 total
- age   2:    3470136 bytes,    7222856 total
- age   3:    1939560 bytes,    9162416 total
- age   4:       9912 bytes,    9172328 total
- age   5:       5304 bytes,    9177632 total
- age   6:       7456 bytes,    9185088 total
- age   7:       5208 bytes,    9190296 total
- age   8:       4184 bytes,    9194480 total
: 96136K->11710K(109248K), 0.0241426 secs] 111610K->27192K(502464K), 0.0242039 secs] [Times: user=0.03 sys=0.00, real=0.02 secs] 
Heap after GC invocations=425 (full 1):
 par new generation   total 109248K, used 11710K [0x00000000e0000000, 0x00000000e8000000, 0x00000000e8000000)
  eden space 87424K,   0% used [0x00000000e0000000, 0x00000000e0000000, 0x00000000e5560000)
  from space 21824K,  53% used [0x00000000e6ab0000, 0x00000000e761f9b8, 0x00000000e8000000)
  to   space 21824K,   0% used [0x00000000e5560000, 0x00000000e5560000, 0x00000000e6ab0000)
 concurrent mark-sweep generation total 393216K, used 15481K [0x00000000e8000000, 0x0000000100000000, 0x0000000100000000)
 Metaspace       used 34687K, capacity 35268K, committed 35552K, reserved 1081344K
  class space    used 3627K, capacity 3814K, committed 3836K, reserved 1048576K
}
2017-03-31T05:00:48.409+0200: 509.135: Total time for which application threads were stopped: 0.0243702 seconds, Stopping threads took: 0.0000216 seconds
{Heap before GC invocations=425 (full 1):
 par new generation   total 109248K, used 99134K [0x00000000e0000000, 0x00000000e8000000, 0x00000000e8000000)
  eden space 87424K, 100% used [0x00000000e0000000, 0x00000000e5560000, 0x00000000e5560000)
  from space 21824K,  53% used [0x00000000e6ab0000, 0x00000000e761f9b8, 0x00000000e8000000)
  to   space 21824K,   0% used [0x00000000e5560000, 0x00000000e5560000, 0x00000000e6ab0000)
 concurrent mark-sweep generation total 393216K, used 15481K [0x00000000e8000000, 0x0000000100000000, 0x0000000100000000)
 Metaspace       used 34687K, capacity 35268K, committed 35552K, reserved 1081344K
  class space    used 3627K, capacity 3814K, committed 3836K, reserved 1048576K
2017-03-31T05:00:48.799+0200: 509.526: [GC (Allocation Failure) 2017-03-31T05:00:48.799+0200: 509.526: [ParNew
Desired survivor size 20112992 bytes, new threshold 8 (max 8)
- age   1:    3788704 bytes,    3788704 total
- age   2:    3073080 bytes,    6861784 total
- age   3:     712000 bytes,    7573784 total
- age   4:       7760 bytes,    7581544 total
- age   5:       9888 bytes,    7591432 total
- age   6:       5304 bytes,    7596736 total
- age   7:       7456 bytes,    7604192 total
- age   8:       5208 bytes,    7609400 total
: 99134K->10369K(109248K), 0.0367023 secs] 114616K->25855K(502464K), 0.0367794 secs] [Times: user=0.03 sys=0.00, real=0.04 secs] 
Heap after GC invocations=426 (full 1):
 par new generation   total 109248K, used 10369K [0x00000000e0000000, 0x00000000e8000000, 0x00000000e8000000)
  eden space 87424K,   0% used [0x00000000e0000000, 0x00000000e0000000, 0x00000000e5560000)
  from space 21824K,  47% used [0x00000000e5560000, 0x00000000e5f80620, 0x00000000e6ab0000)
  to   space 21824K,   0% used [0x00000000e6ab0000, 0x00000000e6ab0000, 0x00000000e8000000)
 concurrent mark-sweep generation total 393216K, used 15486K [0x00000000e8000000, 0x0000000100000000, 0x0000000100000000)
 Metaspace       used 34687K, capacity 35268K, committed 35552K, reserved 1081344K
  class space    used 3627K, capacity 3814K, committed 3836K, reserved 1048576K
}
2017-03-31T05:00:48.836+0200: 509.563: Total time for which application threads were stopped: 0.0369512 seconds, Stopping threads took: 0.0000321 seconds
{Heap before GC invocations=426 (full 1):
 par new generation   total 109248K, used 97793K [0x00000000e0000000, 0x00000000e8000000, 0x00000000e8000000)
  eden space 87424K, 100% used [0x00000000e0000000, 0x00000000e5560000, 0x00000000e5560000)
  from space 21824K,  47% used [0x00000000e5560000, 0x00000000e5f80620, 0x00000000e6ab0000)
  to   space 21824K,   0% used [0x00000000e6ab0000, 0x00000000e6ab0000, 0x00000000e8000000)
 concurrent mark-sweep generation total 393216K, used 15486K [0x00000000e8000000, 0x0000000100000000, 0x0000000100000000)
 Metaspace       used 34687K, capacity 35268K, committed 35552K, reserved 1081344K
  class space    used 3627K, capacity 3814K, committed 3836K, reserved 1048576K
2017-03-31T05:00:49.287+0200: 510.014: [GC (Allocation Failure) 2017-03-31T05:00:49.287+0200: 510.014: [ParNew
Desired survivor size 20112992 bytes, new threshold 8 (max 8)
- age   1:    4752336 bytes,    4752336 total
- age   2:    2453768 bytes,    7206104 total
- age   3:       4528 bytes,    7210632 total
- age   4:       6280 bytes,    7216912 total
- age   5:       7760 bytes,    7224672 total
- age   6:       4440 bytes,    7229112 total
- age   7:       5304 bytes,    7234416 total
- age   8:       7432 bytes,    7241848 total
: 97793K->9558K(109248K), 0.0232760 secs] 113279K->25049K(502464K), 0.0233436 secs] [Times: user=0.02 sys=0.00, real=0.03 secs] 
Heap after GC invocations=427 (full 1):
 par new generation   total 109248K, used 9558K [0x00000000e0000000, 0x00000000e8000000, 0x00000000e8000000)
  eden space 87424K,   0% used [0x00000000e0000000, 0x00000000e0000000, 0x00000000e5560000)
  from space 21824K,  43% used [0x00000000e6ab0000, 0x00000000e7405bf0, 0x00000000e8000000)
  to   space 21824K,   0% used [0x00000000e5560000, 0x00000000e5560000, 0x00000000e6ab0000)
 concurrent mark-sweep generation total 393216K, used 15490K [0x00000000e8000000, 0x0000000100000000, 0x0000000100000000)
 Metaspace       used 34687K, capacity 35268K, committed 35552K, reserved 1081344K
  class space    used 3627K, capacity 3814K, committed 3836K, reserved 1048576K
}
2017-03-31T05:00:49.311+0200: 510.037: Total time for which application threads were stopped: 0.0268193 seconds, Stopping threads took: 0.0032946 seconds
{Heap before GC invocations=427 (full 1):
 par new generation   total 109248K, used 96982K [0x00000000e0000000, 0x00000000e8000000, 0x00000000e8000000)
  eden space 87424K, 100% used [0x00000000e0000000, 0x00000000e5560000, 0x00000000e5560000)
  from space 21824K,  43% used [0x00000000e6ab0000, 0x00000000e7405bf0, 0x00000000e8000000)
  to   space 21824K,   0% used [0x00000000e5560000, 0x00000000e5560000, 0x00000000e6ab0000)
 concurrent mark-sweep generation total 393216K, used 15490K [0x00000000e8000000, 0x0000000100000000, 0x0000000100000000)
 Metaspace       used 34687K, capacity 35268K, committed 35552K, reserved 1081344K
  class space    used 3627K, capacity 3814K, committed 3836K, reserved 1048576K
2017-03-31T05:00:49.596+0200: 510.322: [GC (Allocation Failure) 2017-03-31T05:00:49.596+0200: 510.322: [ParNew
Desired survivor size 20112992 bytes, new threshold 8 (max 8)
- age   1:    2980664 bytes,    2980664 total
- age   2:    4007776 bytes,    6988440 total
- age   3:    2223352 bytes,    9211792 total
- age   4:       4528 bytes,    9216320 total
- age   5:       6280 bytes,    9222600 total
- age   6:       7760 bytes,    9230360 total
- age   7:       4416 bytes,    9234776 total
- age   8:       5304 bytes,    9240080 total
: 96982K->11725K(109248K), 0.0204543 secs] 112473K->27224K(502464K), 0.0205346 secs] [Times: user=0.02 sys=0.00, real=0.02 secs] 
Heap after GC invocations=428 (full 1):
 par new generation   total 109248K, used 11725K [0x00000000e0000000, 0x00000000e8000000, 0x00000000e8000000)
  eden space 87424K,   0% used [0x00000000e0000000, 0x00000000e0000000, 0x00000000e5560000)
  from space 21824K,  53% used [0x00000000e5560000, 0x00000000e60d3730, 0x00000000e6ab0000)
  to   space 21824K,   0% used [0x00000000e6ab0000, 0x00000000e6ab0000, 0x00000000e8000000)
 concurrent mark-sweep generation total 393216K, used 15498K [0x00000000e8000000, 0x0000000100000000, 0x0000000100000000)
 Metaspace       used 34687K, capacity 35268K, committed 35552K, reserved 1081344K
  class space    used 3627K, capacity 3814K, committed 3836K, reserved 1048576K
}
2017-03-31T05:00:49.617+0200: 510.343: Total time for which application threads were stopped: 0.0254298 seconds, Stopping threads took: 0.0047217 seconds
{Heap before GC invocations=428 (full 1):
 par new generation   total 109248K, used 99149K [0x00000000e0000000, 0x00000000e8000000, 0x00000000e8000000)
  eden space 87424K, 100% used [0x00000000e0000000, 0x00000000e5560000, 0x00000000e5560000)
  from space 21824K,  53% used [0x00000000e5560000, 0x00000000e60d3730, 0x00000000e6ab0000)
  to   space 21824K,   0% used [0x00000000e6ab0000, 0x00000000e6ab0000, 0x00000000e8000000)
 concurrent mark-sweep generation total 393216K, used 15498K [0x00000000e8000000, 0x0000000100000000, 0x0000000100000000)
 Metaspace       used 34687K, capacity 35268K, committed 35552K, reserved 1081344K
  class space    used 3627K, capacity 3814K, committed 3836K, reserved 1048576K
2017-03-31T05:00:50.129+0200: 510.855: [GC (Allocation Failure) 2017-03-31T05:00:50.129+0200: 510.855: [ParNew
Desired survivor size 20112992 bytes, new threshold 8 (max 8)
- age   1:    3662440 bytes,    3662440 total
- age   2:    2587848 bytes,    6250288 total
- age   3:    1355352 bytes,    7605640 total
- age   4:       5880 bytes,    7611520 total
- age   5:       4528 bytes,    7616048 total
- age   6:       5896 bytes,    7621944 total
- age   7:       7760 bytes,    7629704 total
- age   8:       4416 bytes,    7634120 total
: 99149K->10714K(109248K), 0.0325254 secs] 114648K->26218K(502464K), 0.0326097 secs] [Times: user=0.03 sys=0.00, real=0.03 secs] 
Heap after GC invocations=429 (full 1):
 par new generation   total 109248K, used 10714K [0x00000000e0000000, 0x00000000e8000000, 0x00000000e8000000)
  eden space 87424K,   0% used [0x00000000e0000000, 0x00000000e0000000, 0x00000000e5560000)
  from space 21824K,  49% used [0x00000000e6ab0000, 0x00000000e7526a20, 0x00000000e8000000)
  to   space 21824K,   0% used [0x00000000e5560000, 0x00000000e5560000, 0x00000000e6ab0000)
 concurrent mark-sweep generation total 393216K, used 15503K [0x00000000e8000000, 0x0000000100000000, 0x0000000100000000)
 Metaspace       used 34687K, capacity 35268K, committed 35552K, reserved 1081344K
  class space    used 3627K, capacity 3814K, committed 3836K, reserved 1048576K
}
2017-03-31T05:00:50.162+0200: 510.888: Total time for which application threads were stopped: 0.0327925 seconds, Stopping threads took: 0.0000287 seconds
{Heap before GC invocations=429 (full 1):
 par new generation   total 109248K, used 98138K [0x00000000e0000000, 0x00000000e8000000, 0x00000000e8000000)
  eden space 87424K, 100% used [0x00000000e0000000, 0x00000000e5560000, 0x00000000e5560000)
  from space 21824K,  49% used [0x00000000e6ab0000, 0x00000000e7526a20, 0x00000000e8000000)
  to   space 21824K,   0% used [0x00000000e5560000, 0x00000000e5560000, 0x00000000e6ab0000)
 concurrent mark-sweep generation total 393216K, used 15503K [0x00000000e8000000, 0x0000000100000000, 0x0000000100000000)
 Metaspace       used 34688K, capacity 35268K, committed 35552K, reserved 1081344K
  class space    used 3627K, capacity 3814K, committed 3836K, reserved 1048576K
2017-03-31T05:00:50.703+0200: 511.430: [GC (Allocation Failure) 2017-03-31T05:00:50.704+0200: 511.430: [ParNew
Desired survivor size 20112992 bytes, new threshold 8 (max 8)
- age   1:    4432464 bytes,    4432464 total
- age   2:    2374568 bytes,    6807032 total
- age   3:       2768 bytes,    6809800 total
- age   4:       7192 bytes,    6816992 total
- age   5:       5688 bytes,    6822680 total
- age   6:       4528 bytes,    6827208 total
- age   7:       5896 bytes,    6833104 total
- age   8:       7760 bytes,    6840864 total
: 98138K->8701K(109248K), 0.0225216 secs] 113642K->24208K(502464K), 0.0226049 secs] [Times: user=0.02 sys=0.00, real=0.02 secs] 
Heap after GC invocations=430 (full 1):
 par new generation   total 109248K, used 8701K [0x00000000e0000000, 0x00000000e8000000, 0x00000000e8000000)
  eden space 87424K,   0% used [0x00000000e0000000, 0x00000000e0000000, 0x00000000e5560000)
  from space 21824K,  39% used [0x00000000e5560000, 0x00000000e5ddf468, 0x00000000e6ab0000)
  to   space 21824K,   0% used [0x00000000e6ab0000, 0x00000000e6ab0000, 0x00000000e8000000)
 concurrent mark-sweep generation total 393216K, used 15507K [0x00000000e8000000, 0x0000000100000000, 0x0000000100000000)
 Metaspace       used 34688K, capacity 35268K, committed 35552K, reserved 1081344K
  class space    used 3627K, capacity 3814K, committed 3836K, reserved 1048576K
}
2017-03-31T05:00:50.726+0200: 511.453: Total time for which application threads were stopped: 0.0227743 seconds, Stopping threads took: 0.0000317 seconds
{Heap before GC invocations=430 (full 1):
 par new generation   total 109248K, used 96125K [0x00000000e0000000, 0x00000000e8000000, 0x00000000e8000000)
  eden space 87424K, 100% used [0x00000000e0000000, 0x00000000e5560000, 0x00000000e5560000)
  from space 21824K,  39% used [0x00000000e5560000, 0x00000000e5ddf468, 0x00000000e6ab0000)
  to   space 21824K,   0% used [0x00000000e6ab0000, 0x00000000e6ab0000, 0x00000000e8000000)
 concurrent mark-sweep generation total 393216K, used 15507K [0x00000000e8000000, 0x0000000100000000, 0x0000000100000000)
 Metaspace       used 34688K, capacity 35268K, committed 35552K, reserved 1081344K
  class space    used 3627K, capacity 3814K, committed 3836K, reserved 1048576K
2017-03-31T05:00:51.093+0200: 511.819: [GC (Allocation Failure) 2017-03-31T05:00:51.093+0200: 511.820: [ParNew
Desired survivor size 20112992 bytes, new threshold 8 (max 8)
- age   1:    3023824 bytes,    3023824 total
- age   2:    1872896 bytes,    4896720 total
- age   3:      24384 bytes,    4921104 total
- age   4:       2768 bytes,    4923872 total
- age   5:       7128 bytes,    4931000 total
- age   6:       5664 bytes,    4936664 total
- age   7:       4528 bytes,    4941192 total
- age   8:       5896 bytes,    4947088 total
: 96125K->7812K(109248K), 0.0212531 secs] 111632K->23327K(502464K), 0.0213171 secs] [Times: user=0.03 sys=0.00, real=0.02 secs] 
Heap after GC invocations=431 (full 1):
 par new generation   total 109248K, used 7812K [0x00000000e0000000, 0x00000000e8000000, 0x00000000e8000000)
  eden space 87424K,   0% used [0x00000000e0000000, 0x00000000e0000000, 0x00000000e5560000)
  from space 21824K,  35% used [0x00000000e6ab0000, 0x00000000e7251000, 0x00000000e8000000)
  to   space 21824K,   0% used [0x00000000e5560000, 0x00000000e5560000, 0x00000000e6ab0000)
 concurrent mark-sweep generation total 393216K, used 15515K [0x00000000e8000000, 0x0000000100000000, 0x0000000100000000)
 Metaspace       used 34688K, capacity 35268K, committed 35552K, reserved 1081344K
  class space    used 3627K, capacity 3814K, committed 3836K, reserved 1048576K
}
2017-03-31T05:00:51.114+0200: 511.841: Total time for which application threads were stopped: 0.0214893 seconds, Stopping threads took: 0.0000218 seconds
{Heap before GC invocations=431 (full 1):
 par new generation   total 109248K, used 95236K [0x00000000e0000000, 0x00000000e8000000, 0x00000000e8000000)
  eden space 87424K, 100% used [0x00000000e0000000, 0x00000000e5560000, 0x00000000e5560000)
  from space 21824K,  35% used [0x00000000e6ab0000, 0x00000000e7251000, 0x00000000e8000000)
  to   space 21824K,   0% used [0x00000000e5560000, 0x00000000e5560000, 0x00000000e6ab0000)
 concurrent mark-sweep generation total 393216K, used 15515K [0x00000000e8000000, 0x0000000100000000, 0x0000000100000000)
 Metaspace       used 34688K, capacity 35268K, committed 35552K, reserved 1081344K
  class space    used 3627K, capacity 3814K, committed 3836K, reserved 1048576K
2017-03-31T05:00:51.525+0200: 512.252: [GC (Allocation Failure) 2017-03-31T05:00:51.525+0200: 512.252: [ParNew
Desired survivor size 20112992 bytes, new threshold 8 (max 8)
- age   1:    4002400 bytes,    4002400 total
- age   2:    2784200 bytes,    6786600 total
- age   3:    1486656 bytes,    8273256 total
- age   4:       6664 bytes,    8279920 total
- age   5:       2768 bytes,    8282688 total
- age   6:       6952 bytes,    8289640 total
- age   7:       5664 bytes,    8295304 total
- age   8:       4504 bytes,    8299808 total
: 95236K->9078K(109248K), 0.0262396 secs] 110751K->24599K(502464K), 0.0263119 secs] [Times: user=0.02 sys=0.00, real=0.03 secs] 
Heap after GC invocations=432 (full 1):
 par new generation   total 109248K, used 9078K [0x00000000e0000000, 0x00000000e8000000, 0x00000000e8000000)
  eden space 87424K,   0% used [0x00000000e0000000, 0x00000000e0000000, 0x00000000e5560000)
  from space 21824K,  41% used [0x00000000e5560000, 0x00000000e5e3d888, 0x00000000e6ab0000)
  to   space 21824K,   0% used [0x00000000e6ab0000, 0x00000000e6ab0000, 0x00000000e8000000)
 concurrent mark-sweep generation total 393216K, used 15521K [0x00000000e8000000, 0x0000000100000000, 0x0000000100000000)
 Metaspace       used 34688K, capacity 35268K, committed 35552K, reserved 1081344K
  class space    used 3627K, capacity 3814K, committed 3836K, reserved 1048576K
}
2017-03-31T05:00:51.552+0200: 512.278: Total time for which application threads were stopped: 0.0320037 seconds, Stopping threads took: 0.0055340 seconds
{Heap before GC invocations=432 (full 1):
 par new generation   total 109248K, used 96502K [0x00000000e0000000, 0x00000000e8000000, 0x00000000e8000000)
  eden space 87424K, 100% used [0x00000000e0000000, 0x00000000e5560000, 0x00000000e5560000)
  from space 21824K,  41% used [0x00000000e5560000, 0x00000000e5e3d888, 0x00000000e6ab0000)
  to   space 21824K,   0% used [0x00000000e6ab0000, 0x00000000e6ab0000, 0x00000000e8000000)
 concurrent mark-sweep generation total 393216K, used 15521K [0x00000000e8000000, 0x0000000100000000, 0x0000000100000000)
 Metaspace       used 34688K, capacity 35268K, committed 35552K, reserved 1081344K
  class space    used 3627K, capacity 3814K, committed 3836K, reserved 1048576K
2017-03-31T05:00:52.081+0200: 512.807: [GC (Allocation Failure) 2017-03-31T05:00:52.081+0200: 512.807: [ParNew
Desired survivor size 20112992 bytes, new threshold 8 (max 8)
- age   1:    4485024 bytes,    4485024 total
- age   2:    2777992 bytes,    7263016 total
- age   3:       4680 bytes,    7267696 total
- age   4:       7560 bytes,    7275256 total
- age   5:       6280 bytes,    7281536 total
- age   6:       2768 bytes,    7284304 total
- age   7:       6928 bytes,    7291232 total
- age   8:       5664 bytes,    7296896 total
: 96502K->11210K(109248K), 0.0219335 secs] 112023K->26736K(502464K), 0.0219983 secs] [Times: user=0.02 sys=0.00, real=0.02 secs] 
Heap after GC invocations=433 (full 1):
 par new generation   total 109248K, used 11210K [0x00000000e0000000, 0x00000000e8000000, 0x00000000e8000000)
  eden space 87424K,   0% used [0x00000000e0000000, 0x00000000e0000000, 0x00000000e5560000)
  from space 21824K,  51% used [0x00000000e6ab0000, 0x00000000e75a2958, 0x00000000e8000000)
  to   space 21824K,   0% used [0x00000000e5560000, 0x00000000e5560000, 0x00000000e6ab0000)
 concurrent mark-sweep generation total 393216K, used 15525K [0x00000000e8000000, 0x0000000100000000, 0x0000000100000000)
 Metaspace       used 34688K, capacity 35268K, committed 35552K, reserved 1081344K
  class space    used 3627K, capacity 3814K, committed 3836K, reserved 1048576K
}
2017-03-31T05:00:52.103+0200: 512.829: Total time for which application threads were stopped: 0.0221470 seconds, Stopping threads took: 0.0000287 seconds
{Heap before GC invocations=433 (full 1):
 par new generation   total 109248K, used 98634K [0x00000000e0000000, 0x00000000e8000000, 0x00000000e8000000)
  eden space 87424K, 100% used [0x00000000e0000000, 0x00000000e5560000, 0x00000000e5560000)
  from space 21824K,  51% used [0x00000000e6ab0000, 0x00000000e75a2958, 0x00000000e8000000)
  to   space 21824K,   0% used [0x00000000e5560000, 0x00000000e5560000, 0x00000000e6ab0000)
 concurrent mark-sweep generation total 393216K, used 15525K [0x00000000e8000000, 0x0000000100000000, 0x0000000100000000)
 Metaspace       used 34688K, capacity 35268K, committed 35552K, reserved 1081344K
  class space    used 3627K, capacity 3814K, committed 3836K, reserved 1048576K
2017-03-31T05:00:52.642+0200: 513.368: [GC (Allocation Failure) 2017-03-31T05:00:52.642+0200: 513.368: [ParNew
Desired survivor size 20112992 bytes, new threshold 8 (max 8)
- age   1:    3806208 bytes,    3806208 total
- age   2:    2217584 bytes,    6023792 total
- age   3:       5696 bytes,    6029488 total
- age   4:       4680 bytes,    6034168 total
- age   5:       7368 bytes,    6041536 total
- age   6:       6232 bytes,    6047768 total
- age   7:       2768 bytes,    6050536 total
- age   8:       6928 bytes,    6057464 total
: 98634K->7611K(109248K), 0.0159817 secs] 114160K->23142K(502464K), 0.0160585 secs] [Times: user=0.01 sys=0.00, real=0.02 secs] 
Heap after GC invocations=434 (full 1):
 par new generation   total 109248K, used 7611K [0x00000000e0000000, 0x00000000e8000000, 0x00000000e8000000)
  eden space 87424K,   0% used [0x00000000e0000000, 0x00000000e0000000, 0x00000000e5560000)
  from space 21824K,  34% used [0x00000000e5560000, 0x00000000e5ccee70, 0x00000000e6ab0000)
  to   space 21824K,   0% used [0x00000000e6ab0000, 0x00000000e6ab0000, 0x00000000e8000000)
 concurrent mark-sweep generation total 393216K, used 15531K [0x00000000e8000000, 0x0000000100000000, 0x0000000100000000)
 Metaspace       used 34688K, capacity 35268K, committed 35552K, reserved 1081344K
  class space    used 3627K, capacity 3814K, committed 3836K, reserved 1048576K
}
2017-03-31T05:00:52.658+0200: 513.384: Total time for which application threads were stopped: 0.0164857 seconds, Stopping threads took: 0.0001372 seconds
{Heap before GC invocations=434 (full 1):
 par new generation   total 109248K, used 95034K [0x00000000e0000000, 0x00000000e8000000, 0x00000000e8000000)
  eden space 87424K,  99% used [0x00000000e0000000, 0x00000000e555fb00, 0x00000000e5560000)
  from space 21824K,  34% used [0x00000000e5560000, 0x00000000e5ccee70, 0x00000000e6ab0000)
  to   space 21824K,   0% used [0x00000000e6ab0000, 0x00000000e6ab0000, 0x00000000e8000000)
 concurrent mark-sweep generation total 393216K, used 15531K [0x00000000e8000000, 0x0000000100000000, 0x0000000100000000)
 Metaspace       used 34688K, capacity 35268K, committed 35552K, reserved 1081344K
  class space    used 3627K, capacity 3814K, committed 3836K, reserved 1048576K
2017-03-31T05:00:53.010+0200: 513.737: [GC (Allocation Failure) 2017-03-31T05:00:53.010+0200: 513.737: [ParNew
Desired survivor size 20112992 bytes, new threshold 8 (max 8)
- age   1:    3288368 bytes,    3288368 total
- age   2:    3452368 bytes,    6740736 total
- age   3:    1911680 bytes,    8652416 total
- age   4:       5696 bytes,    8658112 total
- age   5:       4680 bytes,    8662792 total
- age   6:       7368 bytes,    8670160 total
- age   7:       6232 bytes,    8676392 total
- age   8:       2768 bytes,    8679160 total
: 95034K->10724K(109248K), 0.0353781 secs] 110565K->26262K(502464K), 0.0354477 secs] [Times: user=0.04 sys=0.00, real=0.03 secs] 
Heap after GC invocations=435 (full 1):
 par new generation   total 109248K, used 10724K [0x00000000e0000000, 0x00000000e8000000, 0x00000000e8000000)
  eden space 87424K,   0% used [0x00000000e0000000, 0x00000000e0000000, 0x00000000e5560000)
  from space 21824K,  49% used [0x00000000e6ab0000, 0x00000000e7529070, 0x00000000e8000000)
  to   space 21824K,   0% used [0x00000000e5560000, 0x00000000e5560000, 0x00000000e6ab0000)
 concurrent mark-sweep generation total 393216K, used 15538K [0x00000000e8000000, 0x0000000100000000, 0x0000000100000000)
 Metaspace       used 34688K, capacity 35268K, committed 35552K, reserved 1081344K
  class space    used 3627K, capacity 3814K, committed 3836K, reserved 1048576K
}
2017-03-31T05:00:53.046+0200: 513.772: Total time for which application threads were stopped: 0.0378371 seconds, Stopping threads took: 0.0022427 seconds
{Heap before GC invocations=435 (full 1):
 par new generation   total 109248K, used 98148K [0x00000000e0000000, 0x00000000e8000000, 0x00000000e8000000)
  eden space 87424K, 100% used [0x00000000e0000000, 0x00000000e5560000, 0x00000000e5560000)
  from space 21824K,  49% used [0x00000000e6ab0000, 0x00000000e7529070, 0x00000000e8000000)
  to   space 21824K,   0% used [0x00000000e5560000, 0x00000000e5560000, 0x00000000e6ab0000)
 concurrent mark-sweep generation total 393216K, used 15538K [0x00000000e8000000, 0x0000000100000000, 0x0000000100000000)
 Metaspace       used 34688K, capacity 35268K, committed 35552K, reserved 1081344K
  class space    used 3627K, capacity 3814K, committed 3836K, reserved 1048576K
2017-03-31T05:00:53.522+0200: 514.248: [GC (Allocation Failure) 2017-03-31T05:00:53.522+0200: 514.248: [ParNew
Desired survivor size 20112992 bytes, new threshold 8 (max 8)
- age   1:    4700120 bytes,    4700120 total
- age   2:    2477064 bytes,    7177184 total
- age   3:     635040 bytes,    7812224 total
- age   4:       7560 bytes,    7819784 total
- age   5:       5568 bytes,    7825352 total
- age   6:       4552 bytes,    7829904 total
- age   7:       7368 bytes,    7837272 total
- age   8:       6232 bytes,    7843504 total
: 98148K->12464K(109248K), 0.0355645 secs] 113686K->28005K(502464K), 0.0356274 secs] [Times: user=0.03 sys=0.00, real=0.04 secs] 
Heap after GC invocations=436 (full 1):
 par new generation   total 109248K, used 12464K [0x00000000e0000000, 0x00000000e8000000, 0x00000000e8000000)
  eden space 87424K,   0% used [0x00000000e0000000, 0x00000000e0000000, 0x00000000e5560000)
  from space 21824K,  57% used [0x00000000e5560000, 0x00000000e618c3e8, 0x00000000e6ab0000)
  to   space 21824K,   0% used [0x00000000e6ab0000, 0x00000000e6ab0000, 0x00000000e8000000)
 concurrent mark-sweep generation total 393216K, used 15540K [0x00000000e8000000, 0x0000000100000000, 0x0000000100000000)
 Metaspace       used 34688K, capacity 35268K, committed 35552K, reserved 1081344K
  class space    used 3627K, capacity 3814K, committed 3836K, reserved 1048576K
}
2017-03-31T05:00:53.557+0200: 514.284: Total time for which application threads were stopped: 0.0390734 seconds, Stopping threads took: 0.0032961 seconds
{Heap before GC invocations=436 (full 1):
 par new generation   total 109248K, used 99888K [0x00000000e0000000, 0x00000000e8000000, 0x00000000e8000000)
  eden space 87424K, 100% used [0x00000000e0000000, 0x00000000e5560000, 0x00000000e5560000)
  from space 21824K,  57% used [0x00000000e5560000, 0x00000000e618c3e8, 0x00000000e6ab0000)
  to   space 21824K,   0% used [0x00000000e6ab0000, 0x00000000e6ab0000, 0x00000000e8000000)
 concurrent mark-sweep generation total 393216K, used 15540K [0x00000000e8000000, 0x0000000100000000, 0x0000000100000000)
 Metaspace       used 34688K, capacity 35268K, committed 35552K, reserved 1081344K
  class space    used 3627K, capacity 3814K, committed 3836K, reserved 1048576K
2017-03-31T05:00:54.068+0200: 514.794: [GC (Allocation Failure) 2017-03-31T05:00:54.068+0200: 514.794: [ParNew
Desired survivor size 20112992 bytes, new threshold 8 (max 8)
- age   1:    4379424 bytes,    4379424 total
- age   2:    2347952 bytes,    6727376 total
- age   3:       9112 bytes,    6736488 total
- age   4:      11744 bytes,    6748232 total
- age   5:       7368 bytes,    6755600 total
- age   6:       5440 bytes,    6761040 total
- age   7:       4480 bytes,    6765520 total
- age   8:       7368 bytes,    6772888 total
: 99888K->9239K(109248K), 0.0301911 secs] 115429K->24786K(502464K), 0.0302677 secs] [Times: user=0.03 sys=0.00, real=0.03 secs] 
Heap after GC invocations=437 (full 1):
 par new generation   total 109248K, used 9239K [0x00000000e0000000, 0x00000000e8000000, 0x00000000e8000000)
  eden space 87424K,   0% used [0x00000000e0000000, 0x00000000e0000000, 0x00000000e5560000)
  from space 21824K,  42% used [0x00000000e6ab0000, 0x00000000e73b5c40, 0x00000000e8000000)
  to   space 21824K,   0% used [0x00000000e5560000, 0x00000000e5560000, 0x00000000e6ab0000)
 concurrent mark-sweep generation total 393216K, used 15546K [0x00000000e8000000, 0x0000000100000000, 0x0000000100000000)
 Metaspace       used 34688K, capacity 35268K, committed 35552K, reserved 1081344K
  class space    used 3627K, capacity 3814K, committed 3836K, reserved 1048576K
}
2017-03-31T05:00:54.098+0200: 514.825: Total time for which application threads were stopped: 0.0366849 seconds, Stopping threads took: 0.0062505 seconds
{Heap before GC invocations=437 (full 1):
 par new generation   total 109248K, used 96663K [0x00000000e0000000, 0x00000000e8000000, 0x00000000e8000000)
  eden space 87424K, 100% used [0x00000000e0000000, 0x00000000e5560000, 0x00000000e5560000)
  from space 21824K,  42% used [0x00000000e6ab0000, 0x00000000e73b5c40, 0x00000000e8000000)
  to   space 21824K,   0% used [0x00000000e5560000, 0x00000000e5560000, 0x00000000e6ab0000)
 concurrent mark-sweep generation total 393216K, used 15546K [0x00000000e8000000, 0x0000000100000000, 0x0000000100000000)
 Metaspace       used 34688K, capacity 35268K, committed 35552K, reserved 1081344K
  class space    used 3627K, capacity 3814K, committed 3836K, reserved 1048576K
2017-03-31T05:00:54.463+0200: 515.189: [GC (Allocation Failure) 2017-03-31T05:00:54.463+0200: 515.189: [ParNew
Desired survivor size 20112992 bytes, new threshold 8 (max 8)
- age   1:    3139096 bytes,    3139096 total
- age   2:    1778464 bytes,    4917560 total
- age   3:      14504 bytes,    4932064 total
- age   4:       3680 bytes,    4935744 total
- age   5:      11720 bytes,    4947464 total
- age   6:       7368 bytes,    4954832 total
- age   7:       5440 bytes,    4960272 total
- age   8:       4384 bytes,    4964656 total
: 96663K->7659K(109248K), 0.0184863 secs] 112210K->23213K(502464K), 0.0185508 secs] [Times: user=0.02 sys=0.00, real=0.02 secs] 
Heap after GC invocations=438 (full 1):
 par new generation   total 109248K, used 7659K [0x00000000e0000000, 0x00000000e8000000, 0x00000000e8000000)
  eden space 87424K,   0% used [0x00000000e0000000, 0x00000000e0000000, 0x00000000e5560000)
  from space 21824K,  35% used [0x00000000e5560000, 0x00000000e5cdadf8, 0x00000000e6ab0000)
  to   space 21824K,   0% used [0x00000000e6ab0000, 0x00000000e6ab0000, 0x00000000e8000000)
 concurrent mark-sweep generation total 393216K, used 15554K [0x00000000e8000000, 0x0000000100000000, 0x0000000100000000)
 Metaspace       used 34688K, capacity 35268K, committed 35552K, reserved 1081344K
  class space    used 3627K, capacity 3814K, committed 3836K, reserved 1048576K
}
2017-03-31T05:00:54.481+0200: 515.208: Total time for which application threads were stopped: 0.0187197 seconds, Stopping threads took: 0.0000283 seconds
{Heap before GC invocations=438 (full 1):
 par new generation   total 109248K, used 95083K [0x00000000e0000000, 0x00000000e8000000, 0x00000000e8000000)
  eden space 87424K, 100% used [0x00000000e0000000, 0x00000000e5560000, 0x00000000e5560000)
  from space 21824K,  35% used [0x00000000e5560000, 0x00000000e5cdadf8, 0x00000000e6ab0000)
  to   space 21824K,   0% used [0x00000000e6ab0000, 0x00000000e6ab0000, 0x00000000e8000000)
 concurrent mark-sweep generation total 393216K, used 15554K [0x00000000e8000000, 0x0000000100000000, 0x0000000100000000)
 Metaspace       used 34688K, capacity 35268K, committed 35552K, reserved 1081344K
  class space    used 3627K, capacity 3814K, committed 3836K, reserved 1048576K
2017-03-31T05:00:54.823+0200: 515.549: [GC (Allocation Failure) 2017-03-31T05:00:54.823+0200: 515.549: [ParNew
Desired survivor size 20112992 bytes, new threshold 8 (max 8)
- age   1:    3603896 bytes,    3603896 total
- age   2:    2880880 bytes,    6484776 total
- age   3:    1310944 bytes,    7795720 total
- age   4:       6848 bytes,    7802568 total
- age   5:       3656 bytes,    7806224 total
- age   6:       6272 bytes,    7812496 total
- age   7:       7368 bytes,    7819864 total
- age   8:       5416 bytes,    7825280 total
: 95083K->9024K(109248K), 0.0236853 secs] 110637K->24582K(502464K), 0.0238081 secs] [Times: user=0.02 sys=0.00, real=0.02 secs] 
Heap after GC invocations=439 (full 1):
 par new generation   total 109248K, used 9024K [0x00000000e0000000, 0x00000000e8000000, 0x00000000e8000000)
  eden space 87424K,   0% used [0x00000000e0000000, 0x00000000e0000000, 0x00000000e5560000)
  from space 21824K,  41% used [0x00000000e6ab0000, 0x00000000e7380160, 0x00000000e8000000)
  to   space 21824K,   0% used [0x00000000e5560000, 0x00000000e5560000, 0x00000000e6ab0000)
 concurrent mark-sweep generation total 393216K, used 15558K [0x00000000e8000000, 0x0000000100000000, 0x0000000100000000)
 Metaspace       used 34688K, capacity 35268K, committed 35552K, reserved 1081344K
  class space    used 3627K, capacity 3814K, committed 3836K, reserved 1048576K
}
2017-03-31T05:00:54.847+0200: 515.573: Total time for which application threads were stopped: 0.0239677 seconds, Stopping threads took: 0.0000315 seconds
{Heap before GC invocations=439 (full 1):
 par new generation   total 109248K, used 96448K [0x00000000e0000000, 0x00000000e8000000, 0x00000000e8000000)
  eden space 87424K, 100% used [0x00000000e0000000, 0x00000000e5560000, 0x00000000e5560000)
  from space 21824K,  41% used [0x00000000e6ab0000, 0x00000000e7380160, 0x00000000e8000000)
  to   space 21824K,   0% used [0x00000000e5560000, 0x00000000e5560000, 0x00000000e6ab0000)
 concurrent mark-sweep generation total 393216K, used 15558K [0x00000000e8000000, 0x0000000100000000, 0x0000000100000000)
 Metaspace       used 34688K, capacity 35268K, committed 35552K, reserved 1081344K
  class space    used 3627K, capacity 3814K, committed 3836K, reserved 1048576K
2017-03-31T05:00:55.244+0200: 515.970: [GC (Allocation Failure) 2017-03-31T05:00:55.244+0200: 515.970: [ParNew
Desired survivor size 20112992 bytes, new threshold 8 (max 8)
- age   1:    4645880 bytes,    4645880 total
- age   2:    2610424 bytes,    7256304 total
- age   3:       4368 bytes,    7260672 total
- age   4:       7272 bytes,    7267944 total
- age   5:       6656 bytes,    7274600 total
- age   6:       3656 bytes,    7278256 total
- age   7:       6080 bytes,    7284336 total
- age   8:       7368 bytes,    7291704 total
: 96448K->10596K(109248K), 0.0194744 secs] 112006K->26160K(502464K), 0.0195333 secs] [Times: user=0.02 sys=0.00, real=0.02 secs] 
Heap after GC invocations=440 (full 1):
 par new generation   total 109248K, used 10596K [0x00000000e0000000, 0x00000000e8000000, 0x00000000e8000000)
  eden space 87424K,   0% used [0x00000000e0000000, 0x00000000e0000000, 0x00000000e5560000)
  from space 21824K,  48% used [0x00000000e5560000, 0x00000000e5fb9250, 0x00000000e6ab0000)
  to   space 21824K,   0% used [0x00000000e6ab0000, 0x00000000e6ab0000, 0x00000000e8000000)
 concurrent mark-sweep generation total 393216K, used 15563K [0x00000000e8000000, 0x0000000100000000, 0x0000000100000000)
 Metaspace       used 34688K, capacity 35268K, committed 35552K, reserved 1081344K
  class space    used 3627K, capacity 3814K, committed 3836K, reserved 1048576K
}
2017-03-31T05:00:55.263+0200: 515.990: Total time for which application threads were stopped: 0.0217422 seconds, Stopping threads took: 0.0020549 seconds
{Heap before GC invocations=440 (full 1):
 par new generation   total 109248K, used 98020K [0x00000000e0000000, 0x00000000e8000000, 0x00000000e8000000)
  eden space 87424K, 100% used [0x00000000e0000000, 0x00000000e5560000, 0x00000000e5560000)
  from space 21824K,  48% used [0x00000000e5560000, 0x00000000e5fb9250, 0x00000000e6ab0000)
  to   space 21824K,   0% used [0x00000000e6ab0000, 0x00000000e6ab0000, 0x00000000e8000000)
 concurrent mark-sweep generation total 393216K, used 15563K [0x00000000e8000000, 0x0000000100000000, 0x0000000100000000)
 Metaspace       used 34688K, capacity 35268K, committed 35552K, reserved 1081344K
  class space    used 3627K, capacity 3814K, committed 3836K, reserved 1048576K
2017-03-31T05:00:55.629+0200: 516.355: [GC (Allocation Failure) 2017-03-31T05:00:55.629+0200: 516.355: [ParNew
Desired survivor size 20112992 bytes, new threshold 8 (max 8)
- age   1:    3502424 bytes,    3502424 total
- age   2:    2104984 bytes,    5607408 total
- age   3:       5680 bytes,    5613088 total
- age   4:       4216 bytes,    5617304 total
- age   5:       6888 bytes,    5624192 total
- age   6:       6656 bytes,    5630848 total
- age   7:       3632 bytes,    5634480 total
- age   8:       6080 bytes,    5640560 total
: 98020K->9414K(109248K), 0.0223940 secs] 113584K->24985K(502464K), 0.0224666 secs] [Times: user=0.02 sys=0.00, real=0.03 secs] 
Heap after GC invocations=441 (full 1):
 par new generation   total 109248K, used 9414K [0x00000000e0000000, 0x00000000e8000000, 0x00000000e8000000)
  eden space 87424K,   0% used [0x00000000e0000000, 0x00000000e0000000, 0x00000000e5560000)
  from space 21824K,  43% used [0x00000000e6ab0000, 0x00000000e73e18d8, 0x00000000e8000000)
  to   space 21824K,   0% used [0x00000000e5560000, 0x00000000e5560000, 0x00000000e6ab0000)
 concurrent mark-sweep generation total 393216K, used 15571K [0x00000000e8000000, 0x0000000100000000, 0x0000000100000000)
 Metaspace       used 34688K, capacity 35268K, committed 35552K, reserved 1081344K
  class space    used 3627K, capacity 3814K, committed 3836K, reserved 1048576K
}
2017-03-31T05:00:55.651+0200: 516.378: Total time for which application threads were stopped: 0.0246030 seconds, Stopping threads took: 0.0020168 seconds
{Heap before GC invocations=441 (full 1):
 par new generation   total 109248K, used 96838K [0x00000000e0000000, 0x00000000e8000000, 0x00000000e8000000)
  eden space 87424K, 100% used [0x00000000e0000000, 0x00000000e5560000, 0x00000000e5560000)
  from space 21824K,  43% used [0x00000000e6ab0000, 0x00000000e73e18d8, 0x00000000e8000000)
  to   space 21824K,   0% used [0x00000000e5560000, 0x00000000e5560000, 0x00000000e6ab0000)
 concurrent mark-sweep generation total 393216K, used 15571K [0x00000000e8000000, 0x0000000100000000, 0x0000000100000000)
 Metaspace       used 34688K, capacity 35268K, committed 35552K, reserved 1081344K
  class space    used 3627K, capacity 3814K, committed 3836K, reserved 1048576K
2017-03-31T05:00:55.920+0200: 516.646: [GC (Allocation Failure) 2017-03-31T05:00:55.920+0200: 516.646: [ParNew
Desired survivor size 20112992 bytes, new threshold 8 (max 8)
- age   1:    3418536 bytes,    3418536 total
- age   2:    3265800 bytes,    6684336 total
- age   3:    1794336 bytes,    8478672 total
- age   4:       5680 bytes,    8484352 total
- age   5:       4192 bytes,    8488544 total
- age   6:       6888 bytes,    8495432 total
- age   7:       6656 bytes,    8502088 total
- age   8:       3632 bytes,    8505720 total
: 96838K->9884K(109248K), 0.0213532 secs] 112409K->25461K(502464K), 0.0214149 secs] [Times: user=0.02 sys=0.00, real=0.02 secs] 
Heap after GC invocations=442 (full 1):
 par new generation   total 109248K, used 9884K [0x00000000e0000000, 0x00000000e8000000, 0x00000000e8000000)
  eden space 87424K,   0% used [0x00000000e0000000, 0x00000000e0000000, 0x00000000e5560000)
  from space 21824K,  45% used [0x00000000e5560000, 0x00000000e5f071b0, 0x00000000e6ab0000)
  to   space 21824K,   0% used [0x00000000e6ab0000, 0x00000000e6ab0000, 0x00000000e8000000)
 concurrent mark-sweep generation total 393216K, used 15577K [0x00000000e8000000, 0x0000000100000000, 0x0000000100000000)
 Metaspace       used 34688K, capacity 35268K, committed 35552K, reserved 1081344K
  class space    used 3627K, capacity 3814K, committed 3836K, reserved 1048576K
}
2017-03-31T05:00:55.941+0200: 516.668: Total time for which application threads were stopped: 0.0271594 seconds, Stopping threads took: 0.0056001 seconds
{Heap before GC invocations=442 (full 1):
 par new generation   total 109248K, used 97308K [0x00000000e0000000, 0x00000000e8000000, 0x00000000e8000000)
  eden space 87424K, 100% used [0x00000000e0000000, 0x00000000e5560000, 0x00000000e5560000)
  from space 21824K,  45% used [0x00000000e5560000, 0x00000000e5f071b0, 0x00000000e6ab0000)
  to   space 21824K,   0% used [0x00000000e6ab0000, 0x00000000e6ab0000, 0x00000000e8000000)
 concurrent mark-sweep generation total 393216K, used 15577K [0x00000000e8000000, 0x0000000100000000, 0x0000000100000000)
 Metaspace       used 34688K, capacity 35268K, committed 35552K, reserved 1081344K
  class space    used 3627K, capacity 3814K, committed 3836K, reserved 1048576K
2017-03-31T05:00:56.418+0200: 517.144: [GC (Allocation Failure) 2017-03-31T05:00:56.418+0200: 517.144: [ParNew
Desired survivor size 20112992 bytes, new threshold 8 (max 8)
- age   1:    4445944 bytes,    4445944 total
- age   2:    2658056 bytes,    7104000 total
- age   3:     309264 bytes,    7413264 total
- age   4:       7392 bytes,    7420656 total
- age   5:       5592 bytes,    7426248 total
- age   6:       4064 bytes,    7430312 total
- age   7:       6888 bytes,    7437200 total
- age   8:       6656 bytes,    7443856 total
: 97308K->13383K(109248K), 0.0281963 secs] 112885K->28963K(502464K), 0.0282712 secs] [Times: user=0.02 sys=0.00, real=0.02 secs] 
Heap after GC invocations=443 (full 1):
 par new generation   total 109248K, used 13383K [0x00000000e0000000, 0x00000000e8000000, 0x00000000e8000000)
  eden space 87424K,   0% used [0x00000000e0000000, 0x00000000e0000000, 0x00000000e5560000)
  from space 21824K,  61% used [0x00000000e6ab0000, 0x00000000e77c1c40, 0x00000000e8000000)
  to   space 21824K,   0% used [0x00000000e5560000, 0x00000000e5560000, 0x00000000e6ab0000)
 concurrent mark-sweep generation total 393216K, used 15580K [0x00000000e8000000, 0x0000000100000000, 0x0000000100000000)
 Metaspace       used 34688K, capacity 35268K, committed 35552K, reserved 1081344K
  class space    used 3627K, capacity 3814K, committed 3836K, reserved 1048576K
}
2017-03-31T05:00:56.446+0200: 517.173: Total time for which application threads were stopped: 0.0284396 seconds, Stopping threads took: 0.0000328 seconds
{Heap before GC invocations=443 (full 1):
 par new generation   total 109248K, used 100807K [0x00000000e0000000, 0x00000000e8000000, 0x00000000e8000000)
  eden space 87424K, 100% used [0x00000000e0000000, 0x00000000e5560000, 0x00000000e5560000)
  from space 21824K,  61% used [0x00000000e6ab0000, 0x00000000e77c1c40, 0x00000000e8000000)
  to   space 21824K,   0% used [0x00000000e5560000, 0x00000000e5560000, 0x00000000e6ab0000)
 concurrent mark-sweep generation total 393216K, used 15580K [0x00000000e8000000, 0x0000000100000000, 0x0000000100000000)
 Metaspace       used 34688K, capacity 35268K, committed 35552K, reserved 1081344K
  class space    used 3627K, capacity 3814K, committed 3836K, reserved 1048576K
2017-03-31T05:00:56.909+0200: 517.636: [GC (Allocation Failure) 2017-03-31T05:00:56.909+0200: 517.636: [ParNew
Desired survivor size 20112992 bytes, new threshold 8 (max 8)
- age   1:    4181648 bytes,    4181648 total
- age   2:    2210448 bytes,    6392096 total
- age   3:       3088 bytes,    6395184 total
- age   4:       6496 bytes,    6401680 total
- age   5:       7200 bytes,    6408880 total
- age   6:       5592 bytes,    6414472 total
- age   7:       4064 bytes,    6418536 total
- age   8:       6888 bytes,    6425424 total
: 100807K->8348K(109248K), 0.0399110 secs] 116387K->23935K(502464K), 0.0399815 secs] [Times: user=0.04 sys=0.00, real=0.04 secs] 
Heap after GC invocations=444 (full 1):
 par new generation   total 109248K, used 8348K [0x00000000e0000000, 0x00000000e8000000, 0x00000000e8000000)
  eden space 87424K,   0% used [0x00000000e0000000, 0x00000000e0000000, 0x00000000e5560000)
  from space 21824K,  38% used [0x00000000e5560000, 0x00000000e5d872a0, 0x00000000e6ab0000)
  to   space 21824K,   0% used [0x00000000e6ab0000, 0x00000000e6ab0000, 0x00000000e8000000)
 concurrent mark-sweep generation total 393216K, used 15587K [0x00000000e8000000, 0x0000000100000000, 0x0000000100000000)
 Metaspace       used 34688K, capacity 35268K, committed 35552K, reserved 1081344K
  class space    used 3627K, capacity 3814K, committed 3836K, reserved 1048576K
}
2017-03-31T05:00:56.949+0200: 517.676: Total time for which application threads were stopped: 0.0401550 seconds, Stopping threads took: 0.0000325 seconds
{Heap before GC invocations=444 (full 1):
 par new generation   total 109248K, used 95772K [0x00000000e0000000, 0x00000000e8000000, 0x00000000e8000000)
  eden space 87424K, 100% used [0x00000000e0000000, 0x00000000e5560000, 0x00000000e5560000)
  from space 21824K,  38% used [0x00000000e5560000, 0x00000000e5d872a0, 0x00000000e6ab0000)
  to   space 21824K,   0% used [0x00000000e6ab0000, 0x00000000e6ab0000, 0x00000000e8000000)
 concurrent mark-sweep generation total 393216K, used 15587K [0x00000000e8000000, 0x0000000100000000, 0x0000000100000000)
 Metaspace       used 34688K, capacity 35268K, committed 35552K, reserved 1081344K
  class space    used 3627K, capacity 3814K, committed 3836K, reserved 1048576K
2017-03-31T05:00:57.265+0200: 517.991: [GC (Allocation Failure) 2017-03-31T05:00:57.265+0200: 517.991: [ParNew
Desired survivor size 20112992 bytes, new threshold 8 (max 8)
- age   1:    3204152 bytes,    3204152 total
- age   2:    3722904 bytes,    6927056 total
- age   3:    1973232 bytes,    8900288 total
- age   4:       3088 bytes,    8903376 total
- age   5:       6496 bytes,    8909872 total
- age   6:       7176 bytes,    8917048 total
- age   7:       5592 bytes,    8922640 total
- age   8:       4064 bytes,    8926704 total
: 95772K->10036K(109248K), 0.0204054 secs] 111359K->25630K(502464K), 0.0204668 secs] [Times: user=0.02 sys=0.00, real=0.02 secs] 
Heap after GC invocations=445 (full 1):
 par new generation   total 109248K, used 10036K [0x00000000e0000000, 0x00000000e8000000, 0x00000000e8000000)
  eden space 87424K,   0% used [0x00000000e0000000, 0x00000000e0000000, 0x00000000e5560000)
  from space 21824K,  45% used [0x00000000e6ab0000, 0x00000000e747d068, 0x00000000e8000000)
  to   space 21824K,   0% used [0x00000000e5560000, 0x00000000e5560000, 0x00000000e6ab0000)
 concurrent mark-sweep generation total 393216K, used 15594K [0x00000000e8000000, 0x0000000100000000, 0x0000000100000000)
 Metaspace       used 34688K, capacity 35268K, committed 35552K, reserved 1081344K
  class space    used 3627K, capacity 3814K, committed 3836K, reserved 1048576K
}
2017-03-31T05:00:57.285+0200: 518.012: Total time for which application threads were stopped: 0.0206191 seconds, Stopping threads took: 0.0000185 seconds
{Heap before GC invocations=445 (full 1):
 par new generation   total 109248K, used 97431K [0x00000000e0000000, 0x00000000e8000000, 0x00000000e8000000)
  eden space 87424K,  99% used [0x00000000e0000000, 0x00000000e5558f38, 0x00000000e5560000)
  from space 21824K,  45% used [0x00000000e6ab0000, 0x00000000e747d068, 0x00000000e8000000)
  to   space 21824K,   0% used [0x00000000e5560000, 0x00000000e5560000, 0x00000000e6ab0000)
 concurrent mark-sweep generation total 393216K, used 15594K [0x00000000e8000000, 0x0000000100000000, 0x0000000100000000)
 Metaspace       used 34688K, capacity 35268K, committed 35552K, reserved 1081344K
  class space    used 3627K, capacity 3814K, committed 3836K, reserved 1048576K
2017-03-31T05:00:57.769+0200: 518.496: [GC (Allocation Failure) 2017-03-31T05:00:57.769+0200: 518.496: [ParNew
Desired survivor size 20112992 bytes, new threshold 8 (max 8)
- age   1:    3862752 bytes,    3862752 total
- age   2:    2737192 bytes,    6599944 total
- age   3:    1030440 bytes,    7630384 total
- age   4:       7120 bytes,    7637504 total
- age   5:       3088 bytes,    7640592 total
- age   6:       6112 bytes,    7646704 total
- age   7:       7152 bytes,    7653856 total
- age   8:       5592 bytes,    7659448 total
: 97431K->12792K(109248K), 0.0330077 secs] 113025K->28390K(502464K), 0.0330810 secs] [Times: user=0.03 sys=0.01, real=0.03 secs] 
Heap after GC invocations=446 (full 1):
 par new generation   total 109248K, used 12792K [0x00000000e0000000, 0x00000000e8000000, 0x00000000e8000000)
  eden space 87424K,   0% used [0x00000000e0000000, 0x00000000e0000000, 0x00000000e5560000)
  from space 21824K,  58% used [0x00000000e5560000, 0x00000000e61de318, 0x00000000e6ab0000)
  to   space 21824K,   0% used [0x00000000e6ab0000, 0x00000000e6ab0000, 0x00000000e8000000)
 concurrent mark-sweep generation total 393216K, used 15598K [0x00000000e8000000, 0x0000000100000000, 0x0000000100000000)
 Metaspace       used 34688K, capacity 35268K, committed 35552K, reserved 1081344K
  class space    used 3627K, capacity 3814K, committed 3836K, reserved 1048576K
}
2017-03-31T05:00:57.802+0200: 518.529: Total time for which application threads were stopped: 0.0332399 seconds, Stopping threads took: 0.0000316 seconds
{Heap before GC invocations=446 (full 1):
 par new generation   total 109248K, used 100204K [0x00000000e0000000, 0x00000000e8000000, 0x00000000e8000000)
  eden space 87424K,  99% used [0x00000000e0000000, 0x00000000e555d058, 0x00000000e5560000)
  from space 21824K,  58% used [0x00000000e5560000, 0x00000000e61de318, 0x00000000e6ab0000)
  to   space 21824K,   0% used [0x00000000e6ab0000, 0x00000000e6ab0000, 0x00000000e8000000)
 concurrent mark-sweep generation total 393216K, used 15598K [0x00000000e8000000, 0x0000000100000000, 0x0000000100000000)
 Metaspace       used 34688K, capacity 35268K, committed 35552K, reserved 1081344K
  class space    used 3627K, capacity 3814K, committed 3836K, reserved 1048576K
2017-03-31T05:00:58.290+0200: 519.017: [GC (Allocation Failure) 2017-03-31T05:00:58.290+0200: 519.017: [ParNew
Desired survivor size 20112992 bytes, new threshold 8 (max 8)
- age   1:    4564912 bytes,    4564912 total
- age   2:    2477328 bytes,    7042240 total
- age   3:       3728 bytes,    7045968 total
- age   4:       7144 bytes,    7053112 total
- age   5:       7120 bytes,    7060232 total
- age   6:       3088 bytes,    7063320 total
- age   7:       6112 bytes,    7069432 total
- age   8:       7152 bytes,    7076584 total
: 100204K->9243K(109248K), 0.0340003 secs] 115802K->24847K(502464K), 0.0340575 secs] [Times: user=0.04 sys=0.00, real=0.03 secs] 
Heap after GC invocations=447 (full 1):
 par new generation   total 109248K, used 9243K [0x00000000e0000000, 0x00000000e8000000, 0x00000000e8000000)
  eden space 87424K,   0% used [0x00000000e0000000, 0x00000000e0000000, 0x00000000e5560000)
  from space 21824K,  42% used [0x00000000e6ab0000, 0x00000000e73b6f00, 0x00000000e8000000)
  to   space 21824K,   0% used [0x00000000e5560000, 0x00000000e5560000, 0x00000000e6ab0000)
 concurrent mark-sweep generation total 393216K, used 15603K [0x00000000e8000000, 0x0000000100000000, 0x0000000100000000)
 Metaspace       used 34688K, capacity 35268K, committed 35552K, reserved 1081344K
  class space    used 3627K, capacity 3814K, committed 3836K, reserved 1048576K
}
2017-03-31T05:00:58.324+0200: 519.051: Total time for which application threads were stopped: 0.0362195 seconds, Stopping threads took: 0.0020160 seconds
{Heap before GC invocations=447 (full 1):
 par new generation   total 109248K, used 96667K [0x00000000e0000000, 0x00000000e8000000, 0x00000000e8000000)
  eden space 87424K, 100% used [0x00000000e0000000, 0x00000000e5560000, 0x00000000e5560000)
  from space 21824K,  42% used [0x00000000e6ab0000, 0x00000000e73b6f00, 0x00000000e8000000)
  to   space 21824K,   0% used [0x00000000e5560000, 0x00000000e5560000, 0x00000000e6ab0000)
 concurrent mark-sweep generation total 393216K, used 15603K [0x00000000e8000000, 0x0000000100000000, 0x0000000100000000)
 Metaspace       used 34688K, capacity 35268K, committed 35552K, reserved 1081344K
  class space    used 3627K, capacity 3814K, committed 3836K, reserved 1048576K
2017-03-31T05:00:58.699+0200: 519.426: [GC (Allocation Failure) 2017-03-31T05:00:58.699+0200: 519.426: [ParNew
Desired survivor size 20112992 bytes, new threshold 8 (max 8)
- age   1:    3368128 bytes,    3368128 total
- age   2:    2013272 bytes,    5381400 total
- age   3:      20600 bytes,    5402000 total
- age   4:       3728 bytes,    5405728 total
- age   5:       6888 bytes,    5412616 total
- age   6:       7096 bytes,    5419712 total
- age   7:       3088 bytes,    5422800 total
- age   8:       6088 bytes,    5428888 total
: 96667K->7910K(109248K), 0.0301462 secs] 112271K->23521K(502464K), 0.0302119 secs] [Times: user=0.03 sys=0.00, real=0.03 secs] 
Heap after GC invocations=448 (full 1):
 par new generation   total 109248K, used 7910K [0x00000000e0000000, 0x00000000e8000000, 0x00000000e8000000)
  eden space 87424K,   0% used [0x00000000e0000000, 0x00000000e0000000, 0x00000000e5560000)
  from space 21824K,  36% used [0x00000000e5560000, 0x00000000e5d19b28, 0x00000000e6ab0000)
  to   space 21824K,   0% used [0x00000000e6ab0000, 0x00000000e6ab0000, 0x00000000e8000000)
 concurrent mark-sweep generation total 393216K, used 15610K [0x00000000e8000000, 0x0000000100000000, 0x0000000100000000)
 Metaspace       used 34688K, capacity 35268K, committed 35552K, reserved 1081344K
  class space    used 3627K, capacity 3814K, committed 3836K, reserved 1048576K
}
2017-03-31T05:00:58.729+0200: 519.456: Total time for which application threads were stopped: 0.0303686 seconds, Stopping threads took: 0.0000191 seconds
{Heap before GC invocations=448 (full 1):
 par new generation   total 109248K, used 95334K [0x00000000e0000000, 0x00000000e8000000, 0x00000000e8000000)
  eden space 87424K, 100% used [0x00000000e0000000, 0x00000000e5560000, 0x00000000e5560000)
  from space 21824K,  36% used [0x00000000e5560000, 0x00000000e5d19b28, 0x00000000e6ab0000)
  to   space 21824K,   0% used [0x00000000e6ab0000, 0x00000000e6ab0000, 0x00000000e8000000)
 concurrent mark-sweep generation total 393216K, used 15610K [0x00000000e8000000, 0x0000000100000000, 0x0000000100000000)
 Metaspace       used 34688K, capacity 35268K, committed 35552K, reserved 1081344K
  class space    used 3627K, capacity 3814K, committed 3836K, reserved 1048576K
2017-03-31T05:00:59.120+0200: 519.846: [GC (Allocation Failure) 2017-03-31T05:00:59.120+0200: 519.846: [ParNew
Desired survivor size 20112992 bytes, new threshold 8 (max 8)
- age   1:    3521648 bytes,    3521648 total
- age   2:    2853552 bytes,    6375200 total
- age   3:    1619496 bytes,    7994696 total
- age   4:       6056 bytes,    8000752 total
- age   5:       3728 bytes,    8004480 total
- age   6:       6736 bytes,    8011216 total
- age   7:       7096 bytes,    8018312 total
- age   8:       3088 bytes,    8021400 total
: 95334K->10034K(109248K), 0.0516587 secs] 110945K->25651K(502464K), 0.0517325 secs] [Times: user=0.05 sys=0.00, real=0.05 secs] 
Heap after GC invocations=449 (full 1):
 par new generation   total 109248K, used 10034K [0x00000000e0000000, 0x00000000e8000000, 0x00000000e8000000)
  eden space 87424K,   0% used [0x00000000e0000000, 0x00000000e0000000, 0x00000000e5560000)
  from space 21824K,  45% used [0x00000000e6ab0000, 0x00000000e747cb50, 0x00000000e8000000)
  to   space 21824K,   0% used [0x00000000e5560000, 0x00000000e5560000, 0x00000000e6ab0000)
 concurrent mark-sweep generation total 393216K, used 15616K [0x00000000e8000000, 0x0000000100000000, 0x0000000100000000)
 Metaspace       used 34688K, capacity 35268K, committed 35552K, reserved 1081344K
  class space    used 3627K, capacity 3814K, committed 3836K, reserved 1048576K
}
2017-03-31T05:00:59.172+0200: 519.898: Total time for which application threads were stopped: 0.0518884 seconds, Stopping threads took: 0.0000308 seconds
{Heap before GC invocations=449 (full 1):
 par new generation   total 109248K, used 97458K [0x00000000e0000000, 0x00000000e8000000, 0x00000000e8000000)
  eden space 87424K, 100% used [0x00000000e0000000, 0x00000000e5560000, 0x00000000e5560000)
  from space 21824K,  45% used [0x00000000e6ab0000, 0x00000000e747cb50, 0x00000000e8000000)
  to   space 21824K,   0% used [0x00000000e5560000, 0x00000000e5560000, 0x00000000e6ab0000)
 concurrent mark-sweep generation total 393216K, used 15616K [0x00000000e8000000, 0x0000000100000000, 0x0000000100000000)
 Metaspace       used 34688K, capacity 35268K, committed 35552K, reserved 1081344K
  class space    used 3627K, capacity 3814K, committed 3836K, reserved 1048576K
2017-03-31T05:00:59.664+0200: 520.391: [GC (Allocation Failure) 2017-03-31T05:00:59.664+0200: 520.391: [ParNew
Desired survivor size 20112992 bytes, new threshold 8 (max 8)
- age   1:    4512496 bytes,    4512496 total
- age   2:    2835088 bytes,    7347584 total
- age   3:       4984 bytes,    7352568 total
- age   4:       7216 bytes,    7359784 total
- age   5:       5864 bytes,    7365648 total
- age   6:       3728 bytes,    7369376 total
- age   7:       6736 bytes,    7376112 total
- age   8:       7096 bytes,    7383208 total
: 97458K->11535K(109248K), 0.0318597 secs] 113075K->27155K(502464K), 0.0319414 secs] [Times: user=0.03 sys=0.00, real=0.03 secs] 
Heap after GC invocations=450 (full 1):
 par new generation   total 109248K, used 11535K [0x00000000e0000000, 0x00000000e8000000, 0x00000000e8000000)
  eden space 87424K,   0% used [0x00000000e0000000, 0x00000000e0000000, 0x00000000e5560000)
  from space 21824K,  52% used [0x00000000e5560000, 0x00000000e60a3ee8, 0x00000000e6ab0000)
  to   space 21824K,   0% used [0x00000000e6ab0000, 0x00000000e6ab0000, 0x00000000e8000000)
 concurrent mark-sweep generation total 393216K, used 15619K [0x00000000e8000000, 0x0000000100000000, 0x0000000100000000)
 Metaspace       used 34688K, capacity 35268K, committed 35552K, reserved 1081344K
  class space    used 3627K, capacity 3814K, committed 3836K, reserved 1048576K
}
2017-03-31T05:00:59.696+0200: 520.423: Total time for which application threads were stopped: 0.0321391 seconds, Stopping threads took: 0.0000340 seconds
{Heap before GC invocations=450 (full 1):
 par new generation   total 109248K, used 98959K [0x00000000e0000000, 0x00000000e8000000, 0x00000000e8000000)
  eden space 87424K, 100% used [0x00000000e0000000, 0x00000000e5560000, 0x00000000e5560000)
  from space 21824K,  52% used [0x00000000e5560000, 0x00000000e60a3ee8, 0x00000000e6ab0000)
  to   space 21824K,   0% used [0x00000000e6ab0000, 0x00000000e6ab0000, 0x00000000e8000000)
 concurrent mark-sweep generation total 393216K, used 15619K [0x00000000e8000000, 0x0000000100000000, 0x0000000100000000)
 Metaspace       used 34688K, capacity 35268K, committed 35552K, reserved 1081344K
  class space    used 3627K, capacity 3814K, committed 3836K, reserved 1048576K
2017-03-31T05:01:00.156+0200: 520.882: [GC (Allocation Failure) 2017-03-31T05:01:00.156+0200: 520.882: [ParNew
Desired survivor size 20112992 bytes, new threshold 8 (max 8)
- age   1:    4073208 bytes,    4073208 total
- age   2:    2208640 bytes,    6281848 total
- age   3:       5136 bytes,    6286984 total
- age   4:       4984 bytes,    6291968 total
- age   5:       6896 bytes,    6298864 total
- age   6:       5864 bytes,    6304728 total
- age   7:       3728 bytes,    6308456 total
- age   8:       6736 bytes,    6315192 total
: 98959K->8626K(109248K), 0.0267110 secs] 114579K->24252K(502464K), 0.0267756 secs] [Times: user=0.03 sys=0.00, real=0.03 secs] 
Heap after GC invocations=451 (full 1):
 par new generation   total 109248K, used 8626K [0x00000000e0000000, 0x00000000e8000000, 0x00000000e8000000)
  eden space 87424K,   0% used [0x00000000e0000000, 0x00000000e0000000, 0x00000000e5560000)
  from space 21824K,  39% used [0x00000000e6ab0000, 0x00000000e731c900, 0x00000000e8000000)
  to   space 21824K,   0% used [0x00000000e5560000, 0x00000000e5560000, 0x00000000e6ab0000)
 concurrent mark-sweep generation total 393216K, used 15626K [0x00000000e8000000, 0x0000000100000000, 0x0000000100000000)
 Metaspace       used 34688K, capacity 35268K, committed 35552K, reserved 1081344K
  class space    used 3627K, capacity 3814K, committed 3836K, reserved 1048576K
}
2017-03-31T05:01:00.182+0200: 520.909: Total time for which application threads were stopped: 0.0269276 seconds, Stopping threads took: 0.0000285 seconds
{Heap before GC invocations=451 (full 1):
 par new generation   total 109248K, used 96050K [0x00000000e0000000, 0x00000000e8000000, 0x00000000e8000000)
  eden space 87424K, 100% used [0x00000000e0000000, 0x00000000e5560000, 0x00000000e5560000)
  from space 21824K,  39% used [0x00000000e6ab0000, 0x00000000e731c900, 0x00000000e8000000)
  to   space 21824K,   0% used [0x00000000e5560000, 0x00000000e5560000, 0x00000000e6ab0000)
 concurrent mark-sweep generation total 393216K, used 15626K [0x00000000e8000000, 0x0000000100000000, 0x0000000100000000)
 Metaspace       used 34688K, capacity 35268K, committed 35552K, reserved 1081344K
  class space    used 3627K, capacity 3814K, committed 3836K, reserved 1048576K
2017-03-31T05:01:00.476+0200: 521.203: [GC (Allocation Failure) 2017-03-31T05:01:00.476+0200: 521.203: [ParNew
Desired survivor size 20112992 bytes, new threshold 8 (max 8)
- age   1:    3368856 bytes,    3368856 total
- age   2:    3744192 bytes,    7113048 total
- age   3:    1971704 bytes,    9084752 total
- age   4:       5136 bytes,    9089888 total
- age   5:       4984 bytes,    9094872 total
- age   6:       6872 bytes,    9101744 total
- age   7:       5864 bytes,    9107608 total
- age   8:       3728 bytes,    9111336 total
: 96050K->11113K(109248K), 0.0348027 secs] 111676K->26746K(502464K), 0.0348786 secs] [Times: user=0.03 sys=0.00, real=0.04 secs] 
Heap after GC invocations=452 (full 1):
 par new generation   total 109248K, used 11113K [0x00000000e0000000, 0x00000000e8000000, 0x00000000e8000000)
  eden space 87424K,   0% used [0x00000000e0000000, 0x00000000e0000000, 0x00000000e5560000)
  from space 21824K,  50% used [0x00000000e5560000, 0x00000000e603a660, 0x00000000e6ab0000)
  to   space 21824K,   0% used [0x00000000e6ab0000, 0x00000000e6ab0000, 0x00000000e8000000)
 concurrent mark-sweep generation total 393216K, used 15633K [0x00000000e8000000, 0x0000000100000000, 0x0000000100000000)
 Metaspace       used 34688K, capacity 35268K, committed 35552K, reserved 1081344K
  class space    used 3627K, capacity 3814K, committed 3836K, reserved 1048576K
}
2017-03-31T05:01:00.511+0200: 521.238: Total time for which application threads were stopped: 0.0350625 seconds, Stopping threads took: 0.0000311 seconds
{Heap before GC invocations=452 (full 1):
 par new generation   total 109248K, used 98537K [0x00000000e0000000, 0x00000000e8000000, 0x00000000e8000000)
  eden space 87424K, 100% used [0x00000000e0000000, 0x00000000e5560000, 0x00000000e5560000)
  from space 21824K,  50% used [0x00000000e5560000, 0x00000000e603a660, 0x00000000e6ab0000)
  to   space 21824K,   0% used [0x00000000e6ab0000, 0x00000000e6ab0000, 0x00000000e8000000)
 concurrent mark-sweep generation total 393216K, used 15633K [0x00000000e8000000, 0x0000000100000000, 0x0000000100000000)
 Metaspace       used 34688K, capacity 35268K, committed 35552K, reserved 1081344K
  class space    used 3627K, capacity 3814K, committed 3836K, reserved 1048576K
2017-03-31T05:01:01.025+0200: 521.751: [GC (Allocation Failure) 2017-03-31T05:01:01.025+0200: 521.751: [ParNew
Desired survivor size 20112992 bytes, new threshold 8 (max 8)
- age   1:    3741976 bytes,    3741976 total
- age   2:    2892464 bytes,    6634440 total
- age   3:    1044568 bytes,    7679008 total
- age   4:       6840 bytes,    7685848 total
- age   5:       5072 bytes,    7690920 total
- age   6:       4856 bytes,    7695776 total
- age   7:       6872 bytes,    7702648 total
- age   8:       5712 bytes,    7708360 total
: 98537K->13067K(109248K), 0.0454489 secs] 114170K->28704K(502464K), 0.0455169 secs] [Times: user=0.04 sys=0.01, real=0.05 secs] 
Heap after GC invocations=453 (full 1):
 par new generation   total 109248K, used 13067K [0x00000000e0000000, 0x00000000e8000000, 0x00000000e8000000)
  eden space 87424K,   0% used [0x00000000e0000000, 0x00000000e0000000, 0x00000000e5560000)
  from space 21824K,  59% used [0x00000000e6ab0000, 0x00000000e7772e50, 0x00000000e8000000)
  to   space 21824K,   0% used [0x00000000e5560000, 0x00000000e5560000, 0x00000000e6ab0000)
 concurrent mark-sweep generation total 393216K, used 15636K [0x00000000e8000000, 0x0000000100000000, 0x0000000100000000)
 Metaspace       used 34688K, capacity 35268K, committed 35552K, reserved 1081344K
  class space    used 3627K, capacity 3814K, committed 3836K, reserved 1048576K
}
2017-03-31T05:01:01.070+0200: 521.796: Total time for which application threads were stopped: 0.0456771 seconds, Stopping threads took: 0.0000325 seconds
{Heap before GC invocations=453 (full 1):
 par new generation   total 109248K, used 100466K [0x00000000e0000000, 0x00000000e8000000, 0x00000000e8000000)
  eden space 87424K,  99% used [0x00000000e0000000, 0x00000000e55599f0, 0x00000000e5560000)
  from space 21824K,  59% used [0x00000000e6ab0000, 0x00000000e7772e50, 0x00000000e8000000)
  to   space 21824K,   0% used [0x00000000e5560000, 0x00000000e5560000, 0x00000000e6ab0000)
 concurrent mark-sweep generation total 393216K, used 15636K [0x00000000e8000000, 0x0000000100000000, 0x0000000100000000)
 Metaspace       used 34688K, capacity 35268K, committed 35552K, reserved 1081344K
  class space    used 3627K, capacity 3814K, committed 3836K, reserved 1048576K
2017-03-31T05:01:01.577+0200: 522.304: [GC (Allocation Failure) 2017-03-31T05:01:01.577+0200: 522.304: [ParNew
Desired survivor size 20112992 bytes, new threshold 8 (max 8)
- age   1:    4624608 bytes,    4624608 total
- age   2:    2514456 bytes,    7139064 total
- age   3:       3808 bytes,    7142872 total
- age   4:       6856 bytes,    7149728 total
- age   5:       6648 bytes,    7156376 total
- age   6:       5072 bytes,    7161448 total
- age   7:       4856 bytes,    7166304 total
- age   8:       6848 bytes,    7173152 total
: 100466K->9371K(109248K), 0.0250296 secs] 116102K->25014K(502464K), 0.0251125 secs] [Times: user=0.02 sys=0.00, real=0.02 secs] 
Heap after GC invocations=454 (full 1):
 par new generation   total 109248K, used 9371K [0x00000000e0000000, 0x00000000e8000000, 0x00000000e8000000)
  eden space 87424K,   0% used [0x00000000e0000000, 0x00000000e0000000, 0x00000000e5560000)
  from space 21824K,  42% used [0x00000000e5560000, 0x00000000e5e86f30, 0x00000000e6ab0000)
  to   space 21824K,   0% used [0x00000000e6ab0000, 0x00000000e6ab0000, 0x00000000e8000000)
 concurrent mark-sweep generation total 393216K, used 15642K [0x00000000e8000000, 0x0000000100000000, 0x0000000100000000)
 Metaspace       used 34688K, capacity 35268K, committed 35552K, reserved 1081344K
  class space    used 3627K, capacity 3814K, committed 3836K, reserved 1048576K
}
2017-03-31T05:01:01.603+0200: 522.329: Total time for which application threads were stopped: 0.0341740 seconds, Stopping threads took: 0.0088874 seconds
{Heap before GC invocations=454 (full 1):
 par new generation   total 109248K, used 96795K [0x00000000e0000000, 0x00000000e8000000, 0x00000000e8000000)
  eden space 87424K, 100% used [0x00000000e0000000, 0x00000000e5560000, 0x00000000e5560000)
  from space 21824K,  42% used [0x00000000e5560000, 0x00000000e5e86f30, 0x00000000e6ab0000)
  to   space 21824K,   0% used [0x00000000e6ab0000, 0x00000000e6ab0000, 0x00000000e8000000)
 concurrent mark-sweep generation total 393216K, used 15642K [0x00000000e8000000, 0x0000000100000000, 0x0000000100000000)
 Metaspace       used 34688K, capacity 35268K, committed 35552K, reserved 1081344K
  class space    used 3627K, capacity 3814K, committed 3836K, reserved 1048576K
2017-03-31T05:01:02.006+0200: 522.733: [GC (Allocation Failure) 2017-03-31T05:01:02.006+0200: 522.733: [ParNew
Desired survivor size 20112992 bytes, new threshold 8 (max 8)
- age   1:    3455720 bytes,    3455720 total
- age   2:    1963688 bytes,    5419408 total
- age   3:      15464 bytes,    5434872 total
- age   4:       3808 bytes,    5438680 total
- age   5:       6664 bytes,    5445344 total
- age   6:       6648 bytes,    5451992 total
- age   7:       5072 bytes,    5457064 total
- age   8:       4856 bytes,    5461920 total
: 96795K->7128K(109248K), 0.0240723 secs] 112438K->22777K(502464K), 0.0241428 secs] [Times: user=0.02 sys=0.00, real=0.03 secs] 
Heap after GC invocations=455 (full 1):
 par new generation   total 109248K, used 7128K [0x00000000e0000000, 0x00000000e8000000, 0x00000000e8000000)
  eden space 87424K,   0% used [0x00000000e0000000, 0x00000000e0000000, 0x00000000e5560000)
  from space 21824K,  32% used [0x00000000e6ab0000, 0x00000000e71a6080, 0x00000000e8000000)
  to   space 21824K,   0% used [0x00000000e5560000, 0x00000000e5560000, 0x00000000e6ab0000)
 concurrent mark-sweep generation total 393216K, used 15649K [0x00000000e8000000, 0x0000000100000000, 0x0000000100000000)
 Metaspace       used 34688K, capacity 35268K, committed 35552K, reserved 1081344K
  class space    used 3627K, capacity 3814K, committed 3836K, reserved 1048576K
}
2017-03-31T05:01:02.030+0200: 522.757: Total time for which application threads were stopped: 0.0243168 seconds, Stopping threads took: 0.0000207 seconds
{Heap before GC invocations=455 (full 1):
 par new generation   total 109248K, used 94552K [0x00000000e0000000, 0x00000000e8000000, 0x00000000e8000000)
  eden space 87424K, 100% used [0x00000000e0000000, 0x00000000e5560000, 0x00000000e5560000)
  from space 21824K,  32% used [0x00000000e6ab0000, 0x00000000e71a6080, 0x00000000e8000000)
  to   space 21824K,   0% used [0x00000000e5560000, 0x00000000e5560000, 0x00000000e6ab0000)
 concurrent mark-sweep generation total 393216K, used 15649K [0x00000000e8000000, 0x0000000100000000, 0x0000000100000000)
 Metaspace       used 34688K, capacity 35268K, committed 35552K, reserved 1081344K
  class space    used 3627K, capacity 3814K, committed 3836K, reserved 1048576K
2017-03-31T05:01:02.427+0200: 523.154: [GC (Allocation Failure) 2017-03-31T05:01:02.428+0200: 523.154: [ParNew
Desired survivor size 20112992 bytes, new threshold 8 (max 8)
- age   1:    3648536 bytes,    3648536 total
- age   2:    2829184 bytes,    6477720 total
- age   3:    1639104 bytes,    8116824 total
- age   4:       6376 bytes,    8123200 total
- age   5:       3808 bytes,    8127008 total
- age   6:       6640 bytes,    8133648 total
- age   7:       6648 bytes,    8140296 total
- age   8:       5072 bytes,    8145368 total
: 94552K->9396K(109248K), 0.0331433 secs] 110201K->25050K(502464K), 0.0332106 secs] [Times: user=0.03 sys=0.00, real=0.04 secs] 
Heap after GC invocations=456 (full 1):
 par new generation   total 109248K, used 9396K [0x00000000e0000000, 0x00000000e8000000, 0x00000000e8000000)
  eden space 87424K,   0% used [0x00000000e0000000, 0x00000000e0000000, 0x00000000e5560000)
  from space 21824K,  43% used [0x00000000e5560000, 0x00000000e5e8d1d8, 0x00000000e6ab0000)
  to   space 21824K,   0% used [0x00000000e6ab0000, 0x00000000e6ab0000, 0x00000000e8000000)
 concurrent mark-sweep generation total 393216K, used 15654K [0x00000000e8000000, 0x0000000100000000, 0x0000000100000000)
 Metaspace       used 34688K, capacity 35268K, committed 35552K, reserved 1081344K
  class space    used 3627K, capacity 3814K, committed 3836K, reserved 1048576K
}
2017-03-31T05:01:02.461+0200: 523.187: Total time for which application threads were stopped: 0.0334932 seconds, Stopping threads took: 0.0000362 seconds
{Heap before GC invocations=456 (full 1):
 par new generation   total 109248K, used 96820K [0x00000000e0000000, 0x00000000e8000000, 0x00000000e8000000)
  eden space 87424K, 100% used [0x00000000e0000000, 0x00000000e5560000, 0x00000000e5560000)
  from space 21824K,  43% used [0x00000000e5560000, 0x00000000e5e8d1d8, 0x00000000e6ab0000)
  to   space 21824K,   0% used [0x00000000e6ab0000, 0x00000000e6ab0000, 0x00000000e8000000)
 concurrent mark-sweep generation total 393216K, used 15654K [0x00000000e8000000, 0x0000000100000000, 0x0000000100000000)
 Metaspace       used 34688K, capacity 35268K, committed 35552K, reserved 1081344K
  class space    used 3627K, capacity 3814K, committed 3836K, reserved 1048576K
2017-03-31T05:01:02.935+0200: 523.662: [GC (Allocation Failure) 2017-03-31T05:01:02.935+0200: 523.662: [ParNew
Desired survivor size 20112992 bytes, new threshold 8 (max 8)
- age   1:    4482360 bytes,    4482360 total
- age   2:    2875128 bytes,    7357488 total
- age   3:       4568 bytes,    7362056 total
- age   4:       7144 bytes,    7369200 total
- age   5:       6184 bytes,    7375384 total
- age   6:       3808 bytes,    7379192 total
- age   7:       6640 bytes,    7385832 total
- age   8:       6648 bytes,    7392480 total
: 96820K->11705K(109248K), 0.0273029 secs] 112474K->27364K(502464K), 0.0273782 secs] [Times: user=0.03 sys=0.00, real=0.03 secs] 
Heap after GC invocations=457 (full 1):
 par new generation   total 109248K, used 11705K [0x00000000e0000000, 0x00000000e8000000, 0x00000000e8000000)
  eden space 87424K,   0% used [0x00000000e0000000, 0x00000000e0000000, 0x00000000e5560000)
  from space 21824K,  53% used [0x00000000e6ab0000, 0x00000000e761e498, 0x00000000e8000000)
  to   space 21824K,   0% used [0x00000000e5560000, 0x00000000e5560000, 0x00000000e6ab0000)
 concurrent mark-sweep generation total 393216K, used 15658K [0x00000000e8000000, 0x0000000100000000, 0x0000000100000000)
 Metaspace       used 34688K, capacity 35268K, committed 35552K, reserved 1081344K
  class space    used 3627K, capacity 3814K, committed 3836K, reserved 1048576K
}
2017-03-31T05:01:02.963+0200: 523.689: Total time for which application threads were stopped: 0.0275388 seconds, Stopping threads took: 0.0000305 seconds
{Heap before GC invocations=457 (full 1):
 par new generation   total 109248K, used 99123K [0x00000000e0000000, 0x00000000e8000000, 0x00000000e8000000)
  eden space 87424K,  99% used [0x00000000e0000000, 0x00000000e555e878, 0x00000000e5560000)
  from space 21824K,  53% used [0x00000000e6ab0000, 0x00000000e761e498, 0x00000000e8000000)
  to   space 21824K,   0% used [0x00000000e5560000, 0x00000000e5560000, 0x00000000e6ab0000)
 concurrent mark-sweep generation total 393216K, used 15658K [0x00000000e8000000, 0x0000000100000000, 0x0000000100000000)
 Metaspace       used 34688K, capacity 35268K, committed 35552K, reserved 1081344K
  class space    used 3627K, capacity 3814K, committed 3836K, reserved 1048576K
2017-03-31T05:01:03.442+0200: 524.168: [GC (Allocation Failure) 2017-03-31T05:01:03.442+0200: 524.168: [ParNew
Desired survivor size 20112992 bytes, new threshold 8 (max 8)
- age   1:    4150920 bytes,    4150920 total
- age   2:    2232856 bytes,    6383776 total
- age   3:       4888 bytes,    6388664 total
- age   4:       4568 bytes,    6393232 total
- age   5:       6952 bytes,    6400184 total
- age   6:       6184 bytes,    6406368 total
- age   7:       3808 bytes,    6410176 total
- age   8:       6640 bytes,    6416816 total
: 99123K->9561K(109248K), 0.0285834 secs] 114782K->25227K(502464K), 0.0286452 secs] [Times: user=0.03 sys=0.00, real=0.03 secs] 
Heap after GC invocations=458 (full 1):
 par new generation   total 109248K, used 9561K [0x00000000e0000000, 0x00000000e8000000, 0x00000000e8000000)
  eden space 87424K,   0% used [0x00000000e0000000, 0x00000000e0000000, 0x00000000e5560000)
  from space 21824K,  43% used [0x00000000e5560000, 0x00000000e5eb66a8, 0x00000000e6ab0000)
  to   space 21824K,   0% used [0x00000000e6ab0000, 0x00000000e6ab0000, 0x00000000e8000000)
 concurrent mark-sweep generation total 393216K, used 15665K [0x00000000e8000000, 0x0000000100000000, 0x0000000100000000)
 Metaspace       used 34688K, capacity 35268K, committed 35552K, reserved 1081344K
  class space    used 3627K, capacity 3814K, committed 3836K, reserved 1048576K
}
2017-03-31T05:01:03.471+0200: 524.197: Total time for which application threads were stopped: 0.0447252 seconds, Stopping threads took: 0.0159354 seconds
{Heap before GC invocations=458 (full 1):
 par new generation   total 109248K, used 96985K [0x00000000e0000000, 0x00000000e8000000, 0x00000000e8000000)
  eden space 87424K, 100% used [0x00000000e0000000, 0x00000000e5560000, 0x00000000e5560000)
  from space 21824K,  43% used [0x00000000e5560000, 0x00000000e5eb66a8, 0x00000000e6ab0000)
  to   space 21824K,   0% used [0x00000000e6ab0000, 0x00000000e6ab0000, 0x00000000e8000000)
 concurrent mark-sweep generation total 393216K, used 15665K [0x00000000e8000000, 0x0000000100000000, 0x0000000100000000)
 Metaspace       used 34688K, capacity 35268K, committed 35552K, reserved 1081344K
  class space    used 3627K, capacity 3814K, committed 3836K, reserved 1048576K
2017-03-31T05:01:03.816+0200: 524.542: [GC (Allocation Failure) 2017-03-31T05:01:03.816+0200: 524.542: [ParNew
Desired survivor size 20112992 bytes, new threshold 8 (max 8)
- age   1:    3616920 bytes,    3616920 total
- age   2:    3712808 bytes,    7329728 total
- age   3:    1998392 bytes,    9328120 total
- age   4:       4888 bytes,    9333008 total
- age   5:       4568 bytes,    9337576 total
- age   6:       6952 bytes,    9344528 total
- age   7:       6184 bytes,    9350712 total
- age   8:       3808 bytes,    9354520 total
: 96985K->10961K(109248K), 0.0237369 secs] 112651K->26633K(502464K), 0.0238087 secs] [Times: user=0.02 sys=0.00, real=0.02 secs] 
Heap after GC invocations=459 (full 1):
 par new generation   total 109248K, used 10961K [0x00000000e0000000, 0x00000000e8000000, 0x00000000e8000000)
  eden space 87424K,   0% used [0x00000000e0000000, 0x00000000e0000000, 0x00000000e5560000)
  from space 21824K,  50% used [0x00000000e6ab0000, 0x00000000e7564530, 0x00000000e8000000)
  to   space 21824K,   0% used [0x00000000e5560000, 0x00000000e5560000, 0x00000000e6ab0000)
 concurrent mark-sweep generation total 393216K, used 15672K [0x00000000e8000000, 0x0000000100000000, 0x0000000100000000)
 Metaspace       used 34688K, capacity 35268K, committed 35552K, reserved 1081344K
  class space    used 3627K, capacity 3814K, committed 3836K, reserved 1048576K
}
2017-03-31T05:01:03.840+0200: 524.566: Total time for which application threads were stopped: 0.0239600 seconds, Stopping threads took: 0.0000210 seconds
{Heap before GC invocations=459 (full 1):
 par new generation   total 109248K, used 98385K [0x00000000e0000000, 0x00000000e8000000, 0x00000000e8000000)
  eden space 87424K, 100% used [0x00000000e0000000, 0x00000000e5560000, 0x00000000e5560000)
  from space 21824K,  50% used [0x00000000e6ab0000, 0x00000000e7564530, 0x00000000e8000000)
  to   space 21824K,   0% used [0x00000000e5560000, 0x00000000e5560000, 0x00000000e6ab0000)
 concurrent mark-sweep generation total 393216K, used 15672K [0x00000000e8000000, 0x0000000100000000, 0x0000000100000000)
 Metaspace       used 34688K, capacity 35268K, committed 35552K, reserved 1081344K
  class space    used 3627K, capacity 3814K, committed 3836K, reserved 1048576K
2017-03-31T05:01:04.279+0200: 525.005: [GC (Allocation Failure) 2017-03-31T05:01:04.279+0200: 525.005: [ParNew
Desired survivor size 20112992 bytes, new threshold 8 (max 8)
- age   1:    3959792 bytes,    3959792 total
- age   2:    2845160 bytes,    6804952 total
- age   3:    1102776 bytes,    7907728 total
- age   4:       6896 bytes,    7914624 total
- age   5:       4888 bytes,    7919512 total
- age   6:       4376 bytes,    7923888 total
- age   7:       6952 bytes,    7930840 total
- age   8:       5992 bytes,    7936832 total
: 98385K->13055K(109248K), 0.0294423 secs] 114057K->28731K(502464K), 0.0294949 secs] [Times: user=0.03 sys=0.01, real=0.02 secs] 
Heap after GC invocations=460 (full 1):
 par new generation   total 109248K, used 13055K [0x00000000e0000000, 0x00000000e8000000, 0x00000000e8000000)
  eden space 87424K,   0% used [0x00000000e0000000, 0x00000000e0000000, 0x00000000e5560000)
  from space 21824K,  59% used [0x00000000e5560000, 0x00000000e621ff10, 0x00000000e6ab0000)
  to   space 21824K,   0% used [0x00000000e6ab0000, 0x00000000e6ab0000, 0x00000000e8000000)
 concurrent mark-sweep generation total 393216K, used 15675K [0x00000000e8000000, 0x0000000100000000, 0x0000000100000000)
 Metaspace       used 34688K, capacity 35268K, committed 35552K, reserved 1081344K
  class space    used 3627K, capacity 3814K, committed 3836K, reserved 1048576K
}
2017-03-31T05:01:04.308+0200: 525.035: Total time for which application threads were stopped: 0.0316615 seconds, Stopping threads took: 0.0020214 seconds
{Heap before GC invocations=460 (full 1):
 par new generation   total 109248K, used 100479K [0x00000000e0000000, 0x00000000e8000000, 0x00000000e8000000)
  eden space 87424K, 100% used [0x00000000e0000000, 0x00000000e5560000, 0x00000000e5560000)
  from space 21824K,  59% used [0x00000000e5560000, 0x00000000e621ff10, 0x00000000e6ab0000)
  to   space 21824K,   0% used [0x00000000e6ab0000, 0x00000000e6ab0000, 0x00000000e8000000)
 concurrent mark-sweep generation total 393216K, used 15675K [0x00000000e8000000, 0x0000000100000000, 0x0000000100000000)
 Metaspace       used 34688K, capacity 35268K, committed 35552K, reserved 1081344K
  class space    used 3627K, capacity 3814K, committed 3836K, reserved 1048576K
2017-03-31T05:01:04.829+0200: 525.556: [GC (Allocation Failure) 2017-03-31T05:01:04.829+0200: 525.556: [ParNew
Desired survivor size 20112992 bytes, new threshold 8 (max 8)
- age   1:    4835856 bytes,    4835856 total
- age   2:    2533072 bytes,    7368928 total
- age   3:       4016 bytes,    7372944 total
- age   4:       6952 bytes,    7379896 total
- age   5:       6680 bytes,    7386576 total
- age   6:       4888 bytes,    7391464 total
- age   7:       4376 bytes,    7395840 total
- age   8:       6928 bytes,    7402768 total
: 100479K->10457K(109248K), 0.0333091 secs] 116155K->26139K(502464K), 0.0333777 secs] [Times: user=0.03 sys=0.00, real=0.03 secs] 
Heap after GC invocations=461 (full 1):
 par new generation   total 109248K, used 10457K [0x00000000e0000000, 0x00000000e8000000, 0x00000000e8000000)
  eden space 87424K,   0% used [0x00000000e0000000, 0x00000000e0000000, 0x00000000e5560000)
  from space 21824K,  47% used [0x00000000e6ab0000, 0x00000000e74e66f0, 0x00000000e8000000)
  to   space 21824K,   0% used [0x00000000e5560000, 0x00000000e5560000, 0x00000000e6ab0000)
 concurrent mark-sweep generation total 393216K, used 15681K [0x00000000e8000000, 0x0000000100000000, 0x0000000100000000)
 Metaspace       used 34688K, capacity 35268K, committed 35552K, reserved 1081344K
  class space    used 3627K, capacity 3814K, committed 3836K, reserved 1048576K
}
2017-03-31T05:01:04.863+0200: 525.589: Total time for which application threads were stopped: 0.0372056 seconds, Stopping threads took: 0.0036789 seconds
{Heap before GC invocations=461 (full 1):
 par new generation   total 109248K, used 97881K [0x00000000e0000000, 0x00000000e8000000, 0x00000000e8000000)
  eden space 87424K, 100% used [0x00000000e0000000, 0x00000000e5560000, 0x00000000e5560000)
  from space 21824K,  47% used [0x00000000e6ab0000, 0x00000000e74e66f0, 0x00000000e8000000)
  to   space 21824K,   0% used [0x00000000e5560000, 0x00000000e5560000, 0x00000000e6ab0000)
 concurrent mark-sweep generation total 393216K, used 15681K [0x00000000e8000000, 0x0000000100000000, 0x0000000100000000)
 Metaspace       used 34688K, capacity 35268K, committed 35552K, reserved 1081344K
  class space    used 3627K, capacity 3814K, committed 3836K, reserved 1048576K
2017-03-31T05:01:05.272+0200: 525.999: [GC (Allocation Failure) 2017-03-31T05:01:05.272+0200: 525.999: [ParNew
Desired survivor size 20112992 bytes, new threshold 8 (max 8)
- age   1:    3386088 bytes,    3386088 total
- age   2:    2013480 bytes,    5399568 total
- age   3:      21024 bytes,    5420592 total
- age   4:       4016 bytes,    5424608 total
- age   5:       6568 bytes,    5431176 total
- age   6:       6592 bytes,    5437768 total
- age   7:       4888 bytes,    5442656 total
- age   8:       4376 bytes,    5447032 total
: 97881K->8238K(109248K), 0.0384008 secs] 113563K->23927K(502464K), 0.0384594 secs] [Times: user=0.04 sys=0.00, real=0.04 secs] 
Heap after GC invocations=462 (full 1):
 par new generation   total 109248K, used 8238K [0x00000000e0000000, 0x00000000e8000000, 0x00000000e8000000)
  eden space 87424K,   0% used [0x00000000e0000000, 0x00000000e0000000, 0x00000000e5560000)
  from space 21824K,  37% used [0x00000000e5560000, 0x00000000e5d6bb30, 0x00000000e6ab0000)
  to   space 21824K,   0% used [0x00000000e6ab0000, 0x00000000e6ab0000, 0x00000000e8000000)
 concurrent mark-sweep generation total 393216K, used 15688K [0x00000000e8000000, 0x0000000100000000, 0x0000000100000000)
 Metaspace       used 34688K, capacity 35268K, committed 35552K, reserved 1081344K
  class space    used 3627K, capacity 3814K, committed 3836K, reserved 1048576K
}
2017-03-31T05:01:05.311+0200: 526.037: Total time for which application threads were stopped: 0.0386156 seconds, Stopping threads took: 0.0000199 seconds
{Heap before GC invocations=462 (full 1):
 par new generation   total 109248K, used 95662K [0x00000000e0000000, 0x00000000e8000000, 0x00000000e8000000)
  eden space 87424K, 100% used [0x00000000e0000000, 0x00000000e5560000, 0x00000000e5560000)
  from space 21824K,  37% used [0x00000000e5560000, 0x00000000e5d6bb30, 0x00000000e6ab0000)
  to   space 21824K,   0% used [0x00000000e6ab0000, 0x00000000e6ab0000, 0x00000000e8000000)
 concurrent mark-sweep generation total 393216K, used 15688K [0x00000000e8000000, 0x0000000100000000, 0x0000000100000000)
 Metaspace       used 34688K, capacity 35268K, committed 35552K, reserved 1081344K
  class space    used 3627K, capacity 3814K, committed 3836K, reserved 1048576K
2017-03-31T05:01:05.698+0200: 526.424: [GC (Allocation Failure) 2017-03-31T05:01:05.698+0200: 526.424: [ParNew
Desired survivor size 20112992 bytes, new threshold 8 (max 8)
- age   1:    3511512 bytes,    3511512 total
- age   2:    2860768 bytes,    6372280 total
- age   3:    1622832 bytes,    7995112 total
- age   4:      11936 bytes,    8007048 total
- age   5:       4016 bytes,    8011064 total
- age   6:       6544 bytes,    8017608 total
- age   7:       6592 bytes,    8024200 total
- age   8:       4888 bytes,    8029088 total
: 95662K->9670K(109248K), 0.0290071 secs] 111351K->25363K(502464K), 0.0290798 secs] [Times: user=0.04 sys=0.00, real=0.03 secs] 
Heap after GC invocations=463 (full 1):
 par new generation   total 109248K, used 9670K [0x00000000e0000000, 0x00000000e8000000, 0x00000000e8000000)
  eden space 87424K,   0% used [0x00000000e0000000, 0x00000000e0000000, 0x00000000e5560000)
  from space 21824K,  44% used [0x00000000e6ab0000, 0x00000000e7421960, 0x00000000e8000000)
  to   space 21824K,   0% used [0x00000000e5560000, 0x00000000e5560000, 0x00000000e6ab0000)
 concurrent mark-sweep generation total 393216K, used 15692K [0x00000000e8000000, 0x0000000100000000, 0x0000000100000000)
 Metaspace       used 34688K, capacity 35268K, committed 35552K, reserved 1081344K
  class space    used 3627K, capacity 3814K, committed 3836K, reserved 1048576K
}
2017-03-31T05:01:05.727+0200: 526.453: Total time for which application threads were stopped: 0.0292278 seconds, Stopping threads took: 0.0000282 seconds
{Heap before GC invocations=463 (full 1):
 par new generation   total 109248K, used 97094K [0x00000000e0000000, 0x00000000e8000000, 0x00000000e8000000)
  eden space 87424K, 100% used [0x00000000e0000000, 0x00000000e5560000, 0x00000000e5560000)
  from space 21824K,  44% used [0x00000000e6ab0000, 0x00000000e7421960, 0x00000000e8000000)
  to   space 21824K,   0% used [0x00000000e5560000, 0x00000000e5560000, 0x00000000e6ab0000)
 concurrent mark-sweep generation total 393216K, used 15692K [0x00000000e8000000, 0x0000000100000000, 0x0000000100000000)
 Metaspace       used 34688K, capacity 35268K, committed 35552K, reserved 1081344K
  class space    used 3627K, capacity 3814K, committed 3836K, reserved 1048576K
2017-03-31T05:01:06.234+0200: 526.960: [GC (Allocation Failure) 2017-03-31T05:01:06.234+0200: 526.960: [ParNew
Desired survivor size 20112992 bytes, new threshold 8 (max 8)
- age   1:    4473176 bytes,    4473176 total
- age   2:    2829560 bytes,    7302736 total
- age   3:       4896 bytes,    7307632 total
- age   4:      13216 bytes,    7320848 total
- age   5:      11120 bytes,    7331968 total
- age   6:       4016 bytes,    7335984 total
- age   7:       6544 bytes,    7342528 total
- age   8:       6592 bytes,    7349120 total
: 97094K->11105K(109248K), 0.0258912 secs] 112787K->26803K(502464K), 0.0259557 secs] [Times: user=0.02 sys=0.00, real=0.03 secs] 
Heap after GC invocations=464 (full 1):
 par new generation   total 109248K, used 11105K [0x00000000e0000000, 0x00000000e8000000, 0x00000000e8000000)
  eden space 87424K,   0% used [0x00000000e0000000, 0x00000000e0000000, 0x00000000e5560000)
  from space 21824K,  50% used [0x00000000e5560000, 0x00000000e6038600, 0x00000000e6ab0000)
  to   space 21824K,   0% used [0x00000000e6ab0000, 0x00000000e6ab0000, 0x00000000e8000000)
 concurrent mark-sweep generation total 393216K, used 15697K [0x00000000e8000000, 0x0000000100000000, 0x0000000100000000)
 Metaspace       used 34688K, capacity 35268K, committed 35552K, reserved 1081344K
  class space    used 3627K, capacity 3814K, committed 3836K, reserved 1048576K
}
2017-03-31T05:01:06.260+0200: 526.986: Total time for which application threads were stopped: 0.0261499 seconds, Stopping threads took: 0.0000315 seconds
{Heap before GC invocations=464 (full 1):
 par new generation   total 109248K, used 98529K [0x00000000e0000000, 0x00000000e8000000, 0x00000000e8000000)
  eden space 87424K, 100% used [0x00000000e0000000, 0x00000000e5560000, 0x00000000e5560000)
  from space 21824K,  50% used [0x00000000e5560000, 0x00000000e6038600, 0x00000000e6ab0000)
  to   space 21824K,   0% used [0x00000000e6ab0000, 0x00000000e6ab0000, 0x00000000e8000000)
 concurrent mark-sweep generation total 393216K, used 15697K [0x00000000e8000000, 0x0000000100000000, 0x0000000100000000)
 Metaspace       used 34688K, capacity 35268K, committed 35552K, reserved 1081344K
  class space    used 3627K, capacity 3814K, committed 3836K, reserved 1048576K
2017-03-31T05:01:06.754+0200: 527.480: [GC (Allocation Failure) 2017-03-31T05:01:06.754+0200: 527.480: [ParNew
Desired survivor size 20112992 bytes, new threshold 8 (max 8)
- age   1:    4572640 bytes,    4572640 total
- age   2:    2207248 bytes,    6779888 total
- age   3:       4808 bytes,    6784696 total
- age   4:       4896 bytes,    6789592 total
- age   5:      13152 bytes,    6802744 total
- age   6:       5472 bytes,    6808216 total
- age   7:       4016 bytes,    6812232 total
- age   8:       6544 bytes,    6818776 total
: 98529K->9296K(109248K), 0.0440677 secs] 114227K->25001K(502464K), 0.0441431 secs] [Times: user=0.04 sys=0.01, real=0.04 secs] 
Heap after GC invocations=465 (full 1):
 par new generation   total 109248K, used 9296K [0x00000000e0000000, 0x00000000e8000000, 0x00000000e8000000)
  eden space 87424K,   0% used [0x00000000e0000000, 0x00000000e0000000, 0x00000000e5560000)
  from space 21824K,  42% used [0x00000000e6ab0000, 0x00000000e73c43e8, 0x00000000e8000000)
  to   space 21824K,   0% used [0x00000000e5560000, 0x00000000e5560000, 0x00000000e6ab0000)
 concurrent mark-sweep generation total 393216K, used 15704K [0x00000000e8000000, 0x0000000100000000, 0x0000000100000000)
 Metaspace       used 34688K, capacity 35268K, committed 35552K, reserved 1081344K
  class space    used 3627K, capacity 3814K, committed 3836K, reserved 1048576K
}
2017-03-31T05:01:06.798+0200: 527.524: Total time for which application threads were stopped: 0.0532359 seconds, Stopping threads took: 0.0089355 seconds
{Heap before GC invocations=465 (full 1):
 par new generation   total 109248K, used 96705K [0x00000000e0000000, 0x00000000e8000000, 0x00000000e8000000)
  eden space 87424K,  99% used [0x00000000e0000000, 0x00000000e555c0c0, 0x00000000e5560000)
  from space 21824K,  42% used [0x00000000e6ab0000, 0x00000000e73c43e8, 0x00000000e8000000)
  to   space 21824K,   0% used [0x00000000e5560000, 0x00000000e5560000, 0x00000000e6ab0000)
 concurrent mark-sweep generation total 393216K, used 15704K [0x00000000e8000000, 0x0000000100000000, 0x0000000100000000)
 Metaspace       used 34688K, capacity 35268K, committed 35552K, reserved 1081344K
  class space    used 3627K, capacity 3814K, committed 3836K, reserved 1048576K
2017-03-31T05:01:07.137+0200: 527.863: [GC (Allocation Failure) 2017-03-31T05:01:07.137+0200: 527.863: [ParNew
Desired survivor size 20112992 bytes, new threshold 8 (max 8)
- age   1:    3505656 bytes,    3505656 total
- age   2:    3817896 bytes,    7323552 total
- age   3:    1982600 bytes,    9306152 total
- age   4:       4808 bytes,    9310960 total
- age   5:       4896 bytes,    9315856 total
- age   6:      13152 bytes,    9329008 total
- age   7:       5448 bytes,    9334456 total
- age   8:       4016 bytes,    9338472 total
: 96705K->10862K(109248K), 0.0327018 secs] 112409K->26573K(502464K), 0.0327739 secs] [Times: user=0.03 sys=0.00, real=0.02 secs] 
Heap after GC invocations=466 (full 1):
 par new generation   total 109248K, used 10862K [0x00000000e0000000, 0x00000000e8000000, 0x00000000e8000000)
  eden space 87424K,   0% used [0x00000000e0000000, 0x00000000e0000000, 0x00000000e5560000)
  from space 21824K,  49% used [0x00000000e5560000, 0x00000000e5ffb9a8, 0x00000000e6ab0000)
  to   space 21824K,   0% used [0x00000000e6ab0000, 0x00000000e6ab0000, 0x00000000e8000000)
 concurrent mark-sweep generation total 393216K, used 15710K [0x00000000e8000000, 0x0000000100000000, 0x0000000100000000)
 Metaspace       used 34688K, capacity 35268K, committed 35552K, reserved 1081344K
  class space    used 3627K, capacity 3814K, committed 3836K, reserved 1048576K
}
2017-03-31T05:01:07.170+0200: 527.896: Total time for which application threads were stopped: 0.0329463 seconds, Stopping threads took: 0.0000285 seconds
{Heap before GC invocations=466 (full 1):
 par new generation   total 109248K, used 98286K [0x00000000e0000000, 0x00000000e8000000, 0x00000000e8000000)
  eden space 87424K, 100% used [0x00000000e0000000, 0x00000000e5560000, 0x00000000e5560000)
  from space 21824K,  49% used [0x00000000e5560000, 0x00000000e5ffb9a8, 0x00000000e6ab0000)
  to   space 21824K,   0% used [0x00000000e6ab0000, 0x00000000e6ab0000, 0x00000000e8000000)
 concurrent mark-sweep generation total 393216K, used 15710K [0x00000000e8000000, 0x0000000100000000, 0x0000000100000000)
 Metaspace       used 34688K, capacity 35268K, committed 35552K, reserved 1081344K
  class space    used 3627K, capacity 3814K, committed 3836K, reserved 1048576K
2017-03-31T05:01:07.661+0200: 528.387: [GC (Allocation Failure) 2017-03-31T05:01:07.661+0200: 528.387: [ParNew
Desired survivor size 20112992 bytes, new threshold 8 (max 8)
- age   1:    3907232 bytes,    3907232 total
- age   2:    2790608 bytes,    6697840 total
- age   3:    1129864 bytes,    7827704 total
- age   4:      12960 bytes,    7840664 total
- age   5:       4808 bytes,    7845472 total
- age   6:       4704 bytes,    7850176 total
- age   7:      13128 bytes,    7863304 total
- age   8:       5448 bytes,    7868752 total
: 98286K->13431K(109248K), 0.0322819 secs] 113997K->29146K(502464K), 0.0323463 secs] [Times: user=0.03 sys=0.00, real=0.04 secs] 
Heap after GC invocations=467 (full 1):
 par new generation   total 109248K, used 13431K [0x00000000e0000000, 0x00000000e8000000, 0x00000000e8000000)
  eden space 87424K,   0% used [0x00000000e0000000, 0x00000000e0000000, 0x00000000e5560000)
  from space 21824K,  61% used [0x00000000e6ab0000, 0x00000000e77cdf30, 0x00000000e8000000)
  to   space 21824K,   0% used [0x00000000e5560000, 0x00000000e5560000, 0x00000000e6ab0000)
 concurrent mark-sweep generation total 393216K, used 15714K [0x00000000e8000000, 0x0000000100000000, 0x0000000100000000)
 Metaspace       used 34688K, capacity 35268K, committed 35552K, reserved 1081344K
  class space    used 3627K, capacity 3814K, committed 3836K, reserved 1048576K
}
2017-03-31T05:01:07.693+0200: 528.419: Total time for which application threads were stopped: 0.0325601 seconds, Stopping threads took: 0.0000623 seconds
{Heap before GC invocations=467 (full 1):
 par new generation   total 109248K, used 100841K [0x00000000e0000000, 0x00000000e8000000, 0x00000000e8000000)
  eden space 87424K,  99% used [0x00000000e0000000, 0x00000000e555c718, 0x00000000e5560000)
  from space 21824K,  61% used [0x00000000e6ab0000, 0x00000000e77cdf30, 0x00000000e8000000)
  to   space 21824K,   0% used [0x00000000e5560000, 0x00000000e5560000, 0x00000000e6ab0000)
 concurrent mark-sweep generation total 393216K, used 15714K [0x00000000e8000000, 0x0000000100000000, 0x0000000100000000)
 Metaspace       used 34688K, capacity 35268K, committed 35552K, reserved 1081344K
  class space    used 3627K, capacity 3814K, committed 3836K, reserved 1048576K
2017-03-31T05:01:08.190+0200: 528.916: [GC (Allocation Failure) 2017-03-31T05:01:08.190+0200: 528.916: [ParNew
Desired survivor size 20112992 bytes, new threshold 8 (max 8)
- age   1:    4459288 bytes,    4459288 total
- age   2:    2569824 bytes,    7029112 total
- age   3:       3872 bytes,    7032984 total
- age   4:       6688 bytes,    7039672 total
- age   5:      12744 bytes,    7052416 total
- age   6:       4808 bytes,    7057224 total
- age   7:       4512 bytes,    7061736 total
- age   8:      13000 bytes,    7074736 total
: 100841K->9599K(109248K), 0.0246309 secs] 116556K->25319K(502464K), 0.0247063 secs] [Times: user=0.03 sys=0.00, real=0.02 secs] 
Heap after GC invocations=468 (full 1):
 par new generation   total 109248K, used 9599K [0x00000000e0000000, 0x00000000e8000000, 0x00000000e8000000)
  eden space 87424K,   0% used [0x00000000e0000000, 0x00000000e0000000, 0x00000000e5560000)
  from space 21824K,  43% used [0x00000000e5560000, 0x00000000e5ebff10, 0x00000000e6ab0000)
  to   space 21824K,   0% used [0x00000000e6ab0000, 0x00000000e6ab0000, 0x00000000e8000000)
 concurrent mark-sweep generation total 393216K, used 15719K [0x00000000e8000000, 0x0000000100000000, 0x0000000100000000)
 Metaspace       used 34688K, capacity 35268K, committed 35552K, reserved 1081344K
  class space    used 3627K, capacity 3814K, committed 3836K, reserved 1048576K
}
2017-03-31T05:01:08.214+0200: 528.941: Total time for which application threads were stopped: 0.0250419 seconds, Stopping threads took: 0.0000916 seconds
{Heap before GC invocations=468 (full 1):
 par new generation   total 109248K, used 97023K [0x00000000e0000000, 0x00000000e8000000, 0x00000000e8000000)
  eden space 87424K, 100% used [0x00000000e0000000, 0x00000000e5560000, 0x00000000e5560000)
  from space 21824K,  43% used [0x00000000e5560000, 0x00000000e5ebff10, 0x00000000e6ab0000)
  to   space 21824K,   0% used [0x00000000e6ab0000, 0x00000000e6ab0000, 0x00000000e8000000)
 concurrent mark-sweep generation total 393216K, used 15719K [0x00000000e8000000, 0x0000000100000000, 0x0000000100000000)
 Metaspace       used 34688K, capacity 35268K, committed 35552K, reserved 1081344K
  class space    used 3627K, capacity 3814K, committed 3836K, reserved 1048576K
2017-03-31T05:01:08.613+0200: 529.339: [GC (Allocation Failure) 2017-03-31T05:01:08.613+0200: 529.339: [ParNew
Desired survivor size 20112992 bytes, new threshold 8 (max 8)
- age   1:    3422680 bytes,    3422680 total
- age   2:    1986816 bytes,    5409496 total
- age   3:      17504 bytes,    5427000 total
- age   4:       3872 bytes,    5430872 total
- age   5:       6664 bytes,    5437536 total
- age   6:       6816 bytes,    5444352 total
- age   7:       4808 bytes,    5449160 total
- age   8:       4512 bytes,    5453672 total
: 97023K->7989K(109248K), 0.0442839 secs] 112743K->23722K(502464K), 0.0443535 secs] [Times: user=0.04 sys=0.00, real=0.05 secs] 
Heap after GC invocations=469 (full 1):
 par new generation   total 109248K, used 7989K [0x00000000e0000000, 0x00000000e8000000, 0x00000000e8000000)
  eden space 87424K,   0% used [0x00000000e0000000, 0x00000000e0000000, 0x00000000e5560000)
  from space 21824K,  36% used [0x00000000e6ab0000, 0x00000000e727d550, 0x00000000e8000000)
  to   space 21824K,   0% used [0x00000000e5560000, 0x00000000e5560000, 0x00000000e6ab0000)
 concurrent mark-sweep generation total 393216K, used 15733K [0x00000000e8000000, 0x0000000100000000, 0x0000000100000000)
 Metaspace       used 34688K, capacity 35268K, committed 35552K, reserved 1081344K
  class space    used 3627K, capacity 3814K, committed 3836K, reserved 1048576K
}
2017-03-31T05:01:08.657+0200: 529.384: Total time for which application threads were stopped: 0.0445428 seconds, Stopping threads took: 0.0000284 seconds
{Heap before GC invocations=469 (full 1):
 par new generation   total 109248K, used 95413K [0x00000000e0000000, 0x00000000e8000000, 0x00000000e8000000)
  eden space 87424K, 100% used [0x00000000e0000000, 0x00000000e5560000, 0x00000000e5560000)
  from space 21824K,  36% used [0x00000000e6ab0000, 0x00000000e727d550, 0x00000000e8000000)
  to   space 21824K,   0% used [0x00000000e5560000, 0x00000000e5560000, 0x00000000e6ab0000)
 concurrent mark-sweep generation total 393216K, used 15733K [0x00000000e8000000, 0x0000000100000000, 0x0000000100000000)
 Metaspace       used 34688K, capacity 35268K, committed 35552K, reserved 1081344K
  class space    used 3627K, capacity 3814K, committed 3836K, reserved 1048576K
2017-03-31T05:01:09.058+0200: 529.785: [GC (Allocation Failure) 2017-03-31T05:01:09.058+0200: 529.785: [ParNew
Desired survivor size 20112992 bytes, new threshold 8 (max 8)
- age   1:    3536368 bytes,    3536368 total
- age   2:    2887080 bytes,    6423448 total
- age   3:    1597016 bytes,    8020464 total
- age   4:       6176 bytes,    8026640 total
- age   5:       3872 bytes,    8030512 total
- age   6:       6664 bytes,    8037176 total
- age   7:       6816 bytes,    8043992 total
- age   8:       4808 bytes,    8048800 total
: 95413K->10097K(109248K), 0.0199665 secs] 111146K->25834K(502464K), 0.0200437 secs] [Times: user=0.01 sys=0.01, real=0.03 secs] 
Heap after GC invocations=470 (full 1):
 par new generation   total 109248K, used 10097K [0x00000000e0000000, 0x00000000e8000000, 0x00000000e8000000)
  eden space 87424K,   0% used [0x00000000e0000000, 0x00000000e0000000, 0x00000000e5560000)
  from space 21824K,  46% used [0x00000000e5560000, 0x00000000e5f3c4b0, 0x00000000e6ab0000)
  to   space 21824K,   0% used [0x00000000e6ab0000, 0x00000000e6ab0000, 0x00000000e8000000)
 concurrent mark-sweep generation total 393216K, used 15737K [0x00000000e8000000, 0x0000000100000000, 0x0000000100000000)
 Metaspace       used 34688K, capacity 35268K, committed 35552K, reserved 1081344K
  class space    used 3627K, capacity 3814K, committed 3836K, reserved 1048576K
}
2017-03-31T05:01:09.078+0200: 529.805: Total time for which application threads were stopped: 0.0202035 seconds, Stopping threads took: 0.0000290 seconds
{Heap before GC invocations=470 (full 1):
 par new generation   total 109248K, used 97521K [0x00000000e0000000, 0x00000000e8000000, 0x00000000e8000000)
  eden space 87424K, 100% used [0x00000000e0000000, 0x00000000e5560000, 0x00000000e5560000)
  from space 21824K,  46% used [0x00000000e5560000, 0x00000000e5f3c4b0, 0x00000000e6ab0000)
  to   space 21824K,   0% used [0x00000000e6ab0000, 0x00000000e6ab0000, 0x00000000e8000000)
 concurrent mark-sweep generation total 393216K, used 15737K [0x00000000e8000000, 0x0000000100000000, 0x0000000100000000)
 Metaspace       used 34688K, capacity 35268K, committed 35552K, reserved 1081344K
  class space    used 3627K, capacity 3814K, committed 3836K, reserved 1048576K
2017-03-31T05:01:09.602+0200: 530.328: [GC (Allocation Failure) 2017-03-31T05:01:09.602+0200: 530.328: [ParNew
Desired survivor size 20112992 bytes, new threshold 8 (max 8)
- age   1:    4557024 bytes,    4557024 total
- age   2:    2870552 bytes,    7427576 total
- age   3:      11168 bytes,    7438744 total
- age   4:       7144 bytes,    7445888 total
- age   5:       5792 bytes,    7451680 total
- age   6:       3872 bytes,    7455552 total
- age   7:       6664 bytes,    7462216 total
- age   8:       6816 bytes,    7469032 total
: 97521K->11578K(109248K), 0.0347072 secs] 113258K->27320K(502464K), 0.0347738 secs] [Times: user=0.03 sys=0.00, real=0.04 secs] 
Heap after GC invocations=471 (full 1):
 par new generation   total 109248K, used 11578K [0x00000000e0000000, 0x00000000e8000000, 0x00000000e8000000)
  eden space 87424K,   0% used [0x00000000e0000000, 0x00000000e0000000, 0x00000000e5560000)
  from space 21824K,  53% used [0x00000000e6ab0000, 0x00000000e75feaa0, 0x00000000e8000000)
  to   space 21824K,   0% used [0x00000000e5560000, 0x00000000e5560000, 0x00000000e6ab0000)
 concurrent mark-sweep generation total 393216K, used 15742K [0x00000000e8000000, 0x0000000100000000, 0x0000000100000000)
 Metaspace       used 34688K, capacity 35268K, committed 35552K, reserved 1081344K
  class space    used 3627K, capacity 3814K, committed 3836K, reserved 1048576K
}
2017-03-31T05:01:09.637+0200: 530.363: Total time for which application threads were stopped: 0.0428225 seconds, Stopping threads took: 0.0078846 seconds
{Heap before GC invocations=471 (full 1):
 par new generation   total 109248K, used 99002K [0x00000000e0000000, 0x00000000e8000000, 0x00000000e8000000)
  eden space 87424K, 100% used [0x00000000e0000000, 0x00000000e5560000, 0x00000000e5560000)
  from space 21824K,  53% used [0x00000000e6ab0000, 0x00000000e75feaa0, 0x00000000e8000000)
  to   space 21824K,   0% used [0x00000000e5560000, 0x00000000e5560000, 0x00000000e6ab0000)
 concurrent mark-sweep generation total 393216K, used 15742K [0x00000000e8000000, 0x0000000100000000, 0x0000000100000000)
 Metaspace       used 34688K, capacity 35268K, committed 35552K, reserved 1081344K
  class space    used 3627K, capacity 3814K, committed 3836K, reserved 1048576K
2017-03-31T05:01:10.083+0200: 530.809: [GC (Allocation Failure) 2017-03-31T05:01:10.083+0200: 530.809: [ParNew
Desired survivor size 20112992 bytes, new threshold 8 (max 8)
- age   1:    4613640 bytes,    4613640 total
- age   2:    2280088 bytes,    6893728 total
- age   3:       4632 bytes,    6898360 total
- age   4:      11168 bytes,    6909528 total
- age   5:       7144 bytes,    6916672 total
- age   6:       5792 bytes,    6922464 total
- age   7:       3872 bytes,    6926336 total
- age   8:       6664 bytes,    6933000 total
: 99002K->8693K(109248K), 0.0179847 secs] 114744K->24442K(502464K), 0.0180594 secs] [Times: user=0.02 sys=0.00, real=0.02 secs] 
Heap after GC invocations=472 (full 1):
 par new generation   total 109248K, used 8693K [0x00000000e0000000, 0x00000000e8000000, 0x00000000e8000000)
  eden space 87424K,   0% used [0x00000000e0000000, 0x00000000e0000000, 0x00000000e5560000)
  from space 21824K,  39% used [0x00000000e5560000, 0x00000000e5ddd7f0, 0x00000000e6ab0000)
  to   space 21824K,   0% used [0x00000000e6ab0000, 0x00000000e6ab0000, 0x00000000e8000000)
 concurrent mark-sweep generation total 393216K, used 15748K [0x00000000e8000000, 0x0000000100000000, 0x0000000100000000)
 Metaspace       used 34688K, capacity 35268K, committed 35552K, reserved 1081344K
  class space    used 3627K, capacity 3814K, committed 3836K, reserved 1048576K
}
2017-03-31T05:01:10.101+0200: 530.827: Total time for which application threads were stopped: 0.0231046 seconds, Stopping threads took: 0.0048888 seconds
{Heap before GC invocations=472 (full 1):
 par new generation   total 109248K, used 96117K [0x00000000e0000000, 0x00000000e8000000, 0x00000000e8000000)
  eden space 87424K, 100% used [0x00000000e0000000, 0x00000000e5560000, 0x00000000e5560000)
  from space 21824K,  39% used [0x00000000e5560000, 0x00000000e5ddd7f0, 0x00000000e6ab0000)
  to   space 21824K,   0% used [0x00000000e6ab0000, 0x00000000e6ab0000, 0x00000000e8000000)
 concurrent mark-sweep generation total 393216K, used 15748K [0x00000000e8000000, 0x0000000100000000, 0x0000000100000000)
 Metaspace       used 34688K, capacity 35268K, committed 35552K, reserved 1081344K
  class space    used 3627K, capacity 3814K, committed 3836K, reserved 1048576K
2017-03-31T05:01:10.373+0200: 531.100: [GC (Allocation Failure) 2017-03-31T05:01:10.373+0200: 531.100: [ParNew
Desired survivor size 20112992 bytes, new threshold 8 (max 8)
- age   1:    3429592 bytes,    3429592 total
- age   2:    3867368 bytes,    7296960 total
- age   3:    1973760 bytes,    9270720 total
- age   4:       4632 bytes,    9275352 total
- age   5:      11168 bytes,    9286520 total
- age   6:       7144 bytes,    9293664 total
- age   7:       5792 bytes,    9299456 total
- age   8:       3872 bytes,    9303328 total
: 96117K->14868K(109248K), 0.0427537 secs] 111866K->30623K(502464K), 0.0428181 secs] [Times: user=0.04 sys=0.00, real=0.05 secs] 
Heap after GC invocations=473 (full 1):
 par new generation   total 109248K, used 14868K [0x00000000e0000000, 0x00000000e8000000, 0x00000000e8000000)
  eden space 87424K,   0% used [0x00000000e0000000, 0x00000000e0000000, 0x00000000e5560000)
  from space 21824K,  68% used [0x00000000e6ab0000, 0x00000000e7935120, 0x00000000e8000000)
  to   space 21824K,   0% used [0x00000000e5560000, 0x00000000e5560000, 0x00000000e6ab0000)
 concurrent mark-sweep generation total 393216K, used 15755K [0x00000000e8000000, 0x0000000100000000, 0x0000000100000000)
 Metaspace       used 34688K, capacity 35268K, committed 35552K, reserved 1081344K
  class space    used 3627K, capacity 3814K, committed 3836K, reserved 1048576K
}
2017-03-31T05:01:10.416+0200: 531.142: Total time for which application threads were stopped: 0.0429915 seconds, Stopping threads took: 0.0000223 seconds
2017-03-31T05:01:10.773+0200: 531.500: Total time for which application threads were stopped: 0.0021523 seconds, Stopping threads took: 0.0020240 seconds
{Heap before GC invocations=473 (full 1):
 par new generation   total 109248K, used 102292K [0x00000000e0000000, 0x00000000e8000000, 0x00000000e8000000)
  eden space 87424K, 100% used [0x00000000e0000000, 0x00000000e5560000, 0x00000000e5560000)
  from space 21824K,  68% used [0x00000000e6ab0000, 0x00000000e7935120, 0x00000000e8000000)
  to   space 21824K,   0% used [0x00000000e5560000, 0x00000000e5560000, 0x00000000e6ab0000)
 concurrent mark-sweep generation total 393216K, used 15755K [0x00000000e8000000, 0x0000000100000000, 0x0000000100000000)
 Metaspace       used 34688K, capacity 35268K, committed 35552K, reserved 1081344K
  class space    used 3627K, capacity 3814K, committed 3836K, reserved 1048576K
2017-03-31T05:01:10.798+0200: 531.525: [GC (Allocation Failure) 2017-03-31T05:01:10.798+0200: 531.525: [ParNew
Desired survivor size 20112992 bytes, new threshold 8 (max 8)
- age   1:    3876480 bytes,    3876480 total
- age   2:    2749976 bytes,    6626456 total
- age   3:    1169464 bytes,    7795920 total
- age   4:       6848 bytes,    7802768 total
- age   5:       4504 bytes,    7807272 total
- age   6:      10256 bytes,    7817528 total
- age   7:       6952 bytes,    7824480 total
- age   8:       5792 bytes,    7830272 total
: 102292K->8455K(109248K), 0.0214564 secs] 118047K->24214K(502464K), 0.0215326 secs] [Times: user=0.02 sys=0.00, real=0.03 secs] 
Heap after GC invocations=474 (full 1):
 par new generation   total 109248K, used 8455K [0x00000000e0000000, 0x00000000e8000000, 0x00000000e8000000)
  eden space 87424K,   0% used [0x00000000e0000000, 0x00000000e0000000, 0x00000000e5560000)
  from space 21824K,  38% used [0x00000000e5560000, 0x00000000e5da1f20, 0x00000000e6ab0000)
  to   space 21824K,   0% used [0x00000000e6ab0000, 0x00000000e6ab0000, 0x00000000e8000000)
 concurrent mark-sweep generation total 393216K, used 15759K [0x00000000e8000000, 0x0000000100000000, 0x0000000100000000)
 Metaspace       used 34688K, capacity 35268K, committed 35552K, reserved 1081344K
  class space    used 3627K, capacity 3814K, committed 3836K, reserved 1048576K
}
2017-03-31T05:01:10.820+0200: 531.546: Total time for which application threads were stopped: 0.0216911 seconds, Stopping threads took: 0.0000312 seconds
{Heap before GC invocations=474 (full 1):
 par new generation   total 109248K, used 95879K [0x00000000e0000000, 0x00000000e8000000, 0x00000000e8000000)
  eden space 87424K, 100% used [0x00000000e0000000, 0x00000000e5560000, 0x00000000e5560000)
  from space 21824K,  38% used [0x00000000e5560000, 0x00000000e5da1f20, 0x00000000e6ab0000)
  to   space 21824K,   0% used [0x00000000e6ab0000, 0x00000000e6ab0000, 0x00000000e8000000)
 concurrent mark-sweep generation total 393216K, used 15759K [0x00000000e8000000, 0x0000000100000000, 0x0000000100000000)
 Metaspace       used 34688K, capacity 35268K, committed 35552K, reserved 1081344K
  class space    used 3627K, capacity 3814K, committed 3836K, reserved 1048576K
2017-03-31T05:01:11.211+0200: 531.937: [GC (Allocation Failure) 2017-03-31T05:01:11.211+0200: 531.937: [ParNew
Desired survivor size 20112992 bytes, new threshold 8 (max 8)
- age   1:    4643752 bytes,    4643752 total
- age   2:    2556352 bytes,    7200104 total
- age   3:       4232 bytes,    7204336 total
- age   4:       6912 bytes,    7211248 total
- age   5:       6656 bytes,    7217904 total
- age   6:       4504 bytes,    7222408 total
- age   7:       4808 bytes,    7227216 total
- age   8:       6952 bytes,    7234168 total
: 95879K->11596K(109248K), 0.0160051 secs] 111638K->27361K(502464K), 0.0160672 secs] [Times: user=0.02 sys=0.00, real=0.01 secs] 
Heap after GC invocations=475 (full 1):
 par new generation   total 109248K, used 11596K [0x00000000e0000000, 0x00000000e8000000, 0x00000000e8000000)
  eden space 87424K,   0% used [0x00000000e0000000, 0x00000000e0000000, 0x00000000e5560000)
  from space 21824K,  53% used [0x00000000e6ab0000, 0x00000000e7603228, 0x00000000e8000000)
  to   space 21824K,   0% used [0x00000000e5560000, 0x00000000e5560000, 0x00000000e6ab0000)
 concurrent mark-sweep generation total 393216K, used 15764K [0x00000000e8000000, 0x0000000100000000, 0x0000000100000000)
 Metaspace       used 34688K, capacity 35268K, committed 35552K, reserved 1081344K
  class space    used 3627K, capacity 3814K, committed 3836K, reserved 1048576K
}
2017-03-31T05:01:11.227+0200: 531.953: Total time for which application threads were stopped: 0.0182258 seconds, Stopping threads took: 0.0020192 seconds
{Heap before GC invocations=475 (full 1):
 par new generation   total 109248K, used 99020K [0x00000000e0000000, 0x00000000e8000000, 0x00000000e8000000)
  eden space 87424K, 100% used [0x00000000e0000000, 0x00000000e5560000, 0x00000000e5560000)
  from space 21824K,  53% used [0x00000000e6ab0000, 0x00000000e7603228, 0x00000000e8000000)
  to   space 21824K,   0% used [0x00000000e5560000, 0x00000000e5560000, 0x00000000e6ab0000)
 concurrent mark-sweep generation total 393216K, used 15764K [0x00000000e8000000, 0x0000000100000000, 0x0000000100000000)
 Metaspace       used 34688K, capacity 35268K, committed 35552K, reserved 1081344K
  class space    used 3627K, capacity 3814K, committed 3836K, reserved 1048576K
2017-03-31T05:01:11.602+0200: 532.328: [GC (Allocation Failure) 2017-03-31T05:01:11.602+0200: 532.328: [ParNew
Desired survivor size 20112992 bytes, new threshold 8 (max 8)
- age   1:    3987240 bytes,    3987240 total
- age   2:    2098096 bytes,    6085336 total
- age   3:      20592 bytes,    6105928 total
- age   4:       4232 bytes,    6110160 total
- age   5:       6720 bytes,    6116880 total
- age   6:       6464 bytes,    6123344 total
- age   7:       4504 bytes,    6127848 total
- age   8:       4808 bytes,    6132656 total
: 99020K->8556K(109248K), 0.0167831 secs] 114785K->24328K(502464K), 0.0168517 secs] [Times: user=0.02 sys=0.00, real=0.02 secs] 
Heap after GC invocations=476 (full 1):
 par new generation   total 109248K, used 8556K [0x00000000e0000000, 0x00000000e8000000, 0x00000000e8000000)
  eden space 87424K,   0% used [0x00000000e0000000, 0x00000000e0000000, 0x00000000e5560000)
  from space 21824K,  39% used [0x00000000e5560000, 0x00000000e5dbb3d0, 0x00000000e6ab0000)
  to   space 21824K,   0% used [0x00000000e6ab0000, 0x00000000e6ab0000, 0x00000000e8000000)
 concurrent mark-sweep generation total 393216K, used 15771K [0x00000000e8000000, 0x0000000100000000, 0x0000000100000000)
 Metaspace       used 34688K, capacity 35268K, committed 35552K, reserved 1081344K
  class space    used 3627K, capacity 3814K, committed 3836K, reserved 1048576K
}
2017-03-31T05:01:11.618+0200: 532.345: Total time for which application threads were stopped: 0.0170079 seconds, Stopping threads took: 0.0000294 seconds
{Heap before GC invocations=476 (full 1):
 par new generation   total 109248K, used 95980K [0x00000000e0000000, 0x00000000e8000000, 0x00000000e8000000)
  eden space 87424K, 100% used [0x00000000e0000000, 0x00000000e5560000, 0x00000000e5560000)
  from space 21824K,  39% used [0x00000000e5560000, 0x00000000e5dbb3d0, 0x00000000e6ab0000)
  to   space 21824K,   0% used [0x00000000e6ab0000, 0x00000000e6ab0000, 0x00000000e8000000)
 concurrent mark-sweep generation total 393216K, used 15771K [0x00000000e8000000, 0x0000000100000000, 0x0000000100000000)
 Metaspace       used 34688K, capacity 35268K, committed 35552K, reserved 1081344K
  class space    used 3627K, capacity 3814K, committed 3836K, reserved 1048576K
2017-03-31T05:01:11.859+0200: 532.586: [GC (Allocation Failure) 2017-03-31T05:01:11.859+0200: 532.586: [ParNew
Desired survivor size 20112992 bytes, new threshold 8 (max 8)
- age   1:    2573984 bytes,    2573984 total
- age   2:    3794208 bytes,    6368192 total
- age   3:    1790336 bytes,    8158528 total
- age   4:      20592 bytes,    8179120 total
- age   5:       4232 bytes,    8183352 total
- age   6:       6720 bytes,    8190072 total
- age   7:       6464 bytes,    8196536 total
- age   8:       4504 bytes,    8201040 total
: 95980K->10855K(109248K), 0.0224427 secs] 111752K->26631K(502464K), 0.0225039 secs] [Times: user=0.03 sys=0.00, real=0.02 secs] 
Heap after GC invocations=477 (full 1):
 par new generation   total 109248K, used 10855K [0x00000000e0000000, 0x00000000e8000000, 0x00000000e8000000)
  eden space 87424K,   0% used [0x00000000e0000000, 0x00000000e0000000, 0x00000000e5560000)
  from space 21824K,  49% used [0x00000000e6ab0000, 0x00000000e7549d70, 0x00000000e8000000)
  to   space 21824K,   0% used [0x00000000e5560000, 0x00000000e5560000, 0x00000000e6ab0000)
 concurrent mark-sweep generation total 393216K, used 15776K [0x00000000e8000000, 0x0000000100000000, 0x0000000100000000)
 Metaspace       used 34688K, capacity 35268K, committed 35552K, reserved 1081344K
  class space    used 3627K, capacity 3814K, committed 3836K, reserved 1048576K
}
2017-03-31T05:01:11.882+0200: 532.608: Total time for which application threads were stopped: 0.0246698 seconds, Stopping threads took: 0.0020118 seconds
{Heap before GC invocations=477 (full 1):
 par new generation   total 109248K, used 98279K [0x00000000e0000000, 0x00000000e8000000, 0x00000000e8000000)
  eden space 87424K, 100% used [0x00000000e0000000, 0x00000000e5560000, 0x00000000e5560000)
  from space 21824K,  49% used [0x00000000e6ab0000, 0x00000000e7549d70, 0x00000000e8000000)
  to   space 21824K,   0% used [0x00000000e5560000, 0x00000000e5560000, 0x00000000e6ab0000)
 concurrent mark-sweep generation total 393216K, used 15776K [0x00000000e8000000, 0x0000000100000000, 0x0000000100000000)
 Metaspace       used 34688K, capacity 35268K, committed 35552K, reserved 1081344K
  class space    used 3627K, capacity 3814K, committed 3836K, reserved 1048576K
2017-03-31T05:01:12.288+0200: 533.014: [GC (Allocation Failure) 2017-03-31T05:01:12.288+0200: 533.014: [ParNew
Desired survivor size 20112992 bytes, new threshold 8 (max 8)
- age   1:    4943472 bytes,    4943472 total
- age   2:    2124808 bytes,    7068280 total
- age   3:     876600 bytes,    7944880 total
- age   4:       7272 bytes,    7952152 total
- age   5:      20400 bytes,    7972552 total
- age   6:       4232 bytes,    7976784 total
- age   7:       6720 bytes,    7983504 total
- age   8:       6464 bytes,    7989968 total
: 98279K->9446K(109248K), 0.0221091 secs] 114055K->25227K(502464K), 0.0221769 secs] [Times: user=0.02 sys=0.00, real=0.03 secs] 
Heap after GC invocations=478 (full 1):
 par new generation   total 109248K, used 9446K [0x00000000e0000000, 0x00000000e8000000, 0x00000000e8000000)
  eden space 87424K,   0% used [0x00000000e0000000, 0x00000000e0000000, 0x00000000e5560000)
  from space 21824K,  43% used [0x00000000e5560000, 0x00000000e5e99ae0, 0x00000000e6ab0000)
  to   space 21824K,   0% used [0x00000000e6ab0000, 0x00000000e6ab0000, 0x00000000e8000000)
 concurrent mark-sweep generation total 393216K, used 15780K [0x00000000e8000000, 0x0000000100000000, 0x0000000100000000)
 Metaspace       used 34688K, capacity 35268K, committed 35552K, reserved 1081344K
  class space    used 3627K, capacity 3814K, committed 3836K, reserved 1048576K
}
2017-03-31T05:01:12.310+0200: 533.036: Total time for which application threads were stopped: 0.0278433 seconds, Stopping threads took: 0.0055059 seconds
{Heap before GC invocations=478 (full 1):
 par new generation   total 109248K, used 96858K [0x00000000e0000000, 0x00000000e8000000, 0x00000000e8000000)
  eden space 87424K,  99% used [0x00000000e0000000, 0x00000000e555cdc8, 0x00000000e5560000)
  from space 21824K,  43% used [0x00000000e5560000, 0x00000000e5e99ae0, 0x00000000e6ab0000)
  to   space 21824K,   0% used [0x00000000e6ab0000, 0x00000000e6ab0000, 0x00000000e8000000)
 concurrent mark-sweep generation total 393216K, used 15780K [0x00000000e8000000, 0x0000000100000000, 0x0000000100000000)
 Metaspace       used 34688K, capacity 35268K, committed 35552K, reserved 1081344K
  class space    used 3627K, capacity 3814K, committed 3836K, reserved 1048576K
2017-03-31T05:01:12.700+0200: 533.426: [GC (Allocation Failure) 2017-03-31T05:01:12.700+0200: 533.426: [ParNew
Desired survivor size 20112992 bytes, new threshold 8 (max 8)
- age   1:    4512088 bytes,    4512088 total
- age   2:    2405944 bytes,    6918032 total
- age   3:       2712 bytes,    6920744 total
- age   4:       6648 bytes,    6927392 total
- age   5:       6888 bytes,    6934280 total
- age   6:      20208 bytes,    6954488 total
- age   7:       4232 bytes,    6958720 total
- age   8:       6720 bytes,    6965440 total
: 96858K->10195K(109248K), 0.0266579 secs] 112638K->25982K(502464K), 0.0267225 secs] [Times: user=0.03 sys=0.00, real=0.02 secs] 
Heap after GC invocations=479 (full 1):
 par new generation   total 109248K, used 10195K [0x00000000e0000000, 0x00000000e8000000, 0x00000000e8000000)
  eden space 87424K,   0% used [0x00000000e0000000, 0x00000000e0000000, 0x00000000e5560000)
  from space 21824K,  46% used [0x00000000e6ab0000, 0x00000000e74a4c50, 0x00000000e8000000)
  to   space 21824K,   0% used [0x00000000e5560000, 0x00000000e5560000, 0x00000000e6ab0000)
 concurrent mark-sweep generation total 393216K, used 15787K [0x00000000e8000000, 0x0000000100000000, 0x0000000100000000)
 Metaspace       used 34688K, capacity 35268K, committed 35552K, reserved 1081344K
  class space    used 3627K, capacity 3814K, committed 3836K, reserved 1048576K
}
2017-03-31T05:01:12.727+0200: 533.453: Total time for which application threads were stopped: 0.0289186 seconds, Stopping threads took: 0.0020475 seconds
{Heap before GC invocations=479 (full 1):
 par new generation   total 109248K, used 97619K [0x00000000e0000000, 0x00000000e8000000, 0x00000000e8000000)
  eden space 87424K, 100% used [0x00000000e0000000, 0x00000000e5560000, 0x00000000e5560000)
  from space 21824K,  46% used [0x00000000e6ab0000, 0x00000000e74a4c50, 0x00000000e8000000)
  to   space 21824K,   0% used [0x00000000e5560000, 0x00000000e5560000, 0x00000000e6ab0000)
 concurrent mark-sweep generation total 393216K, used 15787K [0x00000000e8000000, 0x0000000100000000, 0x0000000100000000)
 Metaspace       used 34688K, capacity 35268K, committed 35552K, reserved 1081344K
  class space    used 3627K, capacity 3814K, committed 3836K, reserved 1048576K
2017-03-31T05:01:13.144+0200: 533.870: [GC (Allocation Failure) 2017-03-31T05:01:13.144+0200: 533.870: [ParNew
Desired survivor size 20112992 bytes, new threshold 8 (max 8)
- age   1:    3349800 bytes,    3349800 total
- age   2:    1927984 bytes,    5277784 total
- age   3:      14760 bytes,    5292544 total
- age   4:       2688 bytes,    5295232 total
- age   5:       6520 bytes,    5301752 total
- age   6:       6888 bytes,    5308640 total
- age   7:      19592 bytes,    5328232 total
- age   8:       4016 bytes,    5332248 total
: 97619K->8500K(109248K), 0.0217014 secs] 113406K->24293K(502464K), 0.0217578 secs] [Times: user=0.03 sys=0.00, real=0.02 secs] 
Heap after GC invocations=480 (full 1):
 par new generation   total 109248K, used 8500K [0x00000000e0000000, 0x00000000e8000000, 0x00000000e8000000)
  eden space 87424K,   0% used [0x00000000e0000000, 0x00000000e0000000, 0x00000000e5560000)
  from space 21824K,  38% used [0x00000000e5560000, 0x00000000e5dad000, 0x00000000e6ab0000)
  to   space 21824K,   0% used [0x00000000e6ab0000, 0x00000000e6ab0000, 0x00000000e8000000)
 concurrent mark-sweep generation total 393216K, used 15793K [0x00000000e8000000, 0x0000000100000000, 0x0000000100000000)
 Metaspace       used 34688K, capacity 35268K, committed 35552K, reserved 1081344K
  class space    used 3627K, capacity 3814K, committed 3836K, reserved 1048576K
}
2017-03-31T05:01:13.165+0200: 533.892: Total time for which application threads were stopped: 0.0219157 seconds, Stopping threads took: 0.0000195 seconds
{Heap before GC invocations=480 (full 1):
 par new generation   total 109248K, used 95924K [0x00000000e0000000, 0x00000000e8000000, 0x00000000e8000000)
  eden space 87424K, 100% used [0x00000000e0000000, 0x00000000e5560000, 0x00000000e5560000)
  from space 21824K,  38% used [0x00000000e5560000, 0x00000000e5dad000, 0x00000000e6ab0000)
  to   space 21824K,   0% used [0x00000000e6ab0000, 0x00000000e6ab0000, 0x00000000e8000000)
 concurrent mark-sweep generation total 393216K, used 15793K [0x00000000e8000000, 0x0000000100000000, 0x0000000100000000)
 Metaspace       used 34688K, capacity 35268K, committed 35552K, reserved 1081344K
  class space    used 3627K, capacity 3814K, committed 3836K, reserved 1048576K
2017-03-31T05:01:13.522+0200: 534.249: [GC (Allocation Failure) 2017-03-31T05:01:13.522+0200: 534.249: [ParNew
Desired survivor size 20112992 bytes, new threshold 8 (max 8)
- age   1:    3518296 bytes,    3518296 total
- age   2:    2831664 bytes,    6349960 total
- age   3:    1532912 bytes,    7882872 total
- age   4:       7192 bytes,    7890064 total
- age   5:       2688 bytes,    7892752 total
- age   6:       6456 bytes,    7899208 total
- age   7:       6888 bytes,    7906096 total
- age   8:      19592 bytes,    7925688 total
: 95924K->9713K(109248K), 0.0233852 secs] 111717K->25510K(502464K), 0.0234631 secs] [Times: user=0.03 sys=0.00, real=0.02 secs] 
Heap after GC invocations=481 (full 1):
 par new generation   total 109248K, used 9713K [0x00000000e0000000, 0x00000000e8000000, 0x00000000e8000000)
  eden space 87424K,   0% used [0x00000000e0000000, 0x00000000e0000000, 0x00000000e5560000)
  from space 21824K,  44% used [0x00000000e6ab0000, 0x00000000e742c540, 0x00000000e8000000)
  to   space 21824K,   0% used [0x00000000e5560000, 0x00000000e5560000, 0x00000000e6ab0000)
 concurrent mark-sweep generation total 393216K, used 15797K [0x00000000e8000000, 0x0000000100000000, 0x0000000100000000)
 Metaspace       used 34688K, capacity 35268K, committed 35552K, reserved 1081344K
  class space    used 3627K, capacity 3814K, committed 3836K, reserved 1048576K
}
2017-03-31T05:01:13.546+0200: 534.272: Total time for which application threads were stopped: 0.0236979 seconds, Stopping threads took: 0.0000373 seconds
{Heap before GC invocations=481 (full 1):
 par new generation   total 109248K, used 97137K [0x00000000e0000000, 0x00000000e8000000, 0x00000000e8000000)
  eden space 87424K, 100% used [0x00000000e0000000, 0x00000000e5560000, 0x00000000e5560000)
  from space 21824K,  44% used [0x00000000e6ab0000, 0x00000000e742c540, 0x00000000e8000000)
  to   space 21824K,   0% used [0x00000000e5560000, 0x00000000e5560000, 0x00000000e6ab0000)
 concurrent mark-sweep generation total 393216K, used 15797K [0x00000000e8000000, 0x0000000100000000, 0x0000000100000000)
 Metaspace       used 34693K, capacity 35268K, committed 35552K, reserved 1081344K
  class space    used 3627K, capacity 3814K, committed 3836K, reserved 1048576K
2017-03-31T05:01:13.990+0200: 534.717: [GC (Allocation Failure) 2017-03-31T05:01:13.990+0200: 534.717: [ParNew
Desired survivor size 20112992 bytes, new threshold 8 (max 8)
- age   1:    4584528 bytes,    4584528 total
- age   2:    2651024 bytes,    7235552 total
- age   3:       5024 bytes,    7240576 total
- age   4:      13464 bytes,    7254040 total
- age   5:       6808 bytes,    7260848 total
- age   6:       2688 bytes,    7263536 total
- age   7:       6328 bytes,    7269864 total
- age   8:       6888 bytes,    7276752 total
: 97137K->10857K(109248K), 0.0290314 secs] 112934K->26674K(502464K), 0.0290956 secs] [Times: user=0.03 sys=0.00, real=0.03 secs] 
Heap after GC invocations=482 (full 1):
 par new generation   total 109248K, used 10857K [0x00000000e0000000, 0x00000000e8000000, 0x00000000e8000000)
  eden space 87424K,   0% used [0x00000000e0000000, 0x00000000e0000000, 0x00000000e5560000)
  from space 21824K,  49% used [0x00000000e5560000, 0x00000000e5ffa400, 0x00000000e6ab0000)
  to   space 21824K,   0% used [0x00000000e6ab0000, 0x00000000e6ab0000, 0x00000000e8000000)
 concurrent mark-sweep generation total 393216K, used 15817K [0x00000000e8000000, 0x0000000100000000, 0x0000000100000000)
 Metaspace       used 34693K, capacity 35268K, committed 35552K, reserved 1081344K
  class space    used 3627K, capacity 3814K, committed 3836K, reserved 1048576K
}
2017-03-31T05:01:14.019+0200: 534.746: Total time for which application threads were stopped: 0.0292418 seconds, Stopping threads took: 0.0000282 seconds
{Heap before GC invocations=482 (full 1):
 par new generation   total 109248K, used 98281K [0x00000000e0000000, 0x00000000e8000000, 0x00000000e8000000)
  eden space 87424K, 100% used [0x00000000e0000000, 0x00000000e5560000, 0x00000000e5560000)
  from space 21824K,  49% used [0x00000000e5560000, 0x00000000e5ffa400, 0x00000000e6ab0000)
  to   space 21824K,   0% used [0x00000000e6ab0000, 0x00000000e6ab0000, 0x00000000e8000000)
 concurrent mark-sweep generation total 393216K, used 15817K [0x00000000e8000000, 0x0000000100000000, 0x0000000100000000)
 Metaspace       used 34693K, capacity 35268K, committed 35552K, reserved 1081344K
  class space    used 3627K, capacity 3814K, committed 3836K, reserved 1048576K
2017-03-31T05:01:14.395+0200: 535.121: [GC (Allocation Failure) 2017-03-31T05:01:14.395+0200: 535.121: [ParNew
Desired survivor size 20112992 bytes, new threshold 8 (max 8)
- age   1:    4125896 bytes,    4125896 total
- age   2:    2149696 bytes,    6275592 total
- age   3:       6328 bytes,    6281920 total
- age   4:       5024 bytes,    6286944 total
- age   5:      13080 bytes,    6300024 total
- age   6:       6808 bytes,    6306832 total
- age   7:       2688 bytes,    6309520 total
- age   8:       6328 bytes,    6315848 total
: 98281K->9150K(109248K), 0.0221266 secs] 114098K->24974K(502464K), 0.0222004 secs] [Times: user=0.02 sys=0.00, real=0.03 secs] 
Heap after GC invocations=483 (full 1):
 par new generation   total 109248K, used 9150K [0x00000000e0000000, 0x00000000e8000000, 0x00000000e8000000)
  eden space 87424K,   0% used [0x00000000e0000000, 0x00000000e0000000, 0x00000000e5560000)
  from space 21824K,  41% used [0x00000000e6ab0000, 0x00000000e739fb30, 0x00000000e8000000)
  to   space 21824K,   0% used [0x00000000e5560000, 0x00000000e5560000, 0x00000000e6ab0000)
 concurrent mark-sweep generation total 393216K, used 15824K [0x00000000e8000000, 0x0000000100000000, 0x0000000100000000)
 Metaspace       used 34693K, capacity 35268K, committed 35552K, reserved 1081344K
  class space    used 3627K, capacity 3814K, committed 3836K, reserved 1048576K
}
2017-03-31T05:01:14.417+0200: 535.144: Total time for which application threads were stopped: 0.0223535 seconds, Stopping threads took: 0.0000277 seconds
{Heap before GC invocations=483 (full 1):
 par new generation   total 109248K, used 96574K [0x00000000e0000000, 0x00000000e8000000, 0x00000000e8000000)
  eden space 87424K, 100% used [0x00000000e0000000, 0x00000000e5560000, 0x00000000e5560000)
  from space 21824K,  41% used [0x00000000e6ab0000, 0x00000000e739fb30, 0x00000000e8000000)
  to   space 21824K,   0% used [0x00000000e5560000, 0x00000000e5560000, 0x00000000e6ab0000)
 concurrent mark-sweep generation total 393216K, used 15824K [0x00000000e8000000, 0x0000000100000000, 0x0000000100000000)
 Metaspace       used 34693K, capacity 35268K, committed 35552K, reserved 1081344K
  class space    used 3627K, capacity 3814K, committed 3836K, reserved 1048576K
2017-03-31T05:01:14.663+0200: 535.389: [GC (Allocation Failure) 2017-03-31T05:01:14.663+0200: 535.389: [ParNew
Desired survivor size 20112992 bytes, new threshold 8 (max 8)
- age   1:    3380368 bytes,    3380368 total
- age   2:    3737208 bytes,    7117576 total
- age   3:    1922888 bytes,    9040464 total
- age   4:       6328 bytes,    9046792 total
- age   5:       5024 bytes,    9051816 total
- age   6:      12408 bytes,    9064224 total
- age   7:       6784 bytes,    9071008 total
- age   8:       2688 bytes,    9073696 total
: 96574K->11793K(109248K), 0.0230617 secs] 112398K->27623K(502464K), 0.0231274 secs] [Times: user=0.02 sys=0.00, real=0.02 secs] 
Heap after GC invocations=484 (full 1):
 par new generation   total 109248K, used 11793K [0x00000000e0000000, 0x00000000e8000000, 0x00000000e8000000)
  eden space 87424K,   0% used [0x00000000e0000000, 0x00000000e0000000, 0x00000000e5560000)
  from space 21824K,  54% used [0x00000000e5560000, 0x00000000e60e44a8, 0x00000000e6ab0000)
  to   space 21824K,   0% used [0x00000000e6ab0000, 0x00000000e6ab0000, 0x00000000e8000000)
 concurrent mark-sweep generation total 393216K, used 15830K [0x00000000e8000000, 0x0000000100000000, 0x0000000100000000)
 Metaspace       used 34693K, capacity 35268K, committed 35552K, reserved 1081344K
  class space    used 3627K, capacity 3814K, committed 3836K, reserved 1048576K
}
2017-03-31T05:01:14.686+0200: 535.413: Total time for which application threads were stopped: 0.0233786 seconds, Stopping threads took: 0.0000308 seconds
{Heap before GC invocations=484 (full 1):
 par new generation   total 109248K, used 99217K [0x00000000e0000000, 0x00000000e8000000, 0x00000000e8000000)
  eden space 87424K, 100% used [0x00000000e0000000, 0x00000000e5560000, 0x00000000e5560000)
  from space 21824K,  54% used [0x00000000e5560000, 0x00000000e60e44a8, 0x00000000e6ab0000)
  to   space 21824K,   0% used [0x00000000e6ab0000, 0x00000000e6ab0000, 0x00000000e8000000)
 concurrent mark-sweep generation total 393216K, used 15830K [0x00000000e8000000, 0x0000000100000000, 0x0000000100000000)
 Metaspace       used 34693K, capacity 35268K, committed 35552K, reserved 1081344K
  class space    used 3627K, capacity 3814K, committed 3836K, reserved 1048576K
2017-03-31T05:01:15.142+0200: 535.869: [GC (Allocation Failure) 2017-03-31T05:01:15.142+0200: 535.869: [ParNew
Desired survivor size 20112992 bytes, new threshold 8 (max 8)
- age   1:    3704208 bytes,    3704208 total
- age   2:    2984128 bytes,    6688336 total
- age   3:     993632 bytes,    7681968 total
- age   4:       7624 bytes,    7689592 total
- age   5:       6200 bytes,    7695792 total
- age   6:       4744 bytes,    7700536 total
- age   7:       6936 bytes,    7707472 total
- age   8:       6760 bytes,    7714232 total
: 99217K->10272K(109248K), 0.0170934 secs] 115047K->26105K(502464K), 0.0171598 secs] [Times: user=0.01 sys=0.00, real=0.02 secs] 
Heap after GC invocations=485 (full 1):
 par new generation   total 109248K, used 10272K [0x00000000e0000000, 0x00000000e8000000, 0x00000000e8000000)
  eden space 87424K,   0% used [0x00000000e0000000, 0x00000000e0000000, 0x00000000e5560000)
  from space 21824K,  47% used [0x00000000e6ab0000, 0x00000000e74b82f0, 0x00000000e8000000)
  to   space 21824K,   0% used [0x00000000e5560000, 0x00000000e5560000, 0x00000000e6ab0000)
 concurrent mark-sweep generation total 393216K, used 15832K [0x00000000e8000000, 0x0000000100000000, 0x0000000100000000)
 Metaspace       used 34693K, capacity 35268K, committed 35552K, reserved 1081344K
  class space    used 3627K, capacity 3814K, committed 3836K, reserved 1048576K
}
2017-03-31T05:01:15.160+0200: 535.886: Total time for which application threads were stopped: 0.0174136 seconds, Stopping threads took: 0.0000948 seconds
{Heap before GC invocations=485 (full 1):
 par new generation   total 109248K, used 97696K [0x00000000e0000000, 0x00000000e8000000, 0x00000000e8000000)
  eden space 87424K, 100% used [0x00000000e0000000, 0x00000000e5560000, 0x00000000e5560000)
  from space 21824K,  47% used [0x00000000e6ab0000, 0x00000000e74b82f0, 0x00000000e8000000)
  to   space 21824K,   0% used [0x00000000e5560000, 0x00000000e5560000, 0x00000000e6ab0000)
 concurrent mark-sweep generation total 393216K, used 15832K [0x00000000e8000000, 0x0000000100000000, 0x0000000100000000)
 Metaspace       used 34693K, capacity 35268K, committed 35552K, reserved 1081344K
  class space    used 3627K, capacity 3814K, committed 3836K, reserved 1048576K
2017-03-31T05:01:15.539+0200: 536.265: [GC (Allocation Failure) 2017-03-31T05:01:15.539+0200: 536.265: [ParNew
Desired survivor size 20112992 bytes, new threshold 8 (max 8)
- age   1:    4520152 bytes,    4520152 total
- age   2:    2476504 bytes,    6996656 total
- age   3:       9896 bytes,    7006552 total
- age   4:       6720 bytes,    7013272 total
- age   5:       7432 bytes,    7020704 total
- age   6:       6200 bytes,    7026904 total
- age   7:       4744 bytes,    7031648 total
- age   8:       6936 bytes,    7038584 total
: 97696K->8667K(109248K), 0.0206489 secs] 113529K->24507K(502464K), 0.0207145 secs] [Times: user=0.02 sys=0.00, real=0.02 secs] 
Heap after GC invocations=486 (full 1):
 par new generation   total 109248K, used 8667K [0x00000000e0000000, 0x00000000e8000000, 0x00000000e8000000)
  eden space 87424K,   0% used [0x00000000e0000000, 0x00000000e0000000, 0x00000000e5560000)
  from space 21824K,  39% used [0x00000000e5560000, 0x00000000e5dd6ed0, 0x00000000e6ab0000)
  to   space 21824K,   0% used [0x00000000e6ab0000, 0x00000000e6ab0000, 0x00000000e8000000)
 concurrent mark-sweep generation total 393216K, used 15839K [0x00000000e8000000, 0x0000000100000000, 0x0000000100000000)
 Metaspace       used 34693K, capacity 35268K, committed 35552K, reserved 1081344K
  class space    used 3627K, capacity 3814K, committed 3836K, reserved 1048576K
}
2017-03-31T05:01:15.560+0200: 536.286: Total time for which application threads were stopped: 0.0228754 seconds, Stopping threads took: 0.0020145 seconds
{Heap before GC invocations=486 (full 1):
 par new generation   total 109248K, used 96091K [0x00000000e0000000, 0x00000000e8000000, 0x00000000e8000000)
  eden space 87424K, 100% used [0x00000000e0000000, 0x00000000e5560000, 0x00000000e5560000)
  from space 21824K,  39% used [0x00000000e5560000, 0x00000000e5dd6ed0, 0x00000000e6ab0000)
  to   space 21824K,   0% used [0x00000000e6ab0000, 0x00000000e6ab0000, 0x00000000e8000000)
 concurrent mark-sweep generation total 393216K, used 15839K [0x00000000e8000000, 0x0000000100000000, 0x0000000100000000)
 Metaspace       used 34693K, capacity 35268K, committed 35552K, reserved 1081344K
  class space    used 3627K, capacity 3814K, committed 3836K, reserved 1048576K
2017-03-31T05:01:15.919+0200: 536.645: [GC (Allocation Failure) 2017-03-31T05:01:15.919+0200: 536.646: [ParNew
Desired survivor size 20112992 bytes, new threshold 8 (max 8)
- age   1:    3506120 bytes,    3506120 total
- age   2:    1903352 bytes,    5409472 total
- age   3:      15424 bytes,    5424896 total
- age   4:       9896 bytes,    5434792 total
- age   5:       6528 bytes,    5441320 total
- age   6:       7432 bytes,    5448752 total
- age   7:       6200 bytes,    5454952 total
- age   8:       4744 bytes,    5459696 total
: 96091K->9177K(109248K), 0.0267854 secs] 111931K->25023K(502464K), 0.0268459 secs] [Times: user=0.02 sys=0.00, real=0.02 secs] 
Heap after GC invocations=487 (full 1):
 par new generation   total 109248K, used 9177K [0x00000000e0000000, 0x00000000e8000000, 0x00000000e8000000)
  eden space 87424K,   0% used [0x00000000e0000000, 0x00000000e0000000, 0x00000000e5560000)
  from space 21824K,  42% used [0x00000000e6ab0000, 0x00000000e73a65e0, 0x00000000e8000000)
  to   space 21824K,   0% used [0x00000000e5560000, 0x00000000e5560000, 0x00000000e6ab0000)
 concurrent mark-sweep generation total 393216K, used 15846K [0x00000000e8000000, 0x0000000100000000, 0x0000000100000000)
 Metaspace       used 34693K, capacity 35268K, committed 35552K, reserved 1081344K
  class space    used 3627K, capacity 3814K, committed 3836K, reserved 1048576K
}
2017-03-31T05:01:15.946+0200: 536.672: Total time for which application threads were stopped: 0.0270022 seconds, Stopping threads took: 0.0000188 seconds
{Heap before GC invocations=487 (full 1):
 par new generation   total 109248K, used 96601K [0x00000000e0000000, 0x00000000e8000000, 0x00000000e8000000)
  eden space 87424K, 100% used [0x00000000e0000000, 0x00000000e5560000, 0x00000000e5560000)
  from space 21824K,  42% used [0x00000000e6ab0000, 0x00000000e73a65e0, 0x00000000e8000000)
  to   space 21824K,   0% used [0x00000000e5560000, 0x00000000e5560000, 0x00000000e6ab0000)
 concurrent mark-sweep generation total 393216K, used 15846K [0x00000000e8000000, 0x0000000100000000, 0x0000000100000000)
 Metaspace       used 34693K, capacity 35268K, committed 35552K, reserved 1081344K
  class space    used 3627K, capacity 3814K, committed 3836K, reserved 1048576K
2017-03-31T05:01:16.264+0200: 536.990: [GC (Allocation Failure) 2017-03-31T05:01:16.264+0200: 536.990: [ParNew
Desired survivor size 20112992 bytes, new threshold 8 (max 8)
- age   1:    3537176 bytes,    3537176 total
- age   2:    2896568 bytes,    6433744 total
- age   3:    1586232 bytes,    8019976 total
- age   4:       6336 bytes,    8026312 total
- age   5:       9240 bytes,    8035552 total
- age   6:       6528 bytes,    8042080 total
- age   7:       7432 bytes,    8049512 total
- age   8:       6200 bytes,    8055712 total
: 96601K->10018K(109248K), 0.0253617 secs] 112447K->25869K(502464K), 0.0254363 secs] [Times: user=0.03 sys=0.00, real=0.03 secs] 
Heap after GC invocations=488 (full 1):
 par new generation   total 109248K, used 10018K [0x00000000e0000000, 0x00000000e8000000, 0x00000000e8000000)
  eden space 87424K,   0% used [0x00000000e0000000, 0x00000000e0000000, 0x00000000e5560000)
  from space 21824K,  45% used [0x00000000e5560000, 0x00000000e5f28b00, 0x00000000e6ab0000)
  to   space 21824K,   0% used [0x00000000e6ab0000, 0x00000000e6ab0000, 0x00000000e8000000)
 concurrent mark-sweep generation total 393216K, used 15851K [0x00000000e8000000, 0x0000000100000000, 0x0000000100000000)
 Metaspace       used 34693K, capacity 35268K, committed 35552K, reserved 1081344K
  class space    used 3627K, capacity 3814K, committed 3836K, reserved 1048576K
}
2017-03-31T05:01:16.289+0200: 537.016: Total time for which application threads were stopped: 0.0255861 seconds, Stopping threads took: 0.0000290 seconds
{Heap before GC invocations=488 (full 1):
 par new generation   total 109248K, used 97442K [0x00000000e0000000, 0x00000000e8000000, 0x00000000e8000000)
  eden space 87424K, 100% used [0x00000000e0000000, 0x00000000e5560000, 0x00000000e5560000)
  from space 21824K,  45% used [0x00000000e5560000, 0x00000000e5f28b00, 0x00000000e6ab0000)
  to   space 21824K,   0% used [0x00000000e6ab0000, 0x00000000e6ab0000, 0x00000000e8000000)
 concurrent mark-sweep generation total 393216K, used 15851K [0x00000000e8000000, 0x0000000100000000, 0x0000000100000000)
 Metaspace       used 34693K, capacity 35268K, committed 35552K, reserved 1081344K
  class space    used 3627K, capacity 3814K, committed 3836K, reserved 1048576K
2017-03-31T05:01:16.677+0200: 537.403: [GC (Allocation Failure) 2017-03-31T05:01:16.677+0200: 537.403: [ParNew
Desired survivor size 20112992 bytes, new threshold 8 (max 8)
- age   1:    4552296 bytes,    4552296 total
- age   2:    2848888 bytes,    7401184 total
- age   3:       5472 bytes,    7406656 total
- age   4:       6904 bytes,    7413560 total
- age   5:       6144 bytes,    7419704 total
- age   6:       9216 bytes,    7428920 total
- age   7:       6528 bytes,    7435448 total
- age   8:       7432 bytes,    7442880 total
: 97442K->11577K(109248K), 0.0249281 secs] 113293K->27434K(502464K), 0.0249898 secs] [Times: user=0.02 sys=0.00, real=0.02 secs] 
Heap after GC invocations=489 (full 1):
 par new generation   total 109248K, used 11577K [0x00000000e0000000, 0x00000000e8000000, 0x00000000e8000000)
  eden space 87424K,   0% used [0x00000000e0000000, 0x00000000e0000000, 0x00000000e5560000)
  from space 21824K,  53% used [0x00000000e6ab0000, 0x00000000e75fe6e8, 0x00000000e8000000)
  to   space 21824K,   0% used [0x00000000e5560000, 0x00000000e5560000, 0x00000000e6ab0000)
 concurrent mark-sweep generation total 393216K, used 15857K [0x00000000e8000000, 0x0000000100000000, 0x0000000100000000)
 Metaspace       used 34693K, capacity 35268K, committed 35552K, reserved 1081344K
  class space    used 3627K, capacity 3814K, committed 3836K, reserved 1048576K
}
2017-03-31T05:01:16.702+0200: 537.428: Total time for which application threads were stopped: 0.0288241 seconds, Stopping threads took: 0.0036971 seconds
{Heap before GC invocations=489 (full 1):
 par new generation   total 109248K, used 99001K [0x00000000e0000000, 0x00000000e8000000, 0x00000000e8000000)
  eden space 87424K, 100% used [0x00000000e0000000, 0x00000000e5560000, 0x00000000e5560000)
  from space 21824K,  53% used [0x00000000e6ab0000, 0x00000000e75fe6e8, 0x00000000e8000000)
  to   space 21824K,   0% used [0x00000000e5560000, 0x00000000e5560000, 0x00000000e6ab0000)
 concurrent mark-sweep generation total 393216K, used 15857K [0x00000000e8000000, 0x0000000100000000, 0x0000000100000000)
 Metaspace       used 34693K, capacity 35268K, committed 35552K, reserved 1081344K
  class space    used 3627K, capacity 3814K, committed 3836K, reserved 1048576K
2017-03-31T05:01:17.085+0200: 537.811: [GC (Allocation Failure) 2017-03-31T05:01:17.085+0200: 537.811: [ParNew
Desired survivor size 20112992 bytes, new threshold 8 (max 8)
- age   1:    4535304 bytes,    4535304 total
- age   2:    2256032 bytes,    6791336 total
- age   3:      10192 bytes,    6801528 total
- age   4:       5088 bytes,    6806616 total
- age   5:       6520 bytes,    6813136 total
- age   6:       6120 bytes,    6819256 total
- age   7:       9216 bytes,    6828472 total
- age   8:       6528 bytes,    6835000 total
: 99001K->8677K(109248K), 0.0279215 secs] 114858K->24541K(502464K), 0.0279832 secs] [Times: user=0.03 sys=0.00, real=0.03 secs] 
Heap after GC invocations=490 (full 1):
 par new generation   total 109248K, used 8677K [0x00000000e0000000, 0x00000000e8000000, 0x00000000e8000000)
  eden space 87424K,   0% used [0x00000000e0000000, 0x00000000e0000000, 0x00000000e5560000)
  from space 21824K,  39% used [0x00000000e5560000, 0x00000000e5dd96a0, 0x00000000e6ab0000)
  to   space 21824K,   0% used [0x00000000e6ab0000, 0x00000000e6ab0000, 0x00000000e8000000)
 concurrent mark-sweep generation total 393216K, used 15864K [0x00000000e8000000, 0x0000000100000000, 0x0000000100000000)
 Metaspace       used 34693K, capacity 35268K, committed 35552K, reserved 1081344K
  class space    used 3627K, capacity 3814K, committed 3836K, reserved 1048576K
}
2017-03-31T05:01:17.113+0200: 537.839: Total time for which application threads were stopped: 0.0301505 seconds, Stopping threads took: 0.0020195 seconds
{Heap before GC invocations=490 (full 1):
 par new generation   total 109248K, used 96077K [0x00000000e0000000, 0x00000000e8000000, 0x00000000e8000000)
  eden space 87424K,  99% used [0x00000000e0000000, 0x00000000e555a0d0, 0x00000000e5560000)
  from space 21824K,  39% used [0x00000000e5560000, 0x00000000e5dd96a0, 0x00000000e6ab0000)
  to   space 21824K,   0% used [0x00000000e6ab0000, 0x00000000e6ab0000, 0x00000000e8000000)
 concurrent mark-sweep generation total 393216K, used 15864K [0x00000000e8000000, 0x0000000100000000, 0x0000000100000000)
 Metaspace       used 34693K, capacity 35268K, committed 35552K, reserved 1081344K
  class space    used 3627K, capacity 3814K, committed 3836K, reserved 1048576K
2017-03-31T05:01:17.422+0200: 538.149: [GC (Allocation Failure) 2017-03-31T05:01:17.422+0200: 538.149: [ParNew
Desired survivor size 20112992 bytes, new threshold 8 (max 8)
- age   1:    3306344 bytes,    3306344 total
- age   2:    1892560 bytes,    5198904 total
- age   3:      13704 bytes,    5212608 total
- age   4:      10192 bytes,    5222800 total
- age   5:       5088 bytes,    5227888 total
- age   6:       6520 bytes,    5234408 total
- age   7:       6120 bytes,    5240528 total
- age   8:       9216 bytes,    5249744 total
: 96077K->7584K(109248K), 0.0228445 secs] 111942K->23455K(502464K), 0.0229051 secs] [Times: user=0.02 sys=0.00, real=0.02 secs] 
Heap after GC invocations=491 (full 1):
 par new generation   total 109248K, used 7584K [0x00000000e0000000, 0x00000000e8000000, 0x00000000e8000000)
  eden space 87424K,   0% used [0x00000000e0000000, 0x00000000e0000000, 0x00000000e5560000)
  from space 21824K,  34% used [0x00000000e6ab0000, 0x00000000e7218150, 0x00000000e8000000)
  to   space 21824K,   0% used [0x00000000e5560000, 0x00000000e5560000, 0x00000000e6ab0000)
 concurrent mark-sweep generation total 393216K, used 15870K [0x00000000e8000000, 0x0000000100000000, 0x0000000100000000)
 Metaspace       used 34693K, capacity 35268K, committed 35552K, reserved 1081344K
  class space    used 3627K, capacity 3814K, committed 3836K, reserved 1048576K
}
2017-03-31T05:01:17.445+0200: 538.172: Total time for which application threads were stopped: 0.0230694 seconds, Stopping threads took: 0.0000208 seconds
{Heap before GC invocations=491 (full 1):
 par new generation   total 109248K, used 95008K [0x00000000e0000000, 0x00000000e8000000, 0x00000000e8000000)
  eden space 87424K, 100% used [0x00000000e0000000, 0x00000000e5560000, 0x00000000e5560000)
  from space 21824K,  34% used [0x00000000e6ab0000, 0x00000000e7218150, 0x00000000e8000000)
  to   space 21824K,   0% used [0x00000000e5560000, 0x00000000e5560000, 0x00000000e6ab0000)
 concurrent mark-sweep generation total 393216K, used 15870K [0x00000000e8000000, 0x0000000100000000, 0x0000000100000000)
 Metaspace       used 34693K, capacity 35268K, committed 35552K, reserved 1081344K
  class space    used 3627K, capacity 3814K, committed 3836K, reserved 1048576K
2017-03-31T05:01:17.771+0200: 538.498: [GC (Allocation Failure) 2017-03-31T05:01:17.771+0200: 538.498: [ParNew
Desired survivor size 20112992 bytes, new threshold 8 (max 8)
- age   1:    3679376 bytes,    3679376 total
- age   2:    2788832 bytes,    6468208 total
- age   3:    1501400 bytes,    7969608 total
- age   4:       6888 bytes,    7976496 total
- age   5:      10192 bytes,    7986688 total
- age   6:       5088 bytes,    7991776 total
- age   7:       6520 bytes,    7998296 total
- age   8:       6120 bytes,    8004416 total
: 95008K->9678K(109248K), 0.0290304 secs] 110879K->25558K(502464K), 0.0291080 secs] [Times: user=0.03 sys=0.00, real=0.03 secs] 
Heap after GC invocations=492 (full 1):
 par new generation   total 109248K, used 9678K [0x00000000e0000000, 0x00000000e8000000, 0x00000000e8000000)
  eden space 87424K,   0% used [0x00000000e0000000, 0x00000000e0000000, 0x00000000e5560000)
  from space 21824K,  44% used [0x00000000e5560000, 0x00000000e5ed3910, 0x00000000e6ab0000)
  to   space 21824K,   0% used [0x00000000e6ab0000, 0x00000000e6ab0000, 0x00000000e8000000)
 concurrent mark-sweep generation total 393216K, used 15880K [0x00000000e8000000, 0x0000000100000000, 0x0000000100000000)
 Metaspace       used 34693K, capacity 35268K, committed 35552K, reserved 1081344K
  class space    used 3627K, capacity 3814K, committed 3836K, reserved 1048576K
}
2017-03-31T05:01:17.801+0200: 538.527: Total time for which application threads were stopped: 0.0292792 seconds, Stopping threads took: 0.0000288 seconds
{Heap before GC invocations=492 (full 1):
 par new generation   total 109248K, used 97100K [0x00000000e0000000, 0x00000000e8000000, 0x00000000e8000000)
  eden space 87424K,  99% used [0x00000000e0000000, 0x00000000e555f760, 0x00000000e5560000)
  from space 21824K,  44% used [0x00000000e5560000, 0x00000000e5ed3910, 0x00000000e6ab0000)
  to   space 21824K,   0% used [0x00000000e6ab0000, 0x00000000e6ab0000, 0x00000000e8000000)
 concurrent mark-sweep generation total 393216K, used 15880K [0x00000000e8000000, 0x0000000100000000, 0x0000000100000000)
 Metaspace       used 34693K, capacity 35268K, committed 35552K, reserved 1081344K
  class space    used 3627K, capacity 3814K, committed 3836K, reserved 1048576K
2017-03-31T05:01:18.230+0200: 538.957: [GC (Allocation Failure) 2017-03-31T05:01:18.230+0200: 538.957: [ParNew
Desired survivor size 20112992 bytes, new threshold 8 (max 8)
- age   1:    4886656 bytes,    4886656 total
- age   2:    2737464 bytes,    7624120 total
- age   3:       4696 bytes,    7628816 total
- age   4:       7224 bytes,    7636040 total
- age   5:       6696 bytes,    7642736 total
- age   6:      10192 bytes,    7652928 total
- age   7:       5088 bytes,    7658016 total
- age   8:       6472 bytes,    7664488 total
: 97100K->13107K(109248K), 0.0214310 secs] 112980K->28993K(502464K), 0.0214877 secs] [Times: user=0.02 sys=0.00, real=0.01 secs] 
Heap after GC invocations=493 (full 1):
 par new generation   total 109248K, used 13107K [0x00000000e0000000, 0x00000000e8000000, 0x00000000e8000000)
  eden space 87424K,   0% used [0x00000000e0000000, 0x00000000e0000000, 0x00000000e5560000)
  from space 21824K,  60% used [0x00000000e6ab0000, 0x00000000e777cf80, 0x00000000e8000000)
  to   space 21824K,   0% used [0x00000000e5560000, 0x00000000e5560000, 0x00000000e6ab0000)
 concurrent mark-sweep generation total 393216K, used 15886K [0x00000000e8000000, 0x0000000100000000, 0x0000000100000000)
 Metaspace       used 34693K, capacity 35268K, committed 35552K, reserved 1081344K
  class space    used 3627K, capacity 3814K, committed 3836K, reserved 1048576K
}
2017-03-31T05:01:18.252+0200: 538.978: Total time for which application threads were stopped: 0.0247309 seconds, Stopping threads took: 0.0030990 seconds
{Heap before GC invocations=493 (full 1):
 par new generation   total 109248K, used 100531K [0x00000000e0000000, 0x00000000e8000000, 0x00000000e8000000)
  eden space 87424K, 100% used [0x00000000e0000000, 0x00000000e5560000, 0x00000000e5560000)
  from space 21824K,  60% used [0x00000000e6ab0000, 0x00000000e777cf80, 0x00000000e8000000)
  to   space 21824K,   0% used [0x00000000e5560000, 0x00000000e5560000, 0x00000000e6ab0000)
 concurrent mark-sweep generation total 393216K, used 15886K [0x00000000e8000000, 0x0000000100000000, 0x0000000100000000)
 Metaspace       used 34693K, capacity 35268K, committed 35552K, reserved 1081344K
  class space    used 3627K, capacity 3814K, committed 3836K, reserved 1048576K
2017-03-31T05:01:18.669+0200: 539.395: [GC (Allocation Failure) 2017-03-31T05:01:18.669+0200: 539.395: [ParNew
Desired survivor size 20112992 bytes, new threshold 8 (max 8)
- age   1:    4336272 bytes,    4336272 total
- age   2:    2255112 bytes,    6591384 total
- age   3:       4736 bytes,    6596120 total
- age   4:       4568 bytes,    6600688 total
- age   5:       6968 bytes,    6607656 total
- age   6:       6504 bytes,    6614160 total
- age   7:      10192 bytes,    6624352 total
- age   8:       5088 bytes,    6629440 total
: 100531K->9651K(109248K), 0.0211703 secs] 116417K->25544K(502464K), 0.0212651 secs] [Times: user=0.02 sys=0.00, real=0.02 secs] 
Heap after GC invocations=494 (full 1):
 par new generation   total 109248K, used 9651K [0x00000000e0000000, 0x00000000e8000000, 0x00000000e8000000)
  eden space 87424K,   0% used [0x00000000e0000000, 0x00000000e0000000, 0x00000000e5560000)
  from space 21824K,  44% used [0x00000000e5560000, 0x00000000e5ecce90, 0x00000000e6ab0000)
  to   space 21824K,   0% used [0x00000000e6ab0000, 0x00000000e6ab0000, 0x00000000e8000000)
 concurrent mark-sweep generation total 393216K, used 15892K [0x00000000e8000000, 0x0000000100000000, 0x0000000100000000)
 Metaspace       used 34693K, capacity 35268K, committed 35552K, reserved 1081344K
  class space    used 3627K, capacity 3814K, committed 3836K, reserved 1048576K
}
2017-03-31T05:01:18.690+0200: 539.417: Total time for which application threads were stopped: 0.0235251 seconds, Stopping threads took: 0.0020633 seconds
{Heap before GC invocations=494 (full 1):
 par new generation   total 109248K, used 97075K [0x00000000e0000000, 0x00000000e8000000, 0x00000000e8000000)
  eden space 87424K, 100% used [0x00000000e0000000, 0x00000000e5560000, 0x00000000e5560000)
  from space 21824K,  44% used [0x00000000e5560000, 0x00000000e5ecce90, 0x00000000e6ab0000)
  to   space 21824K,   0% used [0x00000000e6ab0000, 0x00000000e6ab0000, 0x00000000e8000000)
 concurrent mark-sweep generation total 393216K, used 15892K [0x00000000e8000000, 0x0000000100000000, 0x0000000100000000)
 Metaspace       used 34693K, capacity 35268K, committed 35552K, reserved 1081344K
  class space    used 3627K, capacity 3814K, committed 3836K, reserved 1048576K
2017-03-31T05:01:19.130+0200: 539.857: [GC (Allocation Failure) 2017-03-31T05:01:19.131+0200: 539.857: [ParNew
Desired survivor size 20112992 bytes, new threshold 8 (max 8)
- age   1:    3618016 bytes,    3618016 total
- age   2:    1666456 bytes,    5284472 total
- age   3:      15168 bytes,    5299640 total
- age   4:       4736 bytes,    5304376 total
- age   5:       4568 bytes,    5308944 total
- age   6:       6968 bytes,    5315912 total
- age   7:       6504 bytes,    5322416 total
- age   8:      10192 bytes,    5332608 total
: 97075K->8263K(109248K), 0.0193130 secs] 112968K->24160K(502464K), 0.0193829 secs] [Times: user=0.02 sys=0.00, real=0.02 secs] 
Heap after GC invocations=495 (full 1):
 par new generation   total 109248K, used 8263K [0x00000000e0000000, 0x00000000e8000000, 0x00000000e8000000)
  eden space 87424K,   0% used [0x00000000e0000000, 0x00000000e0000000, 0x00000000e5560000)
  from space 21824K,  37% used [0x00000000e6ab0000, 0x00000000e72c1c30, 0x00000000e8000000)
  to   space 21824K,   0% used [0x00000000e5560000, 0x00000000e5560000, 0x00000000e6ab0000)
 concurrent mark-sweep generation total 393216K, used 15897K [0x00000000e8000000, 0x0000000100000000, 0x0000000100000000)
 Metaspace       used 34693K, capacity 35268K, committed 35552K, reserved 1081344K
  class space    used 3627K, capacity 3814K, committed 3836K, reserved 1048576K
}
2017-03-31T05:01:19.150+0200: 539.876: Total time for which application threads were stopped: 0.0195384 seconds, Stopping threads took: 0.0000181 seconds
{Heap before GC invocations=495 (full 1):
 par new generation   total 109248K, used 95687K [0x00000000e0000000, 0x00000000e8000000, 0x00000000e8000000)
  eden space 87424K, 100% used [0x00000000e0000000, 0x00000000e5560000, 0x00000000e5560000)
  from space 21824K,  37% used [0x00000000e6ab0000, 0x00000000e72c1c30, 0x00000000e8000000)
  to   space 21824K,   0% used [0x00000000e5560000, 0x00000000e5560000, 0x00000000e6ab0000)
 concurrent mark-sweep generation total 393216K, used 15897K [0x00000000e8000000, 0x0000000100000000, 0x0000000100000000)
 Metaspace       used 34693K, capacity 35268K, committed 35552K, reserved 1081344K
  class space    used 3627K, capacity 3814K, committed 3836K, reserved 1048576K
2017-03-31T05:01:19.592+0200: 540.318: [GC (Allocation Failure) 2017-03-31T05:01:19.592+0200: 540.318: [ParNew
Desired survivor size 20112992 bytes, new threshold 8 (max 8)
- age   1:    3519544 bytes,    3519544 total
- age   2:    2992440 bytes,    6511984 total
- age   3:    1275728 bytes,    7787712 total
- age   4:       7920 bytes,    7795632 total
- age   5:       4736 bytes,    7800368 total
- age   6:       4568 bytes,    7804936 total
- age   7:       6968 bytes,    7811904 total
- age   8:       6504 bytes,    7818408 total
: 95687K->9364K(109248K), 0.0187039 secs] 111584K->25272K(502464K), 0.0187583 secs] [Times: user=0.01 sys=0.01, real=0.02 secs] 
Heap after GC invocations=496 (full 1):
 par new generation   total 109248K, used 9364K [0x00000000e0000000, 0x00000000e8000000, 0x00000000e8000000)
  eden space 87424K,   0% used [0x00000000e0000000, 0x00000000e0000000, 0x00000000e5560000)
  from space 21824K,  42% used [0x00000000e5560000, 0x00000000e5e85380, 0x00000000e6ab0000)
  to   space 21824K,   0% used [0x00000000e6ab0000, 0x00000000e6ab0000, 0x00000000e8000000)
 concurrent mark-sweep generation total 393216K, used 15907K [0x00000000e8000000, 0x0000000100000000, 0x0000000100000000)
 Metaspace       used 34693K, capacity 35268K, committed 35552K, reserved 1081344K
  class space    used 3627K, capacity 3814K, committed 3836K, reserved 1048576K
}
2017-03-31T05:01:19.611+0200: 540.337: Total time for which application threads were stopped: 0.0209528 seconds, Stopping threads took: 0.0020522 seconds
{Heap before GC invocations=496 (full 1):
 par new generation   total 109248K, used 96788K [0x00000000e0000000, 0x00000000e8000000, 0x00000000e8000000)
  eden space 87424K, 100% used [0x00000000e0000000, 0x00000000e5560000, 0x00000000e5560000)
  from space 21824K,  42% used [0x00000000e5560000, 0x00000000e5e85380, 0x00000000e6ab0000)
  to   space 21824K,   0% used [0x00000000e6ab0000, 0x00000000e6ab0000, 0x00000000e8000000)
 concurrent mark-sweep generation total 393216K, used 15907K [0x00000000e8000000, 0x0000000100000000, 0x0000000100000000)
 Metaspace       used 34693K, capacity 35268K, committed 35552K, reserved 1081344K
  class space    used 3627K, capacity 3814K, committed 3836K, reserved 1048576K
2017-03-31T05:01:20.011+0200: 540.737: [GC (Allocation Failure) 2017-03-31T05:01:20.011+0200: 540.737: [ParNew
Desired survivor size 20112992 bytes, new threshold 8 (max 8)
- age   1:    4558688 bytes,    4558688 total
- age   2:    2632696 bytes,    7191384 total
- age   3:       5376 bytes,    7196760 total
- age   4:       8648 bytes,    7205408 total
- age   5:       7536 bytes,    7212944 total
- age   6:       4712 bytes,    7217656 total
- age   7:       4568 bytes,    7222224 total
- age   8:       6840 bytes,    7229064 total
: 96788K->12036K(109248K), 0.0165541 secs] 112696K->27950K(502464K), 0.0166268 secs] [Times: user=0.02 sys=0.00, real=0.01 secs] 
Heap after GC invocations=497 (full 1):
 par new generation   total 109248K, used 12036K [0x00000000e0000000, 0x00000000e8000000, 0x00000000e8000000)
  eden space 87424K,   0% used [0x00000000e0000000, 0x00000000e0000000, 0x00000000e5560000)
  from space 21824K,  55% used [0x00000000e6ab0000, 0x00000000e7671300, 0x00000000e8000000)
  to   space 21824K,   0% used [0x00000000e5560000, 0x00000000e5560000, 0x00000000e6ab0000)
 concurrent mark-sweep generation total 393216K, used 15913K [0x00000000e8000000, 0x0000000100000000, 0x0000000100000000)
 Metaspace       used 34693K, capacity 35268K, committed 35552K, reserved 1081344K
  class space    used 3627K, capacity 3814K, committed 3836K, reserved 1048576K
}
2017-03-31T05:01:20.027+0200: 540.754: Total time for which application threads were stopped: 0.0167798 seconds, Stopping threads took: 0.0000294 seconds
{Heap before GC invocations=497 (full 1):
 par new generation   total 109248K, used 99460K [0x00000000e0000000, 0x00000000e8000000, 0x00000000e8000000)
  eden space 87424K, 100% used [0x00000000e0000000, 0x00000000e5560000, 0x00000000e5560000)
  from space 21824K,  55% used [0x00000000e6ab0000, 0x00000000e7671300, 0x00000000e8000000)
  to   space 21824K,   0% used [0x00000000e5560000, 0x00000000e5560000, 0x00000000e6ab0000)
 concurrent mark-sweep generation total 393216K, used 15913K [0x00000000e8000000, 0x0000000100000000, 0x0000000100000000)
 Metaspace       used 34693K, capacity 35268K, committed 35552K, reserved 1081344K
  class space    used 3627K, capacity 3814K, committed 3836K, reserved 1048576K
2017-03-31T05:01:20.434+0200: 541.161: [GC (Allocation Failure) 2017-03-31T05:01:20.434+0200: 541.161: [ParNew
Desired survivor size 20112992 bytes, new threshold 8 (max 8)
- age   1:    4358624 bytes,    4358624 total
- age   2:    2170528 bytes,    6529152 total
- age   3:       5768 bytes,    6534920 total
- age   4:       5376 bytes,    6540296 total
- age   5:       8456 bytes,    6548752 total
- age   6:       7536 bytes,    6556288 total
- age   7:       4712 bytes,    6561000 total
- age   8:       4568 bytes,    6565568 total
: 99460K->8173K(109248K), 0.0199293 secs] 115374K->24094K(502464K), 0.0199939 secs] [Times: user=0.02 sys=0.00, real=0.02 secs] 
Heap after GC invocations=498 (full 1):
 par new generation   total 109248K, used 8173K [0x00000000e0000000, 0x00000000e8000000, 0x00000000e8000000)
  eden space 87424K,   0% used [0x00000000e0000000, 0x00000000e0000000, 0x00000000e5560000)
  from space 21824K,  37% used [0x00000000e5560000, 0x00000000e5d5b700, 0x00000000e6ab0000)
  to   space 21824K,   0% used [0x00000000e6ab0000, 0x00000000e6ab0000, 0x00000000e8000000)
 concurrent mark-sweep generation total 393216K, used 15920K [0x00000000e8000000, 0x0000000100000000, 0x0000000100000000)
 Metaspace       used 34693K, capacity 35268K, committed 35552K, reserved 1081344K
  class space    used 3627K, capacity 3814K, committed 3836K, reserved 1048576K
}
2017-03-31T05:01:20.454+0200: 541.181: Total time for which application threads were stopped: 0.0221762 seconds, Stopping threads took: 0.0020188 seconds
{Heap before GC invocations=498 (full 1):
 par new generation   total 109248K, used 95584K [0x00000000e0000000, 0x00000000e8000000, 0x00000000e8000000)
  eden space 87424K,  99% used [0x00000000e0000000, 0x00000000e555cb38, 0x00000000e5560000)
  from space 21824K,  37% used [0x00000000e5560000, 0x00000000e5d5b700, 0x00000000e6ab0000)
  to   space 21824K,   0% used [0x00000000e6ab0000, 0x00000000e6ab0000, 0x00000000e8000000)
 concurrent mark-sweep generation total 393216K, used 15920K [0x00000000e8000000, 0x0000000100000000, 0x0000000100000000)
 Metaspace       used 34693K, capacity 35268K, committed 35552K, reserved 1081344K
  class space    used 3627K, capacity 3814K, committed 3836K, reserved 1048576K
2017-03-31T05:01:20.764+0200: 541.491: [GC (Allocation Failure) 2017-03-31T05:01:20.764+0200: 541.491: [ParNew
Desired survivor size 20112992 bytes, new threshold 8 (max 8)
- age   1:    3246392 bytes,    3246392 total
- age   2:    1623656 bytes,    4870048 total
- age   3:      14184 bytes,    4884232 total
- age   4:       5704 bytes,    4889936 total
- age   5:       5312 bytes,    4895248 total
- age   6:       8456 bytes,    4903704 total
- age   7:       7536 bytes,    4911240 total
- age   8:       4712 bytes,    4915952 total
: 95584K->8439K(109248K), 0.0161839 secs] 111505K->24364K(502464K), 0.0162533 secs] [Times: user=0.01 sys=0.00, real=0.02 secs] 
Heap after GC invocations=499 (full 1):
 par new generation   total 109248K, used 8439K [0x00000000e0000000, 0x00000000e8000000, 0x00000000e8000000)
  eden space 87424K,   0% used [0x00000000e0000000, 0x00000000e0000000, 0x00000000e5560000)
  from space 21824K,  38% used [0x00000000e6ab0000, 0x00000000e72edd20, 0x00000000e8000000)
  to   space 21824K,   0% used [0x00000000e5560000, 0x00000000e5560000, 0x00000000e6ab0000)
 concurrent mark-sweep generation total 393216K, used 15925K [0x00000000e8000000, 0x0000000100000000, 0x0000000100000000)
 Metaspace       used 34693K, capacity 35268K, committed 35552K, reserved 1081344K
  class space    used 3627K, capacity 3814K, committed 3836K, reserved 1048576K
}
2017-03-31T05:01:20.781+0200: 541.507: Total time for which application threads were stopped: 0.0164038 seconds, Stopping threads took: 0.0000188 seconds
{Heap before GC invocations=499 (full 1):
 par new generation   total 109248K, used 95863K [0x00000000e0000000, 0x00000000e8000000, 0x00000000e8000000)
  eden space 87424K, 100% used [0x00000000e0000000, 0x00000000e5560000, 0x00000000e5560000)
  from space 21824K,  38% used [0x00000000e6ab0000, 0x00000000e72edd20, 0x00000000e8000000)
  to   space 21824K,   0% used [0x00000000e5560000, 0x00000000e5560000, 0x00000000e6ab0000)
 concurrent mark-sweep generation total 393216K, used 15925K [0x00000000e8000000, 0x0000000100000000, 0x0000000100000000)
 Metaspace       used 34693K, capacity 35268K, committed 35552K, reserved 1081344K
  class space    used 3627K, capacity 3814K, committed 3836K, reserved 1048576K
2017-03-31T05:01:21.154+0200: 541.881: [GC (Allocation Failure) 2017-03-31T05:01:21.154+0200: 541.881: [ParNew
Desired survivor size 20112992 bytes, new threshold 8 (max 8)
- age   1:    3648048 bytes,    3648048 total
- age   2:    3024224 bytes,    6672272 total
- age   3:    1232752 bytes,    7905024 total
- age   4:       7368 bytes,    7912392 total
- age   5:       5640 bytes,    7918032 total
- age   6:       5312 bytes,    7923344 total
- age   7:       8456 bytes,    7931800 total
- age   8:       7536 bytes,    7939336 total
: 95863K->9123K(109248K), 0.0218046 secs] 111788K->25053K(502464K), 0.0218939 secs] [Times: user=0.02 sys=0.00, real=0.03 secs] 
Heap after GC invocations=500 (full 1):
 par new generation   total 109248K, used 9123K [0x00000000e0000000, 0x00000000e8000000, 0x00000000e8000000)
  eden space 87424K,   0% used [0x00000000e0000000, 0x00000000e0000000, 0x00000000e5560000)
  from space 21824K,  41% used [0x00000000e5560000, 0x00000000e5e48e10, 0x00000000e6ab0000)
  to   space 21824K,   0% used [0x00000000e6ab0000, 0x00000000e6ab0000, 0x00000000e8000000)
 concurrent mark-sweep generation total 393216K, used 15929K [0x00000000e8000000, 0x0000000100000000, 0x0000000100000000)
 Metaspace       used 34693K, capacity 35268K, committed 35552K, reserved 1081344K
  class space    used 3627K, capacity 3814K, committed 3836K, reserved 1048576K
}
2017-03-31T05:01:21.176+0200: 541.903: Total time for which application threads were stopped: 0.0221246 seconds, Stopping threads took: 0.0000351 seconds
{Heap before GC invocations=500 (full 1):
 par new generation   total 109248K, used 96547K [0x00000000e0000000, 0x00000000e8000000, 0x00000000e8000000)
  eden space 87424K, 100% used [0x00000000e0000000, 0x00000000e5560000, 0x00000000e5560000)
  from space 21824K,  41% used [0x00000000e5560000, 0x00000000e5e48e10, 0x00000000e6ab0000)
  to   space 21824K,   0% used [0x00000000e6ab0000, 0x00000000e6ab0000, 0x00000000e8000000)
 concurrent mark-sweep generation total 393216K, used 15929K [0x00000000e8000000, 0x0000000100000000, 0x0000000100000000)
 Metaspace       used 34693K, capacity 35268K, committed 35552K, reserved 1081344K
  class space    used 3627K, capacity 3814K, committed 3836K, reserved 1048576K
2017-03-31T05:01:21.669+0200: 542.395: [GC (Allocation Failure) 2017-03-31T05:01:21.669+0200: 542.395: [ParNew
Desired survivor size 20112992 bytes, new threshold 8 (max 8)
- age   1:    4649008 bytes,    4649008 total
- age   2:    2614240 bytes,    7263248 total
- age   3:       5520 bytes,    7268768 total
- age   4:       6704 bytes,    7275472 total
- age   5:       7368 bytes,    7282840 total
- age   6:       5424 bytes,    7288264 total
- age   7:       5312 bytes,    7293576 total
- age   8:       8456 bytes,    7302032 total
: 96547K->11316K(109248K), 0.0176581 secs] 112477K->27253K(502464K), 0.0177875 secs] [Times: user=0.01 sys=0.00, real=0.01 secs] 
Heap after GC invocations=501 (full 1):
 par new generation   total 109248K, used 11316K [0x00000000e0000000, 0x00000000e8000000, 0x00000000e8000000)
  eden space 87424K,   0% used [0x00000000e0000000, 0x00000000e0000000, 0x00000000e5560000)
  from space 21824K,  51% used [0x00000000e6ab0000, 0x00000000e75bd298, 0x00000000e8000000)
  to   space 21824K,   0% used [0x00000000e5560000, 0x00000000e5560000, 0x00000000e6ab0000)
 concurrent mark-sweep generation total 393216K, used 15937K [0x00000000e8000000, 0x0000000100000000, 0x0000000100000000)
 Metaspace       used 34693K, capacity 35268K, committed 35552K, reserved 1081344K
  class space    used 3627K, capacity 3814K, committed 3836K, reserved 1048576K
}
2017-03-31T05:01:21.687+0200: 542.413: Total time for which application threads were stopped: 0.0179716 seconds, Stopping threads took: 0.0000351 seconds
{Heap before GC invocations=501 (full 1):
 par new generation   total 109248K, used 98740K [0x00000000e0000000, 0x00000000e8000000, 0x00000000e8000000)
  eden space 87424K, 100% used [0x00000000e0000000, 0x00000000e5560000, 0x00000000e5560000)
  from space 21824K,  51% used [0x00000000e6ab0000, 0x00000000e75bd298, 0x00000000e8000000)
  to   space 21824K,   0% used [0x00000000e5560000, 0x00000000e5560000, 0x00000000e6ab0000)
 concurrent mark-sweep generation total 393216K, used 15937K [0x00000000e8000000, 0x0000000100000000, 0x0000000100000000)
 Metaspace       used 34693K, capacity 35268K, committed 35552K, reserved 1081344K
  class space    used 3627K, capacity 3814K, committed 3836K, reserved 1048576K
2017-03-31T05:01:22.069+0200: 542.795: [GC (Allocation Failure) 2017-03-31T05:01:22.069+0200: 542.795: [ParNew
Desired survivor size 20112992 bytes, new threshold 8 (max 8)
- age   1:    4122280 bytes,    4122280 total
- age   2:    2229288 bytes,    6351568 total
- age   3:       4304 bytes,    6355872 total
- age   4:       4880 bytes,    6360752 total
- age   5:       6576 bytes,    6367328 total
- age   6:       7368 bytes,    6374696 total
- age   7:       5424 bytes,    6380120 total
- age   8:       5312 bytes,    6385432 total
: 98740K->8498K(109248K), 0.0199469 secs] 114677K->24443K(502464K), 0.0200178 secs] [Times: user=0.02 sys=0.00, real=0.01 secs] 
Heap after GC invocations=502 (full 1):
 par new generation   total 109248K, used 8498K [0x00000000e0000000, 0x00000000e8000000, 0x00000000e8000000)
  eden space 87424K,   0% used [0x00000000e0000000, 0x00000000e0000000, 0x00000000e5560000)
  from space 21824K,  38% used [0x00000000e5560000, 0x00000000e5dac9c0, 0x00000000e6ab0000)
  to   space 21824K,   0% used [0x00000000e6ab0000, 0x00000000e6ab0000, 0x00000000e8000000)
 concurrent mark-sweep generation total 393216K, used 15945K [0x00000000e8000000, 0x0000000100000000, 0x0000000100000000)
 Metaspace       used 34693K, capacity 35268K, committed 35552K, reserved 1081344K
  class space    used 3627K, capacity 3814K, committed 3836K, reserved 1048576K
}
2017-03-31T05:01:22.089+0200: 542.815: Total time for which application threads were stopped: 0.0241298 seconds, Stopping threads took: 0.0039273 seconds
{Heap before GC invocations=502 (full 1):
 par new generation   total 109248K, used 95922K [0x00000000e0000000, 0x00000000e8000000, 0x00000000e8000000)
  eden space 87424K, 100% used [0x00000000e0000000, 0x00000000e5560000, 0x00000000e5560000)
  from space 21824K,  38% used [0x00000000e5560000, 0x00000000e5dac9c0, 0x00000000e6ab0000)
  to   space 21824K,   0% used [0x00000000e6ab0000, 0x00000000e6ab0000, 0x00000000e8000000)
 concurrent mark-sweep generation total 393216K, used 15945K [0x00000000e8000000, 0x0000000100000000, 0x0000000100000000)
 Metaspace       used 34693K, capacity 35268K, committed 35552K, reserved 1081344K
  class space    used 3627K, capacity 3814K, committed 3836K, reserved 1048576K
2017-03-31T05:01:22.356+0200: 543.083: [GC (Allocation Failure) 2017-03-31T05:01:22.356+0200: 543.083: [ParNew
Desired survivor size 20112992 bytes, new threshold 8 (max 8)
- age   1:    3534344 bytes,    3534344 total
- age   2:    3499032 bytes,    7033376 total
- age   3:    1924168 bytes,    8957544 total
- age   4:       4240 bytes,    8961784 total
- age   5:       4752 bytes,    8966536 total
- age   6:       6576 bytes,    8973112 total
- age   7:       7368 bytes,    8980480 total
- age   8:       5424 bytes,    8985904 total
: 95922K->11158K(109248K), 0.0266773 secs] 111867K->27109K(502464K), 0.0267539 secs] [Times: user=0.02 sys=0.00, real=0.03 secs] 
Heap after GC invocations=503 (full 1):
 par new generation   total 109248K, used 11158K [0x00000000e0000000, 0x00000000e8000000, 0x00000000e8000000)
  eden space 87424K,   0% used [0x00000000e0000000, 0x00000000e0000000, 0x00000000e5560000)
  from space 21824K,  51% used [0x00000000e6ab0000, 0x00000000e7595b80, 0x00000000e8000000)
  to   space 21824K,   0% used [0x00000000e5560000, 0x00000000e5560000, 0x00000000e6ab0000)
 concurrent mark-sweep generation total 393216K, used 15950K [0x00000000e8000000, 0x0000000100000000, 0x0000000100000000)
 Metaspace       used 34693K, capacity 35268K, committed 35552K, reserved 1081344K
  class space    used 3627K, capacity 3814K, committed 3836K, reserved 1048576K
}
2017-03-31T05:01:22.383+0200: 543.109: Total time for which application threads were stopped: 0.0269385 seconds, Stopping threads took: 0.0000307 seconds
{Heap before GC invocations=503 (full 1):
 par new generation   total 109248K, used 98582K [0x00000000e0000000, 0x00000000e8000000, 0x00000000e8000000)
  eden space 87424K, 100% used [0x00000000e0000000, 0x00000000e5560000, 0x00000000e5560000)
  from space 21824K,  51% used [0x00000000e6ab0000, 0x00000000e7595b80, 0x00000000e8000000)
  to   space 21824K,   0% used [0x00000000e5560000, 0x00000000e5560000, 0x00000000e6ab0000)
 concurrent mark-sweep generation total 393216K, used 15950K [0x00000000e8000000, 0x0000000100000000, 0x0000000100000000)
 Metaspace       used 34693K, capacity 35268K, committed 35552K, reserved 1081344K
  class space    used 3627K, capacity 3814K, committed 3836K, reserved 1048576K
2017-03-31T05:01:22.824+0200: 543.551: [GC (Allocation Failure) 2017-03-31T05:01:22.824+0200: 543.551: [ParNew
Desired survivor size 20112992 bytes, new threshold 8 (max 8)
- age   1:    3804448 bytes,    3804448 total
- age   2:    3059960 bytes,    6864408 total
- age   3:     699544 bytes,    7563952 total
- age   4:       7664 bytes,    7571616 total
- age   5:       4240 bytes,    7575856 total
- age   6:       4752 bytes,    7580608 total
- age   7:       6576 bytes,    7587184 total
- age   8:       7344 bytes,    7594528 total
: 98582K->12912K(109248K), 0.0275932 secs] 114533K->28868K(502464K), 0.0276569 secs] [Times: user=0.02 sys=0.01, real=0.03 secs] 
Heap after GC invocations=504 (full 1):
 par new generation   total 109248K, used 12912K [0x00000000e0000000, 0x00000000e8000000, 0x00000000e8000000)
  eden space 87424K,   0% used [0x00000000e0000000, 0x00000000e0000000, 0x00000000e5560000)
  from space 21824K,  59% used [0x00000000e5560000, 0x00000000e61fc1f0, 0x00000000e6ab0000)
  to   space 21824K,   0% used [0x00000000e6ab0000, 0x00000000e6ab0000, 0x00000000e8000000)
 concurrent mark-sweep generation total 393216K, used 15956K [0x00000000e8000000, 0x0000000100000000, 0x0000000100000000)
 Metaspace       used 34693K, capacity 35268K, committed 35552K, reserved 1081344K
  class space    used 3627K, capacity 3814K, committed 3836K, reserved 1048576K
}
2017-03-31T05:01:22.852+0200: 543.578: Total time for which application threads were stopped: 0.0278284 seconds, Stopping threads took: 0.0000295 seconds
{Heap before GC invocations=504 (full 1):
 par new generation   total 109248K, used 100336K [0x00000000e0000000, 0x00000000e8000000, 0x00000000e8000000)
  eden space 87424K, 100% used [0x00000000e0000000, 0x00000000e5560000, 0x00000000e5560000)
  from space 21824K,  59% used [0x00000000e5560000, 0x00000000e61fc1f0, 0x00000000e6ab0000)
  to   space 21824K,   0% used [0x00000000e6ab0000, 0x00000000e6ab0000, 0x00000000e8000000)
 concurrent mark-sweep generation total 393216K, used 15956K [0x00000000e8000000, 0x0000000100000000, 0x0000000100000000)
 Metaspace       used 34693K, capacity 35268K, committed 35552K, reserved 1081344K
  class space    used 3627K, capacity 3814K, committed 3836K, reserved 1048576K
2017-03-31T05:01:23.227+0200: 543.954: [GC (Allocation Failure) 2017-03-31T05:01:23.227+0200: 543.954: [ParNew
Desired survivor size 20112992 bytes, new threshold 8 (max 8)
- age   1:    4453632 bytes,    4453632 total
- age   2:    2476240 bytes,    6929872 total
- age   3:       3528 bytes,    6933400 total
- age   4:      11296 bytes,    6944696 total
- age   5:       7664 bytes,    6952360 total
- age   6:       4240 bytes,    6956600 total
- age   7:       4688 bytes,    6961288 total
- age   8:       6552 bytes,    6967840 total
: 100336K->8322K(109248K), 0.0205912 secs] 116292K->24285K(502464K), 0.0207399 secs] [Times: user=0.02 sys=0.00, real=0.03 secs] 
Heap after GC invocations=505 (full 1):
 par new generation   total 109248K, used 8322K [0x00000000e0000000, 0x00000000e8000000, 0x00000000e8000000)
  eden space 87424K,   0% used [0x00000000e0000000, 0x00000000e0000000, 0x00000000e5560000)
  from space 21824K,  38% used [0x00000000e6ab0000, 0x00000000e72d0908, 0x00000000e8000000)
  to   space 21824K,   0% used [0x00000000e5560000, 0x00000000e5560000, 0x00000000e6ab0000)
 concurrent mark-sweep generation total 393216K, used 15962K [0x00000000e8000000, 0x0000000100000000, 0x0000000100000000)
 Metaspace       used 34693K, capacity 35268K, committed 35552K, reserved 1081344K
  class space    used 3627K, capacity 3814K, committed 3836K, reserved 1048576K
}
2017-03-31T05:01:23.248+0200: 543.974: Total time for which application threads were stopped: 0.0211346 seconds, Stopping threads took: 0.0000383 seconds
{Heap before GC invocations=505 (full 1):
 par new generation   total 109248K, used 95746K [0x00000000e0000000, 0x00000000e8000000, 0x00000000e8000000)
  eden space 87424K, 100% used [0x00000000e0000000, 0x00000000e5560000, 0x00000000e5560000)
  from space 21824K,  38% used [0x00000000e6ab0000, 0x00000000e72d0908, 0x00000000e8000000)
  to   space 21824K,   0% used [0x00000000e5560000, 0x00000000e5560000, 0x00000000e6ab0000)
 concurrent mark-sweep generation total 393216K, used 15962K [0x00000000e8000000, 0x0000000100000000, 0x0000000100000000)
 Metaspace       used 34693K, capacity 35268K, committed 35552K, reserved 1081344K
  class space    used 3627K, capacity 3814K, committed 3836K, reserved 1048576K
2017-03-31T05:01:23.580+0200: 544.306: [GC (Allocation Failure) 2017-03-31T05:01:23.580+0200: 544.306: [ParNew
Desired survivor size 20112992 bytes, new threshold 8 (max 8)
- age   1:    3179968 bytes,    3179968 total
- age   2:    1906816 bytes,    5086784 total
- age   3:      15720 bytes,    5102504 total
- age   4:       3528 bytes,    5106032 total
- age   5:      11168 bytes,    5117200 total
- age   6:       7536 bytes,    5124736 total
- age   7:       4240 bytes,    5128976 total
- age   8:       4688 bytes,    5133664 total
: 95746K->9042K(109248K), 0.0201678 secs] 111709K->25011K(502464K), 0.0202550 secs] [Times: user=0.02 sys=0.00, real=0.02 secs] 
Heap after GC invocations=506 (full 1):
 par new generation   total 109248K, used 9042K [0x00000000e0000000, 0x00000000e8000000, 0x00000000e8000000)
  eden space 87424K,   0% used [0x00000000e0000000, 0x00000000e0000000, 0x00000000e5560000)
  from space 21824K,  41% used [0x00000000e5560000, 0x00000000e5e348c0, 0x00000000e6ab0000)
  to   space 21824K,   0% used [0x00000000e6ab0000, 0x00000000e6ab0000, 0x00000000e8000000)
 concurrent mark-sweep generation total 393216K, used 15969K [0x00000000e8000000, 0x0000000100000000, 0x0000000100000000)
 Metaspace       used 34693K, capacity 35268K, committed 35552K, reserved 1081344K
  class space    used 3627K, capacity 3814K, committed 3836K, reserved 1048576K
}
2017-03-31T05:01:23.600+0200: 544.326: Total time for which application threads were stopped: 0.0205560 seconds, Stopping threads took: 0.0000748 seconds
{Heap before GC invocations=506 (full 1):
 par new generation   total 109248K, used 96466K [0x00000000e0000000, 0x00000000e8000000, 0x00000000e8000000)
  eden space 87424K, 100% used [0x00000000e0000000, 0x00000000e5560000, 0x00000000e5560000)
  from space 21824K,  41% used [0x00000000e5560000, 0x00000000e5e348c0, 0x00000000e6ab0000)
  to   space 21824K,   0% used [0x00000000e6ab0000, 0x00000000e6ab0000, 0x00000000e8000000)
 concurrent mark-sweep generation total 393216K, used 15969K [0x00000000e8000000, 0x0000000100000000, 0x0000000100000000)
 Metaspace       used 34693K, capacity 35268K, committed 35552K, reserved 1081344K
  class space    used 3627K, capacity 3814K, committed 3836K, reserved 1048576K
2017-03-31T05:01:23.922+0200: 544.648: [GC (Allocation Failure) 2017-03-31T05:01:23.922+0200: 544.648: [ParNew
Desired survivor size 20112992 bytes, new threshold 8 (max 8)
- age   1:    3575744 bytes,    3575744 total
- age   2:    2928888 bytes,    6504632 total
- age   3:    1513064 bytes,    8017696 total
- age   4:       6568 bytes,    8024264 total
- age   5:       3528 bytes,    8027792 total
- age   6:      11104 bytes,    8038896 total
- age   7:       7472 bytes,    8046368 total
- age   8:       4240 bytes,    8050608 total
: 96466K->9624K(109248K), 0.0248291 secs] 112435K->25598K(502464K), 0.0248934 secs] [Times: user=0.03 sys=0.00, real=0.02 secs] 
Heap after GC invocations=507 (full 1):
 par new generation   total 109248K, used 9624K [0x00000000e0000000, 0x00000000e8000000, 0x00000000e8000000)
  eden space 87424K,   0% used [0x00000000e0000000, 0x00000000e0000000, 0x00000000e5560000)
  from space 21824K,  44% used [0x00000000e6ab0000, 0x00000000e74161e8, 0x00000000e8000000)
  to   space 21824K,   0% used [0x00000000e5560000, 0x00000000e5560000, 0x00000000e6ab0000)
 concurrent mark-sweep generation total 393216K, used 15974K [0x00000000e8000000, 0x0000000100000000, 0x0000000100000000)
 Metaspace       used 34693K, capacity 35268K, committed 35552K, reserved 1081344K
  class space    used 3627K, capacity 3814K, committed 3836K, reserved 1048576K
}
2017-03-31T05:01:23.947+0200: 544.673: Total time for which application threads were stopped: 0.0250427 seconds, Stopping threads took: 0.0000285 seconds
{Heap before GC invocations=507 (full 1):
 par new generation   total 109248K, used 97048K [0x00000000e0000000, 0x00000000e8000000, 0x00000000e8000000)
  eden space 87424K, 100% used [0x00000000e0000000, 0x00000000e5560000, 0x00000000e5560000)
  from space 21824K,  44% used [0x00000000e6ab0000, 0x00000000e74161e8, 0x00000000e8000000)
  to   space 21824K,   0% used [0x00000000e5560000, 0x00000000e5560000, 0x00000000e6ab0000)
 concurrent mark-sweep generation total 393216K, used 15974K [0x00000000e8000000, 0x0000000100000000, 0x0000000100000000)
 Metaspace       used 34693K, capacity 35268K, committed 35552K, reserved 1081344K
  class space    used 3627K, capacity 3814K, committed 3836K, reserved 1048576K
2017-03-31T05:01:24.383+0200: 545.109: [GC (Allocation Failure) 2017-03-31T05:01:24.383+0200: 545.109: [ParNew
Desired survivor size 20112992 bytes, new threshold 8 (max 8)
- age   1:    4512192 bytes,    4512192 total
- age   2:    2746528 bytes,    7258720 total
- age   3:       4288 bytes,    7263008 total
- age   4:       6584 bytes,    7269592 total
- age   5:       6376 bytes,    7275968 total
- age   6:       3504 bytes,    7279472 total
- age   7:      11104 bytes,    7290576 total
- age   8:       7472 bytes,    7298048 total
: 97048K->12344K(109248K), 0.0343423 secs] 113022K->28322K(502464K), 0.0344122 secs] [Times: user=0.03 sys=0.00, real=0.04 secs] 
Heap after GC invocations=508 (full 1):
 par new generation   total 109248K, used 12344K [0x00000000e0000000, 0x00000000e8000000, 0x00000000e8000000)
  eden space 87424K,   0% used [0x00000000e0000000, 0x00000000e0000000, 0x00000000e5560000)
  from space 21824K,  56% used [0x00000000e5560000, 0x00000000e616e140, 0x00000000e6ab0000)
  to   space 21824K,   0% used [0x00000000e6ab0000, 0x00000000e6ab0000, 0x00000000e8000000)
 concurrent mark-sweep generation total 393216K, used 15978K [0x00000000e8000000, 0x0000000100000000, 0x0000000100000000)
 Metaspace       used 34693K, capacity 35268K, committed 35552K, reserved 1081344K
  class space    used 3627K, capacity 3814K, committed 3836K, reserved 1048576K
}
2017-03-31T05:01:24.417+0200: 545.143: Total time for which application threads were stopped: 0.0345692 seconds, Stopping threads took: 0.0000301 seconds
{Heap before GC invocations=508 (full 1):
 par new generation   total 109248K, used 99768K [0x00000000e0000000, 0x00000000e8000000, 0x00000000e8000000)
  eden space 87424K, 100% used [0x00000000e0000000, 0x00000000e5560000, 0x00000000e5560000)
  from space 21824K,  56% used [0x00000000e5560000, 0x00000000e616e140, 0x00000000e6ab0000)
  to   space 21824K,   0% used [0x00000000e6ab0000, 0x00000000e6ab0000, 0x00000000e8000000)
 concurrent mark-sweep generation total 393216K, used 15978K [0x00000000e8000000, 0x0000000100000000, 0x0000000100000000)
 Metaspace       used 34693K, capacity 35268K, committed 35552K, reserved 1081344K
  class space    used 3627K, capacity 3814K, committed 3836K, reserved 1048576K
2017-03-31T05:01:24.789+0200: 545.516: [GC (Allocation Failure) 2017-03-31T05:01:24.789+0200: 545.516: [ParNew
Desired survivor size 20112992 bytes, new threshold 8 (max 8)
- age   1:    3853152 bytes,    3853152 total
- age   2:    2221784 bytes,    6074936 total
- age   3:       4728 bytes,    6079664 total
- age   4:       4160 bytes,    6083824 total
- age   5:       6264 bytes,    6090088 total
- age   6:       6376 bytes,    6096464 total
- age   7:       3504 bytes,    6099968 total
- age   8:      11104 bytes,    6111072 total
: 99768K->8311K(109248K), 0.0167047 secs] 115746K->24297K(502464K), 0.0167752 secs] [Times: user=0.01 sys=0.00, real=0.01 secs] 
Heap after GC invocations=509 (full 1):
 par new generation   total 109248K, used 8311K [0x00000000e0000000, 0x00000000e8000000, 0x00000000e8000000)
  eden space 87424K,   0% used [0x00000000e0000000, 0x00000000e0000000, 0x00000000e5560000)
  from space 21824K,  38% used [0x00000000e6ab0000, 0x00000000e72cdfd0, 0x00000000e8000000)
  to   space 21824K,   0% used [0x00000000e5560000, 0x00000000e5560000, 0x00000000e6ab0000)
 concurrent mark-sweep generation total 393216K, used 15985K [0x00000000e8000000, 0x0000000100000000, 0x0000000100000000)
 Metaspace       used 34693K, capacity 35268K, committed 35552K, reserved 1081344K
  class space    used 3627K, capacity 3814K, committed 3836K, reserved 1048576K
}
2017-03-31T05:01:24.806+0200: 545.533: Total time for which application threads were stopped: 0.0171880 seconds, Stopping threads took: 0.0001765 seconds
{Heap before GC invocations=509 (full 1):
 par new generation   total 109248K, used 95735K [0x00000000e0000000, 0x00000000e8000000, 0x00000000e8000000)
  eden space 87424K, 100% used [0x00000000e0000000, 0x00000000e5560000, 0x00000000e5560000)
  from space 21824K,  38% used [0x00000000e6ab0000, 0x00000000e72cdfd0, 0x00000000e8000000)
  to   space 21824K,   0% used [0x00000000e5560000, 0x00000000e5560000, 0x00000000e6ab0000)
 concurrent mark-sweep generation total 393216K, used 15985K [0x00000000e8000000, 0x0000000100000000, 0x0000000100000000)
 Metaspace       used 34693K, capacity 35268K, committed 35552K, reserved 1081344K
  class space    used 3627K, capacity 3814K, committed 3836K, reserved 1048576K
2017-03-31T05:01:25.085+0200: 545.811: [GC (Allocation Failure) 2017-03-31T05:01:25.085+0200: 545.811: [ParNew
Desired survivor size 20112992 bytes, new threshold 8 (max 8)
- age   1:    3162752 bytes,    3162752 total
- age   2:    3498536 bytes,    6661288 total
- age   3:    1920888 bytes,    8582176 total
- age   4:       4728 bytes,    8586904 total
- age   5:       4160 bytes,    8591064 total
- age   6:       6264 bytes,    8597328 total
- age   7:       6376 bytes,    8603704 total
- age   8:       3504 bytes,    8607208 total
: 95735K->9974K(109248K), 0.0157342 secs] 111721K->25971K(502464K), 0.0158073 secs] [Times: user=0.02 sys=0.00, real=0.02 secs] 
Heap after GC invocations=510 (full 1):
 par new generation   total 109248K, used 9974K [0x00000000e0000000, 0x00000000e8000000, 0x00000000e8000000)
  eden space 87424K,   0% used [0x00000000e0000000, 0x00000000e0000000, 0x00000000e5560000)
  from space 21824K,  45% used [0x00000000e5560000, 0x00000000e5f1daa0, 0x00000000e6ab0000)
  to   space 21824K,   0% used [0x00000000e6ab0000, 0x00000000e6ab0000, 0x00000000e8000000)
 concurrent mark-sweep generation total 393216K, used 15996K [0x00000000e8000000, 0x0000000100000000, 0x0000000100000000)
 Metaspace       used 34693K, capacity 35268K, committed 35552K, reserved 1081344K
  class space    used 3627K, capacity 3814K, committed 3836K, reserved 1048576K
}
2017-03-31T05:01:25.101+0200: 545.827: Total time for which application threads were stopped: 0.0191146 seconds, Stopping threads took: 0.0031554 seconds
{Heap before GC invocations=510 (full 1):
 par new generation   total 109248K, used 97398K [0x00000000e0000000, 0x00000000e8000000, 0x00000000e8000000)
  eden space 87424K, 100% used [0x00000000e0000000, 0x00000000e5560000, 0x00000000e5560000)
  from space 21824K,  45% used [0x00000000e5560000, 0x00000000e5f1daa0, 0x00000000e6ab0000)
  to   space 21824K,   0% used [0x00000000e6ab0000, 0x00000000e6ab0000, 0x00000000e8000000)
 concurrent mark-sweep generation total 393216K, used 15996K [0x00000000e8000000, 0x0000000100000000, 0x0000000100000000)
 Metaspace       used 34694K, capacity 35268K, committed 35552K, reserved 1081344K
  class space    used 3627K, capacity 3814K, committed 3836K, reserved 1048576K
2017-03-31T05:01:25.495+0200: 546.222: [GC (Allocation Failure) 2017-03-31T05:01:25.495+0200: 546.222: [ParNew
Desired survivor size 20112992 bytes, new threshold 8 (max 8)
- age   1:    4463576 bytes,    4463576 total
- age   2:    2405456 bytes,    6869032 total
- age   3:     723344 bytes,    7592376 total
- age   4:       7232 bytes,    7599608 total
- age   5:       4600 bytes,    7604208 total
- age   6:       4032 bytes,    7608240 total
- age   7:       6264 bytes,    7614504 total
- age   8:       6376 bytes,    7620880 total
: 97398K->12375K(109248K), 0.0224910 secs] 113395K->28375K(502464K), 0.0225698 secs] [Times: user=0.03 sys=0.00, real=0.03 secs] 
Heap after GC invocations=511 (full 1):
 par new generation   total 109248K, used 12375K [0x00000000e0000000, 0x00000000e8000000, 0x00000000e8000000)
  eden space 87424K,   0% used [0x00000000e0000000, 0x00000000e0000000, 0x00000000e5560000)
  from space 21824K,  56% used [0x00000000e6ab0000, 0x00000000e76c5c10, 0x00000000e8000000)
  to   space 21824K,   0% used [0x00000000e5560000, 0x00000000e5560000, 0x00000000e6ab0000)
 concurrent mark-sweep generation total 393216K, used 16000K [0x00000000e8000000, 0x0000000100000000, 0x0000000100000000)
 Metaspace       used 34694K, capacity 35268K, committed 35552K, reserved 1081344K
  class space    used 3627K, capacity 3814K, committed 3836K, reserved 1048576K
}
2017-03-31T05:01:25.518+0200: 546.244: Total time for which application threads were stopped: 0.0230447 seconds, Stopping threads took: 0.0001156 seconds
{Heap before GC invocations=511 (full 1):
 par new generation   total 109248K, used 99799K [0x00000000e0000000, 0x00000000e8000000, 0x00000000e8000000)
  eden space 87424K, 100% used [0x00000000e0000000, 0x00000000e5560000, 0x00000000e5560000)
  from space 21824K,  56% used [0x00000000e6ab0000, 0x00000000e76c5c10, 0x00000000e8000000)
  to   space 21824K,   0% used [0x00000000e5560000, 0x00000000e5560000, 0x00000000e6ab0000)
 concurrent mark-sweep generation total 393216K, used 16000K [0x00000000e8000000, 0x0000000100000000, 0x0000000100000000)
 Metaspace       used 34694K, capacity 35268K, committed 35552K, reserved 1081344K
  class space    used 3627K, capacity 3814K, committed 3836K, reserved 1048576K
2017-03-31T05:01:25.930+0200: 546.657: [GC (Allocation Failure) 2017-03-31T05:01:25.931+0200: 546.657: [ParNew
Desired survivor size 20112992 bytes, new threshold 8 (max 8)
- age   1:    4546280 bytes,    4546280 total
- age   2:    2428904 bytes,    6975184 total
- age   3:       3384 bytes,    6978568 total
- age   4:      11840 bytes,    6990408 total
- age   5:       7040 bytes,    6997448 total
- age   6:       4600 bytes,    7002048 total
- age   7:       4032 bytes,    7006080 total
- age   8:       6264 bytes,    7012344 total
: 99799K->8163K(109248K), 0.0203814 secs] 115799K->24170K(502464K), 0.0204525 secs] [Times: user=0.02 sys=0.00, real=0.02 secs] 
Heap after GC invocations=512 (full 1):
 par new generation   total 109248K, used 8163K [0x00000000e0000000, 0x00000000e8000000, 0x00000000e8000000)
  eden space 87424K,   0% used [0x00000000e0000000, 0x00000000e0000000, 0x00000000e5560000)
  from space 21824K,  37% used [0x00000000e5560000, 0x00000000e5d58fa8, 0x00000000e6ab0000)
  to   space 21824K,   0% used [0x00000000e6ab0000, 0x00000000e6ab0000, 0x00000000e8000000)
 concurrent mark-sweep generation total 393216K, used 16006K [0x00000000e8000000, 0x0000000100000000, 0x0000000100000000)
 Metaspace       used 34694K, capacity 35268K, committed 35552K, reserved 1081344K
  class space    used 3627K, capacity 3814K, committed 3836K, reserved 1048576K
}
2017-03-31T05:01:25.951+0200: 546.677: Total time for which application threads were stopped: 0.0226369 seconds, Stopping threads took: 0.0020183 seconds
{Heap before GC invocations=512 (full 1):
 par new generation   total 109248K, used 95587K [0x00000000e0000000, 0x00000000e8000000, 0x00000000e8000000)
  eden space 87424K, 100% used [0x00000000e0000000, 0x00000000e5560000, 0x00000000e5560000)
  from space 21824K,  37% used [0x00000000e5560000, 0x00000000e5d58fa8, 0x00000000e6ab0000)
  to   space 21824K,   0% used [0x00000000e6ab0000, 0x00000000e6ab0000, 0x00000000e8000000)
 concurrent mark-sweep generation total 393216K, used 16006K [0x00000000e8000000, 0x0000000100000000, 0x0000000100000000)
 Metaspace       used 34694K, capacity 35268K, committed 35552K, reserved 1081344K
  class space    used 3627K, capacity 3814K, committed 3836K, reserved 1048576K
2017-03-31T05:01:26.311+0200: 547.038: [GC (Allocation Failure) 2017-03-31T05:01:26.312+0200: 547.038: [ParNew
Desired survivor size 20112992 bytes, new threshold 8 (max 8)
- age   1:    3348016 bytes,    3348016 total
- age   2:    1924928 bytes,    5272944 total
- age   3:      15944 bytes,    5288888 total
- age   4:       3360 bytes,    5292248 total
- age   5:      11712 bytes,    5303960 total
- age   6:       7040 bytes,    5311000 total
- age   7:       4600 bytes,    5315600 total
- age   8:       4032 bytes,    5319632 total
: 95587K->9064K(109248K), 0.0263850 secs] 111594K->25077K(502464K), 0.0264436 secs] [Times: user=0.02 sys=0.00, real=0.03 secs] 
Heap after GC invocations=513 (full 1):
 par new generation   total 109248K, used 9064K [0x00000000e0000000, 0x00000000e8000000, 0x00000000e8000000)
  eden space 87424K,   0% used [0x00000000e0000000, 0x00000000e0000000, 0x00000000e5560000)
  from space 21824K,  41% used [0x00000000e6ab0000, 0x00000000e738a2c0, 0x00000000e8000000)
  to   space 21824K,   0% used [0x00000000e5560000, 0x00000000e5560000, 0x00000000e6ab0000)
 concurrent mark-sweep generation total 393216K, used 16012K [0x00000000e8000000, 0x0000000100000000, 0x0000000100000000)
 Metaspace       used 34694K, capacity 35268K, committed 35552K, reserved 1081344K
  class space    used 3627K, capacity 3814K, committed 3836K, reserved 1048576K
}
2017-03-31T05:01:26.338+0200: 547.064: Total time for which application threads were stopped: 0.0265989 seconds, Stopping threads took: 0.0000202 seconds
{Heap before GC invocations=513 (full 1):
 par new generation   total 109248K, used 96488K [0x00000000e0000000, 0x00000000e8000000, 0x00000000e8000000)
  eden space 87424K, 100% used [0x00000000e0000000, 0x00000000e5560000, 0x00000000e5560000)
  from space 21824K,  41% used [0x00000000e6ab0000, 0x00000000e738a2c0, 0x00000000e8000000)
  to   space 21824K,   0% used [0x00000000e5560000, 0x00000000e5560000, 0x00000000e6ab0000)
 concurrent mark-sweep generation total 393216K, used 16012K [0x00000000e8000000, 0x0000000100000000, 0x0000000100000000)
 Metaspace       used 34694K, capacity 35268K, committed 35552K, reserved 1081344K
  class space    used 3627K, capacity 3814K, committed 3836K, reserved 1048576K
2017-03-31T05:01:26.673+0200: 547.399: [GC (Allocation Failure) 2017-03-31T05:01:26.673+0200: 547.399: [ParNew
Desired survivor size 20112992 bytes, new threshold 8 (max 8)
- age   1:    3491456 bytes,    3491456 total
- age   2:    2834808 bytes,    6326264 total
- age   3:    1530504 bytes,    7856768 total
- age   4:       6856 bytes,    7863624 total
- age   5:       3360 bytes,    7866984 total
- age   6:      11648 bytes,    7878632 total
- age   7:       7040 bytes,    7885672 total
- age   8:       4600 bytes,    7890272 total
: 96488K->9833K(109248K), 0.0214170 secs] 112501K->25850K(502464K), 0.0214932 secs] [Times: user=0.02 sys=0.00, real=0.02 secs] 
Heap after GC invocations=514 (full 1):
 par new generation   total 109248K, used 9833K [0x00000000e0000000, 0x00000000e8000000, 0x00000000e8000000)
  eden space 87424K,   0% used [0x00000000e0000000, 0x00000000e0000000, 0x00000000e5560000)
  from space 21824K,  45% used [0x00000000e5560000, 0x00000000e5efa500, 0x00000000e6ab0000)
  to   space 21824K,   0% used [0x00000000e6ab0000, 0x00000000e6ab0000, 0x00000000e8000000)
 concurrent mark-sweep generation total 393216K, used 16016K [0x00000000e8000000, 0x0000000100000000, 0x0000000100000000)
 Metaspace       used 34694K, capacity 35268K, committed 35552K, reserved 1081344K
  class space    used 3627K, capacity 3814K, committed 3836K, reserved 1048576K
}
2017-03-31T05:01:26.694+0200: 547.421: Total time for which application threads were stopped: 0.0219039 seconds, Stopping threads took: 0.0001215 seconds
{Heap before GC invocations=514 (full 1):
 par new generation   total 109248K, used 97257K [0x00000000e0000000, 0x00000000e8000000, 0x00000000e8000000)
  eden space 87424K, 100% used [0x00000000e0000000, 0x00000000e5560000, 0x00000000e5560000)
  from space 21824K,  45% used [0x00000000e5560000, 0x00000000e5efa500, 0x00000000e6ab0000)
  to   space 21824K,   0% used [0x00000000e6ab0000, 0x00000000e6ab0000, 0x00000000e8000000)
 concurrent mark-sweep generation total 393216K, used 16016K [0x00000000e8000000, 0x0000000100000000, 0x0000000100000000)
 Metaspace       used 34694K, capacity 35268K, committed 35552K, reserved 1081344K
  class space    used 3627K, capacity 3814K, committed 3836K, reserved 1048576K
2017-03-31T05:01:27.146+0200: 547.873: [GC (Allocation Failure) 2017-03-31T05:01:27.146+0200: 547.873: [ParNew
Desired survivor size 20112992 bytes, new threshold 8 (max 8)
- age   1:    4600432 bytes,    4600432 total
- age   2:    2588664 bytes,    7189096 total
- age   3:       4456 bytes,    7193552 total
- age   4:      11928 bytes,    7205480 total
- age   5:       6448 bytes,    7211928 total
- age   6:       3360 bytes,    7215288 total
- age   7:      11456 bytes,    7226744 total
- age   8:       7040 bytes,    7233784 total
: 97257K->11342K(109248K), 0.0272707 secs] 113274K->27363K(502464K), 0.0273450 secs] [Times: user=0.02 sys=0.00, real=0.03 secs] 
Heap after GC invocations=515 (full 1):
 par new generation   total 109248K, used 11342K [0x00000000e0000000, 0x00000000e8000000, 0x00000000e8000000)
  eden space 87424K,   0% used [0x00000000e0000000, 0x00000000e0000000, 0x00000000e5560000)
  from space 21824K,  51% used [0x00000000e6ab0000, 0x00000000e75c39d8, 0x00000000e8000000)
  to   space 21824K,   0% used [0x00000000e5560000, 0x00000000e5560000, 0x00000000e6ab0000)
 concurrent mark-sweep generation total 393216K, used 16021K [0x00000000e8000000, 0x0000000100000000, 0x0000000100000000)
 Metaspace       used 34694K, capacity 35268K, committed 35552K, reserved 1081344K
  class space    used 3627K, capacity 3814K, committed 3836K, reserved 1048576K
}
2017-03-31T05:01:27.174+0200: 547.900: Total time for which application threads were stopped: 0.0275084 seconds, Stopping threads took: 0.0000312 seconds
{Heap before GC invocations=515 (full 1):
 par new generation   total 109248K, used 98766K [0x00000000e0000000, 0x00000000e8000000, 0x00000000e8000000)
  eden space 87424K, 100% used [0x00000000e0000000, 0x00000000e5560000, 0x00000000e5560000)
  from space 21824K,  51% used [0x00000000e6ab0000, 0x00000000e75c39d8, 0x00000000e8000000)
  to   space 21824K,   0% used [0x00000000e5560000, 0x00000000e5560000, 0x00000000e6ab0000)
 concurrent mark-sweep generation total 393216K, used 16021K [0x00000000e8000000, 0x0000000100000000, 0x0000000100000000)
 Metaspace       used 34694K, capacity 35268K, committed 35552K, reserved 1081344K
  class space    used 3627K, capacity 3814K, committed 3836K, reserved 1048576K
2017-03-31T05:01:27.564+0200: 548.291: [GC (Allocation Failure) 2017-03-31T05:01:27.564+0200: 548.291: [ParNew
Desired survivor size 20112992 bytes, new threshold 8 (max 8)
- age   1:    4040944 bytes,    4040944 total
- age   2:    2173600 bytes,    6214544 total
- age   3:       5264 bytes,    6219808 total
- age   4:       4456 bytes,    6224264 total
- age   5:      11736 bytes,    6236000 total
- age   6:       6448 bytes,    6242448 total
- age   7:       3360 bytes,    6245808 total
- age   8:       6008 bytes,    6251816 total
: 98766K->8466K(109248K), 0.0216110 secs] 114787K->24494K(502464K), 0.0216660 secs] [Times: user=0.02 sys=0.00, real=0.02 secs] 
Heap after GC invocations=516 (full 1):
 par new generation   total 109248K, used 8466K [0x00000000e0000000, 0x00000000e8000000, 0x00000000e8000000)
  eden space 87424K,   0% used [0x00000000e0000000, 0x00000000e0000000, 0x00000000e5560000)
  from space 21824K,  38% used [0x00000000e5560000, 0x00000000e5da4810, 0x00000000e6ab0000)
  to   space 21824K,   0% used [0x00000000e6ab0000, 0x00000000e6ab0000, 0x00000000e8000000)
 concurrent mark-sweep generation total 393216K, used 16028K [0x00000000e8000000, 0x0000000100000000, 0x0000000100000000)
 Metaspace       used 34694K, capacity 35268K, committed 35552K, reserved 1081344K
  class space    used 3627K, capacity 3814K, committed 3836K, reserved 1048576K
}
2017-03-31T05:01:27.586+0200: 548.312: Total time for which application threads were stopped: 0.0238202 seconds, Stopping threads took: 0.0020193 seconds
{Heap before GC invocations=516 (full 1):
 par new generation   total 109248K, used 95889K [0x00000000e0000000, 0x00000000e8000000, 0x00000000e8000000)
  eden space 87424K,  99% used [0x00000000e0000000, 0x00000000e555ff80, 0x00000000e5560000)
  from space 21824K,  38% used [0x00000000e5560000, 0x00000000e5da4810, 0x00000000e6ab0000)
  to   space 21824K,   0% used [0x00000000e6ab0000, 0x00000000e6ab0000, 0x00000000e8000000)
 concurrent mark-sweep generation total 393216K, used 16028K [0x00000000e8000000, 0x0000000100000000, 0x0000000100000000)
 Metaspace       used 34694K, capacity 35268K, committed 35552K, reserved 1081344K
  class space    used 3627K, capacity 3814K, committed 3836K, reserved 1048576K
2017-03-31T05:01:27.886+0200: 548.612: [GC (Allocation Failure) 2017-03-31T05:01:27.886+0200: 548.612: [ParNew
Desired survivor size 20112992 bytes, new threshold 8 (max 8)
- age   1:    3076120 bytes,    3076120 total
- age   2:    3672672 bytes,    6748792 total
- age   3:    1873472 bytes,    8622264 total
- age   4:       5264 bytes,    8627528 total
- age   5:       4456 bytes,    8631984 total
- age   6:      11736 bytes,    8643720 total
- age   7:       6448 bytes,    8650168 total
- age   8:       3360 bytes,    8653528 total
: 95889K->10192K(109248K), 0.0233091 secs] 111917K->26226K(502464K), 0.0234690 secs] [Times: user=0.02 sys=0.00, real=0.02 secs] 
Heap after GC invocations=517 (full 1):
 par new generation   total 109248K, used 10192K [0x00000000e0000000, 0x00000000e8000000, 0x00000000e8000000)
  eden space 87424K,   0% used [0x00000000e0000000, 0x00000000e0000000, 0x00000000e5560000)
  from space 21824K,  46% used [0x00000000e6ab0000, 0x00000000e74a4138, 0x00000000e8000000)
  to   space 21824K,   0% used [0x00000000e5560000, 0x00000000e5560000, 0x00000000e6ab0000)
 concurrent mark-sweep generation total 393216K, used 16033K [0x00000000e8000000, 0x0000000100000000, 0x0000000100000000)
 Metaspace       used 34694K, capacity 35268K, committed 35552K, reserved 1081344K
  class space    used 3627K, capacity 3814K, committed 3836K, reserved 1048576K
}
2017-03-31T05:01:27.909+0200: 548.636: Total time for which application threads were stopped: 0.0354074 seconds, Stopping threads took: 0.0117831 seconds
{Heap before GC invocations=517 (full 1):
 par new generation   total 109248K, used 97616K [0x00000000e0000000, 0x00000000e8000000, 0x00000000e8000000)
  eden space 87424K, 100% used [0x00000000e0000000, 0x00000000e5560000, 0x00000000e5560000)
  from space 21824K,  46% used [0x00000000e6ab0000, 0x00000000e74a4138, 0x00000000e8000000)
  to   space 21824K,   0% used [0x00000000e5560000, 0x00000000e5560000, 0x00000000e6ab0000)
 concurrent mark-sweep generation total 393216K, used 16033K [0x00000000e8000000, 0x0000000100000000, 0x0000000100000000)
 Metaspace       used 34694K, capacity 35268K, committed 35552K, reserved 1081344K
  class space    used 3627K, capacity 3814K, committed 3836K, reserved 1048576K
2017-03-31T05:01:28.422+0200: 549.149: [GC (Allocation Failure) 2017-03-31T05:01:28.422+0200: 549.149: [ParNew
Desired survivor size 20112992 bytes, new threshold 8 (max 8)
- age   1:    4404128 bytes,    4404128 total
- age   2:    2218400 bytes,    6622528 total
- age   3:     859888 bytes,    7482416 total
- age   4:      13176 bytes,    7495592 total
- age   5:       5112 bytes,    7500704 total
- age   6:       4200 bytes,    7504904 total
- age   7:      11736 bytes,    7516640 total
- age   8:       6448 bytes,    7523088 total
: 97616K->12463K(109248K), 0.0257809 secs] 113650K->28500K(502464K), 0.0258636 secs] [Times: user=0.02 sys=0.00, real=0.02 secs] 
Heap after GC invocations=518 (full 1):
 par new generation   total 109248K, used 12463K [0x00000000e0000000, 0x00000000e8000000, 0x00000000e8000000)
  eden space 87424K,   0% used [0x00000000e0000000, 0x00000000e0000000, 0x00000000e5560000)
  from space 21824K,  57% used [0x00000000e5560000, 0x00000000e618be70, 0x00000000e6ab0000)
  to   space 21824K,   0% used [0x00000000e6ab0000, 0x00000000e6ab0000, 0x00000000e8000000)
 concurrent mark-sweep generation total 393216K, used 16037K [0x00000000e8000000, 0x0000000100000000, 0x0000000100000000)
 Metaspace       used 34694K, capacity 35268K, committed 35552K, reserved 1081344K
  class space    used 3627K, capacity 3814K, committed 3836K, reserved 1048576K
}
2017-03-31T05:01:28.448+0200: 549.175: Total time for which application threads were stopped: 0.0261133 seconds, Stopping threads took: 0.0000316 seconds
{Heap before GC invocations=518 (full 1):
 par new generation   total 109248K, used 99860K [0x00000000e0000000, 0x00000000e8000000, 0x00000000e8000000)
  eden space 87424K,  99% used [0x00000000e0000000, 0x00000000e55592f0, 0x00000000e5560000)
  from space 21824K,  57% used [0x00000000e5560000, 0x00000000e618be70, 0x00000000e6ab0000)
  to   space 21824K,   0% used [0x00000000e6ab0000, 0x00000000e6ab0000, 0x00000000e8000000)
 concurrent mark-sweep generation total 393216K, used 16037K [0x00000000e8000000, 0x0000000100000000, 0x0000000100000000)
 Metaspace       used 34694K, capacity 35268K, committed 35552K, reserved 1081344K
  class space    used 3627K, capacity 3814K, committed 3836K, reserved 1048576K
2017-03-31T05:01:28.953+0200: 549.680: [GC (Allocation Failure) 2017-03-31T05:01:28.954+0200: 549.680: [ParNew
Desired survivor size 20112992 bytes, new threshold 8 (max 8)
- age   1:    4415528 bytes,    4415528 total
- age   2:    2357736 bytes,    6773264 total
- age   3:       3016 bytes,    6776280 total
- age   4:       6560 bytes,    6782840 total
- age   5:      12576 bytes,    6795416 total
- age   6:       5112 bytes,    6800528 total
- age   7:       4176 bytes,    6804704 total
- age   8:       6288 bytes,    6810992 total
: 99860K->9043K(109248K), 0.0239942 secs] 115897K->25086K(502464K), 0.0240667 secs] [Times: user=0.02 sys=0.00, real=0.03 secs] 
Heap after GC invocations=519 (full 1):
 par new generation   total 109248K, used 9043K [0x00000000e0000000, 0x00000000e8000000, 0x00000000e8000000)
  eden space 87424K,   0% used [0x00000000e0000000, 0x00000000e0000000, 0x00000000e5560000)
  from space 21824K,  41% used [0x00000000e6ab0000, 0x00000000e7384c30, 0x00000000e8000000)
  to   space 21824K,   0% used [0x00000000e5560000, 0x00000000e5560000, 0x00000000e6ab0000)
 concurrent mark-sweep generation total 393216K, used 16043K [0x00000000e8000000, 0x0000000100000000, 0x0000000100000000)
 Metaspace       used 34694K, capacity 35268K, committed 35552K, reserved 1081344K
  class space    used 3627K, capacity 3814K, committed 3836K, reserved 1048576K
}
2017-03-31T05:01:28.978+0200: 549.704: Total time for which application threads were stopped: 0.0242299 seconds, Stopping threads took: 0.0000302 seconds
{Heap before GC invocations=519 (full 1):
 par new generation   total 109248K, used 96461K [0x00000000e0000000, 0x00000000e8000000, 0x00000000e8000000)
  eden space 87424K,  99% used [0x00000000e0000000, 0x00000000e555eb68, 0x00000000e5560000)
  from space 21824K,  41% used [0x00000000e6ab0000, 0x00000000e7384c30, 0x00000000e8000000)
  to   space 21824K,   0% used [0x00000000e5560000, 0x00000000e5560000, 0x00000000e6ab0000)
 concurrent mark-sweep generation total 393216K, used 16043K [0x00000000e8000000, 0x0000000100000000, 0x0000000100000000)
 Metaspace       used 34694K, capacity 35268K, committed 35552K, reserved 1081344K
  class space    used 3627K, capacity 3814K, committed 3836K, reserved 1048576K
2017-03-31T05:01:29.321+0200: 550.047: [GC (Allocation Failure) 2017-03-31T05:01:29.321+0200: 550.047: [ParNew
Desired survivor size 20112992 bytes, new threshold 8 (max 8)
- age   1:    3403424 bytes,    3403424 total
- age   2:    1884800 bytes,    5288224 total
- age   3:      15600 bytes,    5303824 total
- age   4:       3016 bytes,    5306840 total
- age   5:       6496 bytes,    5313336 total
- age   6:      12552 bytes,    5325888 total
- age   7:       5112 bytes,    5331000 total
- age   8:       4176 bytes,    5335176 total
: 96461K->7646K(109248K), 0.0243009 secs] 112505K->23696K(502464K), 0.0243739 secs] [Times: user=0.02 sys=0.00, real=0.02 secs] 
Heap after GC invocations=520 (full 1):
 par new generation   total 109248K, used 7646K [0x00000000e0000000, 0x00000000e8000000, 0x00000000e8000000)
  eden space 87424K,   0% used [0x00000000e0000000, 0x00000000e0000000, 0x00000000e5560000)
  from space 21824K,  35% used [0x00000000e5560000, 0x00000000e5cd7b10, 0x00000000e6ab0000)
  to   space 21824K,   0% used [0x00000000e6ab0000, 0x00000000e6ab0000, 0x00000000e8000000)
 concurrent mark-sweep generation total 393216K, used 16049K [0x00000000e8000000, 0x0000000100000000, 0x0000000100000000)
 Metaspace       used 34694K, capacity 35268K, committed 35552K, reserved 1081344K
  class space    used 3627K, capacity 3814K, committed 3836K, reserved 1048576K
}
2017-03-31T05:01:29.345+0200: 550.072: Total time for which application threads were stopped: 0.0245774 seconds, Stopping threads took: 0.0000243 seconds
{Heap before GC invocations=520 (full 1):
 par new generation   total 109248K, used 95070K [0x00000000e0000000, 0x00000000e8000000, 0x00000000e8000000)
  eden space 87424K, 100% used [0x00000000e0000000, 0x00000000e5560000, 0x00000000e5560000)
  from space 21824K,  35% used [0x00000000e5560000, 0x00000000e5cd7b10, 0x00000000e6ab0000)
  to   space 21824K,   0% used [0x00000000e6ab0000, 0x00000000e6ab0000, 0x00000000e8000000)
 concurrent mark-sweep generation total 393216K, used 16049K [0x00000000e8000000, 0x0000000100000000, 0x0000000100000000)
 Metaspace       used 34694K, capacity 35268K, committed 35552K, reserved 1081344K
  class space    used 3627K, capacity 3814K, committed 3836K, reserved 1048576K
2017-03-31T05:01:29.687+0200: 550.413: [GC (Allocation Failure) 2017-03-31T05:01:29.687+0200: 550.413: [ParNew
Desired survivor size 20112992 bytes, new threshold 8 (max 8)
- age   1:    3553432 bytes,    3553432 total
- age   2:    2847416 bytes,    6400848 total
- age   3:    1493920 bytes,    7894768 total
- age   4:       6384 bytes,    7901152 total
- age   5:       3016 bytes,    7904168 total
- age   6:       6368 bytes,    7910536 total
- age   7:      12552 bytes,    7923088 total
- age   8:       5112 bytes,    7928200 total
: 95070K->10512K(109248K), 0.0274252 secs] 111120K->26566K(502464K), 0.0275032 secs] [Times: user=0.02 sys=0.00, real=0.03 secs] 
Heap after GC invocations=521 (full 1):
 par new generation   total 109248K, used 10512K [0x00000000e0000000, 0x00000000e8000000, 0x00000000e8000000)
  eden space 87424K,   0% used [0x00000000e0000000, 0x00000000e0000000, 0x00000000e5560000)
  from space 21824K,  48% used [0x00000000e6ab0000, 0x00000000e74f4390, 0x00000000e8000000)
  to   space 21824K,   0% used [0x00000000e5560000, 0x00000000e5560000, 0x00000000e6ab0000)
 concurrent mark-sweep generation total 393216K, used 16053K [0x00000000e8000000, 0x0000000100000000, 0x0000000100000000)
 Metaspace       used 34694K, capacity 35268K, committed 35552K, reserved 1081344K
  class space    used 3627K, capacity 3814K, committed 3836K, reserved 1048576K
}
2017-03-31T05:01:29.714+0200: 550.441: Total time for which application threads were stopped: 0.0276684 seconds, Stopping threads took: 0.0000333 seconds
{Heap before GC invocations=521 (full 1):
 par new generation   total 109248K, used 97936K [0x00000000e0000000, 0x00000000e8000000, 0x00000000e8000000)
  eden space 87424K, 100% used [0x00000000e0000000, 0x00000000e5560000, 0x00000000e5560000)
  from space 21824K,  48% used [0x00000000e6ab0000, 0x00000000e74f4390, 0x00000000e8000000)
  to   space 21824K,   0% used [0x00000000e5560000, 0x00000000e5560000, 0x00000000e6ab0000)
 concurrent mark-sweep generation total 393216K, used 16053K [0x00000000e8000000, 0x0000000100000000, 0x0000000100000000)
 Metaspace       used 34702K, capacity 35268K, committed 35552K, reserved 1081344K
  class space    used 3628K, capacity 3814K, committed 3836K, reserved 1048576K
2017-03-31T05:01:30.128+0200: 550.855: [GC (Allocation Failure) 2017-03-31T05:01:30.129+0200: 550.855: [ParNew
Desired survivor size 20112992 bytes, new threshold 8 (max 8)
- age   1:    4605352 bytes,    4605352 total
- age   2:    2724456 bytes,    7329808 total
- age   3:       4728 bytes,    7334536 total
- age   4:      12824 bytes,    7347360 total
- age   5:       6192 bytes,    7353552 total
- age   6:       3016 bytes,    7356568 total
- age   7:       6368 bytes,    7362936 total
- age   8:      12552 bytes,    7375488 total
: 97936K->9010K(109248K), 0.0167865 secs] 113990K->25069K(502464K), 0.0168450 secs] [Times: user=0.02 sys=0.00, real=0.01 secs] 
Heap after GC invocations=522 (full 1):
 par new generation   total 109248K, used 9010K [0x00000000e0000000, 0x00000000e8000000, 0x00000000e8000000)
  eden space 87424K,   0% used [0x00000000e0000000, 0x00000000e0000000, 0x00000000e5560000)
  from space 21824K,  41% used [0x00000000e5560000, 0x00000000e5e2ca80, 0x00000000e6ab0000)
  to   space 21824K,   0% used [0x00000000e6ab0000, 0x00000000e6ab0000, 0x00000000e8000000)
 concurrent mark-sweep generation total 393216K, used 16058K [0x00000000e8000000, 0x0000000100000000, 0x0000000100000000)
 Metaspace       used 34702K, capacity 35268K, committed 35552K, reserved 1081344K
  class space    used 3628K, capacity 3814K, committed 3836K, reserved 1048576K
}
2017-03-31T05:01:30.145+0200: 550.872: Total time for which application threads were stopped: 0.0190185 seconds, Stopping threads took: 0.0020207 seconds
{Heap before GC invocations=522 (full 1):
 par new generation   total 109248K, used 96434K [0x00000000e0000000, 0x00000000e8000000, 0x00000000e8000000)
  eden space 87424K, 100% used [0x00000000e0000000, 0x00000000e5560000, 0x00000000e5560000)
  from space 21824K,  41% used [0x00000000e5560000, 0x00000000e5e2ca80, 0x00000000e6ab0000)
  to   space 21824K,   0% used [0x00000000e6ab0000, 0x00000000e6ab0000, 0x00000000e8000000)
 concurrent mark-sweep generation total 393216K, used 16058K [0x00000000e8000000, 0x0000000100000000, 0x0000000100000000)
 Metaspace       used 34702K, capacity 35268K, committed 35552K, reserved 1081344K
  class space    used 3628K, capacity 3814K, committed 3836K, reserved 1048576K
2017-03-31T05:01:30.528+0200: 551.255: [GC (Allocation Failure) 2017-03-31T05:01:30.528+0200: 551.255: [ParNew
Desired survivor size 20112992 bytes, new threshold 8 (max 8)
- age   1:    4074600 bytes,    4074600 total
- age   2:    2141720 bytes,    6216320 total
- age   3:       4904 bytes,    6221224 total
- age   4:       4728 bytes,    6225952 total
- age   5:      12632 bytes,    6238584 total
- age   6:       6192 bytes,    6244776 total
- age   7:       3016 bytes,    6247792 total
- age   8:       6368 bytes,    6254160 total
: 96434K->11030K(109248K), 0.0229806 secs] 112493K->27101K(502464K), 0.0231163 secs] [Times: user=0.02 sys=0.01, real=0.02 secs] 
Heap after GC invocations=523 (full 1):
 par new generation   total 109248K, used 11030K [0x00000000e0000000, 0x00000000e8000000, 0x00000000e8000000)
  eden space 87424K,   0% used [0x00000000e0000000, 0x00000000e0000000, 0x00000000e5560000)
  from space 21824K,  50% used [0x00000000e6ab0000, 0x00000000e7575970, 0x00000000e8000000)
  to   space 21824K,   0% used [0x00000000e5560000, 0x00000000e5560000, 0x00000000e6ab0000)
 concurrent mark-sweep generation total 393216K, used 16071K [0x00000000e8000000, 0x0000000100000000, 0x0000000100000000)
 Metaspace       used 34702K, capacity 35268K, committed 35552K, reserved 1081344K
  class space    used 3628K, capacity 3814K, committed 3836K, reserved 1048576K
}
2017-03-31T05:01:30.551+0200: 551.278: Total time for which application threads were stopped: 0.0232692 seconds, Stopping threads took: 0.0000280 seconds
{Heap before GC invocations=523 (full 1):
 par new generation   total 109248K, used 98454K [0x00000000e0000000, 0x00000000e8000000, 0x00000000e8000000)
  eden space 87424K, 100% used [0x00000000e0000000, 0x00000000e5560000, 0x00000000e5560000)
  from space 21824K,  50% used [0x00000000e6ab0000, 0x00000000e7575970, 0x00000000e8000000)
  to   space 21824K,   0% used [0x00000000e5560000, 0x00000000e5560000, 0x00000000e6ab0000)
 concurrent mark-sweep generation total 393216K, used 16071K [0x00000000e8000000, 0x0000000100000000, 0x0000000100000000)
 Metaspace       used 34702K, capacity 35268K, committed 35552K, reserved 1081344K
  class space    used 3628K, capacity 3814K, committed 3836K, reserved 1048576K
2017-03-31T05:01:30.806+0200: 551.533: [GC (Allocation Failure) 2017-03-31T05:01:30.806+0200: 551.533: [ParNew
Desired survivor size 20112992 bytes, new threshold 8 (max 8)
- age   1:    2605280 bytes,    2605280 total
- age   2:    3755112 bytes,    6360392 total
- age   3:    1910816 bytes,    8271208 total
- age   4:       4904 bytes,    8276112 total
- age   5:       4728 bytes,    8280840 total
- age   6:      11976 bytes,    8292816 total
- age   7:       6192 bytes,    8299008 total
- age   8:       3016 bytes,    8302024 total
: 98454K->10203K(109248K), 0.0218540 secs] 114525K->26281K(502464K), 0.0219437 secs] [Times: user=0.03 sys=0.00, real=0.02 secs] 
Heap after GC invocations=524 (full 1):
 par new generation   total 109248K, used 10203K [0x00000000e0000000, 0x00000000e8000000, 0x00000000e8000000)
  eden space 87424K,   0% used [0x00000000e0000000, 0x00000000e0000000, 0x00000000e5560000)
  from space 21824K,  46% used [0x00000000e5560000, 0x00000000e5f56e10, 0x00000000e6ab0000)
  to   space 21824K,   0% used [0x00000000e6ab0000, 0x00000000e6ab0000, 0x00000000e8000000)
 concurrent mark-sweep generation total 393216K, used 16077K [0x00000000e8000000, 0x0000000100000000, 0x0000000100000000)
 Metaspace       used 34702K, capacity 35268K, committed 35552K, reserved 1081344K
  class space    used 3628K, capacity 3814K, committed 3836K, reserved 1048576K
}
2017-03-31T05:01:30.828+0200: 551.555: Total time for which application threads were stopped: 0.0222981 seconds, Stopping threads took: 0.0000946 seconds
{Heap before GC invocations=524 (full 1):
 par new generation   total 109248K, used 97627K [0x00000000e0000000, 0x00000000e8000000, 0x00000000e8000000)
  eden space 87424K, 100% used [0x00000000e0000000, 0x00000000e5560000, 0x00000000e5560000)
  from space 21824K,  46% used [0x00000000e5560000, 0x00000000e5f56e10, 0x00000000e6ab0000)
  to   space 21824K,   0% used [0x00000000e6ab0000, 0x00000000e6ab0000, 0x00000000e8000000)
 concurrent mark-sweep generation total 393216K, used 16077K [0x00000000e8000000, 0x0000000100000000, 0x0000000100000000)
 Metaspace       used 34702K, capacity 35268K, committed 35552K, reserved 1081344K
  class space    used 3628K, capacity 3814K, committed 3836K, reserved 1048576K
2017-03-31T05:01:31.312+0200: 552.038: [GC (Allocation Failure) 2017-03-31T05:01:31.312+0200: 552.038: [ParNew
Desired survivor size 20112992 bytes, new threshold 8 (max 8)
- age   1:    4566608 bytes,    4566608 total
- age   2:    2043504 bytes,    6610112 total
- age   3:     983328 bytes,    7593440 total
- age   4:       7232 bytes,    7600672 total
- age   5:       4776 bytes,    7605448 total
- age   6:       4600 bytes,    7610048 total
- age   7:      11976 bytes,    7622024 total
- age   8:       6192 bytes,    7628216 total
: 97627K->11831K(109248K), 0.0360355 secs] 113705K->27912K(502464K), 0.0361253 secs] [Times: user=0.03 sys=0.00, real=0.03 secs] 
Heap after GC invocations=525 (full 1):
 par new generation   total 109248K, used 11831K [0x00000000e0000000, 0x00000000e8000000, 0x00000000e8000000)
  eden space 87424K,   0% used [0x00000000e0000000, 0x00000000e0000000, 0x00000000e5560000)
  from space 21824K,  54% used [0x00000000e6ab0000, 0x00000000e763dde8, 0x00000000e8000000)
  to   space 21824K,   0% used [0x00000000e5560000, 0x00000000e5560000, 0x00000000e6ab0000)
 concurrent mark-sweep generation total 393216K, used 16080K [0x00000000e8000000, 0x0000000100000000, 0x0000000100000000)
 Metaspace       used 34702K, capacity 35268K, committed 35552K, reserved 1081344K
  class space    used 3628K, capacity 3814K, committed 3836K, reserved 1048576K
}
2017-03-31T05:01:31.348+0200: 552.074: Total time for which application threads were stopped: 0.0363099 seconds, Stopping threads took: 0.0000338 seconds
{Heap before GC invocations=525 (full 1):
 par new generation   total 109248K, used 99247K [0x00000000e0000000, 0x00000000e8000000, 0x00000000e8000000)
  eden space 87424K,  99% used [0x00000000e0000000, 0x00000000e555deb0, 0x00000000e5560000)
  from space 21824K,  54% used [0x00000000e6ab0000, 0x00000000e763dde8, 0x00000000e8000000)
  to   space 21824K,   0% used [0x00000000e5560000, 0x00000000e5560000, 0x00000000e6ab0000)
 concurrent mark-sweep generation total 393216K, used 16080K [0x00000000e8000000, 0x0000000100000000, 0x0000000100000000)
 Metaspace       used 34702K, capacity 35268K, committed 35552K, reserved 1081344K
  class space    used 3628K, capacity 3814K, committed 3836K, reserved 1048576K
2017-03-31T05:01:31.759+0200: 552.485: [GC (Allocation Failure) 2017-03-31T05:01:31.759+0200: 552.485: [ParNew
Desired survivor size 20112992 bytes, new threshold 8 (max 8)
- age   1:    4431192 bytes,    4431192 total
- age   2:    2411624 bytes,    6842816 total
- age   3:       7960 bytes,    6850776 total
- age   4:       7312 bytes,    6858088 total
- age   5:       7040 bytes,    6865128 total
- age   6:       4776 bytes,    6869904 total
- age   7:       4576 bytes,    6874480 total
- age   8:       6528 bytes,    6881008 total
: 99247K->8881K(109248K), 0.0216419 secs] 115328K->24968K(502464K), 0.0217099 secs] [Times: user=0.02 sys=0.00, real=0.02 secs] 
Heap after GC invocations=526 (full 1):
 par new generation   total 109248K, used 8881K [0x00000000e0000000, 0x00000000e8000000, 0x00000000e8000000)
  eden space 87424K,   0% used [0x00000000e0000000, 0x00000000e0000000, 0x00000000e5560000)
  from space 21824K,  40% used [0x00000000e5560000, 0x00000000e5e0c5a0, 0x00000000e6ab0000)
  to   space 21824K,   0% used [0x00000000e6ab0000, 0x00000000e6ab0000, 0x00000000e8000000)
 concurrent mark-sweep generation total 393216K, used 16086K [0x00000000e8000000, 0x0000000100000000, 0x0000000100000000)
 Metaspace       used 34702K, capacity 35268K, committed 35552K, reserved 1081344K
  class space    used 3628K, capacity 3814K, committed 3836K, reserved 1048576K
}
2017-03-31T05:01:31.780+0200: 552.507: Total time for which application threads were stopped: 0.0218709 seconds, Stopping threads took: 0.0000315 seconds
{Heap before GC invocations=526 (full 1):
 par new generation   total 109248K, used 96305K [0x00000000e0000000, 0x00000000e8000000, 0x00000000e8000000)
  eden space 87424K, 100% used [0x00000000e0000000, 0x00000000e5560000, 0x00000000e5560000)
  from space 21824K,  40% used [0x00000000e5560000, 0x00000000e5e0c5a0, 0x00000000e6ab0000)
  to   space 21824K,   0% used [0x00000000e6ab0000, 0x00000000e6ab0000, 0x00000000e8000000)
 concurrent mark-sweep generation total 393216K, used 16086K [0x00000000e8000000, 0x0000000100000000, 0x0000000100000000)
 Metaspace       used 34702K, capacity 35268K, committed 35552K, reserved 1081344K
  class space    used 3628K, capacity 3814K, committed 3836K, reserved 1048576K
2017-03-31T05:01:32.104+0200: 552.830: [GC (Allocation Failure) 2017-03-31T05:01:32.104+0200: 552.830: [ParNew
Desired survivor size 20112992 bytes, new threshold 8 (max 8)
- age   1:    3037088 bytes,    3037088 total
- age   2:    1987664 bytes,    5024752 total
- age   3:      16960 bytes,    5041712 total
- age   4:       7960 bytes,    5049672 total
- age   5:       7056 bytes,    5056728 total
- age   6:       7040 bytes,    5063768 total
- age   7:       4776 bytes,    5068544 total
- age   8:       4576 bytes,    5073120 total
: 96305K->7668K(109248K), 0.0214572 secs] 112392K->23761K(502464K), 0.0215123 secs] [Times: user=0.02 sys=0.00, real=0.02 secs] 
Heap after GC invocations=527 (full 1):
 par new generation   total 109248K, used 7668K [0x00000000e0000000, 0x00000000e8000000, 0x00000000e8000000)
  eden space 87424K,   0% used [0x00000000e0000000, 0x00000000e0000000, 0x00000000e5560000)
  from space 21824K,  35% used [0x00000000e6ab0000, 0x00000000e722d048, 0x00000000e8000000)
  to   space 21824K,   0% used [0x00000000e5560000, 0x00000000e5560000, 0x00000000e6ab0000)
 concurrent mark-sweep generation total 393216K, used 16093K [0x00000000e8000000, 0x0000000100000000, 0x0000000100000000)
 Metaspace       used 34702K, capacity 35268K, committed 35552K, reserved 1081344K
  class space    used 3628K, capacity 3814K, committed 3836K, reserved 1048576K
}
2017-03-31T05:01:32.126+0200: 552.852: Total time for which application threads were stopped: 0.0216895 seconds, Stopping threads took: 0.0000339 seconds
{Heap before GC invocations=527 (full 1):
 par new generation   total 109248K, used 95092K [0x00000000e0000000, 0x00000000e8000000, 0x00000000e8000000)
  eden space 87424K, 100% used [0x00000000e0000000, 0x00000000e5560000, 0x00000000e5560000)
  from space 21824K,  35% used [0x00000000e6ab0000, 0x00000000e722d048, 0x00000000e8000000)
  to   space 21824K,   0% used [0x00000000e5560000, 0x00000000e5560000, 0x00000000e6ab0000)
 concurrent mark-sweep generation total 393216K, used 16093K [0x00000000e8000000, 0x0000000100000000, 0x0000000100000000)
 Metaspace       used 34702K, capacity 35268K, committed 35552K, reserved 1081344K
  class space    used 3628K, capacity 3814K, committed 3836K, reserved 1048576K
2017-03-31T05:01:32.513+0200: 553.240: [GC (Allocation Failure) 2017-03-31T05:01:32.513+0200: 553.240: [ParNew
Desired survivor size 20112992 bytes, new threshold 8 (max 8)
- age   1:    3695976 bytes,    3695976 total
- age   2:    2793304 bytes,    6489280 total
- age   3:    1598648 bytes,    8087928 total
- age   4:       7872 bytes,    8095800 total
- age   5:       2512 bytes,    8098312 total
- age   6:       6928 bytes,    8105240 total
- age   7:       7040 bytes,    8112280 total
- age   8:       4776 bytes,    8117056 total
: 95092K->9663K(109248K), 0.0297085 secs] 111185K->25761K(502464K), 0.0297895 secs] [Times: user=0.02 sys=0.00, real=0.03 secs] 
Heap after GC invocations=528 (full 1):
 par new generation   total 109248K, used 9663K [0x00000000e0000000, 0x00000000e8000000, 0x00000000e8000000)
  eden space 87424K,   0% used [0x00000000e0000000, 0x00000000e0000000, 0x00000000e5560000)
  from space 21824K,  44% used [0x00000000e5560000, 0x00000000e5ecfe60, 0x00000000e6ab0000)
  to   space 21824K,   0% used [0x00000000e6ab0000, 0x00000000e6ab0000, 0x00000000e8000000)
 concurrent mark-sweep generation total 393216K, used 16097K [0x00000000e8000000, 0x0000000100000000, 0x0000000100000000)
 Metaspace       used 34702K, capacity 35268K, committed 35552K, reserved 1081344K
  class space    used 3628K, capacity 3814K, committed 3836K, reserved 1048576K
}
2017-03-31T05:01:32.543+0200: 553.270: Total time for which application threads were stopped: 0.0299660 seconds, Stopping threads took: 0.0000350 seconds
{Heap before GC invocations=528 (full 1):
 par new generation   total 109248K, used 97087K [0x00000000e0000000, 0x00000000e8000000, 0x00000000e8000000)
  eden space 87424K, 100% used [0x00000000e0000000, 0x00000000e5560000, 0x00000000e5560000)
  from space 21824K,  44% used [0x00000000e5560000, 0x00000000e5ecfe60, 0x00000000e6ab0000)
  to   space 21824K,   0% used [0x00000000e6ab0000, 0x00000000e6ab0000, 0x00000000e8000000)
 concurrent mark-sweep generation total 393216K, used 16097K [0x00000000e8000000, 0x0000000100000000, 0x0000000100000000)
 Metaspace       used 34702K, capacity 35268K, committed 35552K, reserved 1081344K
  class space    used 3628K, capacity 3814K, committed 3836K, reserved 1048576K
2017-03-31T05:01:32.950+0200: 553.676: [GC (Allocation Failure) 2017-03-31T05:01:32.950+0200: 553.676: [ParNew
Desired survivor size 20112992 bytes, new threshold 8 (max 8)
- age   1:    4526888 bytes,    4526888 total
- age   2:    2752752 bytes,    7279640 total
- age   3:       9848 bytes,    7289488 total
- age   4:      12432 bytes,    7301920 total
- age   5:       7680 bytes,    7309600 total
- age   6:       2512 bytes,    7312112 total
- age   7:       6928 bytes,    7319040 total
- age   8:       7040 bytes,    7326080 total
: 97087K->12551K(109248K), 0.0241025 secs] 113185K->28654K(502464K), 0.0241649 secs] [Times: user=0.02 sys=0.01, real=0.03 secs] 
Heap after GC invocations=529 (full 1):
 par new generation   total 109248K, used 12551K [0x00000000e0000000, 0x00000000e8000000, 0x00000000e8000000)
  eden space 87424K,   0% used [0x00000000e0000000, 0x00000000e0000000, 0x00000000e5560000)
  from space 21824K,  57% used [0x00000000e6ab0000, 0x00000000e76f1e00, 0x00000000e8000000)
  to   space 21824K,   0% used [0x00000000e5560000, 0x00000000e5560000, 0x00000000e6ab0000)
 concurrent mark-sweep generation total 393216K, used 16102K [0x00000000e8000000, 0x0000000100000000, 0x0000000100000000)
 Metaspace       used 34702K, capacity 35268K, committed 35552K, reserved 1081344K
  class space    used 3628K, capacity 3814K, committed 3836K, reserved 1048576K
}
2017-03-31T05:01:32.974+0200: 553.700: Total time for which application threads were stopped: 0.0243380 seconds, Stopping threads took: 0.0000275 seconds
{Heap before GC invocations=529 (full 1):
 par new generation   total 109248K, used 99975K [0x00000000e0000000, 0x00000000e8000000, 0x00000000e8000000)
  eden space 87424K, 100% used [0x00000000e0000000, 0x00000000e5560000, 0x00000000e5560000)
  from space 21824K,  57% used [0x00000000e6ab0000, 0x00000000e76f1e00, 0x00000000e8000000)
  to   space 21824K,   0% used [0x00000000e5560000, 0x00000000e5560000, 0x00000000e6ab0000)
 concurrent mark-sweep generation total 393216K, used 16102K [0x00000000e8000000, 0x0000000100000000, 0x0000000100000000)
 Metaspace       used 34702K, capacity 35268K, committed 35552K, reserved 1081344K
  class space    used 3628K, capacity 3814K, committed 3836K, reserved 1048576K
2017-03-31T05:01:33.335+0200: 554.062: [GC (Allocation Failure) 2017-03-31T05:01:33.336+0200: 554.062: [ParNew
Desired survivor size 20112992 bytes, new threshold 8 (max 8)
- age   1:    4135632 bytes,    4135632 total
- age   2:    2175912 bytes,    6311544 total
- age   3:       5096 bytes,    6316640 total
- age   4:       9376 bytes,    6326016 total
- age   5:       6728 bytes,    6332744 total
- age   6:       7680 bytes,    6340424 total
- age   7:       2512 bytes,    6342936 total
- age   8:       6928 bytes,    6349864 total
: 99975K->9233K(109248K), 0.0272119 secs] 116078K->25342K(502464K), 0.0272874 secs] [Times: user=0.03 sys=0.00, real=0.03 secs] 
Heap after GC invocations=530 (full 1):
 par new generation   total 109248K, used 9233K [0x00000000e0000000, 0x00000000e8000000, 0x00000000e8000000)
  eden space 87424K,   0% used [0x00000000e0000000, 0x00000000e0000000, 0x00000000e5560000)
  from space 21824K,  42% used [0x00000000e5560000, 0x00000000e5e644d8, 0x00000000e6ab0000)
  to   space 21824K,   0% used [0x00000000e6ab0000, 0x00000000e6ab0000, 0x00000000e8000000)
 concurrent mark-sweep generation total 393216K, used 16109K [0x00000000e8000000, 0x0000000100000000, 0x0000000100000000)
 Metaspace       used 34702K, capacity 35268K, committed 35552K, reserved 1081344K
  class space    used 3628K, capacity 3814K, committed 3836K, reserved 1048576K
}
2017-03-31T05:01:33.363+0200: 554.089: Total time for which application threads were stopped: 0.0274933 seconds, Stopping threads took: 0.0000341 seconds
{Heap before GC invocations=530 (full 1):
 par new generation   total 109248K, used 96657K [0x00000000e0000000, 0x00000000e8000000, 0x00000000e8000000)
  eden space 87424K, 100% used [0x00000000e0000000, 0x00000000e5560000, 0x00000000e5560000)
  from space 21824K,  42% used [0x00000000e5560000, 0x00000000e5e644d8, 0x00000000e6ab0000)
  to   space 21824K,   0% used [0x00000000e6ab0000, 0x00000000e6ab0000, 0x00000000e8000000)
 concurrent mark-sweep generation total 393216K, used 16109K [0x00000000e8000000, 0x0000000100000000, 0x0000000100000000)
 Metaspace       used 34702K, capacity 35268K, committed 35552K, reserved 1081344K
  class space    used 3628K, capacity 3814K, committed 3836K, reserved 1048576K
2017-03-31T05:01:33.599+0200: 554.325: [GC (Allocation Failure) 2017-03-31T05:01:33.599+0200: 554.325: [ParNew
Desired survivor size 20112992 bytes, new threshold 8 (max 8)
- age   1:    3310192 bytes,    3310192 total
- age   2:    3736848 bytes,    7047040 total
- age   3:    1939528 bytes,    8986568 total
- age   4:       5096 bytes,    8991664 total
- age   5:       9376 bytes,    9001040 total
- age   6:       6728 bytes,    9007768 total
- age   7:       7680 bytes,    9015448 total
- age   8:       2512 bytes,    9017960 total
: 96657K->11867K(109248K), 0.0206179 secs] 112766K->27984K(502464K), 0.0206809 secs] [Times: user=0.01 sys=0.00, real=0.01 secs] 
Heap after GC invocations=531 (full 1):
 par new generation   total 109248K, used 11867K [0x00000000e0000000, 0x00000000e8000000, 0x00000000e8000000)
  eden space 87424K,   0% used [0x00000000e0000000, 0x00000000e0000000, 0x00000000e5560000)
  from space 21824K,  54% used [0x00000000e6ab0000, 0x00000000e7646fb8, 0x00000000e8000000)
  to   space 21824K,   0% used [0x00000000e5560000, 0x00000000e5560000, 0x00000000e6ab0000)
 concurrent mark-sweep generation total 393216K, used 16116K [0x00000000e8000000, 0x0000000100000000, 0x0000000100000000)
 Metaspace       used 34702K, capacity 35268K, committed 35552K, reserved 1081344K
  class space    used 3628K, capacity 3814K, committed 3836K, reserved 1048576K
}
2017-03-31T05:01:33.619+0200: 554.346: Total time for which application threads were stopped: 0.0208523 seconds, Stopping threads took: 0.0000290 seconds
{Heap before GC invocations=531 (full 1):
 par new generation   total 109248K, used 99291K [0x00000000e0000000, 0x00000000e8000000, 0x00000000e8000000)
  eden space 87424K, 100% used [0x00000000e0000000, 0x00000000e5560000, 0x00000000e5560000)
  from space 21824K,  54% used [0x00000000e6ab0000, 0x00000000e7646fb8, 0x00000000e8000000)
  to   space 21824K,   0% used [0x00000000e5560000, 0x00000000e5560000, 0x00000000e6ab0000)
 concurrent mark-sweep generation total 393216K, used 16116K [0x00000000e8000000, 0x0000000100000000, 0x0000000100000000)
 Metaspace       used 34702K, capacity 35268K, committed 35552K, reserved 1081344K
  class space    used 3628K, capacity 3814K, committed 3836K, reserved 1048576K
2017-03-31T05:01:34.020+0200: 554.746: [GC (Allocation Failure) 2017-03-31T05:01:34.020+0200: 554.746: [ParNew
Desired survivor size 20112992 bytes, new threshold 8 (max 8)
- age   1:    3769872 bytes,    3769872 total
- age   2:    2828944 bytes,    6598816 total
- age   3:    1023408 bytes,    7622224 total
- age   4:       7464 bytes,    7629688 total
- age   5:       5032 bytes,    7634720 total
- age   6:       9376 bytes,    7644096 total
- age   7:       6728 bytes,    7650824 total
- age   8:       7680 bytes,    7658504 total
: 99291K->10234K(109248K), 0.0315990 secs] 115408K->26352K(502464K), 0.0316667 secs] [Times: user=0.02 sys=0.01, real=0.03 secs] 
Heap after GC invocations=532 (full 1):
 par new generation   total 109248K, used 10234K [0x00000000e0000000, 0x00000000e8000000, 0x00000000e8000000)
  eden space 87424K,   0% used [0x00000000e0000000, 0x00000000e0000000, 0x00000000e5560000)
  from space 21824K,  46% used [0x00000000e5560000, 0x00000000e5f5e890, 0x00000000e6ab0000)
  to   space 21824K,   0% used [0x00000000e6ab0000, 0x00000000e6ab0000, 0x00000000e8000000)
 concurrent mark-sweep generation total 393216K, used 16118K [0x00000000e8000000, 0x0000000100000000, 0x0000000100000000)
 Metaspace       used 34702K, capacity 35268K, committed 35552K, reserved 1081344K
  class space    used 3628K, capacity 3814K, committed 3836K, reserved 1048576K
}
2017-03-31T05:01:34.051+0200: 554.778: Total time for which application threads were stopped: 0.0318312 seconds, Stopping threads took: 0.0000352 seconds
{Heap before GC invocations=532 (full 1):
 par new generation   total 109248K, used 97658K [0x00000000e0000000, 0x00000000e8000000, 0x00000000e8000000)
  eden space 87424K, 100% used [0x00000000e0000000, 0x00000000e5560000, 0x00000000e5560000)
  from space 21824K,  46% used [0x00000000e5560000, 0x00000000e5f5e890, 0x00000000e6ab0000)
  to   space 21824K,   0% used [0x00000000e6ab0000, 0x00000000e6ab0000, 0x00000000e8000000)
 concurrent mark-sweep generation total 393216K, used 16118K [0x00000000e8000000, 0x0000000100000000, 0x0000000100000000)
 Metaspace       used 34702K, capacity 35268K, committed 35552K, reserved 1081344K
  class space    used 3628K, capacity 3814K, committed 3836K, reserved 1048576K
2017-03-31T05:01:34.557+0200: 555.283: [GC (Allocation Failure) 2017-03-31T05:01:34.557+0200: 555.283: [ParNew
Desired survivor size 20112992 bytes, new threshold 8 (max 8)
- age   1:    4570256 bytes,    4570256 total
- age   2:    2474000 bytes,    7044256 total
- age   3:       3240 bytes,    7047496 total
- age   4:      12080 bytes,    7059576 total
- age   5:       7080 bytes,    7066656 total
- age   6:       5032 bytes,    7071688 total
- age   7:       3944 bytes,    7075632 total
- age   8:       6704 bytes,    7082336 total
: 97658K->9570K(109248K), 0.0395056 secs] 113776K->25696K(502464K), 0.0395736 secs] [Times: user=0.04 sys=0.00, real=0.04 secs] 
Heap after GC invocations=533 (full 1):
 par new generation   total 109248K, used 9570K [0x00000000e0000000, 0x00000000e8000000, 0x00000000e8000000)
  eden space 87424K,   0% used [0x00000000e0000000, 0x00000000e0000000, 0x00000000e5560000)
  from space 21824K,  43% used [0x00000000e6ab0000, 0x00000000e74088a0, 0x00000000e8000000)
  to   space 21824K,   0% used [0x00000000e5560000, 0x00000000e5560000, 0x00000000e6ab0000)
 concurrent mark-sweep generation total 393216K, used 16126K [0x00000000e8000000, 0x0000000100000000, 0x0000000100000000)
 Metaspace       used 34702K, capacity 35268K, committed 35552K, reserved 1081344K
  class space    used 3628K, capacity 3814K, committed 3836K, reserved 1048576K
}
2017-03-31T05:01:34.596+0200: 555.323: Total time for which application threads were stopped: 0.0462503 seconds, Stopping threads took: 0.0065117 seconds
{Heap before GC invocations=533 (full 1):
 par new generation   total 109248K, used 96994K [0x00000000e0000000, 0x00000000e8000000, 0x00000000e8000000)
  eden space 87424K, 100% used [0x00000000e0000000, 0x00000000e5560000, 0x00000000e5560000)
  from space 21824K,  43% used [0x00000000e6ab0000, 0x00000000e74088a0, 0x00000000e8000000)
  to   space 21824K,   0% used [0x00000000e5560000, 0x00000000e5560000, 0x00000000e6ab0000)
 concurrent mark-sweep generation total 393216K, used 16126K [0x00000000e8000000, 0x0000000100000000, 0x0000000100000000)
 Metaspace       used 34702K, capacity 35268K, committed 35552K, reserved 1081344K
  class space    used 3628K, capacity 3814K, committed 3836K, reserved 1048576K
2017-03-31T05:01:34.998+0200: 555.724: [GC (Allocation Failure) 2017-03-31T05:01:34.998+0200: 555.724: [ParNew
Desired survivor size 20112992 bytes, new threshold 8 (max 8)
- age   1:    3414144 bytes,    3414144 total
- age   2:    1974360 bytes,    5388504 total
- age   3:      20512 bytes,    5409016 total
- age   4:       3240 bytes,    5412256 total
- age   5:      11952 bytes,    5424208 total
- age   6:       7080 bytes,    5431288 total
- age   7:       5032 bytes,    5436320 total
- age   8:       3944 bytes,    5440264 total
: 96994K->7988K(109248K), 0.0200004 secs] 113120K->24121K(502464K), 0.0200752 secs] [Times: user=0.02 sys=0.00, real=0.02 secs] 
Heap after GC invocations=534 (full 1):
 par new generation   total 109248K, used 7988K [0x00000000e0000000, 0x00000000e8000000, 0x00000000e8000000)
  eden space 87424K,   0% used [0x00000000e0000000, 0x00000000e0000000, 0x00000000e5560000)
  from space 21824K,  36% used [0x00000000e5560000, 0x00000000e5d2d3e8, 0x00000000e6ab0000)
  to   space 21824K,   0% used [0x00000000e6ab0000, 0x00000000e6ab0000, 0x00000000e8000000)
 concurrent mark-sweep generation total 393216K, used 16132K [0x00000000e8000000, 0x0000000100000000, 0x0000000100000000)
 Metaspace       used 34702K, capacity 35268K, committed 35552K, reserved 1081344K
  class space    used 3628K, capacity 3814K, committed 3836K, reserved 1048576K
}
2017-03-31T05:01:35.018+0200: 555.744: Total time for which application threads were stopped: 0.0202630 seconds, Stopping threads took: 0.0000348 seconds
{Heap before GC invocations=534 (full 1):
 par new generation   total 109248K, used 95412K [0x00000000e0000000, 0x00000000e8000000, 0x00000000e8000000)
  eden space 87424K, 100% used [0x00000000e0000000, 0x00000000e5560000, 0x00000000e5560000)
  from space 21824K,  36% used [0x00000000e5560000, 0x00000000e5d2d3e8, 0x00000000e6ab0000)
  to   space 21824K,   0% used [0x00000000e6ab0000, 0x00000000e6ab0000, 0x00000000e8000000)
 concurrent mark-sweep generation total 393216K, used 16132K [0x00000000e8000000, 0x0000000100000000, 0x0000000100000000)
 Metaspace       used 34702K, capacity 35268K, committed 35552K, reserved 1081344K
  class space    used 3628K, capacity 3814K, committed 3836K, reserved 1048576K
2017-03-31T05:01:35.371+0200: 556.097: [GC (Allocation Failure) 2017-03-31T05:01:35.371+0200: 556.097: [ParNew
Desired survivor size 20112992 bytes, new threshold 8 (max 8)
- age   1:    3617272 bytes,    3617272 total
- age   2:    2957296 bytes,    6574568 total
- age   3:    1582656 bytes,    8157224 total
- age   4:      11424 bytes,    8168648 total
- age   5:       3240 bytes,    8171888 total
- age   6:      11888 bytes,    8183776 total
- age   7:       7080 bytes,    8190856 total
- age   8:       5032 bytes,    8195888 total
: 95412K->9359K(109248K), 0.0264941 secs] 111545K->25496K(502464K), 0.0265667 secs] [Times: user=0.03 sys=0.00, real=0.02 secs] 
Heap after GC invocations=535 (full 1):
 par new generation   total 109248K, used 9359K [0x00000000e0000000, 0x00000000e8000000, 0x00000000e8000000)
  eden space 87424K,   0% used [0x00000000e0000000, 0x00000000e0000000, 0x00000000e5560000)
  from space 21824K,  42% used [0x00000000e6ab0000, 0x00000000e73d3f98, 0x00000000e8000000)
  to   space 21824K,   0% used [0x00000000e5560000, 0x00000000e5560000, 0x00000000e6ab0000)
 concurrent mark-sweep generation total 393216K, used 16136K [0x00000000e8000000, 0x0000000100000000, 0x0000000100000000)
 Metaspace       used 34702K, capacity 35268K, committed 35552K, reserved 1081344K
  class space    used 3628K, capacity 3814K, committed 3836K, reserved 1048576K
}
2017-03-31T05:01:35.397+0200: 556.124: Total time for which application threads were stopped: 0.0269499 seconds, Stopping threads took: 0.0001016 seconds
{Heap before GC invocations=535 (full 1):
 par new generation   total 109248K, used 96783K [0x00000000e0000000, 0x00000000e8000000, 0x00000000e8000000)
  eden space 87424K, 100% used [0x00000000e0000000, 0x00000000e5560000, 0x00000000e5560000)
  from space 21824K,  42% used [0x00000000e6ab0000, 0x00000000e73d3f98, 0x00000000e8000000)
  to   space 21824K,   0% used [0x00000000e5560000, 0x00000000e5560000, 0x00000000e6ab0000)
 concurrent mark-sweep generation total 393216K, used 16136K [0x00000000e8000000, 0x0000000100000000, 0x0000000100000000)
 Metaspace       used 34702K, capacity 35268K, committed 35552K, reserved 1081344K
  class space    used 3628K, capacity 3814K, committed 3836K, reserved 1048576K
2017-03-31T05:01:35.831+0200: 556.557: [GC (Allocation Failure) 2017-03-31T05:01:35.831+0200: 556.557: [ParNew
Desired survivor size 20112992 bytes, new threshold 8 (max 8)
- age   1:    4531792 bytes,    4531792 total
- age   2:    2844752 bytes,    7376544 total
- age   3:       4568 bytes,    7381112 total
- age   4:       8224 bytes,    7389336 total
- age   5:       5544 bytes,    7394880 total
- age   6:       3216 bytes,    7398096 total
- age   7:      11888 bytes,    7409984 total
- age   8:       7080 bytes,    7417064 total
: 96783K->11764K(109248K), 0.0189409 secs] 112920K->27906K(502464K), 0.0190080 secs] [Times: user=0.02 sys=0.00, real=0.02 secs] 
Heap after GC invocations=536 (full 1):
 par new generation   total 109248K, used 11764K [0x00000000e0000000, 0x00000000e8000000, 0x00000000e8000000)
  eden space 87424K,   0% used [0x00000000e0000000, 0x00000000e0000000, 0x00000000e5560000)
  from space 21824K,  53% used [0x00000000e5560000, 0x00000000e60dd3e8, 0x00000000e6ab0000)
  to   space 21824K,   0% used [0x00000000e6ab0000, 0x00000000e6ab0000, 0x00000000e8000000)
 concurrent mark-sweep generation total 393216K, used 16141K [0x00000000e8000000, 0x0000000100000000, 0x0000000100000000)
 Metaspace       used 34702K, capacity 35268K, committed 35552K, reserved 1081344K
  class space    used 3628K, capacity 3814K, committed 3836K, reserved 1048576K
}
2017-03-31T05:01:35.850+0200: 556.576: Total time for which application threads were stopped: 0.0191917 seconds, Stopping threads took: 0.0000303 seconds
{Heap before GC invocations=536 (full 1):
 par new generation   total 109248K, used 99188K [0x00000000e0000000, 0x00000000e8000000, 0x00000000e8000000)
  eden space 87424K, 100% used [0x00000000e0000000, 0x00000000e5560000, 0x00000000e5560000)
  from space 21824K,  53% used [0x00000000e5560000, 0x00000000e60dd3e8, 0x00000000e6ab0000)
  to   space 21824K,   0% used [0x00000000e6ab0000, 0x00000000e6ab0000, 0x00000000e8000000)
 concurrent mark-sweep generation total 393216K, used 16141K [0x00000000e8000000, 0x0000000100000000, 0x0000000100000000)
 Metaspace       used 34702K, capacity 35268K, committed 35552K, reserved 1081344K
  class space    used 3628K, capacity 3814K, committed 3836K, reserved 1048576K
2017-03-31T05:01:36.258+0200: 556.984: [GC (Allocation Failure) 2017-03-31T05:01:36.258+0200: 556.984: [ParNew
Desired survivor size 20112992 bytes, new threshold 8 (max 8)
- age   1:    4601384 bytes,    4601384 total
- age   2:    2213864 bytes,    6815248 total
- age   3:      10400 bytes,    6825648 total
- age   4:       4568 bytes,    6830216 total
- age   5:       7840 bytes,    6838056 total
- age   6:       5544 bytes,    6843600 total
- age   7:       3216 bytes,    6846816 total
- age   8:      11864 bytes,    6858680 total
: 99188K->8728K(109248K), 0.0171861 secs] 115330K->24877K(502464K), 0.0172568 secs] [Times: user=0.02 sys=0.00, real=0.02 secs] 
Heap after GC invocations=537 (full 1):
 par new generation   total 109248K, used 8728K [0x00000000e0000000, 0x00000000e8000000, 0x00000000e8000000)
  eden space 87424K,   0% used [0x00000000e0000000, 0x00000000e0000000, 0x00000000e5560000)
  from space 21824K,  39% used [0x00000000e6ab0000, 0x00000000e7336300, 0x00000000e8000000)
  to   space 21824K,   0% used [0x00000000e5560000, 0x00000000e5560000, 0x00000000e6ab0000)
 concurrent mark-sweep generation total 393216K, used 16148K [0x00000000e8000000, 0x0000000100000000, 0x0000000100000000)
 Metaspace       used 34702K, capacity 35268K, committed 35552K, reserved 1081344K
  class space    used 3628K, capacity 3814K, committed 3836K, reserved 1048576K
}
2017-03-31T05:01:36.275+0200: 557.002: Total time for which application threads were stopped: 0.0212114 seconds, Stopping threads took: 0.0038089 seconds
{Heap before GC invocations=537 (full 1):
 par new generation   total 109248K, used 96143K [0x00000000e0000000, 0x00000000e8000000, 0x00000000e8000000)
  eden space 87424K,  99% used [0x00000000e0000000, 0x00000000e555d920, 0x00000000e5560000)
  from space 21824K,  39% used [0x00000000e6ab0000, 0x00000000e7336300, 0x00000000e8000000)
  to   space 21824K,   0% used [0x00000000e5560000, 0x00000000e5560000, 0x00000000e6ab0000)
 concurrent mark-sweep generation total 393216K, used 16148K [0x00000000e8000000, 0x0000000100000000, 0x0000000100000000)
 Metaspace       used 34702K, capacity 35268K, committed 35552K, reserved 1081344K
  class space    used 3628K, capacity 3814K, committed 3836K, reserved 1048576K
2017-03-31T05:01:36.560+0200: 557.286: [GC (Allocation Failure) 2017-03-31T05:01:36.560+0200: 557.286: [ParNew
Desired survivor size 20112992 bytes, new threshold 8 (max 8)
- age   1:    3571208 bytes,    3571208 total
- age   2:    1614456 bytes,    5185664 total
- age   3:      13656 bytes,    5199320 total
- age   4:      10312 bytes,    5209632 total
- age   5:       4568 bytes,    5214200 total
- age   6:       7840 bytes,    5222040 total
- age   7:       5544 bytes,    5227584 total
- age   8:       3216 bytes,    5230800 total
: 96143K->7615K(109248K), 0.0244538 secs] 112291K->23776K(502464K), 0.0245110 secs] [Times: user=0.02 sys=0.00, real=0.02 secs] 
Heap after GC invocations=538 (full 1):
 par new generation   total 109248K, used 7615K [0x00000000e0000000, 0x00000000e8000000, 0x00000000e8000000)
  eden space 87424K,   0% used [0x00000000e0000000, 0x00000000e0000000, 0x00000000e5560000)
  from space 21824K,  34% used [0x00000000e5560000, 0x00000000e5ccfd58, 0x00000000e6ab0000)
  to   space 21824K,   0% used [0x00000000e6ab0000, 0x00000000e6ab0000, 0x00000000e8000000)
 concurrent mark-sweep generation total 393216K, used 16160K [0x00000000e8000000, 0x0000000100000000, 0x0000000100000000)
 Metaspace       used 34702K, capacity 35268K, committed 35552K, reserved 1081344K
  class space    used 3628K, capacity 3814K, committed 3836K, reserved 1048576K
}
2017-03-31T05:01:36.584+0200: 557.310: Total time for which application threads were stopped: 0.0246605 seconds, Stopping threads took: 0.0000189 seconds
{Heap before GC invocations=538 (full 1):
 par new generation   total 109248K, used 95039K [0x00000000e0000000, 0x00000000e8000000, 0x00000000e8000000)
  eden space 87424K, 100% used [0x00000000e0000000, 0x00000000e5560000, 0x00000000e5560000)
  from space 21824K,  34% used [0x00000000e5560000, 0x00000000e5ccfd58, 0x00000000e6ab0000)
  to   space 21824K,   0% used [0x00000000e6ab0000, 0x00000000e6ab0000, 0x00000000e8000000)
 concurrent mark-sweep generation total 393216K, used 16160K [0x00000000e8000000, 0x0000000100000000, 0x0000000100000000)
 Metaspace       used 34702K, capacity 35268K, committed 35552K, reserved 1081344K
  class space    used 3628K, capacity 3814K, committed 3836K, reserved 1048576K
2017-03-31T05:01:36.930+0200: 557.656: [GC (Allocation Failure) 2017-03-31T05:01:36.930+0200: 557.656: [ParNew
Desired survivor size 20112992 bytes, new threshold 8 (max 8)
- age   1:    3592424 bytes,    3592424 total
- age   2:    2939328 bytes,    6531752 total
- age   3:    1143528 bytes,    7675280 total
- age   4:       6840 bytes,    7682120 total
- age   5:      10312 bytes,    7692432 total
- age   6:       4440 bytes,    7696872 total
- age   7:       7840 bytes,    7704712 total
- age   8:       5544 bytes,    7710256 total
: 95039K->9666K(109248K), 0.0224786 secs] 111200K->25830K(502464K), 0.0225561 secs] [Times: user=0.02 sys=0.00, real=0.02 secs] 
Heap after GC invocations=539 (full 1):
 par new generation   total 109248K, used 9666K [0x00000000e0000000, 0x00000000e8000000, 0x00000000e8000000)
  eden space 87424K,   0% used [0x00000000e0000000, 0x00000000e0000000, 0x00000000e5560000)
  from space 21824K,  44% used [0x00000000e6ab0000, 0x00000000e7420810, 0x00000000e8000000)
  to   space 21824K,   0% used [0x00000000e5560000, 0x00000000e5560000, 0x00000000e6ab0000)
 concurrent mark-sweep generation total 393216K, used 16163K [0x00000000e8000000, 0x0000000100000000, 0x0000000100000000)
 Metaspace       used 34702K, capacity 35268K, committed 35552K, reserved 1081344K
  class space    used 3628K, capacity 3814K, committed 3836K, reserved 1048576K
}
2017-03-31T05:01:36.952+0200: 557.679: Total time for which application threads were stopped: 0.0227159 seconds, Stopping threads took: 0.0000309 seconds
{Heap before GC invocations=539 (full 1):
 par new generation   total 109248K, used 97090K [0x00000000e0000000, 0x00000000e8000000, 0x00000000e8000000)
  eden space 87424K, 100% used [0x00000000e0000000, 0x00000000e5560000, 0x00000000e5560000)
  from space 21824K,  44% used [0x00000000e6ab0000, 0x00000000e7420810, 0x00000000e8000000)
  to   space 21824K,   0% used [0x00000000e5560000, 0x00000000e5560000, 0x00000000e6ab0000)
 concurrent mark-sweep generation total 393216K, used 16163K [0x00000000e8000000, 0x0000000100000000, 0x0000000100000000)
 Metaspace       used 34702K, capacity 35268K, committed 35552K, reserved 1081344K
  class space    used 3628K, capacity 3814K, committed 3836K, reserved 1048576K
2017-03-31T05:01:37.343+0200: 558.070: [GC (Allocation Failure) 2017-03-31T05:01:37.343+0200: 558.070: [ParNew
Desired survivor size 20112992 bytes, new threshold 8 (max 8)
- age   1:    4629152 bytes,    4629152 total
- age   2:    2559792 bytes,    7188944 total
- age   3:       3736 bytes,    7192680 total
- age   4:       6688 bytes,    7199368 total
- age   5:       6648 bytes,    7206016 total
- age   6:       4216 bytes,    7210232 total
- age   7:       4440 bytes,    7214672 total
- age   8:       7840 bytes,    7222512 total
: 97090K->12675K(109248K), 0.0352358 secs] 113254K->28844K(502464K), 0.0353049 secs] [Times: user=0.03 sys=0.00, real=0.03 secs] 
Heap after GC invocations=540 (full 1):
 par new generation   total 109248K, used 12675K [0x00000000e0000000, 0x00000000e8000000, 0x00000000e8000000)
  eden space 87424K,   0% used [0x00000000e0000000, 0x00000000e0000000, 0x00000000e5560000)
  from space 21824K,  58% used [0x00000000e5560000, 0x00000000e61c0d00, 0x00000000e6ab0000)
  to   space 21824K,   0% used [0x00000000e6ab0000, 0x00000000e6ab0000, 0x00000000e8000000)
 concurrent mark-sweep generation total 393216K, used 16169K [0x00000000e8000000, 0x0000000100000000, 0x0000000100000000)
 Metaspace       used 34702K, capacity 35268K, committed 35552K, reserved 1081344K
  class space    used 3628K, capacity 3814K, committed 3836K, reserved 1048576K
}
2017-03-31T05:01:37.379+0200: 558.105: Total time for which application threads were stopped: 0.0354978 seconds, Stopping threads took: 0.0000358 seconds
{Heap before GC invocations=540 (full 1):
 par new generation   total 109248K, used 100099K [0x00000000e0000000, 0x00000000e8000000, 0x00000000e8000000)
  eden space 87424K, 100% used [0x00000000e0000000, 0x00000000e5560000, 0x00000000e5560000)
  from space 21824K,  58% used [0x00000000e5560000, 0x00000000e61c0d00, 0x00000000e6ab0000)
  to   space 21824K,   0% used [0x00000000e6ab0000, 0x00000000e6ab0000, 0x00000000e8000000)
 concurrent mark-sweep generation total 393216K, used 16169K [0x00000000e8000000, 0x0000000100000000, 0x0000000100000000)
 Metaspace       used 34702K, capacity 35268K, committed 35552K, reserved 1081344K
  class space    used 3628K, capacity 3814K, committed 3836K, reserved 1048576K
2017-03-31T05:01:37.748+0200: 558.475: [GC (Allocation Failure) 2017-03-31T05:01:37.748+0200: 558.475: [ParNew
Desired survivor size 20112992 bytes, new threshold 8 (max 8)
- age   1:    4346152 bytes,    4346152 total
- age   2:    2014200 bytes,    6360352 total
- age   3:      11344 bytes,    6371696 total
- age   4:       3736 bytes,    6375432 total
- age   5:       6304 bytes,    6381736 total
- age   6:       6624 bytes,    6388360 total
- age   7:       4216 bytes,    6392576 total
- age   8:       4416 bytes,    6396992 total
: 100099K->9206K(109248K), 0.0177971 secs] 116268K->25383K(502464K), 0.0178704 secs] [Times: user=0.02 sys=0.00, real=0.02 secs] 
Heap after GC invocations=541 (full 1):
 par new generation   total 109248K, used 9206K [0x00000000e0000000, 0x00000000e8000000, 0x00000000e8000000)
  eden space 87424K,   0% used [0x00000000e0000000, 0x00000000e0000000, 0x00000000e5560000)
  from space 21824K,  42% used [0x00000000e6ab0000, 0x00000000e73ad8e8, 0x00000000e8000000)
  to   space 21824K,   0% used [0x00000000e5560000, 0x00000000e5560000, 0x00000000e6ab0000)
 concurrent mark-sweep generation total 393216K, used 16177K [0x00000000e8000000, 0x0000000100000000, 0x0000000100000000)
 Metaspace       used 34702K, capacity 35268K, committed 35552K, reserved 1081344K
  class space    used 3628K, capacity 3814K, committed 3836K, reserved 1048576K
}
2017-03-31T05:01:37.766+0200: 558.493: Total time for which application threads were stopped: 0.0228938 seconds, Stopping threads took: 0.0048722 seconds
{Heap before GC invocations=541 (full 1):
 par new generation   total 109248K, used 96630K [0x00000000e0000000, 0x00000000e8000000, 0x00000000e8000000)
  eden space 87424K, 100% used [0x00000000e0000000, 0x00000000e5560000, 0x00000000e5560000)
  from space 21824K,  42% used [0x00000000e6ab0000, 0x00000000e73ad8e8, 0x00000000e8000000)
  to   space 21824K,   0% used [0x00000000e5560000, 0x00000000e5560000, 0x00000000e6ab0000)
 concurrent mark-sweep generation total 393216K, used 16177K [0x00000000e8000000, 0x0000000100000000, 0x0000000100000000)
 Metaspace       used 34702K, capacity 35268K, committed 35552K, reserved 1081344K
  class space    used 3628K, capacity 3814K, committed 3836K, reserved 1048576K
2017-03-31T05:01:38.044+0200: 558.770: [GC (Allocation Failure) 2017-03-31T05:01:38.044+0200: 558.770: [ParNew
Desired survivor size 20112992 bytes, new threshold 8 (max 8)
- age   1:    2753424 bytes,    2753424 total
- age   2:    3682936 bytes,    6436360 total
- age   3:    1708704 bytes,    8145064 total
- age   4:      10688 bytes,    8155752 total
- age   5:       3736 bytes,    8159488 total
- age   6:       6304 bytes,    8165792 total
- age   7:       6624 bytes,    8172416 total
- age   8:       4216 bytes,    8176632 total
: 96630K->9538K(109248K), 0.0288291 secs] 112807K->25720K(502464K), 0.0288890 secs] [Times: user=0.02 sys=0.00, real=0.03 secs] 
Heap after GC invocations=542 (full 1):
 par new generation   total 109248K, used 9538K [0x00000000e0000000, 0x00000000e8000000, 0x00000000e8000000)
  eden space 87424K,   0% used [0x00000000e0000000, 0x00000000e0000000, 0x00000000e5560000)
  from space 21824K,  43% used [0x00000000e5560000, 0x00000000e5eb0b20, 0x00000000e6ab0000)
  to   space 21824K,   0% used [0x00000000e6ab0000, 0x00000000e6ab0000, 0x00000000e8000000)
 concurrent mark-sweep generation total 393216K, used 16181K [0x00000000e8000000, 0x0000000100000000, 0x0000000100000000)
 Metaspace       used 34702K, capacity 35268K, committed 35552K, reserved 1081344K
  class space    used 3628K, capacity 3814K, committed 3836K, reserved 1048576K
}
2017-03-31T05:01:38.073+0200: 558.799: Total time for which application threads were stopped: 0.0290430 seconds, Stopping threads took: 0.0000297 seconds
{Heap before GC invocations=542 (full 1):
 par new generation   total 109248K, used 96962K [0x00000000e0000000, 0x00000000e8000000, 0x00000000e8000000)
  eden space 87424K, 100% used [0x00000000e0000000, 0x00000000e5560000, 0x00000000e5560000)
  from space 21824K,  43% used [0x00000000e5560000, 0x00000000e5eb0b20, 0x00000000e6ab0000)
  to   space 21824K,   0% used [0x00000000e6ab0000, 0x00000000e6ab0000, 0x00000000e8000000)
 concurrent mark-sweep generation total 393216K, used 16181K [0x00000000e8000000, 0x0000000100000000, 0x0000000100000000)
 Metaspace       used 34703K, capacity 35268K, committed 35552K, reserved 1081344K
  class space    used 3628K, capacity 3814K, committed 3836K, reserved 1048576K
2017-03-31T05:01:38.521+0200: 559.247: [GC (Allocation Failure) 2017-03-31T05:01:38.521+0200: 559.247: [ParNew
Desired survivor size 20112992 bytes, new threshold 8 (max 8)
- age   1:    4482960 bytes,    4482960 total
- age   2:    2337856 bytes,    6820816 total
- age   3:     676064 bytes,    7496880 total
- age   4:       7152 bytes,    7504032 total
- age   5:       4984 bytes,    7509016 total
- age   6:       3608 bytes,    7512624 total
- age   7:       6304 bytes,    7518928 total
- age   8:       6624 bytes,    7525552 total
: 96962K->11871K(109248K), 0.0197677 secs] 113144K->28057K(502464K), 0.0198447 secs] [Times: user=0.02 sys=0.00, real=0.02 secs] 
Heap after GC invocations=543 (full 1):
 par new generation   total 109248K, used 11871K [0x00000000e0000000, 0x00000000e8000000, 0x00000000e8000000)
  eden space 87424K,   0% used [0x00000000e0000000, 0x00000000e0000000, 0x00000000e5560000)
  from space 21824K,  54% used [0x00000000e6ab0000, 0x00000000e7647d98, 0x00000000e8000000)
  to   space 21824K,   0% used [0x00000000e5560000, 0x00000000e5560000, 0x00000000e6ab0000)
 concurrent mark-sweep generation total 393216K, used 16185K [0x00000000e8000000, 0x0000000100000000, 0x0000000100000000)
 Metaspace       used 34703K, capacity 35268K, committed 35552K, reserved 1081344K
  class space    used 3628K, capacity 3814K, committed 3836K, reserved 1048576K
}
2017-03-31T05:01:38.541+0200: 559.267: Total time for which application threads were stopped: 0.0202582 seconds, Stopping threads took: 0.0001295 seconds
{Heap before GC invocations=543 (full 1):
 par new generation   total 109248K, used 99295K [0x00000000e0000000, 0x00000000e8000000, 0x00000000e8000000)
  eden space 87424K, 100% used [0x00000000e0000000, 0x00000000e5560000, 0x00000000e5560000)
  from space 21824K,  54% used [0x00000000e6ab0000, 0x00000000e7647d98, 0x00000000e8000000)
  to   space 21824K,   0% used [0x00000000e5560000, 0x00000000e5560000, 0x00000000e6ab0000)
 concurrent mark-sweep generation total 393216K, used 16185K [0x00000000e8000000, 0x0000000100000000, 0x0000000100000000)
 Metaspace       used 34703K, capacity 35268K, committed 35552K, reserved 1081344K
  class space    used 3628K, capacity 3814K, committed 3836K, reserved 1048576K
2017-03-31T05:01:38.982+0200: 559.708: [GC (Allocation Failure) 2017-03-31T05:01:38.982+0200: 559.708: [ParNew
Desired survivor size 20112992 bytes, new threshold 8 (max 8)
- age   1:    4540488 bytes,    4540488 total
- age   2:    2236256 bytes,    6776744 total
- age   3:       3008 bytes,    6779752 total
- age   4:      11872 bytes,    6791624 total
- age   5:       6768 bytes,    6798392 total
- age   6:       4984 bytes,    6803376 total
- age   7:       3608 bytes,    6806984 total
- age   8:       6304 bytes,    6813288 total
: 99295K->8832K(109248K), 0.0149524 secs] 115481K->25025K(502464K), 0.0150175 secs] [Times: user=0.01 sys=0.00, real=0.02 secs] 
Heap after GC invocations=544 (full 1):
 par new generation   total 109248K, used 8832K [0x00000000e0000000, 0x00000000e8000000, 0x00000000e8000000)
  eden space 87424K,   0% used [0x00000000e0000000, 0x00000000e0000000, 0x00000000e5560000)
  from space 21824K,  40% used [0x00000000e5560000, 0x00000000e5e003e0, 0x00000000e6ab0000)
  to   space 21824K,   0% used [0x00000000e6ab0000, 0x00000000e6ab0000, 0x00000000e8000000)
 concurrent mark-sweep generation total 393216K, used 16192K [0x00000000e8000000, 0x0000000100000000, 0x0000000100000000)
 Metaspace       used 34703K, capacity 35268K, committed 35552K, reserved 1081344K
  class space    used 3628K, capacity 3814K, committed 3836K, reserved 1048576K
}
2017-03-31T05:01:38.997+0200: 559.723: Total time for which application threads were stopped: 0.0151820 seconds, Stopping threads took: 0.0000323 seconds
{Heap before GC invocations=544 (full 1):
 par new generation   total 109248K, used 96240K [0x00000000e0000000, 0x00000000e8000000, 0x00000000e8000000)
  eden space 87424K,  99% used [0x00000000e0000000, 0x00000000e555bca0, 0x00000000e5560000)
  from space 21824K,  40% used [0x00000000e5560000, 0x00000000e5e003e0, 0x00000000e6ab0000)
  to   space 21824K,   0% used [0x00000000e6ab0000, 0x00000000e6ab0000, 0x00000000e8000000)
 concurrent mark-sweep generation total 393216K, used 16192K [0x00000000e8000000, 0x0000000100000000, 0x0000000100000000)
 Metaspace       used 34703K, capacity 35268K, committed 35552K, reserved 1081344K
  class space    used 3628K, capacity 3814K, committed 3836K, reserved 1048576K
2017-03-31T05:01:39.300+0200: 560.026: [GC (Allocation Failure) 2017-03-31T05:01:39.300+0200: 560.026: [ParNew
Desired survivor size 20112992 bytes, new threshold 8 (max 8)
- age   1:    3017728 bytes,    3017728 total
- age   2:    1871872 bytes,    4889600 total
- age   3:      16456 bytes,    4906056 total
- age   4:       3008 bytes,    4909064 total
- age   5:       6232 bytes,    4915296 total
- age   6:       6768 bytes,    4922064 total
- age   7:       4984 bytes,    4927048 total
- age   8:       3608 bytes,    4930656 total
: 96240K->6756K(109248K), 0.0253479 secs] 112432K->22955K(502464K), 0.0254218 secs] [Times: user=0.02 sys=0.01, real=0.02 secs] 
Heap after GC invocations=545 (full 1):
 par new generation   total 109248K, used 6756K [0x00000000e0000000, 0x00000000e8000000, 0x00000000e8000000)
  eden space 87424K,   0% used [0x00000000e0000000, 0x00000000e0000000, 0x00000000e5560000)
  from space 21824K,  30% used [0x00000000e6ab0000, 0x00000000e7149340, 0x00000000e8000000)
  to   space 21824K,   0% used [0x00000000e5560000, 0x00000000e5560000, 0x00000000e6ab0000)
 concurrent mark-sweep generation total 393216K, used 16198K [0x00000000e8000000, 0x0000000100000000, 0x0000000100000000)
 Metaspace       used 34703K, capacity 35268K, committed 35552K, reserved 1081344K
  class space    used 3628K, capacity 3814K, committed 3836K, reserved 1048576K
}
2017-03-31T05:01:39.325+0200: 560.052: Total time for which application threads were stopped: 0.0255668 seconds, Stopping threads took: 0.0000186 seconds
{Heap before GC invocations=545 (full 1):
 par new generation   total 109248K, used 94180K [0x00000000e0000000, 0x00000000e8000000, 0x00000000e8000000)
  eden space 87424K, 100% used [0x00000000e0000000, 0x00000000e5560000, 0x00000000e5560000)
  from space 21824K,  30% used [0x00000000e6ab0000, 0x00000000e7149340, 0x00000000e8000000)
  to   space 21824K,   0% used [0x00000000e5560000, 0x00000000e5560000, 0x00000000e6ab0000)
 concurrent mark-sweep generation total 393216K, used 16198K [0x00000000e8000000, 0x0000000100000000, 0x0000000100000000)
 Metaspace       used 34703K, capacity 35268K, committed 35552K, reserved 1081344K
  class space    used 3628K, capacity 3814K, committed 3836K, reserved 1048576K
2017-03-31T05:01:39.647+0200: 560.373: [GC (Allocation Failure) 2017-03-31T05:01:39.647+0200: 560.373: [ParNew
Desired survivor size 20112992 bytes, new threshold 8 (max 8)
- age   1:    3525224 bytes,    3525224 total
- age   2:    2806184 bytes,    6331408 total
- age   3:    1485448 bytes,    7816856 total
- age   4:       7368 bytes,    7824224 total
- age   5:       3008 bytes,    7827232 total
- age   6:       6232 bytes,    7833464 total
- age   7:       6768 bytes,    7840232 total
- age   8:       4984 bytes,    7845216 total
: 94180K->9938K(109248K), 0.0205383 secs] 110379K->26140K(502464K), 0.0206127 secs] [Times: user=0.02 sys=0.00, real=0.02 secs] 
Heap after GC invocations=546 (full 1):
 par new generation   total 109248K, used 9938K [0x00000000e0000000, 0x00000000e8000000, 0x00000000e8000000)
  eden space 87424K,   0% used [0x00000000e0000000, 0x00000000e0000000, 0x00000000e5560000)
  from space 21824K,  45% used [0x00000000e5560000, 0x00000000e5f149c0, 0x00000000e6ab0000)
  to   space 21824K,   0% used [0x00000000e6ab0000, 0x00000000e6ab0000, 0x00000000e8000000)
 concurrent mark-sweep generation total 393216K, used 16201K [0x00000000e8000000, 0x0000000100000000, 0x0000000100000000)
 Metaspace       used 34703K, capacity 35268K, committed 35552K, reserved 1081344K
  class space    used 3628K, capacity 3814K, committed 3836K, reserved 1048576K
}
2017-03-31T05:01:39.667+0200: 560.394: Total time for which application threads were stopped: 0.0207936 seconds, Stopping threads took: 0.0000275 seconds
{Heap before GC invocations=546 (full 1):
 par new generation   total 109248K, used 97347K [0x00000000e0000000, 0x00000000e8000000, 0x00000000e8000000)
  eden space 87424K,  99% used [0x00000000e0000000, 0x00000000e555c420, 0x00000000e5560000)
  from space 21824K,  45% used [0x00000000e5560000, 0x00000000e5f149c0, 0x00000000e6ab0000)
  to   space 21824K,   0% used [0x00000000e6ab0000, 0x00000000e6ab0000, 0x00000000e8000000)
 concurrent mark-sweep generation total 393216K, used 16201K [0x00000000e8000000, 0x0000000100000000, 0x0000000100000000)
 Metaspace       used 34703K, capacity 35268K, committed 35552K, reserved 1081344K
  class space    used 3628K, capacity 3814K, committed 3836K, reserved 1048576K
2017-03-31T05:01:40.151+0200: 560.877: [GC (Allocation Failure) 2017-03-31T05:01:40.151+0200: 560.877: [ParNew
Desired survivor size 20112992 bytes, new threshold 8 (max 8)
- age   1:    4614648 bytes,    4614648 total
- age   2:    2631224 bytes,    7245872 total
- age   3:       4384 bytes,    7250256 total
- age   4:      12568 bytes,    7262824 total
- age   5:       6984 bytes,    7269808 total
- age   6:       2984 bytes,    7272792 total
- age   7:       6232 bytes,    7279024 total
- age   8:       6744 bytes,    7285768 total
: 97347K->9722K(109248K), 0.0264395 secs] 113549K->25929K(502464K), 0.0264979 secs] [Times: user=0.01 sys=0.01, real=0.03 secs] 
Heap after GC invocations=547 (full 1):
 par new generation   total 109248K, used 9722K [0x00000000e0000000, 0x00000000e8000000, 0x00000000e8000000)
  eden space 87424K,   0% used [0x00000000e0000000, 0x00000000e0000000, 0x00000000e5560000)
  from space 21824K,  44% used [0x00000000e6ab0000, 0x00000000e742eb30, 0x00000000e8000000)
  to   space 21824K,   0% used [0x00000000e5560000, 0x00000000e5560000, 0x00000000e6ab0000)
 concurrent mark-sweep generation total 393216K, used 16206K [0x00000000e8000000, 0x0000000100000000, 0x0000000100000000)
 Metaspace       used 34703K, capacity 35268K, committed 35552K, reserved 1081344K
  class space    used 3628K, capacity 3814K, committed 3836K, reserved 1048576K
}
2017-03-31T05:01:40.177+0200: 560.904: Total time for which application threads were stopped: 0.0266570 seconds, Stopping threads took: 0.0000315 seconds
{Heap before GC invocations=547 (full 1):
 par new generation   total 109248K, used 97146K [0x00000000e0000000, 0x00000000e8000000, 0x00000000e8000000)
  eden space 87424K, 100% used [0x00000000e0000000, 0x00000000e5560000, 0x00000000e5560000)
  from space 21824K,  44% used [0x00000000e6ab0000, 0x00000000e742eb30, 0x00000000e8000000)
  to   space 21824K,   0% used [0x00000000e5560000, 0x00000000e5560000, 0x00000000e6ab0000)
 concurrent mark-sweep generation total 393216K, used 16206K [0x00000000e8000000, 0x0000000100000000, 0x0000000100000000)
 Metaspace       used 34703K, capacity 35268K, committed 35552K, reserved 1081344K
  class space    used 3628K, capacity 3814K, committed 3836K, reserved 1048576K
2017-03-31T05:01:40.660+0200: 561.387: [GC (Allocation Failure) 2017-03-31T05:01:40.660+0200: 561.387: [ParNew
Desired survivor size 20112992 bytes, new threshold 8 (max 8)
- age   1:    4127360 bytes,    4127360 total
- age   2:    2146592 bytes,    6273952 total
- age   3:       4536 bytes,    6278488 total
- age   4:       4192 bytes,    6282680 total
- age   5:       6752 bytes,    6289432 total
- age   6:       6960 bytes,    6296392 total
- age   7:       2984 bytes,    6299376 total
- age   8:       6232 bytes,    6305608 total
: 97146K->8880K(109248K), 0.0349137 secs] 113353K->25093K(502464K), 0.0349853 secs] [Times: user=0.03 sys=0.00, real=0.03 secs] 
Heap after GC invocations=548 (full 1):
 par new generation   total 109248K, used 8880K [0x00000000e0000000, 0x00000000e8000000, 0x00000000e8000000)
  eden space 87424K,   0% used [0x00000000e0000000, 0x00000000e0000000, 0x00000000e5560000)
  from space 21824K,  40% used [0x00000000e5560000, 0x00000000e5e0c050, 0x00000000e6ab0000)
  to   space 21824K,   0% used [0x00000000e6ab0000, 0x00000000e6ab0000, 0x00000000e8000000)
 concurrent mark-sweep generation total 393216K, used 16213K [0x00000000e8000000, 0x0000000100000000, 0x0000000100000000)
 Metaspace       used 34703K, capacity 35268K, committed 35552K, reserved 1081344K
  class space    used 3628K, capacity 3814K, committed 3836K, reserved 1048576K
}
2017-03-31T05:01:40.695+0200: 561.422: Total time for which application threads were stopped: 0.0351496 seconds, Stopping threads took: 0.0000317 seconds
{Heap before GC invocations=548 (full 1):
 par new generation   total 109248K, used 96304K [0x00000000e0000000, 0x00000000e8000000, 0x00000000e8000000)
  eden space 87424K, 100% used [0x00000000e0000000, 0x00000000e5560000, 0x00000000e5560000)
  from space 21824K,  40% used [0x00000000e5560000, 0x00000000e5e0c050, 0x00000000e6ab0000)
  to   space 21824K,   0% used [0x00000000e6ab0000, 0x00000000e6ab0000, 0x00000000e8000000)
 concurrent mark-sweep generation total 393216K, used 16213K [0x00000000e8000000, 0x0000000100000000, 0x0000000100000000)
 Metaspace       used 34704K, capacity 35268K, committed 35552K, reserved 1081344K
  class space    used 3628K, capacity 3814K, committed 3836K, reserved 1048576K
2017-03-31T05:01:40.999+0200: 561.725: [GC (Allocation Failure) 2017-03-31T05:01:40.999+0200: 561.725: [ParNew
Desired survivor size 20112992 bytes, new threshold 8 (max 8)
- age   1:    3612504 bytes,    3612504 total
- age   2:    3719712 bytes,    7332216 total
- age   3:    1920368 bytes,    9252584 total
- age   4:       4536 bytes,    9257120 total
- age   5:       4192 bytes,    9261312 total
- age   6:       6752 bytes,    9268064 total
- age   7:       6960 bytes,    9275024 total
- age   8:       2984 bytes,    9278008 total
: 96304K->11989K(109248K), 0.0400557 secs] 112517K->28209K(502464K), 0.0401186 secs] [Times: user=0.04 sys=0.00, real=0.05 secs] 
Heap after GC invocations=549 (full 1):
 par new generation   total 109248K, used 11989K [0x00000000e0000000, 0x00000000e8000000, 0x00000000e8000000)
  eden space 87424K,   0% used [0x00000000e0000000, 0x00000000e0000000, 0x00000000e5560000)
  from space 21824K,  54% used [0x00000000e6ab0000, 0x00000000e76655d0, 0x00000000e8000000)
  to   space 21824K,   0% used [0x00000000e5560000, 0x00000000e5560000, 0x00000000e6ab0000)
 concurrent mark-sweep generation total 393216K, used 16219K [0x00000000e8000000, 0x0000000100000000, 0x0000000100000000)
 Metaspace       used 34704K, capacity 35268K, committed 35552K, reserved 1081344K
  class space    used 3628K, capacity 3814K, committed 3836K, reserved 1048576K
}
2017-03-31T05:01:41.039+0200: 561.765: Total time for which application threads were stopped: 0.0402888 seconds, Stopping threads took: 0.0000233 seconds
{Heap before GC invocations=549 (full 1):
 par new generation   total 109248K, used 99413K [0x00000000e0000000, 0x00000000e8000000, 0x00000000e8000000)
  eden space 87424K, 100% used [0x00000000e0000000, 0x00000000e5560000, 0x00000000e5560000)
  from space 21824K,  54% used [0x00000000e6ab0000, 0x00000000e76655d0, 0x00000000e8000000)
  to   space 21824K,   0% used [0x00000000e5560000, 0x00000000e5560000, 0x00000000e6ab0000)
 concurrent mark-sweep generation total 393216K, used 16219K [0x00000000e8000000, 0x0000000100000000, 0x0000000100000000)
 Metaspace       used 34704K, capacity 35268K, committed 35552K, reserved 1081344K
  class space    used 3628K, capacity 3814K, committed 3836K, reserved 1048576K
2017-03-31T05:01:41.548+0200: 562.275: [GC (Allocation Failure) 2017-03-31T05:01:41.548+0200: 562.275: [ParNew
Desired survivor size 20112992 bytes, new threshold 8 (max 8)
- age   1:    3901984 bytes,    3901984 total
- age   2:    2832464 bytes,    6734448 total
- age   3:     959264 bytes,    7693712 total
- age   4:      18040 bytes,    7711752 total
- age   5:       4536 bytes,    7716288 total
- age   6:       4000 bytes,    7720288 total
- age   7:       6752 bytes,    7727040 total
- age   8:       6960 bytes,    7734000 total
: 99413K->9389K(109248K), 0.0388924 secs] 115633K->25611K(502464K), 0.0389646 secs] [Times: user=0.03 sys=0.00, real=0.04 secs] 
Heap after GC invocations=550 (full 1):
 par new generation   total 109248K, used 9389K [0x00000000e0000000, 0x00000000e8000000, 0x00000000e8000000)
  eden space 87424K,   0% used [0x00000000e0000000, 0x00000000e0000000, 0x00000000e5560000)
  from space 21824K,  43% used [0x00000000e5560000, 0x00000000e5e8b500, 0x00000000e6ab0000)
  to   space 21824K,   0% used [0x00000000e6ab0000, 0x00000000e6ab0000, 0x00000000e8000000)
 concurrent mark-sweep generation total 393216K, used 16222K [0x00000000e8000000, 0x0000000100000000, 0x0000000100000000)
 Metaspace       used 34704K, capacity 35268K, committed 35552K, reserved 1081344K
  class space    used 3628K, capacity 3814K, committed 3836K, reserved 1048576K
}
2017-03-31T05:01:41.587+0200: 562.314: Total time for which application threads were stopped: 0.0424350 seconds, Stopping threads took: 0.0033303 seconds
{Heap before GC invocations=550 (full 1):
 par new generation   total 109248K, used 96813K [0x00000000e0000000, 0x00000000e8000000, 0x00000000e8000000)
  eden space 87424K, 100% used [0x00000000e0000000, 0x00000000e5560000, 0x00000000e5560000)
  from space 21824K,  43% used [0x00000000e5560000, 0x00000000e5e8b500, 0x00000000e6ab0000)
  to   space 21824K,   0% used [0x00000000e6ab0000, 0x00000000e6ab0000, 0x00000000e8000000)
 concurrent mark-sweep generation total 393216K, used 16222K [0x00000000e8000000, 0x0000000100000000, 0x0000000100000000)
 Metaspace       used 34704K, capacity 35268K, committed 35552K, reserved 1081344K
  class space    used 3628K, capacity 3814K, committed 3836K, reserved 1048576K
2017-03-31T05:01:42.105+0200: 562.832: [GC (Allocation Failure) 2017-03-31T05:01:42.105+0200: 562.832: [ParNew
Desired survivor size 20112992 bytes, new threshold 8 (max 8)
- age   1:    4557056 bytes,    4557056 total
- age   2:    2393464 bytes,    6950520 total
- age   3:       3576 bytes,    6954096 total
- age   4:       6920 bytes,    6961016 total
- age   5:      17632 bytes,    6978648 total
- age   6:       4536 bytes,    6983184 total
- age   7:       4000 bytes,    6987184 total
- age   8:       6752 bytes,    6993936 total
: 96813K->13415K(109248K), 0.0311595 secs] 113035K->29645K(502464K), 0.0312239 secs] [Times: user=0.03 sys=0.00, real=0.03 secs] 
Heap after GC invocations=551 (full 1):
 par new generation   total 109248K, used 13415K [0x00000000e0000000, 0x00000000e8000000, 0x00000000e8000000)
  eden space 87424K,   0% used [0x00000000e0000000, 0x00000000e0000000, 0x00000000e5560000)
  from space 21824K,  61% used [0x00000000e6ab0000, 0x00000000e77c9e80, 0x00000000e8000000)
  to   space 21824K,   0% used [0x00000000e5560000, 0x00000000e5560000, 0x00000000e6ab0000)
 concurrent mark-sweep generation total 393216K, used 16229K [0x00000000e8000000, 0x0000000100000000, 0x0000000100000000)
 Metaspace       used 34704K, capacity 35268K, committed 35552K, reserved 1081344K
  class space    used 3628K, capacity 3814K, committed 3836K, reserved 1048576K
}
2017-03-31T05:01:42.137+0200: 562.863: Total time for which application threads were stopped: 0.0313845 seconds, Stopping threads took: 0.0000295 seconds
{Heap before GC invocations=551 (full 1):
 par new generation   total 109248K, used 100839K [0x00000000e0000000, 0x00000000e8000000, 0x00000000e8000000)
  eden space 87424K, 100% used [0x00000000e0000000, 0x00000000e5560000, 0x00000000e5560000)
  from space 21824K,  61% used [0x00000000e6ab0000, 0x00000000e77c9e80, 0x00000000e8000000)
  to   space 21824K,   0% used [0x00000000e5560000, 0x00000000e5560000, 0x00000000e6ab0000)
 concurrent mark-sweep generation total 393216K, used 16229K [0x00000000e8000000, 0x0000000100000000, 0x0000000100000000)
 Metaspace       used 34704K, capacity 35268K, committed 35552K, reserved 1081344K
  class space    used 3628K, capacity 3814K, committed 3836K, reserved 1048576K
2017-03-31T05:01:42.638+0200: 563.364: [GC (Allocation Failure) 2017-03-31T05:01:42.638+0200: 563.364: [ParNew
Desired survivor size 20112992 bytes, new threshold 8 (max 8)
- age   1:    3498384 bytes,    3498384 total
- age   2:    1926472 bytes,    5424856 total
- age   3:      14944 bytes,    5439800 total
- age   4:       3576 bytes,    5443376 total
- age   5:       6536 bytes,    5449912 total
- age   6:      11480 bytes,    5461392 total
- age   7:       4536 bytes,    5465928 total
- age   8:       4000 bytes,    5469928 total
: 100839K->7393K(109248K), 0.0224953 secs] 117069K->23630K(502464K), 0.0225593 secs] [Times: user=0.02 sys=0.00, real=0.03 secs] 
Heap after GC invocations=552 (full 1):
 par new generation   total 109248K, used 7393K [0x00000000e0000000, 0x00000000e8000000, 0x00000000e8000000)
  eden space 87424K,   0% used [0x00000000e0000000, 0x00000000e0000000, 0x00000000e5560000)
  from space 21824K,  33% used [0x00000000e5560000, 0x00000000e5c987a0, 0x00000000e6ab0000)
  to   space 21824K,   0% used [0x00000000e6ab0000, 0x00000000e6ab0000, 0x00000000e8000000)
 concurrent mark-sweep generation total 393216K, used 16236K [0x00000000e8000000, 0x0000000100000000, 0x0000000100000000)
 Metaspace       used 34704K, capacity 35268K, committed 35552K, reserved 1081344K
  class space    used 3628K, capacity 3814K, committed 3836K, reserved 1048576K
}
2017-03-31T05:01:42.660+0200: 563.387: Total time for which application threads were stopped: 0.0227129 seconds, Stopping threads took: 0.0000186 seconds
{Heap before GC invocations=552 (full 1):
 par new generation   total 109248K, used 94801K [0x00000000e0000000, 0x00000000e8000000, 0x00000000e8000000)
  eden space 87424K,  99% used [0x00000000e0000000, 0x00000000e555bdd0, 0x00000000e5560000)
  from space 21824K,  33% used [0x00000000e5560000, 0x00000000e5c987a0, 0x00000000e6ab0000)
  to   space 21824K,   0% used [0x00000000e6ab0000, 0x00000000e6ab0000, 0x00000000e8000000)
 concurrent mark-sweep generation total 393216K, used 16236K [0x00000000e8000000, 0x0000000100000000, 0x0000000100000000)
 Metaspace       used 34704K, capacity 35268K, committed 35552K, reserved 1081344K
  class space    used 3628K, capacity 3814K, committed 3836K, reserved 1048576K
2017-03-31T05:01:43.048+0200: 563.774: [GC (Allocation Failure) 2017-03-31T05:01:43.048+0200: 563.774: [ParNew
Desired survivor size 20112992 bytes, new threshold 8 (max 8)
- age   1:    3507600 bytes,    3507600 total
- age   2:    2893456 bytes,    6401056 total
- age   3:    1609608 bytes,    8010664 total
- age   4:       5888 bytes,    8016552 total
- age   5:       3576 bytes,    8020128 total
- age   6:       6536 bytes,    8026664 total
- age   7:      11480 bytes,    8038144 total
- age   8:       4536 bytes,    8042680 total
: 94801K->10284K(109248K), 0.0485889 secs] 111037K->26524K(502464K), 0.0486523 secs] [Times: user=0.04 sys=0.00, real=0.05 secs] 
Heap after GC invocations=553 (full 1):
 par new generation   total 109248K, used 10284K [0x00000000e0000000, 0x00000000e8000000, 0x00000000e8000000)
  eden space 87424K,   0% used [0x00000000e0000000, 0x00000000e0000000, 0x00000000e5560000)
  from space 21824K,  47% used [0x00000000e6ab0000, 0x00000000e74bb1f8, 0x00000000e8000000)
  to   space 21824K,   0% used [0x00000000e5560000, 0x00000000e5560000, 0x00000000e6ab0000)
 concurrent mark-sweep generation total 393216K, used 16240K [0x00000000e8000000, 0x0000000100000000, 0x0000000100000000)
 Metaspace       used 34704K, capacity 35268K, committed 35552K, reserved 1081344K
  class space    used 3628K, capacity 3814K, committed 3836K, reserved 1048576K
}
2017-03-31T05:01:43.096+0200: 563.823: Total time for which application threads were stopped: 0.0488063 seconds, Stopping threads took: 0.0000302 seconds
{Heap before GC invocations=553 (full 1):
 par new generation   total 109248K, used 97708K [0x00000000e0000000, 0x00000000e8000000, 0x00000000e8000000)
  eden space 87424K, 100% used [0x00000000e0000000, 0x00000000e5560000, 0x00000000e5560000)
  from space 21824K,  47% used [0x00000000e6ab0000, 0x00000000e74bb1f8, 0x00000000e8000000)
  to   space 21824K,   0% used [0x00000000e5560000, 0x00000000e5560000, 0x00000000e6ab0000)
 concurrent mark-sweep generation total 393216K, used 16240K [0x00000000e8000000, 0x0000000100000000, 0x0000000100000000)
 Metaspace       used 34704K, capacity 35268K, committed 35552K, reserved 1081344K
  class space    used 3628K, capacity 3814K, committed 3836K, reserved 1048576K
2017-03-31T05:01:43.554+0200: 564.280: [GC (Allocation Failure) 2017-03-31T05:01:43.554+0200: 564.281: [ParNew
Desired survivor size 20112992 bytes, new threshold 8 (max 8)
- age   1:    4481696 bytes,    4481696 total
- age   2:    2984048 bytes,    7465744 total
- age   3:      10152 bytes,    7475896 total
- age   4:       7192 bytes,    7483088 total
- age   5:       5824 bytes,    7488912 total
- age   6:       3576 bytes,    7492488 total
- age   7:       6512 bytes,    7499000 total
- age   8:      11480 bytes,    7510480 total
: 97708K->9985K(109248K), 0.0318241 secs] 113948K->26229K(502464K), 0.0318987 secs] [Times: user=0.03 sys=0.00, real=0.03 secs] 
Heap after GC invocations=554 (full 1):
 par new generation   total 109248K, used 9985K [0x00000000e0000000, 0x00000000e8000000, 0x00000000e8000000)
  eden space 87424K,   0% used [0x00000000e0000000, 0x00000000e0000000, 0x00000000e5560000)
  from space 21824K,  45% used [0x00000000e5560000, 0x00000000e5f20450, 0x00000000e6ab0000)
  to   space 21824K,   0% used [0x00000000e6ab0000, 0x00000000e6ab0000, 0x00000000e8000000)
 concurrent mark-sweep generation total 393216K, used 16244K [0x00000000e8000000, 0x0000000100000000, 0x0000000100000000)
 Metaspace       used 34704K, capacity 35268K, committed 35552K, reserved 1081344K
  class space    used 3628K, capacity 3814K, committed 3836K, reserved 1048576K
}
2017-03-31T05:01:43.586+0200: 564.312: Total time for which application threads were stopped: 0.0320942 seconds, Stopping threads took: 0.0000466 seconds
{Heap before GC invocations=554 (full 1):
 par new generation   total 109248K, used 97409K [0x00000000e0000000, 0x00000000e8000000, 0x00000000e8000000)
  eden space 87424K, 100% used [0x00000000e0000000, 0x00000000e5560000, 0x00000000e5560000)
  from space 21824K,  45% used [0x00000000e5560000, 0x00000000e5f20450, 0x00000000e6ab0000)
  to   space 21824K,   0% used [0x00000000e6ab0000, 0x00000000e6ab0000, 0x00000000e8000000)
 concurrent mark-sweep generation total 393216K, used 16244K [0x00000000e8000000, 0x0000000100000000, 0x0000000100000000)
 Metaspace       used 34704K, capacity 35268K, committed 35552K, reserved 1081344K
  class space    used 3628K, capacity 3814K, committed 3836K, reserved 1048576K
2017-03-31T05:01:44.147+0200: 564.874: [GC (Allocation Failure) 2017-03-31T05:01:44.147+0200: 564.874: [ParNew
Desired survivor size 20112992 bytes, new threshold 8 (max 8)
- age   1:    4654640 bytes,    4654640 total
- age   2:    2084488 bytes,    6739128 total
- age   3:       4576 bytes,    6743704 total
- age   4:       9960 bytes,    6753664 total
- age   5:       7192 bytes,    6760856 total
- age   6:       5824 bytes,    6766680 total
- age   7:       3576 bytes,    6770256 total
- age   8:       6512 bytes,    6776768 total
: 97409K->9145K(109248K), 0.0295869 secs] 113653K->25401K(502464K), 0.0296479 secs] [Times: user=0.02 sys=0.00, real=0.04 secs] 
Heap after GC invocations=555 (full 1):
 par new generation   total 109248K, used 9145K [0x00000000e0000000, 0x00000000e8000000, 0x00000000e8000000)
  eden space 87424K,   0% used [0x00000000e0000000, 0x00000000e0000000, 0x00000000e5560000)
  from space 21824K,  41% used [0x00000000e6ab0000, 0x00000000e739e590, 0x00000000e8000000)
  to   space 21824K,   0% used [0x00000000e5560000, 0x00000000e5560000, 0x00000000e6ab0000)
 concurrent mark-sweep generation total 393216K, used 16255K [0x00000000e8000000, 0x0000000100000000, 0x0000000100000000)
 Metaspace       used 34704K, capacity 35268K, committed 35552K, reserved 1081344K
  class space    used 3628K, capacity 3814K, committed 3836K, reserved 1048576K
}
2017-03-31T05:01:44.177+0200: 564.903: Total time for which application threads were stopped: 0.0329460 seconds, Stopping threads took: 0.0031329 seconds
{Heap before GC invocations=555 (full 1):
 par new generation   total 109248K, used 96569K [0x00000000e0000000, 0x00000000e8000000, 0x00000000e8000000)
  eden space 87424K, 100% used [0x00000000e0000000, 0x00000000e5560000, 0x00000000e5560000)
  from space 21824K,  41% used [0x00000000e6ab0000, 0x00000000e739e590, 0x00000000e8000000)
  to   space 21824K,   0% used [0x00000000e5560000, 0x00000000e5560000, 0x00000000e6ab0000)
 concurrent mark-sweep generation total 393216K, used 16255K [0x00000000e8000000, 0x0000000100000000, 0x0000000100000000)
 Metaspace       used 34704K, capacity 35268K, committed 35552K, reserved 1081344K
  class space    used 3628K, capacity 3814K, committed 3836K, reserved 1048576K
2017-03-31T05:01:44.491+0200: 565.218: [GC (Allocation Failure) 2017-03-31T05:01:44.491+0200: 565.218: [ParNew
Desired survivor size 20112992 bytes, new threshold 8 (max 8)
- age   1:    3370560 bytes,    3370560 total
- age   2:    3814064 bytes,    7184624 total
- age   3:    1996344 bytes,    9180968 total
- age   4:       4576 bytes,    9185544 total
- age   5:       9960 bytes,    9195504 total
- age   6:       7192 bytes,    9202696 total
- age   7:       5824 bytes,    9208520 total
- age   8:       3576 bytes,    9212096 total
: 96569K->11037K(109248K), 0.0278180 secs] 112825K->27300K(502464K), 0.0279556 secs] [Times: user=0.03 sys=0.00, real=0.03 secs] 
Heap after GC invocations=556 (full 1):
 par new generation   total 109248K, used 11037K [0x00000000e0000000, 0x00000000e8000000, 0x00000000e8000000)
  eden space 87424K,   0% used [0x00000000e0000000, 0x00000000e0000000, 0x00000000e5560000)
  from space 21824K,  50% used [0x00000000e5560000, 0x00000000e60277a8, 0x00000000e6ab0000)
  to   space 21824K,   0% used [0x00000000e6ab0000, 0x00000000e6ab0000, 0x00000000e8000000)
 concurrent mark-sweep generation total 393216K, used 16262K [0x00000000e8000000, 0x0000000100000000, 0x0000000100000000)
 Metaspace       used 34704K, capacity 35268K, committed 35552K, reserved 1081344K
  class space    used 3628K, capacity 3814K, committed 3836K, reserved 1048576K
}
2017-03-31T05:01:44.519+0200: 565.245: Total time for which application threads were stopped: 0.0281177 seconds, Stopping threads took: 0.0000238 seconds
{Heap before GC invocations=556 (full 1):
 par new generation   total 109248K, used 98458K [0x00000000e0000000, 0x00000000e8000000, 0x00000000e8000000)
  eden space 87424K,  99% used [0x00000000e0000000, 0x00000000e555f118, 0x00000000e5560000)
  from space 21824K,  50% used [0x00000000e5560000, 0x00000000e60277a8, 0x00000000e6ab0000)
  to   space 21824K,   0% used [0x00000000e6ab0000, 0x00000000e6ab0000, 0x00000000e8000000)
 concurrent mark-sweep generation total 393216K, used 16262K [0x00000000e8000000, 0x0000000100000000, 0x0000000100000000)
 Metaspace       used 34704K, capacity 35268K, committed 35552K, reserved 1081344K
  class space    used 3628K, capacity 3814K, committed 3836K, reserved 1048576K
2017-03-31T05:01:44.999+0200: 565.726: [GC (Allocation Failure) 2017-03-31T05:01:44.999+0200: 565.726: [ParNew
Desired survivor size 20112992 bytes, new threshold 8 (max 8)
- age   1:    3660152 bytes,    3660152 total
- age   2:    3002984 bytes,    6663136 total
- age   3:    1054128 bytes,    7717264 total
- age   4:      11072 bytes,    7728336 total
- age   5:       4576 bytes,    7732912 total
- age   6:       9768 bytes,    7742680 total
- age   7:       7192 bytes,    7749872 total
- age   8:       5824 bytes,    7755696 total
: 98458K->13293K(109248K), 0.0368075 secs] 114720K->29559K(502464K), 0.0368804 secs] [Times: user=0.03 sys=0.01, real=0.03 secs] 
Heap after GC invocations=557 (full 1):
 par new generation   total 109248K, used 13293K [0x00000000e0000000, 0x00000000e8000000, 0x00000000e8000000)
  eden space 87424K,   0% used [0x00000000e0000000, 0x00000000e0000000, 0x00000000e5560000)
  from space 21824K,  60% used [0x00000000e6ab0000, 0x00000000e77ab5c0, 0x00000000e8000000)
  to   space 21824K,   0% used [0x00000000e5560000, 0x00000000e5560000, 0x00000000e6ab0000)
 concurrent mark-sweep generation total 393216K, used 16265K [0x00000000e8000000, 0x0000000100000000, 0x0000000100000000)
 Metaspace       used 34704K, capacity 35268K, committed 35552K, reserved 1081344K
  class space    used 3628K, capacity 3814K, committed 3836K, reserved 1048576K
}
2017-03-31T05:01:45.036+0200: 565.762: Total time for which application threads were stopped: 0.0370372 seconds, Stopping threads took: 0.0000291 seconds
{Heap before GC invocations=557 (full 1):
 par new generation   total 109248K, used 100717K [0x00000000e0000000, 0x00000000e8000000, 0x00000000e8000000)
  eden space 87424K, 100% used [0x00000000e0000000, 0x00000000e5560000, 0x00000000e5560000)
  from space 21824K,  60% used [0x00000000e6ab0000, 0x00000000e77ab5c0, 0x00000000e8000000)
  to   space 21824K,   0% used [0x00000000e5560000, 0x00000000e5560000, 0x00000000e6ab0000)
 concurrent mark-sweep generation total 393216K, used 16265K [0x00000000e8000000, 0x0000000100000000, 0x0000000100000000)
 Metaspace       used 34704K, capacity 35268K, committed 35552K, reserved 1081344K
  class space    used 3628K, capacity 3814K, committed 3836K, reserved 1048576K
2017-03-31T05:01:45.640+0200: 566.366: [GC (Allocation Failure) 2017-03-31T05:01:45.640+0200: 566.366: [ParNew
Desired survivor size 20112992 bytes, new threshold 8 (max 8)
- age   1:    4516360 bytes,    4516360 total
- age   2:    2469488 bytes,    6985848 total
- age   3:       3080 bytes,    6988928 total
- age   4:       8208 bytes,    6997136 total
- age   5:      10880 bytes,    7008016 total
- age   6:       4576 bytes,    7012592 total
- age   7:       9768 bytes,    7022360 total
- age   8:       7192 bytes,    7029552 total
: 100717K->9481K(109248K), 0.0216036 secs] 116983K->25752K(502464K), 0.0216687 secs] [Times: user=0.02 sys=0.00, real=0.02 secs] 
Heap after GC invocations=558 (full 1):
 par new generation   total 109248K, used 9481K [0x00000000e0000000, 0x00000000e8000000, 0x00000000e8000000)
  eden space 87424K,   0% used [0x00000000e0000000, 0x00000000e0000000, 0x00000000e5560000)
  from space 21824K,  43% used [0x00000000e5560000, 0x00000000e5ea2550, 0x00000000e6ab0000)
  to   space 21824K,   0% used [0x00000000e6ab0000, 0x00000000e6ab0000, 0x00000000e8000000)
 concurrent mark-sweep generation total 393216K, used 16271K [0x00000000e8000000, 0x0000000100000000, 0x0000000100000000)
 Metaspace       used 34704K, capacity 35268K, committed 35552K, reserved 1081344K
  class space    used 3628K, capacity 3814K, committed 3836K, reserved 1048576K
}
2017-03-31T05:01:45.662+0200: 566.388: Total time for which application threads were stopped: 0.0218331 seconds, Stopping threads took: 0.0000335 seconds
{Heap before GC invocations=558 (full 1):
 par new generation   total 109248K, used 96905K [0x00000000e0000000, 0x00000000e8000000, 0x00000000e8000000)
  eden space 87424K, 100% used [0x00000000e0000000, 0x00000000e5560000, 0x00000000e5560000)
  from space 21824K,  43% used [0x00000000e5560000, 0x00000000e5ea2550, 0x00000000e6ab0000)
  to   space 21824K,   0% used [0x00000000e6ab0000, 0x00000000e6ab0000, 0x00000000e8000000)
 concurrent mark-sweep generation total 393216K, used 16271K [0x00000000e8000000, 0x0000000100000000, 0x0000000100000000)
 Metaspace       used 34704K, capacity 35268K, committed 35552K, reserved 1081344K
  class space    used 3628K, capacity 3814K, committed 3836K, reserved 1048576K
2017-03-31T05:01:46.068+0200: 566.794: [GC (Allocation Failure) 2017-03-31T05:01:46.068+0200: 566.794: [ParNew
Desired survivor size 20112992 bytes, new threshold 8 (max 8)
- age   1:    3307424 bytes,    3307424 total
- age   2:    2001896 bytes,    5309320 total
- age   3:       6568 bytes,    5315888 total
- age   4:       3080 bytes,    5318968 total
- age   5:       8208 bytes,    5327176 total
- age   6:      10752 bytes,    5337928 total
- age   7:       4576 bytes,    5342504 total
- age   8:       9768 bytes,    5352272 total
: 96905K->7925K(109248K), 0.0257725 secs] 113176K->24203K(502464K), 0.0258486 secs] [Times: user=0.02 sys=0.00, real=0.03 secs] 
Heap after GC invocations=559 (full 1):
 par new generation   total 109248K, used 7925K [0x00000000e0000000, 0x00000000e8000000, 0x00000000e8000000)
  eden space 87424K,   0% used [0x00000000e0000000, 0x00000000e0000000, 0x00000000e5560000)
  from space 21824K,  36% used [0x00000000e6ab0000, 0x00000000e726d5f0, 0x00000000e8000000)
  to   space 21824K,   0% used [0x00000000e5560000, 0x00000000e5560000, 0x00000000e6ab0000)
 concurrent mark-sweep generation total 393216K, used 16278K [0x00000000e8000000, 0x0000000100000000, 0x0000000100000000)
 Metaspace       used 34704K, capacity 35268K, committed 35552K, reserved 1081344K
  class space    used 3628K, capacity 3814K, committed 3836K, reserved 1048576K
}
2017-03-31T05:01:46.094+0200: 566.820: Total time for which application threads were stopped: 0.0305070 seconds, Stopping threads took: 0.0044954 seconds
{Heap before GC invocations=559 (full 1):
 par new generation   total 109248K, used 95349K [0x00000000e0000000, 0x00000000e8000000, 0x00000000e8000000)
  eden space 87424K, 100% used [0x00000000e0000000, 0x00000000e5560000, 0x00000000e5560000)
  from space 21824K,  36% used [0x00000000e6ab0000, 0x00000000e726d5f0, 0x00000000e8000000)
  to   space 21824K,   0% used [0x00000000e5560000, 0x00000000e5560000, 0x00000000e6ab0000)
 concurrent mark-sweep generation total 393216K, used 16278K [0x00000000e8000000, 0x0000000100000000, 0x0000000100000000)
 Metaspace       used 34704K, capacity 35268K, committed 35552K, reserved 1081344K
  class space    used 3628K, capacity 3814K, committed 3836K, reserved 1048576K
2017-03-31T05:01:46.433+0200: 567.159: [GC (Allocation Failure) 2017-03-31T05:01:46.433+0200: 567.160: [ParNew
Desired survivor size 20112992 bytes, new threshold 8 (max 8)
- age   1:    4223744 bytes,    4223744 total
- age   2:     523648 bytes,    4747392 total
- age   3:      88616 bytes,    4836008 total
- age   4:       5920 bytes,    4841928 total
- age   5:       3080 bytes,    4845008 total
- age   6:       8184 bytes,    4853192 total
- age   7:      10688 bytes,    4863880 total
- age   8:       4576 bytes,    4868456 total
: 95349K->6271K(109248K), 0.0147620 secs] 111627K->22553K(502464K), 0.0148226 secs] [Times: user=0.01 sys=0.00, real=0.01 secs] 
Heap after GC invocations=560 (full 1):
 par new generation   total 109248K, used 6271K [0x00000000e0000000, 0x00000000e8000000, 0x00000000e8000000)
  eden space 87424K,   0% used [0x00000000e0000000, 0x00000000e0000000, 0x00000000e5560000)
  from space 21824K,  28% used [0x00000000e5560000, 0x00000000e5b7fcb0, 0x00000000e6ab0000)
  to   space 21824K,   0% used [0x00000000e6ab0000, 0x00000000e6ab0000, 0x00000000e8000000)
 concurrent mark-sweep generation total 393216K, used 16282K [0x00000000e8000000, 0x0000000100000000, 0x0000000100000000)
 Metaspace       used 34704K, capacity 35268K, committed 35552K, reserved 1081344K
  class space    used 3628K, capacity 3814K, committed 3836K, reserved 1048576K
}
2017-03-31T05:01:46.448+0200: 567.174: Total time for which application threads were stopped: 0.0149844 seconds, Stopping threads took: 0.0000195 seconds
{Heap before GC invocations=560 (full 1):
 par new generation   total 109248K, used 93695K [0x00000000e0000000, 0x00000000e8000000, 0x00000000e8000000)
  eden space 87424K, 100% used [0x00000000e0000000, 0x00000000e5560000, 0x00000000e5560000)
  from space 21824K,  28% used [0x00000000e5560000, 0x00000000e5b7fcb0, 0x00000000e6ab0000)
  to   space 21824K,   0% used [0x00000000e6ab0000, 0x00000000e6ab0000, 0x00000000e8000000)
 concurrent mark-sweep generation total 393216K, used 16282K [0x00000000e8000000, 0x0000000100000000, 0x0000000100000000)
 Metaspace       used 34704K, capacity 35268K, committed 35552K, reserved 1081344K
  class space    used 3628K, capacity 3814K, committed 3836K, reserved 1048576K
2017-03-31T05:01:46.871+0200: 567.597: [GC (Allocation Failure) 2017-03-31T05:01:46.871+0200: 567.597: [ParNew
Desired survivor size 20112992 bytes, new threshold 8 (max 8)
- age   1:    3762456 bytes,    3762456 total
- age   2:    3657872 bytes,    7420328 total
- age   3:      52176 bytes,    7472504 total
- age   4:       7504 bytes,    7480008 total
- age   5:       5920 bytes,    7485928 total
- age   6:       3080 bytes,    7489008 total
- age   7:       8184 bytes,    7497192 total
- age   8:      10688 bytes,    7507880 total
: 93695K->8504K(109248K), 0.0208129 secs] 109977K->24791K(502464K), 0.0208868 secs] [Times: user=0.02 sys=0.00, real=0.01 secs] 
Heap after GC invocations=561 (full 1):
 par new generation   total 109248K, used 8504K [0x00000000e0000000, 0x00000000e8000000, 0x00000000e8000000)
  eden space 87424K,   0% used [0x00000000e0000000, 0x00000000e0000000, 0x00000000e5560000)
  from space 21824K,  38% used [0x00000000e6ab0000, 0x00000000e72fe170, 0x00000000e8000000)
  to   space 21824K,   0% used [0x00000000e5560000, 0x00000000e5560000, 0x00000000e6ab0000)
 concurrent mark-sweep generation total 393216K, used 16286K [0x00000000e8000000, 0x0000000100000000, 0x0000000100000000)
 Metaspace       used 34704K, capacity 35268K, committed 35552K, reserved 1081344K
  class space    used 3628K, capacity 3814K, committed 3836K, reserved 1048576K
}
2017-03-31T05:01:46.892+0200: 567.618: Total time for which application threads were stopped: 0.0210355 seconds, Stopping threads took: 0.0000286 seconds
{Heap before GC invocations=561 (full 1):
 par new generation   total 109248K, used 95928K [0x00000000e0000000, 0x00000000e8000000, 0x00000000e8000000)
  eden space 87424K, 100% used [0x00000000e0000000, 0x00000000e5560000, 0x00000000e5560000)
  from space 21824K,  38% used [0x00000000e6ab0000, 0x00000000e72fe170, 0x00000000e8000000)
  to   space 21824K,   0% used [0x00000000e5560000, 0x00000000e5560000, 0x00000000e6ab0000)
 concurrent mark-sweep generation total 393216K, used 16286K [0x00000000e8000000, 0x0000000100000000, 0x0000000100000000)
 Metaspace       used 34704K, capacity 35268K, committed 35552K, reserved 1081344K
  class space    used 3628K, capacity 3814K, committed 3836K, reserved 1048576K
2017-03-31T05:01:47.288+0200: 568.014: [GC (Allocation Failure) 2017-03-31T05:01:47.288+0200: 568.014: [ParNew
Desired survivor size 20112992 bytes, new threshold 8 (max 8)
- age   1:    4308136 bytes,    4308136 total
- age   2:    2270472 bytes,    6578608 total
- age   3:       3832 bytes,    6582440 total
- age   4:      11424 bytes,    6593864 total
- age   5:       7096 bytes,    6600960 total
- age   6:       5728 bytes,    6606688 total
- age   7:       3080 bytes,    6609768 total
- age   8:       8184 bytes,    6617952 total
: 95928K->11922K(109248K), 0.0280843 secs] 112215K->28220K(502464K), 0.0281405 secs] [Times: user=0.03 sys=0.00, real=0.04 secs] 
Heap after GC invocations=562 (full 1):
 par new generation   total 109248K, used 11922K [0x00000000e0000000, 0x00000000e8000000, 0x00000000e8000000)
  eden space 87424K,   0% used [0x00000000e0000000, 0x00000000e0000000, 0x00000000e5560000)
  from space 21824K,  54% used [0x00000000e5560000, 0x00000000e6104b00, 0x00000000e6ab0000)
  to   space 21824K,   0% used [0x00000000e6ab0000, 0x00000000e6ab0000, 0x00000000e8000000)
 concurrent mark-sweep generation total 393216K, used 16297K [0x00000000e8000000, 0x0000000100000000, 0x0000000100000000)
 Metaspace       used 34704K, capacity 35268K, committed 35552K, reserved 1081344K
  class space    used 3628K, capacity 3814K, committed 3836K, reserved 1048576K
}
2017-03-31T05:01:47.316+0200: 568.042: Total time for which application threads were stopped: 0.0317354 seconds, Stopping threads took: 0.0034515 seconds
{Heap before GC invocations=562 (full 1):
 par new generation   total 109248K, used 99346K [0x00000000e0000000, 0x00000000e8000000, 0x00000000e8000000)
  eden space 87424K, 100% used [0x00000000e0000000, 0x00000000e5560000, 0x00000000e5560000)
  from space 21824K,  54% used [0x00000000e5560000, 0x00000000e6104b00, 0x00000000e6ab0000)
  to   space 21824K,   0% used [0x00000000e6ab0000, 0x00000000e6ab0000, 0x00000000e8000000)
 concurrent mark-sweep generation total 393216K, used 16297K [0x00000000e8000000, 0x0000000100000000, 0x0000000100000000)
 Metaspace       used 34704K, capacity 35268K, committed 35552K, reserved 1081344K
  class space    used 3628K, capacity 3814K, committed 3836K, reserved 1048576K
2017-03-31T05:01:47.615+0200: 568.341: [GC (Allocation Failure) 2017-03-31T05:01:47.615+0200: 568.341: [ParNew
Desired survivor size 20112992 bytes, new threshold 8 (max 8)
- age   1:    3571312 bytes,    3571312 total
- age   2:    1635112 bytes,    5206424 total
- age   3:      13472 bytes,    5219896 total
- age   4:       3768 bytes,    5223664 total
- age   5:      10792 bytes,    5234456 total
- age   6:       7096 bytes,    5241552 total
- age   7:       5728 bytes,    5247280 total
- age   8:       3080 bytes,    5250360 total
: 99346K->7430K(109248K), 0.0215717 secs] 115644K->23736K(502464K), 0.0216453 secs] [Times: user=0.02 sys=0.01, real=0.03 secs] 
Heap after GC invocations=563 (full 1):
 par new generation   total 109248K, used 7430K [0x00000000e0000000, 0x00000000e8000000, 0x00000000e8000000)
  eden space 87424K,   0% used [0x00000000e0000000, 0x00000000e0000000, 0x00000000e5560000)
  from space 21824K,  34% used [0x00000000e6ab0000, 0x00000000e71f1b60, 0x00000000e8000000)
  to   space 21824K,   0% used [0x00000000e5560000, 0x00000000e5560000, 0x00000000e6ab0000)
 concurrent mark-sweep generation total 393216K, used 16305K [0x00000000e8000000, 0x0000000100000000, 0x0000000100000000)
 Metaspace       used 34704K, capacity 35268K, committed 35552K, reserved 1081344K
  class space    used 3628K, capacity 3814K, committed 3836K, reserved 1048576K
}
2017-03-31T05:01:47.637+0200: 568.363: Total time for which application threads were stopped: 0.0218295 seconds, Stopping threads took: 0.0000326 seconds
{Heap before GC invocations=563 (full 1):
 par new generation   total 109248K, used 94854K [0x00000000e0000000, 0x00000000e8000000, 0x00000000e8000000)
  eden space 87424K, 100% used [0x00000000e0000000, 0x00000000e5560000, 0x00000000e5560000)
  from space 21824K,  34% used [0x00000000e6ab0000, 0x00000000e71f1b60, 0x00000000e8000000)
  to   space 21824K,   0% used [0x00000000e5560000, 0x00000000e5560000, 0x00000000e6ab0000)
 concurrent mark-sweep generation total 393216K, used 16305K [0x00000000e8000000, 0x0000000100000000, 0x0000000100000000)
 Metaspace       used 34704K, capacity 35268K, committed 35552K, reserved 1081344K
  class space    used 3628K, capacity 3814K, committed 3836K, reserved 1048576K
2017-03-31T05:01:47.988+0200: 568.714: [GC (Allocation Failure) 2017-03-31T05:01:47.988+0200: 568.714: [ParNew
Desired survivor size 20112992 bytes, new threshold 8 (max 8)
- age   1:    3656576 bytes,    3656576 total
- age   2:    2981368 bytes,    6637944 total
- age   3:    1163880 bytes,    7801824 total
- age   4:       6656 bytes,    7808480 total
- age   5:       3768 bytes,    7812248 total
- age   6:      10664 bytes,    7822912 total
- age   7:       7096 bytes,    7830008 total
- age   8:       5728 bytes,    7835736 total
: 94854K->9743K(109248K), 0.0290024 secs] 111160K->26052K(502464K), 0.0290666 secs] [Times: user=0.03 sys=0.00, real=0.03 secs] 
Heap after GC invocations=564 (full 1):
 par new generation   total 109248K, used 9743K [0x00000000e0000000, 0x00000000e8000000, 0x00000000e8000000)
  eden space 87424K,   0% used [0x00000000e0000000, 0x00000000e0000000, 0x00000000e5560000)
  from space 21824K,  44% used [0x00000000e5560000, 0x00000000e5ee3dc0, 0x00000000e6ab0000)
  to   space 21824K,   0% used [0x00000000e6ab0000, 0x00000000e6ab0000, 0x00000000e8000000)
 concurrent mark-sweep generation total 393216K, used 16308K [0x00000000e8000000, 0x0000000100000000, 0x0000000100000000)
 Metaspace       used 34704K, capacity 35268K, committed 35552K, reserved 1081344K
  class space    used 3628K, capacity 3814K, committed 3836K, reserved 1048576K
}
2017-03-31T05:01:48.017+0200: 568.743: Total time for which application threads were stopped: 0.0292369 seconds, Stopping threads took: 0.0000298 seconds
{Heap before GC invocations=564 (full 1):
 par new generation   total 109248K, used 97167K [0x00000000e0000000, 0x00000000e8000000, 0x00000000e8000000)
  eden space 87424K, 100% used [0x00000000e0000000, 0x00000000e5560000, 0x00000000e5560000)
  from space 21824K,  44% used [0x00000000e5560000, 0x00000000e5ee3dc0, 0x00000000e6ab0000)
  to   space 21824K,   0% used [0x00000000e6ab0000, 0x00000000e6ab0000, 0x00000000e8000000)
 concurrent mark-sweep generation total 393216K, used 16308K [0x00000000e8000000, 0x0000000100000000, 0x0000000100000000)
 Metaspace       used 34704K, capacity 35268K, committed 35552K, reserved 1081344K
  class space    used 3628K, capacity 3814K, committed 3836K, reserved 1048576K
2017-03-31T05:01:48.393+0200: 569.119: [GC (Allocation Failure) 2017-03-31T05:01:48.393+0200: 569.119: [ParNew
Desired survivor size 20112992 bytes, new threshold 8 (max 8)
- age   1:    4630768 bytes,    4630768 total
- age   2:    2603992 bytes,    7234760 total
- age   3:      10880 bytes,    7245640 total
- age   4:       7152 bytes,    7252792 total
- age   5:       6656 bytes,    7259448 total
- age   6:       3768 bytes,    7263216 total
- age   7:      10664 bytes,    7273880 total
- age   8:       7096 bytes,    7280976 total
: 97167K->11180K(109248K), 0.0196495 secs] 113476K->27494K(502464K), 0.0197366 secs] [Times: user=0.02 sys=0.00, real=0.02 secs] 
Heap after GC invocations=565 (full 1):
 par new generation   total 109248K, used 11180K [0x00000000e0000000, 0x00000000e8000000, 0x00000000e8000000)
  eden space 87424K,   0% used [0x00000000e0000000, 0x00000000e0000000, 0x00000000e5560000)
  from space 21824K,  51% used [0x00000000e6ab0000, 0x00000000e759b098, 0x00000000e8000000)
  to   space 21824K,   0% used [0x00000000e5560000, 0x00000000e5560000, 0x00000000e6ab0000)
 concurrent mark-sweep generation total 393216K, used 16314K [0x00000000e8000000, 0x0000000100000000, 0x0000000100000000)
 Metaspace       used 34704K, capacity 35268K, committed 35552K, reserved 1081344K
  class space    used 3628K, capacity 3814K, committed 3836K, reserved 1048576K
}
2017-03-31T05:01:48.413+0200: 569.139: Total time for which application threads were stopped: 0.0201195 seconds, Stopping threads took: 0.0000765 seconds
{Heap before GC invocations=565 (full 1):
 par new generation   total 109248K, used 98594K [0x00000000e0000000, 0x00000000e8000000, 0x00000000e8000000)
  eden space 87424K,  99% used [0x00000000e0000000, 0x00000000e555d860, 0x00000000e5560000)
  from space 21824K,  51% used [0x00000000e6ab0000, 0x00000000e759b098, 0x00000000e8000000)
  to   space 21824K,   0% used [0x00000000e5560000, 0x00000000e5560000, 0x00000000e6ab0000)
 concurrent mark-sweep generation total 393216K, used 16314K [0x00000000e8000000, 0x0000000100000000, 0x0000000100000000)
 Metaspace       used 34704K, capacity 35268K, committed 35552K, reserved 1081344K
  class space    used 3628K, capacity 3814K, committed 3836K, reserved 1048576K
2017-03-31T05:01:48.788+0200: 569.515: [GC (Allocation Failure) 2017-03-31T05:01:48.788+0200: 569.515: [ParNew
Desired survivor size 20112992 bytes, new threshold 8 (max 8)
- age   1:    3669024 bytes,    3669024 total
- age   2:    2001144 bytes,    5670168 total
- age   3:       5728 bytes,    5675896 total
- age   4:      10224 bytes,    5686120 total
- age   5:       6768 bytes,    5692888 total
- age   6:       6376 bytes,    5699264 total
- age   7:       3640 bytes,    5702904 total
- age   8:      10664 bytes,    5713568 total
: 98594K->8436K(109248K), 0.0320337 secs] 114908K->24758K(502464K), 0.0321153 secs] [Times: user=0.03 sys=0.00, real=0.03 secs] 
Heap after GC invocations=566 (full 1):
 par new generation   total 109248K, used 8436K [0x00000000e0000000, 0x00000000e8000000, 0x00000000e8000000)
  eden space 87424K,   0% used [0x00000000e0000000, 0x00000000e0000000, 0x00000000e5560000)
  from space 21824K,  38% used [0x00000000e5560000, 0x00000000e5d9d380, 0x00000000e6ab0000)
  to   space 21824K,   0% used [0x00000000e6ab0000, 0x00000000e6ab0000, 0x00000000e8000000)
 concurrent mark-sweep generation total 393216K, used 16321K [0x00000000e8000000, 0x0000000100000000, 0x0000000100000000)
 Metaspace       used 34704K, capacity 35268K, committed 35552K, reserved 1081344K
  class space    used 3628K, capacity 3814K, committed 3836K, reserved 1048576K
}
2017-03-31T05:01:48.821+0200: 569.547: Total time for which application threads were stopped: 0.0344909 seconds, Stopping threads took: 0.0022397 seconds
{Heap before GC invocations=566 (full 1):
 par new generation   total 109248K, used 95860K [0x00000000e0000000, 0x00000000e8000000, 0x00000000e8000000)
  eden space 87424K, 100% used [0x00000000e0000000, 0x00000000e5560000, 0x00000000e5560000)
  from space 21824K,  38% used [0x00000000e5560000, 0x00000000e5d9d380, 0x00000000e6ab0000)
  to   space 21824K,   0% used [0x00000000e6ab0000, 0x00000000e6ab0000, 0x00000000e8000000)
 concurrent mark-sweep generation total 393216K, used 16321K [0x00000000e8000000, 0x0000000100000000, 0x0000000100000000)
 Metaspace       used 34704K, capacity 35268K, committed 35552K, reserved 1081344K
  class space    used 3628K, capacity 3814K, committed 3836K, reserved 1048576K
2017-03-31T05:01:49.176+0200: 569.903: [GC (Allocation Failure) 2017-03-31T05:01:49.176+0200: 569.903: [ParNew
Desired survivor size 20112992 bytes, new threshold 8 (max 8)
- age   1:    3615432 bytes,    3615432 total
- age   2:     870792 bytes,    4486224 total
- age   3:      87712 bytes,    4573936 total
- age   4:       5664 bytes,    4579600 total
- age   5:      10160 bytes,    4589760 total
- age   6:       6768 bytes,    4596528 total
- age   7:       6376 bytes,    4602904 total
- age   8:       3616 bytes,    4606520 total
: 95860K->6606K(109248K), 0.0181612 secs] 112182K->22932K(502464K), 0.0182200 secs] [Times: user=0.02 sys=0.00, real=0.01 secs] 
Heap after GC invocations=567 (full 1):
 par new generation   total 109248K, used 6606K [0x00000000e0000000, 0x00000000e8000000, 0x00000000e8000000)
  eden space 87424K,   0% used [0x00000000e0000000, 0x00000000e0000000, 0x00000000e5560000)
  from space 21824K,  30% used [0x00000000e6ab0000, 0x00000000e7123890, 0x00000000e8000000)
  to   space 21824K,   0% used [0x00000000e5560000, 0x00000000e5560000, 0x00000000e6ab0000)
 concurrent mark-sweep generation total 393216K, used 16326K [0x00000000e8000000, 0x0000000100000000, 0x0000000100000000)
 Metaspace       used 34704K, capacity 35268K, committed 35552K, reserved 1081344K
  class space    used 3628K, capacity 3814K, committed 3836K, reserved 1048576K
}
2017-03-31T05:01:49.195+0200: 569.921: Total time for which application threads were stopped: 0.0183915 seconds, Stopping threads took: 0.0000272 seconds
{Heap before GC invocations=567 (full 1):
 par new generation   total 109248K, used 94030K [0x00000000e0000000, 0x00000000e8000000, 0x00000000e8000000)
  eden space 87424K, 100% used [0x00000000e0000000, 0x00000000e5560000, 0x00000000e5560000)
  from space 21824K,  30% used [0x00000000e6ab0000, 0x00000000e7123890, 0x00000000e8000000)
  to   space 21824K,   0% used [0x00000000e5560000, 0x00000000e5560000, 0x00000000e6ab0000)
 concurrent mark-sweep generation total 393216K, used 16326K [0x00000000e8000000, 0x0000000100000000, 0x0000000100000000)
 Metaspace       used 34704K, capacity 35268K, committed 35552K, reserved 1081344K
  class space    used 3628K, capacity 3814K, committed 3836K, reserved 1048576K
2017-03-31T05:01:49.612+0200: 570.338: [GC (Allocation Failure) 2017-03-31T05:01:49.612+0200: 570.338: [ParNew
Desired survivor size 20112992 bytes, new threshold 8 (max 8)
- age   1:    3853464 bytes,    3853464 total
- age   2:    3329688 bytes,    7183152 total
- age   3:     399976 bytes,    7583128 total
- age   4:       6712 bytes,    7589840 total
- age   5:       5600 bytes,    7595440 total
- age   6:      10160 bytes,    7605600 total
- age   7:       6768 bytes,    7612368 total
- age   8:       6376 bytes,    7618744 total
: 94030K->9078K(109248K), 0.0215985 secs] 110356K->25408K(502464K), 0.0217133 secs] [Times: user=0.02 sys=0.00, real=0.02 secs] 
Heap after GC invocations=568 (full 1):
 par new generation   total 109248K, used 9078K [0x00000000e0000000, 0x00000000e8000000, 0x00000000e8000000)
  eden space 87424K,   0% used [0x00000000e0000000, 0x00000000e0000000, 0x00000000e5560000)
  from space 21824K,  41% used [0x00000000e5560000, 0x00000000e5e3da88, 0x00000000e6ab0000)
  to   space 21824K,   0% used [0x00000000e6ab0000, 0x00000000e6ab0000, 0x00000000e8000000)
 concurrent mark-sweep generation total 393216K, used 16330K [0x00000000e8000000, 0x0000000100000000, 0x0000000100000000)
 Metaspace       used 34704K, capacity 35268K, committed 35552K, reserved 1081344K
  class space    used 3628K, capacity 3814K, committed 3836K, reserved 1048576K
}
2017-03-31T05:01:49.633+0200: 570.360: Total time for which application threads were stopped: 0.0240091 seconds, Stopping threads took: 0.0021509 seconds
{Heap before GC invocations=568 (full 1):
 par new generation   total 109248K, used 96502K [0x00000000e0000000, 0x00000000e8000000, 0x00000000e8000000)
  eden space 87424K, 100% used [0x00000000e0000000, 0x00000000e5560000, 0x00000000e5560000)
  from space 21824K,  41% used [0x00000000e5560000, 0x00000000e5e3da88, 0x00000000e6ab0000)
  to   space 21824K,   0% used [0x00000000e6ab0000, 0x00000000e6ab0000, 0x00000000e8000000)
 concurrent mark-sweep generation total 393216K, used 16330K [0x00000000e8000000, 0x0000000100000000, 0x0000000100000000)
 Metaspace       used 34704K, capacity 35268K, committed 35552K, reserved 1081344K
  class space    used 3628K, capacity 3814K, committed 3836K, reserved 1048576K
2017-03-31T05:01:50.020+0200: 570.746: [GC (Allocation Failure) 2017-03-31T05:01:50.020+0200: 570.746: [ParNew
Desired survivor size 20112992 bytes, new threshold 8 (max 8)
- age   1:    4640584 bytes,    4640584 total
- age   2:    2317888 bytes,    6958472 total
- age   3:       3760 bytes,    6962232 total
- age   4:      11992 bytes,    6974224 total
- age   5:       6520 bytes,    6980744 total
- age   6:       5600 bytes,    6986344 total
- age   7:      10160 bytes,    6996504 total
- age   8:       6768 bytes,    7003272 total
: 96502K->12370K(109248K), 0.0276436 secs] 112832K->28707K(502464K), 0.0277074 secs] [Times: user=0.03 sys=0.01, real=0.02 secs] 
Heap after GC invocations=569 (full 1):
 par new generation   total 109248K, used 12370K [0x00000000e0000000, 0x00000000e8000000, 0x00000000e8000000)
  eden space 87424K,   0% used [0x00000000e0000000, 0x00000000e0000000, 0x00000000e5560000)
  from space 21824K,  56% used [0x00000000e6ab0000, 0x00000000e76c4b40, 0x00000000e8000000)
  to   space 21824K,   0% used [0x00000000e5560000, 0x00000000e5560000, 0x00000000e6ab0000)
 concurrent mark-sweep generation total 393216K, used 16336K [0x00000000e8000000, 0x0000000100000000, 0x0000000100000000)
 Metaspace       used 34704K, capacity 35268K, committed 35552K, reserved 1081344K
  class space    used 3628K, capacity 3814K, committed 3836K, reserved 1048576K
}
2017-03-31T05:01:50.048+0200: 570.774: Total time for which application threads were stopped: 0.0318873 seconds, Stopping threads took: 0.0040218 seconds
{Heap before GC invocations=569 (full 1):
 par new generation   total 109248K, used 99794K [0x00000000e0000000, 0x00000000e8000000, 0x00000000e8000000)
  eden space 87424K, 100% used [0x00000000e0000000, 0x00000000e5560000, 0x00000000e5560000)
  from space 21824K,  56% used [0x00000000e6ab0000, 0x00000000e76c4b40, 0x00000000e8000000)
  to   space 21824K,   0% used [0x00000000e5560000, 0x00000000e5560000, 0x00000000e6ab0000)
 concurrent mark-sweep generation total 393216K, used 16336K [0x00000000e8000000, 0x0000000100000000, 0x0000000100000000)
 Metaspace       used 34704K, capacity 35268K, committed 35552K, reserved 1081344K
  class space    used 3628K, capacity 3814K, committed 3836K, reserved 1048576K
2017-03-31T05:01:50.328+0200: 571.054: [GC (Allocation Failure) 2017-03-31T05:01:50.328+0200: 571.054: [ParNew
Desired survivor size 20112992 bytes, new threshold 8 (max 8)
- age   1:    3470032 bytes,    3470032 total
- age   2:    1691528 bytes,    5161560 total
- age   3:      13080 bytes,    5174640 total
- age   4:       3632 bytes,    5178272 total
- age   5:      11864 bytes,    5190136 total
- age   6:       6520 bytes,    5196656 total
- age   7:       5600 bytes,    5202256 total
- age   8:      10160 bytes,    5212416 total
: 99794K->7326K(109248K), 0.0290486 secs] 116131K->23669K(502464K), 0.0291208 secs] [Times: user=0.03 sys=0.00, real=0.03 secs] 
Heap after GC invocations=570 (full 1):
 par new generation   total 109248K, used 7326K [0x00000000e0000000, 0x00000000e8000000, 0x00000000e8000000)
  eden space 87424K,   0% used [0x00000000e0000000, 0x00000000e0000000, 0x00000000e5560000)
  from space 21824K,  33% used [0x00000000e5560000, 0x00000000e5c87920, 0x00000000e6ab0000)
  to   space 21824K,   0% used [0x00000000e6ab0000, 0x00000000e6ab0000, 0x00000000e8000000)
 concurrent mark-sweep generation total 393216K, used 16343K [0x00000000e8000000, 0x0000000100000000, 0x0000000100000000)
 Metaspace       used 34704K, capacity 35268K, committed 35552K, reserved 1081344K
  class space    used 3628K, capacity 3814K, committed 3836K, reserved 1048576K
}
2017-03-31T05:01:50.357+0200: 571.083: Total time for which application threads were stopped: 0.0292793 seconds, Stopping threads took: 0.0000200 seconds
{Heap before GC invocations=570 (full 1):
 par new generation   total 109248K, used 94750K [0x00000000e0000000, 0x00000000e8000000, 0x00000000e8000000)
  eden space 87424K, 100% used [0x00000000e0000000, 0x00000000e5560000, 0x00000000e5560000)
  from space 21824K,  33% used [0x00000000e5560000, 0x00000000e5c87920, 0x00000000e6ab0000)
  to   space 21824K,   0% used [0x00000000e6ab0000, 0x00000000e6ab0000, 0x00000000e8000000)
 concurrent mark-sweep generation total 393216K, used 16343K [0x00000000e8000000, 0x0000000100000000, 0x0000000100000000)
 Metaspace       used 34704K, capacity 35268K, committed 35552K, reserved 1081344K
  class space    used 3628K, capacity 3814K, committed 3836K, reserved 1048576K
2017-03-31T05:01:50.727+0200: 571.453: [GC (Allocation Failure) 2017-03-31T05:01:50.727+0200: 571.453: [ParNew
Desired survivor size 20112992 bytes, new threshold 8 (max 8)
- age   1:    3838840 bytes,    3838840 total
- age   2:    2958272 bytes,    6797112 total
- age   3:    1220536 bytes,    8017648 total
- age   4:       6264 bytes,    8023912 total
- age   5:       3632 bytes,    8027544 total
- age   6:      11152 bytes,    8038696 total
- age   7:       6496 bytes,    8045192 total
- age   8:       5600 bytes,    8050792 total
: 94750K->9530K(109248K), 0.0235274 secs] 111093K->25883K(502464K), 0.0235951 secs] [Times: user=0.02 sys=0.00, real=0.03 secs] 
Heap after GC invocations=571 (full 1):
 par new generation   total 109248K, used 9530K [0x00000000e0000000, 0x00000000e8000000, 0x00000000e8000000)
  eden space 87424K,   0% used [0x00000000e0000000, 0x00000000e0000000, 0x00000000e5560000)
  from space 21824K,  43% used [0x00000000e6ab0000, 0x00000000e73fe840, 0x00000000e8000000)
  to   space 21824K,   0% used [0x00000000e5560000, 0x00000000e5560000, 0x00000000e6ab0000)
 concurrent mark-sweep generation total 393216K, used 16353K [0x00000000e8000000, 0x0000000100000000, 0x0000000100000000)
 Metaspace       used 34704K, capacity 35268K, committed 35552K, reserved 1081344K
  class space    used 3628K, capacity 3814K, committed 3836K, reserved 1048576K
}
2017-03-31T05:01:50.751+0200: 571.477: Total time for which application threads were stopped: 0.0323614 seconds, Stopping threads took: 0.0086090 seconds
{Heap before GC invocations=571 (full 1):
 par new generation   total 109248K, used 96954K [0x00000000e0000000, 0x00000000e8000000, 0x00000000e8000000)
  eden space 87424K, 100% used [0x00000000e0000000, 0x00000000e5560000, 0x00000000e5560000)
  from space 21824K,  43% used [0x00000000e6ab0000, 0x00000000e73fe840, 0x00000000e8000000)
  to   space 21824K,   0% used [0x00000000e5560000, 0x00000000e5560000, 0x00000000e6ab0000)
 concurrent mark-sweep generation total 393216K, used 16353K [0x00000000e8000000, 0x0000000100000000, 0x0000000100000000)
 Metaspace       used 34704K, capacity 35268K, committed 35552K, reserved 1081344K
  class space    used 3628K, capacity 3814K, committed 3836K, reserved 1048576K
2017-03-31T05:01:51.163+0200: 571.889: [GC (Allocation Failure) 2017-03-31T05:01:51.163+0200: 571.889: [ParNew
Desired survivor size 20112992 bytes, new threshold 8 (max 8)
- age   1:    4496624 bytes,    4496624 total
- age   2:    2582248 bytes,    7078872 total
- age   3:       4088 bytes,    7082960 total
- age   4:       7136 bytes,    7090096 total
- age   5:       6264 bytes,    7096360 total
- age   6:       3608 bytes,    7099968 total
- age   7:       5720 bytes,    7105688 total
- age   8:       6496 bytes,    7112184 total
: 96954K->11510K(109248K), 0.0208073 secs] 113307K->27869K(502464K), 0.0208759 secs] [Times: user=0.02 sys=0.00, real=0.02 secs] 
Heap after GC invocations=572 (full 1):
 par new generation   total 109248K, used 11510K [0x00000000e0000000, 0x00000000e8000000, 0x00000000e8000000)
  eden space 87424K,   0% used [0x00000000e0000000, 0x00000000e0000000, 0x00000000e5560000)
  from space 21824K,  52% used [0x00000000e5560000, 0x00000000e609d930, 0x00000000e6ab0000)
  to   space 21824K,   0% used [0x00000000e6ab0000, 0x00000000e6ab0000, 0x00000000e8000000)
 concurrent mark-sweep generation total 393216K, used 16359K [0x00000000e8000000, 0x0000000100000000, 0x0000000100000000)
 Metaspace       used 34704K, capacity 35268K, committed 35552K, reserved 1081344K
  class space    used 3628K, capacity 3814K, committed 3836K, reserved 1048576K
}
2017-03-31T05:01:51.184+0200: 571.910: Total time for which application threads were stopped: 0.0210437 seconds, Stopping threads took: 0.0000329 seconds
{Heap before GC invocations=572 (full 1):
 par new generation   total 109248K, used 98934K [0x00000000e0000000, 0x00000000e8000000, 0x00000000e8000000)
  eden space 87424K, 100% used [0x00000000e0000000, 0x00000000e5560000, 0x00000000e5560000)
  from space 21824K,  52% used [0x00000000e5560000, 0x00000000e609d930, 0x00000000e6ab0000)
  to   space 21824K,   0% used [0x00000000e6ab0000, 0x00000000e6ab0000, 0x00000000e8000000)
 concurrent mark-sweep generation total 393216K, used 16359K [0x00000000e8000000, 0x0000000100000000, 0x0000000100000000)
 Metaspace       used 34704K, capacity 35268K, committed 35552K, reserved 1081344K
  class space    used 3628K, capacity 3814K, committed 3836K, reserved 1048576K
2017-03-31T05:01:51.538+0200: 572.265: [GC (Allocation Failure) 2017-03-31T05:01:51.538+0200: 572.265: [ParNew
Desired survivor size 20112992 bytes, new threshold 8 (max 8)
- age   1:    3440952 bytes,    3440952 total
- age   2:    2050696 bytes,    5491648 total
- age   3:      20472 bytes,    5512120 total
- age   4:       4088 bytes,    5516208 total
- age   5:       6944 bytes,    5523152 total
- age   6:       6200 bytes,    5529352 total
- age   7:       3480 bytes,    5532832 total
- age   8:       5528 bytes,    5538360 total
: 98934K->6761K(109248K), 0.0209146 secs] 115293K->23126K(502464K), 0.0209876 secs] [Times: user=0.02 sys=0.00, real=0.02 secs] 
Heap after GC invocations=573 (full 1):
 par new generation   total 109248K, used 6761K [0x00000000e0000000, 0x00000000e8000000, 0x00000000e8000000)
  eden space 87424K,   0% used [0x00000000e0000000, 0x00000000e0000000, 0x00000000e5560000)
  from space 21824K,  30% used [0x00000000e6ab0000, 0x00000000e714a580, 0x00000000e8000000)
  to   space 21824K,   0% used [0x00000000e5560000, 0x00000000e5560000, 0x00000000e6ab0000)
 concurrent mark-sweep generation total 393216K, used 16365K [0x00000000e8000000, 0x0000000100000000, 0x0000000100000000)
 Metaspace       used 34704K, capacity 35268K, committed 35552K, reserved 1081344K
  class space    used 3628K, capacity 3814K, committed 3836K, reserved 1048576K
}
2017-03-31T05:01:51.559+0200: 572.286: Total time for which application threads were stopped: 0.0211557 seconds, Stopping threads took: 0.0000222 seconds
{Heap before GC invocations=573 (full 1):
 par new generation   total 109248K, used 94185K [0x00000000e0000000, 0x00000000e8000000, 0x00000000e8000000)
  eden space 87424K, 100% used [0x00000000e0000000, 0x00000000e5560000, 0x00000000e5560000)
  from space 21824K,  30% used [0x00000000e6ab0000, 0x00000000e714a580, 0x00000000e8000000)
  to   space 21824K,   0% used [0x00000000e5560000, 0x00000000e5560000, 0x00000000e6ab0000)
 concurrent mark-sweep generation total 393216K, used 16365K [0x00000000e8000000, 0x0000000100000000, 0x0000000100000000)
 Metaspace       used 34704K, capacity 35268K, committed 35552K, reserved 1081344K
  class space    used 3628K, capacity 3814K, committed 3836K, reserved 1048576K
2017-03-31T05:01:51.885+0200: 572.612: [GC (Allocation Failure) 2017-03-31T05:01:51.885+0200: 572.612: [ParNew
Desired survivor size 20112992 bytes, new threshold 8 (max 8)
- age   1:    3570664 bytes,    3570664 total
- age   2:    2900536 bytes,    6471200 total
- age   3:    1736008 bytes,    8207208 total
- age   4:       5728 bytes,    8212936 total
- age   5:       4088 bytes,    8217024 total
- age   6:       6944 bytes,    8223968 total
- age   7:       6176 bytes,    8230144 total
- age   8:       3480 bytes,    8233624 total
: 94185K->11028K(109248K), 0.0216654 secs] 110550K->27399K(502464K), 0.0217404 secs] [Times: user=0.02 sys=0.00, real=0.02 secs] 
Heap after GC invocations=574 (full 1):
 par new generation   total 109248K, used 11028K [0x00000000e0000000, 0x00000000e8000000, 0x00000000e8000000)
  eden space 87424K,   0% used [0x00000000e0000000, 0x00000000e0000000, 0x00000000e5560000)
  from space 21824K,  50% used [0x00000000e5560000, 0x00000000e6025258, 0x00000000e6ab0000)
  to   space 21824K,   0% used [0x00000000e6ab0000, 0x00000000e6ab0000, 0x00000000e8000000)
 concurrent mark-sweep generation total 393216K, used 16370K [0x00000000e8000000, 0x0000000100000000, 0x0000000100000000)
 Metaspace       used 34704K, capacity 35268K, committed 35552K, reserved 1081344K
  class space    used 3628K, capacity 3814K, committed 3836K, reserved 1048576K
}
2017-03-31T05:01:51.907+0200: 572.633: Total time for which application threads were stopped: 0.0220670 seconds, Stopping threads took: 0.0001698 seconds
{Heap before GC invocations=574 (full 1):
 par new generation   total 109248K, used 98452K [0x00000000e0000000, 0x00000000e8000000, 0x00000000e8000000)
  eden space 87424K, 100% used [0x00000000e0000000, 0x00000000e5560000, 0x00000000e5560000)
  from space 21824K,  50% used [0x00000000e5560000, 0x00000000e6025258, 0x00000000e6ab0000)
  to   space 21824K,   0% used [0x00000000e6ab0000, 0x00000000e6ab0000, 0x00000000e8000000)
 concurrent mark-sweep generation total 393216K, used 16370K [0x00000000e8000000, 0x0000000100000000, 0x0000000100000000)
 Metaspace       used 34704K, capacity 35268K, committed 35552K, reserved 1081344K
  class space    used 3628K, capacity 3814K, committed 3836K, reserved 1048576K
2017-03-31T05:01:52.440+0200: 573.167: [GC (Allocation Failure) 2017-03-31T05:01:52.440+0200: 573.167: [ParNew
Desired survivor size 20112992 bytes, new threshold 8 (max 8)
- age   1:    4574344 bytes,    4574344 total
- age   2:    2821880 bytes,    7396224 total
- age   3:      10496 bytes,    7406720 total
- age   4:       6264 bytes,    7412984 total
- age   5:       5664 bytes,    7418648 total
- age   6:       3960 bytes,    7422608 total
- age   7:       6944 bytes,    7429552 total
- age   8:       6176 bytes,    7435728 total
: 98452K->9541K(109248K), 0.0222208 secs] 114823K->25915K(502464K), 0.0222892 secs] [Times: user=0.03 sys=0.00, real=0.02 secs] 
Heap after GC invocations=575 (full 1):
 par new generation   total 109248K, used 9541K [0x00000000e0000000, 0x00000000e8000000, 0x00000000e8000000)
  eden space 87424K,   0% used [0x00000000e0000000, 0x00000000e0000000, 0x00000000e5560000)
  from space 21824K,  43% used [0x00000000e6ab0000, 0x00000000e74015e8, 0x00000000e8000000)
  to   space 21824K,   0% used [0x00000000e5560000, 0x00000000e5560000, 0x00000000e6ab0000)
 concurrent mark-sweep generation total 393216K, used 16374K [0x00000000e8000000, 0x0000000100000000, 0x0000000100000000)
 Metaspace       used 34704K, capacity 35268K, committed 35552K, reserved 1081344K
  class space    used 3628K, capacity 3814K, committed 3836K, reserved 1048576K
}
2017-03-31T05:01:52.463+0200: 573.189: Total time for which application threads were stopped: 0.0244469 seconds, Stopping threads took: 0.0020259 seconds
{Heap before GC invocations=575 (full 1):
 par new generation   total 109248K, used 96965K [0x00000000e0000000, 0x00000000e8000000, 0x00000000e8000000)
  eden space 87424K, 100% used [0x00000000e0000000, 0x00000000e5560000, 0x00000000e5560000)
  from space 21824K,  43% used [0x00000000e6ab0000, 0x00000000e74015e8, 0x00000000e8000000)
  to   space 21824K,   0% used [0x00000000e5560000, 0x00000000e5560000, 0x00000000e6ab0000)
 concurrent mark-sweep generation total 393216K, used 16374K [0x00000000e8000000, 0x0000000100000000, 0x0000000100000000)
 Metaspace       used 34704K, capacity 35268K, committed 35552K, reserved 1081344K
  class space    used 3628K, capacity 3814K, committed 3836K, reserved 1048576K
2017-03-31T05:01:52.841+0200: 573.567: [GC (Allocation Failure) 2017-03-31T05:01:52.841+0200: 573.567: [ParNew
Desired survivor size 20112992 bytes, new threshold 8 (max 8)
- age   1:    4127784 bytes,    4127784 total
- age   2:    2213400 bytes,    6341184 total
- age   3:       6952 bytes,    6348136 total
- age   4:       4808 bytes,    6352944 total
- age   5:       6072 bytes,    6359016 total
- age   6:       5600 bytes,    6364616 total
- age   7:       3832 bytes,    6368448 total
- age   8:       6944 bytes,    6375392 total
: 96965K->9458K(109248K), 0.0191261 secs] 113339K->25838K(502464K), 0.0192008 secs] [Times: user=0.01 sys=0.00, real=0.02 secs] 
Heap after GC invocations=576 (full 1):
 par new generation   total 109248K, used 9458K [0x00000000e0000000, 0x00000000e8000000, 0x00000000e8000000)
  eden space 87424K,   0% used [0x00000000e0000000, 0x00000000e0000000, 0x00000000e5560000)
  from space 21824K,  43% used [0x00000000e5560000, 0x00000000e5e9c830, 0x00000000e6ab0000)
  to   space 21824K,   0% used [0x00000000e6ab0000, 0x00000000e6ab0000, 0x00000000e8000000)
 concurrent mark-sweep generation total 393216K, used 16380K [0x00000000e8000000, 0x0000000100000000, 0x0000000100000000)
 Metaspace       used 34704K, capacity 35268K, committed 35552K, reserved 1081344K
  class space    used 3628K, capacity 3814K, committed 3836K, reserved 1048576K
}
2017-03-31T05:01:52.860+0200: 573.587: Total time for which application threads were stopped: 0.0193632 seconds, Stopping threads took: 0.0000290 seconds
{Heap before GC invocations=576 (full 1):
 par new generation   total 109248K, used 96882K [0x00000000e0000000, 0x00000000e8000000, 0x00000000e8000000)
  eden space 87424K, 100% used [0x00000000e0000000, 0x00000000e5560000, 0x00000000e5560000)
  from space 21824K,  43% used [0x00000000e5560000, 0x00000000e5e9c830, 0x00000000e6ab0000)
  to   space 21824K,   0% used [0x00000000e6ab0000, 0x00000000e6ab0000, 0x00000000e8000000)
 concurrent mark-sweep generation total 393216K, used 16380K [0x00000000e8000000, 0x0000000100000000, 0x0000000100000000)
 Metaspace       used 34704K, capacity 35268K, committed 35552K, reserved 1081344K
  class space    used 3628K, capacity 3814K, committed 3836K, reserved 1048576K
2017-03-31T05:01:53.102+0200: 573.829: [GC (Allocation Failure) 2017-03-31T05:01:53.102+0200: 573.829: [ParNew
Desired survivor size 20112992 bytes, new threshold 8 (max 8)
- age   1:    3447128 bytes,    3447128 total
- age   2:    3738992 bytes,    7186120 total
- age   3:    1982136 bytes,    9168256 total
- age   4:       6952 bytes,    9175208 total
- age   5:       4808 bytes,    9180016 total
- age   6:       6072 bytes,    9186088 total
- age   7:       5600 bytes,    9191688 total
- age   8:       3832 bytes,    9195520 total
: 96882K->10762K(109248K), 0.0198005 secs] 113262K->27150K(502464K), 0.0198755 secs] [Times: user=0.02 sys=0.00, real=0.02 secs] 
Heap after GC invocations=577 (full 1):
 par new generation   total 109248K, used 10762K [0x00000000e0000000, 0x00000000e8000000, 0x00000000e8000000)
  eden space 87424K,   0% used [0x00000000e0000000, 0x00000000e0000000, 0x00000000e5560000)
  from space 21824K,  49% used [0x00000000e6ab0000, 0x00000000e7532b70, 0x00000000e8000000)
  to   space 21824K,   0% used [0x00000000e5560000, 0x00000000e5560000, 0x00000000e6ab0000)
 concurrent mark-sweep generation total 393216K, used 16387K [0x00000000e8000000, 0x0000000100000000, 0x0000000100000000)
 Metaspace       used 34704K, capacity 35268K, committed 35552K, reserved 1081344K
  class space    used 3628K, capacity 3814K, committed 3836K, reserved 1048576K
}
2017-03-31T05:01:53.122+0200: 573.849: Total time for which application threads were stopped: 0.0200407 seconds, Stopping threads took: 0.0000219 seconds
{Heap before GC invocations=577 (full 1):
 par new generation   total 109248K, used 98186K [0x00000000e0000000, 0x00000000e8000000, 0x00000000e8000000)
  eden space 87424K, 100% used [0x00000000e0000000, 0x00000000e5560000, 0x00000000e5560000)
  from space 21824K,  49% used [0x00000000e6ab0000, 0x00000000e7532b70, 0x00000000e8000000)
  to   space 21824K,   0% used [0x00000000e5560000, 0x00000000e5560000, 0x00000000e6ab0000)
 concurrent mark-sweep generation total 393216K, used 16387K [0x00000000e8000000, 0x0000000100000000, 0x0000000100000000)
 Metaspace       used 34704K, capacity 35268K, committed 35552K, reserved 1081344K
  class space    used 3628K, capacity 3814K, committed 3836K, reserved 1048576K
2017-03-31T05:01:53.494+0200: 574.221: [GC (Allocation Failure) 2017-03-31T05:01:53.494+0200: 574.221: [ParNew
Desired survivor size 20112992 bytes, new threshold 8 (max 8)
- age   1:    3826720 bytes,    3826720 total
- age   2:    2774160 bytes,    6600880 total
- age   3:    1045832 bytes,    7646712 total
- age   4:      13456 bytes,    7660168 total
- age   5:       6952 bytes,    7667120 total
- age   6:       4808 bytes,    7671928 total
- age   7:       6072 bytes,    7678000 total
- age   8:       5600 bytes,    7683600 total
: 98186K->12713K(109248K), 0.0173487 secs] 114574K->29104K(502464K), 0.0174214 secs] [Times: user=0.02 sys=0.00, real=0.02 secs] 
Heap after GC invocations=578 (full 1):
 par new generation   total 109248K, used 12713K [0x00000000e0000000, 0x00000000e8000000, 0x00000000e8000000)
  eden space 87424K,   0% used [0x00000000e0000000, 0x00000000e0000000, 0x00000000e5560000)
  from space 21824K,  58% used [0x00000000e5560000, 0x00000000e61ca428, 0x00000000e6ab0000)
  to   space 21824K,   0% used [0x00000000e6ab0000, 0x00000000e6ab0000, 0x00000000e8000000)
 concurrent mark-sweep generation total 393216K, used 16391K [0x00000000e8000000, 0x0000000100000000, 0x0000000100000000)
 Metaspace       used 34704K, capacity 35268K, committed 35552K, reserved 1081344K
  class space    used 3628K, capacity 3814K, committed 3836K, reserved 1048576K
}
2017-03-31T05:01:53.512+0200: 574.238: Total time for which application threads were stopped: 0.0177588 seconds, Stopping threads took: 0.0001117 seconds
{Heap before GC invocations=578 (full 1):
 par new generation   total 109248K, used 100137K [0x00000000e0000000, 0x00000000e8000000, 0x00000000e8000000)
  eden space 87424K, 100% used [0x00000000e0000000, 0x00000000e5560000, 0x00000000e5560000)
  from space 21824K,  58% used [0x00000000e5560000, 0x00000000e61ca428, 0x00000000e6ab0000)
  to   space 21824K,   0% used [0x00000000e6ab0000, 0x00000000e6ab0000, 0x00000000e8000000)
 concurrent mark-sweep generation total 393216K, used 16391K [0x00000000e8000000, 0x0000000100000000, 0x0000000100000000)
 Metaspace       used 34704K, capacity 35268K, committed 35552K, reserved 1081344K
  class space    used 3628K, capacity 3814K, committed 3836K, reserved 1048576K
2017-03-31T05:01:53.927+0200: 574.653: [GC (Allocation Failure) 2017-03-31T05:01:53.927+0200: 574.653: [ParNew
Desired survivor size 20112992 bytes, new threshold 8 (max 8)
- age   1:    4565048 bytes,    4565048 total
- age   2:    2380192 bytes,    6945240 total
- age   3:       3664 bytes,    6948904 total
- age   4:       6664 bytes,    6955568 total
- age   5:       6960 bytes,    6962528 total
- age   6:       6952 bytes,    6969480 total
- age   7:       4616 bytes,    6974096 total
- age   8:       6072 bytes,    6980168 total
: 100137K->9230K(109248K), 0.0260409 secs] 116528K->25626K(502464K), 0.0261164 secs] [Times: user=0.02 sys=0.00, real=0.03 secs] 
Heap after GC invocations=579 (full 1):
 par new generation   total 109248K, used 9230K [0x00000000e0000000, 0x00000000e8000000, 0x00000000e8000000)
  eden space 87424K,   0% used [0x00000000e0000000, 0x00000000e0000000, 0x00000000e5560000)
  from space 21824K,  42% used [0x00000000e6ab0000, 0x00000000e73b3850, 0x00000000e8000000)
  to   space 21824K,   0% used [0x00000000e5560000, 0x00000000e5560000, 0x00000000e6ab0000)
 concurrent mark-sweep generation total 393216K, used 16396K [0x00000000e8000000, 0x0000000100000000, 0x0000000100000000)
 Metaspace       used 34704K, capacity 35268K, committed 35552K, reserved 1081344K
  class space    used 3628K, capacity 3814K, committed 3836K, reserved 1048576K
}
2017-03-31T05:01:53.953+0200: 574.679: Total time for which application threads were stopped: 0.0266708 seconds, Stopping threads took: 0.0004208 seconds
{Heap before GC invocations=579 (full 1):
 par new generation   total 109248K, used 96654K [0x00000000e0000000, 0x00000000e8000000, 0x00000000e8000000)
  eden space 87424K, 100% used [0x00000000e0000000, 0x00000000e5560000, 0x00000000e5560000)
  from space 21824K,  42% used [0x00000000e6ab0000, 0x00000000e73b3850, 0x00000000e8000000)
  to   space 21824K,   0% used [0x00000000e5560000, 0x00000000e5560000, 0x00000000e6ab0000)
 concurrent mark-sweep generation total 393216K, used 16396K [0x00000000e8000000, 0x0000000100000000, 0x0000000100000000)
 Metaspace       used 34704K, capacity 35268K, committed 35552K, reserved 1081344K
  class space    used 3628K, capacity 3814K, committed 3836K, reserved 1048576K
2017-03-31T05:01:54.247+0200: 574.974: [GC (Allocation Failure) 2017-03-31T05:01:54.247+0200: 574.974: [ParNew
Desired survivor size 20112992 bytes, new threshold 8 (max 8)
- age   1:    3051424 bytes,    3051424 total
- age   2:    2013832 bytes,    5065256 total
- age   3:      15312 bytes,    5080568 total
- age   4:       3664 bytes,    5084232 total
- age   5:       6664 bytes,    5090896 total
- age   6:       6960 bytes,    5097856 total
- age   7:       6952 bytes,    5104808 total
- age   8:       4616 bytes,    5109424 total
: 96654K->7828K(109248K), 0.0190842 secs] 113050K->24230K(502464K), 0.0191417 secs] [Times: user=0.02 sys=0.00, real=0.02 secs] 
Heap after GC invocations=580 (full 1):
 par new generation   total 109248K, used 7828K [0x00000000e0000000, 0x00000000e8000000, 0x00000000e8000000)
  eden space 87424K,   0% used [0x00000000e0000000, 0x00000000e0000000, 0x00000000e5560000)
  from space 21824K,  35% used [0x00000000e5560000, 0x00000000e5d050f8, 0x00000000e6ab0000)
  to   space 21824K,   0% used [0x00000000e6ab0000, 0x00000000e6ab0000, 0x00000000e8000000)
 concurrent mark-sweep generation total 393216K, used 16402K [0x00000000e8000000, 0x0000000100000000, 0x0000000100000000)
 Metaspace       used 34704K, capacity 35268K, committed 35552K, reserved 1081344K
  class space    used 3628K, capacity 3814K, committed 3836K, reserved 1048576K
}
2017-03-31T05:01:54.266+0200: 574.993: Total time for which application threads were stopped: 0.0193041 seconds, Stopping threads took: 0.0000279 seconds
{Heap before GC invocations=580 (full 1):
 par new generation   total 109248K, used 95252K [0x00000000e0000000, 0x00000000e8000000, 0x00000000e8000000)
  eden space 87424K, 100% used [0x00000000e0000000, 0x00000000e5560000, 0x00000000e5560000)
  from space 21824K,  35% used [0x00000000e5560000, 0x00000000e5d050f8, 0x00000000e6ab0000)
  to   space 21824K,   0% used [0x00000000e6ab0000, 0x00000000e6ab0000, 0x00000000e8000000)
 concurrent mark-sweep generation total 393216K, used 16402K [0x00000000e8000000, 0x0000000100000000, 0x0000000100000000)
 Metaspace       used 34704K, capacity 35268K, committed 35552K, reserved 1081344K
  class space    used 3628K, capacity 3814K, committed 3836K, reserved 1048576K
2017-03-31T05:01:54.578+0200: 575.305: [GC (Allocation Failure) 2017-03-31T05:01:54.578+0200: 575.305: [ParNew
Desired survivor size 20112992 bytes, new threshold 8 (max 8)
- age   1:    3627152 bytes,    3627152 total
- age   2:    2775256 bytes,    6402408 total
- age   3:    1621864 bytes,    8024272 total
- age   4:       6224 bytes,    8030496 total
- age   5:       3664 bytes,    8034160 total
- age   6:       6616 bytes,    8040776 total
- age   7:       6960 bytes,    8047736 total
- age   8:       6928 bytes,    8054664 total
: 95252K->9126K(109248K), 0.0210038 secs] 111654K->25533K(502464K), 0.0210794 secs] [Times: user=0.02 sys=0.00, real=0.02 secs] 
Heap after GC invocations=581 (full 1):
 par new generation   total 109248K, used 9126K [0x00000000e0000000, 0x00000000e8000000, 0x00000000e8000000)
  eden space 87424K,   0% used [0x00000000e0000000, 0x00000000e0000000, 0x00000000e5560000)
  from space 21824K,  41% used [0x00000000e6ab0000, 0x00000000e73998d8, 0x00000000e8000000)
  to   space 21824K,   0% used [0x00000000e5560000, 0x00000000e5560000, 0x00000000e6ab0000)
 concurrent mark-sweep generation total 393216K, used 16407K [0x00000000e8000000, 0x0000000100000000, 0x0000000100000000)
 Metaspace       used 34704K, capacity 35268K, committed 35552K, reserved 1081344K
  class space    used 3628K, capacity 3814K, committed 3836K, reserved 1048576K
}
2017-03-31T05:01:54.599+0200: 575.326: Total time for which application threads were stopped: 0.0212412 seconds, Stopping threads took: 0.0000329 seconds
{Heap before GC invocations=581 (full 1):
 par new generation   total 109248K, used 96550K [0x00000000e0000000, 0x00000000e8000000, 0x00000000e8000000)
  eden space 87424K, 100% used [0x00000000e0000000, 0x00000000e5560000, 0x00000000e5560000)
  from space 21824K,  41% used [0x00000000e6ab0000, 0x00000000e73998d8, 0x00000000e8000000)
  to   space 21824K,   0% used [0x00000000e5560000, 0x00000000e5560000, 0x00000000e6ab0000)
 concurrent mark-sweep generation total 393216K, used 16407K [0x00000000e8000000, 0x0000000100000000, 0x0000000100000000)
 Metaspace       used 34704K, capacity 35268K, committed 35552K, reserved 1081344K
  class space    used 3628K, capacity 3814K, committed 3836K, reserved 1048576K
2017-03-31T05:01:55.020+0200: 575.747: [GC (Allocation Failure) 2017-03-31T05:01:55.020+0200: 575.747: [ParNew
Desired survivor size 20112992 bytes, new threshold 8 (max 8)
- age   1:    4541480 bytes,    4541480 total
- age   2:    2740704 bytes,    7282184 total
- age   3:       9752 bytes,    7291936 total
- age   4:      12624 bytes,    7304560 total
- age   5:       5840 bytes,    7310400 total
- age   6:       3664 bytes,    7314064 total
- age   7:       6400 bytes,    7320464 total
- age   8:       6960 bytes,    7327424 total
: 96550K->12665K(109248K), 0.0224336 secs] 112957K->29079K(502464K), 0.0224969 secs] [Times: user=0.02 sys=0.00, real=0.02 secs] 
Heap after GC invocations=582 (full 1):
 par new generation   total 109248K, used 12665K [0x00000000e0000000, 0x00000000e8000000, 0x00000000e8000000)
  eden space 87424K,   0% used [0x00000000e0000000, 0x00000000e0000000, 0x00000000e5560000)
  from space 21824K,  58% used [0x00000000e5560000, 0x00000000e61be5c0, 0x00000000e6ab0000)
  to   space 21824K,   0% used [0x00000000e6ab0000, 0x00000000e6ab0000, 0x00000000e8000000)
 concurrent mark-sweep generation total 393216K, used 16413K [0x00000000e8000000, 0x0000000100000000, 0x0000000100000000)
 Metaspace       used 34704K, capacity 35268K, committed 35552K, reserved 1081344K
  class space    used 3628K, capacity 3814K, committed 3836K, reserved 1048576K
}
2017-03-31T05:01:55.043+0200: 575.769: Total time for which application threads were stopped: 0.0226660 seconds, Stopping threads took: 0.0000280 seconds
{Heap before GC invocations=582 (full 1):
 par new generation   total 109248K, used 100089K [0x00000000e0000000, 0x00000000e8000000, 0x00000000e8000000)
  eden space 87424K, 100% used [0x00000000e0000000, 0x00000000e5560000, 0x00000000e5560000)
  from space 21824K,  58% used [0x00000000e5560000, 0x00000000e61be5c0, 0x00000000e6ab0000)
  to   space 21824K,   0% used [0x00000000e6ab0000, 0x00000000e6ab0000, 0x00000000e8000000)
 concurrent mark-sweep generation total 393216K, used 16413K [0x00000000e8000000, 0x0000000100000000, 0x0000000100000000)
 Metaspace       used 34704K, capacity 35268K, committed 35552K, reserved 1081344K
  class space    used 3628K, capacity 3814K, committed 3836K, reserved 1048576K
2017-03-31T05:01:55.427+0200: 576.153: [GC (Allocation Failure) 2017-03-31T05:01:55.427+0200: 576.153: [ParNew
Desired survivor size 20112992 bytes, new threshold 8 (max 8)
- age   1:    4048016 bytes,    4048016 total
- age   2:    2130592 bytes,    6178608 total
- age   3:       4648 bytes,    6183256 total
- age   4:       4176 bytes,    6187432 total
- age   5:      12432 bytes,    6199864 total
- age   6:       5840 bytes,    6205704 total
- age   7:       3664 bytes,    6209368 total
- age   8:       6400 bytes,    6215768 total
: 100089K->9273K(109248K), 0.0251681 secs] 116503K->25694K(502464K), 0.0252406 secs] [Times: user=0.03 sys=0.00, real=0.03 secs] 
Heap after GC invocations=583 (full 1):
 par new generation   total 109248K, used 9273K [0x00000000e0000000, 0x00000000e8000000, 0x00000000e8000000)
  eden space 87424K,   0% used [0x00000000e0000000, 0x00000000e0000000, 0x00000000e5560000)
  from space 21824K,  42% used [0x00000000e6ab0000, 0x00000000e73be508, 0x00000000e8000000)
  to   space 21824K,   0% used [0x00000000e5560000, 0x00000000e5560000, 0x00000000e6ab0000)
 concurrent mark-sweep generation total 393216K, used 16420K [0x00000000e8000000, 0x0000000100000000, 0x0000000100000000)
 Metaspace       used 34704K, capacity 35268K, committed 35552K, reserved 1081344K
  class space    used 3628K, capacity 3814K, committed 3836K, reserved 1048576K
}
2017-03-31T05:01:55.452+0200: 576.178: Total time for which application threads were stopped: 0.0253897 seconds, Stopping threads took: 0.0000285 seconds
{Heap before GC invocations=583 (full 1):
 par new generation   total 109248K, used 96697K [0x00000000e0000000, 0x00000000e8000000, 0x00000000e8000000)
  eden space 87424K, 100% used [0x00000000e0000000, 0x00000000e5560000, 0x00000000e5560000)
  from space 21824K,  42% used [0x00000000e6ab0000, 0x00000000e73be508, 0x00000000e8000000)
  to   space 21824K,   0% used [0x00000000e5560000, 0x00000000e5560000, 0x00000000e6ab0000)
 concurrent mark-sweep generation total 393216K, used 16420K [0x00000000e8000000, 0x0000000100000000, 0x0000000100000000)
 Metaspace       used 34704K, capacity 35268K, committed 35552K, reserved 1081344K
  class space    used 3628K, capacity 3814K, committed 3836K, reserved 1048576K
2017-03-31T05:01:55.697+0200: 576.423: [GC (Allocation Failure) 2017-03-31T05:01:55.697+0200: 576.423: [ParNew
Desired survivor size 20112992 bytes, new threshold 8 (max 8)
- age   1:    2584104 bytes,    2584104 total
- age   2:    3763248 bytes,    6347352 total
- age   3:    1902360 bytes,    8249712 total
- age   4:       4648 bytes,    8254360 total
- age   5:       4176 bytes,    8258536 total
- age   6:      12408 bytes,    8270944 total
- age   7:       5840 bytes,    8276784 total
- age   8:       3664 bytes,    8280448 total
: 96697K->10096K(109248K), 0.0195739 secs] 113118K->26523K(502464K), 0.0196284 secs] [Times: user=0.02 sys=0.00, real=0.01 secs] 
Heap after GC invocations=584 (full 1):
 par new generation   total 109248K, used 10096K [0x00000000e0000000, 0x00000000e8000000, 0x00000000e8000000)
  eden space 87424K,   0% used [0x00000000e0000000, 0x00000000e0000000, 0x00000000e5560000)
  from space 21824K,  46% used [0x00000000e5560000, 0x00000000e5f3c118, 0x00000000e6ab0000)
  to   space 21824K,   0% used [0x00000000e6ab0000, 0x00000000e6ab0000, 0x00000000e8000000)
 concurrent mark-sweep generation total 393216K, used 16427K [0x00000000e8000000, 0x0000000100000000, 0x0000000100000000)
 Metaspace       used 34704K, capacity 35268K, committed 35552K, reserved 1081344K
  class space    used 3628K, capacity 3814K, committed 3836K, reserved 1048576K
}
2017-03-31T05:01:55.716+0200: 576.443: Total time for which application threads were stopped: 0.0217870 seconds, Stopping threads took: 0.0020232 seconds
{Heap before GC invocations=584 (full 1):
 par new generation   total 109248K, used 97520K [0x00000000e0000000, 0x00000000e8000000, 0x00000000e8000000)
  eden space 87424K, 100% used [0x00000000e0000000, 0x00000000e5560000, 0x00000000e5560000)
  from space 21824K,  46% used [0x00000000e5560000, 0x00000000e5f3c118, 0x00000000e6ab0000)
  to   space 21824K,   0% used [0x00000000e6ab0000, 0x00000000e6ab0000, 0x00000000e8000000)
 concurrent mark-sweep generation total 393216K, used 16427K [0x00000000e8000000, 0x0000000100000000, 0x0000000100000000)
 Metaspace       used 34704K, capacity 35268K, committed 35552K, reserved 1081344K
  class space    used 3628K, capacity 3814K, committed 3836K, reserved 1048576K
2017-03-31T05:01:56.190+0200: 576.916: [GC (Allocation Failure) 2017-03-31T05:01:56.190+0200: 576.916: [ParNew
Desired survivor size 20112992 bytes, new threshold 8 (max 8)
- age   1:    4539792 bytes,    4539792 total
- age   2:    2070256 bytes,    6610048 total
- age   3:     976552 bytes,    7586600 total
- age   4:      13104 bytes,    7599704 total
- age   5:       4648 bytes,    7604352 total
- age   6:       4176 bytes,    7608528 total
- age   7:      12408 bytes,    7620936 total
- age   8:       5840 bytes,    7626776 total
: 97520K->13213K(109248K), 0.0262710 secs] 113947K->29644K(502464K), 0.0263460 secs] [Times: user=0.02 sys=0.00, real=0.02 secs] 
Heap after GC invocations=585 (full 1):
 par new generation   total 109248K, used 13213K [0x00000000e0000000, 0x00000000e8000000, 0x00000000e8000000)
  eden space 87424K,   0% used [0x00000000e0000000, 0x00000000e0000000, 0x00000000e5560000)
  from space 21824K,  60% used [0x00000000e6ab0000, 0x00000000e7797780, 0x00000000e8000000)
  to   space 21824K,   0% used [0x00000000e5560000, 0x00000000e5560000, 0x00000000e6ab0000)
 concurrent mark-sweep generation total 393216K, used 16430K [0x00000000e8000000, 0x0000000100000000, 0x0000000100000000)
 Metaspace       used 34704K, capacity 35268K, committed 35552K, reserved 1081344K
  class space    used 3628K, capacity 3814K, committed 3836K, reserved 1048576K
}
2017-03-31T05:01:56.216+0200: 576.943: Total time for which application threads were stopped: 0.0265082 seconds, Stopping threads took: 0.0000339 seconds
{Heap before GC invocations=585 (full 1):
 par new generation   total 109248K, used 100637K [0x00000000e0000000, 0x00000000e8000000, 0x00000000e8000000)
  eden space 87424K, 100% used [0x00000000e0000000, 0x00000000e5560000, 0x00000000e5560000)
  from space 21824K,  60% used [0x00000000e6ab0000, 0x00000000e7797780, 0x00000000e8000000)
  to   space 21824K,   0% used [0x00000000e5560000, 0x00000000e5560000, 0x00000000e6ab0000)
 concurrent mark-sweep generation total 393216K, used 16430K [0x00000000e8000000, 0x0000000100000000, 0x0000000100000000)
 Metaspace       used 34704K, capacity 35268K, committed 35552K, reserved 1081344K
  class space    used 3628K, capacity 3814K, committed 3836K, reserved 1048576K
2017-03-31T05:01:56.821+0200: 577.548: [GC (Allocation Failure) 2017-03-31T05:01:56.821+0200: 577.548: [ParNew
Desired survivor size 20112992 bytes, new threshold 8 (max 8)
- age   1:    4471064 bytes,    4471064 total
- age   2:    2446720 bytes,    6917784 total
- age   3:       2400 bytes,    6920184 total
- age   4:       6368 bytes,    6926552 total
- age   5:       7272 bytes,    6933824 total
- age   6:       4624 bytes,    6938448 total
- age   7:       4176 bytes,    6942624 total
- age   8:      12384 bytes,    6955008 total
: 100637K->9662K(109248K), 0.0378054 secs] 117068K->26099K(502464K), 0.0378893 secs] [Times: user=0.04 sys=0.00, real=0.03 secs] 
Heap after GC invocations=586 (full 1):
 par new generation   total 109248K, used 9662K [0x00000000e0000000, 0x00000000e8000000, 0x00000000e8000000)
  eden space 87424K,   0% used [0x00000000e0000000, 0x00000000e0000000, 0x00000000e5560000)
  from space 21824K,  44% used [0x00000000e5560000, 0x00000000e5ecfb40, 0x00000000e6ab0000)
  to   space 21824K,   0% used [0x00000000e6ab0000, 0x00000000e6ab0000, 0x00000000e8000000)
 concurrent mark-sweep generation total 393216K, used 16436K [0x00000000e8000000, 0x0000000100000000, 0x0000000100000000)
 Metaspace       used 34704K, capacity 35268K, committed 35552K, reserved 1081344K
  class space    used 3628K, capacity 3814K, committed 3836K, reserved 1048576K
}
2017-03-31T05:01:56.859+0200: 577.586: Total time for which application threads were stopped: 0.0380814 seconds, Stopping threads took: 0.0000379 seconds
{Heap before GC invocations=586 (full 1):
 par new generation   total 109248K, used 97055K [0x00000000e0000000, 0x00000000e8000000, 0x00000000e8000000)
  eden space 87424K,  99% used [0x00000000e0000000, 0x00000000e5558160, 0x00000000e5560000)
  from space 21824K,  44% used [0x00000000e5560000, 0x00000000e5ecfb40, 0x00000000e6ab0000)
  to   space 21824K,   0% used [0x00000000e6ab0000, 0x00000000e6ab0000, 0x00000000e8000000)
 concurrent mark-sweep generation total 393216K, used 16436K [0x00000000e8000000, 0x0000000100000000, 0x0000000100000000)
 Metaspace       used 34704K, capacity 35268K, committed 35552K, reserved 1081344K
  class space    used 3628K, capacity 3814K, committed 3836K, reserved 1048576K
2017-03-31T05:01:57.185+0200: 577.912: [GC (Allocation Failure) 2017-03-31T05:01:57.186+0200: 577.912: [ParNew
Desired survivor size 20112992 bytes, new threshold 8 (max 8)
- age   1:    3501160 bytes,    3501160 total
- age   2:    1930320 bytes,    5431480 total
- age   3:      21552 bytes,    5453032 total
- age   4:       2400 bytes,    5455432 total
- age   5:       6304 bytes,    5461736 total
- age   6:       7272 bytes,    5469008 total
- age   7:       4624 bytes,    5473632 total
- age   8:       4176 bytes,    5477808 total
: 97055K->7707K(109248K), 0.0216969 secs] 113491K->24156K(502464K), 0.0217571 secs] [Times: user=0.02 sys=0.00, real=0.02 secs] 
Heap after GC invocations=587 (full 1):
 par new generation   total 109248K, used 7707K [0x00000000e0000000, 0x00000000e8000000, 0x00000000e8000000)
  eden space 87424K,   0% used [0x00000000e0000000, 0x00000000e0000000, 0x00000000e5560000)
  from space 21824K,  35% used [0x00000000e6ab0000, 0x00000000e7236cf0, 0x00000000e8000000)
  to   space 21824K,   0% used [0x00000000e5560000, 0x00000000e5560000, 0x00000000e6ab0000)
 concurrent mark-sweep generation total 393216K, used 16448K [0x00000000e8000000, 0x0000000100000000, 0x0000000100000000)
 Metaspace       used 34704K, capacity 35268K, committed 35552K, reserved 1081344K
  class space    used 3628K, capacity 3814K, committed 3836K, reserved 1048576K
}
2017-03-31T05:01:57.207+0200: 577.934: Total time for which application threads were stopped: 0.0219211 seconds, Stopping threads took: 0.0000199 seconds
{Heap before GC invocations=587 (full 1):
 par new generation   total 109248K, used 95131K [0x00000000e0000000, 0x00000000e8000000, 0x00000000e8000000)
  eden space 87424K, 100% used [0x00000000e0000000, 0x00000000e5560000, 0x00000000e5560000)
  from space 21824K,  35% used [0x00000000e6ab0000, 0x00000000e7236cf0, 0x00000000e8000000)
  to   space 21824K,   0% used [0x00000000e5560000, 0x00000000e5560000, 0x00000000e6ab0000)
 concurrent mark-sweep generation total 393216K, used 16448K [0x00000000e8000000, 0x0000000100000000, 0x0000000100000000)
 Metaspace       used 34704K, capacity 35268K, committed 35552K, reserved 1081344K
  class space    used 3628K, capacity 3814K, committed 3836K, reserved 1048576K
2017-03-31T05:01:57.513+0200: 578.239: [GC (Allocation Failure) 2017-03-31T05:01:57.513+0200: 578.239: [ParNew
Desired survivor size 20112992 bytes, new threshold 8 (max 8)
- age   1:    3529408 bytes,    3529408 total
- age   2:    2857192 bytes,    6386600 total
- age   3:    1613776 bytes,    8000376 total
- age   4:      12464 bytes,    8012840 total
- age   5:       2400 bytes,    8015240 total
- age   6:       6304 bytes,    8021544 total
- age   7:       7272 bytes,    8028816 total
- age   8:       4624 bytes,    8033440 total
: 95131K->9302K(109248K), 0.0251037 secs] 111580K->25755K(502464K), 0.0251843 secs] [Times: user=0.02 sys=0.00, real=0.02 secs] 
Heap after GC invocations=588 (full 1):
 par new generation   total 109248K, used 9302K [0x00000000e0000000, 0x00000000e8000000, 0x00000000e8000000)
  eden space 87424K,   0% used [0x00000000e0000000, 0x00000000e0000000, 0x00000000e5560000)
  from space 21824K,  42% used [0x00000000e5560000, 0x00000000e5e75ae0, 0x00000000e6ab0000)
  to   space 21824K,   0% used [0x00000000e6ab0000, 0x00000000e6ab0000, 0x00000000e8000000)
 concurrent mark-sweep generation total 393216K, used 16452K [0x00000000e8000000, 0x0000000100000000, 0x0000000100000000)
 Metaspace       used 34704K, capacity 35268K, committed 35552K, reserved 1081344K
  class space    used 3628K, capacity 3814K, committed 3836K, reserved 1048576K
}
2017-03-31T05:01:57.538+0200: 578.265: Total time for which application threads were stopped: 0.0253591 seconds, Stopping threads took: 0.0000344 seconds
{Heap before GC invocations=588 (full 1):
 par new generation   total 109248K, used 96726K [0x00000000e0000000, 0x00000000e8000000, 0x00000000e8000000)
  eden space 87424K, 100% used [0x00000000e0000000, 0x00000000e5560000, 0x00000000e5560000)
  from space 21824K,  42% used [0x00000000e5560000, 0x00000000e5e75ae0, 0x00000000e6ab0000)
  to   space 21824K,   0% used [0x00000000e6ab0000, 0x00000000e6ab0000, 0x00000000e8000000)
 concurrent mark-sweep generation total 393216K, used 16452K [0x00000000e8000000, 0x0000000100000000, 0x0000000100000000)
 Metaspace       used 34704K, capacity 35268K, committed 35552K, reserved 1081344K
  class space    used 3628K, capacity 3814K, committed 3836K, reserved 1048576K
2017-03-31T05:01:57.924+0200: 578.651: [GC (Allocation Failure) 2017-03-31T05:01:57.924+0200: 578.651: [ParNew
Desired survivor size 20112992 bytes, new threshold 8 (max 8)
- age   1:    4798648 bytes,    4798648 total
- age   2:    2859472 bytes,    7658120 total
- age   3:      10504 bytes,    7668624 total
- age   4:       7160 bytes,    7675784 total
- age   5:      12272 bytes,    7688056 total
- age   6:       2400 bytes,    7690456 total
- age   7:       6304 bytes,    7696760 total
- age   8:       7272 bytes,    7704032 total
: 96726K->13199K(109248K), 0.0264874 secs] 113179K->29656K(502464K), 0.0265508 secs] [Times: user=0.02 sys=0.00, real=0.03 secs] 
Heap after GC invocations=589 (full 1):
 par new generation   total 109248K, used 13199K [0x00000000e0000000, 0x00000000e8000000, 0x00000000e8000000)
  eden space 87424K,   0% used [0x00000000e0000000, 0x00000000e0000000, 0x00000000e5560000)
  from space 21824K,  60% used [0x00000000e6ab0000, 0x00000000e7793c00, 0x00000000e8000000)
  to   space 21824K,   0% used [0x00000000e5560000, 0x00000000e5560000, 0x00000000e6ab0000)
 concurrent mark-sweep generation total 393216K, used 16457K [0x00000000e8000000, 0x0000000100000000, 0x0000000100000000)
 Metaspace       used 34704K, capacity 35268K, committed 35552K, reserved 1081344K
  class space    used 3628K, capacity 3814K, committed 3836K, reserved 1048576K
}
2017-03-31T05:01:57.951+0200: 578.677: Total time for which application threads were stopped: 0.0297067 seconds, Stopping threads took: 0.0030018 seconds
{Heap before GC invocations=589 (full 1):
 par new generation   total 109248K, used 100623K [0x00000000e0000000, 0x00000000e8000000, 0x00000000e8000000)
  eden space 87424K, 100% used [0x00000000e0000000, 0x00000000e5560000, 0x00000000e5560000)
  from space 21824K,  60% used [0x00000000e6ab0000, 0x00000000e7793c00, 0x00000000e8000000)
  to   space 21824K,   0% used [0x00000000e5560000, 0x00000000e5560000, 0x00000000e6ab0000)
 concurrent mark-sweep generation total 393216K, used 16457K [0x00000000e8000000, 0x0000000100000000, 0x0000000100000000)
 Metaspace       used 34704K, capacity 35268K, committed 35552K, reserved 1081344K
  class space    used 3628K, capacity 3814K, committed 3836K, reserved 1048576K
2017-03-31T05:01:58.324+0200: 579.050: [GC (Allocation Failure) 2017-03-31T05:01:58.324+0200: 579.051: [ParNew
Desired survivor size 20112992 bytes, new threshold 8 (max 8)
- age   1:    4615008 bytes,    4615008 total
- age   2:    2279712 bytes,    6894720 total
- age   3:       4784 bytes,    6899504 total
- age   4:      10504 bytes,    6910008 total
- age   5:       6752 bytes,    6916760 total
- age   6:       6840 bytes,    6923600 total
- age   7:       2400 bytes,    6926000 total
- age   8:       6304 bytes,    6932304 total
: 100623K->9709K(109248K), 0.0307112 secs] 117080K->26174K(502464K), 0.0307826 secs] [Times: user=0.03 sys=0.00, real=0.03 secs] 
Heap after GC invocations=590 (full 1):
 par new generation   total 109248K, used 9709K [0x00000000e0000000, 0x00000000e8000000, 0x00000000e8000000)
  eden space 87424K,   0% used [0x00000000e0000000, 0x00000000e0000000, 0x00000000e5560000)
  from space 21824K,  44% used [0x00000000e5560000, 0x00000000e5edb640, 0x00000000e6ab0000)
  to   space 21824K,   0% used [0x00000000e6ab0000, 0x00000000e6ab0000, 0x00000000e8000000)
 concurrent mark-sweep generation total 393216K, used 16464K [0x00000000e8000000, 0x0000000100000000, 0x0000000100000000)
 Metaspace       used 34704K, capacity 35268K, committed 35552K, reserved 1081344K
  class space    used 3628K, capacity 3814K, committed 3836K, reserved 1048576K
}
2017-03-31T05:01:58.355+0200: 579.081: Total time for which application threads were stopped: 0.0363145 seconds, Stopping threads took: 0.0053762 seconds
{Heap before GC invocations=590 (full 1):
 par new generation   total 109248K, used 97133K [0x00000000e0000000, 0x00000000e8000000, 0x00000000e8000000)
  eden space 87424K, 100% used [0x00000000e0000000, 0x00000000e5560000, 0x00000000e5560000)
  from space 21824K,  44% used [0x00000000e5560000, 0x00000000e5edb640, 0x00000000e6ab0000)
  to   space 21824K,   0% used [0x00000000e6ab0000, 0x00000000e6ab0000, 0x00000000e8000000)
 concurrent mark-sweep generation total 393216K, used 16464K [0x00000000e8000000, 0x0000000100000000, 0x0000000100000000)
 Metaspace       used 34704K, capacity 35268K, committed 35552K, reserved 1081344K
  class space    used 3628K, capacity 3814K, committed 3836K, reserved 1048576K
2017-03-31T05:01:58.643+0200: 579.370: [GC (Allocation Failure) 2017-03-31T05:01:58.643+0200: 579.370: [ParNew
Desired survivor size 20112992 bytes, new threshold 8 (max 8)
- age   1:    3501936 bytes,    3501936 total
- age   2:    1648728 bytes,    5150664 total
- age   3:      20648 bytes,    5171312 total
- age   4:       4784 bytes,    5176096 total
- age   5:      10376 bytes,    5186472 total
- age   6:       6752 bytes,    5193224 total
- age   7:       6712 bytes,    5199936 total
- age   8:       2400 bytes,    5202336 total
: 97133K->7698K(109248K), 0.0280371 secs] 113598K->24168K(502464K), 0.0280992 secs] [Times: user=0.03 sys=0.00, real=0.03 secs] 
Heap after GC invocations=591 (full 1):
 par new generation   total 109248K, used 7698K [0x00000000e0000000, 0x00000000e8000000, 0x00000000e8000000)
  eden space 87424K,   0% used [0x00000000e0000000, 0x00000000e0000000, 0x00000000e5560000)
  from space 21824K,  35% used [0x00000000e6ab0000, 0x00000000e7234860, 0x00000000e8000000)
  to   space 21824K,   0% used [0x00000000e5560000, 0x00000000e5560000, 0x00000000e6ab0000)
 concurrent mark-sweep generation total 393216K, used 16470K [0x00000000e8000000, 0x0000000100000000, 0x0000000100000000)
 Metaspace       used 34704K, capacity 35268K, committed 35552K, reserved 1081344K
  class space    used 3628K, capacity 3814K, committed 3836K, reserved 1048576K
}
2017-03-31T05:01:58.671+0200: 579.398: Total time for which application threads were stopped: 0.0282569 seconds, Stopping threads took: 0.0000207 seconds
{Heap before GC invocations=591 (full 1):
 par new generation   total 109248K, used 95117K [0x00000000e0000000, 0x00000000e8000000, 0x00000000e8000000)
  eden space 87424K,  99% used [0x00000000e0000000, 0x00000000e555eea8, 0x00000000e5560000)
  from space 21824K,  35% used [0x00000000e6ab0000, 0x00000000e7234860, 0x00000000e8000000)
  to   space 21824K,   0% used [0x00000000e5560000, 0x00000000e5560000, 0x00000000e6ab0000)
 concurrent mark-sweep generation total 393216K, used 16470K [0x00000000e8000000, 0x0000000100000000, 0x0000000100000000)
 Metaspace       used 34704K, capacity 35268K, committed 35552K, reserved 1081344K
  class space    used 3628K, capacity 3814K, committed 3836K, reserved 1048576K
2017-03-31T05:01:59.017+0200: 579.744: [GC (Allocation Failure) 2017-03-31T05:01:59.017+0200: 579.744: [ParNew
Desired survivor size 20112992 bytes, new threshold 8 (max 8)
- age   1:    3519888 bytes,    3519888 total
- age   2:    2990688 bytes,    6510576 total
- age   3:    1179320 bytes,    7689896 total
- age   4:      12424 bytes,    7702320 total
- age   5:       4784 bytes,    7707104 total
- age   6:      10312 bytes,    7717416 total
- age   7:       6728 bytes,    7724144 total
- age   8:       6712 bytes,    7730856 total
: 95117K->9161K(109248K), 0.0182985 secs] 111588K->25634K(502464K), 0.0183725 secs] [Times: user=0.02 sys=0.00, real=0.02 secs] 
Heap after GC invocations=592 (full 1):
 par new generation   total 109248K, used 9161K [0x00000000e0000000, 0x00000000e8000000, 0x00000000e8000000)
  eden space 87424K,   0% used [0x00000000e0000000, 0x00000000e0000000, 0x00000000e5560000)
  from space 21824K,  41% used [0x00000000e5560000, 0x00000000e5e52490, 0x00000000e6ab0000)
  to   space 21824K,   0% used [0x00000000e6ab0000, 0x00000000e6ab0000, 0x00000000e8000000)
 concurrent mark-sweep generation total 393216K, used 16473K [0x00000000e8000000, 0x0000000100000000, 0x0000000100000000)
 Metaspace       used 34704K, capacity 35268K, committed 35552K, reserved 1081344K
  class space    used 3628K, capacity 3814K, committed 3836K, reserved 1048576K
}
2017-03-31T05:01:59.036+0200: 579.762: Total time for which application threads were stopped: 0.0215404 seconds, Stopping threads took: 0.0030345 seconds
{Heap before GC invocations=592 (full 1):
 par new generation   total 109248K, used 96585K [0x00000000e0000000, 0x00000000e8000000, 0x00000000e8000000)
  eden space 87424K, 100% used [0x00000000e0000000, 0x00000000e5560000, 0x00000000e5560000)
  from space 21824K,  41% used [0x00000000e5560000, 0x00000000e5e52490, 0x00000000e6ab0000)
  to   space 21824K,   0% used [0x00000000e6ab0000, 0x00000000e6ab0000, 0x00000000e8000000)
 concurrent mark-sweep generation total 393216K, used 16473K [0x00000000e8000000, 0x0000000100000000, 0x0000000100000000)
 Metaspace       used 34704K, capacity 35268K, committed 35552K, reserved 1081344K
  class space    used 3628K, capacity 3814K, committed 3836K, reserved 1048576K
2017-03-31T05:01:59.431+0200: 580.157: [GC (Allocation Failure) 2017-03-31T05:01:59.431+0200: 580.157: [ParNew
Desired survivor size 20112992 bytes, new threshold 8 (max 8)
- age   1:    4589984 bytes,    4589984 total
- age   2:    2504992 bytes,    7094976 total
- age   3:       4032 bytes,    7099008 total
- age   4:       6960 bytes,    7105968 total
- age   5:      12040 bytes,    7118008 total
- age   6:       4784 bytes,    7122792 total
- age   7:       4864 bytes,    7127656 total
- age   8:       6728 bytes,    7134384 total
: 96585K->10670K(109248K), 0.0254727 secs] 113058K->27150K(502464K), 0.0255349 secs] [Times: user=0.02 sys=0.00, real=0.02 secs] 
Heap after GC invocations=593 (full 1):
 par new generation   total 109248K, used 10670K [0x00000000e0000000, 0x00000000e8000000, 0x00000000e8000000)
  eden space 87424K,   0% used [0x00000000e0000000, 0x00000000e0000000, 0x00000000e5560000)
  from space 21824K,  48% used [0x00000000e6ab0000, 0x00000000e751bb60, 0x00000000e8000000)
  to   space 21824K,   0% used [0x00000000e5560000, 0x00000000e5560000, 0x00000000e6ab0000)
 concurrent mark-sweep generation total 393216K, used 16479K [0x00000000e8000000, 0x0000000100000000, 0x0000000100000000)
 Metaspace       used 34704K, capacity 35268K, committed 35552K, reserved 1081344K
  class space    used 3628K, capacity 3814K, committed 3836K, reserved 1048576K
}
2017-03-31T05:01:59.456+0200: 580.183: Total time for which application threads were stopped: 0.0256844 seconds, Stopping threads took: 0.0000292 seconds
{Heap before GC invocations=593 (full 1):
 par new generation   total 109248K, used 98068K [0x00000000e0000000, 0x00000000e8000000, 0x00000000e8000000)
  eden space 87424K,  99% used [0x00000000e0000000, 0x00000000e5559890, 0x00000000e5560000)
  from space 21824K,  48% used [0x00000000e6ab0000, 0x00000000e751bb60, 0x00000000e8000000)
  to   space 21824K,   0% used [0x00000000e5560000, 0x00000000e5560000, 0x00000000e6ab0000)
 concurrent mark-sweep generation total 393216K, used 16479K [0x00000000e8000000, 0x0000000100000000, 0x0000000100000000)
 Metaspace       used 34704K, capacity 35268K, committed 35552K, reserved 1081344K
  class space    used 3628K, capacity 3814K, committed 3836K, reserved 1048576K
2017-03-31T05:01:59.806+0200: 580.533: [GC (Allocation Failure) 2017-03-31T05:01:59.806+0200: 580.533: [ParNew
Desired survivor size 20112992 bytes, new threshold 8 (max 8)
- age   1:    4107328 bytes,    4107328 total
- age   2:    2069024 bytes,    6176352 total
- age   3:      10592 bytes,    6186944 total
- age   4:       4008 bytes,    6190952 total
- age   5:       6576 bytes,    6197528 total
- age   6:       6592 bytes,    6204120 total
- age   7:       4784 bytes,    6208904 total
- age   8:       4840 bytes,    6213744 total
: 98068K->8982K(109248K), 0.0275239 secs] 114548K->25468K(502464K), 0.0276256 secs] [Times: user=0.03 sys=0.00, real=0.03 secs] 
Heap after GC invocations=594 (full 1):
 par new generation   total 109248K, used 8982K [0x00000000e0000000, 0x00000000e8000000, 0x00000000e8000000)
  eden space 87424K,   0% used [0x00000000e0000000, 0x00000000e0000000, 0x00000000e5560000)
  from space 21824K,  41% used [0x00000000e5560000, 0x00000000e5e25810, 0x00000000e6ab0000)
  to   space 21824K,   0% used [0x00000000e6ab0000, 0x00000000e6ab0000, 0x00000000e8000000)
 concurrent mark-sweep generation total 393216K, used 16486K [0x00000000e8000000, 0x0000000100000000, 0x0000000100000000)
 Metaspace       used 34704K, capacity 35268K, committed 35552K, reserved 1081344K
  class space    used 3628K, capacity 3814K, committed 3836K, reserved 1048576K
}
2017-03-31T05:01:59.834+0200: 580.560: Total time for which application threads were stopped: 0.0300876 seconds, Stopping threads took: 0.0022463 seconds
{Heap before GC invocations=594 (full 1):
 par new generation   total 109248K, used 96406K [0x00000000e0000000, 0x00000000e8000000, 0x00000000e8000000)
  eden space 87424K, 100% used [0x00000000e0000000, 0x00000000e5560000, 0x00000000e5560000)
  from space 21824K,  41% used [0x00000000e5560000, 0x00000000e5e25810, 0x00000000e6ab0000)
  to   space 21824K,   0% used [0x00000000e6ab0000, 0x00000000e6ab0000, 0x00000000e8000000)
 concurrent mark-sweep generation total 393216K, used 16486K [0x00000000e8000000, 0x0000000100000000, 0x0000000100000000)
 Metaspace       used 34704K, capacity 35268K, committed 35552K, reserved 1081344K
  class space    used 3628K, capacity 3814K, committed 3836K, reserved 1048576K
2017-03-31T05:02:00.132+0200: 580.858: [GC (Allocation Failure) 2017-03-31T05:02:00.132+0200: 580.858: [ParNew
Desired survivor size 20112992 bytes, new threshold 8 (max 8)
- age   1:    2944424 bytes,    2944424 total
- age   2:    3431232 bytes,    6375656 total
- age   3:    1768896 bytes,    8144552 total
- age   4:      10568 bytes,    8155120 total
- age   5:       4008 bytes,    8159128 total
- age   6:       6576 bytes,    8165704 total
- age   7:       6592 bytes,    8172296 total
- age   8:       4784 bytes,    8177080 total
: 96406K->10822K(109248K), 0.0309993 secs] 112892K->27313K(502464K), 0.0310646 secs] [Times: user=0.02 sys=0.01, real=0.03 secs] 
Heap after GC invocations=595 (full 1):
 par new generation   total 109248K, used 10822K [0x00000000e0000000, 0x00000000e8000000, 0x00000000e8000000)
  eden space 87424K,   0% used [0x00000000e0000000, 0x00000000e0000000, 0x00000000e5560000)
  from space 21824K,  49% used [0x00000000e6ab0000, 0x00000000e7541950, 0x00000000e8000000)
  to   space 21824K,   0% used [0x00000000e5560000, 0x00000000e5560000, 0x00000000e6ab0000)
 concurrent mark-sweep generation total 393216K, used 16491K [0x00000000e8000000, 0x0000000100000000, 0x0000000100000000)
 Metaspace       used 34704K, capacity 35268K, committed 35552K, reserved 1081344K
  class space    used 3628K, capacity 3814K, committed 3836K, reserved 1048576K
}
2017-03-31T05:02:00.163+0200: 580.889: Total time for which application threads were stopped: 0.0312128 seconds, Stopping threads took: 0.0000285 seconds
{Heap before GC invocations=595 (full 1):
 par new generation   total 109248K, used 98246K [0x00000000e0000000, 0x00000000e8000000, 0x00000000e8000000)
  eden space 87424K, 100% used [0x00000000e0000000, 0x00000000e5560000, 0x00000000e5560000)
  from space 21824K,  49% used [0x00000000e6ab0000, 0x00000000e7541950, 0x00000000e8000000)
  to   space 21824K,   0% used [0x00000000e5560000, 0x00000000e5560000, 0x00000000e6ab0000)
 concurrent mark-sweep generation total 393216K, used 16491K [0x00000000e8000000, 0x0000000100000000, 0x0000000100000000)
 Metaspace       used 34704K, capacity 35268K, committed 35552K, reserved 1081344K
  class space    used 3628K, capacity 3814K, committed 3836K, reserved 1048576K
2017-03-31T05:02:00.557+0200: 581.283: [GC (Allocation Failure) 2017-03-31T05:02:00.557+0200: 581.283: [ParNew
Desired survivor size 20112992 bytes, new threshold 8 (max 8)
- age   1:    4833896 bytes,    4833896 total
- age   2:    2521104 bytes,    7355000 total
- age   3:     537816 bytes,    7892816 total
- age   4:      12864 bytes,    7905680 total
- age   5:      10504 bytes,    7916184 total
- age   6:       3880 bytes,    7920064 total
- age   7:       6576 bytes,    7926640 total
- age   8:       6592 bytes,    7933232 total
: 98246K->10360K(109248K), 0.0257260 secs] 114737K->26856K(502464K), 0.0257986 secs] [Times: user=0.03 sys=0.00, real=0.03 secs] 
Heap after GC invocations=596 (full 1):
 par new generation   total 109248K, used 10360K [0x00000000e0000000, 0x00000000e8000000, 0x00000000e8000000)
  eden space 87424K,   0% used [0x00000000e0000000, 0x00000000e0000000, 0x00000000e5560000)
  from space 21824K,  47% used [0x00000000e5560000, 0x00000000e5f7e330, 0x00000000e6ab0000)
  to   space 21824K,   0% used [0x00000000e6ab0000, 0x00000000e6ab0000, 0x00000000e8000000)
 concurrent mark-sweep generation total 393216K, used 16495K [0x00000000e8000000, 0x0000000100000000, 0x0000000100000000)
 Metaspace       used 34704K, capacity 35268K, committed 35552K, reserved 1081344K
  class space    used 3628K, capacity 3814K, committed 3836K, reserved 1048576K
}
2017-03-31T05:02:00.583+0200: 581.309: Total time for which application threads were stopped: 0.0334738 seconds, Stopping threads took: 0.0075250 seconds
{Heap before GC invocations=596 (full 1):
 par new generation   total 109248K, used 97784K [0x00000000e0000000, 0x00000000e8000000, 0x00000000e8000000)
  eden space 87424K, 100% used [0x00000000e0000000, 0x00000000e5560000, 0x00000000e5560000)
  from space 21824K,  47% used [0x00000000e5560000, 0x00000000e5f7e330, 0x00000000e6ab0000)
  to   space 21824K,   0% used [0x00000000e6ab0000, 0x00000000e6ab0000, 0x00000000e8000000)
 concurrent mark-sweep generation total 393216K, used 16495K [0x00000000e8000000, 0x0000000100000000, 0x0000000100000000)
 Metaspace       used 34704K, capacity 35268K, committed 35552K, reserved 1081344K
  class space    used 3628K, capacity 3814K, committed 3836K, reserved 1048576K
2017-03-31T05:02:00.961+0200: 581.687: [GC (Allocation Failure) 2017-03-31T05:02:00.961+0200: 581.687: [ParNew
Desired survivor size 20112992 bytes, new threshold 8 (max 8)
- age   1:    4484864 bytes,    4484864 total
- age   2:    2431392 bytes,    6916256 total
- age   3:       3312 bytes,    6919568 total
- age   4:       6536 bytes,    6926104 total
- age   5:      12480 bytes,    6938584 total
- age   6:       5056 bytes,    6943640 total
- age   7:       3880 bytes,    6947520 total
- age   8:       6576 bytes,    6954096 total
: 97784K->9617K(109248K), 0.0318330 secs] 114280K->26120K(502464K), 0.0319003 secs] [Times: user=0.03 sys=0.00, real=0.03 secs] 
Heap after GC invocations=597 (full 1):
 par new generation   total 109248K, used 9617K [0x00000000e0000000, 0x00000000e8000000, 0x00000000e8000000)
  eden space 87424K,   0% used [0x00000000e0000000, 0x00000000e0000000, 0x00000000e5560000)
  from space 21824K,  44% used [0x00000000e6ab0000, 0x00000000e7414740, 0x00000000e8000000)
  to   space 21824K,   0% used [0x00000000e5560000, 0x00000000e5560000, 0x00000000e6ab0000)
 concurrent mark-sweep generation total 393216K, used 16502K [0x00000000e8000000, 0x0000000100000000, 0x0000000100000000)
 Metaspace       used 34704K, capacity 35268K, committed 35552K, reserved 1081344K
  class space    used 3628K, capacity 3814K, committed 3836K, reserved 1048576K
}
2017-03-31T05:02:00.993+0200: 581.719: Total time for which application threads were stopped: 0.0340652 seconds, Stopping threads took: 0.0020194 seconds
{Heap before GC invocations=597 (full 1):
 par new generation   total 109248K, used 97041K [0x00000000e0000000, 0x00000000e8000000, 0x00000000e8000000)
  eden space 87424K, 100% used [0x00000000e0000000, 0x00000000e5560000, 0x00000000e5560000)
  from space 21824K,  44% used [0x00000000e6ab0000, 0x00000000e7414740, 0x00000000e8000000)
  to   space 21824K,   0% used [0x00000000e5560000, 0x00000000e5560000, 0x00000000e6ab0000)
 concurrent mark-sweep generation total 393216K, used 16502K [0x00000000e8000000, 0x0000000100000000, 0x0000000100000000)
 Metaspace       used 34704K, capacity 35268K, committed 35552K, reserved 1081344K
  class space    used 3628K, capacity 3814K, committed 3836K, reserved 1048576K
2017-03-31T05:02:01.376+0200: 582.102: [GC (Allocation Failure) 2017-03-31T05:02:01.376+0200: 582.102: [ParNew
Desired survivor size 20112992 bytes, new threshold 8 (max 8)
- age   1:    3328520 bytes,    3328520 total
- age   2:    1952496 bytes,    5281016 total
- age   3:      19656 bytes,    5300672 total
- age   4:       3312 bytes,    5303984 total
- age   5:       6344 bytes,    5310328 total
- age   6:       7032 bytes,    5317360 total
- age   7:       5056 bytes,    5322416 total
- age   8:       3880 bytes,    5326296 total
: 97041K->7893K(109248K), 0.0213948 secs] 113544K->24402K(502464K), 0.0214592 secs] [Times: user=0.02 sys=0.00, real=0.03 secs] 
Heap after GC invocations=598 (full 1):
 par new generation   total 109248K, used 7893K [0x00000000e0000000, 0x00000000e8000000, 0x00000000e8000000)
  eden space 87424K,   0% used [0x00000000e0000000, 0x00000000e0000000, 0x00000000e5560000)
  from space 21824K,  36% used [0x00000000e5560000, 0x00000000e5d157f0, 0x00000000e6ab0000)
  to   space 21824K,   0% used [0x00000000e6ab0000, 0x00000000e6ab0000, 0x00000000e8000000)
 concurrent mark-sweep generation total 393216K, used 16508K [0x00000000e8000000, 0x0000000100000000, 0x0000000100000000)
 Metaspace       used 34704K, capacity 35268K, committed 35552K, reserved 1081344K
  class space    used 3628K, capacity 3814K, committed 3836K, reserved 1048576K
}
2017-03-31T05:02:01.397+0200: 582.123: Total time for which application threads were stopped: 0.0216182 seconds, Stopping threads took: 0.0000207 seconds
{Heap before GC invocations=598 (full 1):
 par new generation   total 109248K, used 95317K [0x00000000e0000000, 0x00000000e8000000, 0x00000000e8000000)
  eden space 87424K, 100% used [0x00000000e0000000, 0x00000000e5560000, 0x00000000e5560000)
  from space 21824K,  36% used [0x00000000e5560000, 0x00000000e5d157f0, 0x00000000e6ab0000)
  to   space 21824K,   0% used [0x00000000e6ab0000, 0x00000000e6ab0000, 0x00000000e8000000)
 concurrent mark-sweep generation total 393216K, used 16508K [0x00000000e8000000, 0x0000000100000000, 0x0000000100000000)
 Metaspace       used 34704K, capacity 35268K, committed 35552K, reserved 1081344K
  class space    used 3628K, capacity 3814K, committed 3836K, reserved 1048576K
2017-03-31T05:02:01.709+0200: 582.435: [GC (Allocation Failure) 2017-03-31T05:02:01.709+0200: 582.435: [ParNew
Desired survivor size 20112992 bytes, new threshold 8 (max 8)
- age   1:    3542536 bytes,    3542536 total
- age   2:    2807992 bytes,    6350528 total
- age   3:    1556328 bytes,    7906856 total
- age   4:      12088 bytes,    7918944 total
- age   5:       3312 bytes,    7922256 total
- age   6:       6280 bytes,    7928536 total
- age   7:       7032 bytes,    7935568 total
- age   8:       5056 bytes,    7940624 total
: 95317K->9638K(109248K), 0.0290481 secs] 111826K->26151K(502464K), 0.0291232 secs] [Times: user=0.03 sys=0.01, real=0.03 secs] 
Heap after GC invocations=599 (full 1):
 par new generation   total 109248K, used 9638K [0x00000000e0000000, 0x00000000e8000000, 0x00000000e8000000)
  eden space 87424K,   0% used [0x00000000e0000000, 0x00000000e0000000, 0x00000000e5560000)
  from space 21824K,  44% used [0x00000000e6ab0000, 0x00000000e7419958, 0x00000000e8000000)
  to   space 21824K,   0% used [0x00000000e5560000, 0x00000000e5560000, 0x00000000e6ab0000)
 concurrent mark-sweep generation total 393216K, used 16512K [0x00000000e8000000, 0x0000000100000000, 0x0000000100000000)
 Metaspace       used 34704K, capacity 35268K, committed 35552K, reserved 1081344K
  class space    used 3628K, capacity 3814K, committed 3836K, reserved 1048576K
}
2017-03-31T05:02:01.738+0200: 582.465: Total time for which application threads were stopped: 0.0292712 seconds, Stopping threads took: 0.0000295 seconds
{Heap before GC invocations=599 (full 1):
 par new generation   total 109248K, used 97062K [0x00000000e0000000, 0x00000000e8000000, 0x00000000e8000000)
  eden space 87424K, 100% used [0x00000000e0000000, 0x00000000e5560000, 0x00000000e5560000)
  from space 21824K,  44% used [0x00000000e6ab0000, 0x00000000e7419958, 0x00000000e8000000)
  to   space 21824K,   0% used [0x00000000e5560000, 0x00000000e5560000, 0x00000000e6ab0000)
 concurrent mark-sweep generation total 393216K, used 16512K [0x00000000e8000000, 0x0000000100000000, 0x0000000100000000)
 Metaspace       used 34704K, capacity 35268K, committed 35552K, reserved 1081344K
  class space    used 3628K, capacity 3814K, committed 3836K, reserved 1048576K
2017-03-31T05:02:02.126+0200: 582.852: [GC (Allocation Failure) 2017-03-31T05:02:02.126+0200: 582.852: [ParNew
Desired survivor size 20112992 bytes, new threshold 8 (max 8)
- age   1:    4576368 bytes,    4576368 total
- age   2:    2756488 bytes,    7332856 total
- age   3:       4120 bytes,    7336976 total
- age   4:      12544 bytes,    7349520 total
- age   5:      11704 bytes,    7361224 total
- age   6:       3312 bytes,    7364536 total
- age   7:       6280 bytes,    7370816 total
- age   8:       7032 bytes,    7377848 total
: 97062K->10626K(109248K), 0.0187525 secs] 113575K->27144K(502464K), 0.0188344 secs] [Times: user=0.02 sys=0.00, real=0.02 secs] 
Heap after GC invocations=600 (full 1):
 par new generation   total 109248K, used 10626K [0x00000000e0000000, 0x00000000e8000000, 0x00000000e8000000)
  eden space 87424K,   0% used [0x00000000e0000000, 0x00000000e0000000, 0x00000000e5560000)
  from space 21824K,  48% used [0x00000000e5560000, 0x00000000e5fc0988, 0x00000000e6ab0000)
  to   space 21824K,   0% used [0x00000000e6ab0000, 0x00000000e6ab0000, 0x00000000e8000000)
 concurrent mark-sweep generation total 393216K, used 16517K [0x00000000e8000000, 0x0000000100000000, 0x0000000100000000)
 Metaspace       used 34704K, capacity 35268K, committed 35552K, reserved 1081344K
  class space    used 3628K, capacity 3814K, committed 3836K, reserved 1048576K
}
2017-03-31T05:02:02.144+0200: 582.871: Total time for which application threads were stopped: 0.0190502 seconds, Stopping threads took: 0.0000392 seconds
{Heap before GC invocations=600 (full 1):
 par new generation   total 109248K, used 98050K [0x00000000e0000000, 0x00000000e8000000, 0x00000000e8000000)
  eden space 87424K, 100% used [0x00000000e0000000, 0x00000000e5560000, 0x00000000e5560000)
  from space 21824K,  48% used [0x00000000e5560000, 0x00000000e5fc0988, 0x00000000e6ab0000)
  to   space 21824K,   0% used [0x00000000e6ab0000, 0x00000000e6ab0000, 0x00000000e8000000)
 concurrent mark-sweep generation total 393216K, used 16517K [0x00000000e8000000, 0x0000000100000000, 0x0000000100000000)
 Metaspace       used 34704K, capacity 35268K, committed 35552K, reserved 1081344K
  class space    used 3628K, capacity 3814K, committed 3836K, reserved 1048576K
2017-03-31T05:02:02.546+0200: 583.273: [GC (Allocation Failure) 2017-03-31T05:02:02.546+0200: 583.273: [ParNew
Desired survivor size 20112992 bytes, new threshold 8 (max 8)
- age   1:    4205160 bytes,    4205160 total
- age   2:    2069680 bytes,    6274840 total
- age   3:       4608 bytes,    6279448 total
- age   4:       4120 bytes,    6283568 total
- age   5:      11568 bytes,    6295136 total
- age   6:       6256 bytes,    6301392 total
- age   7:       3312 bytes,    6304704 total
- age   8:       6280 bytes,    6310984 total
: 98050K->8439K(109248K), 0.0264583 secs] 114568K->24964K(502464K), 0.0265332 secs] [Times: user=0.02 sys=0.00, real=0.03 secs] 
Heap after GC invocations=601 (full 1):
 par new generation   total 109248K, used 8439K [0x00000000e0000000, 0x00000000e8000000, 0x00000000e8000000)
  eden space 87424K,   0% used [0x00000000e0000000, 0x00000000e0000000, 0x00000000e5560000)
  from space 21824K,  38% used [0x00000000e6ab0000, 0x00000000e72edf40, 0x00000000e8000000)
  to   space 21824K,   0% used [0x00000000e5560000, 0x00000000e5560000, 0x00000000e6ab0000)
 concurrent mark-sweep generation total 393216K, used 16524K [0x00000000e8000000, 0x0000000100000000, 0x0000000100000000)
 Metaspace       used 34704K, capacity 35268K, committed 35552K, reserved 1081344K
  class space    used 3628K, capacity 3814K, committed 3836K, reserved 1048576K
}
2017-03-31T05:02:02.573+0200: 583.299: Total time for which application threads were stopped: 0.0266913 seconds, Stopping threads took: 0.0000332 seconds
{Heap before GC invocations=601 (full 1):
 par new generation   total 109248K, used 95850K [0x00000000e0000000, 0x00000000e8000000, 0x00000000e8000000)
  eden space 87424K,  99% used [0x00000000e0000000, 0x00000000e555c908, 0x00000000e5560000)
  from space 21824K,  38% used [0x00000000e6ab0000, 0x00000000e72edf40, 0x00000000e8000000)
  to   space 21824K,   0% used [0x00000000e5560000, 0x00000000e5560000, 0x00000000e6ab0000)
 concurrent mark-sweep generation total 393216K, used 16524K [0x00000000e8000000, 0x0000000100000000, 0x0000000100000000)
 Metaspace       used 34704K, capacity 35268K, committed 35552K, reserved 1081344K
  class space    used 3628K, capacity 3814K, committed 3836K, reserved 1048576K
2017-03-31T05:02:02.819+0200: 583.546: [GC (Allocation Failure) 2017-03-31T05:02:02.819+0200: 583.546: [ParNew
Desired survivor size 20112992 bytes, new threshold 8 (max 8)
- age   1:    3335272 bytes,    3335272 total
- age   2:    3833328 bytes,    7168600 total
- age   3:    1838488 bytes,    9007088 total
- age   4:       4608 bytes,    9011696 total
- age   5:       4120 bytes,    9015816 total
- age   6:      11568 bytes,    9027384 total
- age   7:       6256 bytes,    9033640 total
- age   8:       3312 bytes,    9036952 total
: 95850K->10939K(109248K), 0.0204593 secs] 112374K->27470K(502464K), 0.0205231 secs] [Times: user=0.02 sys=0.00, real=0.02 secs] 
Heap after GC invocations=602 (full 1):
 par new generation   total 109248K, used 10939K [0x00000000e0000000, 0x00000000e8000000, 0x00000000e8000000)
  eden space 87424K,   0% used [0x00000000e0000000, 0x00000000e0000000, 0x00000000e5560000)
  from space 21824K,  50% used [0x00000000e5560000, 0x00000000e600efa0, 0x00000000e6ab0000)
  to   space 21824K,   0% used [0x00000000e6ab0000, 0x00000000e6ab0000, 0x00000000e8000000)
 concurrent mark-sweep generation total 393216K, used 16530K [0x00000000e8000000, 0x0000000100000000, 0x0000000100000000)
 Metaspace       used 34704K, capacity 35268K, committed 35552K, reserved 1081344K
  class space    used 3628K, capacity 3814K, committed 3836K, reserved 1048576K
}
2017-03-31T05:02:02.840+0200: 583.566: Total time for which application threads were stopped: 0.0206972 seconds, Stopping threads took: 0.0000291 seconds
{Heap before GC invocations=602 (full 1):
 par new generation   total 109248K, used 98363K [0x00000000e0000000, 0x00000000e8000000, 0x00000000e8000000)
  eden space 87424K, 100% used [0x00000000e0000000, 0x00000000e5560000, 0x00000000e5560000)
  from space 21824K,  50% used [0x00000000e5560000, 0x00000000e600efa0, 0x00000000e6ab0000)
  to   space 21824K,   0% used [0x00000000e6ab0000, 0x00000000e6ab0000, 0x00000000e8000000)
 concurrent mark-sweep generation total 393216K, used 16530K [0x00000000e8000000, 0x0000000100000000, 0x0000000100000000)
 Metaspace       used 34704K, capacity 35268K, committed 35552K, reserved 1081344K
  class space    used 3628K, capacity 3814K, committed 3836K, reserved 1048576K
2017-03-31T05:02:03.234+0200: 583.960: [GC (Allocation Failure) 2017-03-31T05:02:03.234+0200: 583.960: [ParNew
Desired survivor size 20112992 bytes, new threshold 8 (max 8)
- age   1:    3778136 bytes,    3778136 total
- age   2:    2872920 bytes,    6651056 total
- age   3:    1041544 bytes,    7692600 total
- age   4:       7360 bytes,    7699960 total
- age   5:       4480 bytes,    7704440 total
- age   6:       3864 bytes,    7708304 total
- age   7:      11568 bytes,    7719872 total
- age   8:       6256 bytes,    7726128 total
: 98363K->13055K(109248K), 0.0232546 secs] 114894K->29589K(502464K), 0.0233265 secs] [Times: user=0.02 sys=0.00, real=0.02 secs] 
Heap after GC invocations=603 (full 1):
 par new generation   total 109248K, used 13055K [0x00000000e0000000, 0x00000000e8000000, 0x00000000e8000000)
  eden space 87424K,   0% used [0x00000000e0000000, 0x00000000e0000000, 0x00000000e5560000)
  from space 21824K,  59% used [0x00000000e6ab0000, 0x00000000e776fed8, 0x00000000e8000000)
  to   space 21824K,   0% used [0x00000000e5560000, 0x00000000e5560000, 0x00000000e6ab0000)
 concurrent mark-sweep generation total 393216K, used 16534K [0x00000000e8000000, 0x0000000100000000, 0x0000000100000000)
 Metaspace       used 34704K, capacity 35268K, committed 35552K, reserved 1081344K
  class space    used 3628K, capacity 3814K, committed 3836K, reserved 1048576K
}
2017-03-31T05:02:03.257+0200: 583.983: Total time for which application threads were stopped: 0.0234887 seconds, Stopping threads took: 0.0000308 seconds
{Heap before GC invocations=603 (full 1):
 par new generation   total 109248K, used 100479K [0x00000000e0000000, 0x00000000e8000000, 0x00000000e8000000)
  eden space 87424K, 100% used [0x00000000e0000000, 0x00000000e5560000, 0x00000000e5560000)
  from space 21824K,  59% used [0x00000000e6ab0000, 0x00000000e776fed8, 0x00000000e8000000)
  to   space 21824K,   0% used [0x00000000e5560000, 0x00000000e5560000, 0x00000000e6ab0000)
 concurrent mark-sweep generation total 393216K, used 16534K [0x00000000e8000000, 0x0000000100000000, 0x0000000100000000)
 Metaspace       used 34704K, capacity 35268K, committed 35552K, reserved 1081344K
  class space    used 3628K, capacity 3814K, committed 3836K, reserved 1048576K
2017-03-31T05:02:03.754+0200: 584.481: [GC (Allocation Failure) 2017-03-31T05:02:03.754+0200: 584.481: [ParNew
Desired survivor size 20112992 bytes, new threshold 8 (max 8)
- age   1:    4571192 bytes,    4571192 total
- age   2:    2523264 bytes,    7094456 total
- age   3:       3672 bytes,    7098128 total
- age   4:      12464 bytes,    7110592 total
- age   5:       7144 bytes,    7117736 total
- age   6:       4480 bytes,    7122216 total
- age   7:       3864 bytes,    7126080 total
- age   8:       6120 bytes,    7132200 total
: 100479K->9378K(109248K), 0.0161545 secs] 117013K->25918K(502464K), 0.0162130 secs] [Times: user=0.01 sys=0.00, real=0.02 secs] 
Heap after GC invocations=604 (full 1):
 par new generation   total 109248K, used 9378K [0x00000000e0000000, 0x00000000e8000000, 0x00000000e8000000)
  eden space 87424K,   0% used [0x00000000e0000000, 0x00000000e0000000, 0x00000000e5560000)
  from space 21824K,  42% used [0x00000000e5560000, 0x00000000e5e889c0, 0x00000000e6ab0000)
  to   space 21824K,   0% used [0x00000000e6ab0000, 0x00000000e6ab0000, 0x00000000e8000000)
 concurrent mark-sweep generation total 393216K, used 16540K [0x00000000e8000000, 0x0000000100000000, 0x0000000100000000)
 Metaspace       used 34704K, capacity 35268K, committed 35552K, reserved 1081344K
  class space    used 3628K, capacity 3814K, committed 3836K, reserved 1048576K
}
2017-03-31T05:02:03.771+0200: 584.497: Total time for which application threads were stopped: 0.0195442 seconds, Stopping threads took: 0.0031892 seconds
{Heap before GC invocations=604 (full 1):
 par new generation   total 109248K, used 96802K [0x00000000e0000000, 0x00000000e8000000, 0x00000000e8000000)
  eden space 87424K, 100% used [0x00000000e0000000, 0x00000000e5560000, 0x00000000e5560000)
  from space 21824K,  42% used [0x00000000e5560000, 0x00000000e5e889c0, 0x00000000e6ab0000)
  to   space 21824K,   0% used [0x00000000e6ab0000, 0x00000000e6ab0000, 0x00000000e8000000)
 concurrent mark-sweep generation total 393216K, used 16540K [0x00000000e8000000, 0x0000000100000000, 0x0000000100000000)
 Metaspace       used 34704K, capacity 35268K, committed 35552K, reserved 1081344K
  class space    used 3628K, capacity 3814K, committed 3836K, reserved 1048576K
2017-03-31T05:02:04.185+0200: 584.912: [GC (Allocation Failure) 2017-03-31T05:02:04.185+0200: 584.912: [ParNew
Desired survivor size 20112992 bytes, new threshold 8 (max 8)
- age   1:    3120328 bytes,    3120328 total
- age   2:    2055448 bytes,    5175776 total
- age   3:      11360 bytes,    5187136 total
- age   4:       3672 bytes,    5190808 total
- age   5:       6864 bytes,    5197672 total
- age   6:       7144 bytes,    5204816 total
- age   7:       4480 bytes,    5209296 total
- age   8:       3864 bytes,    5213160 total
: 96802K->7986K(109248K), 0.0201269 secs] 113342K->24533K(502464K), 0.0201830 secs] [Times: user=0.02 sys=0.00, real=0.02 secs] 
Heap after GC invocations=605 (full 1):
 par new generation   total 109248K, used 7986K [0x00000000e0000000, 0x00000000e8000000, 0x00000000e8000000)
  eden space 87424K,   0% used [0x00000000e0000000, 0x00000000e0000000, 0x00000000e5560000)
  from space 21824K,  36% used [0x00000000e6ab0000, 0x00000000e727cb78, 0x00000000e8000000)
  to   space 21824K,   0% used [0x00000000e5560000, 0x00000000e5560000, 0x00000000e6ab0000)
 concurrent mark-sweep generation total 393216K, used 16546K [0x00000000e8000000, 0x0000000100000000, 0x0000000100000000)
 Metaspace       used 34704K, capacity 35268K, committed 35552K, reserved 1081344K
  class space    used 3628K, capacity 3814K, committed 3836K, reserved 1048576K
}
2017-03-31T05:02:04.206+0200: 584.932: Total time for which application threads were stopped: 0.0223270 seconds, Stopping threads took: 0.0020132 seconds
{Heap before GC invocations=605 (full 1):
 par new generation   total 109248K, used 95410K [0x00000000e0000000, 0x00000000e8000000, 0x00000000e8000000)
  eden space 87424K, 100% used [0x00000000e0000000, 0x00000000e5560000, 0x00000000e5560000)
  from space 21824K,  36% used [0x00000000e6ab0000, 0x00000000e727cb78, 0x00000000e8000000)
  to   space 21824K,   0% used [0x00000000e5560000, 0x00000000e5560000, 0x00000000e6ab0000)
 concurrent mark-sweep generation total 393216K, used 16546K [0x00000000e8000000, 0x0000000100000000, 0x0000000100000000)
 Metaspace       used 34704K, capacity 35268K, committed 35552K, reserved 1081344K
  class space    used 3628K, capacity 3814K, committed 3836K, reserved 1048576K
2017-03-31T05:02:04.575+0200: 585.301: [GC (Allocation Failure) 2017-03-31T05:02:04.575+0200: 585.301: [ParNew
Desired survivor size 20112992 bytes, new threshold 8 (max 8)
- age   1:    3650664 bytes,    3650664 total
- age   2:    2847168 bytes,    6497832 total
- age   3:    1607976 bytes,    8105808 total
- age   4:      11360 bytes,    8117168 total
- age   5:       3672 bytes,    8120840 total
- age   6:       6800 bytes,    8127640 total
- age   7:       7144 bytes,    8134784 total
- age   8:       4480 bytes,    8139264 total
: 95410K->9240K(109248K), 0.0237149 secs] 111957K->25790K(502464K), 0.0237818 secs] [Times: user=0.02 sys=0.00, real=0.03 secs] 
Heap after GC invocations=606 (full 1):
 par new generation   total 109248K, used 9240K [0x00000000e0000000, 0x00000000e8000000, 0x00000000e8000000)
  eden space 87424K,   0% used [0x00000000e0000000, 0x00000000e0000000, 0x00000000e5560000)
  from space 21824K,  42% used [0x00000000e5560000, 0x00000000e5e662c8, 0x00000000e6ab0000)
  to   space 21824K,   0% used [0x00000000e6ab0000, 0x00000000e6ab0000, 0x00000000e8000000)
 concurrent mark-sweep generation total 393216K, used 16550K [0x00000000e8000000, 0x0000000100000000, 0x0000000100000000)
 Metaspace       used 34704K, capacity 35268K, committed 35552K, reserved 1081344K
  class space    used 3628K, capacity 3814K, committed 3836K, reserved 1048576K
}
2017-03-31T05:02:04.599+0200: 585.325: Total time for which application threads were stopped: 0.0239378 seconds, Stopping threads took: 0.0000296 seconds
{Heap before GC invocations=606 (full 1):
 par new generation   total 109248K, used 96664K [0x00000000e0000000, 0x00000000e8000000, 0x00000000e8000000)
  eden space 87424K, 100% used [0x00000000e0000000, 0x00000000e5560000, 0x00000000e5560000)
  from space 21824K,  42% used [0x00000000e5560000, 0x00000000e5e662c8, 0x00000000e6ab0000)
  to   space 21824K,   0% used [0x00000000e6ab0000, 0x00000000e6ab0000, 0x00000000e8000000)
 concurrent mark-sweep generation total 393216K, used 16550K [0x00000000e8000000, 0x0000000100000000, 0x0000000100000000)
 Metaspace       used 34704K, capacity 35268K, committed 35552K, reserved 1081344K
  class space    used 3628K, capacity 3814K, committed 3836K, reserved 1048576K
2017-03-31T05:02:05.005+0200: 585.732: [GC (Allocation Failure) 2017-03-31T05:02:05.005+0200: 585.732: [ParNew
Desired survivor size 20112992 bytes, new threshold 8 (max 8)
- age   1:    4487000 bytes,    4487000 total
- age   2:    2928840 bytes,    7415840 total
- age   3:       4520 bytes,    7420360 total
- age   4:      12872 bytes,    7433232 total
- age   5:      10976 bytes,    7444208 total
- age   6:       3672 bytes,    7447880 total
- age   7:       6800 bytes,    7454680 total
- age   8:       7144 bytes,    7461824 total
: 96664K->11202K(109248K), 0.0251392 secs] 113214K->27757K(502464K), 0.0251952 secs] [Times: user=0.02 sys=0.00, real=0.03 secs] 
Heap after GC invocations=607 (full 1):
 par new generation   total 109248K, used 11202K [0x00000000e0000000, 0x00000000e8000000, 0x00000000e8000000)
  eden space 87424K,   0% used [0x00000000e0000000, 0x00000000e0000000, 0x00000000e5560000)
  from space 21824K,  51% used [0x00000000e6ab0000, 0x00000000e75a0a10, 0x00000000e8000000)
  to   space 21824K,   0% used [0x00000000e5560000, 0x00000000e5560000, 0x00000000e6ab0000)
 concurrent mark-sweep generation total 393216K, used 16554K [0x00000000e8000000, 0x0000000100000000, 0x0000000100000000)
 Metaspace       used 34704K, capacity 35268K, committed 35552K, reserved 1081344K
  class space    used 3628K, capacity 3814K, committed 3836K, reserved 1048576K
}
2017-03-31T05:02:05.030+0200: 585.757: Total time for which application threads were stopped: 0.0273799 seconds, Stopping threads took: 0.0020186 seconds
{Heap before GC invocations=607 (full 1):
 par new generation   total 109248K, used 98626K [0x00000000e0000000, 0x00000000e8000000, 0x00000000e8000000)
  eden space 87424K, 100% used [0x00000000e0000000, 0x00000000e5560000, 0x00000000e5560000)
  from space 21824K,  51% used [0x00000000e6ab0000, 0x00000000e75a0a10, 0x00000000e8000000)
  to   space 21824K,   0% used [0x00000000e5560000, 0x00000000e5560000, 0x00000000e6ab0000)
 concurrent mark-sweep generation total 393216K, used 16554K [0x00000000e8000000, 0x0000000100000000, 0x0000000100000000)
 Metaspace       used 34704K, capacity 35268K, committed 35552K, reserved 1081344K
  class space    used 3628K, capacity 3814K, committed 3836K, reserved 1048576K
2017-03-31T05:02:05.407+0200: 586.133: [GC (Allocation Failure) 2017-03-31T05:02:05.407+0200: 586.133: [ParNew
Desired survivor size 20112992 bytes, new threshold 8 (max 8)
- age   1:    4498096 bytes,    4498096 total
- age   2:    2299864 bytes,    6797960 total
- age   3:       4368 bytes,    6802328 total
- age   4:       4520 bytes,    6806848 total
- age   5:      11880 bytes,    6818728 total
- age   6:      10976 bytes,    6829704 total
- age   7:       3672 bytes,    6833376 total
- age   8:       6800 bytes,    6840176 total
: 98626K->9410K(109248K), 0.0336769 secs] 115181K->25972K(502464K), 0.0337558 secs] [Times: user=0.02 sys=0.00, real=0.04 secs] 
Heap after GC invocations=608 (full 1):
 par new generation   total 109248K, used 9410K [0x00000000e0000000, 0x00000000e8000000, 0x00000000e8000000)
  eden space 87424K,   0% used [0x00000000e0000000, 0x00000000e0000000, 0x00000000e5560000)
  from space 21824K,  43% used [0x00000000e5560000, 0x00000000e5e90b08, 0x00000000e6ab0000)
  to   space 21824K,   0% used [0x00000000e6ab0000, 0x00000000e6ab0000, 0x00000000e8000000)
 concurrent mark-sweep generation total 393216K, used 16561K [0x00000000e8000000, 0x0000000100000000, 0x0000000100000000)
 Metaspace       used 34704K, capacity 35268K, committed 35552K, reserved 1081344K
  class space    used 3628K, capacity 3814K, committed 3836K, reserved 1048576K
}
2017-03-31T05:02:05.440+0200: 586.167: Total time for which application threads were stopped: 0.0339282 seconds, Stopping threads took: 0.0000341 seconds
{Heap before GC invocations=608 (full 1):
 par new generation   total 109248K, used 96834K [0x00000000e0000000, 0x00000000e8000000, 0x00000000e8000000)
  eden space 87424K, 100% used [0x00000000e0000000, 0x00000000e5560000, 0x00000000e5560000)
  from space 21824K,  43% used [0x00000000e5560000, 0x00000000e5e90b08, 0x00000000e6ab0000)
  to   space 21824K,   0% used [0x00000000e6ab0000, 0x00000000e6ab0000, 0x00000000e8000000)
 concurrent mark-sweep generation total 393216K, used 16561K [0x00000000e8000000, 0x0000000100000000, 0x0000000100000000)
 Metaspace       used 34704K, capacity 35268K, committed 35552K, reserved 1081344K
  class space    used 3628K, capacity 3814K, committed 3836K, reserved 1048576K
2017-03-31T05:02:05.757+0200: 586.483: [GC (Allocation Failure) 2017-03-31T05:02:05.757+0200: 586.483: [ParNew
Desired survivor size 20112992 bytes, new threshold 8 (max 8)
- age   1:    3142720 bytes,    3142720 total
- age   2:    1858424 bytes,    5001144 total
- age   3:      16072 bytes,    5017216 total
- age   4:       4368 bytes,    5021584 total
- age   5:       4520 bytes,    5026104 total
- age   6:       6432 bytes,    5032536 total
- age   7:      10976 bytes,    5043512 total
- age   8:       3672 bytes,    5047184 total
: 96834K->7561K(109248K), 0.0181679 secs] 113396K->24129K(502464K), 0.0182230 secs] [Times: user=0.02 sys=0.00, real=0.01 secs] 
Heap after GC invocations=609 (full 1):
 par new generation   total 109248K, used 7561K [0x00000000e0000000, 0x00000000e8000000, 0x00000000e8000000)
  eden space 87424K,   0% used [0x00000000e0000000, 0x00000000e0000000, 0x00000000e5560000)
  from space 21824K,  34% used [0x00000000e6ab0000, 0x00000000e7212438, 0x00000000e8000000)
  to   space 21824K,   0% used [0x00000000e5560000, 0x00000000e5560000, 0x00000000e6ab0000)
 concurrent mark-sweep generation total 393216K, used 16568K [0x00000000e8000000, 0x0000000100000000, 0x0000000100000000)
 Metaspace       used 34704K, capacity 35268K, committed 35552K, reserved 1081344K
  class space    used 3628K, capacity 3814K, committed 3836K, reserved 1048576K
}
2017-03-31T05:02:05.775+0200: 586.501: Total time for which application threads were stopped: 0.0183840 seconds, Stopping threads took: 0.0000241 seconds
{Heap before GC invocations=609 (full 1):
 par new generation   total 109248K, used 94981K [0x00000000e0000000, 0x00000000e8000000, 0x00000000e8000000)
  eden space 87424K,  99% used [0x00000000e0000000, 0x00000000e555f0c8, 0x00000000e5560000)
  from space 21824K,  34% used [0x00000000e6ab0000, 0x00000000e7212438, 0x00000000e8000000)
  to   space 21824K,   0% used [0x00000000e5560000, 0x00000000e5560000, 0x00000000e6ab0000)
 concurrent mark-sweep generation total 393216K, used 16568K [0x00000000e8000000, 0x0000000100000000, 0x0000000100000000)
 Metaspace       used 34704K, capacity 35268K, committed 35552K, reserved 1081344K
  class space    used 3628K, capacity 3814K, committed 3836K, reserved 1048576K
2017-03-31T05:02:06.097+0200: 586.823: [GC (Allocation Failure) 2017-03-31T05:02:06.097+0200: 586.823: [ParNew
Desired survivor size 20112992 bytes, new threshold 8 (max 8)
- age   1:    3555296 bytes,    3555296 total
- age   2:    2897648 bytes,    6452944 total
- age   3:    1467968 bytes,    7920912 total
- age   4:       6984 bytes,    7927896 total
- age   5:       4368 bytes,    7932264 total
- age   6:       4520 bytes,    7936784 total
- age   7:       6432 bytes,    7943216 total
- age   8:      10976 bytes,    7954192 total
: 94981K->9063K(109248K), 0.0215361 secs] 111549K->25635K(502464K), 0.0216149 secs] [Times: user=0.03 sys=0.00, real=0.02 secs] 
Heap after GC invocations=610 (full 1):
 par new generation   total 109248K, used 9063K [0x00000000e0000000, 0x00000000e8000000, 0x00000000e8000000)
  eden space 87424K,   0% used [0x00000000e0000000, 0x00000000e0000000, 0x00000000e5560000)
  from space 21824K,  41% used [0x00000000e5560000, 0x00000000e5e39e18, 0x00000000e6ab0000)
  to   space 21824K,   0% used [0x00000000e6ab0000, 0x00000000e6ab0000, 0x00000000e8000000)
 concurrent mark-sweep generation total 393216K, used 16571K [0x00000000e8000000, 0x0000000100000000, 0x0000000100000000)
 Metaspace       used 34704K, capacity 35268K, committed 35552K, reserved 1081344K
  class space    used 3628K, capacity 3814K, committed 3836K, reserved 1048576K
}
2017-03-31T05:02:06.118+0200: 586.845: Total time for which application threads were stopped: 0.0218011 seconds, Stopping threads took: 0.0000323 seconds
{Heap before GC invocations=610 (full 1):
 par new generation   total 109248K, used 96487K [0x00000000e0000000, 0x00000000e8000000, 0x00000000e8000000)
  eden space 87424K, 100% used [0x00000000e0000000, 0x00000000e5560000, 0x00000000e5560000)
  from space 21824K,  41% used [0x00000000e5560000, 0x00000000e5e39e18, 0x00000000e6ab0000)
  to   space 21824K,   0% used [0x00000000e6ab0000, 0x00000000e6ab0000, 0x00000000e8000000)
 concurrent mark-sweep generation total 393216K, used 16571K [0x00000000e8000000, 0x0000000100000000, 0x0000000100000000)
 Metaspace       used 34704K, capacity 35268K, committed 35552K, reserved 1081344K
  class space    used 3628K, capacity 3814K, committed 3836K, reserved 1048576K
2017-03-31T05:02:06.561+0200: 587.288: [GC (Allocation Failure) 2017-03-31T05:02:06.561+0200: 587.288: [ParNew
Desired survivor size 20112992 bytes, new threshold 8 (max 8)
- age   1:    4647672 bytes,    4647672 total
- age   2:    2551256 bytes,    7198928 total
- age   3:       3808 bytes,    7202736 total
- age   4:      12168 bytes,    7214904 total
- age   5:       6792 bytes,    7221696 total
- age   6:       4344 bytes,    7226040 total
- age   7:       4520 bytes,    7230560 total
- age   8:       6432 bytes,    7236992 total
: 96487K->12303K(109248K), 0.0377747 secs] 113059K->28886K(502464K), 0.0378412 secs] [Times: user=0.03 sys=0.00, real=0.04 secs] 
Heap after GC invocations=611 (full 1):
 par new generation   total 109248K, used 12303K [0x00000000e0000000, 0x00000000e8000000, 0x00000000e8000000)
  eden space 87424K,   0% used [0x00000000e0000000, 0x00000000e0000000, 0x00000000e5560000)
  from space 21824K,  56% used [0x00000000e6ab0000, 0x00000000e76b3f00, 0x00000000e8000000)
  to   space 21824K,   0% used [0x00000000e5560000, 0x00000000e5560000, 0x00000000e6ab0000)
 concurrent mark-sweep generation total 393216K, used 16583K [0x00000000e8000000, 0x0000000100000000, 0x0000000100000000)
 Metaspace       used 34704K, capacity 35268K, committed 35552K, reserved 1081344K
  class space    used 3628K, capacity 3814K, committed 3836K, reserved 1048576K
}
2017-03-31T05:02:06.599+0200: 587.325: Total time for which application threads were stopped: 0.0379956 seconds, Stopping threads took: 0.0000301 seconds
{Heap before GC invocations=611 (full 1):
 par new generation   total 109248K, used 99727K [0x00000000e0000000, 0x00000000e8000000, 0x00000000e8000000)
  eden space 87424K, 100% used [0x00000000e0000000, 0x00000000e5560000, 0x00000000e5560000)
  from space 21824K,  56% used [0x00000000e6ab0000, 0x00000000e76b3f00, 0x00000000e8000000)
  to   space 21824K,   0% used [0x00000000e5560000, 0x00000000e5560000, 0x00000000e6ab0000)
 concurrent mark-sweep generation total 393216K, used 16583K [0x00000000e8000000, 0x0000000100000000, 0x0000000100000000)
 Metaspace       used 34704K, capacity 35268K, committed 35552K, reserved 1081344K
  class space    used 3628K, capacity 3814K, committed 3836K, reserved 1048576K
2017-03-31T05:02:06.940+0200: 587.666: [GC (Allocation Failure) 2017-03-31T05:02:06.940+0200: 587.666: [ParNew
Desired survivor size 20112992 bytes, new threshold 8 (max 8)
- age   1:    4004272 bytes,    4004272 total
- age   2:    2140208 bytes,    6144480 total
- age   3:       4784 bytes,    6149264 total
- age   4:       3616 bytes,    6152880 total
- age   5:      11768 bytes,    6164648 total
- age   6:       6152 bytes,    6170800 total
- age   7:       4344 bytes,    6175144 total
- age   8:       4520 bytes,    6179664 total
: 99727K->7435K(109248K), 0.0209962 secs] 116310K->24025K(502464K), 0.0210608 secs] [Times: user=0.02 sys=0.00, real=0.02 secs] 
Heap after GC invocations=612 (full 1):
 par new generation   total 109248K, used 7435K [0x00000000e0000000, 0x00000000e8000000, 0x00000000e8000000)
  eden space 87424K,   0% used [0x00000000e0000000, 0x00000000e0000000, 0x00000000e5560000)
  from space 21824K,  34% used [0x00000000e5560000, 0x00000000e5ca2f50, 0x00000000e6ab0000)
  to   space 21824K,   0% used [0x00000000e6ab0000, 0x00000000e6ab0000, 0x00000000e8000000)
 concurrent mark-sweep generation total 393216K, used 16589K [0x00000000e8000000, 0x0000000100000000, 0x0000000100000000)
 Metaspace       used 34704K, capacity 35268K, committed 35552K, reserved 1081344K
  class space    used 3628K, capacity 3814K, committed 3836K, reserved 1048576K
}
2017-03-31T05:02:06.961+0200: 587.688: Total time for which application threads were stopped: 0.0232301 seconds, Stopping threads took: 0.0020274 seconds
{Heap before GC invocations=612 (full 1):
 par new generation   total 109248K, used 94859K [0x00000000e0000000, 0x00000000e8000000, 0x00000000e8000000)
  eden space 87424K, 100% used [0x00000000e0000000, 0x00000000e5560000, 0x00000000e5560000)
  from space 21824K,  34% used [0x00000000e5560000, 0x00000000e5ca2f50, 0x00000000e6ab0000)
  to   space 21824K,   0% used [0x00000000e6ab0000, 0x00000000e6ab0000, 0x00000000e8000000)
 concurrent mark-sweep generation total 393216K, used 16589K [0x00000000e8000000, 0x0000000100000000, 0x0000000100000000)
 Metaspace       used 34704K, capacity 35268K, committed 35552K, reserved 1081344K
  class space    used 3628K, capacity 3814K, committed 3836K, reserved 1048576K
2017-03-31T05:02:07.331+0200: 588.057: [GC (Allocation Failure) 2017-03-31T05:02:07.331+0200: 588.057: [ParNew
Desired survivor size 20112992 bytes, new threshold 8 (max 8)
- age   1:    3483656 bytes,    3483656 total
- age   2:    3666640 bytes,    7150296 total
- age   3:    1835192 bytes,    8985488 total
- age   4:       4784 bytes,    8990272 total
- age   5:       3616 bytes,    8993888 total
- age   6:      11768 bytes,    9005656 total
- age   7:       6152 bytes,    9011808 total
- age   8:       4344 bytes,    9016152 total
: 94859K->10704K(109248K), 0.0201940 secs] 111449K->27298K(502464K), 0.0202489 secs] [Times: user=0.02 sys=0.00, real=0.02 secs] 
Heap after GC invocations=613 (full 1):
 par new generation   total 109248K, used 10704K [0x00000000e0000000, 0x00000000e8000000, 0x00000000e8000000)
  eden space 87424K,   0% used [0x00000000e0000000, 0x00000000e0000000, 0x00000000e5560000)
  from space 21824K,  49% used [0x00000000e6ab0000, 0x00000000e75242c0, 0x00000000e8000000)
  to   space 21824K,   0% used [0x00000000e5560000, 0x00000000e5560000, 0x00000000e6ab0000)
 concurrent mark-sweep generation total 393216K, used 16593K [0x00000000e8000000, 0x0000000100000000, 0x0000000100000000)
 Metaspace       used 34704K, capacity 35268K, committed 35552K, reserved 1081344K
  class space    used 3628K, capacity 3814K, committed 3836K, reserved 1048576K
}
2017-03-31T05:02:07.351+0200: 588.077: Total time for which application threads were stopped: 0.0204151 seconds, Stopping threads took: 0.0000269 seconds
{Heap before GC invocations=613 (full 1):
 par new generation   total 109248K, used 98128K [0x00000000e0000000, 0x00000000e8000000, 0x00000000e8000000)
  eden space 87424K, 100% used [0x00000000e0000000, 0x00000000e5560000, 0x00000000e5560000)
  from space 21824K,  49% used [0x00000000e6ab0000, 0x00000000e75242c0, 0x00000000e8000000)
  to   space 21824K,   0% used [0x00000000e5560000, 0x00000000e5560000, 0x00000000e6ab0000)
 concurrent mark-sweep generation total 393216K, used 16593K [0x00000000e8000000, 0x0000000100000000, 0x0000000100000000)
 Metaspace       used 34704K, capacity 35268K, committed 35552K, reserved 1081344K
  class space    used 3628K, capacity 3814K, committed 3836K, reserved 1048576K
2017-03-31T05:02:07.774+0200: 588.500: [GC (Allocation Failure) 2017-03-31T05:02:07.774+0200: 588.500: [ParNew
Desired survivor size 20112992 bytes, new threshold 8 (max 8)
- age   1:    4048000 bytes,    4048000 total
- age   2:    3042216 bytes,    7090216 total
- age   3:     773312 bytes,    7863528 total
- age   4:       8944 bytes,    7872472 total
- age   5:       4784 bytes,    7877256 total
- age   6:       3616 bytes,    7880872 total
- age   7:      11768 bytes,    7892640 total
- age   8:       6152 bytes,    7898792 total
: 98128K->13898K(109248K), 0.0185164 secs] 114722K->30496K(502464K), 0.0185894 secs] [Times: user=0.02 sys=0.00, real=0.02 secs] 
Heap after GC invocations=614 (full 1):
 par new generation   total 109248K, used 13898K [0x00000000e0000000, 0x00000000e8000000, 0x00000000e8000000)
  eden space 87424K,   0% used [0x00000000e0000000, 0x00000000e0000000, 0x00000000e5560000)
  from space 21824K,  63% used [0x00000000e5560000, 0x00000000e62f2808, 0x00000000e6ab0000)
  to   space 21824K,   0% used [0x00000000e6ab0000, 0x00000000e6ab0000, 0x00000000e8000000)
 concurrent mark-sweep generation total 393216K, used 16598K [0x00000000e8000000, 0x0000000100000000, 0x0000000100000000)
 Metaspace       used 34704K, capacity 35268K, committed 35552K, reserved 1081344K
  class space    used 3628K, capacity 3814K, committed 3836K, reserved 1048576K
}
2017-03-31T05:02:07.792+0200: 588.519: Total time for which application threads were stopped: 0.0247340 seconds, Stopping threads took: 0.0059958 seconds
{Heap before GC invocations=614 (full 1):
 par new generation   total 109248K, used 101322K [0x00000000e0000000, 0x00000000e8000000, 0x00000000e8000000)
  eden space 87424K, 100% used [0x00000000e0000000, 0x00000000e5560000, 0x00000000e5560000)
  from space 21824K,  63% used [0x00000000e5560000, 0x00000000e62f2808, 0x00000000e6ab0000)
  to   space 21824K,   0% used [0x00000000e6ab0000, 0x00000000e6ab0000, 0x00000000e8000000)
 concurrent mark-sweep generation total 393216K, used 16598K [0x00000000e8000000, 0x0000000100000000, 0x0000000100000000)
 Metaspace       used 34704K, capacity 35268K, committed 35552K, reserved 1081344K
  class space    used 3628K, capacity 3814K, committed 3836K, reserved 1048576K
2017-03-31T05:02:08.196+0200: 588.923: [GC (Allocation Failure) 2017-03-31T05:02:08.196+0200: 588.923: [ParNew
Desired survivor size 20112992 bytes, new threshold 8 (max 8)
- age   1:    4498960 bytes,    4498960 total
- age   2:    2368232 bytes,    6867192 total
- age   3:       3752 bytes,    6870944 total
- age   4:       6624 bytes,    6877568 total
- age   5:       8560 bytes,    6886128 total
- age   6:       4784 bytes,    6890912 total
- age   7:       3424 bytes,    6894336 total
- age   8:      11768 bytes,    6906104 total
: 101322K->8579K(109248K), 0.0272815 secs] 117920K->25183K(502464K), 0.0273581 secs] [Times: user=0.02 sys=0.00, real=0.02 secs] 
Heap after GC invocations=615 (full 1):
 par new generation   total 109248K, used 8579K [0x00000000e0000000, 0x00000000e8000000, 0x00000000e8000000)
  eden space 87424K,   0% used [0x00000000e0000000, 0x00000000e0000000, 0x00000000e5560000)
  from space 21824K,  39% used [0x00000000e6ab0000, 0x00000000e7310d30, 0x00000000e8000000)
  to   space 21824K,   0% used [0x00000000e5560000, 0x00000000e5560000, 0x00000000e6ab0000)
 concurrent mark-sweep generation total 393216K, used 16604K [0x00000000e8000000, 0x0000000100000000, 0x0000000100000000)
 Metaspace       used 34704K, capacity 35268K, committed 35552K, reserved 1081344K
  class space    used 3628K, capacity 3814K, committed 3836K, reserved 1048576K
}
2017-03-31T05:02:08.224+0200: 588.950: Total time for which application threads were stopped: 0.0275505 seconds, Stopping threads took: 0.0000314 seconds
{Heap before GC invocations=615 (full 1):
 par new generation   total 109248K, used 96003K [0x00000000e0000000, 0x00000000e8000000, 0x00000000e8000000)
  eden space 87424K, 100% used [0x00000000e0000000, 0x00000000e5560000, 0x00000000e5560000)
  from space 21824K,  39% used [0x00000000e6ab0000, 0x00000000e7310d30, 0x00000000e8000000)
  to   space 21824K,   0% used [0x00000000e5560000, 0x00000000e5560000, 0x00000000e6ab0000)
 concurrent mark-sweep generation total 393216K, used 16604K [0x00000000e8000000, 0x0000000100000000, 0x0000000100000000)
 Metaspace       used 34704K, capacity 35268K, committed 35552K, reserved 1081344K
  class space    used 3628K, capacity 3814K, committed 3836K, reserved 1048576K
2017-03-31T05:02:08.526+0200: 589.252: [GC (Allocation Failure) 2017-03-31T05:02:08.526+0200: 589.252: [ParNew
Desired survivor size 20112992 bytes, new threshold 8 (max 8)
- age   1:    3045680 bytes,    3045680 total
- age   2:    1970456 bytes,    5016136 total
- age   3:      13600 bytes,    5029736 total
- age   4:       3752 bytes,    5033488 total
- age   5:       5792 bytes,    5039280 total
- age   6:       8536 bytes,    5047816 total
- age   7:       4784 bytes,    5052600 total
- age   8:       3424 bytes,    5056024 total
: 96003K->10353K(109248K), 0.0240545 secs] 112607K->26963K(502464K), 0.0241156 secs] [Times: user=0.03 sys=0.00, real=0.03 secs] 
Heap after GC invocations=616 (full 1):
 par new generation   total 109248K, used 10353K [0x00000000e0000000, 0x00000000e8000000, 0x00000000e8000000)
  eden space 87424K,   0% used [0x00000000e0000000, 0x00000000e0000000, 0x00000000e5560000)
  from space 21824K,  47% used [0x00000000e5560000, 0x00000000e5f7c4e0, 0x00000000e6ab0000)
  to   space 21824K,   0% used [0x00000000e6ab0000, 0x00000000e6ab0000, 0x00000000e8000000)
 concurrent mark-sweep generation total 393216K, used 16610K [0x00000000e8000000, 0x0000000100000000, 0x0000000100000000)
 Metaspace       used 34704K, capacity 35268K, committed 35552K, reserved 1081344K
  class space    used 3628K, capacity 3814K, committed 3836K, reserved 1048576K
}
2017-03-31T05:02:08.550+0200: 589.276: Total time for which application threads were stopped: 0.0242785 seconds, Stopping threads took: 0.0000277 seconds
{Heap before GC invocations=616 (full 1):
 par new generation   total 109248K, used 97777K [0x00000000e0000000, 0x00000000e8000000, 0x00000000e8000000)
  eden space 87424K, 100% used [0x00000000e0000000, 0x00000000e5560000, 0x00000000e5560000)
  from space 21824K,  47% used [0x00000000e5560000, 0x00000000e5f7c4e0, 0x00000000e6ab0000)
  to   space 21824K,   0% used [0x00000000e6ab0000, 0x00000000e6ab0000, 0x00000000e8000000)
 concurrent mark-sweep generation total 393216K, used 16610K [0x00000000e8000000, 0x0000000100000000, 0x0000000100000000)
 Metaspace       used 34704K, capacity 35268K, committed 35552K, reserved 1081344K
  class space    used 3628K, capacity 3814K, committed 3836K, reserved 1048576K
2017-03-31T05:02:08.862+0200: 589.588: [GC (Allocation Failure) 2017-03-31T05:02:08.862+0200: 589.588: [ParNew
Desired survivor size 20112992 bytes, new threshold 8 (max 8)
- age   1:    3626640 bytes,    3626640 total
- age   2:    2793536 bytes,    6420176 total
- age   3:    1579528 bytes,    7999704 total
- age   4:       5976 bytes,    8005680 total
- age   5:       3752 bytes,    8009432 total
- age   6:       5792 bytes,    8015224 total
- age   7:       8536 bytes,    8023760 total
- age   8:       4784 bytes,    8028544 total
: 97777K->8608K(109248K), 0.0259980 secs] 114387K->25222K(502464K), 0.0260729 secs] [Times: user=0.02 sys=0.00, real=0.02 secs] 
Heap after GC invocations=617 (full 1):
 par new generation   total 109248K, used 8608K [0x00000000e0000000, 0x00000000e8000000, 0x00000000e8000000)
  eden space 87424K,   0% used [0x00000000e0000000, 0x00000000e0000000, 0x00000000e5560000)
  from space 21824K,  39% used [0x00000000e6ab0000, 0x00000000e7318390, 0x00000000e8000000)
  to   space 21824K,   0% used [0x00000000e5560000, 0x00000000e5560000, 0x00000000e6ab0000)
 concurrent mark-sweep generation total 393216K, used 16613K [0x00000000e8000000, 0x0000000100000000, 0x0000000100000000)
 Metaspace       used 34704K, capacity 35268K, committed 35552K, reserved 1081344K
  class space    used 3628K, capacity 3814K, committed 3836K, reserved 1048576K
}
2017-03-31T05:02:08.888+0200: 589.614: Total time for which application threads were stopped: 0.0262228 seconds, Stopping threads took: 0.0000279 seconds
{Heap before GC invocations=617 (full 1):
 par new generation   total 109248K, used 96032K [0x00000000e0000000, 0x00000000e8000000, 0x00000000e8000000)
  eden space 87424K, 100% used [0x00000000e0000000, 0x00000000e5560000, 0x00000000e5560000)
  from space 21824K,  39% used [0x00000000e6ab0000, 0x00000000e7318390, 0x00000000e8000000)
  to   space 21824K,   0% used [0x00000000e5560000, 0x00000000e5560000, 0x00000000e6ab0000)
 concurrent mark-sweep generation total 393216K, used 16613K [0x00000000e8000000, 0x0000000100000000, 0x0000000100000000)
 Metaspace       used 34704K, capacity 35268K, committed 35552K, reserved 1081344K
  class space    used 3628K, capacity 3814K, committed 3836K, reserved 1048576K
2017-03-31T05:02:09.244+0200: 589.970: [GC (Allocation Failure) 2017-03-31T05:02:09.244+0200: 589.970: [ParNew
Desired survivor size 20112992 bytes, new threshold 8 (max 8)
- age   1:    4366144 bytes,    4366144 total
- age   2:    2962592 bytes,    7328736 total
- age   3:       4400 bytes,    7333136 total
- age   4:      12296 bytes,    7345432 total
- age   5:       5592 bytes,    7351024 total
- age   6:       3752 bytes,    7354776 total
- age   7:       5792 bytes,    7360568 total
- age   8:       8536 bytes,    7369104 total
: 96032K->12674K(109248K), 0.0233954 secs] 112646K->29293K(502464K), 0.0234647 secs] [Times: user=0.02 sys=0.00, real=0.02 secs] 
Heap after GC invocations=618 (full 1):
 par new generation   total 109248K, used 12674K [0x00000000e0000000, 0x00000000e8000000, 0x00000000e8000000)
  eden space 87424K,   0% used [0x00000000e0000000, 0x00000000e0000000, 0x00000000e5560000)
  from space 21824K,  58% used [0x00000000e5560000, 0x00000000e61c0bc0, 0x00000000e6ab0000)
  to   space 21824K,   0% used [0x00000000e6ab0000, 0x00000000e6ab0000, 0x00000000e8000000)
 concurrent mark-sweep generation total 393216K, used 16618K [0x00000000e8000000, 0x0000000100000000, 0x0000000100000000)
 Metaspace       used 34704K, capacity 35268K, committed 35552K, reserved 1081344K
  class space    used 3628K, capacity 3814K, committed 3836K, reserved 1048576K
}
2017-03-31T05:02:09.267+0200: 589.994: Total time for which application threads were stopped: 0.0236644 seconds, Stopping threads took: 0.0000379 seconds
{Heap before GC invocations=618 (full 1):
 par new generation   total 109248K, used 100089K [0x00000000e0000000, 0x00000000e8000000, 0x00000000e8000000)
  eden space 87424K,  99% used [0x00000000e0000000, 0x00000000e555d8c0, 0x00000000e5560000)
  from space 21824K,  58% used [0x00000000e5560000, 0x00000000e61c0bc0, 0x00000000e6ab0000)
  to   space 21824K,   0% used [0x00000000e6ab0000, 0x00000000e6ab0000, 0x00000000e8000000)
 concurrent mark-sweep generation total 393216K, used 16618K [0x00000000e8000000, 0x0000000100000000, 0x0000000100000000)
 Metaspace       used 34704K, capacity 35268K, committed 35552K, reserved 1081344K
  class space    used 3628K, capacity 3814K, committed 3836K, reserved 1048576K
2017-03-31T05:02:09.739+0200: 590.466: [GC (Allocation Failure) 2017-03-31T05:02:09.740+0200: 590.466: [ParNew
Desired survivor size 20112992 bytes, new threshold 8 (max 8)
- age   1:    4449160 bytes,    4449160 total
- age   2:    1952408 bytes,    6401568 total
- age   3:       4856 bytes,    6406424 total
- age   4:       4272 bytes,    6410696 total
- age   5:      12296 bytes,    6422992 total
- age   6:       5592 bytes,    6428584 total
- age   7:       3752 bytes,    6432336 total
- age   8:       5792 bytes,    6438128 total
: 100089K->8458K(109248K), 0.0263439 secs] 116707K->25085K(502464K), 0.0264168 secs] [Times: user=0.02 sys=0.01, real=0.02 secs] 
Heap after GC invocations=619 (full 1):
 par new generation   total 109248K, used 8458K [0x00000000e0000000, 0x00000000e8000000, 0x00000000e8000000)
  eden space 87424K,   0% used [0x00000000e0000000, 0x00000000e0000000, 0x00000000e5560000)
  from space 21824K,  38% used [0x00000000e6ab0000, 0x00000000e72f2ab0, 0x00000000e8000000)
  to   space 21824K,   0% used [0x00000000e5560000, 0x00000000e5560000, 0x00000000e6ab0000)
 concurrent mark-sweep generation total 393216K, used 16626K [0x00000000e8000000, 0x0000000100000000, 0x0000000100000000)
 Metaspace       used 34704K, capacity 35268K, committed 35552K, reserved 1081344K
  class space    used 3628K, capacity 3814K, committed 3836K, reserved 1048576K
}
2017-03-31T05:02:09.766+0200: 590.492: Total time for which application threads were stopped: 0.0265690 seconds, Stopping threads took: 0.0000297 seconds
{Heap before GC invocations=619 (full 1):
 par new generation   total 109248K, used 95882K [0x00000000e0000000, 0x00000000e8000000, 0x00000000e8000000)
  eden space 87424K, 100% used [0x00000000e0000000, 0x00000000e5560000, 0x00000000e5560000)
  from space 21824K,  38% used [0x00000000e6ab0000, 0x00000000e72f2ab0, 0x00000000e8000000)
  to   space 21824K,   0% used [0x00000000e5560000, 0x00000000e5560000, 0x00000000e6ab0000)
 concurrent mark-sweep generation total 393216K, used 16626K [0x00000000e8000000, 0x0000000100000000, 0x0000000100000000)
 Metaspace       used 34704K, capacity 35268K, committed 35552K, reserved 1081344K
  class space    used 3628K, capacity 3814K, committed 3836K, reserved 1048576K
2017-03-31T05:02:10.020+0200: 590.746: [GC (Allocation Failure) 2017-03-31T05:02:10.020+0200: 590.746: [ParNew
Desired survivor size 20112992 bytes, new threshold 8 (max 8)
- age   1:    3369944 bytes,    3369944 total
- age   2:    3808296 bytes,    7178240 total
- age   3:    1933000 bytes,    9111240 total
- age   4:       4856 bytes,    9116096 total
- age   5:       4272 bytes,    9120368 total
- age   6:      12296 bytes,    9132664 total
- age   7:       5568 bytes,    9138232 total
- age   8:       3752 bytes,    9141984 total
: 95882K->11212K(109248K), 0.0260592 secs] 112509K->27845K(502464K), 0.0261258 secs] [Times: user=0.02 sys=0.01, real=0.03 secs] 
Heap after GC invocations=620 (full 1):
 par new generation   total 109248K, used 11212K [0x00000000e0000000, 0x00000000e8000000, 0x00000000e8000000)
  eden space 87424K,   0% used [0x00000000e0000000, 0x00000000e0000000, 0x00000000e5560000)
  from space 21824K,  51% used [0x00000000e5560000, 0x00000000e60531e0, 0x00000000e6ab0000)
  to   space 21824K,   0% used [0x00000000e6ab0000, 0x00000000e6ab0000, 0x00000000e8000000)
 concurrent mark-sweep generation total 393216K, used 16632K [0x00000000e8000000, 0x0000000100000000, 0x0000000100000000)
 Metaspace       used 34704K, capacity 35268K, committed 35552K, reserved 1081344K
  class space    used 3628K, capacity 3814K, committed 3836K, reserved 1048576K
}
2017-03-31T05:02:10.046+0200: 590.772: Total time for which application threads were stopped: 0.0263061 seconds, Stopping threads took: 0.0000312 seconds
{Heap before GC invocations=620 (full 1):
 par new generation   total 109248K, used 98636K [0x00000000e0000000, 0x00000000e8000000, 0x00000000e8000000)
  eden space 87424K, 100% used [0x00000000e0000000, 0x00000000e5560000, 0x00000000e5560000)
  from space 21824K,  51% used [0x00000000e5560000, 0x00000000e60531e0, 0x00000000e6ab0000)
  to   space 21824K,   0% used [0x00000000e6ab0000, 0x00000000e6ab0000, 0x00000000e8000000)
 concurrent mark-sweep generation total 393216K, used 16632K [0x00000000e8000000, 0x0000000100000000, 0x0000000100000000)
 Metaspace       used 34704K, capacity 35268K, committed 35552K, reserved 1081344K
  class space    used 3628K, capacity 3814K, committed 3836K, reserved 1048576K
2017-03-31T05:02:10.438+0200: 591.165: [GC (Allocation Failure) 2017-03-31T05:02:10.438+0200: 591.165: [ParNew
Desired survivor size 20112992 bytes, new threshold 8 (max 8)
- age   1:    3818616 bytes,    3818616 total
- age   2:    2858912 bytes,    6677528 total
- age   3:    1055544 bytes,    7733072 total
- age   4:       5504 bytes,    7738576 total
- age   5:       4792 bytes,    7743368 total
- age   6:       4144 bytes,    7747512 total
- age   7:      12296 bytes,    7759808 total
- age   8:       5568 bytes,    7765376 total
: 98636K->14993K(109248K), 0.0285380 secs] 115269K->31629K(502464K), 0.0286122 secs] [Times: user=0.02 sys=0.00, real=0.02 secs] 
Heap after GC invocations=621 (full 1):
 par new generation   total 109248K, used 14993K [0x00000000e0000000, 0x00000000e8000000, 0x00000000e8000000)
  eden space 87424K,   0% used [0x00000000e0000000, 0x00000000e0000000, 0x00000000e5560000)
  from space 21824K,  68% used [0x00000000e6ab0000, 0x00000000e79545c0, 0x00000000e8000000)
  to   space 21824K,   0% used [0x00000000e5560000, 0x00000000e5560000, 0x00000000e6ab0000)
 concurrent mark-sweep generation total 393216K, used 16636K [0x00000000e8000000, 0x0000000100000000, 0x0000000100000000)
 Metaspace       used 34704K, capacity 35268K, committed 35552K, reserved 1081344K
  class space    used 3628K, capacity 3814K, committed 3836K, reserved 1048576K
}
2017-03-31T05:02:10.467+0200: 591.193: Total time for which application threads were stopped: 0.0287710 seconds, Stopping threads took: 0.0000315 seconds
{Heap before GC invocations=621 (full 1):
 par new generation   total 109248K, used 102417K [0x00000000e0000000, 0x00000000e8000000, 0x00000000e8000000)
  eden space 87424K, 100% used [0x00000000e0000000, 0x00000000e5560000, 0x00000000e5560000)
  from space 21824K,  68% used [0x00000000e6ab0000, 0x00000000e79545c0, 0x00000000e8000000)
  to   space 21824K,   0% used [0x00000000e5560000, 0x00000000e5560000, 0x00000000e6ab0000)
 concurrent mark-sweep generation total 393216K, used 16636K [0x00000000e8000000, 0x0000000100000000, 0x0000000100000000)
 Metaspace       used 34704K, capacity 35268K, committed 35552K, reserved 1081344K
  class space    used 3628K, capacity 3814K, committed 3836K, reserved 1048576K
2017-03-31T05:02:10.843+0200: 591.569: [GC (Allocation Failure) 2017-03-31T05:02:10.843+0200: 591.569: [ParNew
Desired survivor size 20112992 bytes, new threshold 8 (max 8)
- age   1:    4551040 bytes,    4551040 total
- age   2:    2506064 bytes,    7057104 total
- age   3:       3552 bytes,    7060656 total
- age   4:      13568 bytes,    7074224 total
- age   5:       5312 bytes,    7079536 total
- age   6:       4792 bytes,    7084328 total
- age   7:       4144 bytes,    7088472 total
- age   8:       6864 bytes,    7095336 total
: 102417K->9064K(109248K), 0.0220485 secs] 119053K->25706K(502464K), 0.0221148 secs] [Times: user=0.02 sys=0.01, real=0.02 secs] 
Heap after GC invocations=622 (full 1):
 par new generation   total 109248K, used 9064K [0x00000000e0000000, 0x00000000e8000000, 0x00000000e8000000)
  eden space 87424K,   0% used [0x00000000e0000000, 0x00000000e0000000, 0x00000000e5560000)
  from space 21824K,  41% used [0x00000000e5560000, 0x00000000e5e3a0b0, 0x00000000e6ab0000)
  to   space 21824K,   0% used [0x00000000e6ab0000, 0x00000000e6ab0000, 0x00000000e8000000)
 concurrent mark-sweep generation total 393216K, used 16641K [0x00000000e8000000, 0x0000000100000000, 0x0000000100000000)
 Metaspace       used 34704K, capacity 35268K, committed 35552K, reserved 1081344K
  class space    used 3628K, capacity 3814K, committed 3836K, reserved 1048576K
}
2017-03-31T05:02:10.865+0200: 591.591: Total time for which application threads were stopped: 0.0222619 seconds, Stopping threads took: 0.0000268 seconds
{Heap before GC invocations=622 (full 1):
 par new generation   total 109248K, used 96470K [0x00000000e0000000, 0x00000000e8000000, 0x00000000e8000000)
  eden space 87424K,  99% used [0x00000000e0000000, 0x00000000e555bab8, 0x00000000e5560000)
  from space 21824K,  41% used [0x00000000e5560000, 0x00000000e5e3a0b0, 0x00000000e6ab0000)
  to   space 21824K,   0% used [0x00000000e6ab0000, 0x00000000e6ab0000, 0x00000000e8000000)
 concurrent mark-sweep generation total 393216K, used 16641K [0x00000000e8000000, 0x0000000100000000, 0x0000000100000000)
 Metaspace       used 34704K, capacity 35268K, committed 35552K, reserved 1081344K
  class space    used 3628K, capacity 3814K, committed 3836K, reserved 1048576K
2017-03-31T05:02:11.249+0200: 591.976: [GC (Allocation Failure) 2017-03-31T05:02:11.249+0200: 591.976: [ParNew
Desired survivor size 20112992 bytes, new threshold 8 (max 8)
- age   1:    3425472 bytes,    3425472 total
- age   2:    2027872 bytes,    5453344 total
- age   3:      20552 bytes,    5473896 total
- age   4:       3552 bytes,    5477448 total
- age   5:      13376 bytes,    5490824 total
- age   6:       5120 bytes,    5495944 total
- age   7:       4792 bytes,    5500736 total
- age   8:       4144 bytes,    5504880 total
: 96470K->8556K(109248K), 0.0278707 secs] 113112K->25204K(502464K), 0.0279453 secs] [Times: user=0.03 sys=0.00, real=0.03 secs] 
Heap after GC invocations=623 (full 1):
 par new generation   total 109248K, used 8556K [0x00000000e0000000, 0x00000000e8000000, 0x00000000e8000000)
  eden space 87424K,   0% used [0x00000000e0000000, 0x00000000e0000000, 0x00000000e5560000)
  from space 21824K,  39% used [0x00000000e6ab0000, 0x00000000e730b010, 0x00000000e8000000)
  to   space 21824K,   0% used [0x00000000e5560000, 0x00000000e5560000, 0x00000000e6ab0000)
 concurrent mark-sweep generation total 393216K, used 16648K [0x00000000e8000000, 0x0000000100000000, 0x0000000100000000)
 Metaspace       used 34704K, capacity 35268K, committed 35552K, reserved 1081344K
  class space    used 3628K, capacity 3814K, committed 3836K, reserved 1048576K
}
2017-03-31T05:02:11.277+0200: 592.004: Total time for which application threads were stopped: 0.0281718 seconds, Stopping threads took: 0.0000212 seconds
{Heap before GC invocations=623 (full 1):
 par new generation   total 109248K, used 95980K [0x00000000e0000000, 0x00000000e8000000, 0x00000000e8000000)
  eden space 87424K, 100% used [0x00000000e0000000, 0x00000000e5560000, 0x00000000e5560000)
  from space 21824K,  39% used [0x00000000e6ab0000, 0x00000000e730b010, 0x00000000e8000000)
  to   space 21824K,   0% used [0x00000000e5560000, 0x00000000e5560000, 0x00000000e6ab0000)
 concurrent mark-sweep generation total 393216K, used 16648K [0x00000000e8000000, 0x0000000100000000, 0x0000000100000000)
 Metaspace       used 34704K, capacity 35268K, committed 35552K, reserved 1081344K
  class space    used 3628K, capacity 3814K, committed 3836K, reserved 1048576K
2017-03-31T05:02:11.681+0200: 592.407: [GC (Allocation Failure) 2017-03-31T05:02:11.681+0200: 592.407: [ParNew
Desired survivor size 20112992 bytes, new threshold 8 (max 8)
- age   1:    3531064 bytes,    3531064 total
- age   2:    2813704 bytes,    6344768 total
- age   3:    1708000 bytes,    8052768 total
- age   4:      11464 bytes,    8064232 total
- age   5:       3552 bytes,    8067784 total
- age   6:      13376 bytes,    8081160 total
- age   7:       5120 bytes,    8086280 total
- age   8:       4792 bytes,    8091072 total
: 95980K->9412K(109248K), 0.0275203 secs] 112628K->26064K(502464K), 0.0276016 secs] [Times: user=0.02 sys=0.00, real=0.03 secs] 
Heap after GC invocations=624 (full 1):
 par new generation   total 109248K, used 9412K [0x00000000e0000000, 0x00000000e8000000, 0x00000000e8000000)
  eden space 87424K,   0% used [0x00000000e0000000, 0x00000000e0000000, 0x00000000e5560000)
  from space 21824K,  43% used [0x00000000e5560000, 0x00000000e5e910a0, 0x00000000e6ab0000)
  to   space 21824K,   0% used [0x00000000e6ab0000, 0x00000000e6ab0000, 0x00000000e8000000)
 concurrent mark-sweep generation total 393216K, used 16652K [0x00000000e8000000, 0x0000000100000000, 0x0000000100000000)
 Metaspace       used 34704K, capacity 35268K, committed 35552K, reserved 1081344K
  class space    used 3628K, capacity 3814K, committed 3836K, reserved 1048576K
}
2017-03-31T05:02:11.708+0200: 592.435: Total time for which application threads were stopped: 0.0277802 seconds, Stopping threads took: 0.0000336 seconds
{Heap before GC invocations=624 (full 1):
 par new generation   total 109248K, used 96836K [0x00000000e0000000, 0x00000000e8000000, 0x00000000e8000000)
  eden space 87424K, 100% used [0x00000000e0000000, 0x00000000e5560000, 0x00000000e5560000)
  from space 21824K,  43% used [0x00000000e5560000, 0x00000000e5e910a0, 0x00000000e6ab0000)
  to   space 21824K,   0% used [0x00000000e6ab0000, 0x00000000e6ab0000, 0x00000000e8000000)
 concurrent mark-sweep generation total 393216K, used 16652K [0x00000000e8000000, 0x0000000100000000, 0x0000000100000000)
 Metaspace       used 34704K, capacity 35268K, committed 35552K, reserved 1081344K
  class space    used 3628K, capacity 3814K, committed 3836K, reserved 1048576K
2017-03-31T05:02:12.202+0200: 592.928: [GC (Allocation Failure) 2017-03-31T05:02:12.202+0200: 592.929: [ParNew
Desired survivor size 20112992 bytes, new threshold 8 (max 8)
- age   1:    4490432 bytes,    4490432 total
- age   2:    2881032 bytes,    7371464 total
- age   3:       4480 bytes,    7375944 total
- age   4:       7064 bytes,    7383008 total
- age   5:       5344 bytes,    7388352 total
- age   6:       3552 bytes,    7391904 total
- age   7:      13352 bytes,    7405256 total
- age   8:       5120 bytes,    7410376 total
: 96836K->11248K(109248K), 0.0264789 secs] 113488K->27906K(502464K), 0.0265511 secs] [Times: user=0.03 sys=0.00, real=0.03 secs] 
Heap after GC invocations=625 (full 1):
 par new generation   total 109248K, used 11248K [0x00000000e0000000, 0x00000000e8000000, 0x00000000e8000000)
  eden space 87424K,   0% used [0x00000000e0000000, 0x00000000e0000000, 0x00000000e5560000)
  from space 21824K,  51% used [0x00000000e6ab0000, 0x00000000e75ac3c8, 0x00000000e8000000)
  to   space 21824K,   0% used [0x00000000e5560000, 0x00000000e5560000, 0x00000000e6ab0000)
 concurrent mark-sweep generation total 393216K, used 16657K [0x00000000e8000000, 0x0000000100000000, 0x0000000100000000)
 Metaspace       used 34704K, capacity 35268K, committed 35552K, reserved 1081344K
  class space    used 3628K, capacity 3814K, committed 3836K, reserved 1048576K
}
2017-03-31T05:02:12.229+0200: 592.955: Total time for which application threads were stopped: 0.0290829 seconds, Stopping threads took: 0.0024018 seconds
{Heap before GC invocations=625 (full 1):
 par new generation   total 109248K, used 98672K [0x00000000e0000000, 0x00000000e8000000, 0x00000000e8000000)
  eden space 87424K, 100% used [0x00000000e0000000, 0x00000000e5560000, 0x00000000e5560000)
  from space 21824K,  51% used [0x00000000e6ab0000, 0x00000000e75ac3c8, 0x00000000e8000000)
  to   space 21824K,   0% used [0x00000000e5560000, 0x00000000e5560000, 0x00000000e6ab0000)
 concurrent mark-sweep generation total 393216K, used 16657K [0x00000000e8000000, 0x0000000100000000, 0x0000000100000000)
 Metaspace       used 34704K, capacity 35268K, committed 35552K, reserved 1081344K
  class space    used 3628K, capacity 3814K, committed 3836K, reserved 1048576K
2017-03-31T05:02:12.621+0200: 593.348: [GC (Allocation Failure) 2017-03-31T05:02:12.621+0200: 593.348: [ParNew
Desired survivor size 20112992 bytes, new threshold 8 (max 8)
- age   1:    4614488 bytes,    4614488 total
- age   2:    2201616 bytes,    6816104 total
- age   3:       9872 bytes,    6825976 total
- age   4:       4480 bytes,    6830456 total
- age   5:       6680 bytes,    6837136 total
- age   6:       5344 bytes,    6842480 total
- age   7:       3552 bytes,    6846032 total
- age   8:      13352 bytes,    6859384 total
: 98672K->9394K(109248K), 0.0273844 secs] 115330K->26056K(502464K), 0.0274418 secs] [Times: user=0.02 sys=0.01, real=0.02 secs] 
Heap after GC invocations=626 (full 1):
 par new generation   total 109248K, used 9394K [0x00000000e0000000, 0x00000000e8000000, 0x00000000e8000000)
  eden space 87424K,   0% used [0x00000000e0000000, 0x00000000e0000000, 0x00000000e5560000)
  from space 21824K,  43% used [0x00000000e5560000, 0x00000000e5e8c9b8, 0x00000000e6ab0000)
  to   space 21824K,   0% used [0x00000000e6ab0000, 0x00000000e6ab0000, 0x00000000e8000000)
 concurrent mark-sweep generation total 393216K, used 16662K [0x00000000e8000000, 0x0000000100000000, 0x0000000100000000)
 Metaspace       used 34704K, capacity 35268K, committed 35552K, reserved 1081344K
  class space    used 3628K, capacity 3814K, committed 3836K, reserved 1048576K
}
2017-03-31T05:02:12.649+0200: 593.375: Total time for which application threads were stopped: 0.0320405 seconds, Stopping threads took: 0.0044386 seconds
{Heap before GC invocations=626 (full 1):
 par new generation   total 109248K, used 96818K [0x00000000e0000000, 0x00000000e8000000, 0x00000000e8000000)
  eden space 87424K, 100% used [0x00000000e0000000, 0x00000000e5560000, 0x00000000e5560000)
  from space 21824K,  43% used [0x00000000e5560000, 0x00000000e5e8c9b8, 0x00000000e6ab0000)
  to   space 21824K,   0% used [0x00000000e6ab0000, 0x00000000e6ab0000, 0x00000000e8000000)
 concurrent mark-sweep generation total 393216K, used 16662K [0x00000000e8000000, 0x0000000100000000, 0x0000000100000000)
 Metaspace       used 34704K, capacity 35268K, committed 35552K, reserved 1081344K
  class space    used 3628K, capacity 3814K, committed 3836K, reserved 1048576K
2017-03-31T05:02:12.886+0200: 593.612: [GC (Allocation Failure) 2017-03-31T05:02:12.886+0200: 593.612: [ParNew
Desired survivor size 20112992 bytes, new threshold 8 (max 8)
- age   1:    3315272 bytes,    3315272 total
- age   2:    3818640 bytes,    7133912 total
- age   3:    1974160 bytes,    9108072 total
- age   4:       9872 bytes,    9117944 total
- age   5:       4480 bytes,    9122424 total
- age   6:       6680 bytes,    9129104 total
- age   7:       5344 bytes,    9134448 total
- age   8:       3552 bytes,    9138000 total
: 96818K->10939K(109248K), 0.0193651 secs] 113480K->27609K(502464K), 0.0194258 secs] [Times: user=0.02 sys=0.00, real=0.02 secs] 
Heap after GC invocations=627 (full 1):
 par new generation   total 109248K, used 10939K [0x00000000e0000000, 0x00000000e8000000, 0x00000000e8000000)
  eden space 87424K,   0% used [0x00000000e0000000, 0x00000000e0000000, 0x00000000e5560000)
  from space 21824K,  50% used [0x00000000e6ab0000, 0x00000000e755ee00, 0x00000000e8000000)
  to   space 21824K,   0% used [0x00000000e5560000, 0x00000000e5560000, 0x00000000e6ab0000)
 concurrent mark-sweep generation total 393216K, used 16669K [0x00000000e8000000, 0x0000000100000000, 0x0000000100000000)
 Metaspace       used 34704K, capacity 35268K, committed 35552K, reserved 1081344K
  class space    used 3628K, capacity 3814K, committed 3836K, reserved 1048576K
}
2017-03-31T05:02:12.905+0200: 593.632: Total time for which application threads were stopped: 0.0195931 seconds, Stopping threads took: 0.0000290 seconds
{Heap before GC invocations=627 (full 1):
 par new generation   total 109248K, used 98363K [0x00000000e0000000, 0x00000000e8000000, 0x00000000e8000000)
  eden space 87424K, 100% used [0x00000000e0000000, 0x00000000e5560000, 0x00000000e5560000)
  from space 21824K,  50% used [0x00000000e6ab0000, 0x00000000e755ee00, 0x00000000e8000000)
  to   space 21824K,   0% used [0x00000000e5560000, 0x00000000e5560000, 0x00000000e6ab0000)
 concurrent mark-sweep generation total 393216K, used 16669K [0x00000000e8000000, 0x0000000100000000, 0x0000000100000000)
 Metaspace       used 34704K, capacity 35268K, committed 35552K, reserved 1081344K
  class space    used 3628K, capacity 3814K, committed 3836K, reserved 1048576K
2017-03-31T05:02:13.299+0200: 594.025: [GC (Allocation Failure) 2017-03-31T05:02:13.299+0200: 594.025: [ParNew
Desired survivor size 20112992 bytes, new threshold 8 (max 8)
- age   1:    3635136 bytes,    3635136 total
- age   2:    2914880 bytes,    6550016 total
- age   3:    1106856 bytes,    7656872 total
- age   4:       6376 bytes,    7663248 total
- age   5:       9872 bytes,    7673120 total
- age   6:       4096 bytes,    7677216 total
- age   7:       6680 bytes,    7683896 total
- age   8:       5344 bytes,    7689240 total
: 98363K->13185K(109248K), 0.0249862 secs] 115033K->29858K(502464K), 0.0250710 secs] [Times: user=0.02 sys=0.00, real=0.02 secs] 
Heap after GC invocations=628 (full 1):
 par new generation   total 109248K, used 13185K [0x00000000e0000000, 0x00000000e8000000, 0x00000000e8000000)
  eden space 87424K,   0% used [0x00000000e0000000, 0x00000000e0000000, 0x00000000e5560000)
  from space 21824K,  60% used [0x00000000e5560000, 0x00000000e62404d8, 0x00000000e6ab0000)
  to   space 21824K,   0% used [0x00000000e6ab0000, 0x00000000e6ab0000, 0x00000000e8000000)
 concurrent mark-sweep generation total 393216K, used 16673K [0x00000000e8000000, 0x0000000100000000, 0x0000000100000000)
 Metaspace       used 34704K, capacity 35268K, committed 35552K, reserved 1081344K
  class space    used 3628K, capacity 3814K, committed 3836K, reserved 1048576K
}
2017-03-31T05:02:13.324+0200: 594.050: Total time for which application threads were stopped: 0.0252573 seconds, Stopping threads took: 0.0000342 seconds
{Heap before GC invocations=628 (full 1):
 par new generation   total 109248K, used 100609K [0x00000000e0000000, 0x00000000e8000000, 0x00000000e8000000)
  eden space 87424K, 100% used [0x00000000e0000000, 0x00000000e5560000, 0x00000000e5560000)
  from space 21824K,  60% used [0x00000000e5560000, 0x00000000e62404d8, 0x00000000e6ab0000)
  to   space 21824K,   0% used [0x00000000e6ab0000, 0x00000000e6ab0000, 0x00000000e8000000)
 concurrent mark-sweep generation total 393216K, used 16673K [0x00000000e8000000, 0x0000000100000000, 0x0000000100000000)
 Metaspace       used 34704K, capacity 35268K, committed 35552K, reserved 1081344K
  class space    used 3628K, capacity 3814K, committed 3836K, reserved 1048576K
2017-03-31T05:02:13.863+0200: 594.590: [GC (Allocation Failure) 2017-03-31T05:02:13.863+0200: 594.590: [ParNew
Desired survivor size 20112992 bytes, new threshold 8 (max 8)
- age   1:    4644712 bytes,    4644712 total
- age   2:    2416792 bytes,    7061504 total
- age   3:       3152 bytes,    7064656 total
- age   4:      11992 bytes,    7076648 total
- age   5:       6376 bytes,    7083024 total
- age   6:       4440 bytes,    7087464 total
- age   7:       4096 bytes,    7091560 total
- age   8:       6680 bytes,    7098240 total
: 100609K->9402K(109248K), 0.0191108 secs] 117282K->26080K(502464K), 0.0191869 secs] [Times: user=0.01 sys=0.00, real=0.02 secs] 
Heap after GC invocations=629 (full 1):
 par new generation   total 109248K, used 9402K [0x00000000e0000000, 0x00000000e8000000, 0x00000000e8000000)
  eden space 87424K,   0% used [0x00000000e0000000, 0x00000000e0000000, 0x00000000e5560000)
  from space 21824K,  43% used [0x00000000e6ab0000, 0x00000000e73de870, 0x00000000e8000000)
  to   space 21824K,   0% used [0x00000000e5560000, 0x00000000e5560000, 0x00000000e6ab0000)
 concurrent mark-sweep generation total 393216K, used 16678K [0x00000000e8000000, 0x0000000100000000, 0x0000000100000000)
 Metaspace       used 34704K, capacity 35268K, committed 35552K, reserved 1081344K
  class space    used 3628K, capacity 3814K, committed 3836K, reserved 1048576K
}
2017-03-31T05:02:13.882+0200: 594.609: Total time for which application threads were stopped: 0.0193581 seconds, Stopping threads took: 0.0000365 seconds
{Heap before GC invocations=629 (full 1):
 par new generation   total 109248K, used 96826K [0x00000000e0000000, 0x00000000e8000000, 0x00000000e8000000)
  eden space 87424K, 100% used [0x00000000e0000000, 0x00000000e5560000, 0x00000000e5560000)
  from space 21824K,  43% used [0x00000000e6ab0000, 0x00000000e73de870, 0x00000000e8000000)
  to   space 21824K,   0% used [0x00000000e5560000, 0x00000000e5560000, 0x00000000e6ab0000)
 concurrent mark-sweep generation total 393216K, used 16678K [0x00000000e8000000, 0x0000000100000000, 0x0000000100000000)
 Metaspace       used 34704K, capacity 35268K, committed 35552K, reserved 1081344K
  class space    used 3628K, capacity 3814K, committed 3836K, reserved 1048576K
2017-03-31T05:02:14.254+0200: 594.980: [GC (Allocation Failure) 2017-03-31T05:02:14.254+0200: 594.980: [ParNew
Desired survivor size 20112992 bytes, new threshold 8 (max 8)
- age   1:    3399520 bytes,    3399520 total
- age   2:    2025520 bytes,    5425040 total
- age   3:      12336 bytes,    5437376 total
- age   4:       3152 bytes,    5440528 total
- age   5:      11608 bytes,    5452136 total
- age   6:       5992 bytes,    5458128 total
- age   7:       4440 bytes,    5462568 total
- age   8:       4096 bytes,    5466664 total
: 96826K->7964K(109248K), 0.0276511 secs] 113504K->24649K(502464K), 0.0277204 secs] [Times: user=0.03 sys=0.00, real=0.03 secs] 
Heap after GC invocations=630 (full 1):
 par new generation   total 109248K, used 7964K [0x00000000e0000000, 0x00000000e8000000, 0x00000000e8000000)
  eden space 87424K,   0% used [0x00000000e0000000, 0x00000000e0000000, 0x00000000e5560000)
  from space 21824K,  36% used [0x00000000e5560000, 0x00000000e5d27130, 0x00000000e6ab0000)
  to   space 21824K,   0% used [0x00000000e6ab0000, 0x00000000e6ab0000, 0x00000000e8000000)
 concurrent mark-sweep generation total 393216K, used 16685K [0x00000000e8000000, 0x0000000100000000, 0x0000000100000000)
 Metaspace       used 34704K, capacity 35268K, committed 35552K, reserved 1081344K
  class space    used 3628K, capacity 3814K, committed 3836K, reserved 1048576K
}
2017-03-31T05:02:14.281+0200: 595.008: Total time for which application threads were stopped: 0.0278815 seconds, Stopping threads took: 0.0000220 seconds
{Heap before GC invocations=630 (full 1):
 par new generation   total 109248K, used 95388K [0x00000000e0000000, 0x00000000e8000000, 0x00000000e8000000)
  eden space 87424K, 100% used [0x00000000e0000000, 0x00000000e5560000, 0x00000000e5560000)
  from space 21824K,  36% used [0x00000000e5560000, 0x00000000e5d27130, 0x00000000e6ab0000)
  to   space 21824K,   0% used [0x00000000e6ab0000, 0x00000000e6ab0000, 0x00000000e8000000)
 concurrent mark-sweep generation total 393216K, used 16685K [0x00000000e8000000, 0x0000000100000000, 0x0000000100000000)
 Metaspace       used 34704K, capacity 35268K, committed 35552K, reserved 1081344K
  class space    used 3628K, capacity 3814K, committed 3836K, reserved 1048576K
2017-03-31T05:02:14.593+0200: 595.319: [GC (Allocation Failure) 2017-03-31T05:02:14.593+0200: 595.320: [ParNew
Desired survivor size 20112992 bytes, new threshold 8 (max 8)
- age   1:    3621056 bytes,    3621056 total
- age   2:    2799768 bytes,    6420824 total
- age   3:    1709872 bytes,    8130696 total
- age   4:       5520 bytes,    8136216 total
- age   5:       3152 bytes,    8139368 total
- age   6:      11608 bytes,    8150976 total
- age   7:       5992 bytes,    8156968 total
- age   8:       4440 bytes,    8161408 total
: 95388K->10104K(109248K), 0.0300448 secs] 112073K->26793K(502464K), 0.0301028 secs] [Times: user=0.03 sys=0.00, real=0.03 secs] 
Heap after GC invocations=631 (full 1):
 par new generation   total 109248K, used 10104K [0x00000000e0000000, 0x00000000e8000000, 0x00000000e8000000)
  eden space 87424K,   0% used [0x00000000e0000000, 0x00000000e0000000, 0x00000000e5560000)
  from space 21824K,  46% used [0x00000000e6ab0000, 0x00000000e748e040, 0x00000000e8000000)
  to   space 21824K,   0% used [0x00000000e5560000, 0x00000000e5560000, 0x00000000e6ab0000)
 concurrent mark-sweep generation total 393216K, used 16689K [0x00000000e8000000, 0x0000000100000000, 0x0000000100000000)
 Metaspace       used 34704K, capacity 35268K, committed 35552K, reserved 1081344K
  class space    used 3628K, capacity 3814K, committed 3836K, reserved 1048576K
}
2017-03-31T05:02:14.623+0200: 595.350: Total time for which application threads were stopped: 0.0302592 seconds, Stopping threads took: 0.0000326 seconds
{Heap before GC invocations=631 (full 1):
 par new generation   total 109248K, used 97528K [0x00000000e0000000, 0x00000000e8000000, 0x00000000e8000000)
  eden space 87424K, 100% used [0x00000000e0000000, 0x00000000e5560000, 0x00000000e5560000)
  from space 21824K,  46% used [0x00000000e6ab0000, 0x00000000e748e040, 0x00000000e8000000)
  to   space 21824K,   0% used [0x00000000e5560000, 0x00000000e5560000, 0x00000000e6ab0000)
 concurrent mark-sweep generation total 393216K, used 16689K [0x00000000e8000000, 0x0000000100000000, 0x0000000100000000)
 Metaspace       used 34704K, capacity 35268K, committed 35552K, reserved 1081344K
  class space    used 3628K, capacity 3814K, committed 3836K, reserved 1048576K
2017-03-31T05:02:15.029+0200: 595.755: [GC (Allocation Failure) 2017-03-31T05:02:15.029+0200: 595.755: [ParNew
Desired survivor size 20112992 bytes, new threshold 8 (max 8)
- age   1:    4487216 bytes,    4487216 total
- age   2:    2893736 bytes,    7380952 total
- age   3:      10280 bytes,    7391232 total
- age   4:      12592 bytes,    7403824 total
- age   5:       5136 bytes,    7408960 total
- age   6:       3152 bytes,    7412112 total
- age   7:       6136 bytes,    7418248 total
- age   8:       5992 bytes,    7424240 total
: 97528K->11723K(109248K), 0.0317943 secs] 114217K->28417K(502464K), 0.0318709 secs] [Times: user=0.04 sys=0.00, real=0.04 secs] 
Heap after GC invocations=632 (full 1):
 par new generation   total 109248K, used 11723K [0x00000000e0000000, 0x00000000e8000000, 0x00000000e8000000)
  eden space 87424K,   0% used [0x00000000e0000000, 0x00000000e0000000, 0x00000000e5560000)
  from space 21824K,  53% used [0x00000000e5560000, 0x00000000e60d2f68, 0x00000000e6ab0000)
  to   space 21824K,   0% used [0x00000000e6ab0000, 0x00000000e6ab0000, 0x00000000e8000000)
 concurrent mark-sweep generation total 393216K, used 16693K [0x00000000e8000000, 0x0000000100000000, 0x0000000100000000)
 Metaspace       used 34704K, capacity 35268K, committed 35552K, reserved 1081344K
  class space    used 3628K, capacity 3814K, committed 3836K, reserved 1048576K
}
2017-03-31T05:02:15.061+0200: 595.787: Total time for which application threads were stopped: 0.0364051 seconds, Stopping threads took: 0.0043849 seconds
{Heap before GC invocations=632 (full 1):
 par new generation   total 109248K, used 99147K [0x00000000e0000000, 0x00000000e8000000, 0x00000000e8000000)
  eden space 87424K, 100% used [0x00000000e0000000, 0x00000000e5560000, 0x00000000e5560000)
  from space 21824K,  53% used [0x00000000e5560000, 0x00000000e60d2f68, 0x00000000e6ab0000)
  to   space 21824K,   0% used [0x00000000e6ab0000, 0x00000000e6ab0000, 0x00000000e8000000)
 concurrent mark-sweep generation total 393216K, used 16693K [0x00000000e8000000, 0x0000000100000000, 0x0000000100000000)
 Metaspace       used 34704K, capacity 35268K, committed 35552K, reserved 1081344K
  class space    used 3628K, capacity 3814K, committed 3836K, reserved 1048576K
2017-03-31T05:02:15.446+0200: 596.173: [GC (Allocation Failure) 2017-03-31T05:02:15.446+0200: 596.173: [ParNew
Desired survivor size 20112992 bytes, new threshold 8 (max 8)
- age   1:    4433176 bytes,    4433176 total
- age   2:    2280696 bytes,    6713872 total
- age   3:       5296 bytes,    6719168 total
- age   4:      10280 bytes,    6729448 total
- age   5:      12592 bytes,    6742040 total
- age   6:       5136 bytes,    6747176 total
- age   7:       3128 bytes,    6750304 total
- age   8:       6136 bytes,    6756440 total
: 99147K->8718K(109248K), 0.0197687 secs] 115841K->25418K(502464K), 0.0198335 secs] [Times: user=0.02 sys=0.00, real=0.02 secs] 
Heap after GC invocations=633 (full 1):
 par new generation   total 109248K, used 8718K [0x00000000e0000000, 0x00000000e8000000, 0x00000000e8000000)
  eden space 87424K,   0% used [0x00000000e0000000, 0x00000000e0000000, 0x00000000e5560000)
  from space 21824K,  39% used [0x00000000e6ab0000, 0x00000000e73339c0, 0x00000000e8000000)
  to   space 21824K,   0% used [0x00000000e5560000, 0x00000000e5560000, 0x00000000e6ab0000)
 concurrent mark-sweep generation total 393216K, used 16699K [0x00000000e8000000, 0x0000000100000000, 0x0000000100000000)
 Metaspace       used 34704K, capacity 35268K, committed 35552K, reserved 1081344K
  class space    used 3628K, capacity 3814K, committed 3836K, reserved 1048576K
}
2017-03-31T05:02:15.466+0200: 596.193: Total time for which application threads were stopped: 0.0225365 seconds, Stopping threads took: 0.0025536 seconds
{Heap before GC invocations=633 (full 1):
 par new generation   total 109248K, used 96142K [0x00000000e0000000, 0x00000000e8000000, 0x00000000e8000000)
  eden space 87424K, 100% used [0x00000000e0000000, 0x00000000e5560000, 0x00000000e5560000)
  from space 21824K,  39% used [0x00000000e6ab0000, 0x00000000e73339c0, 0x00000000e8000000)
  to   space 21824K,   0% used [0x00000000e5560000, 0x00000000e5560000, 0x00000000e6ab0000)
 concurrent mark-sweep generation total 393216K, used 16699K [0x00000000e8000000, 0x0000000100000000, 0x0000000100000000)
 Metaspace       used 34704K, capacity 35268K, committed 35552K, reserved 1081344K
  class space    used 3628K, capacity 3814K, committed 3836K, reserved 1048576K
2017-03-31T05:02:15.751+0200: 596.478: [GC (Allocation Failure) 2017-03-31T05:02:15.751+0200: 596.478: [ParNew
Desired survivor size 20112992 bytes, new threshold 8 (max 8)
- age   1:    3195472 bytes,    3195472 total
- age   2:    1563184 bytes,    4758656 total
- age   3:      15872 bytes,    4774528 total
- age   4:       4616 bytes,    4779144 total
- age   5:      10152 bytes,    4789296 total
- age   6:      12592 bytes,    4801888 total
- age   7:       5136 bytes,    4807024 total
- age   8:       3128 bytes,    4810152 total
: 96142K->6692K(109248K), 0.0287996 secs] 112842K->23397K(502464K), 0.0288730 secs] [Times: user=0.02 sys=0.00, real=0.03 secs] 
Heap after GC invocations=634 (full 1):
 par new generation   total 109248K, used 6692K [0x00000000e0000000, 0x00000000e8000000, 0x00000000e8000000)
  eden space 87424K,   0% used [0x00000000e0000000, 0x00000000e0000000, 0x00000000e5560000)
  from space 21824K,  30% used [0x00000000e5560000, 0x00000000e5be9100, 0x00000000e6ab0000)
  to   space 21824K,   0% used [0x00000000e6ab0000, 0x00000000e6ab0000, 0x00000000e8000000)
 concurrent mark-sweep generation total 393216K, used 16705K [0x00000000e8000000, 0x0000000100000000, 0x0000000100000000)
 Metaspace       used 34704K, capacity 35268K, committed 35552K, reserved 1081344K
  class space    used 3628K, capacity 3814K, committed 3836K, reserved 1048576K
}
2017-03-31T05:02:15.780+0200: 596.507: Total time for which application threads were stopped: 0.0290124 seconds, Stopping threads took: 0.0000191 seconds
{Heap before GC invocations=634 (full 1):
 par new generation   total 109248K, used 94116K [0x00000000e0000000, 0x00000000e8000000, 0x00000000e8000000)
  eden space 87424K, 100% used [0x00000000e0000000, 0x00000000e5560000, 0x00000000e5560000)
  from space 21824K,  30% used [0x00000000e5560000, 0x00000000e5be9100, 0x00000000e6ab0000)
  to   space 21824K,   0% used [0x00000000e6ab0000, 0x00000000e6ab0000, 0x00000000e8000000)
 concurrent mark-sweep generation total 393216K, used 16705K [0x00000000e8000000, 0x0000000100000000, 0x0000000100000000)
 Metaspace       used 34704K, capacity 35268K, committed 35552K, reserved 1081344K
  class space    used 3628K, capacity 3814K, committed 3836K, reserved 1048576K
2017-03-31T05:02:16.128+0200: 596.855: [GC (Allocation Failure) 2017-03-31T05:02:16.128+0200: 596.855: [ParNew
Desired survivor size 20112992 bytes, new threshold 8 (max 8)
- age   1:    3595624 bytes,    3595624 total
- age   2:    3113968 bytes,    6709592 total
- age   3:    1094368 bytes,    7803960 total
- age   4:       6792 bytes,    7810752 total
- age   5:       4616 bytes,    7815368 total
- age   6:       9896 bytes,    7825264 total
- age   7:       7144 bytes,    7832408 total
- age   8:       5136 bytes,    7837544 total
: 94116K->9742K(109248K), 0.0341946 secs] 110821K->26451K(502464K), 0.0342533 secs] [Times: user=0.03 sys=0.00, real=0.03 secs] 
Heap after GC invocations=635 (full 1):
 par new generation   total 109248K, used 9742K [0x00000000e0000000, 0x00000000e8000000, 0x00000000e8000000)
  eden space 87424K,   0% used [0x00000000e0000000, 0x00000000e0000000, 0x00000000e5560000)
  from space 21824K,  44% used [0x00000000e6ab0000, 0x00000000e7433af0, 0x00000000e8000000)
  to   space 21824K,   0% used [0x00000000e5560000, 0x00000000e5560000, 0x00000000e6ab0000)
 concurrent mark-sweep generation total 393216K, used 16708K [0x00000000e8000000, 0x0000000100000000, 0x0000000100000000)
 Metaspace       used 34704K, capacity 35268K, committed 35552K, reserved 1081344K
  class space    used 3628K, capacity 3814K, committed 3836K, reserved 1048576K
}
2017-03-31T05:02:16.163+0200: 596.889: Total time for which application threads were stopped: 0.0344289 seconds, Stopping threads took: 0.0000335 seconds
{Heap before GC invocations=635 (full 1):
 par new generation   total 109248K, used 97166K [0x00000000e0000000, 0x00000000e8000000, 0x00000000e8000000)
  eden space 87424K, 100% used [0x00000000e0000000, 0x00000000e5560000, 0x00000000e5560000)
  from space 21824K,  44% used [0x00000000e6ab0000, 0x00000000e7433af0, 0x00000000e8000000)
  to   space 21824K,   0% used [0x00000000e5560000, 0x00000000e5560000, 0x00000000e6ab0000)
 concurrent mark-sweep generation total 393216K, used 16708K [0x00000000e8000000, 0x0000000100000000, 0x0000000100000000)
 Metaspace       used 34704K, capacity 35268K, committed 35552K, reserved 1081344K
  class space    used 3628K, capacity 3814K, committed 3836K, reserved 1048576K
2017-03-31T05:02:16.554+0200: 597.281: [GC (Allocation Failure) 2017-03-31T05:02:16.555+0200: 597.281: [ParNew
Desired survivor size 20112992 bytes, new threshold 8 (max 8)
- age   1:    4636040 bytes,    4636040 total
- age   2:    2462224 bytes,    7098264 total
- age   3:      10912 bytes,    7109176 total
- age   4:       6448 bytes,    7115624 total
- age   5:       6408 bytes,    7122032 total
- age   6:       4616 bytes,    7126648 total
- age   7:       9896 bytes,    7136544 total
- age   8:       7144 bytes,    7143688 total
: 97166K->9512K(109248K), 0.0272422 secs] 113875K->26226K(502464K), 0.0273288 secs] [Times: user=0.03 sys=0.00, real=0.03 secs] 
Heap after GC invocations=636 (full 1):
 par new generation   total 109248K, used 9512K [0x00000000e0000000, 0x00000000e8000000, 0x00000000e8000000)
  eden space 87424K,   0% used [0x00000000e0000000, 0x00000000e0000000, 0x00000000e5560000)
  from space 21824K,  43% used [0x00000000e5560000, 0x00000000e5eaa370, 0x00000000e6ab0000)
  to   space 21824K,   0% used [0x00000000e6ab0000, 0x00000000e6ab0000, 0x00000000e8000000)
 concurrent mark-sweep generation total 393216K, used 16713K [0x00000000e8000000, 0x0000000100000000, 0x0000000100000000)
 Metaspace       used 34704K, capacity 35268K, committed 35552K, reserved 1081344K
  class space    used 3628K, capacity 3814K, committed 3836K, reserved 1048576K
}
2017-03-31T05:02:16.582+0200: 597.308: Total time for which application threads were stopped: 0.0275175 seconds, Stopping threads took: 0.0000321 seconds
{Heap before GC invocations=636 (full 1):
 par new generation   total 109248K, used 96936K [0x00000000e0000000, 0x00000000e8000000, 0x00000000e8000000)
  eden space 87424K, 100% used [0x00000000e0000000, 0x00000000e5560000, 0x00000000e5560000)
  from space 21824K,  43% used [0x00000000e5560000, 0x00000000e5eaa370, 0x00000000e6ab0000)
  to   space 21824K,   0% used [0x00000000e6ab0000, 0x00000000e6ab0000, 0x00000000e8000000)
 concurrent mark-sweep generation total 393216K, used 16713K [0x00000000e8000000, 0x0000000100000000, 0x0000000100000000)
 Metaspace       used 34704K, capacity 35268K, committed 35552K, reserved 1081344K
  class space    used 3628K, capacity 3814K, committed 3836K, reserved 1048576K
2017-03-31T05:02:16.915+0200: 597.642: [GC (Allocation Failure) 2017-03-31T05:02:16.915+0200: 597.642: [ParNew
Desired survivor size 20112992 bytes, new threshold 8 (max 8)
- age   1:    3406232 bytes,    3406232 total
- age   2:    2016952 bytes,    5423184 total
- age   3:      14368 bytes,    5437552 total
- age   4:      10912 bytes,    5448464 total
- age   5:       6384 bytes,    5454848 total
- age   6:       6408 bytes,    5461256 total
- age   7:       4616 bytes,    5465872 total
- age   8:       9688 bytes,    5475560 total
: 96936K->8403K(109248K), 0.0226262 secs] 113650K->25123K(502464K), 0.0227159 secs] [Times: user=0.02 sys=0.00, real=0.03 secs] 
Heap after GC invocations=637 (full 1):
 par new generation   total 109248K, used 8403K [0x00000000e0000000, 0x00000000e8000000, 0x00000000e8000000)
  eden space 87424K,   0% used [0x00000000e0000000, 0x00000000e0000000, 0x00000000e5560000)
  from space 21824K,  38% used [0x00000000e6ab0000, 0x00000000e72e4cc0, 0x00000000e8000000)
  to   space 21824K,   0% used [0x00000000e5560000, 0x00000000e5560000, 0x00000000e6ab0000)
 concurrent mark-sweep generation total 393216K, used 16720K [0x00000000e8000000, 0x0000000100000000, 0x0000000100000000)
 Metaspace       used 34704K, capacity 35268K, committed 35552K, reserved 1081344K
  class space    used 3628K, capacity 3814K, committed 3836K, reserved 1048576K
}
2017-03-31T05:02:16.938+0200: 597.665: Total time for which application threads were stopped: 0.0229036 seconds, Stopping threads took: 0.0000196 seconds
{Heap before GC invocations=637 (full 1):
 par new generation   total 109248K, used 95827K [0x00000000e0000000, 0x00000000e8000000, 0x00000000e8000000)
  eden space 87424K, 100% used [0x00000000e0000000, 0x00000000e5560000, 0x00000000e5560000)
  from space 21824K,  38% used [0x00000000e6ab0000, 0x00000000e72e4cc0, 0x00000000e8000000)
  to   space 21824K,   0% used [0x00000000e5560000, 0x00000000e5560000, 0x00000000e6ab0000)
 concurrent mark-sweep generation total 393216K, used 16720K [0x00000000e8000000, 0x0000000100000000, 0x0000000100000000)
 Metaspace       used 34704K, capacity 35268K, committed 35552K, reserved 1081344K
  class space    used 3628K, capacity 3814K, committed 3836K, reserved 1048576K
2017-03-31T05:02:17.206+0200: 597.933: [GC (Allocation Failure) 2017-03-31T05:02:17.206+0200: 597.933: [ParNew
Desired survivor size 20112992 bytes, new threshold 8 (max 8)
- age   1:    3468680 bytes,    3468680 total
- age   2:    2872568 bytes,    6341248 total
- age   3:    1704136 bytes,    8045384 total
- age   4:       5280 bytes,    8050664 total
- age   5:      10912 bytes,    8061576 total
- age   6:       6384 bytes,    8067960 total
- age   7:       6408 bytes,    8074368 total
- age   8:       4616 bytes,    8078984 total
: 95827K->9612K(109248K), 0.0178163 secs] 112547K->26343K(502464K), 0.0178768 secs] [Times: user=0.02 sys=0.00, real=0.02 secs] 
Heap after GC invocations=638 (full 1):
 par new generation   total 109248K, used 9612K [0x00000000e0000000, 0x00000000e8000000, 0x00000000e8000000)
  eden space 87424K,   0% used [0x00000000e0000000, 0x00000000e0000000, 0x00000000e5560000)
  from space 21824K,  44% used [0x00000000e5560000, 0x00000000e5ec3310, 0x00000000e6ab0000)
  to   space 21824K,   0% used [0x00000000e6ab0000, 0x00000000e6ab0000, 0x00000000e8000000)
 concurrent mark-sweep generation total 393216K, used 16730K [0x00000000e8000000, 0x0000000100000000, 0x0000000100000000)
 Metaspace       used 34704K, capacity 35268K, committed 35552K, reserved 1081344K
  class space    used 3628K, capacity 3814K, committed 3836K, reserved 1048576K
}
2017-03-31T05:02:17.224+0200: 597.951: Total time for which application threads were stopped: 0.0180249 seconds, Stopping threads took: 0.0000276 seconds
{Heap before GC invocations=638 (full 1):
 par new generation   total 109248K, used 97036K [0x00000000e0000000, 0x00000000e8000000, 0x00000000e8000000)
  eden space 87424K, 100% used [0x00000000e0000000, 0x00000000e5560000, 0x00000000e5560000)
  from space 21824K,  44% used [0x00000000e5560000, 0x00000000e5ec3310, 0x00000000e6ab0000)
  to   space 21824K,   0% used [0x00000000e6ab0000, 0x00000000e6ab0000, 0x00000000e8000000)
 concurrent mark-sweep generation total 393216K, used 16730K [0x00000000e8000000, 0x0000000100000000, 0x0000000100000000)
 Metaspace       used 34704K, capacity 35268K, committed 35552K, reserved 1081344K
  class space    used 3628K, capacity 3814K, committed 3836K, reserved 1048576K
2017-03-31T05:02:17.823+0200: 598.550: [GC (Allocation Failure) 2017-03-31T05:02:17.824+0200: 598.550: [ParNew
Desired survivor size 20112992 bytes, new threshold 8 (max 8)
- age   1:    4513896 bytes,    4513896 total
- age   2:    2792360 bytes,    7306256 total
- age   3:       4440 bytes,    7310696 total
- age   4:       7056 bytes,    7317752 total
- age   5:       5152 bytes,    7322904 total
- age   6:      10216 bytes,    7333120 total
- age   7:       6384 bytes,    7339504 total
- age   8:       6408 bytes,    7345912 total
: 97036K->11315K(109248K), 0.0299454 secs] 113767K->28050K(502464K), 0.0300177 secs] [Times: user=0.03 sys=0.00, real=0.03 secs] 
Heap after GC invocations=639 (full 1):
 par new generation   total 109248K, used 11315K [0x00000000e0000000, 0x00000000e8000000, 0x00000000e8000000)
  eden space 87424K,   0% used [0x00000000e0000000, 0x00000000e0000000, 0x00000000e5560000)
  from space 21824K,  51% used [0x00000000e6ab0000, 0x00000000e75bce38, 0x00000000e8000000)
  to   space 21824K,   0% used [0x00000000e5560000, 0x00000000e5560000, 0x00000000e6ab0000)
 concurrent mark-sweep generation total 393216K, used 16735K [0x00000000e8000000, 0x0000000100000000, 0x0000000100000000)
 Metaspace       used 34704K, capacity 35268K, committed 35552K, reserved 1081344K
  class space    used 3628K, capacity 3814K, committed 3836K, reserved 1048576K
}
2017-03-31T05:02:17.854+0200: 598.580: Total time for which application threads were stopped: 0.0301740 seconds, Stopping threads took: 0.0000298 seconds
{Heap before GC invocations=639 (full 1):
 par new generation   total 109248K, used 98739K [0x00000000e0000000, 0x00000000e8000000, 0x00000000e8000000)
  eden space 87424K, 100% used [0x00000000e0000000, 0x00000000e5560000, 0x00000000e5560000)
  from space 21824K,  51% used [0x00000000e6ab0000, 0x00000000e75bce38, 0x00000000e8000000)
  to   space 21824K,   0% used [0x00000000e5560000, 0x00000000e5560000, 0x00000000e6ab0000)
 concurrent mark-sweep generation total 393216K, used 16735K [0x00000000e8000000, 0x0000000100000000, 0x0000000100000000)
 Metaspace       used 34704K, capacity 35268K, committed 35552K, reserved 1081344K
  class space    used 3628K, capacity 3814K, committed 3836K, reserved 1048576K
2017-03-31T05:02:18.362+0200: 599.088: [GC (Allocation Failure) 2017-03-31T05:02:18.362+0200: 599.088: [ParNew
Desired survivor size 20112992 bytes, new threshold 8 (max 8)
- age   1:    4135864 bytes,    4135864 total
- age   2:    2215416 bytes,    6351280 total
- age   3:       3704 bytes,    6354984 total
- age   4:       4416 bytes,    6359400 total
- age   5:       6672 bytes,    6366072 total
- age   6:       5152 bytes,    6371224 total
- age   7:      10216 bytes,    6381440 total
- age   8:       6384 bytes,    6387824 total
: 98739K->9377K(109248K), 0.0385664 secs] 115474K->26118K(502464K), 0.0386313 secs] [Times: user=0.04 sys=0.01, real=0.04 secs] 
Heap after GC invocations=640 (full 1):
 par new generation   total 109248K, used 9377K [0x00000000e0000000, 0x00000000e8000000, 0x00000000e8000000)
  eden space 87424K,   0% used [0x00000000e0000000, 0x00000000e0000000, 0x00000000e5560000)
  from space 21824K,  42% used [0x00000000e5560000, 0x00000000e5e88550, 0x00000000e6ab0000)
  to   space 21824K,   0% used [0x00000000e6ab0000, 0x00000000e6ab0000, 0x00000000e8000000)
 concurrent mark-sweep generation total 393216K, used 16741K [0x00000000e8000000, 0x0000000100000000, 0x0000000100000000)
 Metaspace       used 34704K, capacity 35268K, committed 35552K, reserved 1081344K
  class space    used 3628K, capacity 3814K, committed 3836K, reserved 1048576K
}
2017-03-31T05:02:18.400+0200: 599.127: Total time for which application threads were stopped: 0.0387935 seconds, Stopping threads took: 0.0000285 seconds
{Heap before GC invocations=640 (full 1):
 par new generation   total 109248K, used 96801K [0x00000000e0000000, 0x00000000e8000000, 0x00000000e8000000)
  eden space 87424K, 100% used [0x00000000e0000000, 0x00000000e5560000, 0x00000000e5560000)
  from space 21824K,  42% used [0x00000000e5560000, 0x00000000e5e88550, 0x00000000e6ab0000)
  to   space 21824K,   0% used [0x00000000e6ab0000, 0x00000000e6ab0000, 0x00000000e8000000)
 concurrent mark-sweep generation total 393216K, used 16741K [0x00000000e8000000, 0x0000000100000000, 0x0000000100000000)
 Metaspace       used 34704K, capacity 35268K, committed 35552K, reserved 1081344K
  class space    used 3628K, capacity 3814K, committed 3836K, reserved 1048576K
2017-03-31T05:02:18.736+0200: 599.462: [GC (Allocation Failure) 2017-03-31T05:02:18.736+0200: 599.462: [ParNew
Desired survivor size 20112992 bytes, new threshold 8 (max 8)
- age   1:    3616936 bytes,    3616936 total
- age   2:    3695088 bytes,    7312024 total
- age   3:    1984376 bytes,    9296400 total
- age   4:       3704 bytes,    9300104 total
- age   5:       4288 bytes,    9304392 total
- age   6:       6672 bytes,    9311064 total
- age   7:       5152 bytes,    9316216 total
- age   8:      10216 bytes,    9326432 total
: 96801K->10854K(109248K), 0.0400146 secs] 113542K->27601K(502464K), 0.0400809 secs] [Times: user=0.03 sys=0.00, real=0.04 secs] 
Heap after GC invocations=641 (full 1):
 par new generation   total 109248K, used 10854K [0x00000000e0000000, 0x00000000e8000000, 0x00000000e8000000)
  eden space 87424K,   0% used [0x00000000e0000000, 0x00000000e0000000, 0x00000000e5560000)
  from space 21824K,  49% used [0x00000000e6ab0000, 0x00000000e7549800, 0x00000000e8000000)
  to   space 21824K,   0% used [0x00000000e5560000, 0x00000000e5560000, 0x00000000e6ab0000)
 concurrent mark-sweep generation total 393216K, used 16747K [0x00000000e8000000, 0x0000000100000000, 0x0000000100000000)
 Metaspace       used 34704K, capacity 35268K, committed 35552K, reserved 1081344K
  class space    used 3628K, capacity 3814K, committed 3836K, reserved 1048576K
}
2017-03-31T05:02:18.776+0200: 599.502: Total time for which application threads were stopped: 0.0402304 seconds, Stopping threads took: 0.0000195 seconds
{Heap before GC invocations=641 (full 1):
 par new generation   total 109248K, used 98261K [0x00000000e0000000, 0x00000000e8000000, 0x00000000e8000000)
  eden space 87424K,  99% used [0x00000000e0000000, 0x00000000e555bd78, 0x00000000e5560000)
  from space 21824K,  49% used [0x00000000e6ab0000, 0x00000000e7549800, 0x00000000e8000000)
  to   space 21824K,   0% used [0x00000000e5560000, 0x00000000e5560000, 0x00000000e6ab0000)
 concurrent mark-sweep generation total 393216K, used 16747K [0x00000000e8000000, 0x0000000100000000, 0x0000000100000000)
 Metaspace       used 34704K, capacity 35268K, committed 35552K, reserved 1081344K
  class space    used 3628K, capacity 3814K, committed 3836K, reserved 1048576K
2017-03-31T05:02:19.252+0200: 599.979: [GC (Allocation Failure) 2017-03-31T05:02:19.252+0200: 599.979: [ParNew
Desired survivor size 20112992 bytes, new threshold 8 (max 8)
- age   1:    3745760 bytes,    3745760 total
- age   2:    2827944 bytes,    6573704 total
- age   3:    1090680 bytes,    7664384 total
- age   4:      10320 bytes,    7674704 total
- age   5:       3704 bytes,    7678408 total
- age   6:       4096 bytes,    7682504 total
- age   7:       6672 bytes,    7689176 total
- age   8:       5152 bytes,    7694328 total
: 98261K->13009K(109248K), 0.0253261 secs] 115009K->29767K(502464K), 0.0253922 secs] [Times: user=0.02 sys=0.00, real=0.02 secs] 
Heap after GC invocations=642 (full 1):
 par new generation   total 109248K, used 13009K [0x00000000e0000000, 0x00000000e8000000, 0x00000000e8000000)
  eden space 87424K,   0% used [0x00000000e0000000, 0x00000000e0000000, 0x00000000e5560000)
  from space 21824K,  59% used [0x00000000e5560000, 0x00000000e6214558, 0x00000000e6ab0000)
  to   space 21824K,   0% used [0x00000000e6ab0000, 0x00000000e6ab0000, 0x00000000e8000000)
 concurrent mark-sweep generation total 393216K, used 16758K [0x00000000e8000000, 0x0000000100000000, 0x0000000100000000)
 Metaspace       used 34704K, capacity 35268K, committed 35552K, reserved 1081344K
  class space    used 3628K, capacity 3814K, committed 3836K, reserved 1048576K
}
2017-03-31T05:02:19.278+0200: 600.004: Total time for which application threads were stopped: 0.0255495 seconds, Stopping threads took: 0.0000328 seconds
{Heap before GC invocations=642 (full 1):
 par new generation   total 109248K, used 100433K [0x00000000e0000000, 0x00000000e8000000, 0x00000000e8000000)
  eden space 87424K, 100% used [0x00000000e0000000, 0x00000000e5560000, 0x00000000e5560000)
  from space 21824K,  59% used [0x00000000e5560000, 0x00000000e6214558, 0x00000000e6ab0000)
  to   space 21824K,   0% used [0x00000000e6ab0000, 0x00000000e6ab0000, 0x00000000e8000000)
 concurrent mark-sweep generation total 393216K, used 16758K [0x00000000e8000000, 0x0000000100000000, 0x0000000100000000)
 Metaspace       used 34704K, capacity 35268K, committed 35552K, reserved 1081344K
  class space    used 3628K, capacity 3814K, committed 3836K, reserved 1048576K
2017-03-31T05:02:19.762+0200: 600.488: [GC (Allocation Failure) 2017-03-31T05:02:19.762+0200: 600.488: [ParNew
Desired survivor size 20112992 bytes, new threshold 8 (max 8)
- age   1:    4505848 bytes,    4505848 total
- age   2:    2537240 bytes,    7043088 total
- age   3:       9848 bytes,    7052936 total
- age   4:       6216 bytes,    7059152 total
- age   5:      10320 bytes,    7069472 total
- age   6:       3704 bytes,    7073176 total
- age   7:       4096 bytes,    7077272 total
- age   8:       6672 bytes,    7083944 total
: 100433K->9342K(109248K), 0.0230036 secs] 117191K->26105K(502464K), 0.0231497 secs] [Times: user=0.02 sys=0.00, real=0.02 secs] 
Heap after GC invocations=643 (full 1):
 par new generation   total 109248K, used 9342K [0x00000000e0000000, 0x00000000e8000000, 0x00000000e8000000)
  eden space 87424K,   0% used [0x00000000e0000000, 0x00000000e0000000, 0x00000000e5560000)
  from space 21824K,  42% used [0x00000000e6ab0000, 0x00000000e73cf9b0, 0x00000000e8000000)
  to   space 21824K,   0% used [0x00000000e5560000, 0x00000000e5560000, 0x00000000e6ab0000)
 concurrent mark-sweep generation total 393216K, used 16763K [0x00000000e8000000, 0x0000000100000000, 0x0000000100000000)
 Metaspace       used 34704K, capacity 35268K, committed 35552K, reserved 1081344K
  class space    used 3628K, capacity 3814K, committed 3836K, reserved 1048576K
}
2017-03-31T05:02:19.785+0200: 600.511: Total time for which application threads were stopped: 0.0235985 seconds, Stopping threads took: 0.0001095 seconds
{Heap before GC invocations=643 (full 1):
 par new generation   total 109248K, used 96766K [0x00000000e0000000, 0x00000000e8000000, 0x00000000e8000000)
  eden space 87424K, 100% used [0x00000000e0000000, 0x00000000e5560000, 0x00000000e5560000)
  from space 21824K,  42% used [0x00000000e6ab0000, 0x00000000e73cf9b0, 0x00000000e8000000)
  to   space 21824K,   0% used [0x00000000e5560000, 0x00000000e5560000, 0x00000000e6ab0000)
 concurrent mark-sweep generation total 393216K, used 16763K [0x00000000e8000000, 0x0000000100000000, 0x0000000100000000)
 Metaspace       used 34704K, capacity 35268K, committed 35552K, reserved 1081344K
  class space    used 3628K, capacity 3814K, committed 3836K, reserved 1048576K
2017-03-31T05:02:20.193+0200: 600.920: [GC (Allocation Failure) 2017-03-31T05:02:20.193+0200: 600.920: [ParNew
Desired survivor size 20112992 bytes, new threshold 8 (max 8)
- age   1:    3397408 bytes,    3397408 total
- age   2:    2054512 bytes,    5451920 total
- age   3:      14848 bytes,    5466768 total
- age   4:       9848 bytes,    5476616 total
- age   5:       6088 bytes,    5482704 total
- age   6:      10320 bytes,    5493024 total
- age   7:       3704 bytes,    5496728 total
- age   8:       4096 bytes,    5500824 total
: 96766K->7939K(109248K), 0.0294799 secs] 113529K->24708K(502464K), 0.0295740 secs] [Times: user=0.03 sys=0.00, real=0.03 secs] 
Heap after GC invocations=644 (full 1):
 par new generation   total 109248K, used 7939K [0x00000000e0000000, 0x00000000e8000000, 0x00000000e8000000)
  eden space 87424K,   0% used [0x00000000e0000000, 0x00000000e0000000, 0x00000000e5560000)
  from space 21824K,  36% used [0x00000000e5560000, 0x00000000e5d20c38, 0x00000000e6ab0000)
  to   space 21824K,   0% used [0x00000000e6ab0000, 0x00000000e6ab0000, 0x00000000e8000000)
 concurrent mark-sweep generation total 393216K, used 16769K [0x00000000e8000000, 0x0000000100000000, 0x0000000100000000)
 Metaspace       used 34704K, capacity 35268K, committed 35552K, reserved 1081344K
  class space    used 3628K, capacity 3814K, committed 3836K, reserved 1048576K
}
2017-03-31T05:02:20.223+0200: 600.949: Total time for which application threads were stopped: 0.0298409 seconds, Stopping threads took: 0.0000442 seconds
{Heap before GC invocations=644 (full 1):
 par new generation   total 109248K, used 95363K [0x00000000e0000000, 0x00000000e8000000, 0x00000000e8000000)
  eden space 87424K, 100% used [0x00000000e0000000, 0x00000000e5560000, 0x00000000e5560000)
  from space 21824K,  36% used [0x00000000e5560000, 0x00000000e5d20c38, 0x00000000e6ab0000)
  to   space 21824K,   0% used [0x00000000e6ab0000, 0x00000000e6ab0000, 0x00000000e8000000)
 concurrent mark-sweep generation total 393216K, used 16769K [0x00000000e8000000, 0x0000000100000000, 0x0000000100000000)
 Metaspace       used 34704K, capacity 35268K, committed 35552K, reserved 1081344K
  class space    used 3628K, capacity 3814K, committed 3836K, reserved 1048576K
2017-03-31T05:02:20.618+0200: 601.344: [GC (Allocation Failure) 2017-03-31T05:02:20.618+0200: 601.345: [ParNew
Desired survivor size 20112992 bytes, new threshold 8 (max 8)
- age   1:    3533952 bytes,    3533952 total
- age   2:    2947104 bytes,    6481056 total
- age   3:    1594968 bytes,    8076024 total
- age   4:       5760 bytes,    8081784 total
- age   5:       9176 bytes,    8090960 total
- age   6:       6024 bytes,    8096984 total
- age   7:      10320 bytes,    8107304 total
- age   8:       3704 bytes,    8111008 total
: 95363K->10054K(109248K), 0.0324387 secs] 112132K->26827K(502464K), 0.0325854 secs] [Times: user=0.04 sys=0.00, real=0.03 secs] 
Heap after GC invocations=645 (full 1):
 par new generation   total 109248K, used 10054K [0x00000000e0000000, 0x00000000e8000000, 0x00000000e8000000)
  eden space 87424K,   0% used [0x00000000e0000000, 0x00000000e0000000, 0x00000000e5560000)
  from space 21824K,  46% used [0x00000000e6ab0000, 0x00000000e7481850, 0x00000000e8000000)
  to   space 21824K,   0% used [0x00000000e5560000, 0x00000000e5560000, 0x00000000e6ab0000)
 concurrent mark-sweep generation total 393216K, used 16773K [0x00000000e8000000, 0x0000000100000000, 0x0000000100000000)
 Metaspace       used 34704K, capacity 35268K, committed 35552K, reserved 1081344K
  class space    used 3628K, capacity 3814K, committed 3836K, reserved 1048576K
}
2017-03-31T05:02:20.651+0200: 601.377: Total time for which application threads were stopped: 0.0330010 seconds, Stopping threads took: 0.0000385 seconds
{Heap before GC invocations=645 (full 1):
 par new generation   total 109248K, used 97478K [0x00000000e0000000, 0x00000000e8000000, 0x00000000e8000000)
  eden space 87424K, 100% used [0x00000000e0000000, 0x00000000e5560000, 0x00000000e5560000)
  from space 21824K,  46% used [0x00000000e6ab0000, 0x00000000e7481850, 0x00000000e8000000)
  to   space 21824K,   0% used [0x00000000e5560000, 0x00000000e5560000, 0x00000000e6ab0000)
 concurrent mark-sweep generation total 393216K, used 16773K [0x00000000e8000000, 0x0000000100000000, 0x0000000100000000)
 Metaspace       used 34704K, capacity 35268K, committed 35552K, reserved 1081344K
  class space    used 3628K, capacity 3814K, committed 3836K, reserved 1048576K
2017-03-31T05:02:21.163+0200: 601.889: [GC (Allocation Failure) 2017-03-31T05:02:21.163+0200: 601.889: [ParNew
Desired survivor size 20112992 bytes, new threshold 8 (max 8)
- age   1:    4535952 bytes,    4535952 total
- age   2:    2848624 bytes,    7384576 total
- age   3:       4504 bytes,    7389080 total
- age   4:       6320 bytes,    7395400 total
- age   5:       5568 bytes,    7400968 total
- age   6:       9176 bytes,    7410144 total
- age   7:       6024 bytes,    7416168 total
- age   8:      10344 bytes,    7426512 total
: 97478K->13317K(109248K), 0.0273577 secs] 114251K->30095K(502464K), 0.0274233 secs] [Times: user=0.03 sys=0.00, real=0.03 secs] 
Heap after GC invocations=646 (full 1):
 par new generation   total 109248K, used 13317K [0x00000000e0000000, 0x00000000e8000000, 0x00000000e8000000)
  eden space 87424K,   0% used [0x00000000e0000000, 0x00000000e0000000, 0x00000000e5560000)
  from space 21824K,  61% used [0x00000000e5560000, 0x00000000e62616c0, 0x00000000e6ab0000)
  to   space 21824K,   0% used [0x00000000e6ab0000, 0x00000000e6ab0000, 0x00000000e8000000)
 concurrent mark-sweep generation total 393216K, used 16777K [0x00000000e8000000, 0x0000000100000000, 0x0000000100000000)
 Metaspace       used 34704K, capacity 35268K, committed 35552K, reserved 1081344K
  class space    used 3628K, capacity 3814K, committed 3836K, reserved 1048576K
}
2017-03-31T05:02:21.190+0200: 601.917: Total time for which application threads were stopped: 0.0275815 seconds, Stopping threads took: 0.0000315 seconds
{Heap before GC invocations=646 (full 1):
 par new generation   total 109248K, used 100741K [0x00000000e0000000, 0x00000000e8000000, 0x00000000e8000000)
  eden space 87424K, 100% used [0x00000000e0000000, 0x00000000e5560000, 0x00000000e5560000)
  from space 21824K,  61% used [0x00000000e5560000, 0x00000000e62616c0, 0x00000000e6ab0000)
  to   space 21824K,   0% used [0x00000000e6ab0000, 0x00000000e6ab0000, 0x00000000e8000000)
 concurrent mark-sweep generation total 393216K, used 16777K [0x00000000e8000000, 0x0000000100000000, 0x0000000100000000)
 Metaspace       used 34704K, capacity 35268K, committed 35552K, reserved 1081344K
  class space    used 3628K, capacity 3814K, committed 3836K, reserved 1048576K
2017-03-31T05:02:21.576+0200: 602.302: [GC (Allocation Failure) 2017-03-31T05:02:21.576+0200: 602.302: [ParNew
Desired survivor size 20112992 bytes, new threshold 8 (max 8)
- age   1:    4607544 bytes,    4607544 total
- age   2:    2207648 bytes,    6815192 total
- age   3:      10480 bytes,    6825672 total
- age   4:       4504 bytes,    6830176 total
- age   5:       6128 bytes,    6836304 total
- age   6:       5376 bytes,    6841680 total
- age   7:       9176 bytes,    6850856 total
- age   8:       6024 bytes,    6856880 total
: 100741K->8317K(109248K), 0.0222919 secs] 117519K->25105K(502464K), 0.0223732 secs] [Times: user=0.02 sys=0.00, real=0.02 secs] 
Heap after GC invocations=647 (full 1):
 par new generation   total 109248K, used 8317K [0x00000000e0000000, 0x00000000e8000000, 0x00000000e8000000)
  eden space 87424K,   0% used [0x00000000e0000000, 0x00000000e0000000, 0x00000000e5560000)
  from space 21824K,  38% used [0x00000000e6ab0000, 0x00000000e72cf5d8, 0x00000000e8000000)
  to   space 21824K,   0% used [0x00000000e5560000, 0x00000000e5560000, 0x00000000e6ab0000)
 concurrent mark-sweep generation total 393216K, used 16787K [0x00000000e8000000, 0x0000000100000000, 0x0000000100000000)
 Metaspace       used 34704K, capacity 35268K, committed 35552K, reserved 1081344K
  class space    used 3628K, capacity 3814K, committed 3836K, reserved 1048576K
}
2017-03-31T05:02:21.598+0200: 602.325: Total time for which application threads were stopped: 0.0270934 seconds, Stopping threads took: 0.0045703 seconds
{Heap before GC invocations=647 (full 1):
 par new generation   total 109248K, used 95741K [0x00000000e0000000, 0x00000000e8000000, 0x00000000e8000000)
  eden space 87424K, 100% used [0x00000000e0000000, 0x00000000e5560000, 0x00000000e5560000)
  from space 21824K,  38% used [0x00000000e6ab0000, 0x00000000e72cf5d8, 0x00000000e8000000)
  to   space 21824K,   0% used [0x00000000e5560000, 0x00000000e5560000, 0x00000000e6ab0000)
 concurrent mark-sweep generation total 393216K, used 16787K [0x00000000e8000000, 0x0000000100000000, 0x0000000100000000)
 Metaspace       used 34704K, capacity 35268K, committed 35552K, reserved 1081344K
  class space    used 3628K, capacity 3814K, committed 3836K, reserved 1048576K
2017-03-31T05:02:21.889+0200: 602.615: [GC (Allocation Failure) 2017-03-31T05:02:21.889+0200: 602.615: [ParNew
Desired survivor size 20112992 bytes, new threshold 8 (max 8)
- age   1:    3508416 bytes,    3508416 total
- age   2:    1618384 bytes,    5126800 total
- age   3:      13944 bytes,    5140744 total
- age   4:      10416 bytes,    5151160 total
- age   5:       4376 bytes,    5155536 total
- age   6:       6128 bytes,    5161664 total
- age   7:       5376 bytes,    5167040 total
- age   8:       9176 bytes,    5176216 total
: 95741K->10111K(109248K), 0.0186454 secs] 112529K->26905K(502464K), 0.0187129 secs] [Times: user=0.01 sys=0.01, real=0.01 secs] 
Heap after GC invocations=648 (full 1):
 par new generation   total 109248K, used 10111K [0x00000000e0000000, 0x00000000e8000000, 0x00000000e8000000)
  eden space 87424K,   0% used [0x00000000e0000000, 0x00000000e0000000, 0x00000000e5560000)
  from space 21824K,  46% used [0x00000000e5560000, 0x00000000e5f3fff8, 0x00000000e6ab0000)
  to   space 21824K,   0% used [0x00000000e6ab0000, 0x00000000e6ab0000, 0x00000000e8000000)
 concurrent mark-sweep generation total 393216K, used 16793K [0x00000000e8000000, 0x0000000100000000, 0x0000000100000000)
 Metaspace       used 34704K, capacity 35268K, committed 35552K, reserved 1081344K
  class space    used 3628K, capacity 3814K, committed 3836K, reserved 1048576K
}
2017-03-31T05:02:21.908+0200: 602.634: Total time for which application threads were stopped: 0.0188702 seconds, Stopping threads took: 0.0000203 seconds
{Heap before GC invocations=648 (full 1):
 par new generation   total 109248K, used 97535K [0x00000000e0000000, 0x00000000e8000000, 0x00000000e8000000)
  eden space 87424K, 100% used [0x00000000e0000000, 0x00000000e5560000, 0x00000000e5560000)
  from space 21824K,  46% used [0x00000000e5560000, 0x00000000e5f3fff8, 0x00000000e6ab0000)
  to   space 21824K,   0% used [0x00000000e6ab0000, 0x00000000e6ab0000, 0x00000000e8000000)
 concurrent mark-sweep generation total 393216K, used 16793K [0x00000000e8000000, 0x0000000100000000, 0x0000000100000000)
 Metaspace       used 34704K, capacity 35268K, committed 35552K, reserved 1081344K
  class space    used 3628K, capacity 3814K, committed 3836K, reserved 1048576K
2017-03-31T05:02:22.251+0200: 602.978: [GC (Allocation Failure) 2017-03-31T05:02:22.251+0200: 602.978: [ParNew
Desired survivor size 20112992 bytes, new threshold 8 (max 8)
- age   1:    3561568 bytes,    3561568 total
- age   2:    3075616 bytes,    6637184 total
- age   3:    1148096 bytes,    7785280 total
- age   4:       7128 bytes,    7792408 total
- age   5:       9712 bytes,    7802120 total
- age   6:       4376 bytes,    7806496 total
- age   7:       6128 bytes,    7812624 total
- age   8:       5376 bytes,    7818000 total
: 97535K->9291K(109248K), 0.0215573 secs] 114329K->26094K(502464K), 0.0216280 secs] [Times: user=0.01 sys=0.01, real=0.02 secs] 
Heap after GC invocations=649 (full 1):
 par new generation   total 109248K, used 9291K [0x00000000e0000000, 0x00000000e8000000, 0x00000000e8000000)
  eden space 87424K,   0% used [0x00000000e0000000, 0x00000000e0000000, 0x00000000e5560000)
  from space 21824K,  42% used [0x00000000e6ab0000, 0x00000000e73c2d78, 0x00000000e8000000)
  to   space 21824K,   0% used [0x00000000e5560000, 0x00000000e5560000, 0x00000000e6ab0000)
 concurrent mark-sweep generation total 393216K, used 16802K [0x00000000e8000000, 0x0000000100000000, 0x0000000100000000)
 Metaspace       used 34704K, capacity 35268K, committed 35552K, reserved 1081344K
  class space    used 3628K, capacity 3814K, committed 3836K, reserved 1048576K
}
2017-03-31T05:02:22.273+0200: 602.999: Total time for which application threads were stopped: 0.0217959 seconds, Stopping threads took: 0.0000328 seconds
{Heap before GC invocations=649 (full 1):
 par new generation   total 109248K, used 96715K [0x00000000e0000000, 0x00000000e8000000, 0x00000000e8000000)
  eden space 87424K, 100% used [0x00000000e0000000, 0x00000000e5560000, 0x00000000e5560000)
  from space 21824K,  42% used [0x00000000e6ab0000, 0x00000000e73c2d78, 0x00000000e8000000)
  to   space 21824K,   0% used [0x00000000e5560000, 0x00000000e5560000, 0x00000000e6ab0000)
 concurrent mark-sweep generation total 393216K, used 16802K [0x00000000e8000000, 0x0000000100000000, 0x0000000100000000)
 Metaspace       used 34704K, capacity 35268K, committed 35552K, reserved 1081344K
  class space    used 3628K, capacity 3814K, committed 3836K, reserved 1048576K
2017-03-31T05:02:22.687+0200: 603.414: [GC (Allocation Failure) 2017-03-31T05:02:22.687+0200: 603.414: [ParNew
Desired survivor size 20112992 bytes, new threshold 8 (max 8)
- age   1:    4268256 bytes,    4268256 total
- age   2:    2566136 bytes,    6834392 total
- age   3:       3720 bytes,    6838112 total
- age   4:       6776 bytes,    6844888 total
- age   5:       6936 bytes,    6851824 total
- age   6:       9712 bytes,    6861536 total
- age   7:       4352 bytes,    6865888 total
- age   8:       6128 bytes,    6872016 total
: 96715K->12168K(109248K), 0.0278807 secs] 113518K->28976K(502464K), 0.0279539 secs] [Times: user=0.03 sys=0.00, real=0.03 secs] 
Heap after GC invocations=650 (full 1):
 par new generation   total 109248K, used 12168K [0x00000000e0000000, 0x00000000e8000000, 0x00000000e8000000)
  eden space 87424K,   0% used [0x00000000e0000000, 0x00000000e0000000, 0x00000000e5560000)
  from space 21824K,  55% used [0x00000000e5560000, 0x00000000e6142100, 0x00000000e6ab0000)
  to   space 21824K,   0% used [0x00000000e6ab0000, 0x00000000e6ab0000, 0x00000000e8000000)
 concurrent mark-sweep generation total 393216K, used 16808K [0x00000000e8000000, 0x0000000100000000, 0x0000000100000000)
 Metaspace       used 34704K, capacity 35268K, committed 35552K, reserved 1081344K
  class space    used 3628K, capacity 3814K, committed 3836K, reserved 1048576K
}
2017-03-31T05:02:22.715+0200: 603.442: Total time for which application threads were stopped: 0.0281778 seconds, Stopping threads took: 0.0000308 seconds
{Heap before GC invocations=650 (full 1):
 par new generation   total 109248K, used 99592K [0x00000000e0000000, 0x00000000e8000000, 0x00000000e8000000)
  eden space 87424K, 100% used [0x00000000e0000000, 0x00000000e5560000, 0x00000000e5560000)
  from space 21824K,  55% used [0x00000000e5560000, 0x00000000e6142100, 0x00000000e6ab0000)
  to   space 21824K,   0% used [0x00000000e6ab0000, 0x00000000e6ab0000, 0x00000000e8000000)
 concurrent mark-sweep generation total 393216K, used 16808K [0x00000000e8000000, 0x0000000100000000, 0x0000000100000000)
 Metaspace       used 34704K, capacity 35268K, committed 35552K, reserved 1081344K
  class space    used 3628K, capacity 3814K, committed 3836K, reserved 1048576K
2017-03-31T05:02:22.988+0200: 603.714: [GC (Allocation Failure) 2017-03-31T05:02:22.988+0200: 603.714: [ParNew
Desired survivor size 20112992 bytes, new threshold 8 (max 8)
- age   1:    2949136 bytes,    2949136 total
- age   2:    3833576 bytes,    6782712 total
- age   3:    2411608 bytes,    9194320 total
- age   4:       3720 bytes,    9198040 total
- age   5:       6776 bytes,    9204816 total
- age   6:       6936 bytes,    9211752 total
- age   7:       9712 bytes,    9221464 total
- age   8:       4352 bytes,    9225816 total
: 99592K->11195K(109248K), 0.0199191 secs] 116400K->28010K(502464K), 0.0199759 secs] [Times: user=0.02 sys=0.00, real=0.01 secs] 
Heap after GC invocations=651 (full 1):
 par new generation   total 109248K, used 11195K [0x00000000e0000000, 0x00000000e8000000, 0x00000000e8000000)
  eden space 87424K,   0% used [0x00000000e0000000, 0x00000000e0000000, 0x00000000e5560000)
  from space 21824K,  51% used [0x00000000e6ab0000, 0x00000000e759eef0, 0x00000000e8000000)
  to   space 21824K,   0% used [0x00000000e5560000, 0x00000000e5560000, 0x00000000e6ab0000)
 concurrent mark-sweep generation total 393216K, used 16814K [0x00000000e8000000, 0x0000000100000000, 0x0000000100000000)
 Metaspace       used 34704K, capacity 35268K, committed 35552K, reserved 1081344K
  class space    used 3628K, capacity 3814K, committed 3836K, reserved 1048576K
}
2017-03-31T05:02:23.008+0200: 603.734: Total time for which application threads were stopped: 0.0201911 seconds, Stopping threads took: 0.0000226 seconds
{Heap before GC invocations=651 (full 1):
 par new generation   total 109248K, used 98619K [0x00000000e0000000, 0x00000000e8000000, 0x00000000e8000000)
  eden space 87424K, 100% used [0x00000000e0000000, 0x00000000e5560000, 0x00000000e5560000)
  from space 21824K,  51% used [0x00000000e6ab0000, 0x00000000e759eef0, 0x00000000e8000000)
  to   space 21824K,   0% used [0x00000000e5560000, 0x00000000e5560000, 0x00000000e6ab0000)
 concurrent mark-sweep generation total 393216K, used 16814K [0x00000000e8000000, 0x0000000100000000, 0x0000000100000000)
 Metaspace       used 34704K, capacity 35268K, committed 35552K, reserved 1081344K
  class space    used 3628K, capacity 3814K, committed 3836K, reserved 1048576K
2017-03-31T05:02:23.343+0200: 604.069: [GC (Allocation Failure) 2017-03-31T05:02:23.343+0200: 604.069: [ParNew
Desired survivor size 20112992 bytes, new threshold 8 (max 8)
- age   1:    3544096 bytes,    3544096 total
- age   2:    2605496 bytes,    6149592 total
- age   3:    1601456 bytes,    7751048 total
- age   4:      11016 bytes,    7762064 total
- age   5:       3720 bytes,    7765784 total
- age   6:       6712 bytes,    7772496 total
- age   7:       6936 bytes,    7779432 total
- age   8:       9712 bytes,    7789144 total
: 98619K->13224K(109248K), 0.0218107 secs] 115434K->30043K(502464K), 0.0218899 secs] [Times: user=0.02 sys=0.00, real=0.02 secs] 
Heap after GC invocations=652 (full 1):
 par new generation   total 109248K, used 13224K [0x00000000e0000000, 0x00000000e8000000, 0x00000000e8000000)
  eden space 87424K,   0% used [0x00000000e0000000, 0x00000000e0000000, 0x00000000e5560000)
  from space 21824K,  60% used [0x00000000e5560000, 0x00000000e624a258, 0x00000000e6ab0000)
  to   space 21824K,   0% used [0x00000000e6ab0000, 0x00000000e6ab0000, 0x00000000e8000000)
 concurrent mark-sweep generation total 393216K, used 16818K [0x00000000e8000000, 0x0000000100000000, 0x0000000100000000)
 Metaspace       used 34704K, capacity 35268K, committed 35552K, reserved 1081344K
  class space    used 3628K, capacity 3814K, committed 3836K, reserved 1048576K
}
2017-03-31T05:02:23.365+0200: 604.091: Total time for which application threads were stopped: 0.0220539 seconds, Stopping threads took: 0.0000340 seconds
{Heap before GC invocations=652 (full 1):
 par new generation   total 109248K, used 100648K [0x00000000e0000000, 0x00000000e8000000, 0x00000000e8000000)
  eden space 87424K, 100% used [0x00000000e0000000, 0x00000000e5560000, 0x00000000e5560000)
  from space 21824K,  60% used [0x00000000e5560000, 0x00000000e624a258, 0x00000000e6ab0000)
  to   space 21824K,   0% used [0x00000000e6ab0000, 0x00000000e6ab0000, 0x00000000e8000000)
 concurrent mark-sweep generation total 393216K, used 16818K [0x00000000e8000000, 0x0000000100000000, 0x0000000100000000)
 Metaspace       used 34704K, capacity 35268K, committed 35552K, reserved 1081344K
  class space    used 3628K, capacity 3814K, committed 3836K, reserved 1048576K
2017-03-31T05:02:23.777+0200: 604.503: [GC (Allocation Failure) 2017-03-31T05:02:23.777+0200: 604.503: [ParNew
Desired survivor size 20112992 bytes, new threshold 8 (max 8)
- age   1:    4620520 bytes,    4620520 total
- age   2:    2626400 bytes,    7246920 total
- age   3:       3424 bytes,    7250344 total
- age   4:       7920 bytes,    7258264 total
- age   5:      10216 bytes,    7268480 total
- age   6:       3592 bytes,    7272072 total
- age   7:       6712 bytes,    7278784 total
- age   8:       6912 bytes,    7285696 total
: 100648K->10424K(109248K), 0.0215718 secs] 117467K->27247K(502464K), 0.0216381 secs] [Times: user=0.02 sys=0.00, real=0.02 secs] 
Heap after GC invocations=653 (full 1):
 par new generation   total 109248K, used 10424K [0x00000000e0000000, 0x00000000e8000000, 0x00000000e8000000)
  eden space 87424K,   0% used [0x00000000e0000000, 0x00000000e0000000, 0x00000000e5560000)
  from space 21824K,  47% used [0x00000000e6ab0000, 0x00000000e74de3a0, 0x00000000e8000000)
  to   space 21824K,   0% used [0x00000000e5560000, 0x00000000e5560000, 0x00000000e6ab0000)
 concurrent mark-sweep generation total 393216K, used 16822K [0x00000000e8000000, 0x0000000100000000, 0x0000000100000000)
 Metaspace       used 34704K, capacity 35268K, committed 35552K, reserved 1081344K
  class space    used 3628K, capacity 3814K, committed 3836K, reserved 1048576K
}
2017-03-31T05:02:23.799+0200: 604.525: Total time for which application threads were stopped: 0.0219107 seconds, Stopping threads took: 0.0000331 seconds
{Heap before GC invocations=653 (full 1):
 par new generation   total 109248K, used 97848K [0x00000000e0000000, 0x00000000e8000000, 0x00000000e8000000)
  eden space 87424K, 100% used [0x00000000e0000000, 0x00000000e5560000, 0x00000000e5560000)
  from space 21824K,  47% used [0x00000000e6ab0000, 0x00000000e74de3a0, 0x00000000e8000000)
  to   space 21824K,   0% used [0x00000000e5560000, 0x00000000e5560000, 0x00000000e6ab0000)
 concurrent mark-sweep generation total 393216K, used 16822K [0x00000000e8000000, 0x0000000100000000, 0x0000000100000000)
 Metaspace       used 34704K, capacity 35268K, committed 35552K, reserved 1081344K
  class space    used 3628K, capacity 3814K, committed 3836K, reserved 1048576K
2017-03-31T05:02:24.177+0200: 604.904: [GC (Allocation Failure) 2017-03-31T05:02:24.177+0200: 604.904: [ParNew
Desired survivor size 20112992 bytes, new threshold 8 (max 8)
- age   1:    3158920 bytes,    3158920 total
- age   2:    2207952 bytes,    5366872 total
- age   3:      20320 bytes,    5387192 total
- age   4:       3424 bytes,    5390616 total
- age   5:       7920 bytes,    5398536 total
- age   6:      10216 bytes,    5408752 total
- age   7:       3592 bytes,    5412344 total
- age   8:       6712 bytes,    5419056 total
: 97848K->8135K(109248K), 0.0253853 secs] 114671K->24965K(502464K), 0.0254586 secs] [Times: user=0.02 sys=0.00, real=0.03 secs] 
Heap after GC invocations=654 (full 1):
 par new generation   total 109248K, used 8135K [0x00000000e0000000, 0x00000000e8000000, 0x00000000e8000000)
  eden space 87424K,   0% used [0x00000000e0000000, 0x00000000e0000000, 0x00000000e5560000)
  from space 21824K,  37% used [0x00000000e5560000, 0x00000000e5d51e98, 0x00000000e6ab0000)
  to   space 21824K,   0% used [0x00000000e6ab0000, 0x00000000e6ab0000, 0x00000000e8000000)
 concurrent mark-sweep generation total 393216K, used 16829K [0x00000000e8000000, 0x0000000100000000, 0x0000000100000000)
 Metaspace       used 34704K, capacity 35268K, committed 35552K, reserved 1081344K
  class space    used 3628K, capacity 3814K, committed 3836K, reserved 1048576K
}
2017-03-31T05:02:24.203+0200: 604.929: Total time for which application threads were stopped: 0.0256208 seconds, Stopping threads took: 0.0000235 seconds
{Heap before GC invocations=654 (full 1):
 par new generation   total 109248K, used 95559K [0x00000000e0000000, 0x00000000e8000000, 0x00000000e8000000)
  eden space 87424K, 100% used [0x00000000e0000000, 0x00000000e5560000, 0x00000000e5560000)
  from space 21824K,  37% used [0x00000000e5560000, 0x00000000e5d51e98, 0x00000000e6ab0000)
  to   space 21824K,   0% used [0x00000000e6ab0000, 0x00000000e6ab0000, 0x00000000e8000000)
 concurrent mark-sweep generation total 393216K, used 16829K [0x00000000e8000000, 0x0000000100000000, 0x0000000100000000)
 Metaspace       used 34704K, capacity 35268K, committed 35552K, reserved 1081344K
  class space    used 3628K, capacity 3814K, committed 3836K, reserved 1048576K
2017-03-31T05:02:24.497+0200: 605.223: [GC (Allocation Failure) 2017-03-31T05:02:24.497+0200: 605.223: [ParNew
Desired survivor size 20112992 bytes, new threshold 8 (max 8)
- age   1:    3680304 bytes,    3680304 total
- age   2:    2633800 bytes,    6314104 total
- age   3:    1812008 bytes,    8126112 total
- age   4:      10448 bytes,    8136560 total
- age   5:       3424 bytes,    8139984 total
- age   6:       7920 bytes,    8147904 total
- age   7:      10216 bytes,    8158120 total
- age   8:       3592 bytes,    8161712 total
: 95559K->8971K(109248K), 0.0199417 secs] 112389K->25808K(502464K), 0.0200045 secs] [Times: user=0.02 sys=0.00, real=0.02 secs] 
Heap after GC invocations=655 (full 1):
 par new generation   total 109248K, used 8971K [0x00000000e0000000, 0x00000000e8000000, 0x00000000e8000000)
  eden space 87424K,   0% used [0x00000000e0000000, 0x00000000e0000000, 0x00000000e5560000)
  from space 21824K,  41% used [0x00000000e6ab0000, 0x00000000e7372f90, 0x00000000e8000000)
  to   space 21824K,   0% used [0x00000000e5560000, 0x00000000e5560000, 0x00000000e6ab0000)
 concurrent mark-sweep generation total 393216K, used 16836K [0x00000000e8000000, 0x0000000100000000, 0x0000000100000000)
 Metaspace       used 34704K, capacity 35268K, committed 35552K, reserved 1081344K
  class space    used 3628K, capacity 3814K, committed 3836K, reserved 1048576K
}
2017-03-31T05:02:24.517+0200: 605.243: Total time for which application threads were stopped: 0.0201554 seconds, Stopping threads took: 0.0000289 seconds
{Heap before GC invocations=655 (full 1):
 par new generation   total 109248K, used 96395K [0x00000000e0000000, 0x00000000e8000000, 0x00000000e8000000)
  eden space 87424K, 100% used [0x00000000e0000000, 0x00000000e5560000, 0x00000000e5560000)
  from space 21824K,  41% used [0x00000000e6ab0000, 0x00000000e7372f90, 0x00000000e8000000)
  to   space 21824K,   0% used [0x00000000e5560000, 0x00000000e5560000, 0x00000000e6ab0000)
 concurrent mark-sweep generation total 393216K, used 16836K [0x00000000e8000000, 0x0000000100000000, 0x0000000100000000)
 Metaspace       used 34704K, capacity 35268K, committed 35552K, reserved 1081344K
  class space    used 3628K, capacity 3814K, committed 3836K, reserved 1048576K
2017-03-31T05:02:24.903+0200: 605.629: [GC (Allocation Failure) 2017-03-31T05:02:24.903+0200: 605.629: [ParNew
Desired survivor size 20112992 bytes, new threshold 8 (max 8)
- age   1:    4461432 bytes,    4461432 total
- age   2:    2920048 bytes,    7381480 total
- age   3:       4920 bytes,    7386400 total
- age   4:       7024 bytes,    7393424 total
- age   5:       4936 bytes,    7398360 total
- age   6:       3424 bytes,    7401784 total
- age   7:       7728 bytes,    7409512 total
- age   8:      10216 bytes,    7419728 total
: 96395K->11351K(109248K), 0.0225707 secs] 113232K->28191K(502464K), 0.0226442 secs] [Times: user=0.02 sys=0.00, real=0.02 secs] 
Heap after GC invocations=656 (full 1):
 par new generation   total 109248K, used 11351K [0x00000000e0000000, 0x00000000e8000000, 0x00000000e8000000)
  eden space 87424K,   0% used [0x00000000e0000000, 0x00000000e0000000, 0x00000000e5560000)
  from space 21824K,  52% used [0x00000000e5560000, 0x00000000e6075e28, 0x00000000e6ab0000)
  to   space 21824K,   0% used [0x00000000e6ab0000, 0x00000000e6ab0000, 0x00000000e8000000)
 concurrent mark-sweep generation total 393216K, used 16839K [0x00000000e8000000, 0x0000000100000000, 0x0000000100000000)
 Metaspace       used 34704K, capacity 35268K, committed 35552K, reserved 1081344K
  class space    used 3628K, capacity 3814K, committed 3836K, reserved 1048576K
}
2017-03-31T05:02:24.925+0200: 605.652: Total time for which application threads were stopped: 0.0227984 seconds, Stopping threads took: 0.0000298 seconds
{Heap before GC invocations=656 (full 1):
 par new generation   total 109248K, used 98775K [0x00000000e0000000, 0x00000000e8000000, 0x00000000e8000000)
  eden space 87424K, 100% used [0x00000000e0000000, 0x00000000e5560000, 0x00000000e5560000)
  from space 21824K,  52% used [0x00000000e5560000, 0x00000000e6075e28, 0x00000000e6ab0000)
  to   space 21824K,   0% used [0x00000000e6ab0000, 0x00000000e6ab0000, 0x00000000e8000000)
 concurrent mark-sweep generation total 393216K, used 16839K [0x00000000e8000000, 0x0000000100000000, 0x0000000100000000)
 Metaspace       used 34704K, capacity 35268K, committed 35552K, reserved 1081344K
  class space    used 3628K, capacity 3814K, committed 3836K, reserved 1048576K
2017-03-31T05:02:25.318+0200: 606.044: [GC (Allocation Failure) 2017-03-31T05:02:25.318+0200: 606.044: [ParNew
Desired survivor size 20112992 bytes, new threshold 8 (max 8)
- age   1:    3989200 bytes,    3989200 total
- age   2:    2269624 bytes,    6258824 total
- age   3:      10088 bytes,    6268912 total
- age   4:       4832 bytes,    6273744 total
- age   5:       6768 bytes,    6280512 total
- age   6:       4744 bytes,    6285256 total
- age   7:       3424 bytes,    6288680 total
- age   8:       7728 bytes,    6296408 total
: 98775K->8582K(109248K), 0.0185987 secs] 115615K->25432K(502464K), 0.0186746 secs] [Times: user=0.02 sys=0.00, real=0.03 secs] 
Heap after GC invocations=657 (full 1):
 par new generation   total 109248K, used 8582K [0x00000000e0000000, 0x00000000e8000000, 0x00000000e8000000)
  eden space 87424K,   0% used [0x00000000e0000000, 0x00000000e0000000, 0x00000000e5560000)
  from space 21824K,  39% used [0x00000000e6ab0000, 0x00000000e7311af0, 0x00000000e8000000)
  to   space 21824K,   0% used [0x00000000e5560000, 0x00000000e5560000, 0x00000000e6ab0000)
 concurrent mark-sweep generation total 393216K, used 16850K [0x00000000e8000000, 0x0000000100000000, 0x0000000100000000)
 Metaspace       used 34704K, capacity 35268K, committed 35552K, reserved 1081344K
  class space    used 3628K, capacity 3814K, committed 3836K, reserved 1048576K
}
2017-03-31T05:02:25.337+0200: 606.063: Total time for which application threads were stopped: 0.0188337 seconds, Stopping threads took: 0.0000350 seconds
{Heap before GC invocations=657 (full 1):
 par new generation   total 109248K, used 96006K [0x00000000e0000000, 0x00000000e8000000, 0x00000000e8000000)
  eden space 87424K, 100% used [0x00000000e0000000, 0x00000000e5560000, 0x00000000e5560000)
  from space 21824K,  39% used [0x00000000e6ab0000, 0x00000000e7311af0, 0x00000000e8000000)
  to   space 21824K,   0% used [0x00000000e5560000, 0x00000000e5560000, 0x00000000e6ab0000)
 concurrent mark-sweep generation total 393216K, used 16850K [0x00000000e8000000, 0x0000000100000000, 0x0000000100000000)
 Metaspace       used 34704K, capacity 35268K, committed 35552K, reserved 1081344K
  class space    used 3628K, capacity 3814K, committed 3836K, reserved 1048576K
2017-03-31T05:02:25.622+0200: 606.348: [GC (Allocation Failure) 2017-03-31T05:02:25.622+0200: 606.348: [ParNew
Desired survivor size 20112992 bytes, new threshold 8 (max 8)
- age   1:    3626800 bytes,    3626800 total
- age   2:    3608272 bytes,    7235072 total
- age   3:    2042816 bytes,    9277888 total
- age   4:      10088 bytes,    9287976 total
- age   5:       4808 bytes,    9292784 total
- age   6:       6768 bytes,    9299552 total
- age   7:       4744 bytes,    9304296 total
- age   8:       3424 bytes,    9307720 total
: 96006K->11865K(109248K), 0.0194952 secs] 112856K->28723K(502464K), 0.0195559 secs] [Times: user=0.02 sys=0.00, real=0.02 secs] 
Heap after GC invocations=658 (full 1):
 par new generation   total 109248K, used 11865K [0x00000000e0000000, 0x00000000e8000000, 0x00000000e8000000)
  eden space 87424K,   0% used [0x00000000e0000000, 0x00000000e0000000, 0x00000000e5560000)
  from space 21824K,  54% used [0x00000000e5560000, 0x00000000e60f6568, 0x00000000e6ab0000)
  to   space 21824K,   0% used [0x00000000e6ab0000, 0x00000000e6ab0000, 0x00000000e8000000)
 concurrent mark-sweep generation total 393216K, used 16857K [0x00000000e8000000, 0x0000000100000000, 0x0000000100000000)
 Metaspace       used 34704K, capacity 35268K, committed 35552K, reserved 1081344K
  class space    used 3628K, capacity 3814K, committed 3836K, reserved 1048576K
}
2017-03-31T05:02:25.641+0200: 606.368: Total time for which application threads were stopped: 0.0197254 seconds, Stopping threads took: 0.0000369 seconds
{Heap before GC invocations=658 (full 1):
 par new generation   total 109248K, used 99289K [0x00000000e0000000, 0x00000000e8000000, 0x00000000e8000000)
  eden space 87424K, 100% used [0x00000000e0000000, 0x00000000e5560000, 0x00000000e5560000)
  from space 21824K,  54% used [0x00000000e5560000, 0x00000000e60f6568, 0x00000000e6ab0000)
  to   space 21824K,   0% used [0x00000000e6ab0000, 0x00000000e6ab0000, 0x00000000e8000000)
 concurrent mark-sweep generation total 393216K, used 16857K [0x00000000e8000000, 0x0000000100000000, 0x0000000100000000)
 Metaspace       used 34704K, capacity 35268K, committed 35552K, reserved 1081344K
  class space    used 3628K, capacity 3814K, committed 3836K, reserved 1048576K
2017-03-31T05:02:26.008+0200: 606.734: [GC (Allocation Failure) 2017-03-31T05:02:26.008+0200: 606.734: [ParNew
Desired survivor size 20112992 bytes, new threshold 8 (max 8)
- age   1:    3749104 bytes,    3749104 total
- age   2:    2840272 bytes,    6589376 total
- age   3:    1076320 bytes,    7665696 total
- age   4:       6648 bytes,    7672344 total
- age   5:       4720 bytes,    7677064 total
- age   6:       4072 bytes,    7681136 total
- age   7:       6744 bytes,    7687880 total
- age   8:       4744 bytes,    7692624 total
: 99289K->10499K(109248K), 0.0193740 secs] 116147K->27360K(502464K), 0.0194336 secs] [Times: user=0.02 sys=0.00, real=0.01 secs] 
Heap after GC invocations=659 (full 1):
 par new generation   total 109248K, used 10499K [0x00000000e0000000, 0x00000000e8000000, 0x00000000e8000000)
  eden space 87424K,   0% used [0x00000000e0000000, 0x00000000e0000000, 0x00000000e5560000)
  from space 21824K,  48% used [0x00000000e6ab0000, 0x00000000e74f0c40, 0x00000000e8000000)
  to   space 21824K,   0% used [0x00000000e5560000, 0x00000000e5560000, 0x00000000e6ab0000)
 concurrent mark-sweep generation total 393216K, used 16861K [0x00000000e8000000, 0x0000000100000000, 0x0000000100000000)
 Metaspace       used 34704K, capacity 35268K, committed 35552K, reserved 1081344K
  class space    used 3628K, capacity 3814K, committed 3836K, reserved 1048576K
}
2017-03-31T05:02:26.027+0200: 606.754: Total time for which application threads were stopped: 0.0195895 seconds, Stopping threads took: 0.0000313 seconds
{Heap before GC invocations=659 (full 1):
 par new generation   total 109248K, used 97923K [0x00000000e0000000, 0x00000000e8000000, 0x00000000e8000000)
  eden space 87424K, 100% used [0x00000000e0000000, 0x00000000e5560000, 0x00000000e5560000)
  from space 21824K,  48% used [0x00000000e6ab0000, 0x00000000e74f0c40, 0x00000000e8000000)
  to   space 21824K,   0% used [0x00000000e5560000, 0x00000000e5560000, 0x00000000e6ab0000)
 concurrent mark-sweep generation total 393216K, used 16861K [0x00000000e8000000, 0x0000000100000000, 0x0000000100000000)
 Metaspace       used 34704K, capacity 35268K, committed 35552K, reserved 1081344K
  class space    used 3628K, capacity 3814K, committed 3836K, reserved 1048576K
2017-03-31T05:02:26.437+0200: 607.163: [GC (Allocation Failure) 2017-03-31T05:02:26.437+0200: 607.163: [ParNew
Desired survivor size 20112992 bytes, new threshold 8 (max 8)
- age   1:    4840832 bytes,    4840832 total
- age   2:    2534728 bytes,    7375560 total
- age   3:       9920 bytes,    7385480 total
- age   4:       6504 bytes,    7391984 total
- age   5:       6456 bytes,    7398440 total
- age   6:       4696 bytes,    7403136 total
- age   7:       4072 bytes,    7407208 total
- age   8:       6744 bytes,    7413952 total
: 97923K->9667K(109248K), 0.0249241 secs] 114784K->26533K(502464K), 0.0249890 secs] [Times: user=0.03 sys=0.01, real=0.02 secs] 
Heap after GC invocations=660 (full 1):
 par new generation   total 109248K, used 9667K [0x00000000e0000000, 0x00000000e8000000, 0x00000000e8000000)
  eden space 87424K,   0% used [0x00000000e0000000, 0x00000000e0000000, 0x00000000e5560000)
  from space 21824K,  44% used [0x00000000e5560000, 0x00000000e5ed0e50, 0x00000000e6ab0000)
  to   space 21824K,   0% used [0x00000000e6ab0000, 0x00000000e6ab0000, 0x00000000e8000000)
 concurrent mark-sweep generation total 393216K, used 16865K [0x00000000e8000000, 0x0000000100000000, 0x0000000100000000)
 Metaspace       used 34704K, capacity 35268K, committed 35552K, reserved 1081344K
  class space    used 3628K, capacity 3814K, committed 3836K, reserved 1048576K
}
2017-03-31T05:02:26.462+0200: 607.188: Total time for which application threads were stopped: 0.0281715 seconds, Stopping threads took: 0.0030347 seconds
{Heap before GC invocations=660 (full 1):
 par new generation   total 109248K, used 97091K [0x00000000e0000000, 0x00000000e8000000, 0x00000000e8000000)
  eden space 87424K, 100% used [0x00000000e0000000, 0x00000000e5560000, 0x00000000e5560000)
  from space 21824K,  44% used [0x00000000e5560000, 0x00000000e5ed0e50, 0x00000000e6ab0000)
  to   space 21824K,   0% used [0x00000000e6ab0000, 0x00000000e6ab0000, 0x00000000e8000000)
 concurrent mark-sweep generation total 393216K, used 16865K [0x00000000e8000000, 0x0000000100000000, 0x0000000100000000)
 Metaspace       used 34704K, capacity 35268K, committed 35552K, reserved 1081344K
  class space    used 3628K, capacity 3814K, committed 3836K, reserved 1048576K
2017-03-31T05:02:26.785+0200: 607.512: [GC (Allocation Failure) 2017-03-31T05:02:26.785+0200: 607.512: [ParNew
Desired survivor size 20112992 bytes, new threshold 8 (max 8)
- age   1:    3190664 bytes,    3190664 total
- age   2:    2028760 bytes,    5219424 total
- age   3:       5664 bytes,    5225088 total
- age   4:       9920 bytes,    5235008 total
- age   5:       6504 bytes,    5241512 total
- age   6:       6456 bytes,    5247968 total
- age   7:       4696 bytes,    5252664 total
- age   8:       4072 bytes,    5256736 total
: 97091K->7363K(109248K), 0.0207323 secs] 113957K->24236K(502464K), 0.0208154 secs] [Times: user=0.02 sys=0.00, real=0.02 secs] 
Heap after GC invocations=661 (full 1):
 par new generation   total 109248K, used 7363K [0x00000000e0000000, 0x00000000e8000000, 0x00000000e8000000)
  eden space 87424K,   0% used [0x00000000e0000000, 0x00000000e0000000, 0x00000000e5560000)
  from space 21824K,  33% used [0x00000000e6ab0000, 0x00000000e71e0ec0, 0x00000000e8000000)
  to   space 21824K,   0% used [0x00000000e5560000, 0x00000000e5560000, 0x00000000e6ab0000)
 concurrent mark-sweep generation total 393216K, used 16872K [0x00000000e8000000, 0x0000000100000000, 0x0000000100000000)
 Metaspace       used 34704K, capacity 35268K, committed 35552K, reserved 1081344K
  class space    used 3628K, capacity 3814K, committed 3836K, reserved 1048576K
}
2017-03-31T05:02:26.806+0200: 607.533: Total time for which application threads were stopped: 0.0211525 seconds, Stopping threads took: 0.0000648 seconds
{Heap before GC invocations=661 (full 1):
 par new generation   total 109248K, used 94787K [0x00000000e0000000, 0x00000000e8000000, 0x00000000e8000000)
  eden space 87424K, 100% used [0x00000000e0000000, 0x00000000e5560000, 0x00000000e5560000)
  from space 21824K,  33% used [0x00000000e6ab0000, 0x00000000e71e0ec0, 0x00000000e8000000)
  to   space 21824K,   0% used [0x00000000e5560000, 0x00000000e5560000, 0x00000000e6ab0000)
 concurrent mark-sweep generation total 393216K, used 16872K [0x00000000e8000000, 0x0000000100000000, 0x0000000100000000)
 Metaspace       used 34704K, capacity 35268K, committed 35552K, reserved 1081344K
  class space    used 3628K, capacity 3814K, committed 3836K, reserved 1048576K
2017-03-31T05:02:27.129+0200: 607.856: [GC (Allocation Failure) 2017-03-31T05:02:27.129+0200: 607.856: [ParNew
Desired survivor size 20112992 bytes, new threshold 8 (max 8)
- age   1:    3421200 bytes,    3421200 total
- age   2:    2935528 bytes,    6356728 total
- age   3:    1647080 bytes,    8003808 total
- age   4:       5664 bytes,    8009472 total
- age   5:       9264 bytes,    8018736 total
- age   6:       6504 bytes,    8025240 total
- age   7:       6456 bytes,    8031696 total
- age   8:       4696 bytes,    8036392 total
: 94787K->9959K(109248K), 0.0261211 secs] 111660K->26835K(502464K), 0.0261854 secs] [Times: user=0.02 sys=0.00, real=0.02 secs] 
Heap after GC invocations=662 (full 1):
 par new generation   total 109248K, used 9959K [0x00000000e0000000, 0x00000000e8000000, 0x00000000e8000000)
  eden space 87424K,   0% used [0x00000000e0000000, 0x00000000e0000000, 0x00000000e5560000)
  from space 21824K,  45% used [0x00000000e5560000, 0x00000000e5f19d70, 0x00000000e6ab0000)
  to   space 21824K,   0% used [0x00000000e6ab0000, 0x00000000e6ab0000, 0x00000000e8000000)
 concurrent mark-sweep generation total 393216K, used 16876K [0x00000000e8000000, 0x0000000100000000, 0x0000000100000000)
 Metaspace       used 34704K, capacity 35268K, committed 35552K, reserved 1081344K
  class space    used 3628K, capacity 3814K, committed 3836K, reserved 1048576K
}
2017-03-31T05:02:27.156+0200: 607.882: Total time for which application threads were stopped: 0.0263428 seconds, Stopping threads took: 0.0000310 seconds
{Heap before GC invocations=662 (full 1):
 par new generation   total 109248K, used 97383K [0x00000000e0000000, 0x00000000e8000000, 0x00000000e8000000)
  eden space 87424K, 100% used [0x00000000e0000000, 0x00000000e5560000, 0x00000000e5560000)
  from space 21824K,  45% used [0x00000000e5560000, 0x00000000e5f19d70, 0x00000000e6ab0000)
  to   space 21824K,   0% used [0x00000000e6ab0000, 0x00000000e6ab0000, 0x00000000e8000000)
 concurrent mark-sweep generation total 393216K, used 16876K [0x00000000e8000000, 0x0000000100000000, 0x0000000100000000)
 Metaspace       used 34704K, capacity 35268K, committed 35552K, reserved 1081344K
  class space    used 3628K, capacity 3814K, committed 3836K, reserved 1048576K
2017-03-31T05:02:27.574+0200: 608.300: [GC (Allocation Failure) 2017-03-31T05:02:27.574+0200: 608.300: [ParNew
Desired survivor size 20112992 bytes, new threshold 8 (max 8)
- age   1:    4380064 bytes,    4380064 total
- age   2:    2941384 bytes,    7321448 total
- age   3:       5928 bytes,    7327376 total
- age   4:       6600 bytes,    7333976 total
- age   5:       5072 bytes,    7339048 total
- age   6:       9264 bytes,    7348312 total
- age   7:       6312 bytes,    7354624 total
- age   8:       6456 bytes,    7361080 total
: 97383K->11545K(109248K), 0.0211511 secs] 114259K->28426K(502464K), 0.0212256 secs] [Times: user=0.02 sys=0.00, real=0.02 secs] 
Heap after GC invocations=663 (full 1):
 par new generation   total 109248K, used 11545K [0x00000000e0000000, 0x00000000e8000000, 0x00000000e8000000)
  eden space 87424K,   0% used [0x00000000e0000000, 0x00000000e0000000, 0x00000000e5560000)
  from space 21824K,  52% used [0x00000000e6ab0000, 0x00000000e75f65d8, 0x00000000e8000000)
  to   space 21824K,   0% used [0x00000000e5560000, 0x00000000e5560000, 0x00000000e6ab0000)
 concurrent mark-sweep generation total 393216K, used 16881K [0x00000000e8000000, 0x0000000100000000, 0x0000000100000000)
 Metaspace       used 34704K, capacity 35268K, committed 35552K, reserved 1081344K
  class space    used 3628K, capacity 3814K, committed 3836K, reserved 1048576K
}
2017-03-31T05:02:27.595+0200: 608.321: Total time for which application threads were stopped: 0.0214089 seconds, Stopping threads took: 0.0000316 seconds
{Heap before GC invocations=663 (full 1):
 par new generation   total 109248K, used 98969K [0x00000000e0000000, 0x00000000e8000000, 0x00000000e8000000)
  eden space 87424K, 100% used [0x00000000e0000000, 0x00000000e5560000, 0x00000000e5560000)
  from space 21824K,  52% used [0x00000000e6ab0000, 0x00000000e75f65d8, 0x00000000e8000000)
  to   space 21824K,   0% used [0x00000000e5560000, 0x00000000e5560000, 0x00000000e6ab0000)
 concurrent mark-sweep generation total 393216K, used 16881K [0x00000000e8000000, 0x0000000100000000, 0x0000000100000000)
 Metaspace       used 34704K, capacity 35268K, committed 35552K, reserved 1081344K
  class space    used 3628K, capacity 3814K, committed 3836K, reserved 1048576K
2017-03-31T05:02:27.970+0200: 608.697: [GC (Allocation Failure) 2017-03-31T05:02:27.970+0200: 608.697: [ParNew
Desired survivor size 20112992 bytes, new threshold 8 (max 8)
- age   1:    4344760 bytes,    4344760 total
- age   2:    2276504 bytes,    6621264 total
- age   3:       8584 bytes,    6629848 total
- age   4:       5672 bytes,    6635520 total
- age   5:       6408 bytes,    6641928 total
- age   6:       5048 bytes,    6646976 total
- age   7:       3816 bytes,    6650792 total
- age   8:       6312 bytes,    6657104 total
: 98969K->8616K(109248K), 0.0195837 secs] 115850K->25503K(502464K), 0.0196474 secs] [Times: user=0.02 sys=0.00, real=0.02 secs] 
Heap after GC invocations=664 (full 1):
 par new generation   total 109248K, used 8616K [0x00000000e0000000, 0x00000000e8000000, 0x00000000e8000000)
  eden space 87424K,   0% used [0x00000000e0000000, 0x00000000e0000000, 0x00000000e5560000)
  from space 21824K,  39% used [0x00000000e5560000, 0x00000000e5dca0b0, 0x00000000e6ab0000)
  to   space 21824K,   0% used [0x00000000e6ab0000, 0x00000000e6ab0000, 0x00000000e8000000)
 concurrent mark-sweep generation total 393216K, used 16887K [0x00000000e8000000, 0x0000000100000000, 0x0000000100000000)
 Metaspace       used 34704K, capacity 35268K, committed 35552K, reserved 1081344K
  class space    used 3628K, capacity 3814K, committed 3836K, reserved 1048576K
}
2017-03-31T05:02:27.990+0200: 608.716: Total time for which application threads were stopped: 0.0251218 seconds, Stopping threads took: 0.0053092 seconds
{Heap before GC invocations=664 (full 1):
 par new generation   total 109248K, used 95981K [0x00000000e0000000, 0x00000000e8000000, 0x00000000e8000000)
  eden space 87424K,  99% used [0x00000000e0000000, 0x00000000e5551458, 0x00000000e5560000)
  from space 21824K,  39% used [0x00000000e5560000, 0x00000000e5dca0b0, 0x00000000e6ab0000)
  to   space 21824K,   0% used [0x00000000e6ab0000, 0x00000000e6ab0000, 0x00000000e8000000)
 concurrent mark-sweep generation total 393216K, used 16887K [0x00000000e8000000, 0x0000000100000000, 0x0000000100000000)
 Metaspace       used 34704K, capacity 35268K, committed 35552K, reserved 1081344K
  class space    used 3628K, capacity 3814K, committed 3836K, reserved 1048576K
2017-03-31T05:02:28.270+0200: 608.996: [GC (Allocation Failure) 2017-03-31T05:02:28.270+0200: 608.996: [ParNew
Desired survivor size 20112992 bytes, new threshold 8 (max 8)
- age   1:    3583264 bytes,    3583264 total
- age   2:    3626232 bytes,    7209496 total
- age   3:    1963480 bytes,    9172976 total
- age   4:       8584 bytes,    9181560 total
- age   5:       5672 bytes,    9187232 total
- age   6:       6408 bytes,    9193640 total
- age   7:       5048 bytes,    9198688 total
- age   8:       3816 bytes,    9202504 total
: 95981K->11548K(109248K), 0.0272274 secs] 112868K->28442K(502464K), 0.0272920 secs] [Times: user=0.03 sys=0.00, real=0.02 secs] 
Heap after GC invocations=665 (full 1):
 par new generation   total 109248K, used 11548K [0x00000000e0000000, 0x00000000e8000000, 0x00000000e8000000)
  eden space 87424K,   0% used [0x00000000e0000000, 0x00000000e0000000, 0x00000000e5560000)
  from space 21824K,  52% used [0x00000000e6ab0000, 0x00000000e75f7170, 0x00000000e8000000)
  to   space 21824K,   0% used [0x00000000e5560000, 0x00000000e5560000, 0x00000000e6ab0000)
 concurrent mark-sweep generation total 393216K, used 16893K [0x00000000e8000000, 0x0000000100000000, 0x0000000100000000)
 Metaspace       used 34704K, capacity 35268K, committed 35552K, reserved 1081344K
  class space    used 3628K, capacity 3814K, committed 3836K, reserved 1048576K
}
2017-03-31T05:02:28.297+0200: 609.023: Total time for which application threads were stopped: 0.0274403 seconds, Stopping threads took: 0.0000189 seconds
{Heap before GC invocations=665 (full 1):
 par new generation   total 109248K, used 98972K [0x00000000e0000000, 0x00000000e8000000, 0x00000000e8000000)
  eden space 87424K, 100% used [0x00000000e0000000, 0x00000000e5560000, 0x00000000e5560000)
  from space 21824K,  52% used [0x00000000e6ab0000, 0x00000000e75f7170, 0x00000000e8000000)
  to   space 21824K,   0% used [0x00000000e5560000, 0x00000000e5560000, 0x00000000e6ab0000)
 concurrent mark-sweep generation total 393216K, used 16893K [0x00000000e8000000, 0x0000000100000000, 0x0000000100000000)
 Metaspace       used 34704K, capacity 35268K, committed 35552K, reserved 1081344K
  class space    used 3628K, capacity 3814K, committed 3836K, reserved 1048576K
2017-03-31T05:02:28.686+0200: 609.412: [GC (Allocation Failure) 2017-03-31T05:02:28.686+0200: 609.412: [ParNew
Desired survivor size 20112992 bytes, new threshold 8 (max 8)
- age   1:    3859616 bytes,    3859616 total
- age   2:    2817080 bytes,    6676696 total
- age   3:     947248 bytes,    7623944 total
- age   4:       6808 bytes,    7630752 total
- age   5:       8560 bytes,    7639312 total
- age   6:       5480 bytes,    7644792 total
- age   7:       6408 bytes,    7651200 total
- age   8:       5048 bytes,    7656248 total
: 98972K->13238K(109248K), 0.0189853 secs] 115866K->30136K(502464K), 0.0190603 secs] [Times: user=0.02 sys=0.00, real=0.02 secs] 
Heap after GC invocations=666 (full 1):
 par new generation   total 109248K, used 13238K [0x00000000e0000000, 0x00000000e8000000, 0x00000000e8000000)
  eden space 87424K,   0% used [0x00000000e0000000, 0x00000000e0000000, 0x00000000e5560000)
  from space 21824K,  60% used [0x00000000e5560000, 0x00000000e624db38, 0x00000000e6ab0000)
  to   space 21824K,   0% used [0x00000000e6ab0000, 0x00000000e6ab0000, 0x00000000e8000000)
 concurrent mark-sweep generation total 393216K, used 16897K [0x00000000e8000000, 0x0000000100000000, 0x0000000100000000)
 Metaspace       used 34704K, capacity 35268K, committed 35552K, reserved 1081344K
  class space    used 3628K, capacity 3814K, committed 3836K, reserved 1048576K
}
2017-03-31T05:02:28.705+0200: 609.431: Total time for which application threads were stopped: 0.0196842 seconds, Stopping threads took: 0.0002685 seconds
{Heap before GC invocations=666 (full 1):
 par new generation   total 109248K, used 100662K [0x00000000e0000000, 0x00000000e8000000, 0x00000000e8000000)
  eden space 87424K, 100% used [0x00000000e0000000, 0x00000000e5560000, 0x00000000e5560000)
  from space 21824K,  60% used [0x00000000e5560000, 0x00000000e624db38, 0x00000000e6ab0000)
  to   space 21824K,   0% used [0x00000000e6ab0000, 0x00000000e6ab0000, 0x00000000e8000000)
 concurrent mark-sweep generation total 393216K, used 16897K [0x00000000e8000000, 0x0000000100000000, 0x0000000100000000)
 Metaspace       used 34704K, capacity 35268K, committed 35552K, reserved 1081344K
  class space    used 3628K, capacity 3814K, committed 3836K, reserved 1048576K
2017-03-31T05:02:29.117+0200: 609.844: [GC (Allocation Failure) 2017-03-31T05:02:29.117+0200: 609.844: [ParNew
Desired survivor size 20112992 bytes, new threshold 8 (max 8)
- age   1:    4416872 bytes,    4416872 total
- age   2:    2429824 bytes,    6846696 total
- age   3:       3912 bytes,    6850608 total
- age   4:      12128 bytes,    6862736 total
- age   5:       6424 bytes,    6869160 total
- age   6:       8560 bytes,    6877720 total
- age   7:       5480 bytes,    6883200 total
- age   8:       6408 bytes,    6889608 total
: 100662K->9401K(109248K), 0.0170245 secs] 117560K->26303K(502464K), 0.0170863 secs] [Times: user=0.02 sys=0.00, real=0.01 secs] 
Heap after GC invocations=667 (full 1):
 par new generation   total 109248K, used 9401K [0x00000000e0000000, 0x00000000e8000000, 0x00000000e8000000)
  eden space 87424K,   0% used [0x00000000e0000000, 0x00000000e0000000, 0x00000000e5560000)
  from space 21824K,  43% used [0x00000000e6ab0000, 0x00000000e73de4b0, 0x00000000e8000000)
  to   space 21824K,   0% used [0x00000000e5560000, 0x00000000e5560000, 0x00000000e6ab0000)
 concurrent mark-sweep generation total 393216K, used 16902K [0x00000000e8000000, 0x0000000100000000, 0x0000000100000000)
 Metaspace       used 34704K, capacity 35268K, committed 35552K, reserved 1081344K
  class space    used 3628K, capacity 3814K, committed 3836K, reserved 1048576K
}
2017-03-31T05:02:29.134+0200: 609.861: Total time for which application threads were stopped: 0.0192508 seconds, Stopping threads took: 0.0020256 seconds
{Heap before GC invocations=667 (full 1):
 par new generation   total 109248K, used 96825K [0x00000000e0000000, 0x00000000e8000000, 0x00000000e8000000)
  eden space 87424K, 100% used [0x00000000e0000000, 0x00000000e5560000, 0x00000000e5560000)
  from space 21824K,  43% used [0x00000000e6ab0000, 0x00000000e73de4b0, 0x00000000e8000000)
  to   space 21824K,   0% used [0x00000000e5560000, 0x00000000e5560000, 0x00000000e6ab0000)
 concurrent mark-sweep generation total 393216K, used 16902K [0x00000000e8000000, 0x0000000100000000, 0x0000000100000000)
 Metaspace       used 34704K, capacity 35268K, committed 35552K, reserved 1081344K
  class space    used 3628K, capacity 3814K, committed 3836K, reserved 1048576K
2017-03-31T05:02:29.461+0200: 610.188: [GC (Allocation Failure) 2017-03-31T05:02:29.461+0200: 610.188: [ParNew
Desired survivor size 20112992 bytes, new threshold 8 (max 8)
- age   1:    3412640 bytes,    3412640 total
- age   2:    1829288 bytes,    5241928 total
- age   3:      14568 bytes,    5256496 total
- age   4:       3912 bytes,    5260408 total
- age   5:      11112 bytes,    5271520 total
- age   6:       6424 bytes,    5277944 total
- age   7:       8560 bytes,    5286504 total
- age   8:       5480 bytes,    5291984 total
: 96825K->7792K(109248K), 0.0207779 secs] 113727K->24700K(502464K), 0.0208491 secs] [Times: user=0.02 sys=0.00, real=0.02 secs] 
Heap after GC invocations=668 (full 1):
 par new generation   total 109248K, used 7792K [0x00000000e0000000, 0x00000000e8000000, 0x00000000e8000000)
  eden space 87424K,   0% used [0x00000000e0000000, 0x00000000e0000000, 0x00000000e5560000)
  from space 21824K,  35% used [0x00000000e5560000, 0x00000000e5cfc0b0, 0x00000000e6ab0000)
  to   space 21824K,   0% used [0x00000000e6ab0000, 0x00000000e6ab0000, 0x00000000e8000000)
 concurrent mark-sweep generation total 393216K, used 16908K [0x00000000e8000000, 0x0000000100000000, 0x0000000100000000)
 Metaspace       used 34704K, capacity 35268K, committed 35552K, reserved 1081344K
  class space    used 3628K, capacity 3814K, committed 3836K, reserved 1048576K
}
2017-03-31T05:02:29.482+0200: 610.208: Total time for which application threads were stopped: 0.0210085 seconds, Stopping threads took: 0.0000217 seconds
{Heap before GC invocations=668 (full 1):
 par new generation   total 109248K, used 95216K [0x00000000e0000000, 0x00000000e8000000, 0x00000000e8000000)
  eden space 87424K, 100% used [0x00000000e0000000, 0x00000000e5560000, 0x00000000e5560000)
  from space 21824K,  35% used [0x00000000e5560000, 0x00000000e5cfc0b0, 0x00000000e6ab0000)
  to   space 21824K,   0% used [0x00000000e6ab0000, 0x00000000e6ab0000, 0x00000000e8000000)
 concurrent mark-sweep generation total 393216K, used 16908K [0x00000000e8000000, 0x0000000100000000, 0x0000000100000000)
 Metaspace       used 34704K, capacity 35268K, committed 35552K, reserved 1081344K
  class space    used 3628K, capacity 3814K, committed 3836K, reserved 1048576K
2017-03-31T05:02:29.825+0200: 610.551: [GC (Allocation Failure) 2017-03-31T05:02:29.825+0200: 610.551: [ParNew
Desired survivor size 20112992 bytes, new threshold 8 (max 8)
- age   1:    3570336 bytes,    3570336 total
- age   2:    2819296 bytes,    6389632 total
- age   3:    1434488 bytes,    7824120 total
- age   4:       5480 bytes,    7829600 total
- age   5:       3912 bytes,    7833512 total
- age   6:      10840 bytes,    7844352 total
- age   7:       6424 bytes,    7850776 total
- age   8:       8352 bytes,    7859128 total
: 95216K->9298K(109248K), 0.0290319 secs] 112124K->26212K(502464K), 0.0291464 secs] [Times: user=0.02 sys=0.00, real=0.03 secs] 
Heap after GC invocations=669 (full 1):
 par new generation   total 109248K, used 9298K [0x00000000e0000000, 0x00000000e8000000, 0x00000000e8000000)
  eden space 87424K,   0% used [0x00000000e0000000, 0x00000000e0000000, 0x00000000e5560000)
  from space 21824K,  42% used [0x00000000e6ab0000, 0x00000000e73c4a68, 0x00000000e8000000)
  to   space 21824K,   0% used [0x00000000e5560000, 0x00000000e5560000, 0x00000000e6ab0000)
 concurrent mark-sweep generation total 393216K, used 16914K [0x00000000e8000000, 0x0000000100000000, 0x0000000100000000)
 Metaspace       used 34704K, capacity 35268K, committed 35552K, reserved 1081344K
  class space    used 3628K, capacity 3814K, committed 3836K, reserved 1048576K
}
2017-03-31T05:02:29.854+0200: 610.580: Total time for which application threads were stopped: 0.0293608 seconds, Stopping threads took: 0.0000304 seconds
{Heap before GC invocations=669 (full 1):
 par new generation   total 109248K, used 96722K [0x00000000e0000000, 0x00000000e8000000, 0x00000000e8000000)
  eden space 87424K, 100% used [0x00000000e0000000, 0x00000000e5560000, 0x00000000e5560000)
  from space 21824K,  42% used [0x00000000e6ab0000, 0x00000000e73c4a68, 0x00000000e8000000)
  to   space 21824K,   0% used [0x00000000e5560000, 0x00000000e5560000, 0x00000000e6ab0000)
 concurrent mark-sweep generation total 393216K, used 16914K [0x00000000e8000000, 0x0000000100000000, 0x0000000100000000)
 Metaspace       used 34704K, capacity 35268K, committed 35552K, reserved 1081344K
  class space    used 3628K, capacity 3814K, committed 3836K, reserved 1048576K
2017-03-31T05:02:30.247+0200: 610.974: [GC (Allocation Failure) 2017-03-31T05:02:30.247+0200: 610.974: [ParNew
Desired survivor size 20112992 bytes, new threshold 8 (max 8)
- age   1:    4476664 bytes,    4476664 total
- age   2:    2793672 bytes,    7270336 total
- age   3:       9776 bytes,    7280112 total
- age   4:       6648 bytes,    7286760 total
- age   5:       5480 bytes,    7292240 total
- age   6:       3912 bytes,    7296152 total
- age   7:      10632 bytes,    7306784 total
- age   8:       6424 bytes,    7313208 total
: 96722K->10849K(109248K), 0.0235018 secs] 113636K->27772K(502464K), 0.0235617 secs] [Times: user=0.03 sys=0.00, real=0.03 secs] 
Heap after GC invocations=670 (full 1):
 par new generation   total 109248K, used 10849K [0x00000000e0000000, 0x00000000e8000000, 0x00000000e8000000)
  eden space 87424K,   0% used [0x00000000e0000000, 0x00000000e0000000, 0x00000000e5560000)
  from space 21824K,  49% used [0x00000000e5560000, 0x00000000e5ff8560, 0x00000000e6ab0000)
  to   space 21824K,   0% used [0x00000000e6ab0000, 0x00000000e6ab0000, 0x00000000e8000000)
 concurrent mark-sweep generation total 393216K, used 16922K [0x00000000e8000000, 0x0000000100000000, 0x0000000100000000)
 Metaspace       used 34704K, capacity 35268K, committed 35552K, reserved 1081344K
  class space    used 3628K, capacity 3814K, committed 3836K, reserved 1048576K
}
2017-03-31T05:02:30.271+0200: 610.997: Total time for which application threads were stopped: 0.0257173 seconds, Stopping threads took: 0.0020174 seconds
{Heap before GC invocations=670 (full 1):
 par new generation   total 109248K, used 98273K [0x00000000e0000000, 0x00000000e8000000, 0x00000000e8000000)
  eden space 87424K, 100% used [0x00000000e0000000, 0x00000000e5560000, 0x00000000e5560000)
  from space 21824K,  49% used [0x00000000e5560000, 0x00000000e5ff8560, 0x00000000e6ab0000)
  to   space 21824K,   0% used [0x00000000e6ab0000, 0x00000000e6ab0000, 0x00000000e8000000)
 concurrent mark-sweep generation total 393216K, used 16922K [0x00000000e8000000, 0x0000000100000000, 0x0000000100000000)
 Metaspace       used 34704K, capacity 35268K, committed 35552K, reserved 1081344K
  class space    used 3628K, capacity 3814K, committed 3836K, reserved 1048576K
2017-03-31T05:02:30.703+0200: 611.430: [GC (Allocation Failure) 2017-03-31T05:02:30.703+0200: 611.430: [ParNew
Desired survivor size 20112992 bytes, new threshold 8 (max 8)
- age   1:    3808072 bytes,    3808072 total
- age   2:    2222352 bytes,    6030424 total
- age   3:       5520 bytes,    6035944 total
- age   4:       9712 bytes,    6045656 total
- age   5:       6368 bytes,    6052024 total
- age   6:       5480 bytes,    6057504 total
- age   7:       3912 bytes,    6061416 total
- age   8:      10608 bytes,    6072024 total
: 98273K->9172K(109248K), 0.0233002 secs] 115196K->26101K(502464K), 0.0233553 secs] [Times: user=0.02 sys=0.00, real=0.02 secs] 
Heap after GC invocations=671 (full 1):
 par new generation   total 109248K, used 9172K [0x00000000e0000000, 0x00000000e8000000, 0x00000000e8000000)
  eden space 87424K,   0% used [0x00000000e0000000, 0x00000000e0000000, 0x00000000e5560000)
  from space 21824K,  42% used [0x00000000e6ab0000, 0x00000000e73a50c8, 0x00000000e8000000)
  to   space 21824K,   0% used [0x00000000e5560000, 0x00000000e5560000, 0x00000000e6ab0000)
 concurrent mark-sweep generation total 393216K, used 16928K [0x00000000e8000000, 0x0000000100000000, 0x0000000100000000)
 Metaspace       used 34704K, capacity 35268K, committed 35552K, reserved 1081344K
  class space    used 3628K, capacity 3814K, committed 3836K, reserved 1048576K
}
2017-03-31T05:02:30.727+0200: 611.453: Total time for which application threads were stopped: 0.0255144 seconds, Stopping threads took: 0.0020127 seconds
{Heap before GC invocations=671 (full 1):
 par new generation   total 109248K, used 96596K [0x00000000e0000000, 0x00000000e8000000, 0x00000000e8000000)
  eden space 87424K, 100% used [0x00000000e0000000, 0x00000000e5560000, 0x00000000e5560000)
  from space 21824K,  42% used [0x00000000e6ab0000, 0x00000000e73a50c8, 0x00000000e8000000)
  to   space 21824K,   0% used [0x00000000e5560000, 0x00000000e5560000, 0x00000000e6ab0000)
 concurrent mark-sweep generation total 393216K, used 16928K [0x00000000e8000000, 0x0000000100000000, 0x0000000100000000)
 Metaspace       used 34704K, capacity 35268K, committed 35552K, reserved 1081344K
  class space    used 3628K, capacity 3814K, committed 3836K, reserved 1048576K
2017-03-31T05:02:31.006+0200: 611.733: [GC (Allocation Failure) 2017-03-31T05:02:31.006+0200: 611.733: [ParNew
Desired survivor size 20112992 bytes, new threshold 8 (max 8)
- age   1:    2784872 bytes,    2784872 total
- age   2:    3450984 bytes,    6235856 total
- age   3:    1916208 bytes,    8152064 total
- age   4:       5520 bytes,    8157584 total
- age   5:       9712 bytes,    8167296 total
- age   6:       6368 bytes,    8173664 total
- age   7:       5480 bytes,    8179144 total
- age   8:       3912 bytes,    8183056 total
: 96596K->10036K(109248K), 0.0189667 secs] 113525K->26975K(502464K), 0.0190429 secs] [Times: user=0.02 sys=0.00, real=0.02 secs] 
Heap after GC invocations=672 (full 1):
 par new generation   total 109248K, used 10036K [0x00000000e0000000, 0x00000000e8000000, 0x00000000e8000000)
  eden space 87424K,   0% used [0x00000000e0000000, 0x00000000e0000000, 0x00000000e5560000)
  from space 21824K,  45% used [0x00000000e5560000, 0x00000000e5f2d070, 0x00000000e6ab0000)
  to   space 21824K,   0% used [0x00000000e6ab0000, 0x00000000e6ab0000, 0x00000000e8000000)
 concurrent mark-sweep generation total 393216K, used 16939K [0x00000000e8000000, 0x0000000100000000, 0x0000000100000000)
 Metaspace       used 34704K, capacity 35268K, committed 35552K, reserved 1081344K
  class space    used 3628K, capacity 3814K, committed 3836K, reserved 1048576K
}
2017-03-31T05:02:31.025+0200: 611.752: Total time for which application threads were stopped: 0.0193035 seconds, Stopping threads took: 0.0000384 seconds
{Heap before GC invocations=672 (full 1):
 par new generation   total 109248K, used 97460K [0x00000000e0000000, 0x00000000e8000000, 0x00000000e8000000)
  eden space 87424K, 100% used [0x00000000e0000000, 0x00000000e5560000, 0x00000000e5560000)
  from space 21824K,  45% used [0x00000000e5560000, 0x00000000e5f2d070, 0x00000000e6ab0000)
  to   space 21824K,   0% used [0x00000000e6ab0000, 0x00000000e6ab0000, 0x00000000e8000000)
 concurrent mark-sweep generation total 393216K, used 16939K [0x00000000e8000000, 0x0000000100000000, 0x0000000100000000)
 Metaspace       used 34704K, capacity 35268K, committed 35552K, reserved 1081344K
  class space    used 3628K, capacity 3814K, committed 3836K, reserved 1048576K
2017-03-31T05:02:31.418+0200: 612.145: [GC (Allocation Failure) 2017-03-31T05:02:31.418+0200: 612.145: [ParNew
Desired survivor size 20112992 bytes, new threshold 8 (max 8)
- age   1:    4399288 bytes,    4399288 total
- age   2:    2288312 bytes,    6687600 total
- age   3:     767808 bytes,    7455408 total
- age   4:       6624 bytes,    7462032 total
- age   5:       5456 bytes,    7467488 total
- age   6:       9584 bytes,    7477072 total
- age   7:       6368 bytes,    7483440 total
- age   8:       5480 bytes,    7488920 total
: 97460K->11249K(109248K), 0.0207783 secs] 114399K->28193K(502464K), 0.0208496 secs] [Times: user=0.02 sys=0.00, real=0.02 secs] 
Heap after GC invocations=673 (full 1):
 par new generation   total 109248K, used 11249K [0x00000000e0000000, 0x00000000e8000000, 0x00000000e8000000)
  eden space 87424K,   0% used [0x00000000e0000000, 0x00000000e0000000, 0x00000000e5560000)
  from space 21824K,  51% used [0x00000000e6ab0000, 0x00000000e75ac780, 0x00000000e8000000)
  to   space 21824K,   0% used [0x00000000e5560000, 0x00000000e5560000, 0x00000000e6ab0000)
 concurrent mark-sweep generation total 393216K, used 16943K [0x00000000e8000000, 0x0000000100000000, 0x0000000100000000)
 Metaspace       used 34704K, capacity 35268K, committed 35552K, reserved 1081344K
  class space    used 3628K, capacity 3814K, committed 3836K, reserved 1048576K
}
2017-03-31T05:02:31.439+0200: 612.165: Total time for which application threads were stopped: 0.0210363 seconds, Stopping threads took: 0.0000343 seconds
{Heap before GC invocations=673 (full 1):
 par new generation   total 109248K, used 98673K [0x00000000e0000000, 0x00000000e8000000, 0x00000000e8000000)
  eden space 87424K, 100% used [0x00000000e0000000, 0x00000000e5560000, 0x00000000e5560000)
  from space 21824K,  51% used [0x00000000e6ab0000, 0x00000000e75ac780, 0x00000000e8000000)
  to   space 21824K,   0% used [0x00000000e5560000, 0x00000000e5560000, 0x00000000e6ab0000)
 concurrent mark-sweep generation total 393216K, used 16943K [0x00000000e8000000, 0x0000000100000000, 0x0000000100000000)
 Metaspace       used 34704K, capacity 35268K, committed 35552K, reserved 1081344K
  class space    used 3628K, capacity 3814K, committed 3836K, reserved 1048576K
2017-03-31T05:02:31.856+0200: 612.582: [GC (Allocation Failure) 2017-03-31T05:02:31.856+0200: 612.582: [ParNew
Desired survivor size 20112992 bytes, new threshold 8 (max 8)
- age   1:    4356832 bytes,    4356832 total
- age   2:    2321184 bytes,    6678016 total
- age   3:       3320 bytes,    6681336 total
- age   4:       6032 bytes,    6687368 total
- age   5:       6240 bytes,    6693608 total
- age   6:       5456 bytes,    6699064 total
- age   7:       9584 bytes,    6708648 total
- age   8:       6368 bytes,    6715016 total
: 98673K->8588K(109248K), 0.0335616 secs] 115617K->25537K(502464K), 0.0336381 secs] [Times: user=0.03 sys=0.00, real=0.03 secs] 
Heap after GC invocations=674 (full 1):
 par new generation   total 109248K, used 8588K [0x00000000e0000000, 0x00000000e8000000, 0x00000000e8000000)
  eden space 87424K,   0% used [0x00000000e0000000, 0x00000000e0000000, 0x00000000e5560000)
  from space 21824K,  39% used [0x00000000e5560000, 0x00000000e5dc32b0, 0x00000000e6ab0000)
  to   space 21824K,   0% used [0x00000000e6ab0000, 0x00000000e6ab0000, 0x00000000e8000000)
 concurrent mark-sweep generation total 393216K, used 16949K [0x00000000e8000000, 0x0000000100000000, 0x0000000100000000)
 Metaspace       used 34704K, capacity 35268K, committed 35552K, reserved 1081344K
  class space    used 3628K, capacity 3814K, committed 3836K, reserved 1048576K
}
2017-03-31T05:02:31.889+0200: 612.616: Total time for which application threads were stopped: 0.0337924 seconds, Stopping threads took: 0.0000299 seconds
{Heap before GC invocations=674 (full 1):
 par new generation   total 109248K, used 96012K [0x00000000e0000000, 0x00000000e8000000, 0x00000000e8000000)
  eden space 87424K, 100% used [0x00000000e0000000, 0x00000000e5560000, 0x00000000e5560000)
  from space 21824K,  39% used [0x00000000e5560000, 0x00000000e5dc32b0, 0x00000000e6ab0000)
  to   space 21824K,   0% used [0x00000000e6ab0000, 0x00000000e6ab0000, 0x00000000e8000000)
 concurrent mark-sweep generation total 393216K, used 16949K [0x00000000e8000000, 0x0000000100000000, 0x0000000100000000)
 Metaspace       used 34704K, capacity 35268K, committed 35552K, reserved 1081344K
  class space    used 3628K, capacity 3814K, committed 3836K, reserved 1048576K
2017-03-31T05:02:32.197+0200: 612.924: [GC (Allocation Failure) 2017-03-31T05:02:32.197+0200: 612.924: [ParNew
Desired survivor size 20112992 bytes, new threshold 8 (max 8)
- age   1:    3184744 bytes,    3184744 total
- age   2:    1920144 bytes,    5104888 total
- age   3:      15968 bytes,    5120856 total
- age   4:       3320 bytes,    5124176 total
- age   5:       5904 bytes,    5130080 total
- age   6:       6240 bytes,    5136320 total
- age   7:       5456 bytes,    5141776 total
- age   8:       9584 bytes,    5151360 total
: 96012K->7465K(109248K), 0.0257858 secs] 112961K->24420K(502464K), 0.0258503 secs] [Times: user=0.03 sys=0.00, real=0.02 secs] 
Heap after GC invocations=675 (full 1):
 par new generation   total 109248K, used 7465K [0x00000000e0000000, 0x00000000e8000000, 0x00000000e8000000)
  eden space 87424K,   0% used [0x00000000e0000000, 0x00000000e0000000, 0x00000000e5560000)
  from space 21824K,  34% used [0x00000000e6ab0000, 0x00000000e71fa600, 0x00000000e8000000)
  to   space 21824K,   0% used [0x00000000e5560000, 0x00000000e5560000, 0x00000000e6ab0000)
 concurrent mark-sweep generation total 393216K, used 16955K [0x00000000e8000000, 0x0000000100000000, 0x0000000100000000)
 Metaspace       used 34704K, capacity 35268K, committed 35552K, reserved 1081344K
  class space    used 3628K, capacity 3814K, committed 3836K, reserved 1048576K
}
2017-03-31T05:02:32.223+0200: 612.949: Total time for which application threads were stopped: 0.0260304 seconds, Stopping threads took: 0.0000336 seconds
{Heap before GC invocations=675 (full 1):
 par new generation   total 109248K, used 94889K [0x00000000e0000000, 0x00000000e8000000, 0x00000000e8000000)
  eden space 87424K, 100% used [0x00000000e0000000, 0x00000000e5560000, 0x00000000e5560000)
  from space 21824K,  34% used [0x00000000e6ab0000, 0x00000000e71fa600, 0x00000000e8000000)
  to   space 21824K,   0% used [0x00000000e5560000, 0x00000000e5560000, 0x00000000e6ab0000)
 concurrent mark-sweep generation total 393216K, used 16955K [0x00000000e8000000, 0x0000000100000000, 0x0000000100000000)
 Metaspace       used 34704K, capacity 35268K, committed 35552K, reserved 1081344K
  class space    used 3628K, capacity 3814K, committed 3836K, reserved 1048576K
2017-03-31T05:02:32.570+0200: 613.296: [GC (Allocation Failure) 2017-03-31T05:02:32.570+0200: 613.296: [ParNew
Desired survivor size 20112992 bytes, new threshold 8 (max 8)
- age   1:    3661896 bytes,    3661896 total
- age   2:    2610296 bytes,    6272192 total
- age   3:    1537224 bytes,    7809416 total
- age   4:       6880 bytes,    7816296 total
- age   5:       3320 bytes,    7819616 total
- age   6:       5648 bytes,    7825264 total
- age   7:       6240 bytes,    7831504 total
- age   8:       5392 bytes,    7836896 total
: 94889K->9506K(109248K), 0.0232301 secs] 111844K->26471K(502464K), 0.0233031 secs] [Times: user=0.02 sys=0.00, real=0.02 secs] 
Heap after GC invocations=676 (full 1):
 par new generation   total 109248K, used 9506K [0x00000000e0000000, 0x00000000e8000000, 0x00000000e8000000)
  eden space 87424K,   0% used [0x00000000e0000000, 0x00000000e0000000, 0x00000000e5560000)
  from space 21824K,  43% used [0x00000000e5560000, 0x00000000e5ea8800, 0x00000000e6ab0000)
  to   space 21824K,   0% used [0x00000000e6ab0000, 0x00000000e6ab0000, 0x00000000e8000000)
 concurrent mark-sweep generation total 393216K, used 16965K [0x00000000e8000000, 0x0000000100000000, 0x0000000100000000)
 Metaspace       used 34704K, capacity 35268K, committed 35552K, reserved 1081344K
  class space    used 3628K, capacity 3814K, committed 3836K, reserved 1048576K
}
2017-03-31T05:02:32.593+0200: 613.320: Total time for which application threads were stopped: 0.0234544 seconds, Stopping threads took: 0.0000293 seconds
{Heap before GC invocations=676 (full 1):
 par new generation   total 109248K, used 96930K [0x00000000e0000000, 0x00000000e8000000, 0x00000000e8000000)
  eden space 87424K, 100% used [0x00000000e0000000, 0x00000000e5560000, 0x00000000e5560000)
  from space 21824K,  43% used [0x00000000e5560000, 0x00000000e5ea8800, 0x00000000e6ab0000)
  to   space 21824K,   0% used [0x00000000e6ab0000, 0x00000000e6ab0000, 0x00000000e8000000)
 concurrent mark-sweep generation total 393216K, used 16965K [0x00000000e8000000, 0x0000000100000000, 0x0000000100000000)
 Metaspace       used 34704K, capacity 35268K, committed 35552K, reserved 1081344K
  class space    used 3628K, capacity 3814K, committed 3836K, reserved 1048576K
2017-03-31T05:02:32.975+0200: 613.702: [GC (Allocation Failure) 2017-03-31T05:02:32.975+0200: 613.702: [ParNew
Desired survivor size 20112992 bytes, new threshold 8 (max 8)
- age   1:    4799096 bytes,    4799096 total
- age   2:    2769080 bytes,    7568176 total
- age   3:       3864 bytes,    7572040 total
- age   4:       7400 bytes,    7579440 total
- age   5:       6688 bytes,    7586128 total
- age   6:       3320 bytes,    7589448 total
- age   7:       5648 bytes,    7595096 total
- age   8:       6240 bytes,    7601336 total
: 96930K->9628K(109248K), 0.0269083 secs] 113895K->26598K(502464K), 0.0270757 secs] [Times: user=0.03 sys=0.00, real=0.03 secs] 
Heap after GC invocations=677 (full 1):
 par new generation   total 109248K, used 9628K [0x00000000e0000000, 0x00000000e8000000, 0x00000000e8000000)
  eden space 87424K,   0% used [0x00000000e0000000, 0x00000000e0000000, 0x00000000e5560000)
  from space 21824K,  44% used [0x00000000e6ab0000, 0x00000000e74171a0, 0x00000000e8000000)
  to   space 21824K,   0% used [0x00000000e5560000, 0x00000000e5560000, 0x00000000e6ab0000)
 concurrent mark-sweep generation total 393216K, used 16970K [0x00000000e8000000, 0x0000000100000000, 0x0000000100000000)
 Metaspace       used 34704K, capacity 35268K, committed 35552K, reserved 1081344K
  class space    used 3628K, capacity 3814K, committed 3836K, reserved 1048576K
}
2017-03-31T05:02:33.002+0200: 613.729: Total time for which application threads were stopped: 0.0296548 seconds, Stopping threads took: 0.0024297 seconds
{Heap before GC invocations=677 (full 1):
 par new generation   total 109248K, used 97052K [0x00000000e0000000, 0x00000000e8000000, 0x00000000e8000000)
  eden space 87424K, 100% used [0x00000000e0000000, 0x00000000e5560000, 0x00000000e5560000)
  from space 21824K,  44% used [0x00000000e6ab0000, 0x00000000e74171a0, 0x00000000e8000000)
  to   space 21824K,   0% used [0x00000000e5560000, 0x00000000e5560000, 0x00000000e6ab0000)
 concurrent mark-sweep generation total 393216K, used 16970K [0x00000000e8000000, 0x0000000100000000, 0x0000000100000000)
 Metaspace       used 34704K, capacity 35268K, committed 35552K, reserved 1081344K
  class space    used 3628K, capacity 3814K, committed 3836K, reserved 1048576K
2017-03-31T05:02:33.399+0200: 614.125: [GC (Allocation Failure) 2017-03-31T05:02:33.399+0200: 614.125: [ParNew
Desired survivor size 20112992 bytes, new threshold 8 (max 8)
- age   1:    4335048 bytes,    4335048 total
- age   2:    2187200 bytes,    6522248 total
- age   3:       5528 bytes,    6527776 total
- age   4:       3864 bytes,    6531640 total
- age   5:       7208 bytes,    6538848 total
- age   6:       6688 bytes,    6545536 total
- age   7:       3320 bytes,    6548856 total
- age   8:       5648 bytes,    6554504 total
: 97052K->9873K(109248K), 0.0189233 secs] 114022K->26850K(502464K), 0.0190912 secs] [Times: user=0.02 sys=0.01, real=0.02 secs] 
Heap after GC invocations=678 (full 1):
 par new generation   total 109248K, used 9873K [0x00000000e0000000, 0x00000000e8000000, 0x00000000e8000000)
  eden space 87424K,   0% used [0x00000000e0000000, 0x00000000e0000000, 0x00000000e5560000)
  from space 21824K,  45% used [0x00000000e5560000, 0x00000000e5f047a8, 0x00000000e6ab0000)
  to   space 21824K,   0% used [0x00000000e6ab0000, 0x00000000e6ab0000, 0x00000000e8000000)
 concurrent mark-sweep generation total 393216K, used 16976K [0x00000000e8000000, 0x0000000100000000, 0x0000000100000000)
 Metaspace       used 34704K, capacity 35268K, committed 35552K, reserved 1081344K
  class space    used 3628K, capacity 3814K, committed 3836K, reserved 1048576K
}
2017-03-31T05:02:33.418+0200: 614.144: Total time for which application threads were stopped: 0.0193822 seconds, Stopping threads took: 0.0001000 seconds
{Heap before GC invocations=678 (full 1):
 par new generation   total 109248K, used 97297K [0x00000000e0000000, 0x00000000e8000000, 0x00000000e8000000)
  eden space 87424K, 100% used [0x00000000e0000000, 0x00000000e5560000, 0x00000000e5560000)
  from space 21824K,  45% used [0x00000000e5560000, 0x00000000e5f047a8, 0x00000000e6ab0000)
  to   space 21824K,   0% used [0x00000000e6ab0000, 0x00000000e6ab0000, 0x00000000e8000000)
 concurrent mark-sweep generation total 393216K, used 16976K [0x00000000e8000000, 0x0000000100000000, 0x0000000100000000)
 Metaspace       used 34704K, capacity 35268K, committed 35552K, reserved 1081344K
  class space    used 3628K, capacity 3814K, committed 3836K, reserved 1048576K
2017-03-31T05:02:33.730+0200: 614.456: [GC (Allocation Failure) 2017-03-31T05:02:33.730+0200: 614.456: [ParNew
Desired survivor size 20112992 bytes, new threshold 8 (max 8)
- age   1:    3119448 bytes,    3119448 total
- age   2:    1741664 bytes,    4861112 total
- age   3:      14672 bytes,    4875784 total
- age   4:       5464 bytes,    4881248 total
- age   5:       3864 bytes,    4885112 total
- age   6:       7184 bytes,    4892296 total
- age   7:       6688 bytes,    4898984 total
- age   8:       3320 bytes,    4902304 total
: 97297K->6743K(109248K), 0.0148536 secs] 114274K->23725K(502464K), 0.0149176 secs] [Times: user=0.01 sys=0.00, real=0.01 secs] 
Heap after GC invocations=679 (full 1):
 par new generation   total 109248K, used 6743K [0x00000000e0000000, 0x00000000e8000000, 0x00000000e8000000)
  eden space 87424K,   0% used [0x00000000e0000000, 0x00000000e0000000, 0x00000000e5560000)
  from space 21824K,  30% used [0x00000000e6ab0000, 0x00000000e7145d20, 0x00000000e8000000)
  to   space 21824K,   0% used [0x00000000e5560000, 0x00000000e5560000, 0x00000000e6ab0000)
 concurrent mark-sweep generation total 393216K, used 16982K [0x00000000e8000000, 0x0000000100000000, 0x0000000100000000)
 Metaspace       used 34704K, capacity 35268K, committed 35552K, reserved 1081344K
  class space    used 3628K, capacity 3814K, committed 3836K, reserved 1048576K
}
2017-03-31T05:02:33.745+0200: 614.471: Total time for which application threads were stopped: 0.0150657 seconds, Stopping threads took: 0.0000228 seconds
{Heap before GC invocations=679 (full 1):
 par new generation   total 109248K, used 94167K [0x00000000e0000000, 0x00000000e8000000, 0x00000000e8000000)
  eden space 87424K, 100% used [0x00000000e0000000, 0x00000000e5560000, 0x00000000e5560000)
  from space 21824K,  30% used [0x00000000e6ab0000, 0x00000000e7145d20, 0x00000000e8000000)
  to   space 21824K,   0% used [0x00000000e5560000, 0x00000000e5560000, 0x00000000e6ab0000)
 concurrent mark-sweep generation total 393216K, used 16982K [0x00000000e8000000, 0x0000000100000000, 0x0000000100000000)
 Metaspace       used 34704K, capacity 35268K, committed 35552K, reserved 1081344K
  class space    used 3628K, capacity 3814K, committed 3836K, reserved 1048576K
2017-03-31T05:02:34.077+0200: 614.804: [GC (Allocation Failure) 2017-03-31T05:02:34.077+0200: 614.804: [ParNew
Desired survivor size 20112992 bytes, new threshold 8 (max 8)
- age   1:    3677056 bytes,    3677056 total
- age   2:    2866040 bytes,    6543096 total
- age   3:    1280464 bytes,    7823560 total
- age   4:       6936 bytes,    7830496 total
- age   5:       5400 bytes,    7835896 total
- age   6:       3800 bytes,    7839696 total
- age   7:       7184 bytes,    7846880 total
- age   8:       6480 bytes,    7853360 total
: 94167K->9324K(109248K), 0.0316278 secs] 111149K->26310K(502464K), 0.0316940 secs] [Times: user=0.02 sys=0.00, real=0.03 secs] 
Heap after GC invocations=680 (full 1):
 par new generation   total 109248K, used 9324K [0x00000000e0000000, 0x00000000e8000000, 0x00000000e8000000)
  eden space 87424K,   0% used [0x00000000e0000000, 0x00000000e0000000, 0x00000000e5560000)
  from space 21824K,  42% used [0x00000000e5560000, 0x00000000e5e7b3f8, 0x00000000e6ab0000)
  to   space 21824K,   0% used [0x00000000e6ab0000, 0x00000000e6ab0000, 0x00000000e8000000)
 concurrent mark-sweep generation total 393216K, used 16985K [0x00000000e8000000, 0x0000000100000000, 0x0000000100000000)
 Metaspace       used 34704K, capacity 35268K, committed 35552K, reserved 1081344K
  class space    used 3628K, capacity 3814K, committed 3836K, reserved 1048576K
}
2017-03-31T05:02:34.109+0200: 614.836: Total time for which application threads were stopped: 0.0318461 seconds, Stopping threads took: 0.0000297 seconds
{Heap before GC invocations=680 (full 1):
 par new generation   total 109248K, used 96748K [0x00000000e0000000, 0x00000000e8000000, 0x00000000e8000000)
  eden space 87424K, 100% used [0x00000000e0000000, 0x00000000e5560000, 0x00000000e5560000)
  from space 21824K,  42% used [0x00000000e5560000, 0x00000000e5e7b3f8, 0x00000000e6ab0000)
  to   space 21824K,   0% used [0x00000000e6ab0000, 0x00000000e6ab0000, 0x00000000e8000000)
 concurrent mark-sweep generation total 393216K, used 16985K [0x00000000e8000000, 0x0000000100000000, 0x0000000100000000)
 Metaspace       used 34704K, capacity 35268K, committed 35552K, reserved 1081344K
  class space    used 3628K, capacity 3814K, committed 3836K, reserved 1048576K
2017-03-31T05:02:34.516+0200: 615.242: [GC (Allocation Failure) 2017-03-31T05:02:34.516+0200: 615.242: [ParNew
Desired survivor size 20112992 bytes, new threshold 8 (max 8)
- age   1:    4775800 bytes,    4775800 total
- age   2:    2686672 bytes,    7462472 total
- age   3:       3976 bytes,    7466448 total
- age   4:       6256 bytes,    7472704 total
- age   5:       6744 bytes,    7479448 total
- age   6:       5400 bytes,    7484848 total
- age   7:       3800 bytes,    7488648 total
- age   8:       6560 bytes,    7495208 total
: 96748K->12642K(109248K), 0.0219886 secs] 113734K->29634K(502464K), 0.0220622 secs] [Times: user=0.02 sys=0.00, real=0.03 secs] 
Heap after GC invocations=681 (full 1):
 par new generation   total 109248K, used 12642K [0x00000000e0000000, 0x00000000e8000000, 0x00000000e8000000)
  eden space 87424K,   0% used [0x00000000e0000000, 0x00000000e0000000, 0x00000000e5560000)
  from space 21824K,  57% used [0x00000000e6ab0000, 0x00000000e7708b40, 0x00000000e8000000)
  to   space 21824K,   0% used [0x00000000e5560000, 0x00000000e5560000, 0x00000000e6ab0000)
 concurrent mark-sweep generation total 393216K, used 16991K [0x00000000e8000000, 0x0000000100000000, 0x0000000100000000)
 Metaspace       used 34704K, capacity 35268K, committed 35552K, reserved 1081344K
  class space    used 3628K, capacity 3814K, committed 3836K, reserved 1048576K
}
2017-03-31T05:02:34.538+0200: 615.264: Total time for which application threads were stopped: 0.0247906 seconds, Stopping threads took: 0.0025793 seconds
{Heap before GC invocations=681 (full 1):
 par new generation   total 109248K, used 100066K [0x00000000e0000000, 0x00000000e8000000, 0x00000000e8000000)
  eden space 87424K, 100% used [0x00000000e0000000, 0x00000000e5560000, 0x00000000e5560000)
  from space 21824K,  57% used [0x00000000e6ab0000, 0x00000000e7708b40, 0x00000000e8000000)
  to   space 21824K,   0% used [0x00000000e5560000, 0x00000000e5560000, 0x00000000e6ab0000)
 concurrent mark-sweep generation total 393216K, used 16991K [0x00000000e8000000, 0x0000000100000000, 0x0000000100000000)
 Metaspace       used 34704K, capacity 35268K, committed 35552K, reserved 1081344K
  class space    used 3628K, capacity 3814K, committed 3836K, reserved 1048576K
2017-03-31T05:02:34.895+0200: 615.621: [GC (Allocation Failure) 2017-03-31T05:02:34.895+0200: 615.621: [ParNew
Desired survivor size 20112992 bytes, new threshold 8 (max 8)
- age   1:    3986800 bytes,    3986800 total
- age   2:    2184792 bytes,    6171592 total
- age   3:       5344 bytes,    6176936 total
- age   4:       3912 bytes,    6180848 total
- age   5:       6064 bytes,    6186912 total
- age   6:       6744 bytes,    6193656 total
- age   7:       5400 bytes,    6199056 total
- age   8:       3800 bytes,    6202856 total
: 100066K->8525K(109248K), 0.0244251 secs] 117058K->25523K(502464K), 0.0245134 secs] [Times: user=0.02 sys=0.01, real=0.03 secs] 
Heap after GC invocations=682 (full 1):
 par new generation   total 109248K, used 8525K [0x00000000e0000000, 0x00000000e8000000, 0x00000000e8000000)
  eden space 87424K,   0% used [0x00000000e0000000, 0x00000000e0000000, 0x00000000e5560000)
  from space 21824K,  39% used [0x00000000e5560000, 0x00000000e5db3630, 0x00000000e6ab0000)
  to   space 21824K,   0% used [0x00000000e6ab0000, 0x00000000e6ab0000, 0x00000000e8000000)
 concurrent mark-sweep generation total 393216K, used 16998K [0x00000000e8000000, 0x0000000100000000, 0x0000000100000000)
 Metaspace       used 34704K, capacity 35268K, committed 35552K, reserved 1081344K
  class space    used 3628K, capacity 3814K, committed 3836K, reserved 1048576K
}
2017-03-31T05:02:34.919+0200: 615.646: Total time for which application threads were stopped: 0.0246768 seconds, Stopping threads took: 0.0000287 seconds
{Heap before GC invocations=682 (full 1):
 par new generation   total 109248K, used 95949K [0x00000000e0000000, 0x00000000e8000000, 0x00000000e8000000)
  eden space 87424K, 100% used [0x00000000e0000000, 0x00000000e5560000, 0x00000000e5560000)
  from space 21824K,  39% used [0x00000000e5560000, 0x00000000e5db3630, 0x00000000e6ab0000)
  to   space 21824K,   0% used [0x00000000e6ab0000, 0x00000000e6ab0000, 0x00000000e8000000)
 concurrent mark-sweep generation total 393216K, used 16998K [0x00000000e8000000, 0x0000000100000000, 0x0000000100000000)
 Metaspace       used 34704K, capacity 35268K, committed 35552K, reserved 1081344K
  class space    used 3628K, capacity 3814K, committed 3836K, reserved 1048576K
2017-03-31T05:02:35.176+0200: 615.902: [GC (Allocation Failure) 2017-03-31T05:02:35.176+0200: 615.902: [ParNew
Desired survivor size 20112992 bytes, new threshold 8 (max 8)
- age   1:    3337608 bytes,    3337608 total
- age   2:    3640792 bytes,    6978400 total
- age   3:    1884200 bytes,    8862600 total
- age   4:       5344 bytes,    8867944 total
- age   5:       3912 bytes,    8871856 total
- age   6:       6064 bytes,    8877920 total
- age   7:       6744 bytes,    8884664 total
- age   8:       5400 bytes,    8890064 total
: 95949K->11715K(109248K), 0.0341093 secs] 112947K->28717K(502464K), 0.0341841 secs] [Times: user=0.03 sys=0.00, real=0.04 secs] 
Heap after GC invocations=683 (full 1):
 par new generation   total 109248K, used 11715K [0x00000000e0000000, 0x00000000e8000000, 0x00000000e8000000)
  eden space 87424K,   0% used [0x00000000e0000000, 0x00000000e0000000, 0x00000000e5560000)
  from space 21824K,  53% used [0x00000000e6ab0000, 0x00000000e7620d68, 0x00000000e8000000)
  to   space 21824K,   0% used [0x00000000e5560000, 0x00000000e5560000, 0x00000000e6ab0000)
 concurrent mark-sweep generation total 393216K, used 17001K [0x00000000e8000000, 0x0000000100000000, 0x0000000100000000)
 Metaspace       used 34704K, capacity 35268K, committed 35552K, reserved 1081344K
  class space    used 3628K, capacity 3814K, committed 3836K, reserved 1048576K
}
2017-03-31T05:02:35.210+0200: 615.936: Total time for which application threads were stopped: 0.0343557 seconds, Stopping threads took: 0.0000299 seconds
{Heap before GC invocations=683 (full 1):
 par new generation   total 109248K, used 99139K [0x00000000e0000000, 0x00000000e8000000, 0x00000000e8000000)
  eden space 87424K, 100% used [0x00000000e0000000, 0x00000000e5560000, 0x00000000e5560000)
  from space 21824K,  53% used [0x00000000e6ab0000, 0x00000000e7620d68, 0x00000000e8000000)
  to   space 21824K,   0% used [0x00000000e5560000, 0x00000000e5560000, 0x00000000e6ab0000)
 concurrent mark-sweep generation total 393216K, used 17001K [0x00000000e8000000, 0x0000000100000000, 0x0000000100000000)
 Metaspace       used 34704K, capacity 35268K, committed 35552K, reserved 1081344K
  class space    used 3628K, capacity 3814K, committed 3836K, reserved 1048576K
2017-03-31T05:02:35.693+0200: 616.420: [GC (Allocation Failure) 2017-03-31T05:02:35.693+0200: 616.420: [ParNew
Desired survivor size 20112992 bytes, new threshold 8 (max 8)
- age   1:    3684216 bytes,    3684216 total
- age   2:    2833280 bytes,    6517496 total
- age   3:    1023984 bytes,    7541480 total
- age   4:       7720 bytes,    7549200 total
- age   5:       4992 bytes,    7554192 total
- age   6:       3848 bytes,    7558040 total
- age   7:       6064 bytes,    7564104 total
- age   8:       6744 bytes,    7570848 total
: 99139K->10091K(109248K), 0.0229383 secs] 116141K->27098K(502464K), 0.0230014 secs] [Times: user=0.02 sys=0.00, real=0.02 secs] 
Heap after GC invocations=684 (full 1):
 par new generation   total 109248K, used 10091K [0x00000000e0000000, 0x00000000e8000000, 0x00000000e8000000)
  eden space 87424K,   0% used [0x00000000e0000000, 0x00000000e0000000, 0x00000000e5560000)
  from space 21824K,  46% used [0x00000000e5560000, 0x00000000e5f3ae90, 0x00000000e6ab0000)
  to   space 21824K,   0% used [0x00000000e6ab0000, 0x00000000e6ab0000, 0x00000000e8000000)
 concurrent mark-sweep generation total 393216K, used 17007K [0x00000000e8000000, 0x0000000100000000, 0x0000000100000000)
 Metaspace       used 34704K, capacity 35268K, committed 35552K, reserved 1081344K
  class space    used 3628K, capacity 3814K, committed 3836K, reserved 1048576K
}
2017-03-31T05:02:35.716+0200: 616.443: Total time for which application threads were stopped: 0.0231555 seconds, Stopping threads took: 0.0000280 seconds
{Heap before GC invocations=684 (full 1):
 par new generation   total 109248K, used 97515K [0x00000000e0000000, 0x00000000e8000000, 0x00000000e8000000)
  eden space 87424K, 100% used [0x00000000e0000000, 0x00000000e5560000, 0x00000000e5560000)
  from space 21824K,  46% used [0x00000000e5560000, 0x00000000e5f3ae90, 0x00000000e6ab0000)
  to   space 21824K,   0% used [0x00000000e6ab0000, 0x00000000e6ab0000, 0x00000000e8000000)
 concurrent mark-sweep generation total 393216K, used 17007K [0x00000000e8000000, 0x0000000100000000, 0x0000000100000000)
 Metaspace       used 34705K, capacity 35268K, committed 35552K, reserved 1081344K
  class space    used 3628K, capacity 3814K, committed 3836K, reserved 1048576K
2017-03-31T05:02:36.142+0200: 616.869: [GC (Allocation Failure) 2017-03-31T05:02:36.142+0200: 616.869: [ParNew
Desired survivor size 20112992 bytes, new threshold 8 (max 8)
- age   1:    4401992 bytes,    4401992 total
- age   2:    2468984 bytes,    6870976 total
- age   3:       3192 bytes,    6874168 total
- age   4:       6016 bytes,    6880184 total
- age   5:       7528 bytes,    6887712 total
- age   6:       4992 bytes,    6892704 total
- age   7:       3848 bytes,    6896552 total
- age   8:       6064 bytes,    6902616 total
: 97515K->9454K(109248K), 0.0156650 secs] 114522K->26468K(502464K), 0.0157388 secs] [Times: user=0.02 sys=0.00, real=0.02 secs] 
Heap after GC invocations=685 (full 1):
 par new generation   total 109248K, used 9454K [0x00000000e0000000, 0x00000000e8000000, 0x00000000e8000000)
  eden space 87424K,   0% used [0x00000000e0000000, 0x00000000e0000000, 0x00000000e5560000)
  from space 21824K,  43% used [0x00000000e6ab0000, 0x00000000e73eb8e0, 0x00000000e8000000)
  to   space 21824K,   0% used [0x00000000e5560000, 0x00000000e5560000, 0x00000000e6ab0000)
 concurrent mark-sweep generation total 393216K, used 17013K [0x00000000e8000000, 0x0000000100000000, 0x0000000100000000)
 Metaspace       used 34705K, capacity 35268K, committed 35552K, reserved 1081344K
  class space    used 3628K, capacity 3814K, committed 3836K, reserved 1048576K
}
2017-03-31T05:02:36.158+0200: 616.884: Total time for which application threads were stopped: 0.0158853 seconds, Stopping threads took: 0.0000288 seconds
{Heap before GC invocations=685 (full 1):
 par new generation   total 109248K, used 96878K [0x00000000e0000000, 0x00000000e8000000, 0x00000000e8000000)
  eden space 87424K, 100% used [0x00000000e0000000, 0x00000000e5560000, 0x00000000e5560000)
  from space 21824K,  43% used [0x00000000e6ab0000, 0x00000000e73eb8e0, 0x00000000e8000000)
  to   space 21824K,   0% used [0x00000000e5560000, 0x00000000e5560000, 0x00000000e6ab0000)
 concurrent mark-sweep generation total 393216K, used 17013K [0x00000000e8000000, 0x0000000100000000, 0x0000000100000000)
 Metaspace       used 34705K, capacity 35268K, committed 35552K, reserved 1081344K
  class space    used 3628K, capacity 3814K, committed 3836K, reserved 1048576K
2017-03-31T05:02:36.622+0200: 617.348: [GC (Allocation Failure) 2017-03-31T05:02:36.622+0200: 617.348: [ParNew
Desired survivor size 20112992 bytes, new threshold 8 (max 8)
- age   1:    3681384 bytes,    3681384 total
- age   2:    1920880 bytes,    5602264 total
- age   3:       8600 bytes,    5610864 total
- age   4:       3192 bytes,    5614056 total
- age   5:       5760 bytes,    5619816 total
- age   6:       7528 bytes,    5627344 total
- age   7:       4992 bytes,    5632336 total
- age   8:       3848 bytes,    5636184 total
: 96878K->6946K(109248K), 0.0198475 secs] 113892K->23966K(502464K), 0.0199122 secs] [Times: user=0.02 sys=0.00, real=0.02 secs] 
Heap after GC invocations=686 (full 1):
 par new generation   total 109248K, used 6946K [0x00000000e0000000, 0x00000000e8000000, 0x00000000e8000000)
  eden space 87424K,   0% used [0x00000000e0000000, 0x00000000e0000000, 0x00000000e5560000)
  from space 21824K,  31% used [0x00000000e5560000, 0x00000000e5c28a00, 0x00000000e6ab0000)
  to   space 21824K,   0% used [0x00000000e6ab0000, 0x00000000e6ab0000, 0x00000000e8000000)
 concurrent mark-sweep generation total 393216K, used 17019K [0x00000000e8000000, 0x0000000100000000, 0x0000000100000000)
 Metaspace       used 34705K, capacity 35268K, committed 35552K, reserved 1081344K
  class space    used 3628K, capacity 3814K, committed 3836K, reserved 1048576K
}
2017-03-31T05:02:36.642+0200: 617.368: Total time for which application threads were stopped: 0.0200689 seconds, Stopping threads took: 0.0000284 seconds
{Heap before GC invocations=686 (full 1):
 par new generation   total 109248K, used 94370K [0x00000000e0000000, 0x00000000e8000000, 0x00000000e8000000)
  eden space 87424K, 100% used [0x00000000e0000000, 0x00000000e5560000, 0x00000000e5560000)
  from space 21824K,  31% used [0x00000000e5560000, 0x00000000e5c28a00, 0x00000000e6ab0000)
  to   space 21824K,   0% used [0x00000000e6ab0000, 0x00000000e6ab0000, 0x00000000e8000000)
 concurrent mark-sweep generation total 393216K, used 17019K [0x00000000e8000000, 0x0000000100000000, 0x0000000100000000)
 Metaspace       used 34705K, capacity 35268K, committed 35552K, reserved 1081344K
  class space    used 3628K, capacity 3814K, committed 3836K, reserved 1048576K
2017-03-31T05:02:37.000+0200: 617.726: [GC (Allocation Failure) 2017-03-31T05:02:37.000+0200: 617.726: [ParNew
Desired survivor size 20112992 bytes, new threshold 8 (max 8)
- age   1:    2956992 bytes,    2956992 total
- age   2:    3296968 bytes,    6253960 total
- age   3:    1693608 bytes,    7947568 total
- age   4:       8536 bytes,    7956104 total
- age   5:       3192 bytes,    7959296 total
- age   6:       5632 bytes,    7964928 total
- age   7:       7528 bytes,    7972456 total
- age   8:       4992 bytes,    7977448 total
: 94370K->11241K(109248K), 0.0205363 secs] 111390K->28265K(502464K), 0.0206136 secs] [Times: user=0.03 sys=0.00, real=0.02 secs] 
Heap after GC invocations=687 (full 1):
 par new generation   total 109248K, used 11241K [0x00000000e0000000, 0x00000000e8000000, 0x00000000e8000000)
  eden space 87424K,   0% used [0x00000000e0000000, 0x00000000e0000000, 0x00000000e5560000)
  from space 21824K,  51% used [0x00000000e6ab0000, 0x00000000e75aa7a8, 0x00000000e8000000)
  to   space 21824K,   0% used [0x00000000e5560000, 0x00000000e5560000, 0x00000000e6ab0000)
 concurrent mark-sweep generation total 393216K, used 17023K [0x00000000e8000000, 0x0000000100000000, 0x0000000100000000)
 Metaspace       used 34705K, capacity 35268K, committed 35552K, reserved 1081344K
  class space    used 3628K, capacity 3814K, committed 3836K, reserved 1048576K
}
2017-03-31T05:02:37.021+0200: 617.747: Total time for which application threads were stopped: 0.0291236 seconds, Stopping threads took: 0.0083557 seconds
{Heap before GC invocations=687 (full 1):
 par new generation   total 109248K, used 98665K [0x00000000e0000000, 0x00000000e8000000, 0x00000000e8000000)
  eden space 87424K, 100% used [0x00000000e0000000, 0x00000000e5560000, 0x00000000e5560000)
  from space 21824K,  51% used [0x00000000e6ab0000, 0x00000000e75aa7a8, 0x00000000e8000000)
  to   space 21824K,   0% used [0x00000000e5560000, 0x00000000e5560000, 0x00000000e6ab0000)
 concurrent mark-sweep generation total 393216K, used 17023K [0x00000000e8000000, 0x0000000100000000, 0x0000000100000000)
 Metaspace       used 34705K, capacity 35268K, committed 35552K, reserved 1081344K
  class space    used 3628K, capacity 3814K, committed 3836K, reserved 1048576K
2017-03-31T05:02:37.398+0200: 618.125: [GC (Allocation Failure) 2017-03-31T05:02:37.398+0200: 618.125: [ParNew
Desired survivor size 20112992 bytes, new threshold 8 (max 8)
- age   1:    4521792 bytes,    4521792 total
- age   2:    2473944 bytes,    6995736 total
- age   3:     503448 bytes,    7499184 total
- age   4:       6720 bytes,    7505904 total
- age   5:       8472 bytes,    7514376 total
- age   6:       3192 bytes,    7517568 total
- age   7:       5632 bytes,    7523200 total
- age   8:       7528 bytes,    7530728 total
: 98665K->10426K(109248K), 0.0208465 secs] 115689K->27454K(502464K), 0.0209234 secs] [Times: user=0.02 sys=0.00, real=0.02 secs] 
Heap after GC invocations=688 (full 1):
 par new generation   total 109248K, used 10426K [0x00000000e0000000, 0x00000000e8000000, 0x00000000e8000000)
  eden space 87424K,   0% used [0x00000000e0000000, 0x00000000e0000000, 0x00000000e5560000)
  from space 21824K,  47% used [0x00000000e5560000, 0x00000000e5f8e950, 0x00000000e6ab0000)
  to   space 21824K,   0% used [0x00000000e6ab0000, 0x00000000e6ab0000, 0x00000000e8000000)
 concurrent mark-sweep generation total 393216K, used 17028K [0x00000000e8000000, 0x0000000100000000, 0x0000000100000000)
 Metaspace       used 34705K, capacity 35268K, committed 35552K, reserved 1081344K
  class space    used 3628K, capacity 3814K, committed 3836K, reserved 1048576K
}
2017-03-31T05:02:37.419+0200: 618.146: Total time for which application threads were stopped: 0.0213364 seconds, Stopping threads took: 0.0001223 seconds
{Heap before GC invocations=688 (full 1):
 par new generation   total 109248K, used 97850K [0x00000000e0000000, 0x00000000e8000000, 0x00000000e8000000)
  eden space 87424K, 100% used [0x00000000e0000000, 0x00000000e5560000, 0x00000000e5560000)
  from space 21824K,  47% used [0x00000000e5560000, 0x00000000e5f8e950, 0x00000000e6ab0000)
  to   space 21824K,   0% used [0x00000000e6ab0000, 0x00000000e6ab0000, 0x00000000e8000000)
 concurrent mark-sweep generation total 393216K, used 17028K [0x00000000e8000000, 0x0000000100000000, 0x0000000100000000)
 Metaspace       used 34705K, capacity 35268K, committed 35552K, reserved 1081344K
  class space    used 3628K, capacity 3814K, committed 3836K, reserved 1048576K
2017-03-31T05:02:37.811+0200: 618.537: [GC (Allocation Failure) 2017-03-31T05:02:37.811+0200: 618.537: [ParNew
Desired survivor size 20112992 bytes, new threshold 8 (max 8)
- age   1:    4447048 bytes,    4447048 total
- age   2:    2283784 bytes,    6730832 total
- age   3:       3312 bytes,    6734144 total
- age   4:       6200 bytes,    6740344 total
- age   5:       6400 bytes,    6746744 total
- age   6:       8472 bytes,    6755216 total
- age   7:       3192 bytes,    6758408 total
- age   8:       5632 bytes,    6764040 total
: 97850K->9501K(109248K), 0.0214129 secs] 114878K->26537K(502464K), 0.0214771 secs] [Times: user=0.02 sys=0.00, real=0.01 secs] 
Heap after GC invocations=689 (full 1):
 par new generation   total 109248K, used 9501K [0x00000000e0000000, 0x00000000e8000000, 0x00000000e8000000)
  eden space 87424K,   0% used [0x00000000e0000000, 0x00000000e0000000, 0x00000000e5560000)
  from space 21824K,  43% used [0x00000000e6ab0000, 0x00000000e73f74b0, 0x00000000e8000000)
  to   space 21824K,   0% used [0x00000000e5560000, 0x00000000e5560000, 0x00000000e6ab0000)
 concurrent mark-sweep generation total 393216K, used 17035K [0x00000000e8000000, 0x0000000100000000, 0x0000000100000000)
 Metaspace       used 34705K, capacity 35268K, committed 35552K, reserved 1081344K
  class space    used 3628K, capacity 3814K, committed 3836K, reserved 1048576K
}
2017-03-31T05:02:37.832+0200: 618.559: Total time for which application threads were stopped: 0.0216327 seconds, Stopping threads took: 0.0000301 seconds
{Heap before GC invocations=689 (full 1):
 par new generation   total 109248K, used 96915K [0x00000000e0000000, 0x00000000e8000000, 0x00000000e8000000)
  eden space 87424K,  99% used [0x00000000e0000000, 0x00000000e555db10, 0x00000000e5560000)
  from space 21824K,  43% used [0x00000000e6ab0000, 0x00000000e73f74b0, 0x00000000e8000000)
  to   space 21824K,   0% used [0x00000000e5560000, 0x00000000e5560000, 0x00000000e6ab0000)
 concurrent mark-sweep generation total 393216K, used 17035K [0x00000000e8000000, 0x0000000100000000, 0x0000000100000000)
 Metaspace       used 34705K, capacity 35268K, committed 35552K, reserved 1081344K
  class space    used 3628K, capacity 3814K, committed 3836K, reserved 1048576K
2017-03-31T05:02:38.087+0200: 618.814: [GC (Allocation Failure) 2017-03-31T05:02:38.087+0200: 618.814: [ParNew
Desired survivor size 20112992 bytes, new threshold 8 (max 8)
- age   1:    3263080 bytes,    3263080 total
- age   2:    1937416 bytes,    5200496 total
- age   3:      18360 bytes,    5218856 total
- age   4:       3312 bytes,    5222168 total
- age   5:       6072 bytes,    5228240 total
- age   6:       6400 bytes,    5234640 total
- age   7:       8472 bytes,    5243112 total
- age   8:       3192 bytes,    5246304 total
: 96915K->7711K(109248K), 0.0200227 secs] 113951K->24752K(502464K), 0.0201024 secs] [Times: user=0.02 sys=0.00, real=0.02 secs] 
Heap after GC invocations=690 (full 1):
 par new generation   total 109248K, used 7711K [0x00000000e0000000, 0x00000000e8000000, 0x00000000e8000000)
  eden space 87424K,   0% used [0x00000000e0000000, 0x00000000e0000000, 0x00000000e5560000)
  from space 21824K,  35% used [0x00000000e5560000, 0x00000000e5ce7cb0, 0x00000000e6ab0000)
  to   space 21824K,   0% used [0x00000000e6ab0000, 0x00000000e6ab0000, 0x00000000e8000000)
 concurrent mark-sweep generation total 393216K, used 17041K [0x00000000e8000000, 0x0000000100000000, 0x0000000100000000)
 Metaspace       used 34705K, capacity 35268K, committed 35552K, reserved 1081344K
  class space    used 3628K, capacity 3814K, committed 3836K, reserved 1048576K
}
2017-03-31T05:02:38.107+0200: 618.834: Total time for which application threads were stopped: 0.0202679 seconds, Stopping threads took: 0.0000235 seconds
{Heap before GC invocations=690 (full 1):
 par new generation   total 109248K, used 95135K [0x00000000e0000000, 0x00000000e8000000, 0x00000000e8000000)
  eden space 87424K, 100% used [0x00000000e0000000, 0x00000000e5560000, 0x00000000e5560000)
  from space 21824K,  35% used [0x00000000e5560000, 0x00000000e5ce7cb0, 0x00000000e6ab0000)
  to   space 21824K,   0% used [0x00000000e6ab0000, 0x00000000e6ab0000, 0x00000000e8000000)
 concurrent mark-sweep generation total 393216K, used 17041K [0x00000000e8000000, 0x0000000100000000, 0x0000000100000000)
 Metaspace       used 34705K, capacity 35268K, committed 35552K, reserved 1081344K
  class space    used 3628K, capacity 3814K, committed 3836K, reserved 1048576K
2017-03-31T05:02:38.477+0200: 619.204: [GC (Allocation Failure) 2017-03-31T05:02:38.477+0200: 619.204: [ParNew
Desired survivor size 20112992 bytes, new threshold 8 (max 8)
- age   1:    3582024 bytes,    3582024 total
- age   2:    2639072 bytes,    6221096 total
- age   3:    1540624 bytes,    7761720 total
- age   4:       6584 bytes,    7768304 total
- age   5:       3184 bytes,    7771488 total
- age   6:       5944 bytes,    7777432 total
- age   7:       6200 bytes,    7783632 total
- age   8:       8344 bytes,    7791976 total
: 95135K->9340K(109248K), 0.0390136 secs] 112176K->26385K(502464K), 0.0390966 secs] [Times: user=0.03 sys=0.01, real=0.04 secs] 
Heap after GC invocations=691 (full 1):
 par new generation   total 109248K, used 9340K [0x00000000e0000000, 0x00000000e8000000, 0x00000000e8000000)
  eden space 87424K,   0% used [0x00000000e0000000, 0x00000000e0000000, 0x00000000e5560000)
  from space 21824K,  42% used [0x00000000e6ab0000, 0x00000000e73cf3e0, 0x00000000e8000000)
  to   space 21824K,   0% used [0x00000000e5560000, 0x00000000e5560000, 0x00000000e6ab0000)
 concurrent mark-sweep generation total 393216K, used 17044K [0x00000000e8000000, 0x0000000100000000, 0x0000000100000000)
 Metaspace       used 34705K, capacity 35268K, committed 35552K, reserved 1081344K
  class space    used 3628K, capacity 3814K, committed 3836K, reserved 1048576K
}
2017-03-31T05:02:38.517+0200: 619.243: Total time for which application threads were stopped: 0.0392936 seconds, Stopping threads took: 0.0000327 seconds
{Heap before GC invocations=691 (full 1):
 par new generation   total 109248K, used 96764K [0x00000000e0000000, 0x00000000e8000000, 0x00000000e8000000)
  eden space 87424K, 100% used [0x00000000e0000000, 0x00000000e5560000, 0x00000000e5560000)
  from space 21824K,  42% used [0x00000000e6ab0000, 0x00000000e73cf3e0, 0x00000000e8000000)
  to   space 21824K,   0% used [0x00000000e5560000, 0x00000000e5560000, 0x00000000e6ab0000)
 concurrent mark-sweep generation total 393216K, used 17044K [0x00000000e8000000, 0x0000000100000000, 0x0000000100000000)
 Metaspace       used 34705K, capacity 35268K, committed 35552K, reserved 1081344K
  class space    used 3628K, capacity 3814K, committed 3836K, reserved 1048576K
2017-03-31T05:02:39.016+0200: 619.743: [GC (Allocation Failure) 2017-03-31T05:02:39.016+0200: 619.743: [ParNew
Desired survivor size 20112992 bytes, new threshold 8 (max 8)
- age   1:    4394200 bytes,    4394200 total
- age   2:    2708912 bytes,    7103112 total
- age   3:       3792 bytes,    7106904 total
- age   4:       6664 bytes,    7113568 total
- age   5:       6200 bytes,    7119768 total
- age   6:       3184 bytes,    7122952 total
- age   7:       5944 bytes,    7128896 total
- age   8:       6200 bytes,    7135096 total
: 96764K->12098K(109248K), 0.0372323 secs] 113809K->29151K(502464K), 0.0373072 secs] [Times: user=0.03 sys=0.00, real=0.03 secs] 
Heap after GC invocations=692 (full 1):
 par new generation   total 109248K, used 12098K [0x00000000e0000000, 0x00000000e8000000, 0x00000000e8000000)
  eden space 87424K,   0% used [0x00000000e0000000, 0x00000000e0000000, 0x00000000e5560000)
  from space 21824K,  55% used [0x00000000e5560000, 0x00000000e6130b40, 0x00000000e6ab0000)
  to   space 21824K,   0% used [0x00000000e6ab0000, 0x00000000e6ab0000, 0x00000000e8000000)
 concurrent mark-sweep generation total 393216K, used 17052K [0x00000000e8000000, 0x0000000100000000, 0x0000000100000000)
 Metaspace       used 34705K, capacity 35268K, committed 35552K, reserved 1081344K
  class space    used 3628K, capacity 3814K, committed 3836K, reserved 1048576K
}
2017-03-31T05:02:39.054+0200: 619.780: Total time for which application threads were stopped: 0.0374855 seconds, Stopping threads took: 0.0000306 seconds
{Heap before GC invocations=692 (full 1):
 par new generation   total 109248K, used 99522K [0x00000000e0000000, 0x00000000e8000000, 0x00000000e8000000)
  eden space 87424K, 100% used [0x00000000e0000000, 0x00000000e5560000, 0x00000000e5560000)
  from space 21824K,  55% used [0x00000000e5560000, 0x00000000e6130b40, 0x00000000e6ab0000)
  to   space 21824K,   0% used [0x00000000e6ab0000, 0x00000000e6ab0000, 0x00000000e8000000)
 concurrent mark-sweep generation total 393216K, used 17052K [0x00000000e8000000, 0x0000000100000000, 0x0000000100000000)
 Metaspace       used 34705K, capacity 35268K, committed 35552K, reserved 1081344K
  class space    used 3628K, capacity 3814K, committed 3836K, reserved 1048576K
2017-03-31T05:02:39.406+0200: 620.132: [GC (Allocation Failure) 2017-03-31T05:02:39.406+0200: 620.132: [ParNew
Desired survivor size 20112992 bytes, new threshold 8 (max 8)
- age   1:    3953792 bytes,    3953792 total
- age   2:    2145800 bytes,    6099592 total
- age   3:       5392 bytes,    6104984 total
- age   4:       3792 bytes,    6108776 total
- age   5:       6664 bytes,    6115440 total
- age   6:       6200 bytes,    6121640 total
- age   7:       3184 bytes,    6124824 total
- age   8:       5944 bytes,    6130768 total
: 99522K->8135K(109248K), 0.0190210 secs] 116575K->25194K(502464K), 0.0190873 secs] [Times: user=0.02 sys=0.00, real=0.02 secs] 
Heap after GC invocations=693 (full 1):
 par new generation   total 109248K, used 8135K [0x00000000e0000000, 0x00000000e8000000, 0x00000000e8000000)
  eden space 87424K,   0% used [0x00000000e0000000, 0x00000000e0000000, 0x00000000e5560000)
  from space 21824K,  37% used [0x00000000e6ab0000, 0x00000000e72a1f20, 0x00000000e8000000)
  to   space 21824K,   0% used [0x00000000e5560000, 0x00000000e5560000, 0x00000000e6ab0000)
 concurrent mark-sweep generation total 393216K, used 17058K [0x00000000e8000000, 0x0000000100000000, 0x0000000100000000)
 Metaspace       used 34705K, capacity 35268K, committed 35552K, reserved 1081344K
  class space    used 3628K, capacity 3814K, committed 3836K, reserved 1048576K
}
2017-03-31T05:02:39.425+0200: 620.151: Total time for which application threads were stopped: 0.0192467 seconds, Stopping threads took: 0.0000314 seconds
{Heap before GC invocations=693 (full 1):
 par new generation   total 109248K, used 95559K [0x00000000e0000000, 0x00000000e8000000, 0x00000000e8000000)
  eden space 87424K, 100% used [0x00000000e0000000, 0x00000000e5560000, 0x00000000e5560000)
  from space 21824K,  37% used [0x00000000e6ab0000, 0x00000000e72a1f20, 0x00000000e8000000)
  to   space 21824K,   0% used [0x00000000e5560000, 0x00000000e5560000, 0x00000000e6ab0000)
 concurrent mark-sweep generation total 393216K, used 17058K [0x00000000e8000000, 0x0000000100000000, 0x0000000100000000)
 Metaspace       used 34705K, capacity 35268K, committed 35552K, reserved 1081344K
  class space    used 3628K, capacity 3814K, committed 3836K, reserved 1048576K
2017-03-31T05:02:39.682+0200: 620.409: [GC (Allocation Failure) 2017-03-31T05:02:39.682+0200: 620.409: [ParNew
Desired survivor size 20112992 bytes, new threshold 8 (max 8)
- age   1:    2622784 bytes,    2622784 total
- age   2:    3630528 bytes,    6253312 total
- age   3:    1918360 bytes,    8171672 total
- age   4:       5392 bytes,    8177064 total
- age   5:       3792 bytes,    8180856 total
- age   6:       6664 bytes,    8187520 total
- age   7:       6200 bytes,    8193720 total
- age   8:       3184 bytes,    8196904 total
: 95559K->10705K(109248K), 0.0197758 secs] 112618K->27770K(502464K), 0.0198499 secs] [Times: user=0.02 sys=0.00, real=0.02 secs] 
Heap after GC invocations=694 (full 1):
 par new generation   total 109248K, used 10705K [0x00000000e0000000, 0x00000000e8000000, 0x00000000e8000000)
  eden space 87424K,   0% used [0x00000000e0000000, 0x00000000e0000000, 0x00000000e5560000)
  from space 21824K,  49% used [0x00000000e5560000, 0x00000000e5fd4680, 0x00000000e6ab0000)
  to   space 21824K,   0% used [0x00000000e6ab0000, 0x00000000e6ab0000, 0x00000000e8000000)
 concurrent mark-sweep generation total 393216K, used 17064K [0x00000000e8000000, 0x0000000100000000, 0x0000000100000000)
 Metaspace       used 34705K, capacity 35268K, committed 35552K, reserved 1081344K
  class space    used 3628K, capacity 3814K, committed 3836K, reserved 1048576K
}
2017-03-31T05:02:39.702+0200: 620.429: Total time for which application threads were stopped: 0.0199977 seconds, Stopping threads took: 0.0000282 seconds
{Heap before GC invocations=694 (full 1):
 par new generation   total 109248K, used 98128K [0x00000000e0000000, 0x00000000e8000000, 0x00000000e8000000)
  eden space 87424K,  99% used [0x00000000e0000000, 0x00000000e555fa10, 0x00000000e5560000)
  from space 21824K,  49% used [0x00000000e5560000, 0x00000000e5fd4680, 0x00000000e6ab0000)
  to   space 21824K,   0% used [0x00000000e6ab0000, 0x00000000e6ab0000, 0x00000000e8000000)
 concurrent mark-sweep generation total 393216K, used 17064K [0x00000000e8000000, 0x0000000100000000, 0x0000000100000000)
 Metaspace       used 34705K, capacity 35268K, committed 35552K, reserved 1081344K
  class space    used 3628K, capacity 3814K, committed 3836K, reserved 1048576K
2017-03-31T05:02:40.073+0200: 620.800: [GC (Allocation Failure) 2017-03-31T05:02:40.073+0200: 620.800: [ParNew
Desired survivor size 20112992 bytes, new threshold 8 (max 8)
- age   1:    4710120 bytes,    4710120 total
- age   2:    2115560 bytes,    6825680 total
- age   3:    1030816 bytes,    7856496 total
- age   4:       6792 bytes,    7863288 total
- age   5:       5136 bytes,    7868424 total
- age   6:       3664 bytes,    7872088 total
- age   7:       6664 bytes,    7878752 total
- age   8:       6176 bytes,    7884928 total
: 98128K->10357K(109248K), 0.0283788 secs] 115192K->27425K(502464K), 0.0284425 secs] [Times: user=0.02 sys=0.00, real=0.04 secs] 
Heap after GC invocations=695 (full 1):
 par new generation   total 109248K, used 10357K [0x00000000e0000000, 0x00000000e8000000, 0x00000000e8000000)
  eden space 87424K,   0% used [0x00000000e0000000, 0x00000000e0000000, 0x00000000e5560000)
  from space 21824K,  47% used [0x00000000e6ab0000, 0x00000000e74cd728, 0x00000000e8000000)
  to   space 21824K,   0% used [0x00000000e5560000, 0x00000000e5560000, 0x00000000e6ab0000)
 concurrent mark-sweep generation total 393216K, used 17067K [0x00000000e8000000, 0x0000000100000000, 0x0000000100000000)
 Metaspace       used 34705K, capacity 35268K, committed 35552K, reserved 1081344K
  class space    used 3628K, capacity 3814K, committed 3836K, reserved 1048576K
}
2017-03-31T05:02:40.102+0200: 620.828: Total time for which application threads were stopped: 0.0317814 seconds, Stopping threads took: 0.0032030 seconds
{Heap before GC invocations=695 (full 1):
 par new generation   total 109248K, used 97781K [0x00000000e0000000, 0x00000000e8000000, 0x00000000e8000000)
  eden space 87424K, 100% used [0x00000000e0000000, 0x00000000e5560000, 0x00000000e5560000)
  from space 21824K,  47% used [0x00000000e6ab0000, 0x00000000e74cd728, 0x00000000e8000000)
  to   space 21824K,   0% used [0x00000000e5560000, 0x00000000e5560000, 0x00000000e6ab0000)
 concurrent mark-sweep generation total 393216K, used 17067K [0x00000000e8000000, 0x0000000100000000, 0x0000000100000000)
 Metaspace       used 34705K, capacity 35268K, committed 35552K, reserved 1081344K
  class space    used 3628K, capacity 3814K, committed 3836K, reserved 1048576K
2017-03-31T05:02:40.483+0200: 621.209: [GC (Allocation Failure) 2017-03-31T05:02:40.483+0200: 621.210: [ParNew
Desired survivor size 20112992 bytes, new threshold 8 (max 8)
- age   1:    4610840 bytes,    4610840 total
- age   2:    2486928 bytes,    7097768 total
- age   3:       3024 bytes,    7100792 total
- age   4:       6768 bytes,    7107560 total
- age   5:       6600 bytes,    7114160 total
- age   6:       5136 bytes,    7119296 total
- age   7:       3664 bytes,    7122960 total
- age   8:       6664 bytes,    7129624 total
: 97781K->9572K(109248K), 0.0176962 secs] 114849K->26646K(502464K), 0.0177683 secs] [Times: user=0.02 sys=0.00, real=0.02 secs] 
Heap after GC invocations=696 (full 1):
 par new generation   total 109248K, used 9572K [0x00000000e0000000, 0x00000000e8000000, 0x00000000e8000000)
  eden space 87424K,   0% used [0x00000000e0000000, 0x00000000e0000000, 0x00000000e5560000)
  from space 21824K,  43% used [0x00000000e5560000, 0x00000000e5eb93e0, 0x00000000e6ab0000)
  to   space 21824K,   0% used [0x00000000e6ab0000, 0x00000000e6ab0000, 0x00000000e8000000)
 concurrent mark-sweep generation total 393216K, used 17073K [0x00000000e8000000, 0x0000000100000000, 0x0000000100000000)
 Metaspace       used 34705K, capacity 35268K, committed 35552K, reserved 1081344K
  class space    used 3628K, capacity 3814K, committed 3836K, reserved 1048576K
}
2017-03-31T05:02:40.501+0200: 621.227: Total time for which application threads were stopped: 0.0250299 seconds, Stopping threads took: 0.0071139 seconds
{Heap before GC invocations=696 (full 1):
 par new generation   total 109248K, used 96996K [0x00000000e0000000, 0x00000000e8000000, 0x00000000e8000000)
  eden space 87424K, 100% used [0x00000000e0000000, 0x00000000e5560000, 0x00000000e5560000)
  from space 21824K,  43% used [0x00000000e5560000, 0x00000000e5eb93e0, 0x00000000e6ab0000)
  to   space 21824K,   0% used [0x00000000e6ab0000, 0x00000000e6ab0000, 0x00000000e8000000)
 concurrent mark-sweep generation total 393216K, used 17073K [0x00000000e8000000, 0x0000000100000000, 0x0000000100000000)
 Metaspace       used 34705K, capacity 35268K, committed 35552K, reserved 1081344K
  class space    used 3628K, capacity 3814K, committed 3836K, reserved 1048576K
2017-03-31T05:02:40.874+0200: 621.600: [GC (Allocation Failure) 2017-03-31T05:02:40.874+0200: 621.601: [ParNew
Desired survivor size 20112992 bytes, new threshold 8 (max 8)
- age   1:    4223808 bytes,    4223808 total
- age   2:    1969280 bytes,    6193088 total
- age   3:       6864 bytes,    6199952 total
- age   4:       3024 bytes,    6202976 total
- age   5:       6384 bytes,    6209360 total
- age   6:       6600 bytes,    6215960 total
- age   7:       5136 bytes,    6221096 total
- age   8:       3664 bytes,    6224760 total
: 96996K->8920K(109248K), 0.0248181 secs] 114070K->26001K(502464K), 0.0249708 secs] [Times: user=0.02 sys=0.00, real=0.03 secs] 
Heap after GC invocations=697 (full 1):
 par new generation   total 109248K, used 8920K [0x00000000e0000000, 0x00000000e8000000, 0x00000000e8000000)
  eden space 87424K,   0% used [0x00000000e0000000, 0x00000000e0000000, 0x00000000e5560000)
  from space 21824K,  40% used [0x00000000e6ab0000, 0x00000000e7366280, 0x00000000e8000000)
  to   space 21824K,   0% used [0x00000000e5560000, 0x00000000e5560000, 0x00000000e6ab0000)
 concurrent mark-sweep generation total 393216K, used 17080K [0x00000000e8000000, 0x0000000100000000, 0x0000000100000000)
 Metaspace       used 34705K, capacity 35268K, committed 35552K, reserved 1081344K
  class space    used 3628K, capacity 3814K, committed 3836K, reserved 1048576K
}
2017-03-31T05:02:40.899+0200: 621.625: Total time for which application threads were stopped: 0.0329596 seconds, Stopping threads took: 0.0077457 seconds
{Heap before GC invocations=697 (full 1):
 par new generation   total 109248K, used 96313K [0x00000000e0000000, 0x00000000e8000000, 0x00000000e8000000)
  eden space 87424K,  99% used [0x00000000e0000000, 0x00000000e55581d0, 0x00000000e5560000)
  from space 21824K,  40% used [0x00000000e6ab0000, 0x00000000e7366280, 0x00000000e8000000)
  to   space 21824K,   0% used [0x00000000e5560000, 0x00000000e5560000, 0x00000000e6ab0000)
 concurrent mark-sweep generation total 393216K, used 17080K [0x00000000e8000000, 0x0000000100000000, 0x0000000100000000)
 Metaspace       used 34705K, capacity 35268K, committed 35552K, reserved 1081344K
  class space    used 3628K, capacity 3814K, committed 3836K, reserved 1048576K
2017-03-31T05:02:41.186+0200: 621.913: [GC (Allocation Failure) 2017-03-31T05:02:41.186+0200: 621.913: [ParNew
Desired survivor size 20112992 bytes, new threshold 8 (max 8)
- age   1:    3126584 bytes,    3126584 total
- age   2:    3609208 bytes,    6735792 total
- age   3:    1668032 bytes,    8403824 total
- age   4:       6864 bytes,    8410688 total
- age   5:       3024 bytes,    8413712 total
- age   6:       6384 bytes,    8420096 total
- age   7:       6600 bytes,    8426696 total
- age   8:       5136 bytes,    8431832 total
: 96313K->11100K(109248K), 0.0412803 secs] 113393K->28184K(502464K), 0.0413548 secs] [Times: user=0.04 sys=0.00, real=0.05 secs] 
Heap after GC invocations=698 (full 1):
 par new generation   total 109248K, used 11100K [0x00000000e0000000, 0x00000000e8000000, 0x00000000e8000000)
  eden space 87424K,   0% used [0x00000000e0000000, 0x00000000e0000000, 0x00000000e5560000)
  from space 21824K,  50% used [0x00000000e5560000, 0x00000000e60372c0, 0x00000000e6ab0000)
  to   space 21824K,   0% used [0x00000000e6ab0000, 0x00000000e6ab0000, 0x00000000e8000000)
 concurrent mark-sweep generation total 393216K, used 17084K [0x00000000e8000000, 0x0000000100000000, 0x0000000100000000)
 Metaspace       used 34705K, capacity 35268K, committed 35552K, reserved 1081344K
  class space    used 3628K, capacity 3814K, committed 3836K, reserved 1048576K
}
2017-03-31T05:02:41.228+0200: 621.954: Total time for which application threads were stopped: 0.0504183 seconds, Stopping threads took: 0.0089100 seconds
{Heap before GC invocations=698 (full 1):
 par new generation   total 109248K, used 98524K [0x00000000e0000000, 0x00000000e8000000, 0x00000000e8000000)
  eden space 87424K, 100% used [0x00000000e0000000, 0x00000000e5560000, 0x00000000e5560000)
  from space 21824K,  50% used [0x00000000e5560000, 0x00000000e60372c0, 0x00000000e6ab0000)
  to   space 21824K,   0% used [0x00000000e6ab0000, 0x00000000e6ab0000, 0x00000000e8000000)
 concurrent mark-sweep generation total 393216K, used 17084K [0x00000000e8000000, 0x0000000100000000, 0x0000000100000000)
 Metaspace       used 34705K, capacity 35268K, committed 35552K, reserved 1081344K
  class space    used 3628K, capacity 3814K, committed 3836K, reserved 1048576K
2017-03-31T05:02:41.537+0200: 622.263: [GC (Allocation Failure) 2017-03-31T05:02:41.537+0200: 622.264: [ParNew
Desired survivor size 20112992 bytes, new threshold 8 (max 8)
- age   1:    4337192 bytes,    4337192 total
- age   2:    2452648 bytes,    6789840 total
- age   3:     769720 bytes,    7559560 total
- age   4:       6552 bytes,    7566112 total
- age   5:       6472 bytes,    7572584 total
- age   6:       3024 bytes,    7575608 total
- age   7:       6384 bytes,    7581992 total
- age   8:       6600 bytes,    7588592 total
: 98524K->10672K(109248K), 0.0279127 secs] 115608K->27761K(502464K), 0.0279948 secs] [Times: user=0.02 sys=0.00, real=0.02 secs] 
Heap after GC invocations=699 (full 1):
 par new generation   total 109248K, used 10672K [0x00000000e0000000, 0x00000000e8000000, 0x00000000e8000000)
  eden space 87424K,   0% used [0x00000000e0000000, 0x00000000e0000000, 0x00000000e5560000)
  from space 21824K,  48% used [0x00000000e6ab0000, 0x00000000e751c040, 0x00000000e8000000)
  to   space 21824K,   0% used [0x00000000e5560000, 0x00000000e5560000, 0x00000000e6ab0000)
 concurrent mark-sweep generation total 393216K, used 17089K [0x00000000e8000000, 0x0000000100000000, 0x0000000100000000)
 Metaspace       used 34705K, capacity 35268K, committed 35552K, reserved 1081344K
  class space    used 3628K, capacity 3814K, committed 3836K, reserved 1048576K
}
2017-03-31T05:02:41.565+0200: 622.292: Total time for which application threads were stopped: 0.0281711 seconds, Stopping threads took: 0.0000401 seconds
2017-03-31T05:03:30.806+0200: 671.533: Total time for which application threads were stopped: 0.0002814 seconds, Stopping threads took: 0.0000444 seconds
2017-03-31T05:03:31.818+0200: 672.544: Total time for which application threads were stopped: 0.0001039 seconds, Stopping threads took: 0.0000223 seconds
2017-03-31T05:41:31.611+0200: 2952.704: Total time for which application threads were stopped: 0.0001053 seconds, Stopping threads took: 0.0000384 seconds
2017-03-31T05:41:54.649+0200: 2975.742: Total time for which application threads were stopped: 0.0069142 seconds, Stopping threads took: 0.0067447 seconds
2017-03-31T05:41:55.651+0200: 2976.744: Total time for which application threads were stopped: 0.0000918 seconds, Stopping threads took: 0.0000250 seconds
{Heap before GC invocations=699 (full 1):
 par new generation   total 109248K, used 98094K [0x00000000e0000000, 0x00000000e8000000, 0x00000000e8000000)
  eden space 87424K,  99% used [0x00000000e0000000, 0x00000000e555fab0, 0x00000000e5560000)
  from space 21824K,  48% used [0x00000000e6ab0000, 0x00000000e751c040, 0x00000000e8000000)
  to   space 21824K,   0% used [0x00000000e5560000, 0x00000000e5560000, 0x00000000e6ab0000)
 concurrent mark-sweep generation total 393216K, used 17089K [0x00000000e8000000, 0x0000000100000000, 0x0000000100000000)
 Metaspace       used 34797K, capacity 35396K, committed 35552K, reserved 1081344K
  class space    used 3636K, capacity 3814K, committed 3836K, reserved 1048576K
2017-03-31T05:42:07.823+0200: 2988.917: [GC (Allocation Failure) 2017-03-31T05:42:07.823+0200: 2988.917: [ParNew
Desired survivor size 20112992 bytes, new threshold 8 (max 8)
- age   1:    5921472 bytes,    5921472 total
- age   2:    3992560 bytes,    9914032 total
- age   3:    2445640 bytes,   12359672 total
- age   4:     769024 bytes,   13128696 total
- age   5:       5848 bytes,   13134544 total
- age   6:       5904 bytes,   13140448 total
- age   7:       2664 bytes,   13143112 total
- age   8:       5880 bytes,   13148992 total
: 98094K->14996K(109248K), 0.0252380 secs] 115183K->32092K(502464K), 0.0253133 secs] [Times: user=0.03 sys=0.00, real=0.02 secs] 
Heap after GC invocations=700 (full 1):
 par new generation   total 109248K, used 14996K [0x00000000e0000000, 0x00000000e8000000, 0x00000000e8000000)
  eden space 87424K,   0% used [0x00000000e0000000, 0x00000000e0000000, 0x00000000e5560000)
  from space 21824K,  68% used [0x00000000e5560000, 0x00000000e6405380, 0x00000000e6ab0000)
  to   space 21824K,   0% used [0x00000000e6ab0000, 0x00000000e6ab0000, 0x00000000e8000000)
 concurrent mark-sweep generation total 393216K, used 17095K [0x00000000e8000000, 0x0000000100000000, 0x0000000100000000)
 Metaspace       used 34797K, capacity 35396K, committed 35552K, reserved 1081344K
  class space    used 3636K, capacity 3814K, committed 3836K, reserved 1048576K
}
2017-03-31T05:42:07.848+0200: 2988.942: Total time for which application threads were stopped: 0.0254820 seconds, Stopping threads took: 0.0000253 seconds
2017-03-31T05:42:08.853+0200: 2989.947: Total time for which application threads were stopped: 0.0002763 seconds, Stopping threads took: 0.0000574 seconds
2017-03-31T05:55:22.066+0200: 3783.393: Total time for which application threads were stopped: 0.0001253 seconds, Stopping threads took: 0.0000300 seconds
2017-03-31T05:56:47.114+0200: 3868.440: Total time for which application threads were stopped: 0.0001544 seconds, Stopping threads took: 0.0000344 seconds
2017-03-31T06:19:24.837+0200: 5226.164: Total time for which application threads were stopped: 0.0000892 seconds, Stopping threads took: 0.0000236 seconds
{Heap before GC invocations=700 (full 1):
 par new generation   total 109248K, used 102410K [0x00000000e0000000, 0x00000000e8000000, 0x00000000e8000000)
  eden space 87424K,  99% used [0x00000000e0000000, 0x00000000e555d550, 0x00000000e5560000)
  from space 21824K,  68% used [0x00000000e5560000, 0x00000000e6405380, 0x00000000e6ab0000)
  to   space 21824K,   0% used [0x00000000e6ab0000, 0x00000000e6ab0000, 0x00000000e8000000)
 concurrent mark-sweep generation total 393216K, used 17095K [0x00000000e8000000, 0x0000000100000000, 0x0000000100000000)
 Metaspace       used 34805K, capacity 35396K, committed 35552K, reserved 1081344K
  class space    used 3637K, capacity 3814K, committed 3836K, reserved 1048576K
2017-03-31T06:27:31.565+0200: 5712.892: [GC (Allocation Failure) 2017-03-31T06:27:31.565+0200: 5712.892: [ParNew
Desired survivor size 20112992 bytes, new threshold 8 (max 8)
- age   1:    2155496 bytes,    2155496 total
- age   2:     810088 bytes,    2965584 total
- age   3:    2586656 bytes,    5552240 total
- age   4:      88264 bytes,    5640504 total
- age   5:       6320 bytes,    5646824 total
- age   6:       5720 bytes,    5652544 total
- age   7:       5840 bytes,    5658384 total
- age   8:       2664 bytes,    5661048 total
: 102410K->13209K(109248K), 0.0293980 secs] 119505K->30310K(502464K), 0.0294703 secs] [Times: user=0.02 sys=0.00, real=0.03 secs] 
Heap after GC invocations=701 (full 1):
 par new generation   total 109248K, used 13209K [0x00000000e0000000, 0x00000000e8000000, 0x00000000e8000000)
  eden space 87424K,   0% used [0x00000000e0000000, 0x00000000e0000000, 0x00000000e5560000)
  from space 21824K,  60% used [0x00000000e6ab0000, 0x00000000e77967b0, 0x00000000e8000000)
  to   space 21824K,   0% used [0x00000000e5560000, 0x00000000e5560000, 0x00000000e6ab0000)
 concurrent mark-sweep generation total 393216K, used 17101K [0x00000000e8000000, 0x0000000100000000, 0x0000000100000000)
 Metaspace       used 34805K, capacity 35396K, committed 35552K, reserved 1081344K
  class space    used 3637K, capacity 3814K, committed 3836K, reserved 1048576K
}
2017-03-31T06:27:31.595+0200: 5712.922: Total time for which application threads were stopped: 0.0296702 seconds, Stopping threads took: 0.0000493 seconds
2017-03-31T06:27:32.597+0200: 5713.923: Total time for which application threads were stopped: 0.0000915 seconds, Stopping threads took: 0.0000274 seconds
2017-03-31T06:28:09.624+0200: 5750.951: Total time for which application threads were stopped: 0.0001125 seconds, Stopping threads took: 0.0000333 seconds
2017-03-31T06:28:24.635+0200: 5765.962: Total time for which application threads were stopped: 0.0001305 seconds, Stopping threads took: 0.0000540 seconds
2017-03-31T06:34:39.849+0200: 6141.176: Total time for which application threads were stopped: 0.0000809 seconds, Stopping threads took: 0.0000233 seconds
2017-03-31T06:36:33.906+0200: 6255.232: Total time for which application threads were stopped: 0.0000845 seconds, Stopping threads took: 0.0000342 seconds
2017-03-31T06:42:02.085+0200: 6583.412: Total time for which application threads were stopped: 0.0007414 seconds, Stopping threads took: 0.0004647 seconds
2017-03-31T06:42:28.106+0200: 6609.433: Total time for which application threads were stopped: 0.0001414 seconds, Stopping threads took: 0.0000558 seconds
{Heap before GC invocations=701 (full 1):
 par new generation   total 109248K, used 100633K [0x00000000e0000000, 0x00000000e8000000, 0x00000000e8000000)
  eden space 87424K, 100% used [0x00000000e0000000, 0x00000000e5560000, 0x00000000e5560000)
  from space 21824K,  60% used [0x00000000e6ab0000, 0x00000000e77967b0, 0x00000000e8000000)
  to   space 21824K,   0% used [0x00000000e5560000, 0x00000000e5560000, 0x00000000e6ab0000)
 concurrent mark-sweep generation total 393216K, used 17101K [0x00000000e8000000, 0x0000000100000000, 0x0000000100000000)
 Metaspace       used 34808K, capacity 35396K, committed 35552K, reserved 1081344K
  class space    used 3637K, capacity 3814K, committed 3836K, reserved 1048576K
2017-03-31T06:42:46.590+0200: 6627.917: [GC (Allocation Failure) 2017-03-31T06:42:46.590+0200: 6627.917: [ParNew
Desired survivor size 20112992 bytes, new threshold 8 (max 8)
- age   1:     978144 bytes,     978144 total
- age   2:    1180544 bytes,    2158688 total
- age   3:     799248 bytes,    2957936 total
- age   4:    2364088 bytes,    5322024 total
- age   5:      14488 bytes,    5336512 total
- age   6:       6320 bytes,    5342832 total
- age   7:       5720 bytes,    5348552 total
- age   8:       5840 bytes,    5354392 total
: 100633K->7810K(109248K), 0.0183663 secs] 117734K->24913K(502464K), 0.0184362 secs] [Times: user=0.02 sys=0.00, real=0.02 secs] 
Heap after GC invocations=702 (full 1):
 par new generation   total 109248K, used 7810K [0x00000000e0000000, 0x00000000e8000000, 0x00000000e8000000)
  eden space 87424K,   0% used [0x00000000e0000000, 0x00000000e0000000, 0x00000000e5560000)
  from space 21824K,  35% used [0x00000000e5560000, 0x00000000e5d008f8, 0x00000000e6ab0000)
  to   space 21824K,   0% used [0x00000000e6ab0000, 0x00000000e6ab0000, 0x00000000e8000000)
 concurrent mark-sweep generation total 393216K, used 17103K [0x00000000e8000000, 0x0000000100000000, 0x0000000100000000)
 Metaspace       used 34808K, capacity 35396K, committed 35552K, reserved 1081344K
  class space    used 3637K, capacity 3814K, committed 3836K, reserved 1048576K
}
2017-03-31T06:42:46.609+0200: 6627.935: Total time for which application threads were stopped: 0.0186002 seconds, Stopping threads took: 0.0000229 seconds
2017-03-31T06:43:40.635+0200: 6681.962: Total time for which application threads were stopped: 0.0001322 seconds, Stopping threads took: 0.0000558 seconds
2017-03-31T06:53:00.916+0200: 7242.242: Total time for which application threads were stopped: 0.0005007 seconds, Stopping threads took: 0.0002003 seconds
2017-03-31T07:28:45.980+0200: 9387.306: Total time for which application threads were stopped: 0.0000773 seconds, Stopping threads took: 0.0000233 seconds
2017-03-31T07:28:46.615+0200: 9387.942: Total time for which application threads were stopped: 0.0000947 seconds, Stopping threads took: 0.0000188 seconds
2017-03-31T07:28:46.616+0200: 9387.943: Total time for which application threads were stopped: 0.0000531 seconds, Stopping threads took: 0.0000160 seconds
2017-03-31T07:28:46.628+0200: 9387.955: Total time for which application threads were stopped: 0.0000707 seconds, Stopping threads took: 0.0000240 seconds
2017-03-31T07:28:46.628+0200: 9387.955: Total time for which application threads were stopped: 0.0000300 seconds, Stopping threads took: 0.0000107 seconds
2017-03-31T07:28:46.641+0200: 9387.968: Total time for which application threads were stopped: 0.0000696 seconds, Stopping threads took: 0.0000249 seconds
Heap
 par new generation   total 109248K, used 55462K [0x00000000e0000000, 0x00000000e8000000, 0x00000000e8000000)
  eden space 87424K,  54% used [0x00000000e0000000, 0x00000000e2e89098, 0x00000000e5560000)
  from space 21824K,  35% used [0x00000000e5560000, 0x00000000e5d008f8, 0x00000000e6ab0000)
  to   space 21824K,   0% used [0x00000000e6ab0000, 0x00000000e6ab0000, 0x00000000e8000000)
 concurrent mark-sweep generation total 393216K, used 17103K [0x00000000e8000000, 0x0000000100000000, 0x0000000100000000)
 Metaspace       used 34877K, capacity 35396K, committed 35552K, reserved 1081344K
  class space    used 3645K, capacity 3814K, committed 3836K, reserved 1048576K
