OpenJDK 64-Bit Server VM (25.121-b13) for linux-amd64 JRE (1.8.0_121-8u121-b13-0ubuntu1.16.04.2-b13), built on Jan 23 2017 15:51:29 by "buildd" with gcc 5.4.0 20160609
Memory: 4k page, physical 2048408k(640952k free), swap 1048572k(959432k free)
CommandLine flags: -XX:CMSInitiatingOccupancyFraction=50 -XX:CMSMaxAbortablePrecleanTime=6000 -XX:+CMSParallelRemarkEnabled -XX:+CMSScavengeBeforeRemark -XX:ConcGCThreads=4 -XX:InitialHeapSize=536870912 -XX:+ManagementServer -XX:MaxHeapSize=536870912 -XX:MaxTenuringThreshold=8 -XX:NewRatio=3 -XX:OldPLABSize=16 -XX:OnOutOfMemoryError=/opt/solr-4.10.4/bin/oom_solr.sh 8983 -XX:ParallelGCThreads=4 -XX:+ParallelRefProcEnabled -XX:PretenureSizeThreshold=67108864 -XX:+PrintGC -XX:+PrintGCApplicationStoppedTime -XX:+PrintGCDateStamps -XX:+PrintGCDetails -XX:+PrintGCTimeStamps -XX:+PrintHeapAtGC -XX:+PrintTenuringDistribution -XX:SurvivorRatio=4 -XX:TargetSurvivorRatio=90 -XX:ThreadStackSize=256 -XX:+UseCMSInitiatingOccupancyOnly -XX:+UseCompressedClassPointers -XX:+UseCompressedOops -XX:+UseConcMarkSweepGC -XX:+UseParNewGC 
2017-03-31T03:57:59.142+0200: 0.182: Total time for which application threads were stopped: 0.0000944 seconds, Stopping threads took: 0.0000170 seconds
2017-03-31T03:57:59.268+0200: 0.309: Total time for which application threads were stopped: 0.0001645 seconds, Stopping threads took: 0.0000207 seconds
2017-03-31T03:57:59.275+0200: 0.315: Total time for which application threads were stopped: 0.0001075 seconds, Stopping threads took: 0.0000294 seconds
2017-03-31T03:57:59.485+0200: 0.526: Total time for which application threads were stopped: 0.0001331 seconds, Stopping threads took: 0.0000193 seconds
2017-03-31T03:57:59.488+0200: 0.528: Total time for which application threads were stopped: 0.0001692 seconds, Stopping threads took: 0.0000350 seconds
2017-03-31T03:57:59.548+0200: 0.589: Total time for which application threads were stopped: 0.0001459 seconds, Stopping threads took: 0.0000210 seconds
2017-03-31T03:57:59.802+0200: 0.843: Total time for which application threads were stopped: 0.0001564 seconds, Stopping threads took: 0.0000204 seconds
2017-03-31T03:58:00.061+0200: 1.102: Total time for which application threads were stopped: 0.0001812 seconds, Stopping threads took: 0.0000226 seconds
2017-03-31T03:58:01.062+0200: 2.103: Total time for which application threads were stopped: 0.0003734 seconds, Stopping threads took: 0.0002690 seconds
2017-03-31T03:58:02.034+0200: 3.075: Total time for which application threads were stopped: 0.0002612 seconds, Stopping threads took: 0.0000246 seconds
2017-03-31T03:58:02.056+0200: 3.097: Total time for which application threads were stopped: 0.0002088 seconds, Stopping threads took: 0.0000233 seconds
{Heap before GC invocations=0 (full 0):
 par new generation   total 109248K, used 87424K [0x00000000e0000000, 0x00000000e8000000, 0x00000000e8000000)
  eden space 87424K, 100% used [0x00000000e0000000, 0x00000000e5560000, 0x00000000e5560000)
  from space 21824K,   0% used [0x00000000e5560000, 0x00000000e5560000, 0x00000000e6ab0000)
  to   space 21824K,   0% used [0x00000000e6ab0000, 0x00000000e6ab0000, 0x00000000e8000000)
 concurrent mark-sweep generation total 393216K, used 0K [0x00000000e8000000, 0x0000000100000000, 0x0000000100000000)
 Metaspace       used 18250K, capacity 18704K, committed 18944K, reserved 1067008K
  class space    used 2118K, capacity 2260K, committed 2304K, reserved 1048576K
2017-03-31T03:58:02.201+0200: 3.242: [GC (Allocation Failure) 2017-03-31T03:58:02.201+0200: 3.242: [ParNew
Desired survivor size 20112992 bytes, new threshold 8 (max 8)
- age   1:   11661080 bytes,   11661080 total
: 87424K->11502K(109248K), 0.0285912 secs] 87424K->11502K(502464K), 0.0287918 secs] [Times: user=0.03 sys=0.00, real=0.03 secs] 
Heap after GC invocations=1 (full 0):
 par new generation   total 109248K, used 11502K [0x00000000e0000000, 0x00000000e8000000, 0x00000000e8000000)
  eden space 87424K,   0% used [0x00000000e0000000, 0x00000000e0000000, 0x00000000e5560000)
  from space 21824K,  52% used [0x00000000e6ab0000, 0x00000000e75eb860, 0x00000000e8000000)
  to   space 21824K,   0% used [0x00000000e5560000, 0x00000000e5560000, 0x00000000e6ab0000)
 concurrent mark-sweep generation total 393216K, used 0K [0x00000000e8000000, 0x0000000100000000, 0x0000000100000000)
 Metaspace       used 18250K, capacity 18704K, committed 18944K, reserved 1067008K
  class space    used 2118K, capacity 2260K, committed 2304K, reserved 1048576K
}
2017-03-31T03:58:02.230+0200: 3.271: Total time for which application threads were stopped: 0.0289687 seconds, Stopping threads took: 0.0000328 seconds
2017-03-31T03:58:02.268+0200: 3.309: Total time for which application threads were stopped: 0.0002350 seconds, Stopping threads took: 0.0000252 seconds
2017-03-31T03:58:02.412+0200: 3.453: Total time for which application threads were stopped: 0.0002453 seconds, Stopping threads took: 0.0000264 seconds
2017-03-31T03:58:02.682+0200: 3.722: Total time for which application threads were stopped: 0.0003145 seconds, Stopping threads took: 0.0000268 seconds
2017-03-31T03:58:02.751+0200: 3.792: Total time for which application threads were stopped: 0.0003000 seconds, Stopping threads took: 0.0000317 seconds
2017-03-31T03:58:02.869+0200: 3.910: Total time for which application threads were stopped: 0.0002811 seconds, Stopping threads took: 0.0000273 seconds
2017-03-31T03:58:02.981+0200: 4.022: Total time for which application threads were stopped: 0.0001647 seconds, Stopping threads took: 0.0000458 seconds
2017-03-31T03:58:03.022+0200: 4.063: Total time for which application threads were stopped: 0.0002791 seconds, Stopping threads took: 0.0000281 seconds
2017-03-31T03:58:03.030+0200: 4.071: Total time for which application threads were stopped: 0.0001123 seconds, Stopping threads took: 0.0000304 seconds
{Heap before GC invocations=1 (full 0):
 par new generation   total 109248K, used 98926K [0x00000000e0000000, 0x00000000e8000000, 0x00000000e8000000)
  eden space 87424K, 100% used [0x00000000e0000000, 0x00000000e5560000, 0x00000000e5560000)
  from space 21824K,  52% used [0x00000000e6ab0000, 0x00000000e75eb860, 0x00000000e8000000)
  to   space 21824K,   0% used [0x00000000e5560000, 0x00000000e5560000, 0x00000000e6ab0000)
 concurrent mark-sweep generation total 393216K, used 0K [0x00000000e8000000, 0x0000000100000000, 0x0000000100000000)
 Metaspace       used 21080K, capacity 21532K, committed 21884K, reserved 1069056K
  class space    used 2421K, capacity 2582K, committed 2684K, reserved 1048576K
2017-03-31T03:58:03.116+0200: 4.157: [GC (Allocation Failure) 2017-03-31T03:58:03.116+0200: 4.157: [ParNew
Desired survivor size 20112992 bytes, new threshold 8 (max 8)
- age   1:    4124504 bytes,    4124504 total
- age   2:    5219744 bytes,    9344248 total
: 98926K->14539K(109248K), 0.0450016 secs] 98926K->14539K(502464K), 0.0450772 secs] [Times: user=0.04 sys=0.00, real=0.05 secs] 
Heap after GC invocations=2 (full 0):
 par new generation   total 109248K, used 14539K [0x00000000e0000000, 0x00000000e8000000, 0x00000000e8000000)
  eden space 87424K,   0% used [0x00000000e0000000, 0x00000000e0000000, 0x00000000e5560000)
  from space 21824K,  66% used [0x00000000e5560000, 0x00000000e6392d80, 0x00000000e6ab0000)
  to   space 21824K,   0% used [0x00000000e6ab0000, 0x00000000e6ab0000, 0x00000000e8000000)
 concurrent mark-sweep generation total 393216K, used 0K [0x00000000e8000000, 0x0000000100000000, 0x0000000100000000)
 Metaspace       used 21080K, capacity 21532K, committed 21884K, reserved 1069056K
  class space    used 2421K, capacity 2582K, committed 2684K, reserved 1048576K
}
2017-03-31T03:58:03.162+0200: 4.202: Total time for which application threads were stopped: 0.0452205 seconds, Stopping threads took: 0.0000302 seconds
2017-03-31T03:58:03.166+0200: 4.207: [GC (CMS Initial Mark) [1 CMS-initial-mark: 0K(393216K)] 18136K(502464K), 0.0102880 secs] [Times: user=0.02 sys=0.00, real=0.01 secs] 
2017-03-31T03:58:03.177+0200: 4.218: Total time for which application threads were stopped: 0.0113869 seconds, Stopping threads took: 0.0009990 seconds
2017-03-31T03:58:03.181+0200: 4.222: [CMS-concurrent-mark-start]
2017-03-31T03:58:03.184+0200: 4.225: [CMS-concurrent-mark: 0.003/0.003 secs] [Times: user=0.00 sys=0.00, real=0.00 secs] 
2017-03-31T03:58:03.184+0200: 4.225: [CMS-concurrent-preclean-start]
2017-03-31T03:58:03.185+0200: 4.226: [CMS-concurrent-preclean: 0.001/0.001 secs] [Times: user=0.00 sys=0.00, real=0.00 secs] 
2017-03-31T03:58:03.185+0200: 4.226: [CMS-concurrent-abortable-preclean-start]
2017-03-31T03:58:03.334+0200: 4.374: Total time for which application threads were stopped: 0.0036129 seconds, Stopping threads took: 0.0033535 seconds
2017-03-31T03:58:03.387+0200: 4.427: Total time for which application threads were stopped: 0.0000954 seconds, Stopping threads took: 0.0000226 seconds
2017-03-31T03:58:03.387+0200: 4.428: Total time for which application threads were stopped: 0.0002877 seconds, Stopping threads took: 0.0000237 seconds
2017-03-31T03:58:03.496+0200: 4.536: Total time for which application threads were stopped: 0.0001268 seconds, Stopping threads took: 0.0000341 seconds
2017-03-31T03:58:03.648+0200: 4.689: Total time for which application threads were stopped: 0.0001236 seconds, Stopping threads took: 0.0000333 seconds
2017-03-31T03:58:03.648+0200: 4.689: [CMS-concurrent-abortable-preclean: 0.318/0.463 secs] [Times: user=0.45 sys=0.01, real=0.47 secs] 
2017-03-31T03:58:03.648+0200: 4.689: [GC (CMS Final Remark) [YG occupancy: 62442 K (109248 K)]{Heap before GC invocations=2 (full 1):
 par new generation   total 109248K, used 62442K [0x00000000e0000000, 0x00000000e8000000, 0x00000000e8000000)
  eden space 87424K,  54% used [0x00000000e0000000, 0x00000000e2ec7c60, 0x00000000e5560000)
  from space 21824K,  66% used [0x00000000e5560000, 0x00000000e6392d80, 0x00000000e6ab0000)
  to   space 21824K,   0% used [0x00000000e6ab0000, 0x00000000e6ab0000, 0x00000000e8000000)
 concurrent mark-sweep generation total 393216K, used 0K [0x00000000e8000000, 0x0000000100000000, 0x0000000100000000)
 Metaspace       used 22037K, capacity 22532K, committed 22880K, reserved 1069056K
  class space    used 2517K, capacity 2680K, committed 2684K, reserved 1048576K
2017-03-31T03:58:03.649+0200: 4.689: [GC (CMS Final Remark) 2017-03-31T03:58:03.649+0200: 4.689: [ParNew
Desired survivor size 20112992 bytes, new threshold 8 (max 8)
- age   1:    1392496 bytes,    1392496 total
- age   2:    2216640 bytes,    3609136 total
- age   3:    5214072 bytes,    8823208 total
: 62442K->10246K(109248K), 0.0266211 secs] 62442K->10246K(502464K), 0.0266669 secs] [Times: user=0.03 sys=0.00, real=0.02 secs] 
Heap after GC invocations=3 (full 1):
 par new generation   total 109248K, used 10246K [0x00000000e0000000, 0x00000000e8000000, 0x00000000e8000000)
  eden space 87424K,   0% used [0x00000000e0000000, 0x00000000e0000000, 0x00000000e5560000)
  from space 21824K,  46% used [0x00000000e6ab0000, 0x00000000e74b1b30, 0x00000000e8000000)
  to   space 21824K,   0% used [0x00000000e5560000, 0x00000000e5560000, 0x00000000e6ab0000)
 concurrent mark-sweep generation total 393216K, used 0K [0x00000000e8000000, 0x0000000100000000, 0x0000000100000000)
 Metaspace       used 22037K, capacity 22532K, committed 22880K, reserved 1069056K
  class space    used 2517K, capacity 2680K, committed 2684K, reserved 1048576K
}
2017-03-31T03:58:03.675+0200: 4.716: [Rescan (parallel) , 0.0179494 secs]2017-03-31T03:58:03.693+0200: 4.734: [weak refs processing, 0.0033927 secs]2017-03-31T03:58:03.697+0200: 4.737: [class unloading, 0.0032493 secs]2017-03-31T03:58:03.700+0200: 4.741: [scrub symbol table, 0.0032333 secs]2017-03-31T03:58:03.703+0200: 4.744: [scrub string table, 0.0003291 secs][1 CMS-remark: 0K(393216K)] 10246K(502464K), 0.0554835 secs] [Times: user=0.05 sys=0.00, real=0.05 secs] 
2017-03-31T03:58:03.704+0200: 4.745: Total time for which application threads were stopped: 0.0556618 seconds, Stopping threads took: 0.0001132 seconds
2017-03-31T03:58:03.709+0200: 4.750: [CMS-concurrent-sweep-start]
2017-03-31T03:58:03.709+0200: 4.750: [CMS-concurrent-sweep: 0.000/0.000 secs] [Times: user=0.00 sys=0.00, real=0.00 secs] 
2017-03-31T03:58:03.709+0200: 4.750: [CMS-concurrent-reset-start]
2017-03-31T03:58:03.710+0200: 4.751: [CMS-concurrent-reset: 0.001/0.001 secs] [Times: user=0.00 sys=0.00, real=0.00 secs] 
2017-03-31T03:58:03.711+0200: 4.751: Total time for which application threads were stopped: 0.0001268 seconds, Stopping threads took: 0.0000539 seconds
2017-03-31T03:58:03.735+0200: 4.776: Total time for which application threads were stopped: 0.0003336 seconds, Stopping threads took: 0.0000307 seconds
2017-03-31T03:58:03.819+0200: 4.860: Total time for which application threads were stopped: 0.0003224 seconds, Stopping threads took: 0.0000284 seconds
2017-03-31T03:58:03.937+0200: 4.977: Total time for which application threads were stopped: 0.0003415 seconds, Stopping threads took: 0.0000273 seconds
2017-03-31T03:58:03.980+0200: 5.021: Total time for which application threads were stopped: 0.0003432 seconds, Stopping threads took: 0.0000285 seconds
2017-03-31T03:58:04.263+0200: 5.304: Total time for which application threads were stopped: 0.0004130 seconds, Stopping threads took: 0.0000292 seconds
2017-03-31T03:58:04.435+0200: 5.476: Total time for which application threads were stopped: 0.0003538 seconds, Stopping threads took: 0.0000284 seconds
2017-03-31T03:58:04.513+0200: 5.554: Total time for which application threads were stopped: 0.0004392 seconds, Stopping threads took: 0.0000314 seconds
2017-03-31T03:58:04.748+0200: 5.789: Total time for which application threads were stopped: 0.0001147 seconds, Stopping threads took: 0.0000304 seconds
2017-03-31T03:58:04.748+0200: 5.789: Total time for which application threads were stopped: 0.0000398 seconds, Stopping threads took: 0.0000083 seconds
2017-03-31T03:58:04.900+0200: 5.941: Total time for which application threads were stopped: 0.0004239 seconds, Stopping threads took: 0.0000313 seconds
2017-03-31T03:58:04.912+0200: 5.952: Total time for which application threads were stopped: 0.0001152 seconds, Stopping threads took: 0.0000408 seconds
2017-03-31T03:58:04.975+0200: 6.016: Total time for which application threads were stopped: 0.0001264 seconds, Stopping threads took: 0.0000442 seconds
2017-03-31T03:58:04.991+0200: 6.031: Total time for which application threads were stopped: 0.0000938 seconds, Stopping threads took: 0.0000312 seconds
2017-03-31T03:58:04.991+0200: 6.031: Total time for which application threads were stopped: 0.0000459 seconds, Stopping threads took: 0.0000149 seconds
2017-03-31T03:58:05.012+0200: 6.052: Total time for which application threads were stopped: 0.0001059 seconds, Stopping threads took: 0.0000373 seconds
2017-03-31T03:58:05.012+0200: 6.053: Total time for which application threads were stopped: 0.0000450 seconds, Stopping threads took: 0.0000146 seconds
2017-03-31T03:58:05.040+0200: 6.080: Total time for which application threads were stopped: 0.0001179 seconds, Stopping threads took: 0.0000343 seconds
2017-03-31T03:58:05.040+0200: 6.081: Total time for which application threads were stopped: 0.0000335 seconds, Stopping threads took: 0.0000114 seconds
2017-03-31T03:58:05.040+0200: 6.081: Total time for which application threads were stopped: 0.0000382 seconds, Stopping threads took: 0.0000130 seconds
2017-03-31T03:58:05.040+0200: 6.081: Total time for which application threads were stopped: 0.0000317 seconds, Stopping threads took: 0.0000111 seconds
2017-03-31T03:58:05.056+0200: 6.097: Total time for which application threads were stopped: 0.0000987 seconds, Stopping threads took: 0.0000363 seconds
2017-03-31T03:58:05.056+0200: 6.097: Total time for which application threads were stopped: 0.0000511 seconds, Stopping threads took: 0.0000133 seconds
2017-03-31T03:58:06.057+0200: 7.098: Total time for which application threads were stopped: 0.0001523 seconds, Stopping threads took: 0.0000447 seconds
2017-03-31T03:58:13.822+0200: 14.863: Total time for which application threads were stopped: 0.0003721 seconds, Stopping threads took: 0.0000267 seconds
2017-03-31T03:58:13.834+0200: 14.874: Total time for which application threads were stopped: 0.0003549 seconds, Stopping threads took: 0.0000256 seconds
2017-03-31T03:58:13.846+0200: 14.886: Total time for which application threads were stopped: 0.0000989 seconds, Stopping threads took: 0.0000316 seconds
2017-03-31T03:58:13.846+0200: 14.887: Total time for which application threads were stopped: 0.0000609 seconds, Stopping threads took: 0.0000157 seconds
2017-03-31T03:58:13.846+0200: 14.887: Total time for which application threads were stopped: 0.0000462 seconds, Stopping threads took: 0.0000109 seconds
2017-03-31T03:58:13.851+0200: 14.891: Total time for which application threads were stopped: 0.0000710 seconds, Stopping threads took: 0.0000265 seconds
2017-03-31T03:58:13.909+0200: 14.950: Total time for which application threads were stopped: 0.0000919 seconds, Stopping threads took: 0.0000315 seconds
2017-03-31T03:58:13.911+0200: 14.952: Total time for which application threads were stopped: 0.0000817 seconds, Stopping threads took: 0.0000217 seconds
2017-03-31T03:58:13.917+0200: 14.958: Total time for which application threads were stopped: 0.0000889 seconds, Stopping threads took: 0.0000337 seconds
2017-03-31T03:58:13.917+0200: 14.958: Total time for which application threads were stopped: 0.0000530 seconds, Stopping threads took: 0.0000176 seconds
2017-03-31T03:58:13.918+0200: 14.958: Total time for which application threads were stopped: 0.0000462 seconds, Stopping threads took: 0.0000151 seconds
2017-03-31T03:58:13.946+0200: 14.987: Total time for which application threads were stopped: 0.0003823 seconds, Stopping threads took: 0.0000336 seconds
2017-03-31T03:58:13.984+0200: 15.025: Total time for which application threads were stopped: 0.0000951 seconds, Stopping threads took: 0.0000398 seconds
2017-03-31T03:58:14.985+0200: 16.026: Total time for which application threads were stopped: 0.0001224 seconds, Stopping threads took: 0.0000359 seconds
2017-03-31T03:58:32.325+0200: 33.366: Total time for which application threads were stopped: 0.0000784 seconds, Stopping threads took: 0.0000345 seconds
2017-03-31T03:58:32.325+0200: 33.366: Total time for which application threads were stopped: 0.0000263 seconds, Stopping threads took: 0.0000069 seconds
2017-03-31T03:58:32.325+0200: 33.366: Total time for which application threads were stopped: 0.0000276 seconds, Stopping threads took: 0.0000069 seconds
2017-03-31T03:58:32.326+0200: 33.367: Total time for which application threads were stopped: 0.0000535 seconds, Stopping threads took: 0.0000167 seconds
2017-03-31T03:58:32.341+0200: 33.382: Total time for which application threads were stopped: 0.0001243 seconds, Stopping threads took: 0.0000397 seconds
2017-03-31T03:59:24.345+0200: 85.386: Total time for which application threads were stopped: 0.0000906 seconds, Stopping threads took: 0.0000393 seconds
2017-03-31T03:59:24.345+0200: 85.386: Total time for which application threads were stopped: 0.0000303 seconds, Stopping threads took: 0.0000076 seconds
2017-03-31T03:59:24.345+0200: 85.386: Total time for which application threads were stopped: 0.0000398 seconds, Stopping threads took: 0.0000108 seconds
2017-03-31T03:59:24.345+0200: 85.386: Total time for which application threads were stopped: 0.0000419 seconds, Stopping threads took: 0.0000113 seconds
2017-03-31T03:59:24.361+0200: 85.402: Total time for which application threads were stopped: 0.0002125 seconds, Stopping threads took: 0.0000920 seconds
2017-03-31T03:59:24.539+0200: 85.580: Total time for which application threads were stopped: 0.0000662 seconds, Stopping threads took: 0.0000176 seconds
2017-03-31T03:59:24.539+0200: 85.580: Total time for which application threads were stopped: 0.0000415 seconds, Stopping threads took: 0.0000116 seconds
2017-03-31T03:59:24.540+0200: 85.580: Total time for which application threads were stopped: 0.0000439 seconds, Stopping threads took: 0.0000114 seconds
2017-03-31T03:59:24.541+0200: 85.582: Total time for which application threads were stopped: 0.0000585 seconds, Stopping threads took: 0.0000169 seconds
2017-03-31T03:59:24.548+0200: 85.588: Total time for which application threads were stopped: 0.0000751 seconds, Stopping threads took: 0.0000280 seconds
2017-03-31T03:59:24.565+0200: 85.606: Total time for which application threads were stopped: 0.0001923 seconds, Stopping threads took: 0.0001212 seconds
2017-03-31T03:59:24.567+0200: 85.608: Total time for which application threads were stopped: 0.0000632 seconds, Stopping threads took: 0.0000185 seconds
2017-03-31T03:59:24.567+0200: 85.608: Total time for which application threads were stopped: 0.0000409 seconds, Stopping threads took: 0.0000107 seconds
2017-03-31T03:59:24.567+0200: 85.608: Total time for which application threads were stopped: 0.0000378 seconds, Stopping threads took: 0.0000093 seconds
2017-03-31T03:59:24.568+0200: 85.609: Total time for which application threads were stopped: 0.0000453 seconds, Stopping threads took: 0.0000102 seconds
2017-03-31T03:59:24.568+0200: 85.609: Total time for which application threads were stopped: 0.0000464 seconds, Stopping threads took: 0.0000089 seconds
2017-03-31T03:59:24.572+0200: 85.613: Total time for which application threads were stopped: 0.0000923 seconds, Stopping threads took: 0.0000328 seconds
2017-03-31T03:59:24.573+0200: 85.614: Total time for which application threads were stopped: 0.0001165 seconds, Stopping threads took: 0.0000591 seconds
2017-03-31T03:59:24.586+0200: 85.626: Total time for which application threads were stopped: 0.0041963 seconds, Stopping threads took: 0.0041353 seconds
2017-03-31T03:59:24.595+0200: 85.636: Total time for which application threads were stopped: 0.0001009 seconds, Stopping threads took: 0.0000363 seconds
2017-03-31T03:59:24.622+0200: 85.662: Total time for which application threads were stopped: 0.0000592 seconds, Stopping threads took: 0.0000168 seconds
2017-03-31T03:59:24.622+0200: 85.663: Total time for which application threads were stopped: 0.0000269 seconds, Stopping threads took: 0.0000073 seconds
2017-03-31T03:59:24.622+0200: 85.663: Total time for which application threads were stopped: 0.0000266 seconds, Stopping threads took: 0.0000067 seconds
2017-03-31T03:59:24.622+0200: 85.663: Total time for which application threads were stopped: 0.0000323 seconds, Stopping threads took: 0.0000080 seconds
2017-03-31T03:59:24.632+0200: 85.673: Total time for which application threads were stopped: 0.0001112 seconds, Stopping threads took: 0.0000449 seconds
2017-03-31T03:59:24.648+0200: 85.689: Total time for which application threads were stopped: 0.0006335 seconds, Stopping threads took: 0.0005813 seconds
2017-03-31T03:59:24.648+0200: 85.689: Total time for which application threads were stopped: 0.0000312 seconds, Stopping threads took: 0.0000078 seconds
2017-03-31T03:59:24.648+0200: 85.689: Total time for which application threads were stopped: 0.0000285 seconds, Stopping threads took: 0.0000063 seconds
2017-03-31T03:59:24.648+0200: 85.689: Total time for which application threads were stopped: 0.0000357 seconds, Stopping threads took: 0.0000084 seconds
2017-03-31T03:59:24.649+0200: 85.690: Total time for which application threads were stopped: 0.0000584 seconds, Stopping threads took: 0.0000076 seconds
2017-03-31T03:59:24.668+0200: 85.709: Total time for which application threads were stopped: 0.0000749 seconds, Stopping threads took: 0.0000343 seconds
2017-03-31T03:59:24.674+0200: 85.715: Total time for which application threads were stopped: 0.0001009 seconds, Stopping threads took: 0.0000274 seconds
2017-03-31T03:59:24.681+0200: 85.722: Total time for which application threads were stopped: 0.0000768 seconds, Stopping threads took: 0.0000319 seconds
2017-03-31T03:59:24.688+0200: 85.729: Total time for which application threads were stopped: 0.0001283 seconds, Stopping threads took: 0.0000745 seconds
2017-03-31T03:59:24.688+0200: 85.729: Total time for which application threads were stopped: 0.0000372 seconds, Stopping threads took: 0.0000065 seconds
2017-03-31T03:59:24.689+0200: 85.730: Total time for which application threads were stopped: 0.0000686 seconds, Stopping threads took: 0.0000273 seconds
2017-03-31T03:59:24.714+0200: 85.755: Total time for which application threads were stopped: 0.0001188 seconds, Stopping threads took: 0.0000248 seconds
2017-03-31T03:59:24.714+0200: 85.755: Total time for which application threads were stopped: 0.0001176 seconds, Stopping threads took: 0.0000139 seconds
2017-03-31T03:59:24.722+0200: 85.763: Total time for which application threads were stopped: 0.0001246 seconds, Stopping threads took: 0.0000629 seconds
2017-03-31T03:59:24.725+0200: 85.766: Total time for which application threads were stopped: 0.0003500 seconds, Stopping threads took: 0.0000260 seconds
2017-03-31T03:59:24.758+0200: 85.799: Total time for which application threads were stopped: 0.0021501 seconds, Stopping threads took: 0.0020325 seconds
2017-03-31T03:59:24.762+0200: 85.803: Total time for which application threads were stopped: 0.0014977 seconds, Stopping threads took: 0.0014115 seconds
2017-03-31T03:59:24.763+0200: 85.804: Total time for which application threads were stopped: 0.0000686 seconds, Stopping threads took: 0.0000163 seconds
2017-03-31T03:59:24.785+0200: 85.826: Total time for which application threads were stopped: 0.0000834 seconds, Stopping threads took: 0.0000249 seconds
2017-03-31T03:59:24.785+0200: 85.826: Total time for which application threads were stopped: 0.0000299 seconds, Stopping threads took: 0.0000070 seconds
2017-03-31T03:59:24.785+0200: 85.826: Total time for which application threads were stopped: 0.0000359 seconds, Stopping threads took: 0.0000126 seconds
2017-03-31T03:59:24.785+0200: 85.826: Total time for which application threads were stopped: 0.0000319 seconds, Stopping threads took: 0.0000071 seconds
2017-03-31T03:59:24.791+0200: 85.832: Total time for which application threads were stopped: 0.0001221 seconds, Stopping threads took: 0.0000687 seconds
2017-03-31T03:59:24.793+0200: 85.834: Total time for which application threads were stopped: 0.0000555 seconds, Stopping threads took: 0.0000141 seconds
2017-03-31T03:59:24.793+0200: 85.834: Total time for which application threads were stopped: 0.0000292 seconds, Stopping threads took: 0.0000070 seconds
2017-03-31T03:59:24.793+0200: 85.834: Total time for which application threads were stopped: 0.0000337 seconds, Stopping threads took: 0.0000122 seconds
2017-03-31T03:59:24.793+0200: 85.834: Total time for which application threads were stopped: 0.0000507 seconds, Stopping threads took: 0.0000186 seconds
2017-03-31T03:59:24.795+0200: 85.836: Total time for which application threads were stopped: 0.0000717 seconds, Stopping threads took: 0.0000281 seconds
2017-03-31T03:59:24.796+0200: 85.837: Total time for which application threads were stopped: 0.0000481 seconds, Stopping threads took: 0.0000120 seconds
2017-03-31T03:59:24.796+0200: 85.837: Total time for which application threads were stopped: 0.0000306 seconds, Stopping threads took: 0.0000072 seconds
2017-03-31T03:59:24.806+0200: 85.847: Total time for which application threads were stopped: 0.0023313 seconds, Stopping threads took: 0.0022651 seconds
2017-03-31T03:59:24.807+0200: 85.847: Total time for which application threads were stopped: 0.0000552 seconds, Stopping threads took: 0.0000136 seconds
2017-03-31T03:59:24.807+0200: 85.847: Total time for which application threads were stopped: 0.0000407 seconds, Stopping threads took: 0.0000085 seconds
2017-03-31T03:59:24.807+0200: 85.848: Total time for which application threads were stopped: 0.0000773 seconds, Stopping threads took: 0.0000089 seconds
2017-03-31T03:59:24.812+0200: 85.853: Total time for which application threads were stopped: 0.0000818 seconds, Stopping threads took: 0.0000224 seconds
2017-03-31T03:59:24.812+0200: 85.853: Total time for which application threads were stopped: 0.0000558 seconds, Stopping threads took: 0.0000151 seconds
2017-03-31T03:59:24.834+0200: 85.875: Total time for which application threads were stopped: 0.0000927 seconds, Stopping threads took: 0.0000226 seconds
2017-03-31T03:59:24.834+0200: 85.875: Total time for which application threads were stopped: 0.0000497 seconds, Stopping threads took: 0.0000127 seconds
2017-03-31T03:59:24.834+0200: 85.875: Total time for which application threads were stopped: 0.0000443 seconds, Stopping threads took: 0.0000107 seconds
2017-03-31T03:59:24.835+0200: 85.876: Total time for which application threads were stopped: 0.0000720 seconds, Stopping threads took: 0.0000100 seconds
2017-03-31T03:59:24.844+0200: 85.884: Total time for which application threads were stopped: 0.0001345 seconds, Stopping threads took: 0.0000318 seconds
2017-03-31T03:59:24.844+0200: 85.885: Total time for which application threads were stopped: 0.0000818 seconds, Stopping threads took: 0.0000130 seconds
2017-03-31T03:59:24.850+0200: 85.891: Total time for which application threads were stopped: 0.0000894 seconds, Stopping threads took: 0.0000226 seconds
2017-03-31T03:59:24.850+0200: 85.891: Total time for which application threads were stopped: 0.0000497 seconds, Stopping threads took: 0.0000129 seconds
2017-03-31T03:59:24.851+0200: 85.891: Total time for which application threads were stopped: 0.0000414 seconds, Stopping threads took: 0.0000105 seconds
2017-03-31T03:59:24.851+0200: 85.892: Total time for which application threads were stopped: 0.0000393 seconds, Stopping threads took: 0.0000101 seconds
2017-03-31T03:59:24.864+0200: 85.905: Total time for which application threads were stopped: 0.0047222 seconds, Stopping threads took: 0.0046656 seconds
2017-03-31T03:59:24.864+0200: 85.905: Total time for which application threads were stopped: 0.0000512 seconds, Stopping threads took: 0.0000122 seconds
2017-03-31T03:59:24.888+0200: 85.929: Total time for which application threads were stopped: 0.0000739 seconds, Stopping threads took: 0.0000202 seconds
2017-03-31T03:59:24.888+0200: 85.929: Total time for which application threads were stopped: 0.0000301 seconds, Stopping threads took: 0.0000073 seconds
2017-03-31T03:59:24.888+0200: 85.929: Total time for which application threads were stopped: 0.0000302 seconds, Stopping threads took: 0.0000071 seconds
2017-03-31T03:59:24.888+0200: 85.929: Total time for which application threads were stopped: 0.0000295 seconds, Stopping threads took: 0.0000069 seconds
2017-03-31T03:59:24.891+0200: 85.932: Total time for which application threads were stopped: 0.0000868 seconds, Stopping threads took: 0.0000287 seconds
2017-03-31T03:59:24.894+0200: 85.934: Total time for which application threads were stopped: 0.0000786 seconds, Stopping threads took: 0.0000299 seconds
2017-03-31T03:59:24.904+0200: 85.945: Total time for which application threads were stopped: 0.0001648 seconds, Stopping threads took: 0.0000276 seconds
2017-03-31T03:59:24.904+0200: 85.945: Total time for which application threads were stopped: 0.0000570 seconds, Stopping threads took: 0.0000161 seconds
2017-03-31T03:59:24.905+0200: 85.946: Total time for which application threads were stopped: 0.0000477 seconds, Stopping threads took: 0.0000118 seconds
2017-03-31T03:59:24.905+0200: 85.946: Total time for which application threads were stopped: 0.0000438 seconds, Stopping threads took: 0.0000102 seconds
2017-03-31T03:59:24.906+0200: 85.947: Total time for which application threads were stopped: 0.0000526 seconds, Stopping threads took: 0.0000120 seconds
2017-03-31T03:59:24.912+0200: 85.953: Total time for which application threads were stopped: 0.0001559 seconds, Stopping threads took: 0.0000924 seconds
2017-03-31T03:59:24.914+0200: 85.955: Total time for which application threads were stopped: 0.0000732 seconds, Stopping threads took: 0.0000196 seconds
2017-03-31T03:59:24.914+0200: 85.955: Total time for which application threads were stopped: 0.0000494 seconds, Stopping threads took: 0.0000138 seconds
2017-03-31T03:59:24.914+0200: 85.955: Total time for which application threads were stopped: 0.0000418 seconds, Stopping threads took: 0.0000105 seconds
2017-03-31T03:59:24.914+0200: 85.955: Total time for which application threads were stopped: 0.0000368 seconds, Stopping threads took: 0.0000088 seconds
2017-03-31T03:59:24.939+0200: 85.980: Total time for which application threads were stopped: 0.0048261 seconds, Stopping threads took: 0.0047092 seconds
2017-03-31T03:59:24.944+0200: 85.985: Total time for which application threads were stopped: 0.0001268 seconds, Stopping threads took: 0.0000321 seconds
2017-03-31T03:59:24.945+0200: 85.985: Total time for which application threads were stopped: 0.0000867 seconds, Stopping threads took: 0.0000175 seconds
2017-03-31T03:59:24.959+0200: 86.000: Total time for which application threads were stopped: 0.0000754 seconds, Stopping threads took: 0.0000221 seconds
2017-03-31T03:59:24.960+0200: 86.000: Total time for which application threads were stopped: 0.0000503 seconds, Stopping threads took: 0.0000133 seconds
2017-03-31T03:59:24.963+0200: 86.004: Total time for which application threads were stopped: 0.0000774 seconds, Stopping threads took: 0.0000218 seconds
2017-03-31T03:59:24.965+0200: 86.006: Total time for which application threads were stopped: 0.0000840 seconds, Stopping threads took: 0.0000319 seconds
2017-03-31T03:59:24.977+0200: 86.018: Total time for which application threads were stopped: 0.0001712 seconds, Stopping threads took: 0.0000255 seconds
2017-03-31T03:59:24.978+0200: 86.018: Total time for which application threads were stopped: 0.0000665 seconds, Stopping threads took: 0.0000196 seconds
2017-03-31T03:59:24.980+0200: 86.021: Total time for which application threads were stopped: 0.0000847 seconds, Stopping threads took: 0.0000306 seconds
2017-03-31T03:59:24.983+0200: 86.024: Total time for which application threads were stopped: 0.0001292 seconds, Stopping threads took: 0.0000210 seconds
2017-03-31T03:59:24.983+0200: 86.024: Total time for which application threads were stopped: 0.0000993 seconds, Stopping threads took: 0.0000135 seconds
2017-03-31T03:59:25.002+0200: 86.043: Total time for which application threads were stopped: 0.0063583 seconds, Stopping threads took: 0.0062872 seconds
2017-03-31T03:59:25.014+0200: 86.054: Total time for which application threads were stopped: 0.0015839 seconds, Stopping threads took: 0.0014778 seconds
2017-03-31T03:59:25.014+0200: 86.055: Total time for which application threads were stopped: 0.0000748 seconds, Stopping threads took: 0.0000296 seconds
2017-03-31T03:59:25.014+0200: 86.055: Total time for which application threads were stopped: 0.0000354 seconds, Stopping threads took: 0.0000080 seconds
2017-03-31T03:59:25.015+0200: 86.056: Total time for which application threads were stopped: 0.0000463 seconds, Stopping threads took: 0.0000112 seconds
2017-03-31T03:59:25.024+0200: 86.065: Total time for which application threads were stopped: 0.0000968 seconds, Stopping threads took: 0.0000223 seconds
2017-03-31T03:59:25.024+0200: 86.065: Total time for which application threads were stopped: 0.0000560 seconds, Stopping threads took: 0.0000141 seconds
2017-03-31T03:59:25.042+0200: 86.082: Total time for which application threads were stopped: 0.0055874 seconds, Stopping threads took: 0.0055310 seconds
2017-03-31T03:59:25.042+0200: 86.083: Total time for which application threads were stopped: 0.0000354 seconds, Stopping threads took: 0.0000094 seconds
2017-03-31T03:59:25.058+0200: 86.099: Total time for which application threads were stopped: 0.0000832 seconds, Stopping threads took: 0.0000210 seconds
2017-03-31T03:59:25.059+0200: 86.100: Total time for which application threads were stopped: 0.0000530 seconds, Stopping threads took: 0.0000142 seconds
2017-03-31T03:59:25.064+0200: 86.104: Total time for which application threads were stopped: 0.0000921 seconds, Stopping threads took: 0.0000338 seconds
2017-03-31T03:59:25.069+0200: 86.110: Total time for which application threads were stopped: 0.0000796 seconds, Stopping threads took: 0.0000219 seconds
2017-03-31T03:59:25.069+0200: 86.110: Total time for which application threads were stopped: 0.0000563 seconds, Stopping threads took: 0.0000148 seconds
2017-03-31T03:59:25.072+0200: 86.113: Total time for which application threads were stopped: 0.0000871 seconds, Stopping threads took: 0.0000326 seconds
2017-03-31T03:59:25.079+0200: 86.120: Total time for which application threads were stopped: 0.0003671 seconds, Stopping threads took: 0.0003000 seconds
2017-03-31T03:59:25.095+0200: 86.135: Total time for which application threads were stopped: 0.0001278 seconds, Stopping threads took: 0.0000736 seconds
2017-03-31T03:59:25.095+0200: 86.136: Total time for which application threads were stopped: 0.0001032 seconds, Stopping threads took: 0.0000142 seconds
2017-03-31T03:59:25.106+0200: 86.147: Total time for which application threads were stopped: 0.0000816 seconds, Stopping threads took: 0.0000189 seconds
2017-03-31T03:59:25.107+0200: 86.148: Total time for which application threads were stopped: 0.0000492 seconds, Stopping threads took: 0.0000092 seconds
2017-03-31T03:59:25.120+0200: 86.161: Total time for which application threads were stopped: 0.0000834 seconds, Stopping threads took: 0.0000213 seconds
2017-03-31T03:59:25.120+0200: 86.161: Total time for which application threads were stopped: 0.0001557 seconds, Stopping threads took: 0.0000126 seconds
2017-03-31T03:59:25.121+0200: 86.162: Total time for which application threads were stopped: 0.0000581 seconds, Stopping threads took: 0.0000146 seconds
2017-03-31T03:59:25.121+0200: 86.162: Total time for which application threads were stopped: 0.0000394 seconds, Stopping threads took: 0.0000081 seconds
2017-03-31T03:59:25.121+0200: 86.162: Total time for which application threads were stopped: 0.0000463 seconds, Stopping threads took: 0.0000070 seconds
2017-03-31T03:59:25.122+0200: 86.162: Total time for which application threads were stopped: 0.0000439 seconds, Stopping threads took: 0.0000074 seconds
2017-03-31T03:59:25.122+0200: 86.162: Total time for which application threads were stopped: 0.0001066 seconds, Stopping threads took: 0.0000070 seconds
2017-03-31T03:59:25.124+0200: 86.165: Total time for which application threads were stopped: 0.0000936 seconds, Stopping threads took: 0.0000320 seconds
2017-03-31T03:59:25.126+0200: 86.167: Total time for which application threads were stopped: 0.0002557 seconds, Stopping threads took: 0.0001673 seconds
2017-03-31T03:59:25.133+0200: 86.174: Total time for which application threads were stopped: 0.0001038 seconds, Stopping threads took: 0.0000584 seconds
2017-03-31T03:59:25.133+0200: 86.174: Total time for which application threads were stopped: 0.0000403 seconds, Stopping threads took: 0.0000075 seconds
2017-03-31T03:59:25.141+0200: 86.182: Total time for which application threads were stopped: 0.0001394 seconds, Stopping threads took: 0.0000694 seconds
2017-03-31T03:59:25.142+0200: 86.183: Total time for which application threads were stopped: 0.0000700 seconds, Stopping threads took: 0.0000183 seconds
2017-03-31T03:59:25.151+0200: 86.192: Total time for which application threads were stopped: 0.0001022 seconds, Stopping threads took: 0.0000361 seconds
2017-03-31T03:59:25.152+0200: 86.192: Total time for which application threads were stopped: 0.0000772 seconds, Stopping threads took: 0.0000252 seconds
2017-03-31T03:59:25.167+0200: 86.208: Total time for which application threads were stopped: 0.0013636 seconds, Stopping threads took: 0.0012932 seconds
2017-03-31T03:59:25.167+0200: 86.208: Total time for which application threads were stopped: 0.0000639 seconds, Stopping threads took: 0.0000188 seconds
2017-03-31T03:59:25.172+0200: 86.213: Total time for which application threads were stopped: 0.0000909 seconds, Stopping threads took: 0.0000344 seconds
2017-03-31T03:59:25.173+0200: 86.214: Total time for which application threads were stopped: 0.0000776 seconds, Stopping threads took: 0.0000283 seconds
2017-03-31T03:59:25.186+0200: 86.227: Total time for which application threads were stopped: 0.0002585 seconds, Stopping threads took: 0.0000926 seconds
2017-03-31T03:59:25.187+0200: 86.227: Total time for which application threads were stopped: 0.0000583 seconds, Stopping threads took: 0.0000147 seconds
2017-03-31T03:59:25.187+0200: 86.228: Total time for which application threads were stopped: 0.0000497 seconds, Stopping threads took: 0.0000113 seconds
2017-03-31T03:59:25.218+0200: 86.258: Total time for which application threads were stopped: 0.0035297 seconds, Stopping threads took: 0.0034546 seconds
2017-03-31T03:59:25.218+0200: 86.259: Total time for which application threads were stopped: 0.0000402 seconds, Stopping threads took: 0.0000092 seconds
2017-03-31T03:59:25.228+0200: 86.268: Total time for which application threads were stopped: 0.0000724 seconds, Stopping threads took: 0.0000207 seconds
2017-03-31T03:59:25.233+0200: 86.274: Total time for which application threads were stopped: 0.0000643 seconds, Stopping threads took: 0.0000172 seconds
2017-03-31T03:59:25.233+0200: 86.274: Total time for which application threads were stopped: 0.0000327 seconds, Stopping threads took: 0.0000078 seconds
2017-03-31T03:59:25.242+0200: 86.283: Total time for which application threads were stopped: 0.0000762 seconds, Stopping threads took: 0.0000225 seconds
2017-03-31T03:59:25.242+0200: 86.283: Total time for which application threads were stopped: 0.0000511 seconds, Stopping threads took: 0.0000134 seconds
2017-03-31T03:59:25.247+0200: 86.288: Total time for which application threads were stopped: 0.0000942 seconds, Stopping threads took: 0.0000370 seconds
2017-03-31T03:59:25.249+0200: 86.290: Total time for which application threads were stopped: 0.0001057 seconds, Stopping threads took: 0.0000389 seconds
2017-03-31T03:59:25.253+0200: 86.294: Total time for which application threads were stopped: 0.0000923 seconds, Stopping threads took: 0.0000349 seconds
2017-03-31T03:59:25.260+0200: 86.301: Total time for which application threads were stopped: 0.0001246 seconds, Stopping threads took: 0.0000194 seconds
2017-03-31T03:59:25.260+0200: 86.301: Total time for which application threads were stopped: 0.0000456 seconds, Stopping threads took: 0.0000111 seconds
2017-03-31T03:59:25.264+0200: 86.305: Total time for which application threads were stopped: 0.0000899 seconds, Stopping threads took: 0.0000334 seconds
2017-03-31T03:59:25.281+0200: 86.322: Total time for which application threads were stopped: 0.0002162 seconds, Stopping threads took: 0.0001555 seconds
2017-03-31T03:59:25.281+0200: 86.322: Total time for which application threads were stopped: 0.0000423 seconds, Stopping threads took: 0.0000105 seconds
2017-03-31T03:59:25.281+0200: 86.322: Total time for which application threads were stopped: 0.0000763 seconds, Stopping threads took: 0.0000067 seconds
2017-03-31T03:59:25.287+0200: 86.328: Total time for which application threads were stopped: 0.0000870 seconds, Stopping threads took: 0.0000290 seconds
2017-03-31T03:59:25.304+0200: 86.345: Total time for which application threads were stopped: 0.0001205 seconds, Stopping threads took: 0.0000492 seconds
2017-03-31T03:59:25.315+0200: 86.356: Total time for which application threads were stopped: 0.0001547 seconds, Stopping threads took: 0.0000283 seconds
2017-03-31T03:59:25.322+0200: 86.363: Total time for which application threads were stopped: 0.0000913 seconds, Stopping threads took: 0.0000337 seconds
2017-03-31T03:59:25.338+0200: 86.378: Total time for which application threads were stopped: 0.0000850 seconds, Stopping threads took: 0.0000298 seconds
2017-03-31T03:59:25.345+0200: 86.386: Total time for which application threads were stopped: 0.0000780 seconds, Stopping threads took: 0.0000287 seconds
2017-03-31T03:59:25.347+0200: 86.388: Total time for which application threads were stopped: 0.0000717 seconds, Stopping threads took: 0.0000274 seconds
2017-03-31T03:59:25.349+0200: 86.390: Total time for which application threads were stopped: 0.0001198 seconds, Stopping threads took: 0.0000266 seconds
2017-03-31T03:59:25.384+0200: 86.425: Total time for which application threads were stopped: 0.0009678 seconds, Stopping threads took: 0.0008909 seconds
{Heap before GC invocations=3 (full 1):
 par new generation   total 109248K, used 97670K [0x00000000e0000000, 0x00000000e8000000, 0x00000000e8000000)
  eden space 87424K, 100% used [0x00000000e0000000, 0x00000000e5560000, 0x00000000e5560000)
  from space 21824K,  46% used [0x00000000e6ab0000, 0x00000000e74b1b30, 0x00000000e8000000)
  to   space 21824K,   0% used [0x00000000e5560000, 0x00000000e5560000, 0x00000000e6ab0000)
 concurrent mark-sweep generation total 393216K, used 0K [0x00000000e8000000, 0x0000000100000000, 0x0000000100000000)
 Metaspace       used 30703K, capacity 31160K, committed 31328K, reserved 1077248K
  class space    used 3524K, capacity 3676K, committed 3708K, reserved 1048576K
2017-03-31T03:59:25.469+0200: 86.510: [GC (Allocation Failure) 2017-03-31T03:59:25.469+0200: 86.510: [ParNew
Desired survivor size 20112992 bytes, new threshold 4 (max 8)
- age   1:   13401576 bytes,   13401576 total
- age   2:     408928 bytes,   13810504 total
- age   3:    1551832 bytes,   15362336 total
- age   4:    5148072 bytes,   20510408 total
: 97670K->21824K(109248K), 0.0383346 secs] 97670K->22242K(502464K), 0.0383889 secs] [Times: user=0.04 sys=0.00, real=0.03 secs] 
Heap after GC invocations=4 (full 1):
 par new generation   total 109248K, used 21824K [0x00000000e0000000, 0x00000000e8000000, 0x00000000e8000000)
  eden space 87424K,   0% used [0x00000000e0000000, 0x00000000e0000000, 0x00000000e5560000)
  from space 21824K, 100% used [0x00000000e5560000, 0x00000000e6ab0000, 0x00000000e6ab0000)
  to   space 21824K,   0% used [0x00000000e6ab0000, 0x00000000e6ab0000, 0x00000000e8000000)
 concurrent mark-sweep generation total 393216K, used 418K [0x00000000e8000000, 0x0000000100000000, 0x0000000100000000)
 Metaspace       used 30703K, capacity 31160K, committed 31328K, reserved 1077248K
  class space    used 3524K, capacity 3676K, committed 3708K, reserved 1048576K
}
2017-03-31T03:59:25.508+0200: 86.549: Total time for which application threads were stopped: 0.0385770 seconds, Stopping threads took: 0.0000320 seconds
2017-03-31T03:59:25.520+0200: 86.561: Total time for which application threads were stopped: 0.0037390 seconds, Stopping threads took: 0.0036694 seconds
2017-03-31T03:59:25.526+0200: 86.567: Total time for which application threads were stopped: 0.0005098 seconds, Stopping threads took: 0.0004506 seconds
2017-03-31T03:59:25.527+0200: 86.567: Total time for which application threads were stopped: 0.0000475 seconds, Stopping threads took: 0.0000078 seconds
2017-03-31T03:59:25.594+0200: 86.635: Total time for which application threads were stopped: 0.0001731 seconds, Stopping threads took: 0.0000531 seconds
2017-03-31T03:59:25.679+0200: 86.720: Total time for which application threads were stopped: 0.0000694 seconds, Stopping threads took: 0.0000187 seconds
2017-03-31T03:59:25.823+0200: 86.864: Total time for which application threads were stopped: 0.0000959 seconds, Stopping threads took: 0.0000191 seconds
2017-03-31T03:59:25.875+0200: 86.915: Total time for which application threads were stopped: 0.0001769 seconds, Stopping threads took: 0.0000931 seconds
2017-03-31T03:59:26.023+0200: 87.064: Total time for which application threads were stopped: 0.0001143 seconds, Stopping threads took: 0.0000242 seconds
2017-03-31T03:59:26.308+0200: 87.349: Total time for which application threads were stopped: 0.0001094 seconds, Stopping threads took: 0.0000216 seconds
2017-03-31T03:59:26.335+0200: 87.375: Total time for which application threads were stopped: 0.0000793 seconds, Stopping threads took: 0.0000196 seconds
2017-03-31T03:59:26.352+0200: 87.393: Total time for which application threads were stopped: 0.0000749 seconds, Stopping threads took: 0.0000208 seconds
2017-03-31T03:59:26.516+0200: 87.557: Total time for which application threads were stopped: 0.0001316 seconds, Stopping threads took: 0.0000395 seconds
2017-03-31T03:59:26.719+0200: 87.760: Total time for which application threads were stopped: 0.0001026 seconds, Stopping threads took: 0.0000247 seconds
2017-03-31T03:59:26.948+0200: 87.989: Total time for which application threads were stopped: 0.0001083 seconds, Stopping threads took: 0.0000203 seconds
2017-03-31T03:59:27.041+0200: 88.082: Total time for which application threads were stopped: 0.0000896 seconds, Stopping threads took: 0.0000225 seconds
2017-03-31T03:59:27.141+0200: 88.181: Total time for which application threads were stopped: 0.0000979 seconds, Stopping threads took: 0.0000245 seconds
2017-03-31T03:59:27.296+0200: 88.337: Total time for which application threads were stopped: 0.0000953 seconds, Stopping threads took: 0.0000228 seconds
2017-03-31T03:59:27.316+0200: 88.357: Total time for which application threads were stopped: 0.0012986 seconds, Stopping threads took: 0.0012056 seconds
2017-03-31T03:59:27.316+0200: 88.357: Total time for which application threads were stopped: 0.0000651 seconds, Stopping threads took: 0.0000170 seconds
2017-03-31T03:59:27.341+0200: 88.382: Total time for which application threads were stopped: 0.0001154 seconds, Stopping threads took: 0.0000478 seconds
2017-03-31T03:59:27.429+0200: 88.470: Total time for which application threads were stopped: 0.0001061 seconds, Stopping threads took: 0.0000215 seconds
2017-03-31T03:59:27.472+0200: 88.513: Total time for which application threads were stopped: 0.0000996 seconds, Stopping threads took: 0.0000182 seconds
2017-03-31T03:59:27.522+0200: 88.563: Total time for which application threads were stopped: 0.0000898 seconds, Stopping threads took: 0.0000224 seconds
2017-03-31T03:59:27.557+0200: 88.598: Total time for which application threads were stopped: 0.0001270 seconds, Stopping threads took: 0.0000181 seconds
2017-03-31T03:59:27.617+0200: 88.658: Total time for which application threads were stopped: 0.0000837 seconds, Stopping threads took: 0.0000204 seconds
2017-03-31T03:59:27.900+0200: 88.940: Total time for which application threads were stopped: 0.0001156 seconds, Stopping threads took: 0.0000258 seconds
2017-03-31T03:59:27.900+0200: 88.940: Total time for which application threads were stopped: 0.0000511 seconds, Stopping threads took: 0.0000121 seconds
2017-03-31T03:59:27.900+0200: 88.941: Total time for which application threads were stopped: 0.0000429 seconds, Stopping threads took: 0.0000097 seconds
2017-03-31T03:59:27.900+0200: 88.941: Total time for which application threads were stopped: 0.0000374 seconds, Stopping threads took: 0.0000082 seconds
2017-03-31T03:59:27.900+0200: 88.941: Total time for which application threads were stopped: 0.0000354 seconds, Stopping threads took: 0.0000077 seconds
2017-03-31T03:59:27.900+0200: 88.941: Total time for which application threads were stopped: 0.0000332 seconds, Stopping threads took: 0.0000072 seconds
2017-03-31T03:59:27.900+0200: 88.941: Total time for which application threads were stopped: 0.0000324 seconds, Stopping threads took: 0.0000072 seconds
2017-03-31T03:59:27.900+0200: 88.941: Total time for which application threads were stopped: 0.0000318 seconds, Stopping threads took: 0.0000066 seconds
2017-03-31T03:59:27.900+0200: 88.941: Total time for which application threads were stopped: 0.0000320 seconds, Stopping threads took: 0.0000069 seconds
2017-03-31T03:59:27.900+0200: 88.941: Total time for which application threads were stopped: 0.0000308 seconds, Stopping threads took: 0.0000067 seconds
2017-03-31T03:59:27.900+0200: 88.941: Total time for which application threads were stopped: 0.0000358 seconds, Stopping threads took: 0.0000084 seconds
2017-03-31T03:59:27.900+0200: 88.941: Total time for which application threads were stopped: 0.0000954 seconds, Stopping threads took: 0.0000065 seconds
2017-03-31T03:59:28.129+0200: 89.170: Total time for which application threads were stopped: 0.0001150 seconds, Stopping threads took: 0.0000233 seconds
2017-03-31T03:59:28.250+0200: 89.291: Total time for which application threads were stopped: 0.0000954 seconds, Stopping threads took: 0.0000239 seconds
2017-03-31T03:59:28.477+0200: 89.518: Total time for which application threads were stopped: 0.0000809 seconds, Stopping threads took: 0.0000217 seconds
2017-03-31T03:59:28.651+0200: 89.692: Total time for which application threads were stopped: 0.0001009 seconds, Stopping threads took: 0.0000249 seconds
2017-03-31T03:59:28.726+0200: 89.767: Total time for which application threads were stopped: 0.0000772 seconds, Stopping threads took: 0.0000195 seconds
2017-03-31T03:59:28.856+0200: 89.896: Total time for which application threads were stopped: 0.0000921 seconds, Stopping threads took: 0.0000230 seconds
2017-03-31T03:59:28.991+0200: 90.032: Total time for which application threads were stopped: 0.0000888 seconds, Stopping threads took: 0.0000249 seconds
2017-03-31T03:59:29.155+0200: 90.196: Total time for which application threads were stopped: 0.0001141 seconds, Stopping threads took: 0.0000236 seconds
2017-03-31T03:59:29.241+0200: 90.282: Total time for which application threads were stopped: 0.0000756 seconds, Stopping threads took: 0.0000195 seconds
2017-03-31T03:59:29.380+0200: 90.421: Total time for which application threads were stopped: 0.0000871 seconds, Stopping threads took: 0.0000212 seconds
2017-03-31T03:59:29.430+0200: 90.471: Total time for which application threads were stopped: 0.0000873 seconds, Stopping threads took: 0.0000224 seconds
2017-03-31T03:59:29.521+0200: 90.562: Total time for which application threads were stopped: 0.0000883 seconds, Stopping threads took: 0.0000190 seconds
2017-03-31T03:59:29.604+0200: 90.645: Total time for which application threads were stopped: 0.0001122 seconds, Stopping threads took: 0.0000252 seconds
2017-03-31T03:59:29.724+0200: 90.764: Total time for which application threads were stopped: 0.0000908 seconds, Stopping threads took: 0.0000203 seconds
2017-03-31T03:59:29.769+0200: 90.810: Total time for which application threads were stopped: 0.0000898 seconds, Stopping threads took: 0.0000218 seconds
2017-03-31T03:59:29.806+0200: 90.847: Total time for which application threads were stopped: 0.0001089 seconds, Stopping threads took: 0.0000229 seconds
2017-03-31T03:59:29.884+0200: 90.925: Total time for which application threads were stopped: 0.0001005 seconds, Stopping threads took: 0.0000236 seconds
2017-03-31T03:59:30.000+0200: 91.041: Total time for which application threads were stopped: 0.0000937 seconds, Stopping threads took: 0.0000198 seconds
2017-03-31T03:59:30.152+0200: 91.193: Total time for which application threads were stopped: 0.0001128 seconds, Stopping threads took: 0.0000221 seconds
2017-03-31T03:59:30.196+0200: 91.237: Total time for which application threads were stopped: 0.0001879 seconds, Stopping threads took: 0.0000234 seconds
2017-03-31T03:59:31.199+0200: 92.240: Total time for which application threads were stopped: 0.0002065 seconds, Stopping threads took: 0.0000305 seconds
{Heap before GC invocations=4 (full 1):
 par new generation   total 109248K, used 109248K [0x00000000e0000000, 0x00000000e8000000, 0x00000000e8000000)
  eden space 87424K, 100% used [0x00000000e0000000, 0x00000000e5560000, 0x00000000e5560000)
  from space 21824K, 100% used [0x00000000e5560000, 0x00000000e6ab0000, 0x00000000e6ab0000)
  to   space 21824K,   0% used [0x00000000e6ab0000, 0x00000000e6ab0000, 0x00000000e8000000)
 concurrent mark-sweep generation total 393216K, used 418K [0x00000000e8000000, 0x0000000100000000, 0x0000000100000000)
 Metaspace       used 31707K, capacity 32184K, committed 32352K, reserved 1077248K
  class space    used 3525K, capacity 3676K, committed 3708K, reserved 1048576K
2017-03-31T03:59:32.112+0200: 93.153: [GC (Allocation Failure) 2017-03-31T03:59:32.112+0200: 93.153: [ParNew
Desired survivor size 20112992 bytes, new threshold 8 (max 8)
- age   1:    5798720 bytes,    5798720 total
- age   2:    6724840 bytes,   12523560 total
- age   3:     407152 bytes,   12930712 total
- age   4:    1550840 bytes,   14481552 total
: 109248K->21824K(109248K), 0.0609605 secs] 109666K->27803K(502464K), 0.0610267 secs] [Times: user=0.06 sys=0.00, real=0.06 secs] 
Heap after GC invocations=5 (full 1):
 par new generation   total 109248K, used 21824K [0x00000000e0000000, 0x00000000e8000000, 0x00000000e8000000)
  eden space 87424K,   0% used [0x00000000e0000000, 0x00000000e0000000, 0x00000000e5560000)
  from space 21824K, 100% used [0x00000000e6ab0000, 0x00000000e8000000, 0x00000000e8000000)
  to   space 21824K,   0% used [0x00000000e5560000, 0x00000000e5560000, 0x00000000e6ab0000)
 concurrent mark-sweep generation total 393216K, used 5979K [0x00000000e8000000, 0x0000000100000000, 0x0000000100000000)
 Metaspace       used 31707K, capacity 32184K, committed 32352K, reserved 1077248K
  class space    used 3525K, capacity 3676K, committed 3708K, reserved 1048576K
}
2017-03-31T03:59:32.173+0200: 93.214: Total time for which application threads were stopped: 0.0612234 seconds, Stopping threads took: 0.0000453 seconds
2017-03-31T03:59:32.181+0200: 93.222: Total time for which application threads were stopped: 0.0000801 seconds, Stopping threads took: 0.0000228 seconds
2017-03-31T03:59:33.185+0200: 94.226: Total time for which application threads were stopped: 0.0001357 seconds, Stopping threads took: 0.0000288 seconds
2017-03-31T03:59:34.188+0200: 95.229: Total time for which application threads were stopped: 0.0021326 seconds, Stopping threads took: 0.0020219 seconds
2017-03-31T03:59:35.192+0200: 96.233: Total time for which application threads were stopped: 0.0001032 seconds, Stopping threads took: 0.0000281 seconds
2017-03-31T03:59:36.193+0200: 97.234: Total time for which application threads were stopped: 0.0002085 seconds, Stopping threads took: 0.0000301 seconds
2017-03-31T03:59:37.195+0200: 98.235: Total time for which application threads were stopped: 0.0001371 seconds, Stopping threads took: 0.0000248 seconds
2017-03-31T03:59:38.195+0200: 99.236: Total time for which application threads were stopped: 0.0001103 seconds, Stopping threads took: 0.0000271 seconds
2017-03-31T03:59:39.198+0200: 100.239: Total time for which application threads were stopped: 0.0001196 seconds, Stopping threads took: 0.0000380 seconds
{Heap before GC invocations=5 (full 1):
 par new generation   total 109248K, used 109248K [0x00000000e0000000, 0x00000000e8000000, 0x00000000e8000000)
  eden space 87424K, 100% used [0x00000000e0000000, 0x00000000e5560000, 0x00000000e5560000)
  from space 21824K, 100% used [0x00000000e6ab0000, 0x00000000e8000000, 0x00000000e8000000)
  to   space 21824K,   0% used [0x00000000e5560000, 0x00000000e5560000, 0x00000000e6ab0000)
 concurrent mark-sweep generation total 393216K, used 5979K [0x00000000e8000000, 0x0000000100000000, 0x0000000100000000)
 Metaspace       used 32209K, capacity 32632K, committed 32864K, reserved 1079296K
  class space    used 3526K, capacity 3676K, committed 3708K, reserved 1048576K
2017-03-31T03:59:39.240+0200: 100.280: [GC (Allocation Failure) 2017-03-31T03:59:39.240+0200: 100.280: [ParNew
Desired survivor size 20112992 bytes, new threshold 8 (max 8)
- age   1:    6054544 bytes,    6054544 total
- age   2:    4381600 bytes,   10436144 total
- age   3:    6187400 bytes,   16623544 total
- age   4:     407040 bytes,   17030584 total
- age   5:    1550840 bytes,   18581424 total
: 109248K->21824K(109248K), 0.0493603 secs] 115227K->27803K(502464K), 0.0494278 secs] [Times: user=0.03 sys=0.00, real=0.06 secs] 
Heap after GC invocations=6 (full 1):
 par new generation   total 109248K, used 21824K [0x00000000e0000000, 0x00000000e8000000, 0x00000000e8000000)
  eden space 87424K,   0% used [0x00000000e0000000, 0x00000000e0000000, 0x00000000e5560000)
  from space 21824K, 100% used [0x00000000e5560000, 0x00000000e6ab0000, 0x00000000e6ab0000)
  to   space 21824K,   0% used [0x00000000e6ab0000, 0x00000000e6ab0000, 0x00000000e8000000)
 concurrent mark-sweep generation total 393216K, used 5979K [0x00000000e8000000, 0x0000000100000000, 0x0000000100000000)
 Metaspace       used 32209K, capacity 32632K, committed 32864K, reserved 1079296K
  class space    used 3526K, capacity 3676K, committed 3708K, reserved 1048576K
}
2017-03-31T03:59:39.289+0200: 100.330: Total time for which application threads were stopped: 0.0495793 seconds, Stopping threads took: 0.0000265 seconds
2017-03-31T03:59:39.755+0200: 100.796: Total time for which application threads were stopped: 0.0001041 seconds, Stopping threads took: 0.0000241 seconds
2017-03-31T03:59:39.755+0200: 100.796: Total time for which application threads were stopped: 0.0000535 seconds, Stopping threads took: 0.0000137 seconds
2017-03-31T03:59:39.755+0200: 100.796: Total time for which application threads were stopped: 0.0000457 seconds, Stopping threads took: 0.0000108 seconds
2017-03-31T03:59:39.756+0200: 100.796: Total time for which application threads were stopped: 0.0000423 seconds, Stopping threads took: 0.0000093 seconds
2017-03-31T03:59:39.784+0200: 100.825: Total time for which application threads were stopped: 0.0001556 seconds, Stopping threads took: 0.0000439 seconds
2017-03-31T03:59:39.797+0200: 100.838: Total time for which application threads were stopped: 0.0080301 seconds, Stopping threads took: 0.0079209 seconds
2017-03-31T03:59:39.805+0200: 100.845: Total time for which application threads were stopped: 0.0035043 seconds, Stopping threads took: 0.0033839 seconds
2017-03-31T03:59:39.805+0200: 100.846: Total time for which application threads were stopped: 0.0000918 seconds, Stopping threads took: 0.0000172 seconds
2017-03-31T03:59:39.806+0200: 100.846: Total time for which application threads were stopped: 0.0000711 seconds, Stopping threads took: 0.0000101 seconds
2017-03-31T03:59:39.806+0200: 100.847: Total time for which application threads were stopped: 0.0000748 seconds, Stopping threads took: 0.0000125 seconds
2017-03-31T03:59:39.843+0200: 100.884: Total time for which application threads were stopped: 0.0043462 seconds, Stopping threads took: 0.0042154 seconds
2017-03-31T03:59:39.844+0200: 100.884: Total time for which application threads were stopped: 0.0000529 seconds, Stopping threads took: 0.0000104 seconds
2017-03-31T03:59:39.915+0200: 100.956: Total time for which application threads were stopped: 0.0096713 seconds, Stopping threads took: 0.0095348 seconds
2017-03-31T03:59:39.915+0200: 100.956: Total time for which application threads were stopped: 0.0000527 seconds, Stopping threads took: 0.0000099 seconds
2017-03-31T03:59:39.915+0200: 100.956: Total time for which application threads were stopped: 0.0000455 seconds, Stopping threads took: 0.0000065 seconds
2017-03-31T03:59:40.055+0200: 101.096: Total time for which application threads were stopped: 0.0088992 seconds, Stopping threads took: 0.0087796 seconds
2017-03-31T03:59:40.317+0200: 101.358: Total time for which application threads were stopped: 0.0006461 seconds, Stopping threads took: 0.0005300 seconds
2017-03-31T03:59:40.319+0200: 101.360: Total time for which application threads were stopped: 0.0001175 seconds, Stopping threads took: 0.0000300 seconds
2017-03-31T03:59:40.322+0200: 101.363: Total time for which application threads were stopped: 0.0007424 seconds, Stopping threads took: 0.0006334 seconds
2017-03-31T03:59:40.352+0200: 101.392: Total time for which application threads were stopped: 0.0001180 seconds, Stopping threads took: 0.0000295 seconds
2017-03-31T03:59:40.352+0200: 101.392: Total time for which application threads were stopped: 0.0000448 seconds, Stopping threads took: 0.0000069 seconds
2017-03-31T03:59:40.352+0200: 101.393: Total time for which application threads were stopped: 0.0000427 seconds, Stopping threads took: 0.0000069 seconds
2017-03-31T03:59:40.352+0200: 101.393: Total time for which application threads were stopped: 0.0000410 seconds, Stopping threads took: 0.0000065 seconds
2017-03-31T03:59:40.352+0200: 101.393: Total time for which application threads were stopped: 0.0000410 seconds, Stopping threads took: 0.0000064 seconds
2017-03-31T03:59:40.352+0200: 101.393: Total time for which application threads were stopped: 0.0000406 seconds, Stopping threads took: 0.0000063 seconds
2017-03-31T03:59:40.352+0200: 101.393: Total time for which application threads were stopped: 0.0000406 seconds, Stopping threads took: 0.0000062 seconds
2017-03-31T03:59:40.352+0200: 101.393: Total time for which application threads were stopped: 0.0000414 seconds, Stopping threads took: 0.0000065 seconds
2017-03-31T03:59:40.352+0200: 101.393: Total time for which application threads were stopped: 0.0000446 seconds, Stopping threads took: 0.0000072 seconds
2017-03-31T03:59:40.362+0200: 101.402: Total time for which application threads were stopped: 0.0000993 seconds, Stopping threads took: 0.0000337 seconds
2017-03-31T03:59:40.370+0200: 101.411: Total time for which application threads were stopped: 0.0001294 seconds, Stopping threads took: 0.0000425 seconds
2017-03-31T03:59:40.374+0200: 101.415: Total time for which application threads were stopped: 0.0002891 seconds, Stopping threads took: 0.0000406 seconds
2017-03-31T03:59:40.443+0200: 101.484: Total time for which application threads were stopped: 0.0000840 seconds, Stopping threads took: 0.0000303 seconds
2017-03-31T03:59:40.443+0200: 101.484: Total time for which application threads were stopped: 0.0000654 seconds, Stopping threads took: 0.0000210 seconds
2017-03-31T03:59:40.444+0200: 101.484: Total time for which application threads were stopped: 0.0000403 seconds, Stopping threads took: 0.0000141 seconds
2017-03-31T03:59:40.445+0200: 101.485: Total time for which application threads were stopped: 0.0000812 seconds, Stopping threads took: 0.0000281 seconds
2017-03-31T03:59:40.448+0200: 101.488: Total time for which application threads were stopped: 0.0000951 seconds, Stopping threads took: 0.0000305 seconds
2017-03-31T03:59:40.473+0200: 101.514: Total time for which application threads were stopped: 0.0001799 seconds, Stopping threads took: 0.0000504 seconds
2017-03-31T03:59:40.474+0200: 101.514: Total time for which application threads were stopped: 0.0001059 seconds, Stopping threads took: 0.0000166 seconds
2017-03-31T03:59:40.617+0200: 101.657: Total time for which application threads were stopped: 0.0003543 seconds, Stopping threads took: 0.0001914 seconds
2017-03-31T03:59:40.634+0200: 101.674: Total time for which application threads were stopped: 0.0001124 seconds, Stopping threads took: 0.0000428 seconds
2017-03-31T03:59:40.634+0200: 101.675: Total time for which application threads were stopped: 0.0000742 seconds, Stopping threads took: 0.0000243 seconds
2017-03-31T03:59:40.636+0200: 101.676: Total time for which application threads were stopped: 0.0001150 seconds, Stopping threads took: 0.0000399 seconds
2017-03-31T03:59:40.637+0200: 101.678: Total time for which application threads were stopped: 0.0001112 seconds, Stopping threads took: 0.0000429 seconds
2017-03-31T03:59:40.637+0200: 101.678: Total time for which application threads were stopped: 0.0000740 seconds, Stopping threads took: 0.0000253 seconds
2017-03-31T03:59:40.638+0200: 101.678: Total time for which application threads were stopped: 0.0000595 seconds, Stopping threads took: 0.0000188 seconds
2017-03-31T03:59:40.638+0200: 101.679: Total time for which application threads were stopped: 0.0000769 seconds, Stopping threads took: 0.0000264 seconds
2017-03-31T03:59:40.638+0200: 101.679: Total time for which application threads were stopped: 0.0000605 seconds, Stopping threads took: 0.0000192 seconds
2017-03-31T03:59:40.639+0200: 101.680: Total time for which application threads were stopped: 0.0000829 seconds, Stopping threads took: 0.0000262 seconds
2017-03-31T03:59:40.640+0200: 101.681: Total time for which application threads were stopped: 0.0000853 seconds, Stopping threads took: 0.0000280 seconds
2017-03-31T03:59:40.640+0200: 101.681: Total time for which application threads were stopped: 0.0000472 seconds, Stopping threads took: 0.0000147 seconds
2017-03-31T03:59:40.640+0200: 101.681: Total time for which application threads were stopped: 0.0000443 seconds, Stopping threads took: 0.0000139 seconds
2017-03-31T03:59:40.640+0200: 101.681: Total time for which application threads were stopped: 0.0000457 seconds, Stopping threads took: 0.0000148 seconds
2017-03-31T03:59:40.640+0200: 101.681: Total time for which application threads were stopped: 0.0000444 seconds, Stopping threads took: 0.0000144 seconds
2017-03-31T03:59:40.640+0200: 101.681: Total time for which application threads were stopped: 0.0000443 seconds, Stopping threads took: 0.0000143 seconds
2017-03-31T03:59:40.644+0200: 101.685: Total time for which application threads were stopped: 0.0028434 seconds, Stopping threads took: 0.0027651 seconds
2017-03-31T03:59:40.646+0200: 101.687: Total time for which application threads were stopped: 0.0000930 seconds, Stopping threads took: 0.0000326 seconds
2017-03-31T03:59:40.646+0200: 101.687: Total time for which application threads were stopped: 0.0000480 seconds, Stopping threads took: 0.0000158 seconds
2017-03-31T03:59:40.646+0200: 101.687: Total time for which application threads were stopped: 0.0000482 seconds, Stopping threads took: 0.0000157 seconds
2017-03-31T03:59:40.646+0200: 101.687: Total time for which application threads were stopped: 0.0000462 seconds, Stopping threads took: 0.0000151 seconds
2017-03-31T03:59:40.646+0200: 101.687: Total time for which application threads were stopped: 0.0000454 seconds, Stopping threads took: 0.0000146 seconds
2017-03-31T03:59:40.648+0200: 101.689: Total time for which application threads were stopped: 0.0000922 seconds, Stopping threads took: 0.0000324 seconds
2017-03-31T03:59:40.648+0200: 101.689: Total time for which application threads were stopped: 0.0000460 seconds, Stopping threads took: 0.0000157 seconds
2017-03-31T03:59:40.648+0200: 101.689: Total time for which application threads were stopped: 0.0000442 seconds, Stopping threads took: 0.0000152 seconds
2017-03-31T03:59:40.688+0200: 101.728: Total time for which application threads were stopped: 0.0001538 seconds, Stopping threads took: 0.0000379 seconds
2017-03-31T03:59:41.691+0200: 102.731: Total time for which application threads were stopped: 0.0001392 seconds, Stopping threads took: 0.0000263 seconds
2017-03-31T03:59:42.691+0200: 103.732: Total time for which application threads were stopped: 0.0001452 seconds, Stopping threads took: 0.0000351 seconds
{Heap before GC invocations=6 (full 1):
 par new generation   total 109248K, used 109248K [0x00000000e0000000, 0x00000000e8000000, 0x00000000e8000000)
  eden space 87424K, 100% used [0x00000000e0000000, 0x00000000e5560000, 0x00000000e5560000)
  from space 21824K, 100% used [0x00000000e5560000, 0x00000000e6ab0000, 0x00000000e6ab0000)
  to   space 21824K,   0% used [0x00000000e6ab0000, 0x00000000e6ab0000, 0x00000000e8000000)
 concurrent mark-sweep generation total 393216K, used 5979K [0x00000000e8000000, 0x0000000100000000, 0x0000000100000000)
 Metaspace       used 32755K, capacity 33370K, committed 33760K, reserved 1079296K
  class space    used 3564K, capacity 3747K, committed 3836K, reserved 1048576K
2017-03-31T03:59:43.376+0200: 104.417: [GC (Allocation Failure) 2017-03-31T03:59:43.376+0200: 104.417: [ParNew
Desired survivor size 20112992 bytes, new threshold 8 (max 8)
- age   1:    4614640 bytes,    4614640 total
- age   2:    4350744 bytes,    8965384 total
- age   3:    1653224 bytes,   10618608 total
- age   4:    4842576 bytes,   15461184 total
- age   5:     407040 bytes,   15868224 total
- age   6:    1550840 bytes,   17419064 total
: 109248K->21824K(109248K), 0.0567968 secs] 115227K->27803K(502464K), 0.0570257 secs] [Times: user=0.05 sys=0.00, real=0.06 secs] 
Heap after GC invocations=7 (full 1):
 par new generation   total 109248K, used 21824K [0x00000000e0000000, 0x00000000e8000000, 0x00000000e8000000)
  eden space 87424K,   0% used [0x00000000e0000000, 0x00000000e0000000, 0x00000000e5560000)
  from space 21824K, 100% used [0x00000000e6ab0000, 0x00000000e8000000, 0x00000000e8000000)
  to   space 21824K,   0% used [0x00000000e5560000, 0x00000000e5560000, 0x00000000e6ab0000)
 concurrent mark-sweep generation total 393216K, used 5979K [0x00000000e8000000, 0x0000000100000000, 0x0000000100000000)
 Metaspace       used 32755K, capacity 33370K, committed 33760K, reserved 1079296K
  class space    used 3564K, capacity 3747K, committed 3836K, reserved 1048576K
}
2017-03-31T03:59:43.433+0200: 104.474: Total time for which application threads were stopped: 0.0572172 seconds, Stopping threads took: 0.0000260 seconds
2017-03-31T03:59:44.435+0200: 105.476: Total time for which application threads were stopped: 0.0005407 seconds, Stopping threads took: 0.0000769 seconds
2017-03-31T03:59:45.437+0200: 106.478: Total time for which application threads were stopped: 0.0001448 seconds, Stopping threads took: 0.0000428 seconds
2017-03-31T03:59:46.440+0200: 107.481: Total time for which application threads were stopped: 0.0001359 seconds, Stopping threads took: 0.0000340 seconds
2017-03-31T03:59:47.441+0200: 108.482: Total time for which application threads were stopped: 0.0001363 seconds, Stopping threads took: 0.0000302 seconds
2017-03-31T03:59:48.443+0200: 109.484: Total time for which application threads were stopped: 0.0001484 seconds, Stopping threads took: 0.0000250 seconds
2017-03-31T03:59:49.443+0200: 110.484: Total time for which application threads were stopped: 0.0001138 seconds, Stopping threads took: 0.0000350 seconds
{Heap before GC invocations=7 (full 1):
 par new generation   total 109248K, used 109248K [0x00000000e0000000, 0x00000000e8000000, 0x00000000e8000000)
  eden space 87424K, 100% used [0x00000000e0000000, 0x00000000e5560000, 0x00000000e5560000)
  from space 21824K, 100% used [0x00000000e6ab0000, 0x00000000e8000000, 0x00000000e8000000)
  to   space 21824K,   0% used [0x00000000e5560000, 0x00000000e5560000, 0x00000000e6ab0000)
 concurrent mark-sweep generation total 393216K, used 5979K [0x00000000e8000000, 0x0000000100000000, 0x0000000100000000)
 Metaspace       used 32905K, capacity 33498K, committed 33760K, reserved 1079296K
  class space    used 3565K, capacity 3747K, committed 3836K, reserved 1048576K
2017-03-31T03:59:50.014+0200: 111.054: [GC (Allocation Failure) 2017-03-31T03:59:50.014+0200: 111.054: [ParNew
Desired survivor size 20112992 bytes, new threshold 8 (max 8)
- age   1:    5977192 bytes,    5977192 total
- age   2:    3436664 bytes,    9413856 total
- age   3:    1855720 bytes,   11269576 total
- age   4:     265912 bytes,   11535488 total
- age   5:    4842264 bytes,   16377752 total
- age   6:     407040 bytes,   16784792 total
- age   7:    1550840 bytes,   18335632 total
: 109248K->21824K(109248K), 0.0606192 secs] 115227K->28348K(502464K), 0.0607086 secs] [Times: user=0.05 sys=0.00, real=0.06 secs] 
Heap after GC invocations=8 (full 1):
 par new generation   total 109248K, used 21824K [0x00000000e0000000, 0x00000000e8000000, 0x00000000e8000000)
  eden space 87424K,   0% used [0x00000000e0000000, 0x00000000e0000000, 0x00000000e5560000)
  from space 21824K, 100% used [0x00000000e5560000, 0x00000000e6ab0000, 0x00000000e6ab0000)
  to   space 21824K,   0% used [0x00000000e6ab0000, 0x00000000e6ab0000, 0x00000000e8000000)
 concurrent mark-sweep generation total 393216K, used 6524K [0x00000000e8000000, 0x0000000100000000, 0x0000000100000000)
 Metaspace       used 32905K, capacity 33498K, committed 33760K, reserved 1079296K
  class space    used 3565K, capacity 3747K, committed 3836K, reserved 1048576K
}
2017-03-31T03:59:50.074+0200: 111.115: Total time for which application threads were stopped: 0.0609059 seconds, Stopping threads took: 0.0000253 seconds
2017-03-31T03:59:51.075+0200: 112.116: Total time for which application threads were stopped: 0.0001327 seconds, Stopping threads took: 0.0000290 seconds
2017-03-31T03:59:52.076+0200: 113.117: Total time for which application threads were stopped: 0.0001232 seconds, Stopping threads took: 0.0000318 seconds
2017-03-31T03:59:53.077+0200: 114.118: Total time for which application threads were stopped: 0.0003452 seconds, Stopping threads took: 0.0000855 seconds
2017-03-31T03:59:53.805+0200: 114.846: Total time for which application threads were stopped: 0.0001282 seconds, Stopping threads took: 0.0000227 seconds
2017-03-31T03:59:53.865+0200: 114.906: Total time for which application threads were stopped: 0.0001507 seconds, Stopping threads took: 0.0000400 seconds
2017-03-31T03:59:54.644+0200: 115.685: Total time for which application threads were stopped: 0.0001558 seconds, Stopping threads took: 0.0000274 seconds
2017-03-31T03:59:54.759+0200: 115.800: Total time for which application threads were stopped: 0.0001339 seconds, Stopping threads took: 0.0000279 seconds
2017-03-31T03:59:54.759+0200: 115.800: Total time for which application threads were stopped: 0.0000936 seconds, Stopping threads took: 0.0000185 seconds
2017-03-31T03:59:54.764+0200: 115.805: Total time for which application threads were stopped: 0.0001174 seconds, Stopping threads took: 0.0000338 seconds
2017-03-31T03:59:54.772+0200: 115.813: Total time for which application threads were stopped: 0.0001176 seconds, Stopping threads took: 0.0000356 seconds
2017-03-31T03:59:54.773+0200: 115.814: Total time for which application threads were stopped: 0.0000659 seconds, Stopping threads took: 0.0000176 seconds
2017-03-31T03:59:54.793+0200: 115.834: Total time for which application threads were stopped: 0.0002059 seconds, Stopping threads took: 0.0000737 seconds
2017-03-31T03:59:54.830+0200: 115.871: Total time for which application threads were stopped: 0.0081921 seconds, Stopping threads took: 0.0080612 seconds
2017-03-31T03:59:54.834+0200: 115.875: Total time for which application threads were stopped: 0.0001407 seconds, Stopping threads took: 0.0000215 seconds
2017-03-31T03:59:54.982+0200: 116.023: Total time for which application threads were stopped: 0.0001393 seconds, Stopping threads took: 0.0000356 seconds
2017-03-31T03:59:54.988+0200: 116.029: Total time for which application threads were stopped: 0.0002679 seconds, Stopping threads took: 0.0000872 seconds
2017-03-31T03:59:55.001+0200: 116.042: Total time for which application threads were stopped: 0.0001377 seconds, Stopping threads took: 0.0000422 seconds
2017-03-31T03:59:55.003+0200: 116.044: Total time for which application threads were stopped: 0.0001144 seconds, Stopping threads took: 0.0000348 seconds
{Heap before GC invocations=8 (full 1):
 par new generation   total 109248K, used 109248K [0x00000000e0000000, 0x00000000e8000000, 0x00000000e8000000)
  eden space 87424K, 100% used [0x00000000e0000000, 0x00000000e5560000, 0x00000000e5560000)
  from space 21824K, 100% used [0x00000000e5560000, 0x00000000e6ab0000, 0x00000000e6ab0000)
  to   space 21824K,   0% used [0x00000000e6ab0000, 0x00000000e6ab0000, 0x00000000e8000000)
 concurrent mark-sweep generation total 393216K, used 6524K [0x00000000e8000000, 0x0000000100000000, 0x0000000100000000)
 Metaspace       used 33018K, capacity 33562K, committed 34016K, reserved 1079296K
  class space    used 3565K, capacity 3747K, committed 3836K, reserved 1048576K
2017-03-31T03:59:55.015+0200: 116.056: [GC (Allocation Failure) 2017-03-31T03:59:55.015+0200: 116.056: [ParNew
Desired survivor size 20112992 bytes, new threshold 8 (max 8)
- age   1:    4589576 bytes,    4589576 total
- age   2:    3841984 bytes,    8431560 total
- age   3:    1087112 bytes,    9518672 total
- age   4:      98928 bytes,    9617600 total
- age   5:     253872 bytes,    9871472 total
- age   6:    4840744 bytes,   14712216 total
- age   7:     407040 bytes,   15119256 total
- age   8:    1550840 bytes,   16670096 total
: 109248K->21824K(109248K), 0.0827825 secs] 115772K->29297K(502464K), 0.0828432 secs] [Times: user=0.05 sys=0.00, real=0.08 secs] 
Heap after GC invocations=9 (full 1):
 par new generation   total 109248K, used 21824K [0x00000000e0000000, 0x00000000e8000000, 0x00000000e8000000)
  eden space 87424K,   0% used [0x00000000e0000000, 0x00000000e0000000, 0x00000000e5560000)
  from space 21824K, 100% used [0x00000000e6ab0000, 0x00000000e8000000, 0x00000000e8000000)
  to   space 21824K,   0% used [0x00000000e5560000, 0x00000000e5560000, 0x00000000e6ab0000)
 concurrent mark-sweep generation total 393216K, used 7473K [0x00000000e8000000, 0x0000000100000000, 0x0000000100000000)
 Metaspace       used 33018K, capacity 33562K, committed 34016K, reserved 1079296K
  class space    used 3565K, capacity 3747K, committed 3836K, reserved 1048576K
}
2017-03-31T03:59:55.098+0200: 116.139: Total time for which application threads were stopped: 0.0830788 seconds, Stopping threads took: 0.0000331 seconds
2017-03-31T03:59:55.101+0200: 116.142: Total time for which application threads were stopped: 0.0001586 seconds, Stopping threads took: 0.0000242 seconds
2017-03-31T03:59:55.102+0200: 116.143: Total time for which application threads were stopped: 0.0000985 seconds, Stopping threads took: 0.0000109 seconds
2017-03-31T03:59:55.102+0200: 116.143: Total time for which application threads were stopped: 0.0000640 seconds, Stopping threads took: 0.0000074 seconds
2017-03-31T03:59:55.102+0200: 116.143: Total time for which application threads were stopped: 0.0000558 seconds, Stopping threads took: 0.0000069 seconds
2017-03-31T03:59:55.102+0200: 116.143: Total time for which application threads were stopped: 0.0002248 seconds, Stopping threads took: 0.0000067 seconds
2017-03-31T03:59:55.112+0200: 116.153: Total time for which application threads were stopped: 0.0001544 seconds, Stopping threads took: 0.0000331 seconds
2017-03-31T03:59:55.112+0200: 116.153: Total time for which application threads were stopped: 0.0000946 seconds, Stopping threads took: 0.0000171 seconds
2017-03-31T03:59:55.113+0200: 116.153: Total time for which application threads were stopped: 0.0000600 seconds, Stopping threads took: 0.0000143 seconds
2017-03-31T03:59:55.113+0200: 116.154: Total time for which application threads were stopped: 0.0000447 seconds, Stopping threads took: 0.0000117 seconds
2017-03-31T03:59:55.113+0200: 116.154: Total time for which application threads were stopped: 0.0000436 seconds, Stopping threads took: 0.0000113 seconds
2017-03-31T03:59:55.113+0200: 116.154: Total time for which application threads were stopped: 0.0000501 seconds, Stopping threads took: 0.0000134 seconds
2017-03-31T03:59:55.113+0200: 116.154: Total time for which application threads were stopped: 0.0000378 seconds, Stopping threads took: 0.0000064 seconds
2017-03-31T03:59:55.113+0200: 116.154: Total time for which application threads were stopped: 0.0001203 seconds, Stopping threads took: 0.0000063 seconds
2017-03-31T03:59:55.113+0200: 116.154: Total time for which application threads were stopped: 0.0000422 seconds, Stopping threads took: 0.0000070 seconds
2017-03-31T03:59:55.113+0200: 116.154: Total time for which application threads were stopped: 0.0000419 seconds, Stopping threads took: 0.0000068 seconds
2017-03-31T03:59:55.130+0200: 116.171: Total time for which application threads were stopped: 0.0000906 seconds, Stopping threads took: 0.0000299 seconds
2017-03-31T03:59:55.130+0200: 116.171: Total time for which application threads were stopped: 0.0000394 seconds, Stopping threads took: 0.0000128 seconds
2017-03-31T03:59:55.150+0200: 116.191: Total time for which application threads were stopped: 0.0001240 seconds, Stopping threads took: 0.0000377 seconds
2017-03-31T03:59:55.178+0200: 116.218: Total time for which application threads were stopped: 0.0001663 seconds, Stopping threads took: 0.0000699 seconds
2017-03-31T03:59:55.178+0200: 116.219: Total time for which application threads were stopped: 0.0000899 seconds, Stopping threads took: 0.0000166 seconds
2017-03-31T03:59:55.234+0200: 116.274: Total time for which application threads were stopped: 0.0001252 seconds, Stopping threads took: 0.0000303 seconds
2017-03-31T03:59:55.234+0200: 116.275: Total time for which application threads were stopped: 0.0000550 seconds, Stopping threads took: 0.0000140 seconds
2017-03-31T03:59:55.234+0200: 116.275: Total time for which application threads were stopped: 0.0000451 seconds, Stopping threads took: 0.0000112 seconds
2017-03-31T03:59:55.276+0200: 116.317: Total time for which application threads were stopped: 0.0013225 seconds, Stopping threads took: 0.0012366 seconds
2017-03-31T03:59:55.288+0200: 116.329: Total time for which application threads were stopped: 0.0023791 seconds, Stopping threads took: 0.0022676 seconds
2017-03-31T03:59:55.288+0200: 116.329: Total time for which application threads were stopped: 0.0001974 seconds, Stopping threads took: 0.0000188 seconds
2017-03-31T03:59:55.313+0200: 116.354: Total time for which application threads were stopped: 0.0006849 seconds, Stopping threads took: 0.0006019 seconds
2017-03-31T03:59:55.313+0200: 116.354: Total time for which application threads were stopped: 0.0000422 seconds, Stopping threads took: 0.0000150 seconds
2017-03-31T03:59:55.332+0200: 116.373: Total time for which application threads were stopped: 0.0000916 seconds, Stopping threads took: 0.0000303 seconds
2017-03-31T03:59:56.333+0200: 117.374: Total time for which application threads were stopped: 0.0001162 seconds, Stopping threads took: 0.0000307 seconds
2017-03-31T03:59:57.342+0200: 118.382: Total time for which application threads were stopped: 0.0001841 seconds, Stopping threads took: 0.0000341 seconds
2017-03-31T03:59:58.349+0200: 119.390: Total time for which application threads were stopped: 0.0001491 seconds, Stopping threads took: 0.0000386 seconds
2017-03-31T03:59:59.349+0200: 120.390: Total time for which application threads were stopped: 0.0000985 seconds, Stopping threads took: 0.0000279 seconds
{Heap before GC invocations=9 (full 1):
 par new generation   total 109248K, used 109248K [0x00000000e0000000, 0x00000000e8000000, 0x00000000e8000000)
  eden space 87424K, 100% used [0x00000000e0000000, 0x00000000e5560000, 0x00000000e5560000)
  from space 21824K, 100% used [0x00000000e6ab0000, 0x00000000e8000000, 0x00000000e8000000)
  to   space 21824K,   0% used [0x00000000e5560000, 0x00000000e5560000, 0x00000000e6ab0000)
 concurrent mark-sweep generation total 393216K, used 7473K [0x00000000e8000000, 0x0000000100000000, 0x0000000100000000)
 Metaspace       used 33079K, capacity 33626K, committed 34016K, reserved 1079296K
  class space    used 3569K, capacity 3747K, committed 3836K, reserved 1048576K
2017-03-31T03:59:59.857+0200: 120.898: [GC (Allocation Failure) 2017-03-31T03:59:59.857+0200: 120.898: [ParNew
Desired survivor size 20112992 bytes, new threshold 8 (max 8)
- age   1:    5556088 bytes,    5556088 total
- age   2:     894496 bytes,    6450584 total
- age   3:     352024 bytes,    6802608 total
- age   4:     711304 bytes,    7513912 total
- age   5:      83120 bytes,    7597032 total
- age   6:     247512 bytes,    7844544 total
- age   7:    4734048 bytes,   12578592 total
- age   8:     407040 bytes,   12985632 total
: 109248K->20507K(109248K), 0.0369679 secs] 116721K->29509K(502464K), 0.0370560 secs] [Times: user=0.03 sys=0.00, real=0.04 secs] 
Heap after GC invocations=10 (full 1):
 par new generation   total 109248K, used 20507K [0x00000000e0000000, 0x00000000e8000000, 0x00000000e8000000)
  eden space 87424K,   0% used [0x00000000e0000000, 0x00000000e0000000, 0x00000000e5560000)
  from space 21824K,  93% used [0x00000000e5560000, 0x00000000e6966f78, 0x00000000e6ab0000)
  to   space 21824K,   0% used [0x00000000e6ab0000, 0x00000000e6ab0000, 0x00000000e8000000)
 concurrent mark-sweep generation total 393216K, used 9001K [0x00000000e8000000, 0x0000000100000000, 0x0000000100000000)
 Metaspace       used 33079K, capacity 33626K, committed 34016K, reserved 1079296K
  class space    used 3569K, capacity 3747K, committed 3836K, reserved 1048576K
}
2017-03-31T03:59:59.894+0200: 120.935: Total time for which application threads were stopped: 0.0372877 seconds, Stopping threads took: 0.0000247 seconds
2017-03-31T04:00:00.902+0200: 121.943: Total time for which application threads were stopped: 0.0002290 seconds, Stopping threads took: 0.0000326 seconds
2017-03-31T04:00:01.906+0200: 122.947: Total time for which application threads were stopped: 0.0002102 seconds, Stopping threads took: 0.0000880 seconds
2017-03-31T04:00:02.906+0200: 123.947: Total time for which application threads were stopped: 0.0001364 seconds, Stopping threads took: 0.0000253 seconds
2017-03-31T04:00:03.907+0200: 124.948: Total time for which application threads were stopped: 0.0001120 seconds, Stopping threads took: 0.0000447 seconds
2017-03-31T04:00:04.908+0200: 125.949: Total time for which application threads were stopped: 0.0001072 seconds, Stopping threads took: 0.0000250 seconds
{Heap before GC invocations=10 (full 1):
 par new generation   total 109248K, used 107931K [0x00000000e0000000, 0x00000000e8000000, 0x00000000e8000000)
  eden space 87424K, 100% used [0x00000000e0000000, 0x00000000e5560000, 0x00000000e5560000)
  from space 21824K,  93% used [0x00000000e5560000, 0x00000000e6966f78, 0x00000000e6ab0000)
  to   space 21824K,   0% used [0x00000000e6ab0000, 0x00000000e6ab0000, 0x00000000e8000000)
 concurrent mark-sweep generation total 393216K, used 9001K [0x00000000e8000000, 0x0000000100000000, 0x0000000100000000)
 Metaspace       used 33083K, capacity 33626K, committed 34016K, reserved 1079296K
  class space    used 3569K, capacity 3747K, committed 3836K, reserved 1048576K
2017-03-31T04:00:05.534+0200: 126.575: [GC (Allocation Failure) 2017-03-31T04:00:05.534+0200: 126.575: [ParNew
Desired survivor size 20112992 bytes, new threshold 8 (max 8)
- age   1:    5708328 bytes,    5708328 total
- age   2:    4792880 bytes,   10501208 total
- age   3:     846360 bytes,   11347568 total
- age   4:     285160 bytes,   11632728 total
- age   5:     699568 bytes,   12332296 total
- age   6:      77416 bytes,   12409712 total
- age   7:     241096 bytes,   12650808 total
- age   8:    4728528 bytes,   17379336 total
: 107931K->19222K(109248K), 0.0554926 secs] 116933K->28628K(502464K), 0.0556525 secs] [Times: user=0.03 sys=0.00, real=0.06 secs] 
Heap after GC invocations=11 (full 1):
 par new generation   total 109248K, used 19222K [0x00000000e0000000, 0x00000000e8000000, 0x00000000e8000000)
  eden space 87424K,   0% used [0x00000000e0000000, 0x00000000e0000000, 0x00000000e5560000)
  from space 21824K,  88% used [0x00000000e6ab0000, 0x00000000e7d75ab0, 0x00000000e8000000)
  to   space 21824K,   0% used [0x00000000e5560000, 0x00000000e5560000, 0x00000000e6ab0000)
 concurrent mark-sweep generation total 393216K, used 9405K [0x00000000e8000000, 0x0000000100000000, 0x0000000100000000)
 Metaspace       used 33083K, capacity 33626K, committed 34016K, reserved 1079296K
  class space    used 3569K, capacity 3747K, committed 3836K, reserved 1048576K
}
2017-03-31T04:00:05.590+0200: 126.631: Total time for which application threads were stopped: 0.0575567 seconds, Stopping threads took: 0.0017049 seconds
2017-03-31T04:00:06.590+0200: 127.631: Total time for which application threads were stopped: 0.0001113 seconds, Stopping threads took: 0.0000282 seconds
2017-03-31T04:00:07.591+0200: 128.631: Total time for which application threads were stopped: 0.0001689 seconds, Stopping threads took: 0.0000373 seconds
2017-03-31T04:00:08.591+0200: 129.632: Total time for which application threads were stopped: 0.0001160 seconds, Stopping threads took: 0.0000283 seconds
2017-03-31T04:00:09.592+0200: 130.633: Total time for which application threads were stopped: 0.0001700 seconds, Stopping threads took: 0.0000600 seconds
2017-03-31T04:00:10.120+0200: 131.160: Total time for which application threads were stopped: 0.0001205 seconds, Stopping threads took: 0.0000385 seconds
2017-03-31T04:00:10.152+0200: 131.193: Total time for which application threads were stopped: 0.0022552 seconds, Stopping threads took: 0.0020085 seconds
2017-03-31T04:00:10.152+0200: 131.193: Total time for which application threads were stopped: 0.0001294 seconds, Stopping threads took: 0.0000178 seconds
2017-03-31T04:00:10.153+0200: 131.193: Total time for which application threads were stopped: 0.0001119 seconds, Stopping threads took: 0.0000157 seconds
{Heap before GC invocations=11 (full 1):
 par new generation   total 109248K, used 106646K [0x00000000e0000000, 0x00000000e8000000, 0x00000000e8000000)
  eden space 87424K, 100% used [0x00000000e0000000, 0x00000000e5560000, 0x00000000e5560000)
  from space 21824K,  88% used [0x00000000e6ab0000, 0x00000000e7d75ab0, 0x00000000e8000000)
  to   space 21824K,   0% used [0x00000000e5560000, 0x00000000e5560000, 0x00000000e6ab0000)
 concurrent mark-sweep generation total 393216K, used 9405K [0x00000000e8000000, 0x0000000100000000, 0x0000000100000000)
 Metaspace       used 33091K, capacity 33634K, committed 34016K, reserved 1079296K
  class space    used 3569K, capacity 3747K, committed 3836K, reserved 1048576K
2017-03-31T04:00:10.206+0200: 131.247: [GC (Allocation Failure) 2017-03-31T04:00:10.206+0200: 131.247: [ParNew
Desired survivor size 20112992 bytes, new threshold 8 (max 8)
- age   1:    6348880 bytes,    6348880 total
- age   2:    4594824 bytes,   10943704 total
- age   3:    1394352 bytes,   12338056 total
- age   4:     841584 bytes,   13179640 total
- age   5:     279808 bytes,   13459448 total
- age   6:     697184 bytes,   14156632 total
- age   7:      73680 bytes,   14230312 total
- age   8:     238528 bytes,   14468840 total
: 106646K->18612K(109248K), 0.0521092 secs] 116052K->32667K(502464K), 0.0521994 secs] [Times: user=0.04 sys=0.00, real=0.05 secs] 
Heap after GC invocations=12 (full 1):
 par new generation   total 109248K, used 18612K [0x00000000e0000000, 0x00000000e8000000, 0x00000000e8000000)
  eden space 87424K,   0% used [0x00000000e0000000, 0x00000000e0000000, 0x00000000e5560000)
  from space 21824K,  85% used [0x00000000e5560000, 0x00000000e678d1e0, 0x00000000e6ab0000)
  to   space 21824K,   0% used [0x00000000e6ab0000, 0x00000000e6ab0000, 0x00000000e8000000)
 concurrent mark-sweep generation total 393216K, used 14055K [0x00000000e8000000, 0x0000000100000000, 0x0000000100000000)
 Metaspace       used 33091K, capacity 33634K, committed 34016K, reserved 1079296K
  class space    used 3569K, capacity 3747K, committed 3836K, reserved 1048576K
}
2017-03-31T04:00:10.258+0200: 131.299: Total time for which application threads were stopped: 0.0526350 seconds, Stopping threads took: 0.0002775 seconds
2017-03-31T04:00:10.641+0200: 131.682: Total time for which application threads were stopped: 0.0001780 seconds, Stopping threads took: 0.0000274 seconds
2017-03-31T04:00:10.661+0200: 131.701: Total time for which application threads were stopped: 0.0050146 seconds, Stopping threads took: 0.0049136 seconds
2017-03-31T04:00:10.661+0200: 131.702: Total time for which application threads were stopped: 0.0000628 seconds, Stopping threads took: 0.0000100 seconds
2017-03-31T04:00:10.700+0200: 131.741: Total time for which application threads were stopped: 0.0021094 seconds, Stopping threads took: 0.0020394 seconds
2017-03-31T04:00:10.700+0200: 131.741: Total time for which application threads were stopped: 0.0000654 seconds, Stopping threads took: 0.0000138 seconds
2017-03-31T04:00:10.701+0200: 131.741: Total time for which application threads were stopped: 0.0000589 seconds, Stopping threads took: 0.0000109 seconds
2017-03-31T04:00:10.704+0200: 131.744: Total time for which application threads were stopped: 0.0001075 seconds, Stopping threads took: 0.0000343 seconds
2017-03-31T04:00:10.704+0200: 131.745: Total time for which application threads were stopped: 0.0000732 seconds, Stopping threads took: 0.0000216 seconds
2017-03-31T04:00:10.704+0200: 131.745: Total time for which application threads were stopped: 0.0000547 seconds, Stopping threads took: 0.0000150 seconds
2017-03-31T04:00:10.704+0200: 131.745: Total time for which application threads were stopped: 0.0000495 seconds, Stopping threads took: 0.0000131 seconds
2017-03-31T04:00:10.719+0200: 131.760: Total time for which application threads were stopped: 0.0008790 seconds, Stopping threads took: 0.0000400 seconds
2017-03-31T04:00:11.730+0200: 132.771: Total time for which application threads were stopped: 0.0106999 seconds, Stopping threads took: 0.0105542 seconds
{Heap before GC invocations=12 (full 1):
 par new generation   total 109248K, used 106036K [0x00000000e0000000, 0x00000000e8000000, 0x00000000e8000000)
  eden space 87424K, 100% used [0x00000000e0000000, 0x00000000e5560000, 0x00000000e5560000)
  from space 21824K,  85% used [0x00000000e5560000, 0x00000000e678d1e0, 0x00000000e6ab0000)
  to   space 21824K,   0% used [0x00000000e6ab0000, 0x00000000e6ab0000, 0x00000000e8000000)
 concurrent mark-sweep generation total 393216K, used 14055K [0x00000000e8000000, 0x0000000100000000, 0x0000000100000000)
 Metaspace       used 33280K, capacity 33890K, committed 34272K, reserved 1079296K
  class space    used 3584K, capacity 3747K, committed 3836K, reserved 1048576K
2017-03-31T04:00:11.941+0200: 132.982: [GC (Allocation Failure) 2017-03-31T04:00:11.941+0200: 132.982: [ParNew
Desired survivor size 20112992 bytes, new threshold 8 (max 8)
- age   1:    4330224 bytes,    4330224 total
- age   2:    4057024 bytes,    8387248 total
- age   3:    3139448 bytes,   11526696 total
- age   4:     611352 bytes,   12138048 total
- age   5:     841080 bytes,   12979128 total
- age   6:     279208 bytes,   13258336 total
- age   7:     696784 bytes,   13955120 total
- age   8:      73000 bytes,   14028120 total
: 106036K->18901K(109248K), 0.0439647 secs] 120091K->33188K(502464K), 0.0440819 secs] [Times: user=0.05 sys=0.00, real=0.03 secs] 
Heap after GC invocations=13 (full 1):
 par new generation   total 109248K, used 18901K [0x00000000e0000000, 0x00000000e8000000, 0x00000000e8000000)
  eden space 87424K,   0% used [0x00000000e0000000, 0x00000000e0000000, 0x00000000e5560000)
  from space 21824K,  86% used [0x00000000e6ab0000, 0x00000000e7d25678, 0x00000000e8000000)
  to   space 21824K,   0% used [0x00000000e5560000, 0x00000000e5560000, 0x00000000e6ab0000)
 concurrent mark-sweep generation total 393216K, used 14287K [0x00000000e8000000, 0x0000000100000000, 0x0000000100000000)
 Metaspace       used 33280K, capacity 33890K, committed 34272K, reserved 1079296K
  class space    used 3584K, capacity 3747K, committed 3836K, reserved 1048576K
}
2017-03-31T04:00:11.985+0200: 133.026: Total time for which application threads were stopped: 0.0444158 seconds, Stopping threads took: 0.0000475 seconds
2017-03-31T04:00:12.008+0200: 133.048: Total time for which application threads were stopped: 0.0092116 seconds, Stopping threads took: 0.0090514 seconds
2017-03-31T04:00:12.496+0200: 133.537: Total time for which application threads were stopped: 0.0001208 seconds, Stopping threads took: 0.0000353 seconds
2017-03-31T04:00:13.178+0200: 134.219: Total time for which application threads were stopped: 0.0001959 seconds, Stopping threads took: 0.0000390 seconds
2017-03-31T04:00:14.181+0200: 135.222: Total time for which application threads were stopped: 0.0001028 seconds, Stopping threads took: 0.0000279 seconds
2017-03-31T04:00:15.181+0200: 136.222: Total time for which application threads were stopped: 0.0001772 seconds, Stopping threads took: 0.0000281 seconds
{Heap before GC invocations=13 (full 1):
 par new generation   total 109248K, used 106325K [0x00000000e0000000, 0x00000000e8000000, 0x00000000e8000000)
  eden space 87424K, 100% used [0x00000000e0000000, 0x00000000e5560000, 0x00000000e5560000)
  from space 21824K,  86% used [0x00000000e6ab0000, 0x00000000e7d25678, 0x00000000e8000000)
  to   space 21824K,   0% used [0x00000000e5560000, 0x00000000e5560000, 0x00000000e6ab0000)
 concurrent mark-sweep generation total 393216K, used 14287K [0x00000000e8000000, 0x0000000100000000, 0x0000000100000000)
 Metaspace       used 33385K, capacity 33990K, committed 34272K, reserved 1079296K
  class space    used 3593K, capacity 3779K, committed 3836K, reserved 1048576K
2017-03-31T04:00:16.143+0200: 137.184: [GC (Allocation Failure) 2017-03-31T04:00:16.143+0200: 137.184: [ParNew
Desired survivor size 20112992 bytes, new threshold 8 (max 8)
- age   1:    5493024 bytes,    5493024 total
- age   2:    3765480 bytes,    9258504 total
- age   3:    4054800 bytes,   13313304 total
- age   4:     186536 bytes,   13499840 total
- age   5:     610424 bytes,   14110264 total
- age   6:     840288 bytes,   14950552 total
- age   7:     278512 bytes,   15229064 total
- age   8:     695848 bytes,   15924912 total
: 106325K->18093K(109248K), 0.0334370 secs] 120612K->32451K(502464K), 0.0335582 secs] [Times: user=0.03 sys=0.00, real=0.03 secs] 
Heap after GC invocations=14 (full 1):
 par new generation   total 109248K, used 18093K [0x00000000e0000000, 0x00000000e8000000, 0x00000000e8000000)
  eden space 87424K,   0% used [0x00000000e0000000, 0x00000000e0000000, 0x00000000e5560000)
  from space 21824K,  82% used [0x00000000e5560000, 0x00000000e670b660, 0x00000000e6ab0000)
  to   space 21824K,   0% used [0x00000000e6ab0000, 0x00000000e6ab0000, 0x00000000e8000000)
 concurrent mark-sweep generation total 393216K, used 14357K [0x00000000e8000000, 0x0000000100000000, 0x0000000100000000)
 Metaspace       used 33385K, capacity 33990K, committed 34272K, reserved 1079296K
  class space    used 3593K, capacity 3779K, committed 3836K, reserved 1048576K
}
2017-03-31T04:00:16.177+0200: 137.217: Total time for which application threads were stopped: 0.0337666 seconds, Stopping threads took: 0.0000294 seconds
2017-03-31T04:00:17.182+0200: 138.223: Total time for which application threads were stopped: 0.0000903 seconds, Stopping threads took: 0.0000263 seconds
2017-03-31T04:00:18.196+0200: 139.236: Total time for which application threads were stopped: 0.0001055 seconds, Stopping threads took: 0.0000287 seconds
2017-03-31T04:00:18.240+0200: 139.281: Total time for which application threads were stopped: 0.0001907 seconds, Stopping threads took: 0.0000271 seconds
2017-03-31T04:00:18.303+0200: 139.344: Total time for which application threads were stopped: 0.0002324 seconds, Stopping threads took: 0.0000254 seconds
2017-03-31T04:00:18.303+0200: 139.344: Total time for which application threads were stopped: 0.0000896 seconds, Stopping threads took: 0.0000115 seconds
2017-03-31T04:00:18.306+0200: 139.347: Total time for which application threads were stopped: 0.0001109 seconds, Stopping threads took: 0.0000304 seconds
2017-03-31T04:00:18.306+0200: 139.347: Total time for which application threads were stopped: 0.0000715 seconds, Stopping threads took: 0.0000128 seconds
2017-03-31T04:00:18.306+0200: 139.347: Total time for which application threads were stopped: 0.0000588 seconds, Stopping threads took: 0.0000120 seconds
2017-03-31T04:00:18.307+0200: 139.347: Total time for which application threads were stopped: 0.0000591 seconds, Stopping threads took: 0.0000153 seconds
2017-03-31T04:00:18.307+0200: 139.348: Total time for which application threads were stopped: 0.0001074 seconds, Stopping threads took: 0.0000126 seconds
2017-03-31T04:00:18.307+0200: 139.348: Total time for which application threads were stopped: 0.0000742 seconds, Stopping threads took: 0.0000135 seconds
2017-03-31T04:00:18.312+0200: 139.353: Total time for which application threads were stopped: 0.0029813 seconds, Stopping threads took: 0.0028811 seconds
2017-03-31T04:00:18.315+0200: 139.356: Total time for which application threads were stopped: 0.0001103 seconds, Stopping threads took: 0.0000187 seconds
2017-03-31T04:00:18.316+0200: 139.356: Total time for which application threads were stopped: 0.0001075 seconds, Stopping threads took: 0.0000156 seconds
2017-03-31T04:00:18.318+0200: 139.359: Total time for which application threads were stopped: 0.0001437 seconds, Stopping threads took: 0.0000311 seconds
{Heap before GC invocations=14 (full 1):
 par new generation   total 109248K, used 105517K [0x00000000e0000000, 0x00000000e8000000, 0x00000000e8000000)
  eden space 87424K, 100% used [0x00000000e0000000, 0x00000000e5560000, 0x00000000e5560000)
  from space 21824K,  82% used [0x00000000e5560000, 0x00000000e670b660, 0x00000000e6ab0000)
  to   space 21824K,   0% used [0x00000000e6ab0000, 0x00000000e6ab0000, 0x00000000e8000000)
 concurrent mark-sweep generation total 393216K, used 14357K [0x00000000e8000000, 0x0000000100000000, 0x0000000100000000)
 Metaspace       used 33406K, capacity 33990K, committed 34272K, reserved 1079296K
  class space    used 3593K, capacity 3779K, committed 3836K, reserved 1048576K
2017-03-31T04:00:18.636+0200: 139.677: [GC (Allocation Failure) 2017-03-31T04:00:18.636+0200: 139.677: [ParNew
Desired survivor size 20112992 bytes, new threshold 8 (max 8)
- age   1:    3096728 bytes,    3096728 total
- age   2:    1277880 bytes,    4374608 total
- age   3:    1920568 bytes,    6295176 total
- age   4:     160784 bytes,    6455960 total
- age   5:      31112 bytes,    6487072 total
- age   6:     116040 bytes,    6603112 total
- age   7:     106496 bytes,    6709608 total
- age   8:      53728 bytes,    6763336 total
: 105517K->16841K(109248K), 0.0318207 secs] 119875K->31254K(502464K), 0.0319036 secs] [Times: user=0.03 sys=0.00, real=0.04 secs] 
Heap after GC invocations=15 (full 1):
 par new generation   total 109248K, used 16841K [0x00000000e0000000, 0x00000000e8000000, 0x00000000e8000000)
  eden space 87424K,   0% used [0x00000000e0000000, 0x00000000e0000000, 0x00000000e5560000)
  from space 21824K,  77% used [0x00000000e6ab0000, 0x00000000e7b225a0, 0x00000000e8000000)
  to   space 21824K,   0% used [0x00000000e5560000, 0x00000000e5560000, 0x00000000e6ab0000)
 concurrent mark-sweep generation total 393216K, used 14412K [0x00000000e8000000, 0x0000000100000000, 0x0000000100000000)
 Metaspace       used 33406K, capacity 33990K, committed 34272K, reserved 1079296K
  class space    used 3593K, capacity 3779K, committed 3836K, reserved 1048576K
}
2017-03-31T04:00:18.668+0200: 139.709: Total time for which application threads were stopped: 0.0321460 seconds, Stopping threads took: 0.0000317 seconds
2017-03-31T04:00:18.760+0200: 139.801: Total time for which application threads were stopped: 0.0001883 seconds, Stopping threads took: 0.0000393 seconds
2017-03-31T04:00:18.760+0200: 139.801: Total time for which application threads were stopped: 0.0000806 seconds, Stopping threads took: 0.0000094 seconds
2017-03-31T04:00:18.762+0200: 139.803: Total time for which application threads were stopped: 0.0001120 seconds, Stopping threads took: 0.0000386 seconds
2017-03-31T04:00:18.762+0200: 139.803: Total time for which application threads were stopped: 0.0000504 seconds, Stopping threads took: 0.0000122 seconds
2017-03-31T04:00:18.762+0200: 139.803: Total time for which application threads were stopped: 0.0000430 seconds, Stopping threads took: 0.0000117 seconds
2017-03-31T04:00:18.762+0200: 139.803: Total time for which application threads were stopped: 0.0000519 seconds, Stopping threads took: 0.0000138 seconds
2017-03-31T04:00:19.763+0200: 140.804: Total time for which application threads were stopped: 0.0001442 seconds, Stopping threads took: 0.0000316 seconds
2017-03-31T04:00:23.125+0200: 144.166: Total time for which application threads were stopped: 0.0002396 seconds, Stopping threads took: 0.0000720 seconds
2017-03-31T04:00:24.126+0200: 145.167: Total time for which application threads were stopped: 0.0001595 seconds, Stopping threads took: 0.0000413 seconds
2017-03-31T04:02:01.865+0200: 242.905: Total time for which application threads were stopped: 0.0001512 seconds, Stopping threads took: 0.0000478 seconds
2017-03-31T04:02:01.865+0200: 242.906: Total time for which application threads were stopped: 0.0000733 seconds, Stopping threads took: 0.0000174 seconds
2017-03-31T04:02:01.888+0200: 242.929: Total time for which application threads were stopped: 0.0008497 seconds, Stopping threads took: 0.0000828 seconds
2017-03-31T04:02:02.888+0200: 243.929: Total time for which application threads were stopped: 0.0001788 seconds, Stopping threads took: 0.0000695 seconds
2017-03-31T04:06:32.056+0200: 513.096: Total time for which application threads were stopped: 0.0001241 seconds, Stopping threads took: 0.0000417 seconds
2017-03-31T04:06:53.631+0200: 534.672: Total time for which application threads were stopped: 0.0001688 seconds, Stopping threads took: 0.0000809 seconds
2017-03-31T04:06:53.648+0200: 534.689: Total time for which application threads were stopped: 0.0001281 seconds, Stopping threads took: 0.0000335 seconds
2017-03-31T04:06:53.649+0200: 534.689: Total time for which application threads were stopped: 0.0000551 seconds, Stopping threads took: 0.0000131 seconds
2017-03-31T04:06:53.830+0200: 534.870: Total time for which application threads were stopped: 0.0003515 seconds, Stopping threads took: 0.0000315 seconds
2017-03-31T04:06:53.830+0200: 534.871: Total time for which application threads were stopped: 0.0001704 seconds, Stopping threads took: 0.0000403 seconds
2017-03-31T04:06:53.852+0200: 534.893: Total time for which application threads were stopped: 0.0003385 seconds, Stopping threads took: 0.0000539 seconds
2017-03-31T04:06:54.853+0200: 535.893: Total time for which application threads were stopped: 0.0002302 seconds, Stopping threads took: 0.0000261 seconds
2017-03-31T04:07:25.122+0200: 566.163: Total time for which application threads were stopped: 0.0001350 seconds, Stopping threads took: 0.0000451 seconds
2017-03-31T04:07:25.123+0200: 566.163: Total time for which application threads were stopped: 0.0000569 seconds, Stopping threads took: 0.0000147 seconds
2017-03-31T04:07:26.123+0200: 567.164: Total time for which application threads were stopped: 0.0000895 seconds, Stopping threads took: 0.0000270 seconds
2017-03-31T04:07:56.779+0200: 597.820: Total time for which application threads were stopped: 0.0001219 seconds, Stopping threads took: 0.0000381 seconds
2017-03-31T04:07:56.784+0200: 597.824: Total time for which application threads were stopped: 0.0041323 seconds, Stopping threads took: 0.0000134 seconds
2017-03-31T04:07:57.795+0200: 598.836: Total time for which application threads were stopped: 0.0000986 seconds, Stopping threads took: 0.0000265 seconds
2017-03-31T04:08:04.531+0200: 605.572: Total time for which application threads were stopped: 0.0001508 seconds, Stopping threads took: 0.0000461 seconds
2017-03-31T04:08:04.531+0200: 605.572: Total time for which application threads were stopped: 0.0001591 seconds, Stopping threads took: 0.0000157 seconds
2017-03-31T04:08:05.532+0200: 606.573: Total time for which application threads were stopped: 0.0001188 seconds, Stopping threads took: 0.0000478 seconds
2017-03-31T04:08:13.376+0200: 614.417: Total time for which application threads were stopped: 0.0001800 seconds, Stopping threads took: 0.0000524 seconds
2017-03-31T04:08:35.373+0200: 636.414: Total time for which application threads were stopped: 0.0001403 seconds, Stopping threads took: 0.0000501 seconds
2017-03-31T04:08:35.373+0200: 636.414: Total time for which application threads were stopped: 0.0000571 seconds, Stopping threads took: 0.0000149 seconds
2017-03-31T04:08:40.985+0200: 642.026: Total time for which application threads were stopped: 0.0001254 seconds, Stopping threads took: 0.0000363 seconds
2017-03-31T04:08:40.986+0200: 642.027: Total time for which application threads were stopped: 0.0000857 seconds, Stopping threads took: 0.0000211 seconds
2017-03-31T04:09:26.932+0200: 687.973: Total time for which application threads were stopped: 0.0003794 seconds, Stopping threads took: 0.0000642 seconds
2017-03-31T04:09:26.933+0200: 687.974: Total time for which application threads were stopped: 0.0000930 seconds, Stopping threads took: 0.0000234 seconds
2017-03-31T04:09:27.114+0200: 688.155: Total time for which application threads were stopped: 0.0000996 seconds, Stopping threads took: 0.0000199 seconds
2017-03-31T04:09:27.114+0200: 688.155: Total time for which application threads were stopped: 0.0000419 seconds, Stopping threads took: 0.0000071 seconds
2017-03-31T04:09:27.189+0200: 688.230: Total time for which application threads were stopped: 0.0001287 seconds, Stopping threads took: 0.0000224 seconds
2017-03-31T04:09:27.189+0200: 688.230: Total time for which application threads were stopped: 0.0000481 seconds, Stopping threads took: 0.0000075 seconds
2017-03-31T04:09:27.189+0200: 688.230: Total time for which application threads were stopped: 0.0000414 seconds, Stopping threads took: 0.0000061 seconds
2017-03-31T04:09:28.195+0200: 689.236: Total time for which application threads were stopped: 0.0001627 seconds, Stopping threads took: 0.0000272 seconds
2017-03-31T04:09:29.197+0200: 690.238: Total time for which application threads were stopped: 0.0001126 seconds, Stopping threads took: 0.0000234 seconds
{Heap before GC invocations=15 (full 1):
 par new generation   total 109248K, used 104265K [0x00000000e0000000, 0x00000000e8000000, 0x00000000e8000000)
  eden space 87424K, 100% used [0x00000000e0000000, 0x00000000e5560000, 0x00000000e5560000)
  from space 21824K,  77% used [0x00000000e6ab0000, 0x00000000e7b225a0, 0x00000000e8000000)
  to   space 21824K,   0% used [0x00000000e5560000, 0x00000000e5560000, 0x00000000e6ab0000)
 concurrent mark-sweep generation total 393216K, used 14412K [0x00000000e8000000, 0x0000000100000000, 0x0000000100000000)
 Metaspace       used 33679K, capacity 34252K, committed 34528K, reserved 1079296K
  class space    used 3617K, capacity 3780K, committed 3836K, reserved 1048576K
2017-03-31T04:09:29.273+0200: 690.314: [GC (Allocation Failure) 2017-03-31T04:09:29.273+0200: 690.314: [ParNew
Desired survivor size 20112992 bytes, new threshold 8 (max 8)
- age   1:    5817384 bytes,    5817384 total
- age   2:      19856 bytes,    5837240 total
- age   3:      62936 bytes,    5900176 total
- age   4:      46792 bytes,    5946968 total
- age   5:     110952 bytes,    6057920 total
- age   6:      30464 bytes,    6088384 total
- age   7:      36112 bytes,    6124496 total
- age   8:     105848 bytes,    6230344 total
: 104265K->8718K(109248K), 0.0340955 secs] 118678K->23182K(502464K), 0.0341657 secs] [Times: user=0.03 sys=0.00, real=0.03 secs] 
Heap after GC invocations=16 (full 1):
 par new generation   total 109248K, used 8718K [0x00000000e0000000, 0x00000000e8000000, 0x00000000e8000000)
  eden space 87424K,   0% used [0x00000000e0000000, 0x00000000e0000000, 0x00000000e5560000)
  from space 21824K,  39% used [0x00000000e5560000, 0x00000000e5de3800, 0x00000000e6ab0000)
  to   space 21824K,   0% used [0x00000000e6ab0000, 0x00000000e6ab0000, 0x00000000e8000000)
 concurrent mark-sweep generation total 393216K, used 14464K [0x00000000e8000000, 0x0000000100000000, 0x0000000100000000)
 Metaspace       used 33679K, capacity 34252K, committed 34528K, reserved 1079296K
  class space    used 3617K, capacity 3780K, committed 3836K, reserved 1048576K
}
2017-03-31T04:09:29.307+0200: 690.348: Total time for which application threads were stopped: 0.0343782 seconds, Stopping threads took: 0.0000243 seconds
2017-03-31T04:09:30.307+0200: 691.348: Total time for which application threads were stopped: 0.0001046 seconds, Stopping threads took: 0.0000250 seconds
2017-03-31T04:09:31.308+0200: 692.349: Total time for which application threads were stopped: 0.0000883 seconds, Stopping threads took: 0.0000209 seconds
2017-03-31T04:09:32.311+0200: 693.352: Total time for which application threads were stopped: 0.0000848 seconds, Stopping threads took: 0.0000225 seconds
2017-03-31T04:09:33.313+0200: 694.354: Total time for which application threads were stopped: 0.0001442 seconds, Stopping threads took: 0.0000240 seconds
2017-03-31T04:09:34.314+0200: 695.355: Total time for which application threads were stopped: 0.0001034 seconds, Stopping threads took: 0.0000284 seconds
{Heap before GC invocations=16 (full 1):
 par new generation   total 109248K, used 96142K [0x00000000e0000000, 0x00000000e8000000, 0x00000000e8000000)
  eden space 87424K, 100% used [0x00000000e0000000, 0x00000000e5560000, 0x00000000e5560000)
  from space 21824K,  39% used [0x00000000e5560000, 0x00000000e5de3800, 0x00000000e6ab0000)
  to   space 21824K,   0% used [0x00000000e6ab0000, 0x00000000e6ab0000, 0x00000000e8000000)
 concurrent mark-sweep generation total 393216K, used 14464K [0x00000000e8000000, 0x0000000100000000, 0x0000000100000000)
 Metaspace       used 33680K, capacity 34252K, committed 34528K, reserved 1079296K
  class space    used 3617K, capacity 3780K, committed 3836K, reserved 1048576K
2017-03-31T04:09:35.048+0200: 696.088: [GC (Allocation Failure) 2017-03-31T04:09:35.048+0200: 696.088: [ParNew
Desired survivor size 20112992 bytes, new threshold 8 (max 8)
- age   1:    5350888 bytes,    5350888 total
- age   2:    5275232 bytes,   10626120 total
- age   3:      15744 bytes,   10641864 total
- age   4:      60864 bytes,   10702728 total
- age   5:      25984 bytes,   10728712 total
- age   6:     108696 bytes,   10837408 total
- age   7:      28256 bytes,   10865664 total
- age   8:      34288 bytes,   10899952 total
: 96142K->13485K(109248K), 0.0360385 secs] 110606K->28052K(502464K), 0.0361125 secs] [Times: user=0.03 sys=0.00, real=0.04 secs] 
Heap after GC invocations=17 (full 1):
 par new generation   total 109248K, used 13485K [0x00000000e0000000, 0x00000000e8000000, 0x00000000e8000000)
  eden space 87424K,   0% used [0x00000000e0000000, 0x00000000e0000000, 0x00000000e5560000)
  from space 21824K,  61% used [0x00000000e6ab0000, 0x00000000e77db600, 0x00000000e8000000)
  to   space 21824K,   0% used [0x00000000e5560000, 0x00000000e5560000, 0x00000000e6ab0000)
 concurrent mark-sweep generation total 393216K, used 14566K [0x00000000e8000000, 0x0000000100000000, 0x0000000100000000)
 Metaspace       used 33680K, capacity 34252K, committed 34528K, reserved 1079296K
  class space    used 3617K, capacity 3780K, committed 3836K, reserved 1048576K
}
2017-03-31T04:09:35.084+0200: 696.125: Total time for which application threads were stopped: 0.0363004 seconds, Stopping threads took: 0.0000227 seconds
2017-03-31T04:09:36.086+0200: 697.127: Total time for which application threads were stopped: 0.0001530 seconds, Stopping threads took: 0.0000589 seconds
2017-03-31T04:09:37.087+0200: 698.128: Total time for which application threads were stopped: 0.0001033 seconds, Stopping threads took: 0.0000232 seconds
2017-03-31T04:09:38.087+0200: 699.128: Total time for which application threads were stopped: 0.0000870 seconds, Stopping threads took: 0.0000215 seconds
2017-03-31T04:09:40.088+0200: 701.129: Total time for which application threads were stopped: 0.0001181 seconds, Stopping threads took: 0.0000337 seconds
2017-03-31T04:09:41.089+0200: 702.129: Total time for which application threads were stopped: 0.0001061 seconds, Stopping threads took: 0.0000266 seconds
{Heap before GC invocations=17 (full 1):
 par new generation   total 109248K, used 100909K [0x00000000e0000000, 0x00000000e8000000, 0x00000000e8000000)
  eden space 87424K, 100% used [0x00000000e0000000, 0x00000000e5560000, 0x00000000e5560000)
  from space 21824K,  61% used [0x00000000e6ab0000, 0x00000000e77db600, 0x00000000e8000000)
  to   space 21824K,   0% used [0x00000000e5560000, 0x00000000e5560000, 0x00000000e6ab0000)
 concurrent mark-sweep generation total 393216K, used 14566K [0x00000000e8000000, 0x0000000100000000, 0x0000000100000000)
 Metaspace       used 33680K, capacity 34252K, committed 34528K, reserved 1079296K
  class space    used 3617K, capacity 3780K, committed 3836K, reserved 1048576K
2017-03-31T04:09:42.084+0200: 703.125: [GC (Allocation Failure) 2017-03-31T04:09:42.084+0200: 703.125: [ParNew
Desired survivor size 20112992 bytes, new threshold 8 (max 8)
- age   1:    5973792 bytes,    5973792 total
- age   2:    3632232 bytes,    9606024 total
- age   3:    3067176 bytes,   12673200 total
- age   4:      14784 bytes,   12687984 total
- age   5:      59568 bytes,   12747552 total
- age   6:      15616 bytes,   12763168 total
- age   7:     106824 bytes,   12869992 total
- age   8:      26480 bytes,   12896472 total
: 100909K->17652K(109248K), 0.0484649 secs] 115476K->32251K(502464K), 0.0485439 secs] [Times: user=0.03 sys=0.00, real=0.05 secs] 
Heap after GC invocations=18 (full 1):
 par new generation   total 109248K, used 17652K [0x00000000e0000000, 0x00000000e8000000, 0x00000000e8000000)
  eden space 87424K,   0% used [0x00000000e0000000, 0x00000000e0000000, 0x00000000e5560000)
  from space 21824K,  80% used [0x00000000e5560000, 0x00000000e669d1c0, 0x00000000e6ab0000)
  to   space 21824K,   0% used [0x00000000e6ab0000, 0x00000000e6ab0000, 0x00000000e8000000)
 concurrent mark-sweep generation total 393216K, used 14598K [0x00000000e8000000, 0x0000000100000000, 0x0000000100000000)
 Metaspace       used 33680K, capacity 34252K, committed 34528K, reserved 1079296K
  class space    used 3617K, capacity 3780K, committed 3836K, reserved 1048576K
}
2017-03-31T04:09:42.132+0200: 703.173: Total time for which application threads were stopped: 0.0487825 seconds, Stopping threads took: 0.0000658 seconds
2017-03-31T04:09:42.185+0200: 703.226: Total time for which application threads were stopped: 0.0012418 seconds, Stopping threads took: 0.0011648 seconds
2017-03-31T04:09:42.259+0200: 703.300: Total time for which application threads were stopped: 0.0028106 seconds, Stopping threads took: 0.0026921 seconds
2017-03-31T04:09:42.260+0200: 703.301: Total time for which application threads were stopped: 0.0001104 seconds, Stopping threads took: 0.0000188 seconds
2017-03-31T04:09:42.260+0200: 703.301: Total time for which application threads were stopped: 0.0000779 seconds, Stopping threads took: 0.0000103 seconds
2017-03-31T04:09:42.467+0200: 703.507: Total time for which application threads were stopped: 0.0001221 seconds, Stopping threads took: 0.0000362 seconds
2017-03-31T04:09:42.522+0200: 703.563: Total time for which application threads were stopped: 0.0001116 seconds, Stopping threads took: 0.0000231 seconds
2017-03-31T04:09:42.532+0200: 703.573: Total time for which application threads were stopped: 0.0022181 seconds, Stopping threads took: 0.0021155 seconds
2017-03-31T04:09:42.532+0200: 703.573: Total time for which application threads were stopped: 0.0000564 seconds, Stopping threads took: 0.0000096 seconds
2017-03-31T04:09:42.569+0200: 703.609: Total time for which application threads were stopped: 0.0000966 seconds, Stopping threads took: 0.0000324 seconds
2017-03-31T04:09:43.569+0200: 704.610: Total time for which application threads were stopped: 0.0000972 seconds, Stopping threads took: 0.0000251 seconds
2017-03-31T04:09:44.570+0200: 705.611: Total time for which application threads were stopped: 0.0001085 seconds, Stopping threads took: 0.0000251 seconds
2017-03-31T04:09:45.570+0200: 706.611: Total time for which application threads were stopped: 0.0000792 seconds, Stopping threads took: 0.0000202 seconds
2017-03-31T04:09:46.571+0200: 707.612: Total time for which application threads were stopped: 0.0001873 seconds, Stopping threads took: 0.0000316 seconds
{Heap before GC invocations=18 (full 1):
 par new generation   total 109248K, used 105076K [0x00000000e0000000, 0x00000000e8000000, 0x00000000e8000000)
  eden space 87424K, 100% used [0x00000000e0000000, 0x00000000e5560000, 0x00000000e5560000)
  from space 21824K,  80% used [0x00000000e5560000, 0x00000000e669d1c0, 0x00000000e6ab0000)
  to   space 21824K,   0% used [0x00000000e6ab0000, 0x00000000e6ab0000, 0x00000000e8000000)
 concurrent mark-sweep generation total 393216K, used 14598K [0x00000000e8000000, 0x0000000100000000, 0x0000000100000000)
 Metaspace       used 33697K, capacity 34260K, committed 34528K, reserved 1079296K
  class space    used 3617K, capacity 3780K, committed 3836K, reserved 1048576K
2017-03-31T04:09:46.704+0200: 707.745: [GC (Allocation Failure) 2017-03-31T04:09:46.704+0200: 707.745: [ParNew
Desired survivor size 20112992 bytes, new threshold 8 (max 8)
- age   1:    4955144 bytes,    4955144 total
- age   2:    4213544 bytes,    9168688 total
- age   3:     806048 bytes,    9974736 total
- age   4:    1635584 bytes,   11610320 total
- age   5:      14472 bytes,   11624792 total
- age   6:      58608 bytes,   11683400 total
- age   7:      15104 bytes,   11698504 total
- age   8:      31552 bytes,   11730056 total
: 105076K->15591K(109248K), 0.0338742 secs] 119675K->30214K(502464K), 0.0339979 secs] [Times: user=0.04 sys=0.00, real=0.03 secs] 
Heap after GC invocations=19 (full 1):
 par new generation   total 109248K, used 15591K [0x00000000e0000000, 0x00000000e8000000, 0x00000000e8000000)
  eden space 87424K,   0% used [0x00000000e0000000, 0x00000000e0000000, 0x00000000e5560000)
  from space 21824K,  71% used [0x00000000e6ab0000, 0x00000000e79e9c60, 0x00000000e8000000)
  to   space 21824K,   0% used [0x00000000e5560000, 0x00000000e5560000, 0x00000000e6ab0000)
 concurrent mark-sweep generation total 393216K, used 14623K [0x00000000e8000000, 0x0000000100000000, 0x0000000100000000)
 Metaspace       used 33697K, capacity 34260K, committed 34528K, reserved 1079296K
  class space    used 3617K, capacity 3780K, committed 3836K, reserved 1048576K
}
2017-03-31T04:09:46.738+0200: 707.779: Total time for which application threads were stopped: 0.0343021 seconds, Stopping threads took: 0.0000692 seconds
2017-03-31T04:09:47.744+0200: 708.785: Total time for which application threads were stopped: 0.0001258 seconds, Stopping threads took: 0.0000248 seconds
2017-03-31T04:09:49.745+0200: 710.786: Total time for which application threads were stopped: 0.0000890 seconds, Stopping threads took: 0.0000246 seconds
2017-03-31T04:09:50.748+0200: 711.789: Total time for which application threads were stopped: 0.0000879 seconds, Stopping threads took: 0.0000243 seconds
2017-03-31T04:09:51.749+0200: 712.790: Total time for which application threads were stopped: 0.0000877 seconds, Stopping threads took: 0.0000240 seconds
{Heap before GC invocations=19 (full 1):
 par new generation   total 109248K, used 103015K [0x00000000e0000000, 0x00000000e8000000, 0x00000000e8000000)
  eden space 87424K, 100% used [0x00000000e0000000, 0x00000000e5560000, 0x00000000e5560000)
  from space 21824K,  71% used [0x00000000e6ab0000, 0x00000000e79e9c60, 0x00000000e8000000)
  to   space 21824K,   0% used [0x00000000e5560000, 0x00000000e5560000, 0x00000000e6ab0000)
 concurrent mark-sweep generation total 393216K, used 14623K [0x00000000e8000000, 0x0000000100000000, 0x0000000100000000)
 Metaspace       used 33697K, capacity 34260K, committed 34528K, reserved 1079296K
  class space    used 3617K, capacity 3780K, committed 3836K, reserved 1048576K
2017-03-31T04:09:52.452+0200: 713.493: [GC (Allocation Failure) 2017-03-31T04:09:52.452+0200: 713.493: [ParNew
Desired survivor size 20112992 bytes, new threshold 8 (max 8)
- age   1:    6094408 bytes,    6094408 total
- age   2:    4304984 bytes,   10399392 total
- age   3:     976896 bytes,   11376288 total
- age   4:     102432 bytes,   11478720 total
- age   5:     637136 bytes,   12115856 total
- age   6:      14280 bytes,   12130136 total
- age   7:      57672 bytes,   12187808 total
- age   8:      14888 bytes,   12202696 total
: 103015K->15070K(109248K), 0.0383870 secs] 117638K->29723K(502464K), 0.0384820 secs] [Times: user=0.04 sys=0.00, real=0.04 secs] 
Heap after GC invocations=20 (full 1):
 par new generation   total 109248K, used 15070K [0x00000000e0000000, 0x00000000e8000000, 0x00000000e8000000)
  eden space 87424K,   0% used [0x00000000e0000000, 0x00000000e0000000, 0x00000000e5560000)
  from space 21824K,  69% used [0x00000000e5560000, 0x00000000e6417850, 0x00000000e6ab0000)
  to   space 21824K,   0% used [0x00000000e6ab0000, 0x00000000e6ab0000, 0x00000000e8000000)
 concurrent mark-sweep generation total 393216K, used 14653K [0x00000000e8000000, 0x0000000100000000, 0x0000000100000000)
 Metaspace       used 33697K, capacity 34260K, committed 34528K, reserved 1079296K
  class space    used 3617K, capacity 3780K, committed 3836K, reserved 1048576K
}
2017-03-31T04:09:52.490+0200: 713.531: Total time for which application threads were stopped: 0.0386564 seconds, Stopping threads took: 0.0000237 seconds
2017-03-31T04:09:55.497+0200: 716.538: Total time for which application threads were stopped: 0.0000932 seconds, Stopping threads took: 0.0000232 seconds
2017-03-31T04:09:56.498+0200: 717.539: Total time for which application threads were stopped: 0.0000873 seconds, Stopping threads took: 0.0000256 seconds
2017-03-31T04:09:57.189+0200: 718.230: Total time for which application threads were stopped: 0.0001078 seconds, Stopping threads took: 0.0000346 seconds
{Heap before GC invocations=20 (full 1):
 par new generation   total 109248K, used 102494K [0x00000000e0000000, 0x00000000e8000000, 0x00000000e8000000)
  eden space 87424K, 100% used [0x00000000e0000000, 0x00000000e5560000, 0x00000000e5560000)
  from space 21824K,  69% used [0x00000000e5560000, 0x00000000e6417850, 0x00000000e6ab0000)
  to   space 21824K,   0% used [0x00000000e6ab0000, 0x00000000e6ab0000, 0x00000000e8000000)
 concurrent mark-sweep generation total 393216K, used 14653K [0x00000000e8000000, 0x0000000100000000, 0x0000000100000000)
 Metaspace       used 33699K, capacity 34260K, committed 34528K, reserved 1079296K
  class space    used 3617K, capacity 3780K, committed 3836K, reserved 1048576K
2017-03-31T04:09:57.280+0200: 718.320: [GC (Allocation Failure) 2017-03-31T04:09:57.280+0200: 718.320: [ParNew
Desired survivor size 20112992 bytes, new threshold 8 (max 8)
- age   1:    6423192 bytes,    6423192 total
- age   2:    4606536 bytes,   11029728 total
- age   3:    1191032 bytes,   12220760 total
- age   4:      80848 bytes,   12301608 total
- age   5:      99240 bytes,   12400848 total
- age   6:     636136 bytes,   13036984 total
- age   7:      14280 bytes,   13051264 total
- age   8:      57672 bytes,   13108936 total
: 102494K->18277K(109248K), 0.0435585 secs] 117147K->32946K(502464K), 0.0436311 secs] [Times: user=0.04 sys=0.00, real=0.05 secs] 
Heap after GC invocations=21 (full 1):
 par new generation   total 109248K, used 18277K [0x00000000e0000000, 0x00000000e8000000, 0x00000000e8000000)
  eden space 87424K,   0% used [0x00000000e0000000, 0x00000000e0000000, 0x00000000e5560000)
  from space 21824K,  83% used [0x00000000e6ab0000, 0x00000000e7c897f0, 0x00000000e8000000)
  to   space 21824K,   0% used [0x00000000e5560000, 0x00000000e5560000, 0x00000000e6ab0000)
 concurrent mark-sweep generation total 393216K, used 14668K [0x00000000e8000000, 0x0000000100000000, 0x0000000100000000)
 Metaspace       used 33699K, capacity 34260K, committed 34528K, reserved 1079296K
  class space    used 3617K, capacity 3780K, committed 3836K, reserved 1048576K
}
2017-03-31T04:09:57.323+0200: 718.364: Total time for which application threads were stopped: 0.0438601 seconds, Stopping threads took: 0.0000325 seconds
2017-03-31T04:09:57.483+0200: 718.524: Total time for which application threads were stopped: 0.0004037 seconds, Stopping threads took: 0.0003306 seconds
2017-03-31T04:09:57.487+0200: 718.527: Total time for which application threads were stopped: 0.0001530 seconds, Stopping threads took: 0.0000530 seconds
2017-03-31T04:09:57.504+0200: 718.545: Total time for which application threads were stopped: 0.0001164 seconds, Stopping threads took: 0.0000374 seconds
2017-03-31T04:09:57.505+0200: 718.546: Total time for which application threads were stopped: 0.0000939 seconds, Stopping threads took: 0.0000316 seconds
2017-03-31T04:09:57.509+0200: 718.550: Total time for which application threads were stopped: 0.0000965 seconds, Stopping threads took: 0.0000310 seconds
2017-03-31T04:09:57.509+0200: 718.550: Total time for which application threads were stopped: 0.0000388 seconds, Stopping threads took: 0.0000119 seconds
2017-03-31T04:09:57.513+0200: 718.554: Total time for which application threads were stopped: 0.0000945 seconds, Stopping threads took: 0.0000302 seconds
2017-03-31T04:09:57.513+0200: 718.554: Total time for which application threads were stopped: 0.0000530 seconds, Stopping threads took: 0.0000155 seconds
2017-03-31T04:09:57.517+0200: 718.557: Total time for which application threads were stopped: 0.0001014 seconds, Stopping threads took: 0.0000360 seconds
2017-03-31T04:09:57.542+0200: 718.583: Total time for which application threads were stopped: 0.0000913 seconds, Stopping threads took: 0.0000188 seconds
2017-03-31T04:09:57.542+0200: 718.583: Total time for which application threads were stopped: 0.0000468 seconds, Stopping threads took: 0.0000078 seconds
2017-03-31T04:09:57.597+0200: 718.638: Total time for which application threads were stopped: 0.0001288 seconds, Stopping threads took: 0.0000204 seconds
2017-03-31T04:09:57.598+0200: 718.639: Total time for which application threads were stopped: 0.0001696 seconds, Stopping threads took: 0.0000083 seconds
2017-03-31T04:09:57.598+0200: 718.639: Total time for which application threads were stopped: 0.0000602 seconds, Stopping threads took: 0.0000070 seconds
2017-03-31T04:09:57.599+0200: 718.640: Total time for which application threads were stopped: 0.0000935 seconds, Stopping threads took: 0.0000212 seconds
2017-03-31T04:09:57.599+0200: 718.640: Total time for which application threads were stopped: 0.0000496 seconds, Stopping threads took: 0.0000066 seconds
2017-03-31T04:09:57.599+0200: 718.640: Total time for which application threads were stopped: 0.0000569 seconds, Stopping threads took: 0.0000163 seconds
2017-03-31T04:09:57.620+0200: 718.660: Total time for which application threads were stopped: 0.0001036 seconds, Stopping threads took: 0.0000284 seconds
2017-03-31T04:09:57.624+0200: 718.665: Total time for which application threads were stopped: 0.0006956 seconds, Stopping threads took: 0.0006301 seconds
2017-03-31T04:09:59.626+0200: 720.666: Total time for which application threads were stopped: 0.0001097 seconds, Stopping threads took: 0.0000245 seconds
2017-03-31T04:10:00.628+0200: 721.669: Total time for which application threads were stopped: 0.0001214 seconds, Stopping threads took: 0.0000353 seconds
{Heap before GC invocations=21 (full 1):
 par new generation   total 109248K, used 105701K [0x00000000e0000000, 0x00000000e8000000, 0x00000000e8000000)
  eden space 87424K, 100% used [0x00000000e0000000, 0x00000000e5560000, 0x00000000e5560000)
  from space 21824K,  83% used [0x00000000e6ab0000, 0x00000000e7c897f0, 0x00000000e8000000)
  to   space 21824K,   0% used [0x00000000e5560000, 0x00000000e5560000, 0x00000000e6ab0000)
 concurrent mark-sweep generation total 393216K, used 14668K [0x00000000e8000000, 0x0000000100000000, 0x0000000100000000)
 Metaspace       used 33710K, capacity 34260K, committed 34528K, reserved 1079296K
  class space    used 3617K, capacity 3780K, committed 3836K, reserved 1048576K
2017-03-31T04:10:01.229+0200: 722.270: [GC (Allocation Failure) 2017-03-31T04:10:01.229+0200: 722.270: [ParNew
Desired survivor size 20112992 bytes, new threshold 8 (max 8)
- age   1:    5533288 bytes,    5533288 total
- age   2:     554136 bytes,    6087424 total
- age   3:     325536 bytes,    6412960 total
- age   4:     575728 bytes,    6988688 total
- age   5:      79768 bytes,    7068456 total
- age   6:      89280 bytes,    7157736 total
- age   7:     527720 bytes,    7685456 total
- age   8:      14280 bytes,    7699736 total
: 105701K->11117K(109248K), 0.0214817 secs] 120370K->25842K(502464K), 0.0215568 secs] [Times: user=0.02 sys=0.00, real=0.02 secs] 
Heap after GC invocations=22 (full 1):
 par new generation   total 109248K, used 11117K [0x00000000e0000000, 0x00000000e8000000, 0x00000000e8000000)
  eden space 87424K,   0% used [0x00000000e0000000, 0x00000000e0000000, 0x00000000e5560000)
  from space 21824K,  50% used [0x00000000e5560000, 0x00000000e603b6b0, 0x00000000e6ab0000)
  to   space 21824K,   0% used [0x00000000e6ab0000, 0x00000000e6ab0000, 0x00000000e8000000)
 concurrent mark-sweep generation total 393216K, used 14724K [0x00000000e8000000, 0x0000000100000000, 0x0000000100000000)
 Metaspace       used 33710K, capacity 34260K, committed 34528K, reserved 1079296K
  class space    used 3617K, capacity 3780K, committed 3836K, reserved 1048576K
}
2017-03-31T04:10:01.251+0200: 722.291: Total time for which application threads were stopped: 0.0217368 seconds, Stopping threads took: 0.0000202 seconds
2017-03-31T04:10:02.252+0200: 723.293: Total time for which application threads were stopped: 0.0003528 seconds, Stopping threads took: 0.0000298 seconds
2017-03-31T04:10:03.253+0200: 724.293: Total time for which application threads were stopped: 0.0001149 seconds, Stopping threads took: 0.0000441 seconds
2017-03-31T04:10:04.253+0200: 725.294: Total time for which application threads were stopped: 0.0000866 seconds, Stopping threads took: 0.0000211 seconds
2017-03-31T04:10:05.254+0200: 726.295: Total time for which application threads were stopped: 0.0001241 seconds, Stopping threads took: 0.0000252 seconds
{Heap before GC invocations=22 (full 1):
 par new generation   total 109248K, used 98528K [0x00000000e0000000, 0x00000000e8000000, 0x00000000e8000000)
  eden space 87424K,  99% used [0x00000000e0000000, 0x00000000e555cc98, 0x00000000e5560000)
  from space 21824K,  50% used [0x00000000e5560000, 0x00000000e603b6b0, 0x00000000e6ab0000)
  to   space 21824K,   0% used [0x00000000e6ab0000, 0x00000000e6ab0000, 0x00000000e8000000)
 concurrent mark-sweep generation total 393216K, used 14724K [0x00000000e8000000, 0x0000000100000000, 0x0000000100000000)
 Metaspace       used 33710K, capacity 34260K, committed 34528K, reserved 1079296K
  class space    used 3617K, capacity 3780K, committed 3836K, reserved 1048576K
2017-03-31T04:10:06.126+0200: 727.167: [GC (Allocation Failure) 2017-03-31T04:10:06.126+0200: 727.167: [ParNew
Desired survivor size 20112992 bytes, new threshold 8 (max 8)
- age   1:    5711600 bytes,    5711600 total
- age   2:    5119448 bytes,   10831048 total
- age   3:     494256 bytes,   11325304 total
- age   4:     276192 bytes,   11601496 total
- age   5:     574912 bytes,   12176408 total
- age   6:      78216 bytes,   12254624 total
- age   7:      87960 bytes,   12342584 total
- age   8:     522032 bytes,   12864616 total
: 98528K->16354K(109248K), 0.0359859 secs] 113253K->31092K(502464K), 0.0360687 secs] [Times: user=0.03 sys=0.00, real=0.04 secs] 
Heap after GC invocations=23 (full 1):
 par new generation   total 109248K, used 16354K [0x00000000e0000000, 0x00000000e8000000, 0x00000000e8000000)
  eden space 87424K,   0% used [0x00000000e0000000, 0x00000000e0000000, 0x00000000e5560000)
  from space 21824K,  74% used [0x00000000e6ab0000, 0x00000000e7aa89a0, 0x00000000e8000000)
  to   space 21824K,   0% used [0x00000000e5560000, 0x00000000e5560000, 0x00000000e6ab0000)
 concurrent mark-sweep generation total 393216K, used 14738K [0x00000000e8000000, 0x0000000100000000, 0x0000000100000000)
 Metaspace       used 33710K, capacity 34260K, committed 34528K, reserved 1079296K
  class space    used 3617K, capacity 3780K, committed 3836K, reserved 1048576K
}
2017-03-31T04:10:06.162+0200: 727.203: Total time for which application threads were stopped: 0.0362514 seconds, Stopping threads took: 0.0000206 seconds
2017-03-31T04:10:07.163+0200: 728.203: Total time for which application threads were stopped: 0.0001123 seconds, Stopping threads took: 0.0000253 seconds
2017-03-31T04:10:08.163+0200: 729.204: Total time for which application threads were stopped: 0.0000937 seconds, Stopping threads took: 0.0000235 seconds
2017-03-31T04:10:09.163+0200: 730.204: Total time for which application threads were stopped: 0.0000913 seconds, Stopping threads took: 0.0000255 seconds
2017-03-31T04:10:11.169+0200: 732.210: Total time for which application threads were stopped: 0.0001001 seconds, Stopping threads took: 0.0000249 seconds
{Heap before GC invocations=23 (full 1):
 par new generation   total 109248K, used 103778K [0x00000000e0000000, 0x00000000e8000000, 0x00000000e8000000)
  eden space 87424K, 100% used [0x00000000e0000000, 0x00000000e5560000, 0x00000000e5560000)
  from space 21824K,  74% used [0x00000000e6ab0000, 0x00000000e7aa89a0, 0x00000000e8000000)
  to   space 21824K,   0% used [0x00000000e5560000, 0x00000000e5560000, 0x00000000e6ab0000)
 concurrent mark-sweep generation total 393216K, used 14738K [0x00000000e8000000, 0x0000000100000000, 0x0000000100000000)
 Metaspace       used 33710K, capacity 34260K, committed 34528K, reserved 1079296K
  class space    used 3617K, capacity 3780K, committed 3836K, reserved 1048576K
2017-03-31T04:10:11.590+0200: 732.630: [GC (Allocation Failure) 2017-03-31T04:10:11.590+0200: 732.630: [ParNew
Desired survivor size 20112992 bytes, new threshold 8 (max 8)
- age   1:    6505648 bytes,    6505648 total
- age   2:    4090440 bytes,   10596088 total
- age   3:    2521768 bytes,   13117856 total
- age   4:     492848 bytes,   13610704 total
- age   5:     274752 bytes,   13885456 total
- age   6:     573856 bytes,   14459312 total
- age   7:      77184 bytes,   14536496 total
- age   8:      86792 bytes,   14623288 total
: 103778K->17638K(109248K), 0.0349028 secs] 118516K->32864K(502464K), 0.0349727 secs] [Times: user=0.03 sys=0.01, real=0.03 secs] 
Heap after GC invocations=24 (full 1):
 par new generation   total 109248K, used 17638K [0x00000000e0000000, 0x00000000e8000000, 0x00000000e8000000)
  eden space 87424K,   0% used [0x00000000e0000000, 0x00000000e0000000, 0x00000000e5560000)
  from space 21824K,  80% used [0x00000000e5560000, 0x00000000e6699820, 0x00000000e6ab0000)
  to   space 21824K,   0% used [0x00000000e6ab0000, 0x00000000e6ab0000, 0x00000000e8000000)
 concurrent mark-sweep generation total 393216K, used 15226K [0x00000000e8000000, 0x0000000100000000, 0x0000000100000000)
 Metaspace       used 33710K, capacity 34260K, committed 34528K, reserved 1079296K
  class space    used 3617K, capacity 3780K, committed 3836K, reserved 1048576K
}
2017-03-31T04:10:11.625+0200: 732.665: Total time for which application threads were stopped: 0.0351539 seconds, Stopping threads took: 0.0000196 seconds
2017-03-31T04:10:12.332+0200: 733.372: Total time for which application threads were stopped: 0.0001152 seconds, Stopping threads took: 0.0000376 seconds
2017-03-31T04:10:12.365+0200: 733.406: Total time for which application threads were stopped: 0.0020538 seconds, Stopping threads took: 0.0019595 seconds
2017-03-31T04:10:12.434+0200: 733.475: Total time for which application threads were stopped: 0.0002710 seconds, Stopping threads took: 0.0000374 seconds
2017-03-31T04:10:12.434+0200: 733.475: Total time for which application threads were stopped: 0.0001099 seconds, Stopping threads took: 0.0000250 seconds
2017-03-31T04:10:12.477+0200: 733.518: Total time for which application threads were stopped: 0.0002727 seconds, Stopping threads took: 0.0001533 seconds
2017-03-31T04:10:12.477+0200: 733.518: Total time for which application threads were stopped: 0.0002343 seconds, Stopping threads took: 0.0000214 seconds
2017-03-31T04:10:12.478+0200: 733.518: Total time for which application threads were stopped: 0.0001792 seconds, Stopping threads took: 0.0000110 seconds
2017-03-31T04:10:12.528+0200: 733.569: Total time for which application threads were stopped: 0.0001139 seconds, Stopping threads took: 0.0000318 seconds
2017-03-31T04:10:12.554+0200: 733.595: Total time for which application threads were stopped: 0.0001937 seconds, Stopping threads took: 0.0000610 seconds
2017-03-31T04:10:12.555+0200: 733.596: Total time for which application threads were stopped: 0.0000665 seconds, Stopping threads took: 0.0000108 seconds
2017-03-31T04:10:12.569+0200: 733.610: Total time for which application threads were stopped: 0.0001154 seconds, Stopping threads took: 0.0000348 seconds
2017-03-31T04:10:13.934+0200: 734.975: Total time for which application threads were stopped: 0.0001420 seconds, Stopping threads took: 0.0000192 seconds
2017-03-31T04:10:13.936+0200: 734.977: Total time for which application threads were stopped: 0.0001062 seconds, Stopping threads took: 0.0000282 seconds
2017-03-31T04:10:13.936+0200: 734.977: Total time for which application threads were stopped: 0.0001252 seconds, Stopping threads took: 0.0000137 seconds
2017-03-31T04:10:13.940+0200: 734.981: Total time for which application threads were stopped: 0.0001370 seconds, Stopping threads took: 0.0000610 seconds
2017-03-31T04:10:13.981+0200: 735.021: Total time for which application threads were stopped: 0.0001853 seconds, Stopping threads took: 0.0000215 seconds
2017-03-31T04:10:13.981+0200: 735.022: Total time for which application threads were stopped: 0.0000497 seconds, Stopping threads took: 0.0000124 seconds
2017-03-31T04:10:13.981+0200: 735.022: Total time for which application threads were stopped: 0.0000411 seconds, Stopping threads took: 0.0000112 seconds
2017-03-31T04:10:13.981+0200: 735.022: Total time for which application threads were stopped: 0.0001148 seconds, Stopping threads took: 0.0000103 seconds
2017-03-31T04:10:13.989+0200: 735.030: Total time for which application threads were stopped: 0.0001261 seconds, Stopping threads took: 0.0000252 seconds
2017-03-31T04:10:13.989+0200: 735.030: Total time for which application threads were stopped: 0.0001609 seconds, Stopping threads took: 0.0000074 seconds
2017-03-31T04:10:13.996+0200: 735.037: Total time for which application threads were stopped: 0.0000956 seconds, Stopping threads took: 0.0000185 seconds
2017-03-31T04:10:13.997+0200: 735.037: Total time for which application threads were stopped: 0.0000518 seconds, Stopping threads took: 0.0000063 seconds
2017-03-31T04:10:13.997+0200: 735.037: Total time for which application threads were stopped: 0.0000402 seconds, Stopping threads took: 0.0000061 seconds
2017-03-31T04:10:13.998+0200: 735.038: Total time for which application threads were stopped: 0.0001020 seconds, Stopping threads took: 0.0000200 seconds
{Heap before GC invocations=24 (full 1):
 par new generation   total 109248K, used 105062K [0x00000000e0000000, 0x00000000e8000000, 0x00000000e8000000)
  eden space 87424K, 100% used [0x00000000e0000000, 0x00000000e5560000, 0x00000000e5560000)
  from space 21824K,  80% used [0x00000000e5560000, 0x00000000e6699820, 0x00000000e6ab0000)
  to   space 21824K,   0% used [0x00000000e6ab0000, 0x00000000e6ab0000, 0x00000000e8000000)
 concurrent mark-sweep generation total 393216K, used 15226K [0x00000000e8000000, 0x0000000100000000, 0x0000000100000000)
 Metaspace       used 33731K, capacity 34266K, committed 34528K, reserved 1079296K
  class space    used 3618K, capacity 3781K, committed 3836K, reserved 1048576K
2017-03-31T04:10:14.133+0200: 735.174: [GC (Allocation Failure) 2017-03-31T04:10:14.133+0200: 735.174: [ParNew
Desired survivor size 20112992 bytes, new threshold 8 (max 8)
- age   1:    2596824 bytes,    2596824 total
- age   2:     179736 bytes,    2776560 total
- age   3:      72864 bytes,    2849424 total
- age   4:     782352 bytes,    3631776 total
- age   5:     492408 bytes,    4124184 total
- age   6:     274560 bytes,    4398744 total
- age   7:     496696 bytes,    4895440 total
- age   8:      76920 bytes,    4972360 total
: 105062K->12180K(109248K), 0.0238581 secs] 120288K->27491K(502464K), 0.0239431 secs] [Times: user=0.03 sys=0.00, real=0.02 secs] 
Heap after GC invocations=25 (full 1):
 par new generation   total 109248K, used 12180K [0x00000000e0000000, 0x00000000e8000000, 0x00000000e8000000)
  eden space 87424K,   0% used [0x00000000e0000000, 0x00000000e0000000, 0x00000000e5560000)
  from space 21824K,  55% used [0x00000000e6ab0000, 0x00000000e7695120, 0x00000000e8000000)
  to   space 21824K,   0% used [0x00000000e5560000, 0x00000000e5560000, 0x00000000e6ab0000)
 concurrent mark-sweep generation total 393216K, used 15311K [0x00000000e8000000, 0x0000000100000000, 0x0000000100000000)
 Metaspace       used 33731K, capacity 34266K, committed 34528K, reserved 1079296K
  class space    used 3618K, capacity 3781K, committed 3836K, reserved 1048576K
}
2017-03-31T04:10:14.157+0200: 735.198: Total time for which application threads were stopped: 0.0241440 seconds, Stopping threads took: 0.0000314 seconds
2017-03-31T04:10:14.159+0200: 735.200: Total time for which application threads were stopped: 0.0001930 seconds, Stopping threads took: 0.0000336 seconds
2017-03-31T04:10:14.344+0200: 735.385: Total time for which application threads were stopped: 0.0001010 seconds, Stopping threads took: 0.0000181 seconds
2017-03-31T04:10:14.352+0200: 735.393: Total time for which application threads were stopped: 0.0001712 seconds, Stopping threads took: 0.0000388 seconds
2017-03-31T04:10:14.352+0200: 735.393: Total time for which application threads were stopped: 0.0001115 seconds, Stopping threads took: 0.0000140 seconds
2017-03-31T04:10:14.356+0200: 735.397: Total time for which application threads were stopped: 0.0001143 seconds, Stopping threads took: 0.0000322 seconds
2017-03-31T04:10:14.356+0200: 735.397: Total time for which application threads were stopped: 0.0000733 seconds, Stopping threads took: 0.0000171 seconds
2017-03-31T04:10:14.356+0200: 735.397: Total time for which application threads were stopped: 0.0000659 seconds, Stopping threads took: 0.0000142 seconds
2017-03-31T04:10:14.359+0200: 735.400: Total time for which application threads were stopped: 0.0001026 seconds, Stopping threads took: 0.0000291 seconds
2017-03-31T04:10:14.359+0200: 735.400: Total time for which application threads were stopped: 0.0000497 seconds, Stopping threads took: 0.0000128 seconds
2017-03-31T04:10:14.361+0200: 735.401: Total time for which application threads were stopped: 0.0001315 seconds, Stopping threads took: 0.0000238 seconds
2017-03-31T04:10:15.368+0200: 736.409: Total time for which application threads were stopped: 0.0033196 seconds, Stopping threads took: 0.0006760 seconds
2017-03-31T04:10:16.721+0200: 737.762: Total time for which application threads were stopped: 0.0000984 seconds, Stopping threads took: 0.0000196 seconds
2017-03-31T04:10:16.729+0200: 737.769: Total time for which application threads were stopped: 0.0002225 seconds, Stopping threads took: 0.0000643 seconds
2017-03-31T04:10:17.729+0200: 738.770: Total time for which application threads were stopped: 0.0002566 seconds, Stopping threads took: 0.0000291 seconds
2017-03-31T04:10:27.735+0200: 748.775: Total time for which application threads were stopped: 0.0001016 seconds, Stopping threads took: 0.0000300 seconds
2017-03-31T04:10:52.448+0200: 773.489: Total time for which application threads were stopped: 0.0001494 seconds, Stopping threads took: 0.0000415 seconds
2017-03-31T04:10:52.448+0200: 773.489: Total time for which application threads were stopped: 0.0000838 seconds, Stopping threads took: 0.0000130 seconds
2017-03-31T04:10:52.448+0200: 773.489: Total time for which application threads were stopped: 0.0000663 seconds, Stopping threads took: 0.0000098 seconds
2017-03-31T04:10:52.449+0200: 773.490: Total time for which application threads were stopped: 0.0001226 seconds, Stopping threads took: 0.0000081 seconds
2017-03-31T04:10:52.487+0200: 773.528: Total time for which application threads were stopped: 0.0000956 seconds, Stopping threads took: 0.0000256 seconds
2017-03-31T04:10:52.503+0200: 773.544: Total time for which application threads were stopped: 0.0001160 seconds, Stopping threads took: 0.0000210 seconds
2017-03-31T04:10:52.503+0200: 773.544: Total time for which application threads were stopped: 0.0000911 seconds, Stopping threads took: 0.0000155 seconds
2017-03-31T04:10:52.504+0200: 773.544: Total time for which application threads were stopped: 0.0000672 seconds, Stopping threads took: 0.0000096 seconds
2017-03-31T04:10:53.507+0200: 774.548: Total time for which application threads were stopped: 0.0001686 seconds, Stopping threads took: 0.0000257 seconds
2017-03-31T04:10:54.507+0200: 775.548: Total time for which application threads were stopped: 0.0000942 seconds, Stopping threads took: 0.0000266 seconds
2017-03-31T04:10:55.773+0200: 776.814: Total time for which application threads were stopped: 0.0001163 seconds, Stopping threads took: 0.0000297 seconds
{Heap before GC invocations=25 (full 1):
 par new generation   total 109248K, used 99604K [0x00000000e0000000, 0x00000000e8000000, 0x00000000e8000000)
  eden space 87424K, 100% used [0x00000000e0000000, 0x00000000e5560000, 0x00000000e5560000)
  from space 21824K,  55% used [0x00000000e6ab0000, 0x00000000e7695120, 0x00000000e8000000)
  to   space 21824K,   0% used [0x00000000e5560000, 0x00000000e5560000, 0x00000000e6ab0000)
 concurrent mark-sweep generation total 393216K, used 15311K [0x00000000e8000000, 0x0000000100000000, 0x0000000100000000)
 Metaspace       used 33752K, capacity 34330K, committed 34528K, reserved 1079296K
  class space    used 3618K, capacity 3781K, committed 3836K, reserved 1048576K
2017-03-31T04:10:55.774+0200: 776.815: [GC (Allocation Failure) 2017-03-31T04:10:55.774+0200: 776.815: [ParNew
Desired survivor size 20112992 bytes, new threshold 8 (max 8)
- age   1:    5798472 bytes,    5798472 total
- age   2:     100536 bytes,    5899008 total
- age   3:     106480 bytes,    6005488 total
- age   4:      43944 bytes,    6049432 total
- age   5:     109760 bytes,    6159192 total
- age   6:      50408 bytes,    6209600 total
- age   7:      57712 bytes,    6267312 total
- age   8:      39784 bytes,    6307096 total
: 99604K->8490K(109248K), 0.0275914 secs] 114915K->23876K(502464K), 0.0276782 secs] [Times: user=0.03 sys=0.00, real=0.03 secs] 
Heap after GC invocations=26 (full 1):
 par new generation   total 109248K, used 8490K [0x00000000e0000000, 0x00000000e8000000, 0x00000000e8000000)
  eden space 87424K,   0% used [0x00000000e0000000, 0x00000000e0000000, 0x00000000e5560000)
  from space 21824K,  38% used [0x00000000e5560000, 0x00000000e5daa8f0, 0x00000000e6ab0000)
  to   space 21824K,   0% used [0x00000000e6ab0000, 0x00000000e6ab0000, 0x00000000e8000000)
 concurrent mark-sweep generation total 393216K, used 15386K [0x00000000e8000000, 0x0000000100000000, 0x0000000100000000)
 Metaspace       used 33752K, capacity 34330K, committed 34528K, reserved 1079296K
  class space    used 3618K, capacity 3781K, committed 3836K, reserved 1048576K
}
2017-03-31T04:10:55.802+0200: 776.843: Total time for which application threads were stopped: 0.0279428 seconds, Stopping threads took: 0.0000225 seconds
2017-03-31T04:10:55.806+0200: 776.847: Total time for which application threads were stopped: 0.0000849 seconds, Stopping threads took: 0.0000197 seconds
2017-03-31T04:10:55.823+0200: 776.864: Total time for which application threads were stopped: 0.0001060 seconds, Stopping threads took: 0.0000274 seconds
2017-03-31T04:10:55.872+0200: 776.913: Total time for which application threads were stopped: 0.0001565 seconds, Stopping threads took: 0.0000287 seconds
2017-03-31T04:10:55.872+0200: 776.913: Total time for which application threads were stopped: 0.0000600 seconds, Stopping threads took: 0.0000074 seconds
2017-03-31T04:10:55.874+0200: 776.915: Total time for which application threads were stopped: 0.0001060 seconds, Stopping threads took: 0.0000288 seconds
2017-03-31T04:10:55.877+0200: 776.918: Total time for which application threads were stopped: 0.0000992 seconds, Stopping threads took: 0.0000175 seconds
2017-03-31T04:10:55.877+0200: 776.918: Total time for which application threads were stopped: 0.0000612 seconds, Stopping threads took: 0.0000060 seconds
2017-03-31T04:10:55.882+0200: 776.923: Total time for which application threads were stopped: 0.0001284 seconds, Stopping threads took: 0.0000264 seconds
2017-03-31T04:10:56.099+0200: 777.139: Total time for which application threads were stopped: 0.0001373 seconds, Stopping threads took: 0.0000331 seconds
2017-03-31T04:10:56.109+0200: 777.149: Total time for which application threads were stopped: 0.0001444 seconds, Stopping threads took: 0.0000328 seconds
{Heap before GC invocations=26 (full 1):
 par new generation   total 109248K, used 95914K [0x00000000e0000000, 0x00000000e8000000, 0x00000000e8000000)
  eden space 87424K, 100% used [0x00000000e0000000, 0x00000000e5560000, 0x00000000e5560000)
  from space 21824K,  38% used [0x00000000e5560000, 0x00000000e5daa8f0, 0x00000000e6ab0000)
  to   space 21824K,   0% used [0x00000000e6ab0000, 0x00000000e6ab0000, 0x00000000e8000000)
 concurrent mark-sweep generation total 393216K, used 15386K [0x00000000e8000000, 0x0000000100000000, 0x0000000100000000)
 Metaspace       used 33778K, capacity 34336K, committed 34528K, reserved 1079296K
  class space    used 3619K, capacity 3782K, committed 3836K, reserved 1048576K
2017-03-31T04:10:56.184+0200: 777.225: [GC (Allocation Failure) 2017-03-31T04:10:56.184+0200: 777.225: [ParNew
Desired survivor size 20112992 bytes, new threshold 8 (max 8)
- age   1:    3600416 bytes,    3600416 total
- age   2:     584520 bytes,    4184936 total
- age   3:      89400 bytes,    4274336 total
- age   4:     106480 bytes,    4380816 total
- age   5:      43944 bytes,    4424760 total
- age   6:     105408 bytes,    4530168 total
- age   7:      49976 bytes,    4580144 total
- age   8:      57712 bytes,    4637856 total
: 95914K->7319K(109248K), 0.0200831 secs] 111300K->22741K(502464K), 0.0201670 secs] [Times: user=0.02 sys=0.00, real=0.01 secs] 
Heap after GC invocations=27 (full 1):
 par new generation   total 109248K, used 7319K [0x00000000e0000000, 0x00000000e8000000, 0x00000000e8000000)
  eden space 87424K,   0% used [0x00000000e0000000, 0x00000000e0000000, 0x00000000e5560000)
  from space 21824K,  33% used [0x00000000e6ab0000, 0x00000000e71d5dd8, 0x00000000e8000000)
  to   space 21824K,   0% used [0x00000000e5560000, 0x00000000e5560000, 0x00000000e6ab0000)
 concurrent mark-sweep generation total 393216K, used 15422K [0x00000000e8000000, 0x0000000100000000, 0x0000000100000000)
 Metaspace       used 33778K, capacity 34336K, committed 34528K, reserved 1079296K
  class space    used 3619K, capacity 3782K, committed 3836K, reserved 1048576K
}
2017-03-31T04:10:56.205+0200: 777.245: Total time for which application threads were stopped: 0.0203796 seconds, Stopping threads took: 0.0000519 seconds
2017-03-31T04:10:56.228+0200: 777.269: Total time for which application threads were stopped: 0.0001091 seconds, Stopping threads took: 0.0000323 seconds
2017-03-31T04:10:56.268+0200: 777.309: Total time for which application threads were stopped: 0.0001350 seconds, Stopping threads took: 0.0000282 seconds
2017-03-31T04:10:56.268+0200: 777.309: Total time for which application threads were stopped: 0.0000597 seconds, Stopping threads took: 0.0000072 seconds
2017-03-31T04:10:56.272+0200: 777.313: Total time for which application threads were stopped: 0.0000940 seconds, Stopping threads took: 0.0000284 seconds
2017-03-31T04:10:56.272+0200: 777.313: Total time for which application threads were stopped: 0.0001547 seconds, Stopping threads took: 0.0000115 seconds
2017-03-31T04:10:56.272+0200: 777.313: Total time for which application threads were stopped: 0.0000468 seconds, Stopping threads took: 0.0000119 seconds
2017-03-31T04:10:56.273+0200: 777.314: Total time for which application threads were stopped: 0.0001456 seconds, Stopping threads took: 0.0000339 seconds
2017-03-31T04:10:56.273+0200: 777.314: Total time for which application threads were stopped: 0.0000798 seconds, Stopping threads took: 0.0000176 seconds
2017-03-31T04:11:02.840+0200: 783.881: Total time for which application threads were stopped: 0.0001441 seconds, Stopping threads took: 0.0000254 seconds
2017-03-31T04:11:02.845+0200: 783.886: Total time for which application threads were stopped: 0.0001437 seconds, Stopping threads took: 0.0000308 seconds
2017-03-31T04:11:03.850+0200: 784.891: Total time for which application threads were stopped: 0.0001383 seconds, Stopping threads took: 0.0000534 seconds
2017-03-31T04:11:48.992+0200: 830.033: Total time for which application threads were stopped: 0.0001167 seconds, Stopping threads took: 0.0000346 seconds
2017-03-31T04:11:48.992+0200: 830.033: Total time for which application threads were stopped: 0.0000425 seconds, Stopping threads took: 0.0000069 seconds
2017-03-31T04:11:48.992+0200: 830.033: Total time for which application threads were stopped: 0.0000416 seconds, Stopping threads took: 0.0000067 seconds
2017-03-31T04:11:48.993+0200: 830.034: Total time for which application threads were stopped: 0.0000360 seconds, Stopping threads took: 0.0000062 seconds
2017-03-31T04:11:49.080+0200: 830.121: Total time for which application threads were stopped: 0.0001037 seconds, Stopping threads took: 0.0000188 seconds
2017-03-31T04:11:49.080+0200: 830.121: Total time for which application threads were stopped: 0.0000429 seconds, Stopping threads took: 0.0000068 seconds
2017-03-31T04:11:49.081+0200: 830.121: Total time for which application threads were stopped: 0.0000372 seconds, Stopping threads took: 0.0000058 seconds
2017-03-31T04:11:50.081+0200: 831.122: Total time for which application threads were stopped: 0.0000972 seconds, Stopping threads took: 0.0000329 seconds
2017-03-31T04:11:51.086+0200: 832.127: Total time for which application threads were stopped: 0.0001052 seconds, Stopping threads took: 0.0000235 seconds
{Heap before GC invocations=27 (full 1):
 par new generation   total 109248K, used 94743K [0x00000000e0000000, 0x00000000e8000000, 0x00000000e8000000)
  eden space 87424K, 100% used [0x00000000e0000000, 0x00000000e5560000, 0x00000000e5560000)
  from space 21824K,  33% used [0x00000000e6ab0000, 0x00000000e71d5dd8, 0x00000000e8000000)
  to   space 21824K,   0% used [0x00000000e5560000, 0x00000000e5560000, 0x00000000e6ab0000)
 concurrent mark-sweep generation total 393216K, used 15422K [0x00000000e8000000, 0x0000000100000000, 0x0000000100000000)
 Metaspace       used 33794K, capacity 34336K, committed 34528K, reserved 1079296K
  class space    used 3619K, capacity 3782K, committed 3836K, reserved 1048576K
2017-03-31T04:11:52.397+0200: 833.438: [GC (Allocation Failure) 2017-03-31T04:11:52.397+0200: 833.438: [ParNew
Desired survivor size 20112992 bytes, new threshold 8 (max 8)
- age   1:    7338752 bytes,    7338752 total
- age   2:      10032 bytes,    7348784 total
- age   3:     121224 bytes,    7470008 total
- age   4:      88184 bytes,    7558192 total
- age   5:      94720 bytes,    7652912 total
- age   6:      42456 bytes,    7695368 total
- age   7:     104688 bytes,    7800056 total
- age   8:      48584 bytes,    7848640 total
: 94743K->8755K(109248K), 0.0235941 secs] 110165K->24232K(502464K), 0.0236498 secs] [Times: user=0.02 sys=0.00, real=0.02 secs] 
Heap after GC invocations=28 (full 1):
 par new generation   total 109248K, used 8755K [0x00000000e0000000, 0x00000000e8000000, 0x00000000e8000000)
  eden space 87424K,   0% used [0x00000000e0000000, 0x00000000e0000000, 0x00000000e5560000)
  from space 21824K,  40% used [0x00000000e5560000, 0x00000000e5decc20, 0x00000000e6ab0000)
  to   space 21824K,   0% used [0x00000000e6ab0000, 0x00000000e6ab0000, 0x00000000e8000000)
 concurrent mark-sweep generation total 393216K, used 15477K [0x00000000e8000000, 0x0000000100000000, 0x0000000100000000)
 Metaspace       used 33794K, capacity 34336K, committed 34528K, reserved 1079296K
  class space    used 3619K, capacity 3782K, committed 3836K, reserved 1048576K
}
2017-03-31T04:11:52.421+0200: 833.462: Total time for which application threads were stopped: 0.0238536 seconds, Stopping threads took: 0.0000224 seconds
2017-03-31T04:11:53.422+0200: 834.463: Total time for which application threads were stopped: 0.0000861 seconds, Stopping threads took: 0.0000216 seconds
2017-03-31T04:11:55.423+0200: 836.464: Total time for which application threads were stopped: 0.0000740 seconds, Stopping threads took: 0.0000208 seconds
{Heap before GC invocations=28 (full 1):
 par new generation   total 109248K, used 96179K [0x00000000e0000000, 0x00000000e8000000, 0x00000000e8000000)
  eden space 87424K, 100% used [0x00000000e0000000, 0x00000000e5560000, 0x00000000e5560000)
  from space 21824K,  40% used [0x00000000e5560000, 0x00000000e5decc20, 0x00000000e6ab0000)
  to   space 21824K,   0% used [0x00000000e6ab0000, 0x00000000e6ab0000, 0x00000000e8000000)
 concurrent mark-sweep generation total 393216K, used 15477K [0x00000000e8000000, 0x0000000100000000, 0x0000000100000000)
 Metaspace       used 33794K, capacity 34336K, committed 34528K, reserved 1079296K
  class space    used 3619K, capacity 3782K, committed 3836K, reserved 1048576K
2017-03-31T04:11:57.752+0200: 838.793: [GC (Allocation Failure) 2017-03-31T04:11:57.752+0200: 838.793: [ParNew
Desired survivor size 20112992 bytes, new threshold 8 (max 8)
- age   1:    5329504 bytes,    5329504 total
- age   2:    6091280 bytes,   11420784 total
- age   3:       8696 bytes,   11429480 total
- age   4:     108856 bytes,   11538336 total
- age   5:      86680 bytes,   11625016 total
- age   6:      67720 bytes,   11692736 total
- age   7:      40296 bytes,   11733032 total
- age   8:     103416 bytes,   11836448 total
: 96179K->15587K(109248K), 0.0666930 secs] 111656K->31110K(502464K), 0.0667703 secs] [Times: user=0.04 sys=0.00, real=0.06 secs] 
Heap after GC invocations=29 (full 1):
 par new generation   total 109248K, used 15587K [0x00000000e0000000, 0x00000000e8000000, 0x00000000e8000000)
  eden space 87424K,   0% used [0x00000000e0000000, 0x00000000e0000000, 0x00000000e5560000)
  from space 21824K,  71% used [0x00000000e6ab0000, 0x00000000e79e8d10, 0x00000000e8000000)
  to   space 21824K,   0% used [0x00000000e5560000, 0x00000000e5560000, 0x00000000e6ab0000)
 concurrent mark-sweep generation total 393216K, used 15523K [0x00000000e8000000, 0x0000000100000000, 0x0000000100000000)
 Metaspace       used 33794K, capacity 34336K, committed 34528K, reserved 1079296K
  class space    used 3619K, capacity 3782K, committed 3836K, reserved 1048576K
}
2017-03-31T04:11:57.819+0200: 838.860: Total time for which application threads were stopped: 0.0669594 seconds, Stopping threads took: 0.0000324 seconds
2017-03-31T04:11:58.820+0200: 839.861: Total time for which application threads were stopped: 0.0000726 seconds, Stopping threads took: 0.0000184 seconds
2017-03-31T04:11:59.820+0200: 840.861: Total time for which application threads were stopped: 0.0000875 seconds, Stopping threads took: 0.0000237 seconds
2017-03-31T04:12:00.821+0200: 841.862: Total time for which application threads were stopped: 0.0000842 seconds, Stopping threads took: 0.0000230 seconds
2017-03-31T04:12:02.822+0200: 843.863: Total time for which application threads were stopped: 0.0000797 seconds, Stopping threads took: 0.0000213 seconds
{Heap before GC invocations=29 (full 1):
 par new generation   total 109248K, used 103011K [0x00000000e0000000, 0x00000000e8000000, 0x00000000e8000000)
  eden space 87424K, 100% used [0x00000000e0000000, 0x00000000e5560000, 0x00000000e5560000)
  from space 21824K,  71% used [0x00000000e6ab0000, 0x00000000e79e8d10, 0x00000000e8000000)
  to   space 21824K,   0% used [0x00000000e5560000, 0x00000000e5560000, 0x00000000e6ab0000)
 concurrent mark-sweep generation total 393216K, used 15523K [0x00000000e8000000, 0x0000000100000000, 0x0000000100000000)
 Metaspace       used 33795K, capacity 34336K, committed 34528K, reserved 1079296K
  class space    used 3619K, capacity 3782K, committed 3836K, reserved 1048576K
2017-03-31T04:12:03.002+0200: 844.043: [GC (Allocation Failure) 2017-03-31T04:12:03.002+0200: 844.043: [ParNew
Desired survivor size 20112992 bytes, new threshold 8 (max 8)
- age   1:    6217032 bytes,    6217032 total
- age   2:    3958064 bytes,   10175096 total
- age   3:    2927832 bytes,   13102928 total
- age   4:       8696 bytes,   13111624 total
- age   5:     108424 bytes,   13220048 total
- age   6:      86368 bytes,   13306416 total
- age   7:      66520 bytes,   13372936 total
- age   8:      39048 bytes,   13411984 total
: 103011K->16206K(109248K), 0.0416354 secs] 118534K->31830K(502464K), 0.0417055 secs] [Times: user=0.03 sys=0.00, real=0.04 secs] 
Heap after GC invocations=30 (full 1):
 par new generation   total 109248K, used 16206K [0x00000000e0000000, 0x00000000e8000000, 0x00000000e8000000)
  eden space 87424K,   0% used [0x00000000e0000000, 0x00000000e0000000, 0x00000000e5560000)
  from space 21824K,  74% used [0x00000000e5560000, 0x00000000e6533b20, 0x00000000e6ab0000)
  to   space 21824K,   0% used [0x00000000e6ab0000, 0x00000000e6ab0000, 0x00000000e8000000)
 concurrent mark-sweep generation total 393216K, used 15624K [0x00000000e8000000, 0x0000000100000000, 0x0000000100000000)
 Metaspace       used 33795K, capacity 34336K, committed 34528K, reserved 1079296K
  class space    used 3619K, capacity 3782K, committed 3836K, reserved 1048576K
}
2017-03-31T04:12:03.044+0200: 844.085: Total time for which application threads were stopped: 0.0418753 seconds, Stopping threads took: 0.0000199 seconds
2017-03-31T04:12:04.045+0200: 845.086: Total time for which application threads were stopped: 0.0000932 seconds, Stopping threads took: 0.0000397 seconds
2017-03-31T04:12:04.064+0200: 845.104: Total time for which application threads were stopped: 0.0001045 seconds, Stopping threads took: 0.0000339 seconds
2017-03-31T04:12:04.164+0200: 845.205: Total time for which application threads were stopped: 0.0077498 seconds, Stopping threads took: 0.0075685 seconds
2017-03-31T04:12:04.164+0200: 845.205: Total time for which application threads were stopped: 0.0000678 seconds, Stopping threads took: 0.0000116 seconds
2017-03-31T04:12:04.164+0200: 845.205: Total time for which application threads were stopped: 0.0000440 seconds, Stopping threads took: 0.0000063 seconds
2017-03-31T04:12:04.266+0200: 845.307: Total time for which application threads were stopped: 0.0000907 seconds, Stopping threads took: 0.0000305 seconds
2017-03-31T04:12:04.304+0200: 845.345: Total time for which application threads were stopped: 0.0000704 seconds, Stopping threads took: 0.0000171 seconds
2017-03-31T04:12:04.320+0200: 845.360: Total time for which application threads were stopped: 0.0043507 seconds, Stopping threads took: 0.0042459 seconds
2017-03-31T04:12:04.320+0200: 845.361: Total time for which application threads were stopped: 0.0000574 seconds, Stopping threads took: 0.0000097 seconds
2017-03-31T04:12:04.332+0200: 845.373: Total time for which application threads were stopped: 0.0001021 seconds, Stopping threads took: 0.0000289 seconds
2017-03-31T04:12:04.333+0200: 845.374: Total time for which application threads were stopped: 0.0001386 seconds, Stopping threads took: 0.0000711 seconds
2017-03-31T04:12:04.335+0200: 845.376: Total time for which application threads were stopped: 0.0001006 seconds, Stopping threads took: 0.0000371 seconds
2017-03-31T04:12:05.336+0200: 846.377: Total time for which application threads were stopped: 0.0000763 seconds, Stopping threads took: 0.0000215 seconds
2017-03-31T04:12:06.337+0200: 847.378: Total time for which application threads were stopped: 0.0000895 seconds, Stopping threads took: 0.0000214 seconds
{Heap before GC invocations=30 (full 1):
 par new generation   total 109248K, used 103630K [0x00000000e0000000, 0x00000000e8000000, 0x00000000e8000000)
  eden space 87424K, 100% used [0x00000000e0000000, 0x00000000e5560000, 0x00000000e5560000)
  from space 21824K,  74% used [0x00000000e5560000, 0x00000000e6533b20, 0x00000000e6ab0000)
  to   space 21824K,   0% used [0x00000000e6ab0000, 0x00000000e6ab0000, 0x00000000e8000000)
 concurrent mark-sweep generation total 393216K, used 15624K [0x00000000e8000000, 0x0000000100000000, 0x0000000100000000)
 Metaspace       used 33797K, capacity 34336K, committed 34528K, reserved 1079296K
  class space    used 3619K, capacity 3782K, committed 3836K, reserved 1048576K
2017-03-31T04:12:06.677+0200: 847.718: [GC (Allocation Failure) 2017-03-31T04:12:06.677+0200: 847.718: [ParNew
Desired survivor size 20112992 bytes, new threshold 8 (max 8)
- age   1:    4735664 bytes,    4735664 total
- age   2:    4483896 bytes,    9219560 total
- age   3:    1189432 bytes,   10408992 total
- age   4:     876984 bytes,   11285976 total
- age   5:       8624 bytes,   11294600 total
- age   6:      34408 bytes,   11329008 total
- age   7:      12272 bytes,   11341280 total
- age   8:      66040 bytes,   11407320 total
: 103630K->16908K(109248K), 0.0382951 secs] 119254K->32570K(502464K), 0.0383704 secs] [Times: user=0.04 sys=0.00, real=0.04 secs] 
Heap after GC invocations=31 (full 1):
 par new generation   total 109248K, used 16908K [0x00000000e0000000, 0x00000000e8000000, 0x00000000e8000000)
  eden space 87424K,   0% used [0x00000000e0000000, 0x00000000e0000000, 0x00000000e5560000)
  from space 21824K,  77% used [0x00000000e6ab0000, 0x00000000e7b33390, 0x00000000e8000000)
  to   space 21824K,   0% used [0x00000000e5560000, 0x00000000e5560000, 0x00000000e6ab0000)
 concurrent mark-sweep generation total 393216K, used 15661K [0x00000000e8000000, 0x0000000100000000, 0x0000000100000000)
 Metaspace       used 33797K, capacity 34336K, committed 34528K, reserved 1079296K
  class space    used 3619K, capacity 3782K, committed 3836K, reserved 1048576K
}
2017-03-31T04:12:06.716+0200: 847.757: Total time for which application threads were stopped: 0.0385288 seconds, Stopping threads took: 0.0000182 seconds
2017-03-31T04:12:07.718+0200: 848.759: Total time for which application threads were stopped: 0.0000880 seconds, Stopping threads took: 0.0000237 seconds
2017-03-31T04:12:08.718+0200: 849.759: Total time for which application threads were stopped: 0.0000829 seconds, Stopping threads took: 0.0000225 seconds
2017-03-31T04:12:09.719+0200: 850.760: Total time for which application threads were stopped: 0.0001748 seconds, Stopping threads took: 0.0000236 seconds
2017-03-31T04:12:10.725+0200: 851.766: Total time for which application threads were stopped: 0.0000778 seconds, Stopping threads took: 0.0000215 seconds
2017-03-31T04:12:11.725+0200: 852.766: Total time for which application threads were stopped: 0.0000959 seconds, Stopping threads took: 0.0000279 seconds
{Heap before GC invocations=31 (full 1):
 par new generation   total 109248K, used 104332K [0x00000000e0000000, 0x00000000e8000000, 0x00000000e8000000)
  eden space 87424K, 100% used [0x00000000e0000000, 0x00000000e5560000, 0x00000000e5560000)
  from space 21824K,  77% used [0x00000000e6ab0000, 0x00000000e7b33390, 0x00000000e8000000)
  to   space 21824K,   0% used [0x00000000e5560000, 0x00000000e5560000, 0x00000000e6ab0000)
 concurrent mark-sweep generation total 393216K, used 15661K [0x00000000e8000000, 0x0000000100000000, 0x0000000100000000)
 Metaspace       used 33801K, capacity 34336K, committed 34528K, reserved 1079296K
  class space    used 3620K, capacity 3782K, committed 3836K, reserved 1048576K
2017-03-31T04:12:12.194+0200: 853.235: [GC (Allocation Failure) 2017-03-31T04:12:12.194+0200: 853.235: [ParNew
Desired survivor size 20112992 bytes, new threshold 8 (max 8)
- age   1:    6039904 bytes,    6039904 total
- age   2:    4033416 bytes,   10073320 total
- age   3:     980880 bytes,   11054200 total
- age   4:      98000 bytes,   11152200 total
- age   5:     525616 bytes,   11677816 total
- age   6:       8600 bytes,   11686416 total
- age   7:      34120 bytes,   11720536 total
- age   8:      12152 bytes,   11732688 total
: 104332K->14007K(109248K), 0.0348151 secs] 119994K->29733K(502464K), 0.0349779 secs] [Times: user=0.03 sys=0.00, real=0.04 secs] 
Heap after GC invocations=32 (full 1):
 par new generation   total 109248K, used 14007K [0x00000000e0000000, 0x00000000e8000000, 0x00000000e8000000)
  eden space 87424K,   0% used [0x00000000e0000000, 0x00000000e0000000, 0x00000000e5560000)
  from space 21824K,  64% used [0x00000000e5560000, 0x00000000e630df40, 0x00000000e6ab0000)
  to   space 21824K,   0% used [0x00000000e6ab0000, 0x00000000e6ab0000, 0x00000000e8000000)
 concurrent mark-sweep generation total 393216K, used 15725K [0x00000000e8000000, 0x0000000100000000, 0x0000000100000000)
 Metaspace       used 33801K, capacity 34336K, committed 34528K, reserved 1079296K
  class space    used 3620K, capacity 3782K, committed 3836K, reserved 1048576K
}
2017-03-31T04:12:12.229+0200: 853.270: Total time for which application threads were stopped: 0.0351225 seconds, Stopping threads took: 0.0000182 seconds
2017-03-31T04:12:14.230+0200: 855.271: Total time for which application threads were stopped: 0.0000819 seconds, Stopping threads took: 0.0000209 seconds
2017-03-31T04:12:15.232+0200: 856.273: Total time for which application threads were stopped: 0.0002073 seconds, Stopping threads took: 0.0000259 seconds
2017-03-31T04:12:16.234+0200: 857.275: Total time for which application threads were stopped: 0.0001914 seconds, Stopping threads took: 0.0000308 seconds
{Heap before GC invocations=32 (full 1):
 par new generation   total 109248K, used 101431K [0x00000000e0000000, 0x00000000e8000000, 0x00000000e8000000)
  eden space 87424K, 100% used [0x00000000e0000000, 0x00000000e5560000, 0x00000000e5560000)
  from space 21824K,  64% used [0x00000000e5560000, 0x00000000e630df40, 0x00000000e6ab0000)
  to   space 21824K,   0% used [0x00000000e6ab0000, 0x00000000e6ab0000, 0x00000000e8000000)
 concurrent mark-sweep generation total 393216K, used 15725K [0x00000000e8000000, 0x0000000100000000, 0x0000000100000000)
 Metaspace       used 33801K, capacity 34336K, committed 34528K, reserved 1079296K
  class space    used 3620K, capacity 3782K, committed 3836K, reserved 1048576K
2017-03-31T04:12:16.965+0200: 858.005: [GC (Allocation Failure) 2017-03-31T04:12:16.965+0200: 858.005: [ParNew
Desired survivor size 20112992 bytes, new threshold 8 (max 8)
- age   1:    6173128 bytes,    6173128 total
- age   2:    4377304 bytes,   10550432 total
- age   3:    1280832 bytes,   11831264 total
- age   4:      52488 bytes,   11883752 total
- age   5:      96368 bytes,   11980120 total
- age   6:     522800 bytes,   12502920 total
- age   7:       8600 bytes,   12511520 total
- age   8:      34048 bytes,   12545568 total
: 101431K->17489K(109248K), 0.0349773 secs] 117157K->33227K(502464K), 0.0350552 secs] [Times: user=0.03 sys=0.00, real=0.04 secs] 
Heap after GC invocations=33 (full 1):
 par new generation   total 109248K, used 17489K [0x00000000e0000000, 0x00000000e8000000, 0x00000000e8000000)
  eden space 87424K,   0% used [0x00000000e0000000, 0x00000000e0000000, 0x00000000e5560000)
  from space 21824K,  80% used [0x00000000e6ab0000, 0x00000000e7bc46a8, 0x00000000e8000000)
  to   space 21824K,   0% used [0x00000000e5560000, 0x00000000e5560000, 0x00000000e6ab0000)
 concurrent mark-sweep generation total 393216K, used 15737K [0x00000000e8000000, 0x0000000100000000, 0x0000000100000000)
 Metaspace       used 33801K, capacity 34336K, committed 34528K, reserved 1079296K
  class space    used 3620K, capacity 3782K, committed 3836K, reserved 1048576K
}
2017-03-31T04:12:17.000+0200: 858.041: Total time for which application threads were stopped: 0.0352500 seconds, Stopping threads took: 0.0000212 seconds
2017-03-31T04:12:18.001+0200: 859.042: Total time for which application threads were stopped: 0.0001455 seconds, Stopping threads took: 0.0000580 seconds
2017-03-31T04:12:19.065+0200: 860.106: Total time for which application threads were stopped: 0.0001054 seconds, Stopping threads took: 0.0000352 seconds
2017-03-31T04:12:19.275+0200: 860.315: Total time for which application threads were stopped: 0.0001148 seconds, Stopping threads took: 0.0000376 seconds
2017-03-31T04:12:19.276+0200: 860.317: Total time for which application threads were stopped: 0.0000861 seconds, Stopping threads took: 0.0000266 seconds
2017-03-31T04:12:19.287+0200: 860.327: Total time for which application threads were stopped: 0.0001473 seconds, Stopping threads took: 0.0000380 seconds
2017-03-31T04:12:19.287+0200: 860.328: Total time for which application threads were stopped: 0.0000648 seconds, Stopping threads took: 0.0000202 seconds
2017-03-31T04:12:19.291+0200: 860.332: Total time for which application threads were stopped: 0.0001048 seconds, Stopping threads took: 0.0000392 seconds
2017-03-31T04:12:19.291+0200: 860.332: Total time for which application threads were stopped: 0.0000759 seconds, Stopping threads took: 0.0000257 seconds
2017-03-31T04:12:19.295+0200: 860.335: Total time for which application threads were stopped: 0.0000954 seconds, Stopping threads took: 0.0000293 seconds
2017-03-31T04:12:19.295+0200: 860.336: Total time for which application threads were stopped: 0.0000644 seconds, Stopping threads took: 0.0000189 seconds
2017-03-31T04:12:19.297+0200: 860.338: Total time for which application threads were stopped: 0.0000745 seconds, Stopping threads took: 0.0000233 seconds
2017-03-31T04:12:19.317+0200: 860.358: Total time for which application threads were stopped: 0.0113537 seconds, Stopping threads took: 0.0111723 seconds
2017-03-31T04:12:19.317+0200: 860.358: Total time for which application threads were stopped: 0.0001042 seconds, Stopping threads took: 0.0000190 seconds
2017-03-31T04:12:19.382+0200: 860.423: Total time for which application threads were stopped: 0.0000847 seconds, Stopping threads took: 0.0000173 seconds
2017-03-31T04:12:19.400+0200: 860.441: Total time for which application threads were stopped: 0.0001161 seconds, Stopping threads took: 0.0000357 seconds
2017-03-31T04:12:19.400+0200: 860.441: Total time for which application threads were stopped: 0.0000466 seconds, Stopping threads took: 0.0000073 seconds
2017-03-31T04:12:19.406+0200: 860.447: Total time for which application threads were stopped: 0.0001458 seconds, Stopping threads took: 0.0000316 seconds
2017-03-31T04:12:19.406+0200: 860.447: Total time for which application threads were stopped: 0.0000406 seconds, Stopping threads took: 0.0000124 seconds
2017-03-31T04:12:19.419+0200: 860.460: Total time for which application threads were stopped: 0.0001100 seconds, Stopping threads took: 0.0000297 seconds
2017-03-31T04:12:19.419+0200: 860.460: Total time for which application threads were stopped: 0.0000765 seconds, Stopping threads took: 0.0000194 seconds
2017-03-31T04:12:19.419+0200: 860.460: Total time for which application threads were stopped: 0.0001377 seconds, Stopping threads took: 0.0000144 seconds
2017-03-31T04:12:19.436+0200: 860.477: Total time for which application threads were stopped: 0.0000920 seconds, Stopping threads took: 0.0000175 seconds
{Heap before GC invocations=33 (full 1):
 par new generation   total 109248K, used 104913K [0x00000000e0000000, 0x00000000e8000000, 0x00000000e8000000)
  eden space 87424K, 100% used [0x00000000e0000000, 0x00000000e5560000, 0x00000000e5560000)
  from space 21824K,  80% used [0x00000000e6ab0000, 0x00000000e7bc46a8, 0x00000000e8000000)
  to   space 21824K,   0% used [0x00000000e5560000, 0x00000000e5560000, 0x00000000e6ab0000)
 concurrent mark-sweep generation total 393216K, used 15737K [0x00000000e8000000, 0x0000000100000000, 0x0000000100000000)
 Metaspace       used 33811K, capacity 34400K, committed 34784K, reserved 1081344K
  class space    used 3620K, capacity 3782K, committed 3836K, reserved 1048576K
2017-03-31T04:12:20.371+0200: 861.412: [GC (Allocation Failure) 2017-03-31T04:12:20.371+0200: 861.412: [ParNew
Desired survivor size 20112992 bytes, new threshold 8 (max 8)
- age   1:    3027528 bytes,    3027528 total
- age   2:     309184 bytes,    3336712 total
- age   3:     368544 bytes,    3705256 total
- age   4:     528088 bytes,    4233344 total
- age   5:      52032 bytes,    4285376 total
- age   6:      87448 bytes,    4372824 total
- age   7:     414272 bytes,    4787096 total
- age   8:       8600 bytes,    4795696 total
: 104913K->8866K(109248K), 0.0283175 secs] 120651K->24637K(502464K), 0.0283924 secs] [Times: user=0.02 sys=0.00, real=0.02 secs] 
Heap after GC invocations=34 (full 1):
 par new generation   total 109248K, used 8866K [0x00000000e0000000, 0x00000000e8000000, 0x00000000e8000000)
  eden space 87424K,   0% used [0x00000000e0000000, 0x00000000e0000000, 0x00000000e5560000)
  from space 21824K,  40% used [0x00000000e5560000, 0x00000000e5e08838, 0x00000000e6ab0000)
  to   space 21824K,   0% used [0x00000000e6ab0000, 0x00000000e6ab0000, 0x00000000e8000000)
 concurrent mark-sweep generation total 393216K, used 15771K [0x00000000e8000000, 0x0000000100000000, 0x0000000100000000)
 Metaspace       used 33811K, capacity 34400K, committed 34784K, reserved 1081344K
  class space    used 3620K, capacity 3782K, committed 3836K, reserved 1048576K
}
2017-03-31T04:12:20.399+0200: 861.440: Total time for which application threads were stopped: 0.0285791 seconds, Stopping threads took: 0.0000214 seconds
2017-03-31T04:12:21.401+0200: 862.442: Total time for which application threads were stopped: 0.0001001 seconds, Stopping threads took: 0.0000276 seconds
{Heap before GC invocations=34 (full 1):
 par new generation   total 109248K, used 96290K [0x00000000e0000000, 0x00000000e8000000, 0x00000000e8000000)
  eden space 87424K, 100% used [0x00000000e0000000, 0x00000000e5560000, 0x00000000e5560000)
  from space 21824K,  40% used [0x00000000e5560000, 0x00000000e5e08838, 0x00000000e6ab0000)
  to   space 21824K,   0% used [0x00000000e6ab0000, 0x00000000e6ab0000, 0x00000000e8000000)
 concurrent mark-sweep generation total 393216K, used 15771K [0x00000000e8000000, 0x0000000100000000, 0x0000000100000000)
 Metaspace       used 33811K, capacity 34400K, committed 34784K, reserved 1081344K
  class space    used 3620K, capacity 3782K, committed 3836K, reserved 1048576K
2017-03-31T04:12:25.470+0200: 866.511: [GC (Allocation Failure) 2017-03-31T04:12:25.470+0200: 866.511: [ParNew
Desired survivor size 20112992 bytes, new threshold 8 (max 8)
- age   1:    5714024 bytes,    5714024 total
- age   2:    2467304 bytes,    8181328 total
- age   3:     245080 bytes,    8426408 total
- age   4:     353280 bytes,    8779688 total
- age   5:     527464 bytes,    9307152 total
- age   6:      51360 bytes,    9358512 total
- age   7:      86376 bytes,    9444888 total
- age   8:     408776 bytes,    9853664 total
: 96290K->11268K(109248K), 0.0310549 secs] 112061K->27047K(502464K), 0.0311340 secs] [Times: user=0.03 sys=0.00, real=0.04 secs] 
Heap after GC invocations=35 (full 1):
 par new generation   total 109248K, used 11268K [0x00000000e0000000, 0x00000000e8000000, 0x00000000e8000000)
  eden space 87424K,   0% used [0x00000000e0000000, 0x00000000e0000000, 0x00000000e5560000)
  from space 21824K,  51% used [0x00000000e6ab0000, 0x00000000e75b1050, 0x00000000e8000000)
  to   space 21824K,   0% used [0x00000000e5560000, 0x00000000e5560000, 0x00000000e6ab0000)
 concurrent mark-sweep generation total 393216K, used 15779K [0x00000000e8000000, 0x0000000100000000, 0x0000000100000000)
 Metaspace       used 33811K, capacity 34400K, committed 34784K, reserved 1081344K
  class space    used 3620K, capacity 3782K, committed 3836K, reserved 1048576K
}
2017-03-31T04:12:25.501+0200: 866.542: Total time for which application threads were stopped: 0.0313149 seconds, Stopping threads took: 0.0000229 seconds
2017-03-31T04:12:28.503+0200: 869.544: Total time for which application threads were stopped: 0.0000811 seconds, Stopping threads took: 0.0000250 seconds
2017-03-31T04:12:30.505+0200: 871.546: Total time for which application threads were stopped: 0.0001529 seconds, Stopping threads took: 0.0000414 seconds
2017-03-31T04:12:31.273+0200: 872.314: Total time for which application threads were stopped: 0.0001737 seconds, Stopping threads took: 0.0000261 seconds
{Heap before GC invocations=35 (full 1):
 par new generation   total 109248K, used 98692K [0x00000000e0000000, 0x00000000e8000000, 0x00000000e8000000)
  eden space 87424K, 100% used [0x00000000e0000000, 0x00000000e5560000, 0x00000000e5560000)
  from space 21824K,  51% used [0x00000000e6ab0000, 0x00000000e75b1050, 0x00000000e8000000)
  to   space 21824K,   0% used [0x00000000e5560000, 0x00000000e5560000, 0x00000000e6ab0000)
 concurrent mark-sweep generation total 393216K, used 15779K [0x00000000e8000000, 0x0000000100000000, 0x0000000100000000)
 Metaspace       used 33818K, capacity 34400K, committed 34784K, reserved 1081344K
  class space    used 3620K, capacity 3782K, committed 3836K, reserved 1048576K
2017-03-31T04:12:31.306+0200: 872.347: [GC (Allocation Failure) 2017-03-31T04:12:31.306+0200: 872.347: [ParNew
Desired survivor size 20112992 bytes, new threshold 8 (max 8)
- age   1:    5464840 bytes,    5464840 total
- age   2:    4575560 bytes,   10040400 total
- age   3:    1590848 bytes,   11631248 total
- age   4:     244200 bytes,   11875448 total
- age   5:     352536 bytes,   12227984 total
- age   6:     526744 bytes,   12754728 total
- age   7:      50832 bytes,   12805560 total
- age   8:      85512 bytes,   12891072 total
: 98692K->15759K(109248K), 0.0379682 secs] 114471K->31939K(502464K), 0.0380544 secs] [Times: user=0.04 sys=0.00, real=0.04 secs] 
Heap after GC invocations=36 (full 1):
 par new generation   total 109248K, used 15759K [0x00000000e0000000, 0x00000000e8000000, 0x00000000e8000000)
  eden space 87424K,   0% used [0x00000000e0000000, 0x00000000e0000000, 0x00000000e5560000)
  from space 21824K,  72% used [0x00000000e5560000, 0x00000000e64c3f40, 0x00000000e6ab0000)
  to   space 21824K,   0% used [0x00000000e6ab0000, 0x00000000e6ab0000, 0x00000000e8000000)
 concurrent mark-sweep generation total 393216K, used 16179K [0x00000000e8000000, 0x0000000100000000, 0x0000000100000000)
 Metaspace       used 33818K, capacity 34400K, committed 34784K, reserved 1081344K
  class space    used 3620K, capacity 3782K, committed 3836K, reserved 1048576K
}
2017-03-31T04:12:31.344+0200: 872.385: Total time for which application threads were stopped: 0.0382535 seconds, Stopping threads took: 0.0000382 seconds
2017-03-31T04:12:31.364+0200: 872.405: Total time for which application threads were stopped: 0.0001370 seconds, Stopping threads took: 0.0000435 seconds
2017-03-31T04:12:31.366+0200: 872.407: Total time for which application threads were stopped: 0.0001055 seconds, Stopping threads took: 0.0000281 seconds
2017-03-31T04:12:31.371+0200: 872.412: Total time for which application threads were stopped: 0.0001636 seconds, Stopping threads took: 0.0000307 seconds
2017-03-31T04:12:31.428+0200: 872.469: Total time for which application threads were stopped: 0.0001608 seconds, Stopping threads took: 0.0000271 seconds
2017-03-31T04:12:31.428+0200: 872.469: Total time for which application threads were stopped: 0.0000580 seconds, Stopping threads took: 0.0000075 seconds
2017-03-31T04:12:31.435+0200: 872.476: Total time for which application threads were stopped: 0.0000954 seconds, Stopping threads took: 0.0000182 seconds
2017-03-31T04:12:31.441+0200: 872.482: Total time for which application threads were stopped: 0.0001275 seconds, Stopping threads took: 0.0000253 seconds
{Heap before GC invocations=36 (full 1):
 par new generation   total 109248K, used 103169K [0x00000000e0000000, 0x00000000e8000000, 0x00000000e8000000)
  eden space 87424K,  99% used [0x00000000e0000000, 0x00000000e555c7a8, 0x00000000e5560000)
  from space 21824K,  72% used [0x00000000e5560000, 0x00000000e64c3f40, 0x00000000e6ab0000)
  to   space 21824K,   0% used [0x00000000e6ab0000, 0x00000000e6ab0000, 0x00000000e8000000)
 concurrent mark-sweep generation total 393216K, used 16179K [0x00000000e8000000, 0x0000000100000000, 0x0000000100000000)
 Metaspace       used 33834K, capacity 34400K, committed 34784K, reserved 1081344K
  class space    used 3620K, capacity 3782K, committed 3836K, reserved 1048576K
2017-03-31T04:12:31.770+0200: 872.811: [GC (Allocation Failure) 2017-03-31T04:12:31.770+0200: 872.811: [ParNew
Desired survivor size 20112992 bytes, new threshold 8 (max 8)
- age   1:     559776 bytes,     559776 total
- age   2:     128368 bytes,     688144 total
- age   3:     100688 bytes,     788832 total
- age   4:    1167720 bytes,    1956552 total
- age   5:     244200 bytes,    2200752 total
- age   6:     352536 bytes,    2553288 total
- age   7:     452000 bytes,    3005288 total
- age   8:      50832 bytes,    3056120 total
: 103169K->11411K(109248K), 0.0203247 secs] 119349K->27675K(502464K), 0.0203968 secs] [Times: user=0.02 sys=0.00, real=0.02 secs] 
Heap after GC invocations=37 (full 1):
 par new generation   total 109248K, used 11411K [0x00000000e0000000, 0x00000000e8000000, 0x00000000e8000000)
  eden space 87424K,   0% used [0x00000000e0000000, 0x00000000e0000000, 0x00000000e5560000)
  from space 21824K,  52% used [0x00000000e6ab0000, 0x00000000e75d4ee0, 0x00000000e8000000)
  to   space 21824K,   0% used [0x00000000e5560000, 0x00000000e5560000, 0x00000000e6ab0000)
 concurrent mark-sweep generation total 393216K, used 16263K [0x00000000e8000000, 0x0000000100000000, 0x0000000100000000)
 Metaspace       used 33834K, capacity 34400K, committed 34784K, reserved 1081344K
  class space    used 3620K, capacity 3782K, committed 3836K, reserved 1048576K
}
2017-03-31T04:12:31.790+0200: 872.831: Total time for which application threads were stopped: 0.0205712 seconds, Stopping threads took: 0.0000250 seconds
2017-03-31T04:12:31.794+0200: 872.835: Total time for which application threads were stopped: 0.0002392 seconds, Stopping threads took: 0.0000271 seconds
2017-03-31T04:12:31.796+0200: 872.837: Total time for which application threads were stopped: 0.0001165 seconds, Stopping threads took: 0.0000232 seconds
2017-03-31T04:12:31.796+0200: 872.837: Total time for which application threads were stopped: 0.0000560 seconds, Stopping threads took: 0.0000070 seconds
2017-03-31T04:12:31.799+0200: 872.840: Total time for which application threads were stopped: 0.0001049 seconds, Stopping threads took: 0.0000305 seconds
2017-03-31T04:12:31.799+0200: 872.840: Total time for which application threads were stopped: 0.0000394 seconds, Stopping threads took: 0.0000068 seconds
2017-03-31T04:12:31.799+0200: 872.840: Total time for which application threads were stopped: 0.0000380 seconds, Stopping threads took: 0.0000067 seconds
2017-03-31T04:12:31.800+0200: 872.841: Total time for which application threads were stopped: 0.0000499 seconds, Stopping threads took: 0.0000136 seconds
2017-03-31T04:12:31.800+0200: 872.841: Total time for which application threads were stopped: 0.0000422 seconds, Stopping threads took: 0.0000121 seconds
2017-03-31T04:12:31.800+0200: 872.841: Total time for which application threads were stopped: 0.0000437 seconds, Stopping threads took: 0.0000121 seconds
2017-03-31T04:12:32.801+0200: 873.842: Total time for which application threads were stopped: 0.0000826 seconds, Stopping threads took: 0.0000243 seconds
2017-03-31T04:12:37.240+0200: 878.281: Total time for which application threads were stopped: 0.0001157 seconds, Stopping threads took: 0.0000474 seconds
2017-03-31T04:12:37.249+0200: 878.290: Total time for which application threads were stopped: 0.0000936 seconds, Stopping threads took: 0.0000278 seconds
2017-03-31T04:12:38.249+0200: 879.290: Total time for which application threads were stopped: 0.0000905 seconds, Stopping threads took: 0.0000212 seconds
2017-03-31T04:13:47.228+0200: 948.269: Total time for which application threads were stopped: 0.0001259 seconds, Stopping threads took: 0.0000375 seconds
2017-03-31T04:13:47.228+0200: 948.269: Total time for which application threads were stopped: 0.0000433 seconds, Stopping threads took: 0.0000074 seconds
2017-03-31T04:13:47.228+0200: 948.269: Total time for which application threads were stopped: 0.0000385 seconds, Stopping threads took: 0.0000064 seconds
2017-03-31T04:13:47.228+0200: 948.269: Total time for which application threads were stopped: 0.0000362 seconds, Stopping threads took: 0.0000065 seconds
2017-03-31T04:13:47.304+0200: 948.345: Total time for which application threads were stopped: 0.0001064 seconds, Stopping threads took: 0.0000213 seconds
2017-03-31T04:13:47.305+0200: 948.345: Total time for which application threads were stopped: 0.0000599 seconds, Stopping threads took: 0.0000087 seconds
2017-03-31T04:13:47.305+0200: 948.346: Total time for which application threads were stopped: 0.0000394 seconds, Stopping threads took: 0.0000064 seconds
2017-03-31T04:13:49.308+0200: 950.349: Total time for which application threads were stopped: 0.0000810 seconds, Stopping threads took: 0.0000252 seconds
{Heap before GC invocations=37 (full 1):
 par new generation   total 109248K, used 98835K [0x00000000e0000000, 0x00000000e8000000, 0x00000000e8000000)
  eden space 87424K, 100% used [0x00000000e0000000, 0x00000000e5560000, 0x00000000e5560000)
  from space 21824K,  52% used [0x00000000e6ab0000, 0x00000000e75d4ee0, 0x00000000e8000000)
  to   space 21824K,   0% used [0x00000000e5560000, 0x00000000e5560000, 0x00000000e6ab0000)
 concurrent mark-sweep generation total 393216K, used 16263K [0x00000000e8000000, 0x0000000100000000, 0x0000000100000000)
 Metaspace       used 33845K, capacity 34400K, committed 34784K, reserved 1081344K
  class space    used 3620K, capacity 3782K, committed 3836K, reserved 1048576K
2017-03-31T04:13:52.269+0200: 953.310: [GC (Allocation Failure) 2017-03-31T04:13:52.269+0200: 953.310: [ParNew
Desired survivor size 20112992 bytes, new threshold 8 (max 8)
- age   1:    7662600 bytes,    7662600 total
- age   2:     201416 bytes,    7864016 total
- age   3:      55992 bytes,    7920008 total
- age   4:      46776 bytes,    7966784 total
- age   5:     119944 bytes,    8086728 total
- age   6:      40776 bytes,    8127504 total
- age   7:     132792 bytes,    8260296 total
- age   8:      64344 bytes,    8324640 total
: 98835K->9677K(109248K), 0.0359590 secs] 115099K->25989K(502464K), 0.0360337 secs] [Times: user=0.03 sys=0.00, real=0.03 secs] 
Heap after GC invocations=38 (full 1):
 par new generation   total 109248K, used 9677K [0x00000000e0000000, 0x00000000e8000000, 0x00000000e8000000)
  eden space 87424K,   0% used [0x00000000e0000000, 0x00000000e0000000, 0x00000000e5560000)
  from space 21824K,  44% used [0x00000000e5560000, 0x00000000e5ed37a0, 0x00000000e6ab0000)
  to   space 21824K,   0% used [0x00000000e6ab0000, 0x00000000e6ab0000, 0x00000000e8000000)
 concurrent mark-sweep generation total 393216K, used 16312K [0x00000000e8000000, 0x0000000100000000, 0x0000000100000000)
 Metaspace       used 33845K, capacity 34400K, committed 34784K, reserved 1081344K
  class space    used 3620K, capacity 3782K, committed 3836K, reserved 1048576K
}
2017-03-31T04:13:52.305+0200: 953.346: Total time for which application threads were stopped: 0.0362197 seconds, Stopping threads took: 0.0000237 seconds
2017-03-31T04:13:53.307+0200: 954.348: Total time for which application threads were stopped: 0.0001074 seconds, Stopping threads took: 0.0000242 seconds
{Heap before GC invocations=38 (full 1):
 par new generation   total 109248K, used 97101K [0x00000000e0000000, 0x00000000e8000000, 0x00000000e8000000)
  eden space 87424K, 100% used [0x00000000e0000000, 0x00000000e5560000, 0x00000000e5560000)
  from space 21824K,  44% used [0x00000000e5560000, 0x00000000e5ed37a0, 0x00000000e6ab0000)
  to   space 21824K,   0% used [0x00000000e6ab0000, 0x00000000e6ab0000, 0x00000000e8000000)
 concurrent mark-sweep generation total 393216K, used 16312K [0x00000000e8000000, 0x0000000100000000, 0x0000000100000000)
 Metaspace       used 33845K, capacity 34400K, committed 34784K, reserved 1081344K
  class space    used 3620K, capacity 3782K, committed 3836K, reserved 1048576K
2017-03-31T04:13:58.247+0200: 959.288: [GC (Allocation Failure) 2017-03-31T04:13:58.247+0200: 959.288: [ParNew
Desired survivor size 20112992 bytes, new threshold 8 (max 8)
- age   1:    5331968 bytes,    5331968 total
- age   2:    6074168 bytes,   11406136 total
- age   3:     200048 bytes,   11606184 total
- age   4:      32288 bytes,   11638472 total
- age   5:      29760 bytes,   11668232 total
- age   6:     119032 bytes,   11787264 total
- age   7:      39336 bytes,   11826600 total
- age   8:     131184 bytes,   11957784 total
: 97101K->15533K(109248K), 0.0433370 secs] 113413K->31907K(502464K), 0.0434175 secs] [Times: user=0.03 sys=0.00, real=0.04 secs] 
Heap after GC invocations=39 (full 1):
 par new generation   total 109248K, used 15533K [0x00000000e0000000, 0x00000000e8000000, 0x00000000e8000000)
  eden space 87424K,   0% used [0x00000000e0000000, 0x00000000e0000000, 0x00000000e5560000)
  from space 21824K,  71% used [0x00000000e6ab0000, 0x00000000e79db530, 0x00000000e8000000)
  to   space 21824K,   0% used [0x00000000e5560000, 0x00000000e5560000, 0x00000000e6ab0000)
 concurrent mark-sweep generation total 393216K, used 16374K [0x00000000e8000000, 0x0000000100000000, 0x0000000100000000)
 Metaspace       used 33845K, capacity 34400K, committed 34784K, reserved 1081344K
  class space    used 3620K, capacity 3782K, committed 3836K, reserved 1048576K
}
2017-03-31T04:13:58.290+0200: 959.331: Total time for which application threads were stopped: 0.0435938 seconds, Stopping threads took: 0.0000214 seconds
2017-03-31T04:14:01.297+0200: 962.337: Total time for which application threads were stopped: 0.0000883 seconds, Stopping threads took: 0.0000251 seconds
2017-03-31T04:14:02.307+0200: 963.347: Total time for which application threads were stopped: 0.0001716 seconds, Stopping threads took: 0.0000614 seconds
2017-03-31T04:14:02.379+0200: 963.420: Total time for which application threads were stopped: 0.0006854 seconds, Stopping threads took: 0.0005776 seconds
2017-03-31T04:14:02.380+0200: 963.420: Total time for which application threads were stopped: 0.0001407 seconds, Stopping threads took: 0.0000218 seconds
2017-03-31T04:14:02.381+0200: 963.422: Total time for which application threads were stopped: 0.0010395 seconds, Stopping threads took: 0.0007151 seconds
{Heap before GC invocations=39 (full 1):
 par new generation   total 109248K, used 102957K [0x00000000e0000000, 0x00000000e8000000, 0x00000000e8000000)
  eden space 87424K, 100% used [0x00000000e0000000, 0x00000000e5560000, 0x00000000e5560000)
  from space 21824K,  71% used [0x00000000e6ab0000, 0x00000000e79db530, 0x00000000e8000000)
  to   space 21824K,   0% used [0x00000000e5560000, 0x00000000e5560000, 0x00000000e6ab0000)
 concurrent mark-sweep generation total 393216K, used 16374K [0x00000000e8000000, 0x0000000100000000, 0x0000000100000000)
 Metaspace       used 33846K, capacity 34400K, committed 34784K, reserved 1081344K
  class space    used 3620K, capacity 3782K, committed 3836K, reserved 1048576K
2017-03-31T04:14:02.437+0200: 963.478: [GC (Allocation Failure) 2017-03-31T04:14:02.437+0200: 963.478: [ParNew
Desired survivor size 20112992 bytes, new threshold 8 (max 8)
- age   1:    5871680 bytes,    5871680 total
- age   2:    4283064 bytes,   10154744 total
- age   3:    2828760 bytes,   12983504 total
- age   4:     199928 bytes,   13183432 total
- age   5:      31712 bytes,   13215144 total
- age   6:      29112 bytes,   13244256 total
- age   7:     118768 bytes,   13363024 total
- age   8:      38736 bytes,   13401760 total
: 102957K->16788K(109248K), 0.0428119 secs] 119331K->33290K(502464K), 0.0428768 secs] [Times: user=0.03 sys=0.00, real=0.04 secs] 
Heap after GC invocations=40 (full 1):
 par new generation   total 109248K, used 16788K [0x00000000e0000000, 0x00000000e8000000, 0x00000000e8000000)
  eden space 87424K,   0% used [0x00000000e0000000, 0x00000000e0000000, 0x00000000e5560000)
  from space 21824K,  76% used [0x00000000e5560000, 0x00000000e65c5300, 0x00000000e6ab0000)
  to   space 21824K,   0% used [0x00000000e6ab0000, 0x00000000e6ab0000, 0x00000000e8000000)
 concurrent mark-sweep generation total 393216K, used 16501K [0x00000000e8000000, 0x0000000100000000, 0x0000000100000000)
 Metaspace       used 33846K, capacity 34400K, committed 34784K, reserved 1081344K
  class space    used 3620K, capacity 3782K, committed 3836K, reserved 1048576K
}
2017-03-31T04:14:02.480+0200: 963.521: Total time for which application threads were stopped: 0.0430334 seconds, Stopping threads took: 0.0000312 seconds
2017-03-31T04:14:02.514+0200: 963.555: Total time for which application threads were stopped: 0.0001746 seconds, Stopping threads took: 0.0001137 seconds
2017-03-31T04:14:02.554+0200: 963.595: Total time for which application threads were stopped: 0.0000728 seconds, Stopping threads took: 0.0000171 seconds
2017-03-31T04:14:02.571+0200: 963.612: Total time for which application threads were stopped: 0.0015240 seconds, Stopping threads took: 0.0014092 seconds
2017-03-31T04:14:02.576+0200: 963.617: Total time for which application threads were stopped: 0.0030262 seconds, Stopping threads took: 0.0029312 seconds
2017-03-31T04:14:02.596+0200: 963.637: Total time for which application threads were stopped: 0.0000914 seconds, Stopping threads took: 0.0000310 seconds
2017-03-31T04:14:03.598+0200: 964.639: Total time for which application threads were stopped: 0.0000973 seconds, Stopping threads took: 0.0000358 seconds
2017-03-31T04:14:05.600+0200: 966.640: Total time for which application threads were stopped: 0.0000908 seconds, Stopping threads took: 0.0000299 seconds
2017-03-31T04:14:06.600+0200: 967.641: Total time for which application threads were stopped: 0.0000757 seconds, Stopping threads took: 0.0000231 seconds
{Heap before GC invocations=40 (full 1):
 par new generation   total 109248K, used 104212K [0x00000000e0000000, 0x00000000e8000000, 0x00000000e8000000)
  eden space 87424K, 100% used [0x00000000e0000000, 0x00000000e5560000, 0x00000000e5560000)
  from space 21824K,  76% used [0x00000000e5560000, 0x00000000e65c5300, 0x00000000e6ab0000)
  to   space 21824K,   0% used [0x00000000e6ab0000, 0x00000000e6ab0000, 0x00000000e8000000)
 concurrent mark-sweep generation total 393216K, used 16501K [0x00000000e8000000, 0x0000000100000000, 0x0000000100000000)
 Metaspace       used 33851K, capacity 34400K, committed 34784K, reserved 1081344K
  class space    used 3620K, capacity 3782K, committed 3836K, reserved 1048576K
2017-03-31T04:14:07.909+0200: 968.950: [GC (Allocation Failure) 2017-03-31T04:14:07.909+0200: 968.950: [ParNew
Desired survivor size 20112992 bytes, new threshold 8 (max 8)
- age   1:    5800904 bytes,    5800904 total
- age   2:    3745032 bytes,    9545936 total
- age   3:    1207512 bytes,   10753448 total
- age   4:     674024 bytes,   11427472 total
- age   5:     197840 bytes,   11625312 total
- age   6:      31160 bytes,   11656472 total
- age   7:      28872 bytes,   11685344 total
- age   8:      44136 bytes,   11729480 total
: 104212K->17013K(109248K), 0.0323017 secs] 120714K->33551K(502464K), 0.0323822 secs] [Times: user=0.04 sys=0.00, real=0.03 secs] 
Heap after GC invocations=41 (full 1):
 par new generation   total 109248K, used 17013K [0x00000000e0000000, 0x00000000e8000000, 0x00000000e8000000)
  eden space 87424K,   0% used [0x00000000e0000000, 0x00000000e0000000, 0x00000000e5560000)
  from space 21824K,  77% used [0x00000000e6ab0000, 0x00000000e7b4d430, 0x00000000e8000000)
  to   space 21824K,   0% used [0x00000000e5560000, 0x00000000e5560000, 0x00000000e6ab0000)
 concurrent mark-sweep generation total 393216K, used 16538K [0x00000000e8000000, 0x0000000100000000, 0x0000000100000000)
 Metaspace       used 33851K, capacity 34400K, committed 34784K, reserved 1081344K
  class space    used 3620K, capacity 3782K, committed 3836K, reserved 1048576K
}
2017-03-31T04:14:07.941+0200: 968.982: Total time for which application threads were stopped: 0.0325617 seconds, Stopping threads took: 0.0000208 seconds
2017-03-31T04:14:08.945+0200: 969.986: Total time for which application threads were stopped: 0.0001838 seconds, Stopping threads took: 0.0000278 seconds
2017-03-31T04:14:10.945+0200: 971.986: Total time for which application threads were stopped: 0.0001167 seconds, Stopping threads took: 0.0000353 seconds
{Heap before GC invocations=41 (full 1):
 par new generation   total 109248K, used 104437K [0x00000000e0000000, 0x00000000e8000000, 0x00000000e8000000)
  eden space 87424K, 100% used [0x00000000e0000000, 0x00000000e5560000, 0x00000000e5560000)
  from space 21824K,  77% used [0x00000000e6ab0000, 0x00000000e7b4d430, 0x00000000e8000000)
  to   space 21824K,   0% used [0x00000000e5560000, 0x00000000e5560000, 0x00000000e6ab0000)
 concurrent mark-sweep generation total 393216K, used 16538K [0x00000000e8000000, 0x0000000100000000, 0x0000000100000000)
 Metaspace       used 33851K, capacity 34400K, committed 34784K, reserved 1081344K
  class space    used 3620K, capacity 3782K, committed 3836K, reserved 1048576K
2017-03-31T04:14:13.480+0200: 974.521: [GC (Allocation Failure) 2017-03-31T04:14:13.480+0200: 974.521: [ParNew
Desired survivor size 20112992 bytes, new threshold 8 (max 8)
- age   1:    6472832 bytes,    6472832 total
- age   2:    5086816 bytes,   11559648 total
- age   3:     216920 bytes,   11776568 total
- age   4:      70304 bytes,   11846872 total
- age   5:     454712 bytes,   12301584 total
- age   6:     197840 bytes,   12499424 total
- age   7:      30656 bytes,   12530080 total
- age   8:      28416 bytes,   12558496 total
: 104437K->16044K(109248K), 0.0375797 secs] 120975K->32626K(502464K), 0.0376808 secs] [Times: user=0.03 sys=0.00, real=0.03 secs] 
Heap after GC invocations=42 (full 1):
 par new generation   total 109248K, used 16044K [0x00000000e0000000, 0x00000000e8000000, 0x00000000e8000000)
  eden space 87424K,   0% used [0x00000000e0000000, 0x00000000e0000000, 0x00000000e5560000)
  from space 21824K,  73% used [0x00000000e5560000, 0x00000000e650b2b8, 0x00000000e6ab0000)
  to   space 21824K,   0% used [0x00000000e6ab0000, 0x00000000e6ab0000, 0x00000000e8000000)
 concurrent mark-sweep generation total 393216K, used 16582K [0x00000000e8000000, 0x0000000100000000, 0x0000000100000000)
 Metaspace       used 33851K, capacity 34400K, committed 34784K, reserved 1081344K
  class space    used 3620K, capacity 3782K, committed 3836K, reserved 1048576K
}
2017-03-31T04:14:13.518+0200: 974.559: Total time for which application threads were stopped: 0.0378828 seconds, Stopping threads took: 0.0000259 seconds
2017-03-31T04:14:17.309+0200: 978.350: Total time for which application threads were stopped: 0.0001129 seconds, Stopping threads took: 0.0000377 seconds
2017-03-31T04:14:17.322+0200: 978.363: Total time for which application threads were stopped: 0.0001094 seconds, Stopping threads took: 0.0000370 seconds
2017-03-31T04:14:17.510+0200: 978.551: Total time for which application threads were stopped: 0.0000914 seconds, Stopping threads took: 0.0000282 seconds
2017-03-31T04:14:17.515+0200: 978.556: Total time for which application threads were stopped: 0.0005232 seconds, Stopping threads took: 0.0004541 seconds
2017-03-31T04:14:17.531+0200: 978.572: Total time for which application threads were stopped: 0.0000994 seconds, Stopping threads took: 0.0000340 seconds
2017-03-31T04:14:17.531+0200: 978.572: Total time for which application threads were stopped: 0.0000378 seconds, Stopping threads took: 0.0000121 seconds
2017-03-31T04:14:17.536+0200: 978.576: Total time for which application threads were stopped: 0.0002467 seconds, Stopping threads took: 0.0001756 seconds
2017-03-31T04:14:17.536+0200: 978.577: Total time for which application threads were stopped: 0.0001230 seconds, Stopping threads took: 0.0000486 seconds
2017-03-31T04:14:17.540+0200: 978.581: Total time for which application threads were stopped: 0.0000936 seconds, Stopping threads took: 0.0000351 seconds
2017-03-31T04:14:17.541+0200: 978.582: Total time for which application threads were stopped: 0.0001099 seconds, Stopping threads took: 0.0000361 seconds
{Heap before GC invocations=42 (full 1):
 par new generation   total 109248K, used 103468K [0x00000000e0000000, 0x00000000e8000000, 0x00000000e8000000)
  eden space 87424K, 100% used [0x00000000e0000000, 0x00000000e5560000, 0x00000000e5560000)
  from space 21824K,  73% used [0x00000000e5560000, 0x00000000e650b2b8, 0x00000000e6ab0000)
  to   space 21824K,   0% used [0x00000000e6ab0000, 0x00000000e6ab0000, 0x00000000e8000000)
 concurrent mark-sweep generation total 393216K, used 16582K [0x00000000e8000000, 0x0000000100000000, 0x0000000100000000)
 Metaspace       used 33857K, capacity 34400K, committed 34784K, reserved 1081344K
  class space    used 3620K, capacity 3782K, committed 3836K, reserved 1048576K
2017-03-31T04:14:17.542+0200: 978.583: [GC (Allocation Failure) 2017-03-31T04:14:17.542+0200: 978.583: [ParNew
Desired survivor size 20112992 bytes, new threshold 8 (max 8)
- age   1:    1754000 bytes,    1754000 total
- age   2:     334880 bytes,    2088880 total
- age   3:     572368 bytes,    2661248 total
- age   4:     124512 bytes,    2785760 total
- age   5:      61096 bytes,    2846856 total
- age   6:     421592 bytes,    3268448 total
- age   7:     196048 bytes,    3464496 total
- age   8:      30368 bytes,    3494864 total
: 103468K->7977K(109248K), 0.0335276 secs] 120050K->24586K(502464K), 0.0340543 secs] [Times: user=0.02 sys=0.00, real=0.04 secs] 
Heap after GC invocations=43 (full 1):
 par new generation   total 109248K, used 7977K [0x00000000e0000000, 0x00000000e8000000, 0x00000000e8000000)
  eden space 87424K,   0% used [0x00000000e0000000, 0x00000000e0000000, 0x00000000e5560000)
  from space 21824K,  36% used [0x00000000e6ab0000, 0x00000000e727a510, 0x00000000e8000000)
  to   space 21824K,   0% used [0x00000000e5560000, 0x00000000e5560000, 0x00000000e6ab0000)
 concurrent mark-sweep generation total 393216K, used 16609K [0x00000000e8000000, 0x0000000100000000, 0x0000000100000000)
 Metaspace       used 33857K, capacity 34400K, committed 34784K, reserved 1081344K
  class space    used 3620K, capacity 3782K, committed 3836K, reserved 1048576K
}
2017-03-31T04:14:17.576+0200: 978.617: Total time for which application threads were stopped: 0.0342441 seconds, Stopping threads took: 0.0000323 seconds
2017-03-31T04:14:17.578+0200: 978.619: Total time for which application threads were stopped: 0.0003291 seconds, Stopping threads took: 0.0000223 seconds
2017-03-31T04:14:17.580+0200: 978.620: Total time for which application threads were stopped: 0.0001327 seconds, Stopping threads took: 0.0000483 seconds
2017-03-31T04:14:17.582+0200: 978.623: Total time for which application threads were stopped: 0.0001071 seconds, Stopping threads took: 0.0000203 seconds
2017-03-31T04:14:17.583+0200: 978.624: Total time for which application threads were stopped: 0.0000968 seconds, Stopping threads took: 0.0000173 seconds
2017-03-31T04:14:17.610+0200: 978.650: Total time for which application threads were stopped: 0.0002162 seconds, Stopping threads took: 0.0000277 seconds
2017-03-31T04:14:17.610+0200: 978.651: Total time for which application threads were stopped: 0.0002914 seconds, Stopping threads took: 0.0000138 seconds
2017-03-31T04:14:17.610+0200: 978.651: Total time for which application threads were stopped: 0.0001432 seconds, Stopping threads took: 0.0000184 seconds
2017-03-31T04:14:17.718+0200: 978.759: Total time for which application threads were stopped: 0.0002030 seconds, Stopping threads took: 0.0000431 seconds
2017-03-31T04:14:17.738+0200: 978.779: Total time for which application threads were stopped: 0.0001995 seconds, Stopping threads took: 0.0000848 seconds
2017-03-31T04:14:17.739+0200: 978.780: Total time for which application threads were stopped: 0.0002175 seconds, Stopping threads took: 0.0000314 seconds
2017-03-31T04:14:17.765+0200: 978.805: Total time for which application threads were stopped: 0.0013992 seconds, Stopping threads took: 0.0013059 seconds
2017-03-31T04:14:17.765+0200: 978.806: Total time for which application threads were stopped: 0.0000614 seconds, Stopping threads took: 0.0000193 seconds
2017-03-31T04:14:17.774+0200: 978.815: Total time for which application threads were stopped: 0.0002101 seconds, Stopping threads took: 0.0000390 seconds
2017-03-31T04:14:19.777+0200: 980.818: Total time for which application threads were stopped: 0.0002523 seconds, Stopping threads took: 0.0001240 seconds
2017-03-31T04:14:20.778+0200: 981.819: Total time for which application threads were stopped: 0.0001049 seconds, Stopping threads took: 0.0000242 seconds
{Heap before GC invocations=43 (full 1):
 par new generation   total 109248K, used 95401K [0x00000000e0000000, 0x00000000e8000000, 0x00000000e8000000)
  eden space 87424K, 100% used [0x00000000e0000000, 0x00000000e5560000, 0x00000000e5560000)
  from space 21824K,  36% used [0x00000000e6ab0000, 0x00000000e727a510, 0x00000000e8000000)
  to   space 21824K,   0% used [0x00000000e5560000, 0x00000000e5560000, 0x00000000e6ab0000)
 concurrent mark-sweep generation total 393216K, used 16609K [0x00000000e8000000, 0x0000000100000000, 0x0000000100000000)
 Metaspace       used 33862K, capacity 34400K, committed 34784K, reserved 1081344K
  class space    used 3620K, capacity 3782K, committed 3836K, reserved 1048576K
2017-03-31T04:14:22.802+0200: 983.843: [GC (Allocation Failure) 2017-03-31T04:14:22.802+0200: 983.843: [ParNew
Desired survivor size 20112992 bytes, new threshold 8 (max 8)
- age   1:    5745016 bytes,    5745016 total
- age   2:     994888 bytes,    6739904 total
- age   3:     270480 bytes,    7010384 total
- age   4:     543448 bytes,    7553832 total
- age   5:     121272 bytes,    7675104 total
- age   6:      59880 bytes,    7734984 total
- age   7:     340016 bytes,    8075000 total
- age   8:     196032 bytes,    8271032 total
: 95401K->9483K(109248K), 0.0265375 secs] 112010K->26122K(502464K), 0.0266067 secs] [Times: user=0.02 sys=0.00, real=0.03 secs] 
Heap after GC invocations=44 (full 1):
 par new generation   total 109248K, used 9483K [0x00000000e0000000, 0x00000000e8000000, 0x00000000e8000000)
  eden space 87424K,   0% used [0x00000000e0000000, 0x00000000e0000000, 0x00000000e5560000)
  from space 21824K,  43% used [0x00000000e5560000, 0x00000000e5ea2cc0, 0x00000000e6ab0000)
  to   space 21824K,   0% used [0x00000000e6ab0000, 0x00000000e6ab0000, 0x00000000e8000000)
 concurrent mark-sweep generation total 393216K, used 16639K [0x00000000e8000000, 0x0000000100000000, 0x0000000100000000)
 Metaspace       used 33862K, capacity 34400K, committed 34784K, reserved 1081344K
  class space    used 3620K, capacity 3782K, committed 3836K, reserved 1048576K
}
2017-03-31T04:14:22.829+0200: 983.870: Total time for which application threads were stopped: 0.0267659 seconds, Stopping threads took: 0.0000300 seconds
2017-03-31T04:14:23.831+0200: 984.872: Total time for which application threads were stopped: 0.0000694 seconds, Stopping threads took: 0.0000185 seconds
{Heap before GC invocations=44 (full 1):
 par new generation   total 109248K, used 96907K [0x00000000e0000000, 0x00000000e8000000, 0x00000000e8000000)
  eden space 87424K, 100% used [0x00000000e0000000, 0x00000000e5560000, 0x00000000e5560000)
  from space 21824K,  43% used [0x00000000e5560000, 0x00000000e5ea2cc0, 0x00000000e6ab0000)
  to   space 21824K,   0% used [0x00000000e6ab0000, 0x00000000e6ab0000, 0x00000000e8000000)
 concurrent mark-sweep generation total 393216K, used 16639K [0x00000000e8000000, 0x0000000100000000, 0x0000000100000000)
 Metaspace       used 33862K, capacity 34400K, committed 34784K, reserved 1081344K
  class space    used 3620K, capacity 3782K, committed 3836K, reserved 1048576K
2017-03-31T04:14:28.456+0200: 989.497: [GC (Allocation Failure) 2017-03-31T04:14:28.457+0200: 989.497: [ParNew
Desired survivor size 20112992 bytes, new threshold 8 (max 8)
- age   1:    6120376 bytes,    6120376 total
- age   2:    5080392 bytes,   11200768 total
- age   3:     993952 bytes,   12194720 total
- age   4:     269496 bytes,   12464216 total
- age   5:     542728 bytes,   13006944 total
- age   6:     120456 bytes,   13127400 total
- age   7:      58920 bytes,   13186320 total
- age   8:     339272 bytes,   13525592 total
: 96907K->16461K(109248K), 0.0614460 secs] 113546K->33293K(502464K), 0.0615958 secs] [Times: user=0.05 sys=0.00, real=0.06 secs] 
Heap after GC invocations=45 (full 1):
 par new generation   total 109248K, used 16461K [0x00000000e0000000, 0x00000000e8000000, 0x00000000e8000000)
  eden space 87424K,   0% used [0x00000000e0000000, 0x00000000e0000000, 0x00000000e5560000)
  from space 21824K,  75% used [0x00000000e6ab0000, 0x00000000e7ac3780, 0x00000000e8000000)
  to   space 21824K,   0% used [0x00000000e5560000, 0x00000000e5560000, 0x00000000e6ab0000)
 concurrent mark-sweep generation total 393216K, used 16831K [0x00000000e8000000, 0x0000000100000000, 0x0000000100000000)
 Metaspace       used 33862K, capacity 34400K, committed 34784K, reserved 1081344K
  class space    used 3620K, capacity 3782K, committed 3836K, reserved 1048576K
}
2017-03-31T04:14:28.518+0200: 989.559: Total time for which application threads were stopped: 0.0621257 seconds, Stopping threads took: 0.0000438 seconds
2017-03-31T04:14:30.522+0200: 991.563: Total time for which application threads were stopped: 0.0005955 seconds, Stopping threads took: 0.0003967 seconds
2017-03-31T04:14:31.522+0200: 992.563: Total time for which application threads were stopped: 0.0000944 seconds, Stopping threads took: 0.0000215 seconds
2017-03-31T04:14:32.349+0200: 993.390: Total time for which application threads were stopped: 0.0001166 seconds, Stopping threads took: 0.0000366 seconds
2017-03-31T04:14:32.362+0200: 993.403: Total time for which application threads were stopped: 0.0003904 seconds, Stopping threads took: 0.0003280 seconds
2017-03-31T04:14:32.395+0200: 993.436: Total time for which application threads were stopped: 0.0032016 seconds, Stopping threads took: 0.0030904 seconds
2017-03-31T04:14:32.396+0200: 993.436: Total time for which application threads were stopped: 0.0000634 seconds, Stopping threads took: 0.0000109 seconds
2017-03-31T04:14:32.396+0200: 993.436: Total time for which application threads were stopped: 0.0000516 seconds, Stopping threads took: 0.0000081 seconds
{Heap before GC invocations=45 (full 1):
 par new generation   total 109248K, used 103885K [0x00000000e0000000, 0x00000000e8000000, 0x00000000e8000000)
  eden space 87424K, 100% used [0x00000000e0000000, 0x00000000e5560000, 0x00000000e5560000)
  from space 21824K,  75% used [0x00000000e6ab0000, 0x00000000e7ac3780, 0x00000000e8000000)
  to   space 21824K,   0% used [0x00000000e5560000, 0x00000000e5560000, 0x00000000e6ab0000)
 concurrent mark-sweep generation total 393216K, used 16831K [0x00000000e8000000, 0x0000000100000000, 0x0000000100000000)
 Metaspace       used 33866K, capacity 34400K, committed 34784K, reserved 1081344K
  class space    used 3620K, capacity 3782K, committed 3836K, reserved 1048576K
2017-03-31T04:14:32.507+0200: 993.548: [GC (Allocation Failure) 2017-03-31T04:14:32.507+0200: 993.548: [ParNew
Desired survivor size 20112992 bytes, new threshold 8 (max 8)
- age   1:    3559504 bytes,    3559504 total
- age   2:    4227256 bytes,    7786760 total
- age   3:    1094296 bytes,    8881056 total
- age   4:     993488 bytes,    9874544 total
- age   5:     268848 bytes,   10143392 total
- age   6:     542264 bytes,   10685656 total
- age   7:     119976 bytes,   10805632 total
- age   8:      58368 bytes,   10864000 total
: 103885K->20217K(109248K), 0.0386453 secs] 120717K->37380K(502464K), 0.0387309 secs] [Times: user=0.02 sys=0.00, real=0.04 secs] 
Heap after GC invocations=46 (full 1):
 par new generation   total 109248K, used 20217K [0x00000000e0000000, 0x00000000e8000000, 0x00000000e8000000)
  eden space 87424K,   0% used [0x00000000e0000000, 0x00000000e0000000, 0x00000000e5560000)
  from space 21824K,  92% used [0x00000000e5560000, 0x00000000e691e460, 0x00000000e6ab0000)
  to   space 21824K,   0% used [0x00000000e6ab0000, 0x00000000e6ab0000, 0x00000000e8000000)
 concurrent mark-sweep generation total 393216K, used 17163K [0x00000000e8000000, 0x0000000100000000, 0x0000000100000000)
 Metaspace       used 33866K, capacity 34400K, committed 34784K, reserved 1081344K
  class space    used 3620K, capacity 3782K, committed 3836K, reserved 1048576K
}
2017-03-31T04:14:32.546+0200: 993.587: Total time for which application threads were stopped: 0.0388967 seconds, Stopping threads took: 0.0000257 seconds
2017-03-31T04:14:32.612+0200: 993.653: Total time for which application threads were stopped: 0.0000729 seconds, Stopping threads took: 0.0000162 seconds
2017-03-31T04:14:32.626+0200: 993.667: Total time for which application threads were stopped: 0.0028422 seconds, Stopping threads took: 0.0027450 seconds
2017-03-31T04:14:32.628+0200: 993.669: Total time for which application threads were stopped: 0.0001106 seconds, Stopping threads took: 0.0000170 seconds
2017-03-31T04:14:32.655+0200: 993.696: Total time for which application threads were stopped: 0.0001064 seconds, Stopping threads took: 0.0000323 seconds
2017-03-31T04:14:32.656+0200: 993.697: Total time for which application threads were stopped: 0.0000795 seconds, Stopping threads took: 0.0000208 seconds
2017-03-31T04:14:32.656+0200: 993.697: Total time for which application threads were stopped: 0.0000461 seconds, Stopping threads took: 0.0000121 seconds
2017-03-31T04:14:32.656+0200: 993.697: Total time for which application threads were stopped: 0.0000426 seconds, Stopping threads took: 0.0000111 seconds
2017-03-31T04:14:32.656+0200: 993.697: Total time for which application threads were stopped: 0.0000418 seconds, Stopping threads took: 0.0000107 seconds
2017-03-31T04:14:32.656+0200: 993.697: Total time for which application threads were stopped: 0.0000913 seconds, Stopping threads took: 0.0000106 seconds
2017-03-31T04:14:32.656+0200: 993.697: Total time for which application threads were stopped: 0.0000459 seconds, Stopping threads took: 0.0000172 seconds
2017-03-31T04:14:33.192+0200: 994.233: Total time for which application threads were stopped: 0.0001014 seconds, Stopping threads took: 0.0000275 seconds
2017-03-31T04:14:33.192+0200: 994.233: Total time for which application threads were stopped: 0.0000495 seconds, Stopping threads took: 0.0000137 seconds
2017-03-31T04:14:33.276+0200: 994.316: Total time for which application threads were stopped: 0.0001440 seconds, Stopping threads took: 0.0000357 seconds
2017-03-31T04:14:33.298+0200: 994.339: Total time for which application threads were stopped: 0.0001024 seconds, Stopping threads took: 0.0000322 seconds
{Heap before GC invocations=46 (full 1):
 par new generation   total 109248K, used 107641K [0x00000000e0000000, 0x00000000e8000000, 0x00000000e8000000)
  eden space 87424K, 100% used [0x00000000e0000000, 0x00000000e5560000, 0x00000000e5560000)
  from space 21824K,  92% used [0x00000000e5560000, 0x00000000e691e460, 0x00000000e6ab0000)
  to   space 21824K,   0% used [0x00000000e6ab0000, 0x00000000e6ab0000, 0x00000000e8000000)
 concurrent mark-sweep generation total 393216K, used 17163K [0x00000000e8000000, 0x0000000100000000, 0x0000000100000000)
 Metaspace       used 33885K, capacity 34400K, committed 34784K, reserved 1081344K
  class space    used 3620K, capacity 3782K, committed 3836K, reserved 1048576K
2017-03-31T04:14:33.469+0200: 994.510: [GC (Allocation Failure) 2017-03-31T04:14:33.469+0200: 994.510: [ParNew
Desired survivor size 20112992 bytes, new threshold 8 (max 8)
- age   1:    4797720 bytes,    4797720 total
- age   2:    2848016 bytes,    7645736 total
- age   3:    4156112 bytes,   11801848 total
- age   4:     428368 bytes,   12230216 total
- age   5:     992936 bytes,   13223152 total
- age   6:     268776 bytes,   13491928 total
- age   7:     541904 bytes,   14033832 total
- age   8:     119848 bytes,   14153680 total
: 107641K->15851K(109248K), 0.0313924 secs] 124804K->33071K(502464K), 0.0314680 secs] [Times: user=0.02 sys=0.01, real=0.03 secs] 
Heap after GC invocations=47 (full 1):
 par new generation   total 109248K, used 15851K [0x00000000e0000000, 0x00000000e8000000, 0x00000000e8000000)
  eden space 87424K,   0% used [0x00000000e0000000, 0x00000000e0000000, 0x00000000e5560000)
  from space 21824K,  72% used [0x00000000e6ab0000, 0x00000000e7a2ae48, 0x00000000e8000000)
  to   space 21824K,   0% used [0x00000000e5560000, 0x00000000e5560000, 0x00000000e6ab0000)
 concurrent mark-sweep generation total 393216K, used 17220K [0x00000000e8000000, 0x0000000100000000, 0x0000000100000000)
 Metaspace       used 33885K, capacity 34400K, committed 34784K, reserved 1081344K
  class space    used 3620K, capacity 3782K, committed 3836K, reserved 1048576K
}
2017-03-31T04:14:33.500+0200: 994.541: Total time for which application threads were stopped: 0.0316138 seconds, Stopping threads took: 0.0000192 seconds
2017-03-31T04:14:33.502+0200: 994.543: Total time for which application threads were stopped: 0.0001298 seconds, Stopping threads took: 0.0000203 seconds
2017-03-31T04:14:34.502+0200: 995.543: Total time for which application threads were stopped: 0.0000994 seconds, Stopping threads took: 0.0000422 seconds
2017-03-31T04:14:35.044+0200: 996.085: Total time for which application threads were stopped: 0.0000939 seconds, Stopping threads took: 0.0000173 seconds
2017-03-31T04:14:35.124+0200: 996.164: Total time for which application threads were stopped: 0.0001569 seconds, Stopping threads took: 0.0000280 seconds
2017-03-31T04:14:35.124+0200: 996.165: Total time for which application threads were stopped: 0.0001158 seconds, Stopping threads took: 0.0000131 seconds
2017-03-31T04:14:35.134+0200: 996.175: Total time for which application threads were stopped: 0.0001281 seconds, Stopping threads took: 0.0000267 seconds
2017-03-31T04:14:35.134+0200: 996.175: Total time for which application threads were stopped: 0.0001022 seconds, Stopping threads took: 0.0000069 seconds
2017-03-31T04:14:35.136+0200: 996.177: Total time for which application threads were stopped: 0.0001109 seconds, Stopping threads took: 0.0000302 seconds
2017-03-31T04:14:35.136+0200: 996.177: Total time for which application threads were stopped: 0.0000762 seconds, Stopping threads took: 0.0000134 seconds
2017-03-31T04:14:35.136+0200: 996.177: Total time for which application threads were stopped: 0.0000520 seconds, Stopping threads took: 0.0000107 seconds
2017-03-31T04:14:35.136+0200: 996.177: Total time for which application threads were stopped: 0.0000412 seconds, Stopping threads took: 0.0000111 seconds
2017-03-31T04:14:35.138+0200: 996.179: Total time for which application threads were stopped: 0.0000689 seconds, Stopping threads took: 0.0000190 seconds
2017-03-31T04:14:35.139+0200: 996.180: Total time for which application threads were stopped: 0.0000785 seconds, Stopping threads took: 0.0000140 seconds
2017-03-31T04:14:35.139+0200: 996.180: Total time for which application threads were stopped: 0.0000398 seconds, Stopping threads took: 0.0000062 seconds
2017-03-31T04:14:35.144+0200: 996.185: Total time for which application threads were stopped: 0.0001478 seconds, Stopping threads took: 0.0000323 seconds
2017-03-31T04:14:35.376+0200: 996.417: Total time for which application threads were stopped: 0.0001867 seconds, Stopping threads took: 0.0000233 seconds
2017-03-31T04:14:35.376+0200: 996.417: Total time for which application threads were stopped: 0.0000529 seconds, Stopping threads took: 0.0000075 seconds
2017-03-31T04:14:35.380+0200: 996.421: Total time for which application threads were stopped: 0.0003196 seconds, Stopping threads took: 0.0002518 seconds
2017-03-31T04:15:25.954+0200: 1046.995: Total time for which application threads were stopped: 0.0004411 seconds, Stopping threads took: 0.0002353 seconds
2017-03-31T04:15:25.964+0200: 1047.005: Total time for which application threads were stopped: 0.0002954 seconds, Stopping threads took: 0.0000266 seconds
{Heap before GC invocations=47 (full 1):
 par new generation   total 109248K, used 103275K [0x00000000e0000000, 0x00000000e8000000, 0x00000000e8000000)
  eden space 87424K, 100% used [0x00000000e0000000, 0x00000000e5560000, 0x00000000e5560000)
  from space 21824K,  72% used [0x00000000e6ab0000, 0x00000000e7a2ae48, 0x00000000e8000000)
  to   space 21824K,   0% used [0x00000000e5560000, 0x00000000e5560000, 0x00000000e6ab0000)
 concurrent mark-sweep generation total 393216K, used 17220K [0x00000000e8000000, 0x0000000100000000, 0x0000000100000000)
 Metaspace       used 33897K, capacity 34404K, committed 34784K, reserved 1081344K
  class space    used 3620K, capacity 3782K, committed 3836K, reserved 1048576K
2017-03-31T04:15:26.030+0200: 1047.071: [GC (Allocation Failure) 2017-03-31T04:15:26.030+0200: 1047.071: [ParNew
Desired survivor size 20112992 bytes, new threshold 8 (max 8)
- age   1:    1157008 bytes,    1157008 total
- age   2:      50880 bytes,    1207888 total
- age   3:     175792 bytes,    1383680 total
- age   4:      90184 bytes,    1473864 total
- age   5:     110088 bytes,    1583952 total
- age   6:      25456 bytes,    1609408 total
- age   7:      41496 bytes,    1650904 total
- age   8:      41568 bytes,    1692472 total
: 103275K->11585K(109248K), 0.0300682 secs] 120495K->28842K(502464K), 0.0301261 secs] [Times: user=0.02 sys=0.00, real=0.02 secs] 
Heap after GC invocations=48 (full 1):
 par new generation   total 109248K, used 11585K [0x00000000e0000000, 0x00000000e8000000, 0x00000000e8000000)
  eden space 87424K,   0% used [0x00000000e0000000, 0x00000000e0000000, 0x00000000e5560000)
  from space 21824K,  53% used [0x00000000e5560000, 0x00000000e60b0760, 0x00000000e6ab0000)
  to   space 21824K,   0% used [0x00000000e6ab0000, 0x00000000e6ab0000, 0x00000000e8000000)
 concurrent mark-sweep generation total 393216K, used 17256K [0x00000000e8000000, 0x0000000100000000, 0x0000000100000000)
 Metaspace       used 33897K, capacity 34404K, committed 34784K, reserved 1081344K
  class space    used 3620K, capacity 3782K, committed 3836K, reserved 1048576K
}
2017-03-31T04:15:26.060+0200: 1047.101: Total time for which application threads were stopped: 0.0303452 seconds, Stopping threads took: 0.0000402 seconds
2017-03-31T04:30:53.699+0200: 1974.740: Total time for which application threads were stopped: 0.0000944 seconds, Stopping threads took: 0.0000266 seconds
2017-03-31T04:30:54.700+0200: 1975.741: Total time for which application threads were stopped: 0.0001316 seconds, Stopping threads took: 0.0000356 seconds
2017-03-31T04:31:34.729+0200: 2015.770: Total time for which application threads were stopped: 0.0001256 seconds, Stopping threads took: 0.0000466 seconds
2017-03-31T04:31:40.891+0200: 2021.932: Total time for which application threads were stopped: 0.0006229 seconds, Stopping threads took: 0.0000509 seconds
2017-03-31T04:31:40.917+0200: 2021.958: Total time for which application threads were stopped: 0.0002695 seconds, Stopping threads took: 0.0000617 seconds
2017-03-31T04:31:41.918+0200: 2022.958: Total time for which application threads were stopped: 0.0001058 seconds, Stopping threads took: 0.0000290 seconds
2017-03-31T04:31:41.931+0200: 2022.972: Total time for which application threads were stopped: 0.0000607 seconds, Stopping threads took: 0.0000152 seconds
2017-03-31T04:31:41.931+0200: 2022.972: Total time for which application threads were stopped: 0.0000420 seconds, Stopping threads took: 0.0000104 seconds
2017-03-31T04:31:41.932+0200: 2022.973: Total time for which application threads were stopped: 0.0001061 seconds, Stopping threads took: 0.0000334 seconds
2017-03-31T04:31:41.934+0200: 2022.975: Total time for which application threads were stopped: 0.0000726 seconds, Stopping threads took: 0.0000231 seconds
2017-03-31T04:31:41.934+0200: 2022.975: Total time for which application threads were stopped: 0.0000342 seconds, Stopping threads took: 0.0000119 seconds
2017-03-31T04:31:41.934+0200: 2022.975: Total time for which application threads were stopped: 0.0000346 seconds, Stopping threads took: 0.0000115 seconds
2017-03-31T04:31:41.938+0200: 2022.979: Total time for which application threads were stopped: 0.0001732 seconds, Stopping threads took: 0.0000214 seconds
2017-03-31T04:31:41.938+0200: 2022.979: Total time for which application threads were stopped: 0.0000742 seconds, Stopping threads took: 0.0000213 seconds
2017-03-31T04:31:41.961+0200: 2023.002: Total time for which application threads were stopped: 0.0000828 seconds, Stopping threads took: 0.0000274 seconds
2017-03-31T04:31:41.967+0200: 2023.008: Total time for which application threads were stopped: 0.0001468 seconds, Stopping threads took: 0.0000636 seconds
2017-03-31T04:31:41.968+0200: 2023.008: Total time for which application threads were stopped: 0.0003095 seconds, Stopping threads took: 0.0002506 seconds
Heap
 par new generation   total 109248K, used 25652K [0x00000000e0000000, 0x00000000e8000000, 0x00000000e8000000)
  eden space 87424K,  16% used [0x00000000e0000000, 0x00000000e0dbc970, 0x00000000e5560000)
  from space 21824K,  53% used [0x00000000e5560000, 0x00000000e60b0760, 0x00000000e6ab0000)
  to   space 21824K,   0% used [0x00000000e6ab0000, 0x00000000e6ab0000, 0x00000000e8000000)
 concurrent mark-sweep generation total 393216K, used 17256K [0x00000000e8000000, 0x0000000100000000, 0x0000000100000000)
 Metaspace       used 33972K, capacity 34532K, committed 34784K, reserved 1081344K
  class space    used 3629K, capacity 3782K, committed 3836K, reserved 1048576K
